2019/12/03 21:04:24 Registering 1 clients
2019/12/03 21:04:24 Registering 1 informer factories
2019/12/03 21:04:24 Registering 0 informers
{"level":"info","ts":"2019-12-03T21:04:24.980Z","caller":"logging/config.go:108","msg":"Successfully created the logger."}
{"level":"info","ts":"2019-12-03T21:04:24.981Z","caller":"logging/config.go:109","msg":"Logging level set to info"}
{"level":"info","ts":"2019-12-03T21:04:24.981Z","logger":"broker_ingress","caller":"ingress/main.go:105","msg":"Starting the Broker Ingress","commit":"7655d9c"}
{"level":"info","ts":"2019-12-03T21:04:24.992Z","logger":"broker_ingress","caller":"metrics/exporter.go:94","msg":"Flushing the existing exporter before setting up the new exporter.","commit":"7655d9c"}
{"level":"info","ts":"2019-12-03T21:04:24.993Z","logger":"broker_ingress","caller":"metrics/prometheus_exporter.go:37","msg":"Created Opencensus Prometheus exporter with config: &{knative.dev/internal/eventing broker_ingress prometheus 5000000000 <nil> 9090 false   {   false}}. Start the server for Prometheus exporter.","commit":"7655d9c"}
{"level":"info","ts":"2019-12-03T21:04:24.994Z","logger":"broker_ingress","caller":"metrics/exporter.go:103","msg":"Successfully updated the metrics exporter; old config: <nil>; new config &{knative.dev/internal/eventing broker_ingress prometheus 5000000000 <nil> 9090 false   {   false}}","commit":"7655d9c"}
{"level":"info","ts":"2019-12-03T21:04:24.994Z","logger":"broker_ingress","caller":"configmap/store.go:157","msg":"tracing-config config \"config-tracing\" config was added or updated: &config.Config{Backend:\"none\", ZipkinEndpoint:\"\", StackdriverProjectID:\"\", Debug:false, SampleRate:0.1}","commit":"7655d9c"}
{"level":"info","ts":"2019-12-03T21:04:25.085Z","logger":"broker_ingress","caller":"ingress/main.go:171","msg":"Starting informers.","commit":"7655d9c"}
{"level":"info","ts":"2019-12-03T21:04:25.091Z","logger":"broker_ingress","caller":"ingress/ingress_handler.go:120","msg":"Error retrieving TTL, defaulting.","commit":"7655d9c","error":"\"knativebrokerttl\" not found"}
{"level":"info","ts":"2019-12-03T21:04:25.093Z","logger":"broker_ingress","caller":"ingress/ingress_handler.go:120","msg":"Error retrieving TTL, defaulting.","commit":"7655d9c","error":"\"knativebrokerttl\" not found"}
{"level":"info","ts":"2019-12-03T21:04:25.093Z","logger":"broker_ingress","caller":"ingress/ingress_handler.go:120","msg":"Error retrieving TTL, defaulting.","commit":"7655d9c","error":"\"knativebrokerttl\" not found"}
{"level":"info","ts":"2019-12-03T21:04:25.094Z","logger":"broker_ingress","caller":"ingress/ingress_handler.go:120","msg":"Error retrieving TTL, defaulting.","commit":"7655d9c","error":"\"knativebrokerttl\" not found"}
{"level":"info","ts":"2019-12-03T21:04:25.096Z","logger":"broker_ingress","caller":"ingress/ingress_handler.go:120","msg":"Error retrieving TTL, defaulting.","commit":"7655d9c","error":"\"knativebrokerttl\" not found"}
{"level":"info","ts":"2019-12-03T21:04:25.097Z","logger":"broker_ingress","caller":"ingress/ingress_handler.go:120","msg":"Error retrieving TTL, defaulting.","commit":"7655d9c","error":"\"knativebrokerttl\" not found"}
{"level":"info","ts":"2019-12-03T21:04:25.098Z","logger":"broker_ingress","caller":"ingress/ingress_handler.go:120","msg":"Error retrieving TTL, defaulting.","commit":"7655d9c","error":"\"knativebrokerttl\" not found"}
{"level":"info","ts":"2019-12-03T21:04:25.098Z","logger":"broker_ingress","caller":"ingress/ingress_handler.go:120","msg":"Error retrieving TTL, defaulting.","commit":"7655d9c","error":"\"knativebrokerttl\" not found"}
{"level":"info","ts":"2019-12-03T21:04:25.098Z","logger":"broker_ingress","caller":"ingress/ingress_handler.go:120","msg":"Error retrieving TTL, defaulting.","commit":"7655d9c","error":"\"knativebrokerttl\" not found"}
{"level":"info","ts":"2019-12-03T21:04:25.098Z","logger":"broker_ingress","caller":"ingress/ingress_handler.go:120","msg":"Error retrieving TTL, defaulting.","commit":"7655d9c","error":"\"knativebrokerttl\" not found"}
{"level":"info","ts":"2019-12-03T21:04:25.099Z","logger":"broker_ingress","caller":"ingress/ingress_handler.go:120","msg":"Error retrieving TTL, defaulting.","commit":"7655d9c","error":"\"knativebrokerttl\" not found"}
{"level":"info","ts":"2019-12-03T21:04:25.104Z","logger":"broker_ingress","caller":"ingress/ingress_handler.go:120","msg":"Error retrieving TTL, defaulting.","commit":"7655d9c","error":"\"knativebrokerttl\" not found"}
{"level":"info","ts":"2019-12-03T21:04:25.104Z","logger":"broker_ingress","caller":"ingress/ingress_handler.go:120","msg":"Error retrieving TTL, defaulting.","commit":"7655d9c","error":"\"knativebrokerttl\" not found"}
{"level":"info","ts":"2019-12-03T21:04:25.114Z","logger":"broker_ingress","caller":"ingress/ingress_handler.go:120","msg":"Error retrieving TTL, defaulting.","commit":"7655d9c","error":"\"knativebrokerttl\" not found"}
{"level":"info","ts":"2019-12-03T21:04:25.115Z","logger":"broker_ingress","caller":"ingress/ingress_handler.go:120","msg":"Error retrieving TTL, defaulting.","commit":"7655d9c","error":"\"knativebrokerttl\" not found"}
{"level":"info","ts":"2019-12-03T21:04:25.115Z","logger":"broker_ingress","caller":"ingress/ingress_handler.go:120","msg":"Error retrieving TTL, defaulting.","commit":"7655d9c","error":"\"knativebrokerttl\" not found"}
{"level":"info","ts":"2019-12-03T21:04:25.115Z","logger":"broker_ingress","caller":"ingress/ingress_handler.go:120","msg":"Error retrieving TTL, defaulting.","commit":"7655d9c","error":"\"knativebrokerttl\" not found"}
{"level":"info","ts":"2019-12-03T21:04:25.115Z","logger":"broker_ingress","caller":"ingress/ingress_handler.go:120","msg":"Error retrieving TTL, defaulting.","commit":"7655d9c","error":"\"knativebrokerttl\" not found"}
{"level":"info","ts":"2019-12-03T21:04:25.115Z","logger":"broker_ingress","caller":"ingress/ingress_handler.go:120","msg":"Error retrieving TTL, defaulting.","commit":"7655d9c","error":"\"knativebrokerttl\" not found"}
{"level":"info","ts":"2019-12-03T21:04:25.115Z","logger":"broker_ingress","caller":"ingress/ingress_handler.go:120","msg":"Error retrieving TTL, defaulting.","commit":"7655d9c","error":"\"knativebrokerttl\" not found"}
{"level":"info","ts":"2019-12-03T21:04:25.116Z","logger":"broker_ingress","caller":"ingress/ingress_handler.go:120","msg":"Error retrieving TTL, defaulting.","commit":"7655d9c","error":"\"knativebrokerttl\" not found"}
{"level":"info","ts":"2019-12-03T21:04:25.116Z","logger":"broker_ingress","caller":"ingress/ingress_handler.go:120","msg":"Error retrieving TTL, defaulting.","commit":"7655d9c","error":"\"knativebrokerttl\" not found"}
{"level":"info","ts":"2019-12-03T21:04:25.116Z","logger":"broker_ingress","caller":"ingress/ingress_handler.go:120","msg":"Error retrieving TTL, defaulting.","commit":"7655d9c","error":"\"knativebrokerttl\" not found"}
{"level":"info","ts":"2019-12-03T21:04:25.116Z","logger":"broker_ingress","caller":"ingress/ingress_handler.go:120","msg":"Error retrieving TTL, defaulting.","commit":"7655d9c","error":"\"knativebrokerttl\" not found"}
{"level":"info","ts":"2019-12-03T21:04:25.116Z","logger":"broker_ingress","caller":"ingress/ingress_handler.go:120","msg":"Error retrieving TTL, defaulting.","commit":"7655d9c","error":"\"knativebrokerttl\" not found"}
{"level":"info","ts":"2019-12-03T21:04:25.117Z","logger":"broker_ingress","caller":"ingress/ingress_handler.go:120","msg":"Error retrieving TTL, defaulting.","commit":"7655d9c","error":"\"knativebrokerttl\" not found"}
{"level":"info","ts":"2019-12-03T21:04:25.117Z","logger":"broker_ingress","caller":"ingress/ingress_handler.go:120","msg":"Error retrieving TTL, defaulting.","commit":"7655d9c","error":"\"knativebrokerttl\" not found"}
{"level":"info","ts":"2019-12-03T21:04:25.117Z","logger":"broker_ingress","caller":"ingress/ingress_handler.go:120","msg":"Error retrieving TTL, defaulting.","commit":"7655d9c","error":"\"knativebrokerttl\" not found"}
{"level":"info","ts":"2019-12-03T21:04:25.117Z","logger":"broker_ingress","caller":"ingress/ingress_handler.go:120","msg":"Error retrieving TTL, defaulting.","commit":"7655d9c","error":"\"knativebrokerttl\" not found"}
{"level":"info","ts":"2019-12-03T21:04:25.117Z","logger":"broker_ingress","caller":"ingress/ingress_handler.go:120","msg":"Error retrieving TTL, defaulting.","commit":"7655d9c","error":"\"knativebrokerttl\" not found"}
{"level":"info","ts":"2019-12-03T21:04:25.117Z","logger":"broker_ingress","caller":"ingress/ingress_handler.go:120","msg":"Error retrieving TTL, defaulting.","commit":"7655d9c","error":"\"knativebrokerttl\" not found"}
{"level":"info","ts":"2019-12-03T21:04:25.118Z","logger":"broker_ingress","caller":"ingress/ingress_handler.go:120","msg":"Error retrieving TTL, defaulting.","commit":"7655d9c","error":"\"knativebrokerttl\" not found"}
{"level":"info","ts":"2019-12-03T21:04:25.118Z","logger":"broker_ingress","caller":"ingress/ingress_handler.go:120","msg":"Error retrieving TTL, defaulting.","commit":"7655d9c","error":"\"knativebrokerttl\" not found"}
{"level":"info","ts":"2019-12-03T21:04:25.118Z","logger":"broker_ingress","caller":"ingress/ingress_handler.go:120","msg":"Error retrieving TTL, defaulting.","commit":"7655d9c","error":"\"knativebrokerttl\" not found"}
{"level":"info","ts":"2019-12-03T21:04:25.118Z","logger":"broker_ingress","caller":"ingress/ingress_handler.go:120","msg":"Error retrieving TTL, defaulting.","commit":"7655d9c","error":"\"knativebrokerttl\" not found"}
{"level":"info","ts":"2019-12-03T21:04:25.118Z","logger":"broker_ingress","caller":"ingress/ingress_handler.go:120","msg":"Error retrieving TTL, defaulting.","commit":"7655d9c","error":"\"knativebrokerttl\" not found"}
{"level":"info","ts":"2019-12-03T21:04:25.119Z","logger":"broker_ingress","caller":"ingress/ingress_handler.go:120","msg":"Error retrieving TTL, defaulting.","commit":"7655d9c","error":"\"knativebrokerttl\" not found"}
{"level":"info","ts":"2019-12-03T21:04:25.119Z","logger":"broker_ingress","caller":"ingress/ingress_handler.go:120","msg":"Error retrieving TTL, defaulting.","commit":"7655d9c","error":"\"knativebrokerttl\" not found"}
{"level":"info","ts":"2019-12-03T21:04:25.119Z","logger":"broker_ingress","caller":"ingress/ingress_handler.go:120","msg":"Error retrieving TTL, defaulting.","commit":"7655d9c","error":"\"knativebrokerttl\" not found"}
{"level":"info","ts":"2019-12-03T21:04:25.119Z","logger":"broker_ingress","caller":"ingress/ingress_handler.go:120","msg":"Error retrieving TTL, defaulting.","commit":"7655d9c","error":"\"knativebrokerttl\" not found"}
{"level":"info","ts":"2019-12-03T21:04:25.119Z","logger":"broker_ingress","caller":"ingress/ingress_handler.go:120","msg":"Error retrieving TTL, defaulting.","commit":"7655d9c","error":"\"knativebrokerttl\" not found"}
{"level":"info","ts":"2019-12-03T21:04:25.119Z","logger":"broker_ingress","caller":"ingress/ingress_handler.go:120","msg":"Error retrieving TTL, defaulting.","commit":"7655d9c","error":"\"knativebrokerttl\" not found"}
{"level":"info","ts":"2019-12-03T21:04:25.120Z","logger":"broker_ingress","caller":"ingress/ingress_handler.go:120","msg":"Error retrieving TTL, defaulting.","commit":"7655d9c","error":"\"knativebrokerttl\" not found"}
{"level":"info","ts":"2019-12-03T21:04:25.120Z","logger":"broker_ingress","caller":"ingress/ingress_handler.go:120","msg":"Error retrieving TTL, defaulting.","commit":"7655d9c","error":"\"knativebrokerttl\" not found"}
{"level":"info","ts":"2019-12-03T21:04:25.120Z","logger":"broker_ingress","caller":"ingress/ingress_handler.go:120","msg":"Error retrieving TTL, defaulting.","commit":"7655d9c","error":"\"knativebrokerttl\" not found"}
{"level":"info","ts":"2019-12-03T21:04:25.121Z","logger":"broker_ingress","caller":"ingress/ingress_handler.go:120","msg":"Error retrieving TTL, defaulting.","commit":"7655d9c","error":"\"knativebrokerttl\" not found"}
{"level":"info","ts":"2019-12-03T21:04:25.121Z","logger":"broker_ingress","caller":"ingress/ingress_handler.go:120","msg":"Error retrieving TTL, defaulting.","commit":"7655d9c","error":"\"knativebrokerttl\" not found"}
{"level":"info","ts":"2019-12-03T21:04:25.121Z","logger":"broker_ingress","caller":"ingress/ingress_handler.go:120","msg":"Error retrieving TTL, defaulting.","commit":"7655d9c","error":"\"knativebrokerttl\" not found"}
{"level":"info","ts":"2019-12-03T21:04:25.122Z","logger":"broker_ingress","caller":"ingress/ingress_handler.go:120","msg":"Error retrieving TTL, defaulting.","commit":"7655d9c","error":"\"knativebrokerttl\" not found"}
{"level":"info","ts":"2019-12-03T21:04:25.122Z","logger":"broker_ingress","caller":"ingress/ingress_handler.go:120","msg":"Error retrieving TTL, defaulting.","commit":"7655d9c","error":"\"knativebrokerttl\" not found"}
{"level":"info","ts":"2019-12-03T21:04:25.122Z","logger":"broker_ingress","caller":"ingress/ingress_handler.go:120","msg":"Error retrieving TTL, defaulting.","commit":"7655d9c","error":"\"knativebrokerttl\" not found"}
{"level":"info","ts":"2019-12-03T21:04:25.123Z","logger":"broker_ingress","caller":"ingress/ingress_handler.go:120","msg":"Error retrieving TTL, defaulting.","commit":"7655d9c","error":"\"knativebrokerttl\" not found"}
{"level":"info","ts":"2019-12-03T21:04:25.123Z","logger":"broker_ingress","caller":"ingress/ingress_handler.go:120","msg":"Error retrieving TTL, defaulting.","commit":"7655d9c","error":"\"knativebrokerttl\" not found"}
{"level":"info","ts":"2019-12-03T21:04:25.123Z","logger":"broker_ingress","caller":"ingress/ingress_handler.go:120","msg":"Error retrieving TTL, defaulting.","commit":"7655d9c","error":"\"knativebrokerttl\" not found"}
{"level":"info","ts":"2019-12-03T21:04:25.123Z","logger":"broker_ingress","caller":"ingress/ingress_handler.go:120","msg":"Error retrieving TTL, defaulting.","commit":"7655d9c","error":"\"knativebrokerttl\" not found"}
{"level":"info","ts":"2019-12-03T21:04:25.124Z","logger":"broker_ingress","caller":"ingress/ingress_handler.go:120","msg":"Error retrieving TTL, defaulting.","commit":"7655d9c","error":"\"knativebrokerttl\" not found"}
{"level":"info","ts":"2019-12-03T21:04:25.130Z","logger":"broker_ingress","caller":"ingress/ingress_handler.go:120","msg":"Error retrieving TTL, defaulting.","commit":"7655d9c","error":"\"knativebrokerttl\" not found"}
{"level":"info","ts":"2019-12-03T21:04:25.130Z","logger":"broker_ingress","caller":"ingress/ingress_handler.go:120","msg":"Error retrieving TTL, defaulting.","commit":"7655d9c","error":"\"knativebrokerttl\" not found"}
{"level":"info","ts":"2019-12-03T21:04:25.130Z","logger":"broker_ingress","caller":"ingress/ingress_handler.go:120","msg":"Error retrieving TTL, defaulting.","commit":"7655d9c","error":"\"knativebrokerttl\" not found"}
{"level":"info","ts":"2019-12-03T21:04:25.132Z","logger":"broker_ingress","caller":"ingress/ingress_handler.go:120","msg":"Error retrieving TTL, defaulting.","commit":"7655d9c","error":"\"knativebrokerttl\" not found"}
{"level":"info","ts":"2019-12-03T21:04:25.132Z","logger":"broker_ingress","caller":"ingress/ingress_handler.go:120","msg":"Error retrieving TTL, defaulting.","commit":"7655d9c","error":"\"knativebrokerttl\" not found"}
{"level":"info","ts":"2019-12-03T21:04:25.132Z","logger":"broker_ingress","caller":"ingress/ingress_handler.go:120","msg":"Error retrieving TTL, defaulting.","commit":"7655d9c","error":"\"knativebrokerttl\" not found"}
{"level":"info","ts":"2019-12-03T21:04:25.133Z","logger":"broker_ingress","caller":"ingress/ingress_handler.go:120","msg":"Error retrieving TTL, defaulting.","commit":"7655d9c","error":"\"knativebrokerttl\" not found"}
{"level":"info","ts":"2019-12-03T21:04:25.133Z","logger":"broker_ingress","caller":"ingress/ingress_handler.go:120","msg":"Error retrieving TTL, defaulting.","commit":"7655d9c","error":"\"knativebrokerttl\" not found"}
{"level":"info","ts":"2019-12-03T21:04:25.134Z","logger":"broker_ingress","caller":"ingress/ingress_handler.go:120","msg":"Error retrieving TTL, defaulting.","commit":"7655d9c","error":"\"knativebrokerttl\" not found"}
{"level":"info","ts":"2019-12-03T21:04:25.135Z","logger":"broker_ingress","caller":"ingress/ingress_handler.go:120","msg":"Error retrieving TTL, defaulting.","commit":"7655d9c","error":"\"knativebrokerttl\" not found"}
{"level":"info","ts":"2019-12-03T21:04:25.135Z","logger":"broker_ingress","caller":"ingress/ingress_handler.go:120","msg":"Error retrieving TTL, defaulting.","commit":"7655d9c","error":"\"knativebrokerttl\" not found"}
{"level":"info","ts":"2019-12-03T21:04:25.135Z","logger":"broker_ingress","caller":"ingress/ingress_handler.go:120","msg":"Error retrieving TTL, defaulting.","commit":"7655d9c","error":"\"knativebrokerttl\" not found"}
{"level":"info","ts":"2019-12-03T21:04:25.136Z","logger":"broker_ingress","caller":"ingress/ingress_handler.go:120","msg":"Error retrieving TTL, defaulting.","commit":"7655d9c","error":"\"knativebrokerttl\" not found"}
{"level":"info","ts":"2019-12-03T21:04:25.137Z","logger":"broker_ingress","caller":"ingress/ingress_handler.go:120","msg":"Error retrieving TTL, defaulting.","commit":"7655d9c","error":"\"knativebrokerttl\" not found"}
{"level":"info","ts":"2019-12-03T21:04:25.137Z","logger":"broker_ingress","caller":"ingress/ingress_handler.go:120","msg":"Error retrieving TTL, defaulting.","commit":"7655d9c","error":"\"knativebrokerttl\" not found"}
{"level":"info","ts":"2019-12-03T21:04:25.138Z","logger":"broker_ingress","caller":"ingress/ingress_handler.go:120","msg":"Error retrieving TTL, defaulting.","commit":"7655d9c","error":"\"knativebrokerttl\" not found"}
{"level":"info","ts":"2019-12-03T21:04:25.139Z","logger":"broker_ingress","caller":"ingress/ingress_handler.go:120","msg":"Error retrieving TTL, defaulting.","commit":"7655d9c","error":"\"knativebrokerttl\" not found"}
{"level":"info","ts":"2019-12-03T21:04:25.139Z","logger":"broker_ingress","caller":"ingress/ingress_handler.go:120","msg":"Error retrieving TTL, defaulting.","commit":"7655d9c","error":"\"knativebrokerttl\" not found"}
{"level":"info","ts":"2019-12-03T21:04:25.140Z","logger":"broker_ingress","caller":"ingress/ingress_handler.go:120","msg":"Error retrieving TTL, defaulting.","commit":"7655d9c","error":"\"knativebrokerttl\" not found"}
{"level":"info","ts":"2019-12-03T21:04:25.140Z","logger":"broker_ingress","caller":"ingress/ingress_handler.go:120","msg":"Error retrieving TTL, defaulting.","commit":"7655d9c","error":"\"knativebrokerttl\" not found"}
{"level":"info","ts":"2019-12-03T21:04:25.140Z","logger":"broker_ingress","caller":"ingress/ingress_handler.go:120","msg":"Error retrieving TTL, defaulting.","commit":"7655d9c","error":"\"knativebrokerttl\" not found"}
{"level":"info","ts":"2019-12-03T21:04:25.142Z","logger":"broker_ingress","caller":"ingress/ingress_handler.go:120","msg":"Error retrieving TTL, defaulting.","commit":"7655d9c","error":"\"knativebrokerttl\" not found"}
{"level":"info","ts":"2019-12-03T21:04:25.142Z","logger":"broker_ingress","caller":"ingress/ingress_handler.go:120","msg":"Error retrieving TTL, defaulting.","commit":"7655d9c","error":"\"knativebrokerttl\" not found"}
{"level":"info","ts":"2019-12-03T21:04:25.143Z","logger":"broker_ingress","caller":"ingress/ingress_handler.go:120","msg":"Error retrieving TTL, defaulting.","commit":"7655d9c","error":"\"knativebrokerttl\" not found"}
{"level":"info","ts":"2019-12-03T21:04:25.142Z","logger":"broker_ingress","caller":"ingress/ingress_handler.go:120","msg":"Error retrieving TTL, defaulting.","commit":"7655d9c","error":"\"knativebrokerttl\" not found"}
{"level":"info","ts":"2019-12-03T21:04:25.141Z","logger":"broker_ingress","caller":"ingress/ingress_handler.go:120","msg":"Error retrieving TTL, defaulting.","commit":"7655d9c","error":"\"knativebrokerttl\" not found"}
{"level":"info","ts":"2019-12-03T21:04:25.146Z","logger":"broker_ingress","caller":"ingress/ingress_handler.go:120","msg":"Error retrieving TTL, defaulting.","commit":"7655d9c","error":"\"knativebrokerttl\" not found"}
{"level":"info","ts":"2019-12-03T21:04:25.146Z","logger":"broker_ingress","caller":"ingress/ingress_handler.go:120","msg":"Error retrieving TTL, defaulting.","commit":"7655d9c","error":"\"knativebrokerttl\" not found"}
{"level":"info","ts":"2019-12-03T21:04:25.147Z","logger":"broker_ingress","caller":"ingress/ingress_handler.go:120","msg":"Error retrieving TTL, defaulting.","commit":"7655d9c","error":"\"knativebrokerttl\" not found"}
{"level":"info","ts":"2019-12-03T21:04:25.147Z","logger":"broker_ingress","caller":"ingress/ingress_handler.go:120","msg":"Error retrieving TTL, defaulting.","commit":"7655d9c","error":"\"knativebrokerttl\" not found"}
{"level":"info","ts":"2019-12-03T21:04:25.147Z","logger":"broker_ingress","caller":"ingress/ingress_handler.go:120","msg":"Error retrieving TTL, defaulting.","commit":"7655d9c","error":"\"knativebrokerttl\" not found"}
{"level":"info","ts":"2019-12-03T21:04:25.145Z","logger":"broker_ingress","caller":"ingress/ingress_handler.go:120","msg":"Error retrieving TTL, defaulting.","commit":"7655d9c","error":"\"knativebrokerttl\" not found"}
{"level":"info","ts":"2019-12-03T21:04:25.210Z","logger":"broker_ingress","caller":"ingress/ingress_handler.go:120","msg":"Error retrieving TTL, defaulting.","commit":"7655d9c","error":"\"knativebrokerttl\" not found"}
{"level":"info","ts":"2019-12-03T21:04:25.212Z","logger":"broker_ingress","caller":"ingress/ingress_handler.go:120","msg":"Error retrieving TTL, defaulting.","commit":"7655d9c","error":"\"knativebrokerttl\" not found"}
{"level":"info","ts":"2019-12-03T21:04:25.213Z","logger":"broker_ingress","caller":"ingress/ingress_handler.go:120","msg":"Error retrieving TTL, defaulting.","commit":"7655d9c","error":"\"knativebrokerttl\" not found"}
{"level":"info","ts":"2019-12-03T21:04:25.215Z","logger":"broker_ingress","caller":"ingress/ingress_handler.go:120","msg":"Error retrieving TTL, defaulting.","commit":"7655d9c","error":"\"knativebrokerttl\" not found"}
{"level":"info","ts":"2019-12-03T21:04:25.214Z","logger":"broker_ingress","caller":"ingress/ingress_handler.go:120","msg":"Error retrieving TTL, defaulting.","commit":"7655d9c","error":"\"knativebrokerttl\" not found"}
{"level":"info","ts":"2019-12-03T21:04:25.217Z","logger":"broker_ingress","caller":"ingress/ingress_handler.go:120","msg":"Error retrieving TTL, defaulting.","commit":"7655d9c","error":"\"knativebrokerttl\" not found"}
{"level":"info","ts":"2019-12-03T21:04:25.218Z","logger":"broker_ingress","caller":"ingress/ingress_handler.go:120","msg":"Error retrieving TTL, defaulting.","commit":"7655d9c","error":"\"knativebrokerttl\" not found"}
{"level":"info","ts":"2019-12-03T21:04:25.218Z","logger":"broker_ingress","caller":"ingress/ingress_handler.go:120","msg":"Error retrieving TTL, defaulting.","commit":"7655d9c","error":"\"knativebrokerttl\" not found"}
{"level":"info","ts":"2019-12-03T21:04:25.219Z","logger":"broker_ingress","caller":"ingress/ingress_handler.go:120","msg":"Error retrieving TTL, defaulting.","commit":"7655d9c","error":"\"knativebrokerttl\" not found"}
{"level":"info","ts":"2019-12-03T21:04:25.221Z","logger":"broker_ingress","caller":"ingress/ingress_handler.go:120","msg":"Error retrieving TTL, defaulting.","commit":"7655d9c","error":"\"knativebrokerttl\" not found"}
{"level":"info","ts":"2019-12-03T21:04:25.229Z","logger":"broker_ingress","caller":"ingress/ingress_handler.go:120","msg":"Error retrieving TTL, defaulting.","commit":"7655d9c","error":"\"knativebrokerttl\" not found"}
{"level":"info","ts":"2019-12-03T21:04:25.229Z","logger":"broker_ingress","caller":"ingress/ingress_handler.go:120","msg":"Error retrieving TTL, defaulting.","commit":"7655d9c","error":"\"knativebrokerttl\" not found"}
{"level":"info","ts":"2019-12-03T21:04:25.221Z","logger":"broker_ingress","caller":"ingress/ingress_handler.go:120","msg":"Error retrieving TTL, defaulting.","commit":"7655d9c","error":"\"knativebrokerttl\" not found"}
{"level":"info","ts":"2019-12-03T21:04:25.237Z","logger":"broker_ingress","caller":"ingress/ingress_handler.go:120","msg":"Error retrieving TTL, defaulting.","commit":"7655d9c","error":"\"knativebrokerttl\" not found"}
{"level":"info","ts":"2019-12-03T21:04:25.230Z","logger":"broker_ingress","caller":"ingress/ingress_handler.go:120","msg":"Error retrieving TTL, defaulting.","commit":"7655d9c","error":"\"knativebrokerttl\" not found"}
{"level":"info","ts":"2019-12-03T21:04:25.222Z","logger":"broker_ingress","caller":"ingress/ingress_handler.go:120","msg":"Error retrieving TTL, defaulting.","commit":"7655d9c","error":"\"knativebrokerttl\" not found"}
{"level":"info","ts":"2019-12-03T21:04:25.242Z","logger":"broker_ingress","caller":"ingress/ingress_handler.go:120","msg":"Error retrieving TTL, defaulting.","commit":"7655d9c","error":"\"knativebrokerttl\" not found"}
{"level":"info","ts":"2019-12-03T21:04:25.222Z","logger":"broker_ingress","caller":"ingress/ingress_handler.go:120","msg":"Error retrieving TTL, defaulting.","commit":"7655d9c","error":"\"knativebrokerttl\" not found"}
{"level":"info","ts":"2019-12-03T21:04:25.243Z","logger":"broker_ingress","caller":"ingress/ingress_handler.go:120","msg":"Error retrieving TTL, defaulting.","commit":"7655d9c","error":"\"knativebrokerttl\" not found"}
{"level":"info","ts":"2019-12-03T21:04:25.223Z","logger":"broker_ingress","caller":"ingress/ingress_handler.go:120","msg":"Error retrieving TTL, defaulting.","commit":"7655d9c","error":"\"knativebrokerttl\" not found"}
{"level":"info","ts":"2019-12-03T21:04:25.231Z","logger":"broker_ingress","caller":"ingress/ingress_handler.go:120","msg":"Error retrieving TTL, defaulting.","commit":"7655d9c","error":"\"knativebrokerttl\" not found"}
{"level":"info","ts":"2019-12-03T21:04:25.233Z","logger":"broker_ingress","caller":"ingress/ingress_handler.go:120","msg":"Error retrieving TTL, defaulting.","commit":"7655d9c","error":"\"knativebrokerttl\" not found"}
{"level":"info","ts":"2019-12-03T21:04:25.233Z","logger":"broker_ingress","caller":"ingress/ingress_handler.go:120","msg":"Error retrieving TTL, defaulting.","commit":"7655d9c","error":"\"knativebrokerttl\" not found"}
{"level":"info","ts":"2019-12-03T21:04:25.234Z","logger":"broker_ingress","caller":"ingress/ingress_handler.go:120","msg":"Error retrieving TTL, defaulting.","commit":"7655d9c","error":"\"knativebrokerttl\" not found"}
{"level":"info","ts":"2019-12-03T21:04:25.234Z","logger":"broker_ingress","caller":"ingress/ingress_handler.go:120","msg":"Error retrieving TTL, defaulting.","commit":"7655d9c","error":"\"knativebrokerttl\" not found"}
{"level":"info","ts":"2019-12-03T21:04:25.234Z","logger":"broker_ingress","caller":"ingress/ingress_handler.go:120","msg":"Error retrieving TTL, defaulting.","commit":"7655d9c","error":"\"knativebrokerttl\" not found"}
{"level":"info","ts":"2019-12-03T21:04:25.217Z","logger":"broker_ingress","caller":"ingress/ingress_handler.go:120","msg":"Error retrieving TTL, defaulting.","commit":"7655d9c","error":"\"knativebrokerttl\" not found"}
{"level":"info","ts":"2019-12-03T21:04:25.230Z","logger":"broker_ingress","caller":"ingress/ingress_handler.go:120","msg":"Error retrieving TTL, defaulting.","commit":"7655d9c","error":"\"knativebrokerttl\" not found"}
{"level":"info","ts":"2019-12-03T21:04:25.198Z","logger":"broker_ingress","caller":"ingress/ingress_handler.go:120","msg":"Error retrieving TTL, defaulting.","commit":"7655d9c","error":"\"knativebrokerttl\" not found"}
{"level":"info","ts":"2019-12-03T21:04:25.198Z","logger":"broker_ingress","caller":"ingress/ingress_handler.go:120","msg":"Error retrieving TTL, defaulting.","commit":"7655d9c","error":"\"knativebrokerttl\" not found"}
{"level":"info","ts":"2019-12-03T21:04:25.249Z","logger":"broker_ingress","caller":"ingress/ingress_handler.go:120","msg":"Error retrieving TTL, defaulting.","commit":"7655d9c","error":"\"knativebrokerttl\" not found"}
{"level":"info","ts":"2019-12-03T21:04:25.167Z","logger":"broker_ingress","caller":"ingress/ingress_handler.go:120","msg":"Error retrieving TTL, defaulting.","commit":"7655d9c","error":"\"knativebrokerttl\" not found"}
{"level":"info","ts":"2019-12-03T21:04:25.167Z","logger":"broker_ingress","caller":"ingress/ingress_handler.go:120","msg":"Error retrieving TTL, defaulting.","commit":"7655d9c","error":"\"knativebrokerttl\" not found"}
{"level":"info","ts":"2019-12-03T21:04:25.250Z","logger":"broker_ingress","caller":"ingress/ingress_handler.go:120","msg":"Error retrieving TTL, defaulting.","commit":"7655d9c","error":"\"knativebrokerttl\" not found"}
{"level":"info","ts":"2019-12-03T21:04:25.251Z","logger":"broker_ingress","caller":"ingress/ingress_handler.go:120","msg":"Error retrieving TTL, defaulting.","commit":"7655d9c","error":"\"knativebrokerttl\" not found"}
{"level":"info","ts":"2019-12-03T21:04:25.251Z","logger":"broker_ingress","caller":"ingress/ingress_handler.go:120","msg":"Error retrieving TTL, defaulting.","commit":"7655d9c","error":"\"knativebrokerttl\" not found"}
{"level":"info","ts":"2019-12-03T21:04:25.252Z","logger":"broker_ingress","caller":"ingress/ingress_handler.go:120","msg":"Error retrieving TTL, defaulting.","commit":"7655d9c","error":"\"knativebrokerttl\" not found"}
{"level":"info","ts":"2019-12-03T21:04:25.252Z","logger":"broker_ingress","caller":"ingress/ingress_handler.go:120","msg":"Error retrieving TTL, defaulting.","commit":"7655d9c","error":"\"knativebrokerttl\" not found"}
{"level":"info","ts":"2019-12-03T21:04:25.253Z","logger":"broker_ingress","caller":"ingress/ingress_handler.go:120","msg":"Error retrieving TTL, defaulting.","commit":"7655d9c","error":"\"knativebrokerttl\" not found"}
{"level":"info","ts":"2019-12-03T21:04:25.253Z","logger":"broker_ingress","caller":"ingress/ingress_handler.go:120","msg":"Error retrieving TTL, defaulting.","commit":"7655d9c","error":"\"knativebrokerttl\" not found"}
{"level":"info","ts":"2019-12-03T21:04:25.254Z","logger":"broker_ingress","caller":"ingress/ingress_handler.go:120","msg":"Error retrieving TTL, defaulting.","commit":"7655d9c","error":"\"knativebrokerttl\" not found"}
{"level":"info","ts":"2019-12-03T21:04:25.254Z","logger":"broker_ingress","caller":"ingress/ingress_handler.go:120","msg":"Error retrieving TTL, defaulting.","commit":"7655d9c","error":"\"knativebrokerttl\" not found"}
{"level":"info","ts":"2019-12-03T21:04:25.255Z","logger":"broker_ingress","caller":"ingress/ingress_handler.go:120","msg":"Error retrieving TTL, defaulting.","commit":"7655d9c","error":"\"knativebrokerttl\" not found"}
{"level":"info","ts":"2019-12-03T21:04:25.255Z","logger":"broker_ingress","caller":"ingress/ingress_handler.go:120","msg":"Error retrieving TTL, defaulting.","commit":"7655d9c","error":"\"knativebrokerttl\" not found"}
{"level":"info","ts":"2019-12-03T21:04:25.256Z","logger":"broker_ingress","caller":"ingress/ingress_handler.go:120","msg":"Error retrieving TTL, defaulting.","commit":"7655d9c","error":"\"knativebrokerttl\" not found"}
{"level":"info","ts":"2019-12-03T21:04:25.256Z","logger":"broker_ingress","caller":"ingress/ingress_handler.go:120","msg":"Error retrieving TTL, defaulting.","commit":"7655d9c","error":"\"knativebrokerttl\" not found"}
{"level":"info","ts":"2019-12-03T21:04:25.256Z","logger":"broker_ingress","caller":"ingress/ingress_handler.go:120","msg":"Error retrieving TTL, defaulting.","commit":"7655d9c","error":"\"knativebrokerttl\" not found"}
{"level":"info","ts":"2019-12-03T21:04:25.155Z","logger":"broker_ingress","caller":"ingress/ingress_handler.go:120","msg":"Error retrieving TTL, defaulting.","commit":"7655d9c","error":"\"knativebrokerttl\" not found"}
{"level":"info","ts":"2019-12-03T21:04:25.155Z","logger":"broker_ingress","caller":"ingress/ingress_handler.go:120","msg":"Error retrieving TTL, defaulting.","commit":"7655d9c","error":"\"knativebrokerttl\" not found"}
{"level":"info","ts":"2019-12-03T21:04:25.257Z","logger":"broker_ingress","caller":"ingress/ingress_handler.go:120","msg":"Error retrieving TTL, defaulting.","commit":"7655d9c","error":"\"knativebrokerttl\" not found"}
{"level":"info","ts":"2019-12-03T21:04:25.155Z","logger":"broker_ingress","caller":"ingress/ingress_handler.go:120","msg":"Error retrieving TTL, defaulting.","commit":"7655d9c","error":"\"knativebrokerttl\" not found"}
{"level":"info","ts":"2019-12-03T21:04:25.258Z","logger":"broker_ingress","caller":"ingress/ingress_handler.go:120","msg":"Error retrieving TTL, defaulting.","commit":"7655d9c","error":"\"knativebrokerttl\" not found"}
{"level":"info","ts":"2019-12-03T21:04:25.156Z","logger":"broker_ingress","caller":"ingress/ingress_handler.go:120","msg":"Error retrieving TTL, defaulting.","commit":"7655d9c","error":"\"knativebrokerttl\" not found"}
{"level":"info","ts":"2019-12-03T21:04:25.156Z","logger":"broker_ingress","caller":"ingress/ingress_handler.go:120","msg":"Error retrieving TTL, defaulting.","commit":"7655d9c","error":"\"knativebrokerttl\" not found"}
{"level":"info","ts":"2019-12-03T21:04:25.156Z","logger":"broker_ingress","caller":"ingress/ingress_handler.go:120","msg":"Error retrieving TTL, defaulting.","commit":"7655d9c","error":"\"knativebrokerttl\" not found"}
{"level":"info","ts":"2019-12-03T21:04:25.157Z","logger":"broker_ingress","caller":"ingress/ingress_handler.go:120","msg":"Error retrieving TTL, defaulting.","commit":"7655d9c","error":"\"knativebrokerttl\" not found"}
{"level":"info","ts":"2019-12-03T21:04:25.258Z","logger":"broker_ingress","caller":"ingress/ingress_handler.go:120","msg":"Error retrieving TTL, defaulting.","commit":"7655d9c","error":"\"knativebrokerttl\" not found"}
{"level":"info","ts":"2019-12-03T21:04:25.158Z","logger":"broker_ingress","caller":"ingress/ingress_handler.go:120","msg":"Error retrieving TTL, defaulting.","commit":"7655d9c","error":"\"knativebrokerttl\" not found"}
{"level":"info","ts":"2019-12-03T21:04:25.259Z","logger":"broker_ingress","caller":"ingress/ingress_handler.go:120","msg":"Error retrieving TTL, defaulting.","commit":"7655d9c","error":"\"knativebrokerttl\" not found"}
{"level":"info","ts":"2019-12-03T21:04:25.158Z","logger":"broker_ingress","caller":"ingress/ingress_handler.go:120","msg":"Error retrieving TTL, defaulting.","commit":"7655d9c","error":"\"knativebrokerttl\" not found"}
{"level":"info","ts":"2019-12-03T21:04:25.260Z","logger":"broker_ingress","caller":"ingress/ingress_handler.go:120","msg":"Error retrieving TTL, defaulting.","commit":"7655d9c","error":"\"knativebrokerttl\" not found"}
{"level":"info","ts":"2019-12-03T21:04:25.260Z","logger":"broker_ingress","caller":"ingress/ingress_handler.go:120","msg":"Error retrieving TTL, defaulting.","commit":"7655d9c","error":"\"knativebrokerttl\" not found"}
{"level":"info","ts":"2019-12-03T21:04:25.261Z","logger":"broker_ingress","caller":"ingress/ingress_handler.go:120","msg":"Error retrieving TTL, defaulting.","commit":"7655d9c","error":"\"knativebrokerttl\" not found"}
{"level":"info","ts":"2019-12-03T21:04:25.261Z","logger":"broker_ingress","caller":"ingress/ingress_handler.go:120","msg":"Error retrieving TTL, defaulting.","commit":"7655d9c","error":"\"knativebrokerttl\" not found"}
{"level":"info","ts":"2019-12-03T21:04:25.198Z","logger":"broker_ingress","caller":"ingress/ingress_handler.go:120","msg":"Error retrieving TTL, defaulting.","commit":"7655d9c","error":"\"knativebrokerttl\" not found"}
{"level":"info","ts":"2019-12-03T21:04:25.259Z","logger":"broker_ingress","caller":"ingress/ingress_handler.go:120","msg":"Error retrieving TTL, defaulting.","commit":"7655d9c","error":"\"knativebrokerttl\" not found"}
{"level":"info","ts":"2019-12-03T21:04:25.262Z","logger":"broker_ingress","caller":"ingress/ingress_handler.go:120","msg":"Error retrieving TTL, defaulting.","commit":"7655d9c","error":"\"knativebrokerttl\" not found"}
{"level":"info","ts":"2019-12-03T21:04:25.263Z","logger":"broker_ingress","caller":"ingress/ingress_handler.go:120","msg":"Error retrieving TTL, defaulting.","commit":"7655d9c","error":"\"knativebrokerttl\" not found"}
{"level":"info","ts":"2019-12-03T21:04:25.198Z","logger":"broker_ingress","caller":"ingress/ingress_handler.go:120","msg":"Error retrieving TTL, defaulting.","commit":"7655d9c","error":"\"knativebrokerttl\" not found"}
{"level":"info","ts":"2019-12-03T21:04:25.263Z","logger":"broker_ingress","caller":"ingress/ingress_handler.go:120","msg":"Error retrieving TTL, defaulting.","commit":"7655d9c","error":"\"knativebrokerttl\" not found"}
{"level":"info","ts":"2019-12-03T21:04:25.261Z","logger":"broker_ingress","caller":"ingress/ingress_handler.go:120","msg":"Error retrieving TTL, defaulting.","commit":"7655d9c","error":"\"knativebrokerttl\" not found"}
{"level":"info","ts":"2019-12-03T21:04:25.264Z","logger":"broker_ingress","caller":"ingress/ingress_handler.go:120","msg":"Error retrieving TTL, defaulting.","commit":"7655d9c","error":"\"knativebrokerttl\" not found"}
{"level":"info","ts":"2019-12-03T21:04:25.199Z","logger":"broker_ingress","caller":"ingress/ingress_handler.go:120","msg":"Error retrieving TTL, defaulting.","commit":"7655d9c","error":"\"knativebrokerttl\" not found"}
{"level":"info","ts":"2019-12-03T21:04:25.265Z","logger":"broker_ingress","caller":"ingress/ingress_handler.go:120","msg":"Error retrieving TTL, defaulting.","commit":"7655d9c","error":"\"knativebrokerttl\" not found"}
{"level":"info","ts":"2019-12-03T21:04:25.199Z","logger":"broker_ingress","caller":"ingress/ingress_handler.go:120","msg":"Error retrieving TTL, defaulting.","commit":"7655d9c","error":"\"knativebrokerttl\" not found"}
{"level":"info","ts":"2019-12-03T21:04:25.200Z","logger":"broker_ingress","caller":"ingress/ingress_handler.go:120","msg":"Error retrieving TTL, defaulting.","commit":"7655d9c","error":"\"knativebrokerttl\" not found"}
{"level":"info","ts":"2019-12-03T21:04:25.200Z","logger":"broker_ingress","caller":"ingress/ingress_handler.go:120","msg":"Error retrieving TTL, defaulting.","commit":"7655d9c","error":"\"knativebrokerttl\" not found"}
{"level":"info","ts":"2019-12-03T21:04:25.200Z","logger":"broker_ingress","caller":"ingress/ingress_handler.go:120","msg":"Error retrieving TTL, defaulting.","commit":"7655d9c","error":"\"knativebrokerttl\" not found"}
{"level":"info","ts":"2019-12-03T21:04:25.200Z","logger":"broker_ingress","caller":"ingress/ingress_handler.go:120","msg":"Error retrieving TTL, defaulting.","commit":"7655d9c","error":"\"knativebrokerttl\" not found"}
{"level":"info","ts":"2019-12-03T21:04:25.201Z","logger":"broker_ingress","caller":"ingress/ingress_handler.go:120","msg":"Error retrieving TTL, defaulting.","commit":"7655d9c","error":"\"knativebrokerttl\" not found"}
{"level":"info","ts":"2019-12-03T21:04:25.201Z","logger":"broker_ingress","caller":"ingress/ingress_handler.go:120","msg":"Error retrieving TTL, defaulting.","commit":"7655d9c","error":"\"knativebrokerttl\" not found"}
{"level":"info","ts":"2019-12-03T21:04:25.202Z","logger":"broker_ingress","caller":"ingress/ingress_handler.go:120","msg":"Error retrieving TTL, defaulting.","commit":"7655d9c","error":"\"knativebrokerttl\" not found"}
{"level":"info","ts":"2019-12-03T21:04:25.266Z","logger":"broker_ingress","caller":"ingress/ingress_handler.go:120","msg":"Error retrieving TTL, defaulting.","commit":"7655d9c","error":"\"knativebrokerttl\" not found"}
{"level":"info","ts":"2019-12-03T21:04:25.266Z","logger":"broker_ingress","caller":"ingress/ingress_handler.go:120","msg":"Error retrieving TTL, defaulting.","commit":"7655d9c","error":"\"knativebrokerttl\" not found"}
{"level":"info","ts":"2019-12-03T21:04:25.202Z","logger":"broker_ingress","caller":"ingress/ingress_handler.go:120","msg":"Error retrieving TTL, defaulting.","commit":"7655d9c","error":"\"knativebrokerttl\" not found"}
{"level":"info","ts":"2019-12-03T21:04:25.202Z","logger":"broker_ingress","caller":"ingress/ingress_handler.go:120","msg":"Error retrieving TTL, defaulting.","commit":"7655d9c","error":"\"knativebrokerttl\" not found"}
{"level":"info","ts":"2019-12-03T21:04:25.202Z","logger":"broker_ingress","caller":"ingress/ingress_handler.go:120","msg":"Error retrieving TTL, defaulting.","commit":"7655d9c","error":"\"knativebrokerttl\" not found"}
{"level":"info","ts":"2019-12-03T21:04:25.202Z","logger":"broker_ingress","caller":"ingress/ingress_handler.go:120","msg":"Error retrieving TTL, defaulting.","commit":"7655d9c","error":"\"knativebrokerttl\" not found"}
{"level":"info","ts":"2019-12-03T21:04:25.203Z","logger":"broker_ingress","caller":"ingress/ingress_handler.go:120","msg":"Error retrieving TTL, defaulting.","commit":"7655d9c","error":"\"knativebrokerttl\" not found"}
{"level":"info","ts":"2019-12-03T21:04:25.267Z","logger":"broker_ingress","caller":"ingress/ingress_handler.go:120","msg":"Error retrieving TTL, defaulting.","commit":"7655d9c","error":"\"knativebrokerttl\" not found"}
{"level":"info","ts":"2019-12-03T21:04:25.203Z","logger":"broker_ingress","caller":"ingress/ingress_handler.go:120","msg":"Error retrieving TTL, defaulting.","commit":"7655d9c","error":"\"knativebrokerttl\" not found"}
{"level":"info","ts":"2019-12-03T21:04:25.203Z","logger":"broker_ingress","caller":"ingress/ingress_handler.go:120","msg":"Error retrieving TTL, defaulting.","commit":"7655d9c","error":"\"knativebrokerttl\" not found"}
{"level":"info","ts":"2019-12-03T21:04:25.203Z","logger":"broker_ingress","caller":"ingress/ingress_handler.go:120","msg":"Error retrieving TTL, defaulting.","commit":"7655d9c","error":"\"knativebrokerttl\" not found"}
{"level":"info","ts":"2019-12-03T21:04:25.203Z","logger":"broker_ingress","caller":"ingress/ingress_handler.go:120","msg":"Error retrieving TTL, defaulting.","commit":"7655d9c","error":"\"knativebrokerttl\" not found"}
{"level":"info","ts":"2019-12-03T21:04:25.267Z","logger":"broker_ingress","caller":"ingress/ingress_handler.go:120","msg":"Error retrieving TTL, defaulting.","commit":"7655d9c","error":"\"knativebrokerttl\" not found"}
{"level":"info","ts":"2019-12-03T21:04:25.203Z","logger":"broker_ingress","caller":"ingress/ingress_handler.go:120","msg":"Error retrieving TTL, defaulting.","commit":"7655d9c","error":"\"knativebrokerttl\" not found"}
{"level":"info","ts":"2019-12-03T21:04:25.204Z","logger":"broker_ingress","caller":"ingress/ingress_handler.go:120","msg":"Error retrieving TTL, defaulting.","commit":"7655d9c","error":"\"knativebrokerttl\" not found"}
{"level":"info","ts":"2019-12-03T21:04:25.268Z","logger":"broker_ingress","caller":"ingress/ingress_handler.go:120","msg":"Error retrieving TTL, defaulting.","commit":"7655d9c","error":"\"knativebrokerttl\" not found"}
{"level":"info","ts":"2019-12-03T21:04:25.204Z","logger":"broker_ingress","caller":"ingress/ingress_handler.go:120","msg":"Error retrieving TTL, defaulting.","commit":"7655d9c","error":"\"knativebrokerttl\" not found"}
{"level":"info","ts":"2019-12-03T21:04:25.267Z","logger":"broker_ingress","caller":"ingress/ingress_handler.go:120","msg":"Error retrieving TTL, defaulting.","commit":"7655d9c","error":"\"knativebrokerttl\" not found"}
{"level":"info","ts":"2019-12-03T21:04:25.164Z","logger":"broker_ingress","caller":"ingress/ingress_handler.go:120","msg":"Error retrieving TTL, defaulting.","commit":"7655d9c","error":"\"knativebrokerttl\" not found"}
{"level":"info","ts":"2019-12-03T21:04:25.268Z","logger":"broker_ingress","caller":"ingress/ingress_handler.go:120","msg":"Error retrieving TTL, defaulting.","commit":"7655d9c","error":"\"knativebrokerttl\" not found"}
{"level":"info","ts":"2019-12-03T21:04:25.269Z","logger":"broker_ingress","caller":"ingress/ingress_handler.go:120","msg":"Error retrieving TTL, defaulting.","commit":"7655d9c","error":"\"knativebrokerttl\" not found"}
{"level":"info","ts":"2019-12-03T21:04:25.269Z","logger":"broker_ingress","caller":"ingress/ingress_handler.go:120","msg":"Error retrieving TTL, defaulting.","commit":"7655d9c","error":"\"knativebrokerttl\" not found"}
{"level":"info","ts":"2019-12-03T21:04:25.270Z","logger":"broker_ingress","caller":"ingress/ingress_handler.go:120","msg":"Error retrieving TTL, defaulting.","commit":"7655d9c","error":"\"knativebrokerttl\" not found"}
{"level":"info","ts":"2019-12-03T21:04:25.270Z","logger":"broker_ingress","caller":"ingress/ingress_handler.go:120","msg":"Error retrieving TTL, defaulting.","commit":"7655d9c","error":"\"knativebrokerttl\" not found"}
{"level":"info","ts":"2019-12-03T21:04:25.271Z","logger":"broker_ingress","caller":"ingress/ingress_handler.go:120","msg":"Error retrieving TTL, defaulting.","commit":"7655d9c","error":"\"knativebrokerttl\" not found"}
{"level":"info","ts":"2019-12-03T21:04:25.269Z","logger":"broker_ingress","caller":"ingress/ingress_handler.go:120","msg":"Error retrieving TTL, defaulting.","commit":"7655d9c","error":"\"knativebrokerttl\" not found"}
{"level":"info","ts":"2019-12-03T21:04:25.271Z","logger":"broker_ingress","caller":"ingress/ingress_handler.go:120","msg":"Error retrieving TTL, defaulting.","commit":"7655d9c","error":"\"knativebrokerttl\" not found"}
{"level":"info","ts":"2019-12-03T21:04:25.269Z","logger":"broker_ingress","caller":"ingress/ingress_handler.go:120","msg":"Error retrieving TTL, defaulting.","commit":"7655d9c","error":"\"knativebrokerttl\" not found"}
{"level":"info","ts":"2019-12-03T21:04:25.272Z","logger":"broker_ingress","caller":"ingress/ingress_handler.go:120","msg":"Error retrieving TTL, defaulting.","commit":"7655d9c","error":"\"knativebrokerttl\" not found"}
{"level":"info","ts":"2019-12-03T21:04:25.272Z","logger":"broker_ingress","caller":"ingress/ingress_handler.go:120","msg":"Error retrieving TTL, defaulting.","commit":"7655d9c","error":"\"knativebrokerttl\" not found"}
{"level":"info","ts":"2019-12-03T21:04:25.273Z","logger":"broker_ingress","caller":"ingress/ingress_handler.go:120","msg":"Error retrieving TTL, defaulting.","commit":"7655d9c","error":"\"knativebrokerttl\" not found"}
{"level":"info","ts":"2019-12-03T21:04:25.272Z","logger":"broker_ingress","caller":"ingress/ingress_handler.go:120","msg":"Error retrieving TTL, defaulting.","commit":"7655d9c","error":"\"knativebrokerttl\" not found"}
{"level":"info","ts":"2019-12-03T21:04:25.273Z","logger":"broker_ingress","caller":"ingress/ingress_handler.go:120","msg":"Error retrieving TTL, defaulting.","commit":"7655d9c","error":"\"knativebrokerttl\" not found"}
{"level":"info","ts":"2019-12-03T21:04:25.274Z","logger":"broker_ingress","caller":"ingress/ingress_handler.go:120","msg":"Error retrieving TTL, defaulting.","commit":"7655d9c","error":"\"knativebrokerttl\" not found"}
{"level":"info","ts":"2019-12-03T21:04:25.274Z","logger":"broker_ingress","caller":"ingress/ingress_handler.go:120","msg":"Error retrieving TTL, defaulting.","commit":"7655d9c","error":"\"knativebrokerttl\" not found"}
{"level":"info","ts":"2019-12-03T21:04:25.275Z","logger":"broker_ingress","caller":"ingress/ingress_handler.go:120","msg":"Error retrieving TTL, defaulting.","commit":"7655d9c","error":"\"knativebrokerttl\" not found"}
{"level":"info","ts":"2019-12-03T21:04:25.274Z","logger":"broker_ingress","caller":"ingress/ingress_handler.go:120","msg":"Error retrieving TTL, defaulting.","commit":"7655d9c","error":"\"knativebrokerttl\" not found"}
{"level":"info","ts":"2019-12-03T21:04:25.274Z","logger":"broker_ingress","caller":"ingress/ingress_handler.go:120","msg":"Error retrieving TTL, defaulting.","commit":"7655d9c","error":"\"knativebrokerttl\" not found"}
{"level":"info","ts":"2019-12-03T21:04:25.184Z","logger":"broker_ingress","caller":"ingress/ingress_handler.go:120","msg":"Error retrieving TTL, defaulting.","commit":"7655d9c","error":"\"knativebrokerttl\" not found"}
{"level":"info","ts":"2019-12-03T21:04:25.164Z","logger":"broker_ingress","caller":"ingress/ingress_handler.go:120","msg":"Error retrieving TTL, defaulting.","commit":"7655d9c","error":"\"knativebrokerttl\" not found"}
{"level":"info","ts":"2019-12-03T21:04:25.274Z","logger":"broker_ingress","caller":"ingress/ingress_handler.go:120","msg":"Error retrieving TTL, defaulting.","commit":"7655d9c","error":"\"knativebrokerttl\" not found"}
{"level":"info","ts":"2019-12-03T21:04:25.276Z","logger":"broker_ingress","caller":"ingress/ingress_handler.go:120","msg":"Error retrieving TTL, defaulting.","commit":"7655d9c","error":"\"knativebrokerttl\" not found"}
{"level":"info","ts":"2019-12-03T21:04:25.164Z","logger":"broker_ingress","caller":"ingress/ingress_handler.go:120","msg":"Error retrieving TTL, defaulting.","commit":"7655d9c","error":"\"knativebrokerttl\" not found"}
{"level":"info","ts":"2019-12-03T21:04:25.164Z","logger":"broker_ingress","caller":"ingress/ingress_handler.go:120","msg":"Error retrieving TTL, defaulting.","commit":"7655d9c","error":"\"knativebrokerttl\" not found"}
{"level":"info","ts":"2019-12-03T21:04:25.164Z","logger":"broker_ingress","caller":"ingress/ingress_handler.go:120","msg":"Error retrieving TTL, defaulting.","commit":"7655d9c","error":"\"knativebrokerttl\" not found"}
{"level":"info","ts":"2019-12-03T21:04:25.277Z","logger":"broker_ingress","caller":"ingress/ingress_handler.go:120","msg":"Error retrieving TTL, defaulting.","commit":"7655d9c","error":"\"knativebrokerttl\" not found"}
{"level":"info","ts":"2019-12-03T21:04:25.278Z","logger":"broker_ingress","caller":"ingress/ingress_handler.go:120","msg":"Error retrieving TTL, defaulting.","commit":"7655d9c","error":"\"knativebrokerttl\" not found"}
{"level":"info","ts":"2019-12-03T21:04:25.280Z","logger":"broker_ingress","caller":"ingress/ingress_handler.go:120","msg":"Error retrieving TTL, defaulting.","commit":"7655d9c","error":"\"knativebrokerttl\" not found"}
{"level":"info","ts":"2019-12-03T21:04:25.166Z","logger":"broker_ingress","caller":"ingress/ingress_handler.go:120","msg":"Error retrieving TTL, defaulting.","commit":"7655d9c","error":"\"knativebrokerttl\" not found"}
{"level":"info","ts":"2019-12-03T21:04:25.277Z","logger":"broker_ingress","caller":"ingress/ingress_handler.go:120","msg":"Error retrieving TTL, defaulting.","commit":"7655d9c","error":"\"knativebrokerttl\" not found"}
{"level":"info","ts":"2019-12-03T21:04:25.166Z","logger":"broker_ingress","caller":"ingress/ingress_handler.go:120","msg":"Error retrieving TTL, defaulting.","commit":"7655d9c","error":"\"knativebrokerttl\" not found"}
{"level":"info","ts":"2019-12-03T21:04:25.280Z","logger":"broker_ingress","caller":"ingress/ingress_handler.go:120","msg":"Error retrieving TTL, defaulting.","commit":"7655d9c","error":"\"knativebrokerttl\" not found"}
{"level":"info","ts":"2019-12-03T21:04:25.166Z","logger":"broker_ingress","caller":"ingress/ingress_handler.go:120","msg":"Error retrieving TTL, defaulting.","commit":"7655d9c","error":"\"knativebrokerttl\" not found"}
{"level":"info","ts":"2019-12-03T21:04:25.278Z","logger":"broker_ingress","caller":"ingress/ingress_handler.go:120","msg":"Error retrieving TTL, defaulting.","commit":"7655d9c","error":"\"knativebrokerttl\" not found"}
{"level":"info","ts":"2019-12-03T21:04:25.166Z","logger":"broker_ingress","caller":"ingress/ingress_handler.go:120","msg":"Error retrieving TTL, defaulting.","commit":"7655d9c","error":"\"knativebrokerttl\" not found"}
{"level":"info","ts":"2019-12-03T21:04:25.282Z","logger":"broker_ingress","caller":"ingress/ingress_handler.go:120","msg":"Error retrieving TTL, defaulting.","commit":"7655d9c","error":"\"knativebrokerttl\" not found"}
{"level":"info","ts":"2019-12-03T21:04:25.278Z","logger":"broker_ingress","caller":"ingress/ingress_handler.go:120","msg":"Error retrieving TTL, defaulting.","commit":"7655d9c","error":"\"knativebrokerttl\" not found"}
{"level":"info","ts":"2019-12-03T21:04:25.277Z","logger":"broker_ingress","caller":"ingress/ingress_handler.go:120","msg":"Error retrieving TTL, defaulting.","commit":"7655d9c","error":"\"knativebrokerttl\" not found"}
{"level":"info","ts":"2019-12-03T21:04:25.166Z","logger":"broker_ingress","caller":"ingress/ingress_handler.go:120","msg":"Error retrieving TTL, defaulting.","commit":"7655d9c","error":"\"knativebrokerttl\" not found"}
{"level":"info","ts":"2019-12-03T21:04:25.167Z","logger":"broker_ingress","caller":"ingress/ingress_handler.go:120","msg":"Error retrieving TTL, defaulting.","commit":"7655d9c","error":"\"knativebrokerttl\" not found"}
{"level":"info","ts":"2019-12-03T21:04:25.279Z","logger":"broker_ingress","caller":"ingress/ingress_handler.go:120","msg":"Error retrieving TTL, defaulting.","commit":"7655d9c","error":"\"knativebrokerttl\" not found"}
{"level":"info","ts":"2019-12-03T21:04:25.282Z","logger":"broker_ingress","caller":"ingress/ingress_handler.go:120","msg":"Error retrieving TTL, defaulting.","commit":"7655d9c","error":"\"knativebrokerttl\" not found"}
{"level":"info","ts":"2019-12-03T21:04:25.282Z","logger":"broker_ingress","caller":"ingress/ingress_handler.go:120","msg":"Error retrieving TTL, defaulting.","commit":"7655d9c","error":"\"knativebrokerttl\" not found"}
{"level":"info","ts":"2019-12-03T21:04:25.283Z","logger":"broker_ingress","caller":"ingress/ingress_handler.go:120","msg":"Error retrieving TTL, defaulting.","commit":"7655d9c","error":"\"knativebrokerttl\" not found"}
{"level":"info","ts":"2019-12-03T21:04:25.283Z","logger":"broker_ingress","caller":"ingress/ingress_handler.go:120","msg":"Error retrieving TTL, defaulting.","commit":"7655d9c","error":"\"knativebrokerttl\" not found"}
{"level":"info","ts":"2019-12-03T21:04:25.283Z","logger":"broker_ingress","caller":"ingress/ingress_handler.go:120","msg":"Error retrieving TTL, defaulting.","commit":"7655d9c","error":"\"knativebrokerttl\" not found"}
{"level":"info","ts":"2019-12-03T21:04:25.283Z","logger":"broker_ingress","caller":"ingress/ingress_handler.go:120","msg":"Error retrieving TTL, defaulting.","commit":"7655d9c","error":"\"knativebrokerttl\" not found"}
{"level":"info","ts":"2019-12-03T21:04:25.283Z","logger":"broker_ingress","caller":"ingress/ingress_handler.go:120","msg":"Error retrieving TTL, defaulting.","commit":"7655d9c","error":"\"knativebrokerttl\" not found"}
{"level":"info","ts":"2019-12-03T21:04:25.283Z","logger":"broker_ingress","caller":"ingress/ingress_handler.go:120","msg":"Error retrieving TTL, defaulting.","commit":"7655d9c","error":"\"knativebrokerttl\" not found"}
{"level":"info","ts":"2019-12-03T21:04:25.283Z","logger":"broker_ingress","caller":"ingress/ingress_handler.go:120","msg":"Error retrieving TTL, defaulting.","commit":"7655d9c","error":"\"knativebrokerttl\" not found"}
{"level":"info","ts":"2019-12-03T21:04:25.167Z","logger":"broker_ingress","caller":"ingress/ingress_handler.go:120","msg":"Error retrieving TTL, defaulting.","commit":"7655d9c","error":"\"knativebrokerttl\" not found"}
{"level":"info","ts":"2019-12-03T21:04:25.284Z","logger":"broker_ingress","caller":"ingress/ingress_handler.go:120","msg":"Error retrieving TTL, defaulting.","commit":"7655d9c","error":"\"knativebrokerttl\" not found"}
{"level":"info","ts":"2019-12-03T21:04:25.284Z","logger":"broker_ingress","caller":"ingress/ingress_handler.go:120","msg":"Error retrieving TTL, defaulting.","commit":"7655d9c","error":"\"knativebrokerttl\" not found"}
{"level":"info","ts":"2019-12-03T21:04:25.284Z","logger":"broker_ingress","caller":"ingress/ingress_handler.go:120","msg":"Error retrieving TTL, defaulting.","commit":"7655d9c","error":"\"knativebrokerttl\" not found"}
{"level":"info","ts":"2019-12-03T21:04:25.167Z","logger":"broker_ingress","caller":"ingress/ingress_handler.go:120","msg":"Error retrieving TTL, defaulting.","commit":"7655d9c","error":"\"knativebrokerttl\" not found"}
{"level":"info","ts":"2019-12-03T21:04:25.284Z","logger":"broker_ingress","caller":"ingress/ingress_handler.go:120","msg":"Error retrieving TTL, defaulting.","commit":"7655d9c","error":"\"knativebrokerttl\" not found"}
{"level":"info","ts":"2019-12-03T21:04:25.167Z","logger":"broker_ingress","caller":"ingress/ingress_handler.go:120","msg":"Error retrieving TTL, defaulting.","commit":"7655d9c","error":"\"knativebrokerttl\" not found"}
{"level":"info","ts":"2019-12-03T21:04:25.167Z","logger":"broker_ingress","caller":"ingress/ingress_handler.go:120","msg":"Error retrieving TTL, defaulting.","commit":"7655d9c","error":"\"knativebrokerttl\" not found"}
{"level":"info","ts":"2019-12-03T21:04:25.286Z","logger":"broker_ingress","caller":"ingress/ingress_handler.go:120","msg":"Error retrieving TTL, defaulting.","commit":"7655d9c","error":"\"knativebrokerttl\" not found"}
{"level":"info","ts":"2019-12-03T21:04:25.286Z","logger":"broker_ingress","caller":"ingress/ingress_handler.go:120","msg":"Error retrieving TTL, defaulting.","commit":"7655d9c","error":"\"knativebrokerttl\" not found"}
{"level":"info","ts":"2019-12-03T21:04:25.287Z","logger":"broker_ingress","caller":"ingress/ingress_handler.go:120","msg":"Error retrieving TTL, defaulting.","commit":"7655d9c","error":"\"knativebrokerttl\" not found"}
{"level":"info","ts":"2019-12-03T21:04:25.287Z","logger":"broker_ingress","caller":"ingress/ingress_handler.go:120","msg":"Error retrieving TTL, defaulting.","commit":"7655d9c","error":"\"knativebrokerttl\" not found"}
{"level":"info","ts":"2019-12-03T21:04:25.288Z","logger":"broker_ingress","caller":"ingress/ingress_handler.go:120","msg":"Error retrieving TTL, defaulting.","commit":"7655d9c","error":"\"knativebrokerttl\" not found"}
{"level":"info","ts":"2019-12-03T21:04:25.288Z","logger":"broker_ingress","caller":"ingress/ingress_handler.go:120","msg":"Error retrieving TTL, defaulting.","commit":"7655d9c","error":"\"knativebrokerttl\" not found"}
{"level":"info","ts":"2019-12-03T21:04:25.290Z","logger":"broker_ingress","caller":"ingress/ingress_handler.go:120","msg":"Error retrieving TTL, defaulting.","commit":"7655d9c","error":"\"knativebrokerttl\" not found"}
{"level":"info","ts":"2019-12-03T21:04:25.168Z","logger":"broker_ingress","caller":"ingress/ingress_handler.go:120","msg":"Error retrieving TTL, defaulting.","commit":"7655d9c","error":"\"knativebrokerttl\" not found"}
{"level":"info","ts":"2019-12-03T21:04:25.291Z","logger":"broker_ingress","caller":"ingress/ingress_handler.go:120","msg":"Error retrieving TTL, defaulting.","commit":"7655d9c","error":"\"knativebrokerttl\" not found"}
{"level":"info","ts":"2019-12-03T21:04:25.168Z","logger":"broker_ingress","caller":"ingress/ingress_handler.go:120","msg":"Error retrieving TTL, defaulting.","commit":"7655d9c","error":"\"knativebrokerttl\" not found"}
{"level":"info","ts":"2019-12-03T21:04:25.293Z","logger":"broker_ingress","caller":"ingress/ingress_handler.go:120","msg":"Error retrieving TTL, defaulting.","commit":"7655d9c","error":"\"knativebrokerttl\" not found"}
{"level":"info","ts":"2019-12-03T21:04:25.294Z","logger":"broker_ingress","caller":"ingress/ingress_handler.go:120","msg":"Error retrieving TTL, defaulting.","commit":"7655d9c","error":"\"knativebrokerttl\" not found"}
{"level":"info","ts":"2019-12-03T21:04:25.295Z","logger":"broker_ingress","caller":"ingress/ingress_handler.go:120","msg":"Error retrieving TTL, defaulting.","commit":"7655d9c","error":"\"knativebrokerttl\" not found"}
{"level":"info","ts":"2019-12-03T21:04:25.168Z","logger":"broker_ingress","caller":"ingress/ingress_handler.go:120","msg":"Error retrieving TTL, defaulting.","commit":"7655d9c","error":"\"knativebrokerttl\" not found"}
{"level":"info","ts":"2019-12-03T21:04:25.296Z","logger":"broker_ingress","caller":"ingress/ingress_handler.go:120","msg":"Error retrieving TTL, defaulting.","commit":"7655d9c","error":"\"knativebrokerttl\" not found"}
{"level":"info","ts":"2019-12-03T21:04:25.168Z","logger":"broker_ingress","caller":"ingress/ingress_handler.go:120","msg":"Error retrieving TTL, defaulting.","commit":"7655d9c","error":"\"knativebrokerttl\" not found"}
{"level":"info","ts":"2019-12-03T21:04:25.168Z","logger":"broker_ingress","caller":"ingress/ingress_handler.go:120","msg":"Error retrieving TTL, defaulting.","commit":"7655d9c","error":"\"knativebrokerttl\" not found"}
{"level":"info","ts":"2019-12-03T21:04:25.297Z","logger":"broker_ingress","caller":"ingress/ingress_handler.go:120","msg":"Error retrieving TTL, defaulting.","commit":"7655d9c","error":"\"knativebrokerttl\" not found"}
{"level":"info","ts":"2019-12-03T21:04:25.168Z","logger":"broker_ingress","caller":"ingress/ingress_handler.go:120","msg":"Error retrieving TTL, defaulting.","commit":"7655d9c","error":"\"knativebrokerttl\" not found"}
{"level":"info","ts":"2019-12-03T21:04:25.169Z","logger":"broker_ingress","caller":"ingress/ingress_handler.go:120","msg":"Error retrieving TTL, defaulting.","commit":"7655d9c","error":"\"knativebrokerttl\" not found"}
{"level":"info","ts":"2019-12-03T21:04:25.169Z","logger":"broker_ingress","caller":"ingress/ingress_handler.go:120","msg":"Error retrieving TTL, defaulting.","commit":"7655d9c","error":"\"knativebrokerttl\" not found"}
{"level":"info","ts":"2019-12-03T21:04:25.300Z","logger":"broker_ingress","caller":"ingress/ingress_handler.go:120","msg":"Error retrieving TTL, defaulting.","commit":"7655d9c","error":"\"knativebrokerttl\" not found"}
{"level":"info","ts":"2019-12-03T21:04:25.300Z","logger":"broker_ingress","caller":"ingress/ingress_handler.go:120","msg":"Error retrieving TTL, defaulting.","commit":"7655d9c","error":"\"knativebrokerttl\" not found"}
{"level":"info","ts":"2019-12-03T21:04:25.300Z","logger":"broker_ingress","caller":"ingress/ingress_handler.go:120","msg":"Error retrieving TTL, defaulting.","commit":"7655d9c","error":"\"knativebrokerttl\" not found"}
{"level":"info","ts":"2019-12-03T21:04:25.301Z","logger":"broker_ingress","caller":"ingress/ingress_handler.go:120","msg":"Error retrieving TTL, defaulting.","commit":"7655d9c","error":"\"knativebrokerttl\" not found"}
{"level":"info","ts":"2019-12-03T21:04:25.301Z","logger":"broker_ingress","caller":"ingress/ingress_handler.go:120","msg":"Error retrieving TTL, defaulting.","commit":"7655d9c","error":"\"knativebrokerttl\" not found"}
{"level":"info","ts":"2019-12-03T21:04:25.169Z","logger":"broker_ingress","caller":"ingress/ingress_handler.go:120","msg":"Error retrieving TTL, defaulting.","commit":"7655d9c","error":"\"knativebrokerttl\" not found"}
{"level":"info","ts":"2019-12-03T21:04:25.169Z","logger":"broker_ingress","caller":"ingress/ingress_handler.go:120","msg":"Error retrieving TTL, defaulting.","commit":"7655d9c","error":"\"knativebrokerttl\" not found"}
{"level":"info","ts":"2019-12-03T21:04:25.302Z","logger":"broker_ingress","caller":"ingress/ingress_handler.go:120","msg":"Error retrieving TTL, defaulting.","commit":"7655d9c","error":"\"knativebrokerttl\" not found"}
{"level":"info","ts":"2019-12-03T21:04:25.302Z","logger":"broker_ingress","caller":"ingress/ingress_handler.go:120","msg":"Error retrieving TTL, defaulting.","commit":"7655d9c","error":"\"knativebrokerttl\" not found"}
{"level":"info","ts":"2019-12-03T21:04:25.303Z","logger":"broker_ingress","caller":"ingress/ingress_handler.go:120","msg":"Error retrieving TTL, defaulting.","commit":"7655d9c","error":"\"knativebrokerttl\" not found"}
{"level":"info","ts":"2019-12-03T21:04:25.303Z","logger":"broker_ingress","caller":"ingress/ingress_handler.go:120","msg":"Error retrieving TTL, defaulting.","commit":"7655d9c","error":"\"knativebrokerttl\" not found"}
{"level":"info","ts":"2019-12-03T21:04:25.303Z","logger":"broker_ingress","caller":"ingress/ingress_handler.go:120","msg":"Error retrieving TTL, defaulting.","commit":"7655d9c","error":"\"knativebrokerttl\" not found"}
{"level":"info","ts":"2019-12-03T21:04:25.304Z","logger":"broker_ingress","caller":"ingress/ingress_handler.go:120","msg":"Error retrieving TTL, defaulting.","commit":"7655d9c","error":"\"knativebrokerttl\" not found"}
{"level":"info","ts":"2019-12-03T21:04:25.305Z","logger":"broker_ingress","caller":"ingress/ingress_handler.go:120","msg":"Error retrieving TTL, defaulting.","commit":"7655d9c","error":"\"knativebrokerttl\" not found"}
{"level":"info","ts":"2019-12-03T21:04:25.308Z","logger":"broker_ingress","caller":"ingress/ingress_handler.go:120","msg":"Error retrieving TTL, defaulting.","commit":"7655d9c","error":"\"knativebrokerttl\" not found"}
{"level":"info","ts":"2019-12-03T21:04:25.315Z","logger":"broker_ingress","caller":"ingress/ingress_handler.go:120","msg":"Error retrieving TTL, defaulting.","commit":"7655d9c","error":"\"knativebrokerttl\" not found"}
{"level":"info","ts":"2019-12-03T21:04:25.169Z","logger":"broker_ingress","caller":"ingress/ingress_handler.go:120","msg":"Error retrieving TTL, defaulting.","commit":"7655d9c","error":"\"knativebrokerttl\" not found"}
{"level":"info","ts":"2019-12-03T21:04:25.169Z","logger":"broker_ingress","caller":"ingress/ingress_handler.go:120","msg":"Error retrieving TTL, defaulting.","commit":"7655d9c","error":"\"knativebrokerttl\" not found"}
{"level":"info","ts":"2019-12-03T21:04:25.321Z","logger":"broker_ingress","caller":"ingress/ingress_handler.go:120","msg":"Error retrieving TTL, defaulting.","commit":"7655d9c","error":"\"knativebrokerttl\" not found"}
{"level":"info","ts":"2019-12-03T21:04:25.170Z","logger":"broker_ingress","caller":"ingress/ingress_handler.go:120","msg":"Error retrieving TTL, defaulting.","commit":"7655d9c","error":"\"knativebrokerttl\" not found"}
{"level":"info","ts":"2019-12-03T21:04:25.329Z","logger":"broker_ingress","caller":"ingress/ingress_handler.go:120","msg":"Error retrieving TTL, defaulting.","commit":"7655d9c","error":"\"knativebrokerttl\" not found"}
{"level":"info","ts":"2019-12-03T21:04:25.170Z","logger":"broker_ingress","caller":"ingress/ingress_handler.go:120","msg":"Error retrieving TTL, defaulting.","commit":"7655d9c","error":"\"knativebrokerttl\" not found"}
{"level":"info","ts":"2019-12-03T21:04:25.329Z","logger":"broker_ingress","caller":"ingress/ingress_handler.go:120","msg":"Error retrieving TTL, defaulting.","commit":"7655d9c","error":"\"knativebrokerttl\" not found"}
{"level":"info","ts":"2019-12-03T21:04:25.336Z","logger":"broker_ingress","caller":"ingress/ingress_handler.go:120","msg":"Error retrieving TTL, defaulting.","commit":"7655d9c","error":"\"knativebrokerttl\" not found"}
{"level":"info","ts":"2019-12-03T21:04:25.330Z","logger":"broker_ingress","caller":"ingress/ingress_handler.go:120","msg":"Error retrieving TTL, defaulting.","commit":"7655d9c","error":"\"knativebrokerttl\" not found"}
{"level":"info","ts":"2019-12-03T21:04:25.337Z","logger":"broker_ingress","caller":"ingress/ingress_handler.go:120","msg":"Error retrieving TTL, defaulting.","commit":"7655d9c","error":"\"knativebrokerttl\" not found"}
{"level":"info","ts":"2019-12-03T21:04:25.170Z","logger":"broker_ingress","caller":"ingress/ingress_handler.go:120","msg":"Error retrieving TTL, defaulting.","commit":"7655d9c","error":"\"knativebrokerttl\" not found"}
{"level":"info","ts":"2019-12-03T21:04:25.335Z","logger":"broker_ingress","caller":"ingress/ingress_handler.go:120","msg":"Error retrieving TTL, defaulting.","commit":"7655d9c","error":"\"knativebrokerttl\" not found"}
{"level":"info","ts":"2019-12-03T21:04:25.330Z","logger":"broker_ingress","caller":"ingress/ingress_handler.go:120","msg":"Error retrieving TTL, defaulting.","commit":"7655d9c","error":"\"knativebrokerttl\" not found"}
{"level":"info","ts":"2019-12-03T21:04:25.330Z","logger":"broker_ingress","caller":"ingress/ingress_handler.go:120","msg":"Error retrieving TTL, defaulting.","commit":"7655d9c","error":"\"knativebrokerttl\" not found"}
{"level":"info","ts":"2019-12-03T21:04:25.338Z","logger":"broker_ingress","caller":"ingress/ingress_handler.go:120","msg":"Error retrieving TTL, defaulting.","commit":"7655d9c","error":"\"knativebrokerttl\" not found"}
{"level":"info","ts":"2019-12-03T21:04:25.330Z","logger":"broker_ingress","caller":"ingress/ingress_handler.go:120","msg":"Error retrieving TTL, defaulting.","commit":"7655d9c","error":"\"knativebrokerttl\" not found"}
{"level":"info","ts":"2019-12-03T21:04:25.304Z","logger":"broker_ingress","caller":"ingress/ingress_handler.go:120","msg":"Error retrieving TTL, defaulting.","commit":"7655d9c","error":"\"knativebrokerttl\" not found"}
{"level":"info","ts":"2019-12-03T21:04:25.334Z","logger":"broker_ingress","caller":"ingress/ingress_handler.go:120","msg":"Error retrieving TTL, defaulting.","commit":"7655d9c","error":"\"knativebrokerttl\" not found"}
{"level":"info","ts":"2019-12-03T21:04:25.155Z","logger":"broker_ingress","caller":"ingress/ingress_handler.go:120","msg":"Error retrieving TTL, defaulting.","commit":"7655d9c","error":"\"knativebrokerttl\" not found"}
{"level":"info","ts":"2019-12-03T21:04:25.330Z","logger":"broker_ingress","caller":"ingress/ingress_handler.go:120","msg":"Error retrieving TTL, defaulting.","commit":"7655d9c","error":"\"knativebrokerttl\" not found"}
{"level":"info","ts":"2019-12-03T21:04:25.171Z","logger":"broker_ingress","caller":"ingress/ingress_handler.go:120","msg":"Error retrieving TTL, defaulting.","commit":"7655d9c","error":"\"knativebrokerttl\" not found"}
{"level":"info","ts":"2019-12-03T21:04:25.338Z","logger":"broker_ingress","caller":"ingress/ingress_handler.go:120","msg":"Error retrieving TTL, defaulting.","commit":"7655d9c","error":"\"knativebrokerttl\" not found"}
{"level":"info","ts":"2019-12-03T21:04:25.341Z","logger":"broker_ingress","caller":"ingress/ingress_handler.go:120","msg":"Error retrieving TTL, defaulting.","commit":"7655d9c","error":"\"knativebrokerttl\" not found"}
{"level":"info","ts":"2019-12-03T21:04:25.157Z","logger":"broker_ingress","caller":"ingress/ingress_handler.go:120","msg":"Error retrieving TTL, defaulting.","commit":"7655d9c","error":"\"knativebrokerttl\" not found"}
{"level":"info","ts":"2019-12-03T21:04:25.186Z","logger":"broker_ingress","caller":"ingress/ingress_handler.go:120","msg":"Error retrieving TTL, defaulting.","commit":"7655d9c","error":"\"knativebrokerttl\" not found"}
{"level":"info","ts":"2019-12-03T21:04:25.343Z","logger":"broker_ingress","caller":"ingress/ingress_handler.go:120","msg":"Error retrieving TTL, defaulting.","commit":"7655d9c","error":"\"knativebrokerttl\" not found"}
{"level":"info","ts":"2019-12-03T21:04:25.186Z","logger":"broker_ingress","caller":"ingress/ingress_handler.go:120","msg":"Error retrieving TTL, defaulting.","commit":"7655d9c","error":"\"knativebrokerttl\" not found"}
{"level":"info","ts":"2019-12-03T21:04:25.341Z","logger":"broker_ingress","caller":"ingress/ingress_handler.go:120","msg":"Error retrieving TTL, defaulting.","commit":"7655d9c","error":"\"knativebrokerttl\" not found"}
{"level":"info","ts":"2019-12-03T21:04:25.345Z","logger":"broker_ingress","caller":"ingress/ingress_handler.go:120","msg":"Error retrieving TTL, defaulting.","commit":"7655d9c","error":"\"knativebrokerttl\" not found"}
{"level":"info","ts":"2019-12-03T21:04:25.171Z","logger":"broker_ingress","caller":"ingress/ingress_handler.go:120","msg":"Error retrieving TTL, defaulting.","commit":"7655d9c","error":"\"knativebrokerttl\" not found"}
{"level":"info","ts":"2019-12-03T21:04:25.171Z","logger":"broker_ingress","caller":"ingress/ingress_handler.go:120","msg":"Error retrieving TTL, defaulting.","commit":"7655d9c","error":"\"knativebrokerttl\" not found"}
{"level":"info","ts":"2019-12-03T21:04:25.341Z","logger":"broker_ingress","caller":"ingress/ingress_handler.go:120","msg":"Error retrieving TTL, defaulting.","commit":"7655d9c","error":"\"knativebrokerttl\" not found"}
{"level":"info","ts":"2019-12-03T21:04:25.194Z","logger":"broker_ingress","caller":"ingress/ingress_handler.go:120","msg":"Error retrieving TTL, defaulting.","commit":"7655d9c","error":"\"knativebrokerttl\" not found"}
{"level":"info","ts":"2019-12-03T21:04:25.155Z","logger":"broker_ingress","caller":"ingress/ingress_handler.go:120","msg":"Error retrieving TTL, defaulting.","commit":"7655d9c","error":"\"knativebrokerttl\" not found"}
{"level":"info","ts":"2019-12-03T21:04:25.196Z","logger":"broker_ingress","caller":"ingress/ingress_handler.go:120","msg":"Error retrieving TTL, defaulting.","commit":"7655d9c","error":"\"knativebrokerttl\" not found"}
{"level":"info","ts":"2019-12-03T21:04:25.171Z","logger":"broker_ingress","caller":"ingress/ingress_handler.go:120","msg":"Error retrieving TTL, defaulting.","commit":"7655d9c","error":"\"knativebrokerttl\" not found"}
{"level":"info","ts":"2019-12-03T21:04:25.171Z","logger":"broker_ingress","caller":"ingress/ingress_handler.go:120","msg":"Error retrieving TTL, defaulting.","commit":"7655d9c","error":"\"knativebrokerttl\" not found"}
{"level":"info","ts":"2019-12-03T21:04:25.342Z","logger":"broker_ingress","caller":"ingress/ingress_handler.go:120","msg":"Error retrieving TTL, defaulting.","commit":"7655d9c","error":"\"knativebrokerttl\" not found"}
{"level":"info","ts":"2019-12-03T21:04:25.155Z","logger":"broker_ingress","caller":"ingress/ingress_handler.go:120","msg":"Error retrieving TTL, defaulting.","commit":"7655d9c","error":"\"knativebrokerttl\" not found"}
{"level":"info","ts":"2019-12-03T21:04:25.156Z","logger":"broker_ingress","caller":"ingress/ingress_handler.go:120","msg":"Error retrieving TTL, defaulting.","commit":"7655d9c","error":"\"knativebrokerttl\" not found"}
{"level":"info","ts":"2019-12-03T21:04:25.183Z","logger":"broker_ingress","caller":"ingress/ingress_handler.go:120","msg":"Error retrieving TTL, defaulting.","commit":"7655d9c","error":"\"knativebrokerttl\" not found"}
{"level":"info","ts":"2019-12-03T21:04:25.156Z","logger":"broker_ingress","caller":"ingress/ingress_handler.go:120","msg":"Error retrieving TTL, defaulting.","commit":"7655d9c","error":"\"knativebrokerttl\" not found"}
{"level":"info","ts":"2019-12-03T21:04:25.183Z","logger":"broker_ingress","caller":"ingress/ingress_handler.go:120","msg":"Error retrieving TTL, defaulting.","commit":"7655d9c","error":"\"knativebrokerttl\" not found"}
{"level":"info","ts":"2019-12-03T21:04:25.156Z","logger":"broker_ingress","caller":"ingress/ingress_handler.go:120","msg":"Error retrieving TTL, defaulting.","commit":"7655d9c","error":"\"knativebrokerttl\" not found"}
{"level":"info","ts":"2019-12-03T21:04:25.342Z","logger":"broker_ingress","caller":"ingress/ingress_handler.go:120","msg":"Error retrieving TTL, defaulting.","commit":"7655d9c","error":"\"knativebrokerttl\" not found"}
{"level":"info","ts":"2019-12-03T21:04:25.183Z","logger":"broker_ingress","caller":"ingress/ingress_handler.go:120","msg":"Error retrieving TTL, defaulting.","commit":"7655d9c","error":"\"knativebrokerttl\" not found"}
{"level":"info","ts":"2019-12-03T21:04:25.183Z","logger":"broker_ingress","caller":"ingress/ingress_handler.go:120","msg":"Error retrieving TTL, defaulting.","commit":"7655d9c","error":"\"knativebrokerttl\" not found"}
{"level":"info","ts":"2019-12-03T21:04:25.156Z","logger":"broker_ingress","caller":"ingress/ingress_handler.go:120","msg":"Error retrieving TTL, defaulting.","commit":"7655d9c","error":"\"knativebrokerttl\" not found"}
{"level":"info","ts":"2019-12-03T21:04:25.184Z","logger":"broker_ingress","caller":"ingress/ingress_handler.go:120","msg":"Error retrieving TTL, defaulting.","commit":"7655d9c","error":"\"knativebrokerttl\" not found"}
{"level":"info","ts":"2019-12-03T21:04:25.156Z","logger":"broker_ingress","caller":"ingress/ingress_handler.go:120","msg":"Error retrieving TTL, defaulting.","commit":"7655d9c","error":"\"knativebrokerttl\" not found"}
{"level":"info","ts":"2019-12-03T21:04:25.192Z","logger":"broker_ingress","caller":"ingress/ingress_handler.go:120","msg":"Error retrieving TTL, defaulting.","commit":"7655d9c","error":"\"knativebrokerttl\" not found"}
{"level":"info","ts":"2019-12-03T21:04:25.184Z","logger":"broker_ingress","caller":"ingress/ingress_handler.go:120","msg":"Error retrieving TTL, defaulting.","commit":"7655d9c","error":"\"knativebrokerttl\" not found"}
{"level":"info","ts":"2019-12-03T21:04:25.156Z","logger":"broker_ingress","caller":"ingress/ingress_handler.go:120","msg":"Error retrieving TTL, defaulting.","commit":"7655d9c","error":"\"knativebrokerttl\" not found"}
{"level":"info","ts":"2019-12-03T21:04:25.184Z","logger":"broker_ingress","caller":"ingress/ingress_handler.go:120","msg":"Error retrieving TTL, defaulting.","commit":"7655d9c","error":"\"knativebrokerttl\" not found"}
{"level":"info","ts":"2019-12-03T21:04:25.184Z","logger":"broker_ingress","caller":"ingress/ingress_handler.go:120","msg":"Error retrieving TTL, defaulting.","commit":"7655d9c","error":"\"knativebrokerttl\" not found"}
{"level":"info","ts":"2019-12-03T21:04:25.342Z","logger":"broker_ingress","caller":"ingress/ingress_handler.go:120","msg":"Error retrieving TTL, defaulting.","commit":"7655d9c","error":"\"knativebrokerttl\" not found"}
{"level":"info","ts":"2019-12-03T21:04:25.185Z","logger":"broker_ingress","caller":"ingress/ingress_handler.go:120","msg":"Error retrieving TTL, defaulting.","commit":"7655d9c","error":"\"knativebrokerttl\" not found"}
{"level":"info","ts":"2019-12-03T21:04:25.185Z","logger":"broker_ingress","caller":"ingress/ingress_handler.go:120","msg":"Error retrieving TTL, defaulting.","commit":"7655d9c","error":"\"knativebrokerttl\" not found"}
{"level":"info","ts":"2019-12-03T21:04:25.185Z","logger":"broker_ingress","caller":"ingress/ingress_handler.go:120","msg":"Error retrieving TTL, defaulting.","commit":"7655d9c","error":"\"knativebrokerttl\" not found"}
{"level":"info","ts":"2019-12-03T21:04:25.185Z","logger":"broker_ingress","caller":"ingress/ingress_handler.go:120","msg":"Error retrieving TTL, defaulting.","commit":"7655d9c","error":"\"knativebrokerttl\" not found"}
{"level":"info","ts":"2019-12-03T21:04:25.157Z","logger":"broker_ingress","caller":"ingress/ingress_handler.go:120","msg":"Error retrieving TTL, defaulting.","commit":"7655d9c","error":"\"knativebrokerttl\" not found"}
{"level":"info","ts":"2019-12-03T21:04:25.185Z","logger":"broker_ingress","caller":"ingress/ingress_handler.go:120","msg":"Error retrieving TTL, defaulting.","commit":"7655d9c","error":"\"knativebrokerttl\" not found"}
{"level":"info","ts":"2019-12-03T21:04:25.185Z","logger":"broker_ingress","caller":"ingress/ingress_handler.go:120","msg":"Error retrieving TTL, defaulting.","commit":"7655d9c","error":"\"knativebrokerttl\" not found"}
{"level":"info","ts":"2019-12-03T21:04:25.157Z","logger":"broker_ingress","caller":"ingress/ingress_handler.go:120","msg":"Error retrieving TTL, defaulting.","commit":"7655d9c","error":"\"knativebrokerttl\" not found"}
{"level":"info","ts":"2019-12-03T21:04:25.186Z","logger":"broker_ingress","caller":"ingress/ingress_handler.go:120","msg":"Error retrieving TTL, defaulting.","commit":"7655d9c","error":"\"knativebrokerttl\" not found"}
{"level":"info","ts":"2019-12-03T21:04:25.186Z","logger":"broker_ingress","caller":"ingress/ingress_handler.go:120","msg":"Error retrieving TTL, defaulting.","commit":"7655d9c","error":"\"knativebrokerttl\" not found"}
{"level":"info","ts":"2019-12-03T21:04:25.343Z","logger":"broker_ingress","caller":"ingress/ingress_handler.go:120","msg":"Error retrieving TTL, defaulting.","commit":"7655d9c","error":"\"knativebrokerttl\" not found"}
{"level":"info","ts":"2019-12-03T21:04:25.186Z","logger":"broker_ingress","caller":"ingress/ingress_handler.go:120","msg":"Error retrieving TTL, defaulting.","commit":"7655d9c","error":"\"knativebrokerttl\" not found"}
{"level":"info","ts":"2019-12-03T21:04:25.157Z","logger":"broker_ingress","caller":"ingress/ingress_handler.go:120","msg":"Error retrieving TTL, defaulting.","commit":"7655d9c","error":"\"knativebrokerttl\" not found"}
{"level":"info","ts":"2019-12-03T21:04:25.186Z","logger":"broker_ingress","caller":"ingress/ingress_handler.go:120","msg":"Error retrieving TTL, defaulting.","commit":"7655d9c","error":"\"knativebrokerttl\" not found"}
{"level":"info","ts":"2019-12-03T21:04:25.157Z","logger":"broker_ingress","caller":"ingress/ingress_handler.go:120","msg":"Error retrieving TTL, defaulting.","commit":"7655d9c","error":"\"knativebrokerttl\" not found"}
{"level":"info","ts":"2019-12-03T21:04:25.187Z","logger":"broker_ingress","caller":"ingress/ingress_handler.go:120","msg":"Error retrieving TTL, defaulting.","commit":"7655d9c","error":"\"knativebrokerttl\" not found"}
{"level":"info","ts":"2019-12-03T21:04:25.157Z","logger":"broker_ingress","caller":"ingress/ingress_handler.go:120","msg":"Error retrieving TTL, defaulting.","commit":"7655d9c","error":"\"knativebrokerttl\" not found"}
{"level":"info","ts":"2019-12-03T21:04:25.157Z","logger":"broker_ingress","caller":"ingress/ingress_handler.go:120","msg":"Error retrieving TTL, defaulting.","commit":"7655d9c","error":"\"knativebrokerttl\" not found"}
{"level":"info","ts":"2019-12-03T21:04:25.187Z","logger":"broker_ingress","caller":"ingress/ingress_handler.go:120","msg":"Error retrieving TTL, defaulting.","commit":"7655d9c","error":"\"knativebrokerttl\" not found"}
{"level":"info","ts":"2019-12-03T21:04:25.157Z","logger":"broker_ingress","caller":"ingress/ingress_handler.go:120","msg":"Error retrieving TTL, defaulting.","commit":"7655d9c","error":"\"knativebrokerttl\" not found"}
{"level":"info","ts":"2019-12-03T21:04:25.187Z","logger":"broker_ingress","caller":"ingress/ingress_handler.go:120","msg":"Error retrieving TTL, defaulting.","commit":"7655d9c","error":"\"knativebrokerttl\" not found"}
{"level":"info","ts":"2019-12-03T21:04:25.341Z","logger":"broker_ingress","caller":"ingress/ingress_handler.go:120","msg":"Error retrieving TTL, defaulting.","commit":"7655d9c","error":"\"knativebrokerttl\" not found"}
{"level":"info","ts":"2019-12-03T21:04:25.187Z","logger":"broker_ingress","caller":"ingress/ingress_handler.go:120","msg":"Error retrieving TTL, defaulting.","commit":"7655d9c","error":"\"knativebrokerttl\" not found"}
{"level":"info","ts":"2019-12-03T21:04:25.158Z","logger":"broker_ingress","caller":"ingress/ingress_handler.go:120","msg":"Error retrieving TTL, defaulting.","commit":"7655d9c","error":"\"knativebrokerttl\" not found"}
{"level":"info","ts":"2019-12-03T21:04:25.188Z","logger":"broker_ingress","caller":"ingress/ingress_handler.go:120","msg":"Error retrieving TTL, defaulting.","commit":"7655d9c","error":"\"knativebrokerttl\" not found"}
{"level":"info","ts":"2019-12-03T21:04:25.188Z","logger":"broker_ingress","caller":"ingress/ingress_handler.go:120","msg":"Error retrieving TTL, defaulting.","commit":"7655d9c","error":"\"knativebrokerttl\" not found"}
{"level":"info","ts":"2019-12-03T21:04:25.158Z","logger":"broker_ingress","caller":"ingress/ingress_handler.go:120","msg":"Error retrieving TTL, defaulting.","commit":"7655d9c","error":"\"knativebrokerttl\" not found"}
{"level":"info","ts":"2019-12-03T21:04:25.188Z","logger":"broker_ingress","caller":"ingress/ingress_handler.go:120","msg":"Error retrieving TTL, defaulting.","commit":"7655d9c","error":"\"knativebrokerttl\" not found"}
{"level":"info","ts":"2019-12-03T21:04:25.188Z","logger":"broker_ingress","caller":"ingress/ingress_handler.go:120","msg":"Error retrieving TTL, defaulting.","commit":"7655d9c","error":"\"knativebrokerttl\" not found"}
{"level":"info","ts":"2019-12-03T21:04:25.188Z","logger":"broker_ingress","caller":"ingress/ingress_handler.go:120","msg":"Error retrieving TTL, defaulting.","commit":"7655d9c","error":"\"knativebrokerttl\" not found"}
{"level":"info","ts":"2019-12-03T21:04:25.158Z","logger":"broker_ingress","caller":"ingress/ingress_handler.go:120","msg":"Error retrieving TTL, defaulting.","commit":"7655d9c","error":"\"knativebrokerttl\" not found"}
{"level":"info","ts":"2019-12-03T21:04:25.188Z","logger":"broker_ingress","caller":"ingress/ingress_handler.go:120","msg":"Error retrieving TTL, defaulting.","commit":"7655d9c","error":"\"knativebrokerttl\" not found"}
{"level":"info","ts":"2019-12-03T21:04:25.158Z","logger":"broker_ingress","caller":"ingress/ingress_handler.go:120","msg":"Error retrieving TTL, defaulting.","commit":"7655d9c","error":"\"knativebrokerttl\" not found"}
{"level":"info","ts":"2019-12-03T21:04:25.189Z","logger":"broker_ingress","caller":"ingress/ingress_handler.go:120","msg":"Error retrieving TTL, defaulting.","commit":"7655d9c","error":"\"knativebrokerttl\" not found"}
{"level":"info","ts":"2019-12-03T21:04:25.344Z","logger":"broker_ingress","caller":"ingress/ingress_handler.go:120","msg":"Error retrieving TTL, defaulting.","commit":"7655d9c","error":"\"knativebrokerttl\" not found"}
{"level":"info","ts":"2019-12-03T21:04:25.189Z","logger":"broker_ingress","caller":"ingress/ingress_handler.go:120","msg":"Error retrieving TTL, defaulting.","commit":"7655d9c","error":"\"knativebrokerttl\" not found"}
{"level":"info","ts":"2019-12-03T21:04:25.159Z","logger":"broker_ingress","caller":"ingress/ingress_handler.go:120","msg":"Error retrieving TTL, defaulting.","commit":"7655d9c","error":"\"knativebrokerttl\" not found"}
{"level":"info","ts":"2019-12-03T21:04:25.189Z","logger":"broker_ingress","caller":"ingress/ingress_handler.go:120","msg":"Error retrieving TTL, defaulting.","commit":"7655d9c","error":"\"knativebrokerttl\" not found"}
{"level":"info","ts":"2019-12-03T21:04:25.162Z","logger":"broker_ingress","caller":"ingress/ingress_handler.go:120","msg":"Error retrieving TTL, defaulting.","commit":"7655d9c","error":"\"knativebrokerttl\" not found"}
{"level":"info","ts":"2019-12-03T21:04:25.189Z","logger":"broker_ingress","caller":"ingress/ingress_handler.go:120","msg":"Error retrieving TTL, defaulting.","commit":"7655d9c","error":"\"knativebrokerttl\" not found"}
{"level":"info","ts":"2019-12-03T21:04:25.197Z","logger":"broker_ingress","caller":"ingress/ingress_handler.go:120","msg":"Error retrieving TTL, defaulting.","commit":"7655d9c","error":"\"knativebrokerttl\" not found"}
{"level":"info","ts":"2019-12-03T21:04:25.344Z","logger":"broker_ingress","caller":"ingress/ingress_handler.go:120","msg":"Error retrieving TTL, defaulting.","commit":"7655d9c","error":"\"knativebrokerttl\" not found"}
{"level":"info","ts":"2019-12-03T21:04:25.192Z","logger":"broker_ingress","caller":"ingress/ingress_handler.go:120","msg":"Error retrieving TTL, defaulting.","commit":"7655d9c","error":"\"knativebrokerttl\" not found"}
{"level":"info","ts":"2019-12-03T21:04:25.344Z","logger":"broker_ingress","caller":"ingress/ingress_handler.go:120","msg":"Error retrieving TTL, defaulting.","commit":"7655d9c","error":"\"knativebrokerttl\" not found"}
{"level":"info","ts":"2019-12-03T21:04:25.192Z","logger":"broker_ingress","caller":"ingress/ingress_handler.go:120","msg":"Error retrieving TTL, defaulting.","commit":"7655d9c","error":"\"knativebrokerttl\" not found"}
{"level":"info","ts":"2019-12-03T21:04:25.344Z","logger":"broker_ingress","caller":"ingress/ingress_handler.go:120","msg":"Error retrieving TTL, defaulting.","commit":"7655d9c","error":"\"knativebrokerttl\" not found"}
{"level":"info","ts":"2019-12-03T21:04:25.344Z","logger":"broker_ingress","caller":"ingress/ingress_handler.go:120","msg":"Error retrieving TTL, defaulting.","commit":"7655d9c","error":"\"knativebrokerttl\" not found"}
{"level":"info","ts":"2019-12-03T21:04:25.193Z","logger":"broker_ingress","caller":"ingress/ingress_handler.go:120","msg":"Error retrieving TTL, defaulting.","commit":"7655d9c","error":"\"knativebrokerttl\" not found"}
{"level":"info","ts":"2019-12-03T21:04:25.194Z","logger":"broker_ingress","caller":"ingress/ingress_handler.go:120","msg":"Error retrieving TTL, defaulting.","commit":"7655d9c","error":"\"knativebrokerttl\" not found"}
{"level":"info","ts":"2019-12-03T21:04:25.345Z","logger":"broker_ingress","caller":"ingress/ingress_handler.go:120","msg":"Error retrieving TTL, defaulting.","commit":"7655d9c","error":"\"knativebrokerttl\" not found"}
{"level":"info","ts":"2019-12-03T21:04:25.194Z","logger":"broker_ingress","caller":"ingress/ingress_handler.go:120","msg":"Error retrieving TTL, defaulting.","commit":"7655d9c","error":"\"knativebrokerttl\" not found"}
{"level":"info","ts":"2019-12-03T21:04:25.194Z","logger":"broker_ingress","caller":"ingress/ingress_handler.go:120","msg":"Error retrieving TTL, defaulting.","commit":"7655d9c","error":"\"knativebrokerttl\" not found"}
{"level":"info","ts":"2019-12-03T21:04:25.346Z","logger":"broker_ingress","caller":"ingress/ingress_handler.go:120","msg":"Error retrieving TTL, defaulting.","commit":"7655d9c","error":"\"knativebrokerttl\" not found"}
{"level":"info","ts":"2019-12-03T21:04:25.196Z","logger":"broker_ingress","caller":"ingress/ingress_handler.go:120","msg":"Error retrieving TTL, defaulting.","commit":"7655d9c","error":"\"knativebrokerttl\" not found"}
{"level":"info","ts":"2019-12-03T21:04:25.195Z","logger":"broker_ingress","caller":"ingress/ingress_handler.go:120","msg":"Error retrieving TTL, defaulting.","commit":"7655d9c","error":"\"knativebrokerttl\" not found"}
{"level":"info","ts":"2019-12-03T21:04:25.196Z","logger":"broker_ingress","caller":"ingress/ingress_handler.go:120","msg":"Error retrieving TTL, defaulting.","commit":"7655d9c","error":"\"knativebrokerttl\" not found"}
{"level":"info","ts":"2019-12-03T21:04:25.196Z","logger":"broker_ingress","caller":"ingress/ingress_handler.go:120","msg":"Error retrieving TTL, defaulting.","commit":"7655d9c","error":"\"knativebrokerttl\" not found"}
{"level":"info","ts":"2019-12-03T21:04:25.197Z","logger":"broker_ingress","caller":"ingress/ingress_handler.go:120","msg":"Error retrieving TTL, defaulting.","commit":"7655d9c","error":"\"knativebrokerttl\" not found"}
{"level":"info","ts":"2019-12-03T21:04:25.196Z","logger":"broker_ingress","caller":"ingress/ingress_handler.go:120","msg":"Error retrieving TTL, defaulting.","commit":"7655d9c","error":"\"knativebrokerttl\" not found"}
{"level":"info","ts":"2019-12-03T21:04:25.347Z","logger":"broker_ingress","caller":"ingress/ingress_handler.go:120","msg":"Error retrieving TTL, defaulting.","commit":"7655d9c","error":"\"knativebrokerttl\" not found"}
{"level":"info","ts":"2019-12-03T21:04:25.348Z","logger":"broker_ingress","caller":"ingress/ingress_handler.go:120","msg":"Error retrieving TTL, defaulting.","commit":"7655d9c","error":"\"knativebrokerttl\" not found"}
{"level":"info","ts":"2019-12-03T21:04:25.348Z","logger":"broker_ingress","caller":"ingress/ingress_handler.go:120","msg":"Error retrieving TTL, defaulting.","commit":"7655d9c","error":"\"knativebrokerttl\" not found"}
{"level":"info","ts":"2019-12-03T21:04:25.349Z","logger":"broker_ingress","caller":"ingress/ingress_handler.go:120","msg":"Error retrieving TTL, defaulting.","commit":"7655d9c","error":"\"knativebrokerttl\" not found"}
{"level":"info","ts":"2019-12-03T21:04:25.349Z","logger":"broker_ingress","caller":"ingress/ingress_handler.go:120","msg":"Error retrieving TTL, defaulting.","commit":"7655d9c","error":"\"knativebrokerttl\" not found"}
{"level":"info","ts":"2019-12-03T21:04:25.349Z","logger":"broker_ingress","caller":"ingress/ingress_handler.go:120","msg":"Error retrieving TTL, defaulting.","commit":"7655d9c","error":"\"knativebrokerttl\" not found"}
{"level":"info","ts":"2019-12-03T21:04:25.350Z","logger":"broker_ingress","caller":"ingress/ingress_handler.go:120","msg":"Error retrieving TTL, defaulting.","commit":"7655d9c","error":"\"knativebrokerttl\" not found"}
{"level":"info","ts":"2019-12-03T21:04:25.352Z","logger":"broker_ingress","caller":"ingress/ingress_handler.go:120","msg":"Error retrieving TTL, defaulting.","commit":"7655d9c","error":"\"knativebrokerttl\" not found"}
{"level":"info","ts":"2019-12-03T21:04:25.352Z","logger":"broker_ingress","caller":"ingress/ingress_handler.go:120","msg":"Error retrieving TTL, defaulting.","commit":"7655d9c","error":"\"knativebrokerttl\" not found"}
{"level":"info","ts":"2019-12-03T21:04:25.353Z","logger":"broker_ingress","caller":"ingress/ingress_handler.go:120","msg":"Error retrieving TTL, defaulting.","commit":"7655d9c","error":"\"knativebrokerttl\" not found"}
{"level":"info","ts":"2019-12-03T21:04:25.353Z","logger":"broker_ingress","caller":"ingress/ingress_handler.go:120","msg":"Error retrieving TTL, defaulting.","commit":"7655d9c","error":"\"knativebrokerttl\" not found"}
{"level":"info","ts":"2019-12-03T21:04:25.353Z","logger":"broker_ingress","caller":"ingress/ingress_handler.go:120","msg":"Error retrieving TTL, defaulting.","commit":"7655d9c","error":"\"knativebrokerttl\" not found"}
{"level":"info","ts":"2019-12-03T21:04:25.353Z","logger":"broker_ingress","caller":"ingress/ingress_handler.go:120","msg":"Error retrieving TTL, defaulting.","commit":"7655d9c","error":"\"knativebrokerttl\" not found"}
{"level":"info","ts":"2019-12-03T21:04:25.354Z","logger":"broker_ingress","caller":"ingress/ingress_handler.go:120","msg":"Error retrieving TTL, defaulting.","commit":"7655d9c","error":"\"knativebrokerttl\" not found"}
{"level":"info","ts":"2019-12-03T21:04:25.354Z","logger":"broker_ingress","caller":"ingress/ingress_handler.go:120","msg":"Error retrieving TTL, defaulting.","commit":"7655d9c","error":"\"knativebrokerttl\" not found"}
{"level":"info","ts":"2019-12-03T21:04:25.355Z","logger":"broker_ingress","caller":"ingress/ingress_handler.go:120","msg":"Error retrieving TTL, defaulting.","commit":"7655d9c","error":"\"knativebrokerttl\" not found"}
{"level":"info","ts":"2019-12-03T21:04:25.356Z","logger":"broker_ingress","caller":"ingress/ingress_handler.go:120","msg":"Error retrieving TTL, defaulting.","commit":"7655d9c","error":"\"knativebrokerttl\" not found"}
{"level":"info","ts":"2019-12-03T21:04:25.356Z","logger":"broker_ingress","caller":"ingress/ingress_handler.go:120","msg":"Error retrieving TTL, defaulting.","commit":"7655d9c","error":"\"knativebrokerttl\" not found"}
{"level":"info","ts":"2019-12-03T21:04:25.357Z","logger":"broker_ingress","caller":"ingress/ingress_handler.go:120","msg":"Error retrieving TTL, defaulting.","commit":"7655d9c","error":"\"knativebrokerttl\" not found"}
{"level":"info","ts":"2019-12-03T21:04:25.357Z","logger":"broker_ingress","caller":"ingress/ingress_handler.go:120","msg":"Error retrieving TTL, defaulting.","commit":"7655d9c","error":"\"knativebrokerttl\" not found"}
{"level":"info","ts":"2019-12-03T21:04:25.357Z","logger":"broker_ingress","caller":"ingress/ingress_handler.go:120","msg":"Error retrieving TTL, defaulting.","commit":"7655d9c","error":"\"knativebrokerttl\" not found"}
{"level":"info","ts":"2019-12-03T21:04:25.262Z","logger":"broker_ingress","caller":"ingress/ingress_handler.go:120","msg":"Error retrieving TTL, defaulting.","commit":"7655d9c","error":"\"knativebrokerttl\" not found"}
{"level":"info","ts":"2019-12-03T21:04:25.262Z","logger":"broker_ingress","caller":"ingress/ingress_handler.go:120","msg":"Error retrieving TTL, defaulting.","commit":"7655d9c","error":"\"knativebrokerttl\" not found"}
{"level":"info","ts":"2019-12-03T21:04:25.357Z","logger":"broker_ingress","caller":"ingress/ingress_handler.go:120","msg":"Error retrieving TTL, defaulting.","commit":"7655d9c","error":"\"knativebrokerttl\" not found"}
{"level":"info","ts":"2019-12-03T21:04:25.262Z","logger":"broker_ingress","caller":"ingress/ingress_handler.go:120","msg":"Error retrieving TTL, defaulting.","commit":"7655d9c","error":"\"knativebrokerttl\" not found"}
{"level":"info","ts":"2019-12-03T21:04:25.262Z","logger":"broker_ingress","caller":"ingress/ingress_handler.go:120","msg":"Error retrieving TTL, defaulting.","commit":"7655d9c","error":"\"knativebrokerttl\" not found"}
{"level":"info","ts":"2019-12-03T21:04:25.262Z","logger":"broker_ingress","caller":"ingress/ingress_handler.go:120","msg":"Error retrieving TTL, defaulting.","commit":"7655d9c","error":"\"knativebrokerttl\" not found"}
{"level":"info","ts":"2019-12-03T21:04:25.262Z","logger":"broker_ingress","caller":"ingress/ingress_handler.go:120","msg":"Error retrieving TTL, defaulting.","commit":"7655d9c","error":"\"knativebrokerttl\" not found"}
{"level":"info","ts":"2019-12-03T21:04:25.263Z","logger":"broker_ingress","caller":"ingress/ingress_handler.go:120","msg":"Error retrieving TTL, defaulting.","commit":"7655d9c","error":"\"knativebrokerttl\" not found"}
{"level":"info","ts":"2019-12-03T21:04:25.263Z","logger":"broker_ingress","caller":"ingress/ingress_handler.go:120","msg":"Error retrieving TTL, defaulting.","commit":"7655d9c","error":"\"knativebrokerttl\" not found"}
{"level":"info","ts":"2019-12-03T21:04:25.263Z","logger":"broker_ingress","caller":"ingress/ingress_handler.go:120","msg":"Error retrieving TTL, defaulting.","commit":"7655d9c","error":"\"knativebrokerttl\" not found"}
{"level":"info","ts":"2019-12-03T21:04:25.264Z","logger":"broker_ingress","caller":"ingress/ingress_handler.go:120","msg":"Error retrieving TTL, defaulting.","commit":"7655d9c","error":"\"knativebrokerttl\" not found"}
{"level":"info","ts":"2019-12-03T21:04:25.264Z","logger":"broker_ingress","caller":"ingress/ingress_handler.go:120","msg":"Error retrieving TTL, defaulting.","commit":"7655d9c","error":"\"knativebrokerttl\" not found"}
{"level":"info","ts":"2019-12-03T21:04:25.264Z","logger":"broker_ingress","caller":"ingress/ingress_handler.go:120","msg":"Error retrieving TTL, defaulting.","commit":"7655d9c","error":"\"knativebrokerttl\" not found"}
{"level":"info","ts":"2019-12-03T21:04:25.264Z","logger":"broker_ingress","caller":"ingress/ingress_handler.go:120","msg":"Error retrieving TTL, defaulting.","commit":"7655d9c","error":"\"knativebrokerttl\" not found"}
{"level":"info","ts":"2019-12-03T21:04:25.265Z","logger":"broker_ingress","caller":"ingress/ingress_handler.go:120","msg":"Error retrieving TTL, defaulting.","commit":"7655d9c","error":"\"knativebrokerttl\" not found"}
{"level":"info","ts":"2019-12-03T21:04:25.265Z","logger":"broker_ingress","caller":"ingress/ingress_handler.go:120","msg":"Error retrieving TTL, defaulting.","commit":"7655d9c","error":"\"knativebrokerttl\" not found"}
{"level":"info","ts":"2019-12-03T21:04:25.357Z","logger":"broker_ingress","caller":"ingress/ingress_handler.go:120","msg":"Error retrieving TTL, defaulting.","commit":"7655d9c","error":"\"knativebrokerttl\" not found"}
{"level":"info","ts":"2019-12-03T21:04:25.357Z","logger":"broker_ingress","caller":"ingress/ingress_handler.go:120","msg":"Error retrieving TTL, defaulting.","commit":"7655d9c","error":"\"knativebrokerttl\" not found"}
{"level":"info","ts":"2019-12-03T21:04:25.358Z","logger":"broker_ingress","caller":"ingress/ingress_handler.go:120","msg":"Error retrieving TTL, defaulting.","commit":"7655d9c","error":"\"knativebrokerttl\" not found"}
{"level":"info","ts":"2019-12-03T21:04:25.358Z","logger":"broker_ingress","caller":"ingress/ingress_handler.go:120","msg":"Error retrieving TTL, defaulting.","commit":"7655d9c","error":"\"knativebrokerttl\" not found"}
{"level":"info","ts":"2019-12-03T21:04:25.360Z","logger":"broker_ingress","caller":"ingress/ingress_handler.go:120","msg":"Error retrieving TTL, defaulting.","commit":"7655d9c","error":"\"knativebrokerttl\" not found"}
{"level":"info","ts":"2019-12-03T21:04:25.360Z","logger":"broker_ingress","caller":"ingress/ingress_handler.go:120","msg":"Error retrieving TTL, defaulting.","commit":"7655d9c","error":"\"knativebrokerttl\" not found"}
{"level":"info","ts":"2019-12-03T21:04:25.361Z","logger":"broker_ingress","caller":"ingress/ingress_handler.go:120","msg":"Error retrieving TTL, defaulting.","commit":"7655d9c","error":"\"knativebrokerttl\" not found"}
{"level":"info","ts":"2019-12-03T21:04:25.361Z","logger":"broker_ingress","caller":"ingress/ingress_handler.go:120","msg":"Error retrieving TTL, defaulting.","commit":"7655d9c","error":"\"knativebrokerttl\" not found"}
{"level":"info","ts":"2019-12-03T21:04:25.362Z","logger":"broker_ingress","caller":"ingress/ingress_handler.go:120","msg":"Error retrieving TTL, defaulting.","commit":"7655d9c","error":"\"knativebrokerttl\" not found"}
{"level":"info","ts":"2019-12-03T21:04:25.362Z","logger":"broker_ingress","caller":"ingress/ingress_handler.go:120","msg":"Error retrieving TTL, defaulting.","commit":"7655d9c","error":"\"knativebrokerttl\" not found"}
{"level":"info","ts":"2019-12-03T21:04:25.362Z","logger":"broker_ingress","caller":"ingress/ingress_handler.go:120","msg":"Error retrieving TTL, defaulting.","commit":"7655d9c","error":"\"knativebrokerttl\" not found"}
{"level":"info","ts":"2019-12-03T21:04:25.362Z","logger":"broker_ingress","caller":"ingress/ingress_handler.go:120","msg":"Error retrieving TTL, defaulting.","commit":"7655d9c","error":"\"knativebrokerttl\" not found"}
{"level":"info","ts":"2019-12-03T21:04:25.366Z","logger":"broker_ingress","caller":"ingress/ingress_handler.go:120","msg":"Error retrieving TTL, defaulting.","commit":"7655d9c","error":"\"knativebrokerttl\" not found"}
{"level":"info","ts":"2019-12-03T21:04:25.366Z","logger":"broker_ingress","caller":"ingress/ingress_handler.go:120","msg":"Error retrieving TTL, defaulting.","commit":"7655d9c","error":"\"knativebrokerttl\" not found"}
{"level":"info","ts":"2019-12-03T21:04:25.366Z","logger":"broker_ingress","caller":"ingress/ingress_handler.go:120","msg":"Error retrieving TTL, defaulting.","commit":"7655d9c","error":"\"knativebrokerttl\" not found"}
{"level":"info","ts":"2019-12-03T21:04:25.366Z","logger":"broker_ingress","caller":"ingress/ingress_handler.go:120","msg":"Error retrieving TTL, defaulting.","commit":"7655d9c","error":"\"knativebrokerttl\" not found"}
{"level":"info","ts":"2019-12-03T21:04:25.366Z","logger":"broker_ingress","caller":"ingress/ingress_handler.go:120","msg":"Error retrieving TTL, defaulting.","commit":"7655d9c","error":"\"knativebrokerttl\" not found"}
{"level":"info","ts":"2019-12-03T21:04:25.367Z","logger":"broker_ingress","caller":"ingress/ingress_handler.go:120","msg":"Error retrieving TTL, defaulting.","commit":"7655d9c","error":"\"knativebrokerttl\" not found"}
{"level":"info","ts":"2019-12-03T21:04:25.367Z","logger":"broker_ingress","caller":"ingress/ingress_handler.go:120","msg":"Error retrieving TTL, defaulting.","commit":"7655d9c","error":"\"knativebrokerttl\" not found"}
{"level":"info","ts":"2019-12-03T21:04:25.367Z","logger":"broker_ingress","caller":"ingress/ingress_handler.go:120","msg":"Error retrieving TTL, defaulting.","commit":"7655d9c","error":"\"knativebrokerttl\" not found"}
{"level":"info","ts":"2019-12-03T21:04:25.367Z","logger":"broker_ingress","caller":"ingress/ingress_handler.go:120","msg":"Error retrieving TTL, defaulting.","commit":"7655d9c","error":"\"knativebrokerttl\" not found"}
{"level":"info","ts":"2019-12-03T21:04:25.367Z","logger":"broker_ingress","caller":"ingress/ingress_handler.go:120","msg":"Error retrieving TTL, defaulting.","commit":"7655d9c","error":"\"knativebrokerttl\" not found"}
{"level":"info","ts":"2019-12-03T21:04:25.367Z","logger":"broker_ingress","caller":"ingress/ingress_handler.go:120","msg":"Error retrieving TTL, defaulting.","commit":"7655d9c","error":"\"knativebrokerttl\" not found"}
{"level":"info","ts":"2019-12-03T21:04:25.367Z","logger":"broker_ingress","caller":"ingress/ingress_handler.go:120","msg":"Error retrieving TTL, defaulting.","commit":"7655d9c","error":"\"knativebrokerttl\" not found"}
{"level":"info","ts":"2019-12-03T21:04:25.367Z","logger":"broker_ingress","caller":"ingress/ingress_handler.go:120","msg":"Error retrieving TTL, defaulting.","commit":"7655d9c","error":"\"knativebrokerttl\" not found"}
{"level":"info","ts":"2019-12-03T21:04:25.367Z","logger":"broker_ingress","caller":"ingress/ingress_handler.go:120","msg":"Error retrieving TTL, defaulting.","commit":"7655d9c","error":"\"knativebrokerttl\" not found"}
{"level":"info","ts":"2019-12-03T21:04:25.367Z","logger":"broker_ingress","caller":"ingress/ingress_handler.go:120","msg":"Error retrieving TTL, defaulting.","commit":"7655d9c","error":"\"knativebrokerttl\" not found"}
{"level":"info","ts":"2019-12-03T21:04:25.368Z","logger":"broker_ingress","caller":"ingress/ingress_handler.go:120","msg":"Error retrieving TTL, defaulting.","commit":"7655d9c","error":"\"knativebrokerttl\" not found"}
{"level":"info","ts":"2019-12-03T21:04:25.368Z","logger":"broker_ingress","caller":"ingress/ingress_handler.go:120","msg":"Error retrieving TTL, defaulting.","commit":"7655d9c","error":"\"knativebrokerttl\" not found"}
{"level":"info","ts":"2019-12-03T21:04:25.368Z","logger":"broker_ingress","caller":"ingress/ingress_handler.go:120","msg":"Error retrieving TTL, defaulting.","commit":"7655d9c","error":"\"knativebrokerttl\" not found"}
{"level":"info","ts":"2019-12-03T21:04:25.368Z","logger":"broker_ingress","caller":"ingress/ingress_handler.go:120","msg":"Error retrieving TTL, defaulting.","commit":"7655d9c","error":"\"knativebrokerttl\" not found"}
{"level":"info","ts":"2019-12-03T21:04:25.368Z","logger":"broker_ingress","caller":"ingress/ingress_handler.go:120","msg":"Error retrieving TTL, defaulting.","commit":"7655d9c","error":"\"knativebrokerttl\" not found"}
{"level":"info","ts":"2019-12-03T21:04:25.368Z","logger":"broker_ingress","caller":"ingress/ingress_handler.go:120","msg":"Error retrieving TTL, defaulting.","commit":"7655d9c","error":"\"knativebrokerttl\" not found"}
{"level":"info","ts":"2019-12-03T21:04:25.369Z","logger":"broker_ingress","caller":"ingress/ingress_handler.go:120","msg":"Error retrieving TTL, defaulting.","commit":"7655d9c","error":"\"knativebrokerttl\" not found"}
{"level":"info","ts":"2019-12-03T21:04:25.370Z","logger":"broker_ingress","caller":"ingress/ingress_handler.go:120","msg":"Error retrieving TTL, defaulting.","commit":"7655d9c","error":"\"knativebrokerttl\" not found"}
{"level":"info","ts":"2019-12-03T21:04:25.370Z","logger":"broker_ingress","caller":"ingress/ingress_handler.go:120","msg":"Error retrieving TTL, defaulting.","commit":"7655d9c","error":"\"knativebrokerttl\" not found"}
{"level":"info","ts":"2019-12-03T21:04:25.370Z","logger":"broker_ingress","caller":"ingress/ingress_handler.go:120","msg":"Error retrieving TTL, defaulting.","commit":"7655d9c","error":"\"knativebrokerttl\" not found"}
{"level":"info","ts":"2019-12-03T21:04:25.370Z","logger":"broker_ingress","caller":"ingress/ingress_handler.go:120","msg":"Error retrieving TTL, defaulting.","commit":"7655d9c","error":"\"knativebrokerttl\" not found"}
{"level":"info","ts":"2019-12-03T21:04:25.371Z","logger":"broker_ingress","caller":"ingress/ingress_handler.go:120","msg":"Error retrieving TTL, defaulting.","commit":"7655d9c","error":"\"knativebrokerttl\" not found"}
{"level":"info","ts":"2019-12-03T21:04:25.371Z","logger":"broker_ingress","caller":"ingress/ingress_handler.go:120","msg":"Error retrieving TTL, defaulting.","commit":"7655d9c","error":"\"knativebrokerttl\" not found"}
{"level":"info","ts":"2019-12-03T21:04:25.371Z","logger":"broker_ingress","caller":"ingress/ingress_handler.go:120","msg":"Error retrieving TTL, defaulting.","commit":"7655d9c","error":"\"knativebrokerttl\" not found"}
{"level":"info","ts":"2019-12-03T21:04:25.372Z","logger":"broker_ingress","caller":"ingress/ingress_handler.go:120","msg":"Error retrieving TTL, defaulting.","commit":"7655d9c","error":"\"knativebrokerttl\" not found"}
{"level":"info","ts":"2019-12-03T21:04:25.372Z","logger":"broker_ingress","caller":"ingress/ingress_handler.go:120","msg":"Error retrieving TTL, defaulting.","commit":"7655d9c","error":"\"knativebrokerttl\" not found"}
{"level":"info","ts":"2019-12-03T21:04:25.372Z","logger":"broker_ingress","caller":"ingress/ingress_handler.go:120","msg":"Error retrieving TTL, defaulting.","commit":"7655d9c","error":"\"knativebrokerttl\" not found"}
{"level":"info","ts":"2019-12-03T21:04:25.373Z","logger":"broker_ingress","caller":"ingress/ingress_handler.go:120","msg":"Error retrieving TTL, defaulting.","commit":"7655d9c","error":"\"knativebrokerttl\" not found"}
{"level":"info","ts":"2019-12-03T21:04:25.373Z","logger":"broker_ingress","caller":"ingress/ingress_handler.go:120","msg":"Error retrieving TTL, defaulting.","commit":"7655d9c","error":"\"knativebrokerttl\" not found"}
{"level":"info","ts":"2019-12-03T21:04:25.274Z","logger":"broker_ingress","caller":"ingress/ingress_handler.go:120","msg":"Error retrieving TTL, defaulting.","commit":"7655d9c","error":"\"knativebrokerttl\" not found"}
{"level":"info","ts":"2019-12-03T21:04:25.278Z","logger":"broker_ingress","caller":"ingress/ingress_handler.go:120","msg":"Error retrieving TTL, defaulting.","commit":"7655d9c","error":"\"knativebrokerttl\" not found"}
{"level":"info","ts":"2019-12-03T21:04:25.278Z","logger":"broker_ingress","caller":"ingress/ingress_handler.go:120","msg":"Error retrieving TTL, defaulting.","commit":"7655d9c","error":"\"knativebrokerttl\" not found"}
{"level":"info","ts":"2019-12-03T21:04:25.279Z","logger":"broker_ingress","caller":"ingress/ingress_handler.go:120","msg":"Error retrieving TTL, defaulting.","commit":"7655d9c","error":"\"knativebrokerttl\" not found"}
{"level":"info","ts":"2019-12-03T21:04:25.279Z","logger":"broker_ingress","caller":"ingress/ingress_handler.go:120","msg":"Error retrieving TTL, defaulting.","commit":"7655d9c","error":"\"knativebrokerttl\" not found"}
{"level":"info","ts":"2019-12-03T21:04:25.279Z","logger":"broker_ingress","caller":"ingress/ingress_handler.go:120","msg":"Error retrieving TTL, defaulting.","commit":"7655d9c","error":"\"knativebrokerttl\" not found"}
{"level":"info","ts":"2019-12-03T21:04:25.279Z","logger":"broker_ingress","caller":"ingress/ingress_handler.go:120","msg":"Error retrieving TTL, defaulting.","commit":"7655d9c","error":"\"knativebrokerttl\" not found"}
{"level":"info","ts":"2019-12-03T21:04:25.279Z","logger":"broker_ingress","caller":"ingress/ingress_handler.go:120","msg":"Error retrieving TTL, defaulting.","commit":"7655d9c","error":"\"knativebrokerttl\" not found"}
{"level":"info","ts":"2019-12-03T21:04:25.279Z","logger":"broker_ingress","caller":"ingress/ingress_handler.go:120","msg":"Error retrieving TTL, defaulting.","commit":"7655d9c","error":"\"knativebrokerttl\" not found"}
{"level":"info","ts":"2019-12-03T21:04:25.280Z","logger":"broker_ingress","caller":"ingress/ingress_handler.go:120","msg":"Error retrieving TTL, defaulting.","commit":"7655d9c","error":"\"knativebrokerttl\" not found"}
{"level":"info","ts":"2019-12-03T21:04:25.280Z","logger":"broker_ingress","caller":"ingress/ingress_handler.go:120","msg":"Error retrieving TTL, defaulting.","commit":"7655d9c","error":"\"knativebrokerttl\" not found"}
{"level":"info","ts":"2019-12-03T21:04:25.281Z","logger":"broker_ingress","caller":"ingress/ingress_handler.go:120","msg":"Error retrieving TTL, defaulting.","commit":"7655d9c","error":"\"knativebrokerttl\" not found"}
{"level":"info","ts":"2019-12-03T21:04:25.281Z","logger":"broker_ingress","caller":"ingress/ingress_handler.go:120","msg":"Error retrieving TTL, defaulting.","commit":"7655d9c","error":"\"knativebrokerttl\" not found"}
{"level":"info","ts":"2019-12-03T21:04:25.281Z","logger":"broker_ingress","caller":"ingress/ingress_handler.go:120","msg":"Error retrieving TTL, defaulting.","commit":"7655d9c","error":"\"knativebrokerttl\" not found"}
{"level":"info","ts":"2019-12-03T21:04:25.281Z","logger":"broker_ingress","caller":"ingress/ingress_handler.go:120","msg":"Error retrieving TTL, defaulting.","commit":"7655d9c","error":"\"knativebrokerttl\" not found"}
{"level":"info","ts":"2019-12-03T21:04:25.381Z","logger":"broker_ingress","caller":"ingress/ingress_handler.go:120","msg":"Error retrieving TTL, defaulting.","commit":"7655d9c","error":"\"knativebrokerttl\" not found"}
{"level":"info","ts":"2019-12-03T21:04:25.381Z","logger":"broker_ingress","caller":"ingress/ingress_handler.go:120","msg":"Error retrieving TTL, defaulting.","commit":"7655d9c","error":"\"knativebrokerttl\" not found"}
{"level":"info","ts":"2019-12-03T21:04:25.381Z","logger":"broker_ingress","caller":"ingress/ingress_handler.go:120","msg":"Error retrieving TTL, defaulting.","commit":"7655d9c","error":"\"knativebrokerttl\" not found"}
{"level":"info","ts":"2019-12-03T21:04:25.382Z","logger":"broker_ingress","caller":"ingress/ingress_handler.go:120","msg":"Error retrieving TTL, defaulting.","commit":"7655d9c","error":"\"knativebrokerttl\" not found"}
{"level":"info","ts":"2019-12-03T21:04:25.382Z","logger":"broker_ingress","caller":"ingress/ingress_handler.go:120","msg":"Error retrieving TTL, defaulting.","commit":"7655d9c","error":"\"knativebrokerttl\" not found"}
{"level":"info","ts":"2019-12-03T21:04:25.385Z","logger":"broker_ingress","caller":"ingress/ingress_handler.go:120","msg":"Error retrieving TTL, defaulting.","commit":"7655d9c","error":"\"knativebrokerttl\" not found"}
{"level":"info","ts":"2019-12-03T21:04:25.386Z","logger":"broker_ingress","caller":"ingress/ingress_handler.go:120","msg":"Error retrieving TTL, defaulting.","commit":"7655d9c","error":"\"knativebrokerttl\" not found"}
{"level":"info","ts":"2019-12-03T21:04:25.386Z","logger":"broker_ingress","caller":"ingress/ingress_handler.go:120","msg":"Error retrieving TTL, defaulting.","commit":"7655d9c","error":"\"knativebrokerttl\" not found"}
{"level":"info","ts":"2019-12-03T21:04:25.387Z","logger":"broker_ingress","caller":"ingress/ingress_handler.go:120","msg":"Error retrieving TTL, defaulting.","commit":"7655d9c","error":"\"knativebrokerttl\" not found"}
{"level":"info","ts":"2019-12-03T21:04:25.387Z","logger":"broker_ingress","caller":"ingress/ingress_handler.go:120","msg":"Error retrieving TTL, defaulting.","commit":"7655d9c","error":"\"knativebrokerttl\" not found"}
{"level":"info","ts":"2019-12-03T21:04:25.387Z","logger":"broker_ingress","caller":"ingress/ingress_handler.go:120","msg":"Error retrieving TTL, defaulting.","commit":"7655d9c","error":"\"knativebrokerttl\" not found"}
{"level":"info","ts":"2019-12-03T21:04:25.389Z","logger":"broker_ingress","caller":"ingress/ingress_handler.go:120","msg":"Error retrieving TTL, defaulting.","commit":"7655d9c","error":"\"knativebrokerttl\" not found"}
{"level":"info","ts":"2019-12-03T21:04:25.389Z","logger":"broker_ingress","caller":"ingress/ingress_handler.go:120","msg":"Error retrieving TTL, defaulting.","commit":"7655d9c","error":"\"knativebrokerttl\" not found"}
{"level":"info","ts":"2019-12-03T21:04:25.389Z","logger":"broker_ingress","caller":"ingress/ingress_handler.go:120","msg":"Error retrieving TTL, defaulting.","commit":"7655d9c","error":"\"knativebrokerttl\" not found"}
{"level":"info","ts":"2019-12-03T21:04:25.389Z","logger":"broker_ingress","caller":"ingress/ingress_handler.go:120","msg":"Error retrieving TTL, defaulting.","commit":"7655d9c","error":"\"knativebrokerttl\" not found"}
{"level":"info","ts":"2019-12-03T21:04:25.389Z","logger":"broker_ingress","caller":"ingress/ingress_handler.go:120","msg":"Error retrieving TTL, defaulting.","commit":"7655d9c","error":"\"knativebrokerttl\" not found"}
{"level":"info","ts":"2019-12-03T21:04:25.389Z","logger":"broker_ingress","caller":"ingress/ingress_handler.go:120","msg":"Error retrieving TTL, defaulting.","commit":"7655d9c","error":"\"knativebrokerttl\" not found"}
{"level":"info","ts":"2019-12-03T21:04:25.390Z","logger":"broker_ingress","caller":"ingress/ingress_handler.go:120","msg":"Error retrieving TTL, defaulting.","commit":"7655d9c","error":"\"knativebrokerttl\" not found"}
{"level":"info","ts":"2019-12-03T21:04:25.390Z","logger":"broker_ingress","caller":"ingress/ingress_handler.go:120","msg":"Error retrieving TTL, defaulting.","commit":"7655d9c","error":"\"knativebrokerttl\" not found"}
{"level":"info","ts":"2019-12-03T21:04:25.390Z","logger":"broker_ingress","caller":"ingress/ingress_handler.go:120","msg":"Error retrieving TTL, defaulting.","commit":"7655d9c","error":"\"knativebrokerttl\" not found"}
{"level":"info","ts":"2019-12-03T21:04:25.390Z","logger":"broker_ingress","caller":"ingress/ingress_handler.go:120","msg":"Error retrieving TTL, defaulting.","commit":"7655d9c","error":"\"knativebrokerttl\" not found"}
{"level":"info","ts":"2019-12-03T21:04:25.390Z","logger":"broker_ingress","caller":"ingress/ingress_handler.go:120","msg":"Error retrieving TTL, defaulting.","commit":"7655d9c","error":"\"knativebrokerttl\" not found"}
{"level":"info","ts":"2019-12-03T21:04:25.390Z","logger":"broker_ingress","caller":"ingress/ingress_handler.go:120","msg":"Error retrieving TTL, defaulting.","commit":"7655d9c","error":"\"knativebrokerttl\" not found"}
{"level":"info","ts":"2019-12-03T21:04:25.390Z","logger":"broker_ingress","caller":"ingress/ingress_handler.go:120","msg":"Error retrieving TTL, defaulting.","commit":"7655d9c","error":"\"knativebrokerttl\" not found"}
{"level":"info","ts":"2019-12-03T21:04:25.390Z","logger":"broker_ingress","caller":"ingress/ingress_handler.go:120","msg":"Error retrieving TTL, defaulting.","commit":"7655d9c","error":"\"knativebrokerttl\" not found"}
{"level":"info","ts":"2019-12-03T21:04:25.390Z","logger":"broker_ingress","caller":"ingress/ingress_handler.go:120","msg":"Error retrieving TTL, defaulting.","commit":"7655d9c","error":"\"knativebrokerttl\" not found"}
{"level":"info","ts":"2019-12-03T21:04:25.391Z","logger":"broker_ingress","caller":"ingress/ingress_handler.go:120","msg":"Error retrieving TTL, defaulting.","commit":"7655d9c","error":"\"knativebrokerttl\" not found"}
{"level":"info","ts":"2019-12-03T21:04:25.391Z","logger":"broker_ingress","caller":"ingress/ingress_handler.go:120","msg":"Error retrieving TTL, defaulting.","commit":"7655d9c","error":"\"knativebrokerttl\" not found"}
{"level":"info","ts":"2019-12-03T21:04:25.391Z","logger":"broker_ingress","caller":"ingress/ingress_handler.go:120","msg":"Error retrieving TTL, defaulting.","commit":"7655d9c","error":"\"knativebrokerttl\" not found"}
{"level":"info","ts":"2019-12-03T21:04:25.393Z","logger":"broker_ingress","caller":"ingress/ingress_handler.go:120","msg":"Error retrieving TTL, defaulting.","commit":"7655d9c","error":"\"knativebrokerttl\" not found"}
{"level":"info","ts":"2019-12-03T21:04:25.393Z","logger":"broker_ingress","caller":"ingress/ingress_handler.go:120","msg":"Error retrieving TTL, defaulting.","commit":"7655d9c","error":"\"knativebrokerttl\" not found"}
{"level":"info","ts":"2019-12-03T21:04:25.396Z","logger":"broker_ingress","caller":"ingress/ingress_handler.go:120","msg":"Error retrieving TTL, defaulting.","commit":"7655d9c","error":"\"knativebrokerttl\" not found"}
{"level":"info","ts":"2019-12-03T21:04:25.396Z","logger":"broker_ingress","caller":"ingress/ingress_handler.go:120","msg":"Error retrieving TTL, defaulting.","commit":"7655d9c","error":"\"knativebrokerttl\" not found"}
{"level":"info","ts":"2019-12-03T21:04:25.396Z","logger":"broker_ingress","caller":"ingress/ingress_handler.go:120","msg":"Error retrieving TTL, defaulting.","commit":"7655d9c","error":"\"knativebrokerttl\" not found"}
{"level":"info","ts":"2019-12-03T21:04:25.397Z","logger":"broker_ingress","caller":"ingress/ingress_handler.go:120","msg":"Error retrieving TTL, defaulting.","commit":"7655d9c","error":"\"knativebrokerttl\" not found"}
{"level":"info","ts":"2019-12-03T21:04:25.397Z","logger":"broker_ingress","caller":"ingress/ingress_handler.go:120","msg":"Error retrieving TTL, defaulting.","commit":"7655d9c","error":"\"knativebrokerttl\" not found"}
{"level":"info","ts":"2019-12-03T21:04:25.397Z","logger":"broker_ingress","caller":"ingress/ingress_handler.go:120","msg":"Error retrieving TTL, defaulting.","commit":"7655d9c","error":"\"knativebrokerttl\" not found"}
{"level":"info","ts":"2019-12-03T21:04:25.397Z","logger":"broker_ingress","caller":"ingress/ingress_handler.go:120","msg":"Error retrieving TTL, defaulting.","commit":"7655d9c","error":"\"knativebrokerttl\" not found"}
{"level":"info","ts":"2019-12-03T21:04:25.397Z","logger":"broker_ingress","caller":"ingress/ingress_handler.go:120","msg":"Error retrieving TTL, defaulting.","commit":"7655d9c","error":"\"knativebrokerttl\" not found"}
{"level":"info","ts":"2019-12-03T21:04:25.398Z","logger":"broker_ingress","caller":"ingress/ingress_handler.go:120","msg":"Error retrieving TTL, defaulting.","commit":"7655d9c","error":"\"knativebrokerttl\" not found"}
{"level":"info","ts":"2019-12-03T21:04:25.398Z","logger":"broker_ingress","caller":"ingress/ingress_handler.go:120","msg":"Error retrieving TTL, defaulting.","commit":"7655d9c","error":"\"knativebrokerttl\" not found"}
{"level":"info","ts":"2019-12-03T21:04:25.398Z","logger":"broker_ingress","caller":"ingress/ingress_handler.go:120","msg":"Error retrieving TTL, defaulting.","commit":"7655d9c","error":"\"knativebrokerttl\" not found"}
{"level":"info","ts":"2019-12-03T21:04:25.398Z","logger":"broker_ingress","caller":"ingress/ingress_handler.go:120","msg":"Error retrieving TTL, defaulting.","commit":"7655d9c","error":"\"knativebrokerttl\" not found"}
{"level":"info","ts":"2019-12-03T21:04:25.398Z","logger":"broker_ingress","caller":"ingress/ingress_handler.go:120","msg":"Error retrieving TTL, defaulting.","commit":"7655d9c","error":"\"knativebrokerttl\" not found"}
{"level":"info","ts":"2019-12-03T21:04:25.183Z","logger":"broker_ingress","caller":"ingress/ingress_handler.go:120","msg":"Error retrieving TTL, defaulting.","commit":"7655d9c","error":"\"knativebrokerttl\" not found"}
{"level":"info","ts":"2019-12-03T21:04:25.399Z","logger":"broker_ingress","caller":"ingress/ingress_handler.go:120","msg":"Error retrieving TTL, defaulting.","commit":"7655d9c","error":"\"knativebrokerttl\" not found"}
{"level":"info","ts":"2019-12-03T21:04:25.399Z","logger":"broker_ingress","caller":"ingress/ingress_handler.go:120","msg":"Error retrieving TTL, defaulting.","commit":"7655d9c","error":"\"knativebrokerttl\" not found"}
{"level":"info","ts":"2019-12-03T21:04:25.400Z","logger":"broker_ingress","caller":"ingress/ingress_handler.go:120","msg":"Error retrieving TTL, defaulting.","commit":"7655d9c","error":"\"knativebrokerttl\" not found"}
{"level":"info","ts":"2019-12-03T21:04:25.400Z","logger":"broker_ingress","caller":"ingress/ingress_handler.go:120","msg":"Error retrieving TTL, defaulting.","commit":"7655d9c","error":"\"knativebrokerttl\" not found"}
{"level":"info","ts":"2019-12-03T21:04:25.400Z","logger":"broker_ingress","caller":"ingress/ingress_handler.go:120","msg":"Error retrieving TTL, defaulting.","commit":"7655d9c","error":"\"knativebrokerttl\" not found"}
{"level":"info","ts":"2019-12-03T21:04:25.400Z","logger":"broker_ingress","caller":"ingress/ingress_handler.go:120","msg":"Error retrieving TTL, defaulting.","commit":"7655d9c","error":"\"knativebrokerttl\" not found"}
{"level":"info","ts":"2019-12-03T21:04:25.401Z","logger":"broker_ingress","caller":"ingress/ingress_handler.go:120","msg":"Error retrieving TTL, defaulting.","commit":"7655d9c","error":"\"knativebrokerttl\" not found"}
{"level":"info","ts":"2019-12-03T21:04:25.401Z","logger":"broker_ingress","caller":"ingress/ingress_handler.go:120","msg":"Error retrieving TTL, defaulting.","commit":"7655d9c","error":"\"knativebrokerttl\" not found"}
{"level":"info","ts":"2019-12-03T21:04:25.462Z","logger":"broker_ingress","caller":"ingress/ingress_handler.go:120","msg":"Error retrieving TTL, defaulting.","commit":"7655d9c","error":"\"knativebrokerttl\" not found"}
{"level":"info","ts":"2019-12-03T21:04:25.463Z","logger":"broker_ingress","caller":"ingress/ingress_handler.go:120","msg":"Error retrieving TTL, defaulting.","commit":"7655d9c","error":"\"knativebrokerttl\" not found"}
{"level":"info","ts":"2019-12-03T21:04:25.473Z","logger":"broker_ingress","caller":"ingress/ingress_handler.go:120","msg":"Error retrieving TTL, defaulting.","commit":"7655d9c","error":"\"knativebrokerttl\" not found"}
{"level":"info","ts":"2019-12-03T21:04:25.479Z","logger":"broker_ingress","caller":"ingress/ingress_handler.go:120","msg":"Error retrieving TTL, defaulting.","commit":"7655d9c","error":"\"knativebrokerttl\" not found"}
{"level":"info","ts":"2019-12-03T21:04:25.480Z","logger":"broker_ingress","caller":"ingress/ingress_handler.go:120","msg":"Error retrieving TTL, defaulting.","commit":"7655d9c","error":"\"knativebrokerttl\" not found"}
{"level":"info","ts":"2019-12-03T21:04:25.480Z","logger":"broker_ingress","caller":"ingress/ingress_handler.go:120","msg":"Error retrieving TTL, defaulting.","commit":"7655d9c","error":"\"knativebrokerttl\" not found"}
{"level":"info","ts":"2019-12-03T21:04:25.485Z","logger":"broker_ingress","caller":"ingress/ingress_handler.go:120","msg":"Error retrieving TTL, defaulting.","commit":"7655d9c","error":"\"knativebrokerttl\" not found"}
{"level":"info","ts":"2019-12-03T21:04:25.487Z","logger":"broker_ingress","caller":"ingress/ingress_handler.go:120","msg":"Error retrieving TTL, defaulting.","commit":"7655d9c","error":"\"knativebrokerttl\" not found"}
{"level":"info","ts":"2019-12-03T21:04:25.487Z","logger":"broker_ingress","caller":"ingress/ingress_handler.go:120","msg":"Error retrieving TTL, defaulting.","commit":"7655d9c","error":"\"knativebrokerttl\" not found"}
{"level":"info","ts":"2019-12-03T21:04:25.498Z","logger":"broker_ingress","caller":"ingress/ingress_handler.go:120","msg":"Error retrieving TTL, defaulting.","commit":"7655d9c","error":"\"knativebrokerttl\" not found"}
{"level":"info","ts":"2019-12-03T21:04:25.498Z","logger":"broker_ingress","caller":"ingress/ingress_handler.go:120","msg":"Error retrieving TTL, defaulting.","commit":"7655d9c","error":"\"knativebrokerttl\" not found"}
{"level":"info","ts":"2019-12-03T21:04:25.499Z","logger":"broker_ingress","caller":"ingress/ingress_handler.go:120","msg":"Error retrieving TTL, defaulting.","commit":"7655d9c","error":"\"knativebrokerttl\" not found"}
{"level":"info","ts":"2019-12-03T21:04:25.499Z","logger":"broker_ingress","caller":"ingress/ingress_handler.go:120","msg":"Error retrieving TTL, defaulting.","commit":"7655d9c","error":"\"knativebrokerttl\" not found"}
{"level":"info","ts":"2019-12-03T21:04:25.500Z","logger":"broker_ingress","caller":"ingress/ingress_handler.go:120","msg":"Error retrieving TTL, defaulting.","commit":"7655d9c","error":"\"knativebrokerttl\" not found"}
{"level":"info","ts":"2019-12-03T21:04:25.500Z","logger":"broker_ingress","caller":"ingress/ingress_handler.go:120","msg":"Error retrieving TTL, defaulting.","commit":"7655d9c","error":"\"knativebrokerttl\" not found"}
{"level":"info","ts":"2019-12-03T21:04:25.513Z","logger":"broker_ingress","caller":"ingress/ingress_handler.go:120","msg":"Error retrieving TTL, defaulting.","commit":"7655d9c","error":"\"knativebrokerttl\" not found"}
{"level":"info","ts":"2019-12-03T21:04:25.517Z","logger":"broker_ingress","caller":"ingress/ingress_handler.go:120","msg":"Error retrieving TTL, defaulting.","commit":"7655d9c","error":"\"knativebrokerttl\" not found"}
{"level":"info","ts":"2019-12-03T21:04:25.520Z","logger":"broker_ingress","caller":"ingress/ingress_handler.go:120","msg":"Error retrieving TTL, defaulting.","commit":"7655d9c","error":"\"knativebrokerttl\" not found"}
{"level":"info","ts":"2019-12-03T21:04:25.520Z","logger":"broker_ingress","caller":"ingress/ingress_handler.go:120","msg":"Error retrieving TTL, defaulting.","commit":"7655d9c","error":"\"knativebrokerttl\" not found"}
{"level":"info","ts":"2019-12-03T21:04:25.524Z","logger":"broker_ingress","caller":"ingress/ingress_handler.go:120","msg":"Error retrieving TTL, defaulting.","commit":"7655d9c","error":"\"knativebrokerttl\" not found"}
{"level":"info","ts":"2019-12-03T21:04:25.542Z","logger":"broker_ingress","caller":"ingress/ingress_handler.go:120","msg":"Error retrieving TTL, defaulting.","commit":"7655d9c","error":"\"knativebrokerttl\" not found"}
{"level":"info","ts":"2019-12-03T21:04:25.543Z","logger":"broker_ingress","caller":"ingress/ingress_handler.go:120","msg":"Error retrieving TTL, defaulting.","commit":"7655d9c","error":"\"knativebrokerttl\" not found"}
{"level":"info","ts":"2019-12-03T21:04:25.543Z","logger":"broker_ingress","caller":"ingress/ingress_handler.go:120","msg":"Error retrieving TTL, defaulting.","commit":"7655d9c","error":"\"knativebrokerttl\" not found"}
{"level":"info","ts":"2019-12-03T21:04:25.544Z","logger":"broker_ingress","caller":"ingress/ingress_handler.go:120","msg":"Error retrieving TTL, defaulting.","commit":"7655d9c","error":"\"knativebrokerttl\" not found"}
{"level":"info","ts":"2019-12-03T21:04:25.544Z","logger":"broker_ingress","caller":"ingress/ingress_handler.go:120","msg":"Error retrieving TTL, defaulting.","commit":"7655d9c","error":"\"knativebrokerttl\" not found"}
{"level":"info","ts":"2019-12-03T21:04:25.545Z","logger":"broker_ingress","caller":"ingress/ingress_handler.go:120","msg":"Error retrieving TTL, defaulting.","commit":"7655d9c","error":"\"knativebrokerttl\" not found"}
{"level":"info","ts":"2019-12-03T21:04:25.545Z","logger":"broker_ingress","caller":"ingress/ingress_handler.go:120","msg":"Error retrieving TTL, defaulting.","commit":"7655d9c","error":"\"knativebrokerttl\" not found"}
{"level":"info","ts":"2019-12-03T21:04:25.545Z","logger":"broker_ingress","caller":"ingress/ingress_handler.go:120","msg":"Error retrieving TTL, defaulting.","commit":"7655d9c","error":"\"knativebrokerttl\" not found"}
{"level":"info","ts":"2019-12-03T21:04:25.551Z","logger":"broker_ingress","caller":"ingress/ingress_handler.go:120","msg":"Error retrieving TTL, defaulting.","commit":"7655d9c","error":"\"knativebrokerttl\" not found"}
{"level":"info","ts":"2019-12-03T21:04:25.551Z","logger":"broker_ingress","caller":"ingress/ingress_handler.go:120","msg":"Error retrieving TTL, defaulting.","commit":"7655d9c","error":"\"knativebrokerttl\" not found"}
{"level":"info","ts":"2019-12-03T21:04:25.555Z","logger":"broker_ingress","caller":"ingress/ingress_handler.go:120","msg":"Error retrieving TTL, defaulting.","commit":"7655d9c","error":"\"knativebrokerttl\" not found"}
{"level":"info","ts":"2019-12-03T21:04:25.556Z","logger":"broker_ingress","caller":"ingress/ingress_handler.go:120","msg":"Error retrieving TTL, defaulting.","commit":"7655d9c","error":"\"knativebrokerttl\" not found"}
{"level":"info","ts":"2019-12-03T21:04:25.560Z","logger":"broker_ingress","caller":"ingress/ingress_handler.go:120","msg":"Error retrieving TTL, defaulting.","commit":"7655d9c","error":"\"knativebrokerttl\" not found"}
{"level":"info","ts":"2019-12-03T21:04:25.560Z","logger":"broker_ingress","caller":"ingress/ingress_handler.go:120","msg":"Error retrieving TTL, defaulting.","commit":"7655d9c","error":"\"knativebrokerttl\" not found"}
{"level":"info","ts":"2019-12-03T21:04:25.567Z","logger":"broker_ingress","caller":"ingress/ingress_handler.go:120","msg":"Error retrieving TTL, defaulting.","commit":"7655d9c","error":"\"knativebrokerttl\" not found"}
{"level":"info","ts":"2019-12-03T21:04:25.568Z","logger":"broker_ingress","caller":"ingress/ingress_handler.go:120","msg":"Error retrieving TTL, defaulting.","commit":"7655d9c","error":"\"knativebrokerttl\" not found"}
{"level":"info","ts":"2019-12-03T21:04:25.576Z","logger":"broker_ingress","caller":"ingress/ingress_handler.go:120","msg":"Error retrieving TTL, defaulting.","commit":"7655d9c","error":"\"knativebrokerttl\" not found"}
{"level":"info","ts":"2019-12-03T21:04:25.577Z","logger":"broker_ingress","caller":"ingress/ingress_handler.go:120","msg":"Error retrieving TTL, defaulting.","commit":"7655d9c","error":"\"knativebrokerttl\" not found"}
{"level":"info","ts":"2019-12-03T21:04:25.580Z","logger":"broker_ingress","caller":"ingress/ingress_handler.go:120","msg":"Error retrieving TTL, defaulting.","commit":"7655d9c","error":"\"knativebrokerttl\" not found"}
{"level":"info","ts":"2019-12-03T21:04:25.586Z","logger":"broker_ingress","caller":"ingress/ingress_handler.go:120","msg":"Error retrieving TTL, defaulting.","commit":"7655d9c","error":"\"knativebrokerttl\" not found"}
{"level":"info","ts":"2019-12-03T21:04:25.591Z","logger":"broker_ingress","caller":"ingress/ingress_handler.go:120","msg":"Error retrieving TTL, defaulting.","commit":"7655d9c","error":"\"knativebrokerttl\" not found"}
{"level":"info","ts":"2019-12-03T21:04:25.594Z","logger":"broker_ingress","caller":"ingress/ingress_handler.go:120","msg":"Error retrieving TTL, defaulting.","commit":"7655d9c","error":"\"knativebrokerttl\" not found"}
{"level":"info","ts":"2019-12-03T21:04:25.594Z","logger":"broker_ingress","caller":"ingress/ingress_handler.go:120","msg":"Error retrieving TTL, defaulting.","commit":"7655d9c","error":"\"knativebrokerttl\" not found"}
{"level":"info","ts":"2019-12-03T21:04:25.527Z","logger":"broker_ingress","caller":"ingress/ingress_handler.go:120","msg":"Error retrieving TTL, defaulting.","commit":"7655d9c","error":"\"knativebrokerttl\" not found"}
{"level":"info","ts":"2019-12-03T21:04:25.630Z","logger":"broker_ingress","caller":"ingress/ingress_handler.go:120","msg":"Error retrieving TTL, defaulting.","commit":"7655d9c","error":"\"knativebrokerttl\" not found"}
{"level":"info","ts":"2019-12-03T21:04:25.631Z","logger":"broker_ingress","caller":"ingress/ingress_handler.go:120","msg":"Error retrieving TTL, defaulting.","commit":"7655d9c","error":"\"knativebrokerttl\" not found"}
{"level":"info","ts":"2019-12-03T21:04:25.638Z","logger":"broker_ingress","caller":"ingress/ingress_handler.go:120","msg":"Error retrieving TTL, defaulting.","commit":"7655d9c","error":"\"knativebrokerttl\" not found"}
{"level":"info","ts":"2019-12-03T21:04:25.650Z","logger":"broker_ingress","caller":"ingress/ingress_handler.go:120","msg":"Error retrieving TTL, defaulting.","commit":"7655d9c","error":"\"knativebrokerttl\" not found"}
{"level":"info","ts":"2019-12-03T21:04:25.651Z","logger":"broker_ingress","caller":"ingress/ingress_handler.go:120","msg":"Error retrieving TTL, defaulting.","commit":"7655d9c","error":"\"knativebrokerttl\" not found"}
{"level":"info","ts":"2019-12-03T21:04:25.652Z","logger":"broker_ingress","caller":"ingress/ingress_handler.go:120","msg":"Error retrieving TTL, defaulting.","commit":"7655d9c","error":"\"knativebrokerttl\" not found"}
{"level":"info","ts":"2019-12-03T21:04:25.652Z","logger":"broker_ingress","caller":"ingress/ingress_handler.go:120","msg":"Error retrieving TTL, defaulting.","commit":"7655d9c","error":"\"knativebrokerttl\" not found"}
{"level":"info","ts":"2019-12-03T21:04:25.651Z","logger":"broker_ingress","caller":"ingress/ingress_handler.go:120","msg":"Error retrieving TTL, defaulting.","commit":"7655d9c","error":"\"knativebrokerttl\" not found"}
{"level":"info","ts":"2019-12-03T21:04:25.643Z","logger":"broker_ingress","caller":"ingress/ingress_handler.go:120","msg":"Error retrieving TTL, defaulting.","commit":"7655d9c","error":"\"knativebrokerttl\" not found"}
{"level":"info","ts":"2019-12-03T21:04:25.653Z","logger":"broker_ingress","caller":"ingress/ingress_handler.go:120","msg":"Error retrieving TTL, defaulting.","commit":"7655d9c","error":"\"knativebrokerttl\" not found"}
{"level":"info","ts":"2019-12-03T21:04:25.644Z","logger":"broker_ingress","caller":"ingress/ingress_handler.go:120","msg":"Error retrieving TTL, defaulting.","commit":"7655d9c","error":"\"knativebrokerttl\" not found"}
{"level":"info","ts":"2019-12-03T21:04:25.648Z","logger":"broker_ingress","caller":"ingress/ingress_handler.go:120","msg":"Error retrieving TTL, defaulting.","commit":"7655d9c","error":"\"knativebrokerttl\" not found"}
{"level":"info","ts":"2019-12-03T21:04:25.648Z","logger":"broker_ingress","caller":"ingress/ingress_handler.go:120","msg":"Error retrieving TTL, defaulting.","commit":"7655d9c","error":"\"knativebrokerttl\" not found"}
{"level":"info","ts":"2019-12-03T21:04:25.648Z","logger":"broker_ingress","caller":"ingress/ingress_handler.go:120","msg":"Error retrieving TTL, defaulting.","commit":"7655d9c","error":"\"knativebrokerttl\" not found"}
{"level":"info","ts":"2019-12-03T21:04:25.649Z","logger":"broker_ingress","caller":"ingress/ingress_handler.go:120","msg":"Error retrieving TTL, defaulting.","commit":"7655d9c","error":"\"knativebrokerttl\" not found"}
{"level":"info","ts":"2019-12-03T21:04:25.649Z","logger":"broker_ingress","caller":"ingress/ingress_handler.go:120","msg":"Error retrieving TTL, defaulting.","commit":"7655d9c","error":"\"knativebrokerttl\" not found"}
{"level":"info","ts":"2019-12-03T21:04:25.649Z","logger":"broker_ingress","caller":"ingress/ingress_handler.go:120","msg":"Error retrieving TTL, defaulting.","commit":"7655d9c","error":"\"knativebrokerttl\" not found"}
{"level":"info","ts":"2019-12-03T21:04:25.657Z","logger":"broker_ingress","caller":"ingress/ingress_handler.go:120","msg":"Error retrieving TTL, defaulting.","commit":"7655d9c","error":"\"knativebrokerttl\" not found"}
{"level":"info","ts":"2019-12-03T21:04:25.649Z","logger":"broker_ingress","caller":"ingress/ingress_handler.go:120","msg":"Error retrieving TTL, defaulting.","commit":"7655d9c","error":"\"knativebrokerttl\" not found"}
{"level":"info","ts":"2019-12-03T21:04:25.649Z","logger":"broker_ingress","caller":"ingress/ingress_handler.go:120","msg":"Error retrieving TTL, defaulting.","commit":"7655d9c","error":"\"knativebrokerttl\" not found"}
{"level":"info","ts":"2019-12-03T21:04:25.649Z","logger":"broker_ingress","caller":"ingress/ingress_handler.go:120","msg":"Error retrieving TTL, defaulting.","commit":"7655d9c","error":"\"knativebrokerttl\" not found"}
{"level":"info","ts":"2019-12-03T21:04:25.649Z","logger":"broker_ingress","caller":"ingress/ingress_handler.go:120","msg":"Error retrieving TTL, defaulting.","commit":"7655d9c","error":"\"knativebrokerttl\" not found"}
{"level":"info","ts":"2019-12-03T21:04:25.649Z","logger":"broker_ingress","caller":"ingress/ingress_handler.go:120","msg":"Error retrieving TTL, defaulting.","commit":"7655d9c","error":"\"knativebrokerttl\" not found"}
{"level":"info","ts":"2019-12-03T21:04:25.660Z","logger":"broker_ingress","caller":"ingress/ingress_handler.go:120","msg":"Error retrieving TTL, defaulting.","commit":"7655d9c","error":"\"knativebrokerttl\" not found"}
{"level":"info","ts":"2019-12-03T21:04:25.649Z","logger":"broker_ingress","caller":"ingress/ingress_handler.go:120","msg":"Error retrieving TTL, defaulting.","commit":"7655d9c","error":"\"knativebrokerttl\" not found"}
{"level":"info","ts":"2019-12-03T21:04:25.660Z","logger":"broker_ingress","caller":"ingress/ingress_handler.go:120","msg":"Error retrieving TTL, defaulting.","commit":"7655d9c","error":"\"knativebrokerttl\" not found"}
{"level":"info","ts":"2019-12-03T21:04:25.649Z","logger":"broker_ingress","caller":"ingress/ingress_handler.go:120","msg":"Error retrieving TTL, defaulting.","commit":"7655d9c","error":"\"knativebrokerttl\" not found"}
{"level":"info","ts":"2019-12-03T21:04:25.661Z","logger":"broker_ingress","caller":"ingress/ingress_handler.go:120","msg":"Error retrieving TTL, defaulting.","commit":"7655d9c","error":"\"knativebrokerttl\" not found"}
{"level":"info","ts":"2019-12-03T21:04:25.649Z","logger":"broker_ingress","caller":"ingress/ingress_handler.go:120","msg":"Error retrieving TTL, defaulting.","commit":"7655d9c","error":"\"knativebrokerttl\" not found"}
{"level":"info","ts":"2019-12-03T21:04:25.649Z","logger":"broker_ingress","caller":"ingress/ingress_handler.go:120","msg":"Error retrieving TTL, defaulting.","commit":"7655d9c","error":"\"knativebrokerttl\" not found"}
{"level":"info","ts":"2019-12-03T21:04:25.649Z","logger":"broker_ingress","caller":"ingress/ingress_handler.go:120","msg":"Error retrieving TTL, defaulting.","commit":"7655d9c","error":"\"knativebrokerttl\" not found"}
{"level":"info","ts":"2019-12-03T21:04:25.650Z","logger":"broker_ingress","caller":"ingress/ingress_handler.go:120","msg":"Error retrieving TTL, defaulting.","commit":"7655d9c","error":"\"knativebrokerttl\" not found"}
{"level":"info","ts":"2019-12-03T21:04:25.650Z","logger":"broker_ingress","caller":"ingress/ingress_handler.go:120","msg":"Error retrieving TTL, defaulting.","commit":"7655d9c","error":"\"knativebrokerttl\" not found"}
{"level":"info","ts":"2019-12-03T21:04:25.650Z","logger":"broker_ingress","caller":"ingress/ingress_handler.go:120","msg":"Error retrieving TTL, defaulting.","commit":"7655d9c","error":"\"knativebrokerttl\" not found"}
{"level":"info","ts":"2019-12-03T21:04:25.651Z","logger":"broker_ingress","caller":"ingress/ingress_handler.go:120","msg":"Error retrieving TTL, defaulting.","commit":"7655d9c","error":"\"knativebrokerttl\" not found"}
{"level":"info","ts":"2019-12-03T21:04:25.653Z","logger":"broker_ingress","caller":"ingress/ingress_handler.go:120","msg":"Error retrieving TTL, defaulting.","commit":"7655d9c","error":"\"knativebrokerttl\" not found"}
{"level":"info","ts":"2019-12-03T21:04:25.655Z","logger":"broker_ingress","caller":"ingress/ingress_handler.go:120","msg":"Error retrieving TTL, defaulting.","commit":"7655d9c","error":"\"knativebrokerttl\" not found"}
{"level":"info","ts":"2019-12-03T21:04:25.660Z","logger":"broker_ingress","caller":"ingress/ingress_handler.go:120","msg":"Error retrieving TTL, defaulting.","commit":"7655d9c","error":"\"knativebrokerttl\" not found"}
{"level":"info","ts":"2019-12-03T21:04:25.662Z","logger":"broker_ingress","caller":"ingress/ingress_handler.go:120","msg":"Error retrieving TTL, defaulting.","commit":"7655d9c","error":"\"knativebrokerttl\" not found"}
{"level":"info","ts":"2019-12-03T21:04:25.662Z","logger":"broker_ingress","caller":"ingress/ingress_handler.go:120","msg":"Error retrieving TTL, defaulting.","commit":"7655d9c","error":"\"knativebrokerttl\" not found"}
{"level":"info","ts":"2019-12-03T21:04:25.662Z","logger":"broker_ingress","caller":"ingress/ingress_handler.go:120","msg":"Error retrieving TTL, defaulting.","commit":"7655d9c","error":"\"knativebrokerttl\" not found"}
{"level":"info","ts":"2019-12-03T21:04:25.662Z","logger":"broker_ingress","caller":"ingress/ingress_handler.go:120","msg":"Error retrieving TTL, defaulting.","commit":"7655d9c","error":"\"knativebrokerttl\" not found"}
{"level":"info","ts":"2019-12-03T21:04:25.662Z","logger":"broker_ingress","caller":"ingress/ingress_handler.go:120","msg":"Error retrieving TTL, defaulting.","commit":"7655d9c","error":"\"knativebrokerttl\" not found"}
{"level":"info","ts":"2019-12-03T21:04:25.662Z","logger":"broker_ingress","caller":"ingress/ingress_handler.go:120","msg":"Error retrieving TTL, defaulting.","commit":"7655d9c","error":"\"knativebrokerttl\" not found"}
{"level":"info","ts":"2019-12-03T21:04:25.663Z","logger":"broker_ingress","caller":"ingress/ingress_handler.go:120","msg":"Error retrieving TTL, defaulting.","commit":"7655d9c","error":"\"knativebrokerttl\" not found"}
{"level":"info","ts":"2019-12-03T21:04:25.663Z","logger":"broker_ingress","caller":"ingress/ingress_handler.go:120","msg":"Error retrieving TTL, defaulting.","commit":"7655d9c","error":"\"knativebrokerttl\" not found"}
{"level":"info","ts":"2019-12-03T21:04:25.663Z","logger":"broker_ingress","caller":"ingress/ingress_handler.go:120","msg":"Error retrieving TTL, defaulting.","commit":"7655d9c","error":"\"knativebrokerttl\" not found"}
{"level":"info","ts":"2019-12-03T21:04:25.663Z","logger":"broker_ingress","caller":"ingress/ingress_handler.go:120","msg":"Error retrieving TTL, defaulting.","commit":"7655d9c","error":"\"knativebrokerttl\" not found"}
{"level":"info","ts":"2019-12-03T21:04:25.664Z","logger":"broker_ingress","caller":"ingress/ingress_handler.go:120","msg":"Error retrieving TTL, defaulting.","commit":"7655d9c","error":"\"knativebrokerttl\" not found"}
{"level":"info","ts":"2019-12-03T21:04:25.664Z","logger":"broker_ingress","caller":"ingress/ingress_handler.go:120","msg":"Error retrieving TTL, defaulting.","commit":"7655d9c","error":"\"knativebrokerttl\" not found"}
{"level":"info","ts":"2019-12-03T21:04:25.664Z","logger":"broker_ingress","caller":"ingress/ingress_handler.go:120","msg":"Error retrieving TTL, defaulting.","commit":"7655d9c","error":"\"knativebrokerttl\" not found"}
{"level":"info","ts":"2019-12-03T21:04:25.664Z","logger":"broker_ingress","caller":"ingress/ingress_handler.go:120","msg":"Error retrieving TTL, defaulting.","commit":"7655d9c","error":"\"knativebrokerttl\" not found"}
{"level":"info","ts":"2019-12-03T21:04:25.664Z","logger":"broker_ingress","caller":"ingress/ingress_handler.go:120","msg":"Error retrieving TTL, defaulting.","commit":"7655d9c","error":"\"knativebrokerttl\" not found"}
{"level":"info","ts":"2019-12-03T21:04:25.664Z","logger":"broker_ingress","caller":"ingress/ingress_handler.go:120","msg":"Error retrieving TTL, defaulting.","commit":"7655d9c","error":"\"knativebrokerttl\" not found"}
{"level":"info","ts":"2019-12-03T21:04:25.664Z","logger":"broker_ingress","caller":"ingress/ingress_handler.go:120","msg":"Error retrieving TTL, defaulting.","commit":"7655d9c","error":"\"knativebrokerttl\" not found"}
{"level":"info","ts":"2019-12-03T21:04:25.665Z","logger":"broker_ingress","caller":"ingress/ingress_handler.go:120","msg":"Error retrieving TTL, defaulting.","commit":"7655d9c","error":"\"knativebrokerttl\" not found"}
{"level":"info","ts":"2019-12-03T21:04:25.665Z","logger":"broker_ingress","caller":"ingress/ingress_handler.go:120","msg":"Error retrieving TTL, defaulting.","commit":"7655d9c","error":"\"knativebrokerttl\" not found"}
{"level":"info","ts":"2019-12-03T21:04:25.665Z","logger":"broker_ingress","caller":"ingress/ingress_handler.go:120","msg":"Error retrieving TTL, defaulting.","commit":"7655d9c","error":"\"knativebrokerttl\" not found"}
{"level":"info","ts":"2019-12-03T21:04:25.665Z","logger":"broker_ingress","caller":"ingress/ingress_handler.go:120","msg":"Error retrieving TTL, defaulting.","commit":"7655d9c","error":"\"knativebrokerttl\" not found"}
{"level":"info","ts":"2019-12-03T21:04:25.655Z","logger":"broker_ingress","caller":"ingress/ingress_handler.go:120","msg":"Error retrieving TTL, defaulting.","commit":"7655d9c","error":"\"knativebrokerttl\" not found"}
{"level":"info","ts":"2019-12-03T21:04:25.665Z","logger":"broker_ingress","caller":"ingress/ingress_handler.go:120","msg":"Error retrieving TTL, defaulting.","commit":"7655d9c","error":"\"knativebrokerttl\" not found"}
{"level":"info","ts":"2019-12-03T21:04:25.665Z","logger":"broker_ingress","caller":"ingress/ingress_handler.go:120","msg":"Error retrieving TTL, defaulting.","commit":"7655d9c","error":"\"knativebrokerttl\" not found"}
{"level":"info","ts":"2019-12-03T21:04:25.666Z","logger":"broker_ingress","caller":"ingress/ingress_handler.go:120","msg":"Error retrieving TTL, defaulting.","commit":"7655d9c","error":"\"knativebrokerttl\" not found"}
{"level":"info","ts":"2019-12-03T21:04:25.666Z","logger":"broker_ingress","caller":"ingress/ingress_handler.go:120","msg":"Error retrieving TTL, defaulting.","commit":"7655d9c","error":"\"knativebrokerttl\" not found"}
{"level":"info","ts":"2019-12-03T21:04:25.666Z","logger":"broker_ingress","caller":"ingress/ingress_handler.go:120","msg":"Error retrieving TTL, defaulting.","commit":"7655d9c","error":"\"knativebrokerttl\" not found"}
{"level":"info","ts":"2019-12-03T21:04:25.666Z","logger":"broker_ingress","caller":"ingress/ingress_handler.go:120","msg":"Error retrieving TTL, defaulting.","commit":"7655d9c","error":"\"knativebrokerttl\" not found"}
{"level":"info","ts":"2019-12-03T21:04:25.666Z","logger":"broker_ingress","caller":"ingress/ingress_handler.go:120","msg":"Error retrieving TTL, defaulting.","commit":"7655d9c","error":"\"knativebrokerttl\" not found"}
{"level":"info","ts":"2019-12-03T21:04:25.666Z","logger":"broker_ingress","caller":"ingress/ingress_handler.go:120","msg":"Error retrieving TTL, defaulting.","commit":"7655d9c","error":"\"knativebrokerttl\" not found"}
{"level":"info","ts":"2019-12-03T21:04:25.666Z","logger":"broker_ingress","caller":"ingress/ingress_handler.go:120","msg":"Error retrieving TTL, defaulting.","commit":"7655d9c","error":"\"knativebrokerttl\" not found"}
{"level":"info","ts":"2019-12-03T21:04:25.666Z","logger":"broker_ingress","caller":"ingress/ingress_handler.go:120","msg":"Error retrieving TTL, defaulting.","commit":"7655d9c","error":"\"knativebrokerttl\" not found"}
{"level":"info","ts":"2019-12-03T21:04:25.666Z","logger":"broker_ingress","caller":"ingress/ingress_handler.go:120","msg":"Error retrieving TTL, defaulting.","commit":"7655d9c","error":"\"knativebrokerttl\" not found"}
{"level":"info","ts":"2019-12-03T21:04:25.666Z","logger":"broker_ingress","caller":"ingress/ingress_handler.go:120","msg":"Error retrieving TTL, defaulting.","commit":"7655d9c","error":"\"knativebrokerttl\" not found"}
{"level":"info","ts":"2019-12-03T21:04:25.667Z","logger":"broker_ingress","caller":"ingress/ingress_handler.go:120","msg":"Error retrieving TTL, defaulting.","commit":"7655d9c","error":"\"knativebrokerttl\" not found"}
{"level":"info","ts":"2019-12-03T21:04:25.667Z","logger":"broker_ingress","caller":"ingress/ingress_handler.go:120","msg":"Error retrieving TTL, defaulting.","commit":"7655d9c","error":"\"knativebrokerttl\" not found"}
{"level":"info","ts":"2019-12-03T21:04:25.667Z","logger":"broker_ingress","caller":"ingress/ingress_handler.go:120","msg":"Error retrieving TTL, defaulting.","commit":"7655d9c","error":"\"knativebrokerttl\" not found"}
{"level":"info","ts":"2019-12-03T21:04:25.667Z","logger":"broker_ingress","caller":"ingress/ingress_handler.go:120","msg":"Error retrieving TTL, defaulting.","commit":"7655d9c","error":"\"knativebrokerttl\" not found"}
{"level":"info","ts":"2019-12-03T21:04:25.667Z","logger":"broker_ingress","caller":"ingress/ingress_handler.go:120","msg":"Error retrieving TTL, defaulting.","commit":"7655d9c","error":"\"knativebrokerttl\" not found"}
{"level":"info","ts":"2019-12-03T21:04:25.667Z","logger":"broker_ingress","caller":"ingress/ingress_handler.go:120","msg":"Error retrieving TTL, defaulting.","commit":"7655d9c","error":"\"knativebrokerttl\" not found"}
{"level":"info","ts":"2019-12-03T21:04:25.667Z","logger":"broker_ingress","caller":"ingress/ingress_handler.go:120","msg":"Error retrieving TTL, defaulting.","commit":"7655d9c","error":"\"knativebrokerttl\" not found"}
{"level":"info","ts":"2019-12-03T21:04:25.667Z","logger":"broker_ingress","caller":"ingress/ingress_handler.go:120","msg":"Error retrieving TTL, defaulting.","commit":"7655d9c","error":"\"knativebrokerttl\" not found"}
{"level":"info","ts":"2019-12-03T21:04:25.667Z","logger":"broker_ingress","caller":"ingress/ingress_handler.go:120","msg":"Error retrieving TTL, defaulting.","commit":"7655d9c","error":"\"knativebrokerttl\" not found"}
{"level":"info","ts":"2019-12-03T21:04:25.668Z","logger":"broker_ingress","caller":"ingress/ingress_handler.go:120","msg":"Error retrieving TTL, defaulting.","commit":"7655d9c","error":"\"knativebrokerttl\" not found"}
{"level":"info","ts":"2019-12-03T21:04:25.668Z","logger":"broker_ingress","caller":"ingress/ingress_handler.go:120","msg":"Error retrieving TTL, defaulting.","commit":"7655d9c","error":"\"knativebrokerttl\" not found"}
{"level":"info","ts":"2019-12-03T21:04:25.668Z","logger":"broker_ingress","caller":"ingress/ingress_handler.go:120","msg":"Error retrieving TTL, defaulting.","commit":"7655d9c","error":"\"knativebrokerttl\" not found"}
{"level":"info","ts":"2019-12-03T21:04:25.668Z","logger":"broker_ingress","caller":"ingress/ingress_handler.go:120","msg":"Error retrieving TTL, defaulting.","commit":"7655d9c","error":"\"knativebrokerttl\" not found"}
{"level":"info","ts":"2019-12-03T21:04:25.668Z","logger":"broker_ingress","caller":"ingress/ingress_handler.go:120","msg":"Error retrieving TTL, defaulting.","commit":"7655d9c","error":"\"knativebrokerttl\" not found"}
{"level":"info","ts":"2019-12-03T21:04:25.668Z","logger":"broker_ingress","caller":"ingress/ingress_handler.go:120","msg":"Error retrieving TTL, defaulting.","commit":"7655d9c","error":"\"knativebrokerttl\" not found"}
{"level":"info","ts":"2019-12-03T21:04:25.668Z","logger":"broker_ingress","caller":"ingress/ingress_handler.go:120","msg":"Error retrieving TTL, defaulting.","commit":"7655d9c","error":"\"knativebrokerttl\" not found"}
{"level":"info","ts":"2019-12-03T21:04:25.668Z","logger":"broker_ingress","caller":"ingress/ingress_handler.go:120","msg":"Error retrieving TTL, defaulting.","commit":"7655d9c","error":"\"knativebrokerttl\" not found"}
{"level":"info","ts":"2019-12-03T21:04:25.668Z","logger":"broker_ingress","caller":"ingress/ingress_handler.go:120","msg":"Error retrieving TTL, defaulting.","commit":"7655d9c","error":"\"knativebrokerttl\" not found"}
{"level":"info","ts":"2019-12-03T21:04:25.669Z","logger":"broker_ingress","caller":"ingress/ingress_handler.go:120","msg":"Error retrieving TTL, defaulting.","commit":"7655d9c","error":"\"knativebrokerttl\" not found"}
{"level":"info","ts":"2019-12-03T21:04:25.669Z","logger":"broker_ingress","caller":"ingress/ingress_handler.go:120","msg":"Error retrieving TTL, defaulting.","commit":"7655d9c","error":"\"knativebrokerttl\" not found"}
{"level":"info","ts":"2019-12-03T21:04:25.669Z","logger":"broker_ingress","caller":"ingress/ingress_handler.go:120","msg":"Error retrieving TTL, defaulting.","commit":"7655d9c","error":"\"knativebrokerttl\" not found"}
{"level":"info","ts":"2019-12-03T21:04:25.669Z","logger":"broker_ingress","caller":"ingress/ingress_handler.go:120","msg":"Error retrieving TTL, defaulting.","commit":"7655d9c","error":"\"knativebrokerttl\" not found"}
{"level":"info","ts":"2019-12-03T21:04:25.668Z","logger":"broker_ingress","caller":"ingress/ingress_handler.go:120","msg":"Error retrieving TTL, defaulting.","commit":"7655d9c","error":"\"knativebrokerttl\" not found"}
{"level":"info","ts":"2019-12-03T21:04:25.669Z","logger":"broker_ingress","caller":"ingress/ingress_handler.go:120","msg":"Error retrieving TTL, defaulting.","commit":"7655d9c","error":"\"knativebrokerttl\" not found"}
{"level":"info","ts":"2019-12-03T21:04:25.669Z","logger":"broker_ingress","caller":"ingress/ingress_handler.go:120","msg":"Error retrieving TTL, defaulting.","commit":"7655d9c","error":"\"knativebrokerttl\" not found"}
{"level":"info","ts":"2019-12-03T21:04:25.669Z","logger":"broker_ingress","caller":"ingress/ingress_handler.go:120","msg":"Error retrieving TTL, defaulting.","commit":"7655d9c","error":"\"knativebrokerttl\" not found"}
{"level":"info","ts":"2019-12-03T21:04:25.669Z","logger":"broker_ingress","caller":"ingress/ingress_handler.go:120","msg":"Error retrieving TTL, defaulting.","commit":"7655d9c","error":"\"knativebrokerttl\" not found"}
{"level":"info","ts":"2019-12-03T21:04:25.670Z","logger":"broker_ingress","caller":"ingress/ingress_handler.go:120","msg":"Error retrieving TTL, defaulting.","commit":"7655d9c","error":"\"knativebrokerttl\" not found"}
{"level":"info","ts":"2019-12-03T21:04:25.670Z","logger":"broker_ingress","caller":"ingress/ingress_handler.go:120","msg":"Error retrieving TTL, defaulting.","commit":"7655d9c","error":"\"knativebrokerttl\" not found"}
{"level":"info","ts":"2019-12-03T21:04:25.670Z","logger":"broker_ingress","caller":"ingress/ingress_handler.go:120","msg":"Error retrieving TTL, defaulting.","commit":"7655d9c","error":"\"knativebrokerttl\" not found"}
{"level":"info","ts":"2019-12-03T21:04:25.670Z","logger":"broker_ingress","caller":"ingress/ingress_handler.go:120","msg":"Error retrieving TTL, defaulting.","commit":"7655d9c","error":"\"knativebrokerttl\" not found"}
{"level":"info","ts":"2019-12-03T21:04:25.670Z","logger":"broker_ingress","caller":"ingress/ingress_handler.go:120","msg":"Error retrieving TTL, defaulting.","commit":"7655d9c","error":"\"knativebrokerttl\" not found"}
{"level":"info","ts":"2019-12-03T21:04:25.670Z","logger":"broker_ingress","caller":"ingress/ingress_handler.go:120","msg":"Error retrieving TTL, defaulting.","commit":"7655d9c","error":"\"knativebrokerttl\" not found"}
{"level":"info","ts":"2019-12-03T21:04:25.670Z","logger":"broker_ingress","caller":"ingress/ingress_handler.go:120","msg":"Error retrieving TTL, defaulting.","commit":"7655d9c","error":"\"knativebrokerttl\" not found"}
{"level":"info","ts":"2019-12-03T21:04:25.670Z","logger":"broker_ingress","caller":"ingress/ingress_handler.go:120","msg":"Error retrieving TTL, defaulting.","commit":"7655d9c","error":"\"knativebrokerttl\" not found"}
{"level":"info","ts":"2019-12-03T21:04:25.670Z","logger":"broker_ingress","caller":"ingress/ingress_handler.go:120","msg":"Error retrieving TTL, defaulting.","commit":"7655d9c","error":"\"knativebrokerttl\" not found"}
{"level":"info","ts":"2019-12-03T21:04:25.670Z","logger":"broker_ingress","caller":"ingress/ingress_handler.go:120","msg":"Error retrieving TTL, defaulting.","commit":"7655d9c","error":"\"knativebrokerttl\" not found"}
{"level":"info","ts":"2019-12-03T21:04:25.671Z","logger":"broker_ingress","caller":"ingress/ingress_handler.go:120","msg":"Error retrieving TTL, defaulting.","commit":"7655d9c","error":"\"knativebrokerttl\" not found"}
{"level":"info","ts":"2019-12-03T21:04:25.670Z","logger":"broker_ingress","caller":"ingress/ingress_handler.go:120","msg":"Error retrieving TTL, defaulting.","commit":"7655d9c","error":"\"knativebrokerttl\" not found"}
{"level":"info","ts":"2019-12-03T21:04:25.671Z","logger":"broker_ingress","caller":"ingress/ingress_handler.go:120","msg":"Error retrieving TTL, defaulting.","commit":"7655d9c","error":"\"knativebrokerttl\" not found"}
{"level":"info","ts":"2019-12-03T21:04:25.671Z","logger":"broker_ingress","caller":"ingress/ingress_handler.go:120","msg":"Error retrieving TTL, defaulting.","commit":"7655d9c","error":"\"knativebrokerttl\" not found"}
{"level":"info","ts":"2019-12-03T21:04:25.664Z","logger":"broker_ingress","caller":"ingress/ingress_handler.go:120","msg":"Error retrieving TTL, defaulting.","commit":"7655d9c","error":"\"knativebrokerttl\" not found"}
{"level":"info","ts":"2019-12-03T21:04:25.671Z","logger":"broker_ingress","caller":"ingress/ingress_handler.go:120","msg":"Error retrieving TTL, defaulting.","commit":"7655d9c","error":"\"knativebrokerttl\" not found"}
{"level":"info","ts":"2019-12-03T21:04:25.671Z","logger":"broker_ingress","caller":"ingress/ingress_handler.go:120","msg":"Error retrieving TTL, defaulting.","commit":"7655d9c","error":"\"knativebrokerttl\" not found"}
{"level":"info","ts":"2019-12-03T21:04:25.672Z","logger":"broker_ingress","caller":"ingress/ingress_handler.go:120","msg":"Error retrieving TTL, defaulting.","commit":"7655d9c","error":"\"knativebrokerttl\" not found"}
{"level":"info","ts":"2019-12-03T21:04:25.672Z","logger":"broker_ingress","caller":"ingress/ingress_handler.go:120","msg":"Error retrieving TTL, defaulting.","commit":"7655d9c","error":"\"knativebrokerttl\" not found"}
{"level":"info","ts":"2019-12-03T21:04:25.672Z","logger":"broker_ingress","caller":"ingress/ingress_handler.go:120","msg":"Error retrieving TTL, defaulting.","commit":"7655d9c","error":"\"knativebrokerttl\" not found"}
{"level":"info","ts":"2019-12-03T21:04:25.672Z","logger":"broker_ingress","caller":"ingress/ingress_handler.go:120","msg":"Error retrieving TTL, defaulting.","commit":"7655d9c","error":"\"knativebrokerttl\" not found"}
{"level":"info","ts":"2019-12-03T21:04:25.672Z","logger":"broker_ingress","caller":"ingress/ingress_handler.go:120","msg":"Error retrieving TTL, defaulting.","commit":"7655d9c","error":"\"knativebrokerttl\" not found"}
{"level":"info","ts":"2019-12-03T21:04:25.672Z","logger":"broker_ingress","caller":"ingress/ingress_handler.go:120","msg":"Error retrieving TTL, defaulting.","commit":"7655d9c","error":"\"knativebrokerttl\" not found"}
{"level":"info","ts":"2019-12-03T21:04:25.672Z","logger":"broker_ingress","caller":"ingress/ingress_handler.go:120","msg":"Error retrieving TTL, defaulting.","commit":"7655d9c","error":"\"knativebrokerttl\" not found"}
{"level":"info","ts":"2019-12-03T21:04:25.673Z","logger":"broker_ingress","caller":"ingress/ingress_handler.go:120","msg":"Error retrieving TTL, defaulting.","commit":"7655d9c","error":"\"knativebrokerttl\" not found"}
{"level":"info","ts":"2019-12-03T21:04:25.673Z","logger":"broker_ingress","caller":"ingress/ingress_handler.go:120","msg":"Error retrieving TTL, defaulting.","commit":"7655d9c","error":"\"knativebrokerttl\" not found"}
{"level":"info","ts":"2019-12-03T21:04:25.673Z","logger":"broker_ingress","caller":"ingress/ingress_handler.go:120","msg":"Error retrieving TTL, defaulting.","commit":"7655d9c","error":"\"knativebrokerttl\" not found"}
{"level":"info","ts":"2019-12-03T21:04:25.673Z","logger":"broker_ingress","caller":"ingress/ingress_handler.go:120","msg":"Error retrieving TTL, defaulting.","commit":"7655d9c","error":"\"knativebrokerttl\" not found"}
{"level":"info","ts":"2019-12-03T21:04:25.673Z","logger":"broker_ingress","caller":"ingress/ingress_handler.go:120","msg":"Error retrieving TTL, defaulting.","commit":"7655d9c","error":"\"knativebrokerttl\" not found"}
{"level":"info","ts":"2019-12-03T21:04:25.673Z","logger":"broker_ingress","caller":"ingress/ingress_handler.go:120","msg":"Error retrieving TTL, defaulting.","commit":"7655d9c","error":"\"knativebrokerttl\" not found"}
{"level":"info","ts":"2019-12-03T21:04:25.674Z","logger":"broker_ingress","caller":"ingress/ingress_handler.go:120","msg":"Error retrieving TTL, defaulting.","commit":"7655d9c","error":"\"knativebrokerttl\" not found"}
{"level":"info","ts":"2019-12-03T21:04:25.674Z","logger":"broker_ingress","caller":"ingress/ingress_handler.go:120","msg":"Error retrieving TTL, defaulting.","commit":"7655d9c","error":"\"knativebrokerttl\" not found"}
{"level":"info","ts":"2019-12-03T21:04:25.674Z","logger":"broker_ingress","caller":"ingress/ingress_handler.go:120","msg":"Error retrieving TTL, defaulting.","commit":"7655d9c","error":"\"knativebrokerttl\" not found"}
{"level":"info","ts":"2019-12-03T21:04:25.674Z","logger":"broker_ingress","caller":"ingress/ingress_handler.go:120","msg":"Error retrieving TTL, defaulting.","commit":"7655d9c","error":"\"knativebrokerttl\" not found"}
{"level":"info","ts":"2019-12-03T21:04:25.674Z","logger":"broker_ingress","caller":"ingress/ingress_handler.go:120","msg":"Error retrieving TTL, defaulting.","commit":"7655d9c","error":"\"knativebrokerttl\" not found"}
{"level":"info","ts":"2019-12-03T21:04:25.674Z","logger":"broker_ingress","caller":"ingress/ingress_handler.go:120","msg":"Error retrieving TTL, defaulting.","commit":"7655d9c","error":"\"knativebrokerttl\" not found"}
{"level":"info","ts":"2019-12-03T21:04:25.674Z","logger":"broker_ingress","caller":"ingress/ingress_handler.go:120","msg":"Error retrieving TTL, defaulting.","commit":"7655d9c","error":"\"knativebrokerttl\" not found"}
{"level":"info","ts":"2019-12-03T21:04:25.675Z","logger":"broker_ingress","caller":"ingress/ingress_handler.go:120","msg":"Error retrieving TTL, defaulting.","commit":"7655d9c","error":"\"knativebrokerttl\" not found"}
{"level":"info","ts":"2019-12-03T21:04:25.675Z","logger":"broker_ingress","caller":"ingress/ingress_handler.go:120","msg":"Error retrieving TTL, defaulting.","commit":"7655d9c","error":"\"knativebrokerttl\" not found"}
{"level":"info","ts":"2019-12-03T21:04:25.675Z","logger":"broker_ingress","caller":"ingress/ingress_handler.go:120","msg":"Error retrieving TTL, defaulting.","commit":"7655d9c","error":"\"knativebrokerttl\" not found"}
{"level":"info","ts":"2019-12-03T21:04:25.675Z","logger":"broker_ingress","caller":"ingress/ingress_handler.go:120","msg":"Error retrieving TTL, defaulting.","commit":"7655d9c","error":"\"knativebrokerttl\" not found"}
{"level":"info","ts":"2019-12-03T21:04:25.675Z","logger":"broker_ingress","caller":"ingress/ingress_handler.go:120","msg":"Error retrieving TTL, defaulting.","commit":"7655d9c","error":"\"knativebrokerttl\" not found"}
{"level":"info","ts":"2019-12-03T21:04:25.675Z","logger":"broker_ingress","caller":"ingress/ingress_handler.go:120","msg":"Error retrieving TTL, defaulting.","commit":"7655d9c","error":"\"knativebrokerttl\" not found"}
{"level":"info","ts":"2019-12-03T21:04:25.675Z","logger":"broker_ingress","caller":"ingress/ingress_handler.go:120","msg":"Error retrieving TTL, defaulting.","commit":"7655d9c","error":"\"knativebrokerttl\" not found"}
{"level":"info","ts":"2019-12-03T21:04:25.676Z","logger":"broker_ingress","caller":"ingress/ingress_handler.go:120","msg":"Error retrieving TTL, defaulting.","commit":"7655d9c","error":"\"knativebrokerttl\" not found"}
{"level":"info","ts":"2019-12-03T21:04:25.676Z","logger":"broker_ingress","caller":"ingress/ingress_handler.go:120","msg":"Error retrieving TTL, defaulting.","commit":"7655d9c","error":"\"knativebrokerttl\" not found"}
{"level":"info","ts":"2019-12-03T21:04:25.676Z","logger":"broker_ingress","caller":"ingress/ingress_handler.go:120","msg":"Error retrieving TTL, defaulting.","commit":"7655d9c","error":"\"knativebrokerttl\" not found"}
{"level":"info","ts":"2019-12-03T21:04:25.676Z","logger":"broker_ingress","caller":"ingress/ingress_handler.go:120","msg":"Error retrieving TTL, defaulting.","commit":"7655d9c","error":"\"knativebrokerttl\" not found"}
{"level":"info","ts":"2019-12-03T21:04:25.676Z","logger":"broker_ingress","caller":"ingress/ingress_handler.go:120","msg":"Error retrieving TTL, defaulting.","commit":"7655d9c","error":"\"knativebrokerttl\" not found"}
{"level":"info","ts":"2019-12-03T21:04:25.676Z","logger":"broker_ingress","caller":"ingress/ingress_handler.go:120","msg":"Error retrieving TTL, defaulting.","commit":"7655d9c","error":"\"knativebrokerttl\" not found"}
{"level":"info","ts":"2019-12-03T21:04:25.677Z","logger":"broker_ingress","caller":"ingress/ingress_handler.go:120","msg":"Error retrieving TTL, defaulting.","commit":"7655d9c","error":"\"knativebrokerttl\" not found"}
{"level":"info","ts":"2019-12-03T21:04:25.677Z","logger":"broker_ingress","caller":"ingress/ingress_handler.go:120","msg":"Error retrieving TTL, defaulting.","commit":"7655d9c","error":"\"knativebrokerttl\" not found"}
{"level":"info","ts":"2019-12-03T21:04:25.677Z","logger":"broker_ingress","caller":"ingress/ingress_handler.go:120","msg":"Error retrieving TTL, defaulting.","commit":"7655d9c","error":"\"knativebrokerttl\" not found"}
{"level":"info","ts":"2019-12-03T21:04:25.677Z","logger":"broker_ingress","caller":"ingress/ingress_handler.go:120","msg":"Error retrieving TTL, defaulting.","commit":"7655d9c","error":"\"knativebrokerttl\" not found"}
{"level":"info","ts":"2019-12-03T21:04:25.677Z","logger":"broker_ingress","caller":"ingress/ingress_handler.go:120","msg":"Error retrieving TTL, defaulting.","commit":"7655d9c","error":"\"knativebrokerttl\" not found"}
{"level":"info","ts":"2019-12-03T21:04:25.677Z","logger":"broker_ingress","caller":"ingress/ingress_handler.go:120","msg":"Error retrieving TTL, defaulting.","commit":"7655d9c","error":"\"knativebrokerttl\" not found"}
{"level":"info","ts":"2019-12-03T21:04:25.677Z","logger":"broker_ingress","caller":"ingress/ingress_handler.go:120","msg":"Error retrieving TTL, defaulting.","commit":"7655d9c","error":"\"knativebrokerttl\" not found"}
{"level":"info","ts":"2019-12-03T21:04:25.677Z","logger":"broker_ingress","caller":"ingress/ingress_handler.go:120","msg":"Error retrieving TTL, defaulting.","commit":"7655d9c","error":"\"knativebrokerttl\" not found"}
{"level":"info","ts":"2019-12-03T21:04:25.677Z","logger":"broker_ingress","caller":"ingress/ingress_handler.go:120","msg":"Error retrieving TTL, defaulting.","commit":"7655d9c","error":"\"knativebrokerttl\" not found"}
{"level":"info","ts":"2019-12-03T21:04:25.677Z","logger":"broker_ingress","caller":"ingress/ingress_handler.go:120","msg":"Error retrieving TTL, defaulting.","commit":"7655d9c","error":"\"knativebrokerttl\" not found"}
{"level":"info","ts":"2019-12-03T21:04:25.678Z","logger":"broker_ingress","caller":"ingress/ingress_handler.go:120","msg":"Error retrieving TTL, defaulting.","commit":"7655d9c","error":"\"knativebrokerttl\" not found"}
{"level":"info","ts":"2019-12-03T21:04:25.678Z","logger":"broker_ingress","caller":"ingress/ingress_handler.go:120","msg":"Error retrieving TTL, defaulting.","commit":"7655d9c","error":"\"knativebrokerttl\" not found"}
{"level":"info","ts":"2019-12-03T21:04:25.677Z","logger":"broker_ingress","caller":"ingress/ingress_handler.go:120","msg":"Error retrieving TTL, defaulting.","commit":"7655d9c","error":"\"knativebrokerttl\" not found"}
{"level":"info","ts":"2019-12-03T21:04:25.678Z","logger":"broker_ingress","caller":"ingress/ingress_handler.go:120","msg":"Error retrieving TTL, defaulting.","commit":"7655d9c","error":"\"knativebrokerttl\" not found"}
{"level":"info","ts":"2019-12-03T21:04:25.678Z","logger":"broker_ingress","caller":"ingress/ingress_handler.go:120","msg":"Error retrieving TTL, defaulting.","commit":"7655d9c","error":"\"knativebrokerttl\" not found"}
{"level":"info","ts":"2019-12-03T21:04:25.679Z","logger":"broker_ingress","caller":"ingress/ingress_handler.go:120","msg":"Error retrieving TTL, defaulting.","commit":"7655d9c","error":"\"knativebrokerttl\" not found"}
{"level":"info","ts":"2019-12-03T21:04:25.679Z","logger":"broker_ingress","caller":"ingress/ingress_handler.go:120","msg":"Error retrieving TTL, defaulting.","commit":"7655d9c","error":"\"knativebrokerttl\" not found"}
{"level":"info","ts":"2019-12-03T21:04:25.679Z","logger":"broker_ingress","caller":"ingress/ingress_handler.go:120","msg":"Error retrieving TTL, defaulting.","commit":"7655d9c","error":"\"knativebrokerttl\" not found"}
{"level":"info","ts":"2019-12-03T21:04:25.679Z","logger":"broker_ingress","caller":"ingress/ingress_handler.go:120","msg":"Error retrieving TTL, defaulting.","commit":"7655d9c","error":"\"knativebrokerttl\" not found"}
{"level":"info","ts":"2019-12-03T21:04:25.679Z","logger":"broker_ingress","caller":"ingress/ingress_handler.go:120","msg":"Error retrieving TTL, defaulting.","commit":"7655d9c","error":"\"knativebrokerttl\" not found"}
{"level":"info","ts":"2019-12-03T21:04:25.679Z","logger":"broker_ingress","caller":"ingress/ingress_handler.go:120","msg":"Error retrieving TTL, defaulting.","commit":"7655d9c","error":"\"knativebrokerttl\" not found"}
{"level":"info","ts":"2019-12-03T21:04:25.679Z","logger":"broker_ingress","caller":"ingress/ingress_handler.go:120","msg":"Error retrieving TTL, defaulting.","commit":"7655d9c","error":"\"knativebrokerttl\" not found"}
{"level":"info","ts":"2019-12-03T21:04:25.679Z","logger":"broker_ingress","caller":"ingress/ingress_handler.go:120","msg":"Error retrieving TTL, defaulting.","commit":"7655d9c","error":"\"knativebrokerttl\" not found"}
{"level":"info","ts":"2019-12-03T21:04:25.679Z","logger":"broker_ingress","caller":"ingress/ingress_handler.go:120","msg":"Error retrieving TTL, defaulting.","commit":"7655d9c","error":"\"knativebrokerttl\" not found"}
{"level":"info","ts":"2019-12-03T21:04:25.679Z","logger":"broker_ingress","caller":"ingress/ingress_handler.go:120","msg":"Error retrieving TTL, defaulting.","commit":"7655d9c","error":"\"knativebrokerttl\" not found"}
{"level":"info","ts":"2019-12-03T21:04:25.679Z","logger":"broker_ingress","caller":"ingress/ingress_handler.go:120","msg":"Error retrieving TTL, defaulting.","commit":"7655d9c","error":"\"knativebrokerttl\" not found"}
{"level":"info","ts":"2019-12-03T21:04:25.679Z","logger":"broker_ingress","caller":"ingress/ingress_handler.go:120","msg":"Error retrieving TTL, defaulting.","commit":"7655d9c","error":"\"knativebrokerttl\" not found"}
{"level":"info","ts":"2019-12-03T21:04:25.680Z","logger":"broker_ingress","caller":"ingress/ingress_handler.go:120","msg":"Error retrieving TTL, defaulting.","commit":"7655d9c","error":"\"knativebrokerttl\" not found"}
{"level":"info","ts":"2019-12-03T21:04:25.680Z","logger":"broker_ingress","caller":"ingress/ingress_handler.go:120","msg":"Error retrieving TTL, defaulting.","commit":"7655d9c","error":"\"knativebrokerttl\" not found"}
{"level":"info","ts":"2019-12-03T21:04:25.680Z","logger":"broker_ingress","caller":"ingress/ingress_handler.go:120","msg":"Error retrieving TTL, defaulting.","commit":"7655d9c","error":"\"knativebrokerttl\" not found"}
{"level":"info","ts":"2019-12-03T21:04:25.678Z","logger":"broker_ingress","caller":"ingress/ingress_handler.go:120","msg":"Error retrieving TTL, defaulting.","commit":"7655d9c","error":"\"knativebrokerttl\" not found"}
{"level":"info","ts":"2019-12-03T21:04:25.680Z","logger":"broker_ingress","caller":"ingress/ingress_handler.go:120","msg":"Error retrieving TTL, defaulting.","commit":"7655d9c","error":"\"knativebrokerttl\" not found"}
{"level":"info","ts":"2019-12-03T21:04:25.680Z","logger":"broker_ingress","caller":"ingress/ingress_handler.go:120","msg":"Error retrieving TTL, defaulting.","commit":"7655d9c","error":"\"knativebrokerttl\" not found"}
{"level":"info","ts":"2019-12-03T21:04:25.680Z","logger":"broker_ingress","caller":"ingress/ingress_handler.go:120","msg":"Error retrieving TTL, defaulting.","commit":"7655d9c","error":"\"knativebrokerttl\" not found"}
{"level":"info","ts":"2019-12-03T21:04:25.680Z","logger":"broker_ingress","caller":"ingress/ingress_handler.go:120","msg":"Error retrieving TTL, defaulting.","commit":"7655d9c","error":"\"knativebrokerttl\" not found"}
{"level":"info","ts":"2019-12-03T21:04:25.680Z","logger":"broker_ingress","caller":"ingress/ingress_handler.go:120","msg":"Error retrieving TTL, defaulting.","commit":"7655d9c","error":"\"knativebrokerttl\" not found"}
{"level":"info","ts":"2019-12-03T21:04:25.681Z","logger":"broker_ingress","caller":"ingress/ingress_handler.go:120","msg":"Error retrieving TTL, defaulting.","commit":"7655d9c","error":"\"knativebrokerttl\" not found"}
{"level":"info","ts":"2019-12-03T21:04:25.681Z","logger":"broker_ingress","caller":"ingress/ingress_handler.go:120","msg":"Error retrieving TTL, defaulting.","commit":"7655d9c","error":"\"knativebrokerttl\" not found"}
{"level":"info","ts":"2019-12-03T21:04:25.681Z","logger":"broker_ingress","caller":"ingress/ingress_handler.go:120","msg":"Error retrieving TTL, defaulting.","commit":"7655d9c","error":"\"knativebrokerttl\" not found"}
{"level":"info","ts":"2019-12-03T21:04:25.680Z","logger":"broker_ingress","caller":"ingress/ingress_handler.go:120","msg":"Error retrieving TTL, defaulting.","commit":"7655d9c","error":"\"knativebrokerttl\" not found"}
{"level":"info","ts":"2019-12-03T21:04:25.681Z","logger":"broker_ingress","caller":"ingress/ingress_handler.go:120","msg":"Error retrieving TTL, defaulting.","commit":"7655d9c","error":"\"knativebrokerttl\" not found"}
{"level":"info","ts":"2019-12-03T21:04:25.681Z","logger":"broker_ingress","caller":"ingress/ingress_handler.go:120","msg":"Error retrieving TTL, defaulting.","commit":"7655d9c","error":"\"knativebrokerttl\" not found"}
{"level":"info","ts":"2019-12-03T21:04:25.682Z","logger":"broker_ingress","caller":"ingress/ingress_handler.go:120","msg":"Error retrieving TTL, defaulting.","commit":"7655d9c","error":"\"knativebrokerttl\" not found"}
{"level":"info","ts":"2019-12-03T21:04:25.682Z","logger":"broker_ingress","caller":"ingress/ingress_handler.go:120","msg":"Error retrieving TTL, defaulting.","commit":"7655d9c","error":"\"knativebrokerttl\" not found"}
{"level":"info","ts":"2019-12-03T21:04:25.682Z","logger":"broker_ingress","caller":"ingress/ingress_handler.go:120","msg":"Error retrieving TTL, defaulting.","commit":"7655d9c","error":"\"knativebrokerttl\" not found"}
{"level":"info","ts":"2019-12-03T21:04:25.605Z","logger":"broker_ingress","caller":"ingress/ingress_handler.go:120","msg":"Error retrieving TTL, defaulting.","commit":"7655d9c","error":"\"knativebrokerttl\" not found"}
{"level":"info","ts":"2019-12-03T21:04:25.608Z","logger":"broker_ingress","caller":"ingress/ingress_handler.go:120","msg":"Error retrieving TTL, defaulting.","commit":"7655d9c","error":"\"knativebrokerttl\" not found"}
{"level":"info","ts":"2019-12-03T21:04:25.608Z","logger":"broker_ingress","caller":"ingress/ingress_handler.go:120","msg":"Error retrieving TTL, defaulting.","commit":"7655d9c","error":"\"knativebrokerttl\" not found"}
{"level":"info","ts":"2019-12-03T21:04:25.608Z","logger":"broker_ingress","caller":"ingress/ingress_handler.go:120","msg":"Error retrieving TTL, defaulting.","commit":"7655d9c","error":"\"knativebrokerttl\" not found"}
{"level":"info","ts":"2019-12-03T21:04:25.609Z","logger":"broker_ingress","caller":"ingress/ingress_handler.go:120","msg":"Error retrieving TTL, defaulting.","commit":"7655d9c","error":"\"knativebrokerttl\" not found"}
{"level":"info","ts":"2019-12-03T21:04:25.609Z","logger":"broker_ingress","caller":"ingress/ingress_handler.go:120","msg":"Error retrieving TTL, defaulting.","commit":"7655d9c","error":"\"knativebrokerttl\" not found"}
{"level":"info","ts":"2019-12-03T21:04:25.609Z","logger":"broker_ingress","caller":"ingress/ingress_handler.go:120","msg":"Error retrieving TTL, defaulting.","commit":"7655d9c","error":"\"knativebrokerttl\" not found"}
{"level":"info","ts":"2019-12-03T21:04:25.610Z","logger":"broker_ingress","caller":"ingress/ingress_handler.go:120","msg":"Error retrieving TTL, defaulting.","commit":"7655d9c","error":"\"knativebrokerttl\" not found"}
{"level":"info","ts":"2019-12-03T21:04:25.610Z","logger":"broker_ingress","caller":"ingress/ingress_handler.go:120","msg":"Error retrieving TTL, defaulting.","commit":"7655d9c","error":"\"knativebrokerttl\" not found"}
{"level":"info","ts":"2019-12-03T21:04:25.610Z","logger":"broker_ingress","caller":"ingress/ingress_handler.go:120","msg":"Error retrieving TTL, defaulting.","commit":"7655d9c","error":"\"knativebrokerttl\" not found"}
{"level":"info","ts":"2019-12-03T21:04:25.611Z","logger":"broker_ingress","caller":"ingress/ingress_handler.go:120","msg":"Error retrieving TTL, defaulting.","commit":"7655d9c","error":"\"knativebrokerttl\" not found"}
{"level":"info","ts":"2019-12-03T21:04:25.613Z","logger":"broker_ingress","caller":"ingress/ingress_handler.go:120","msg":"Error retrieving TTL, defaulting.","commit":"7655d9c","error":"\"knativebrokerttl\" not found"}
{"level":"info","ts":"2019-12-03T21:04:25.613Z","logger":"broker_ingress","caller":"ingress/ingress_handler.go:120","msg":"Error retrieving TTL, defaulting.","commit":"7655d9c","error":"\"knativebrokerttl\" not found"}
{"level":"info","ts":"2019-12-03T21:04:25.614Z","logger":"broker_ingress","caller":"ingress/ingress_handler.go:120","msg":"Error retrieving TTL, defaulting.","commit":"7655d9c","error":"\"knativebrokerttl\" not found"}
{"level":"info","ts":"2019-12-03T21:04:25.655Z","logger":"broker_ingress","caller":"ingress/ingress_handler.go:120","msg":"Error retrieving TTL, defaulting.","commit":"7655d9c","error":"\"knativebrokerttl\" not found"}
{"level":"info","ts":"2019-12-03T21:04:25.656Z","logger":"broker_ingress","caller":"ingress/ingress_handler.go:120","msg":"Error retrieving TTL, defaulting.","commit":"7655d9c","error":"\"knativebrokerttl\" not found"}
{"level":"info","ts":"2019-12-03T21:04:25.656Z","logger":"broker_ingress","caller":"ingress/ingress_handler.go:120","msg":"Error retrieving TTL, defaulting.","commit":"7655d9c","error":"\"knativebrokerttl\" not found"}
{"level":"info","ts":"2019-12-03T21:04:25.657Z","logger":"broker_ingress","caller":"ingress/ingress_handler.go:120","msg":"Error retrieving TTL, defaulting.","commit":"7655d9c","error":"\"knativebrokerttl\" not found"}
{"level":"info","ts":"2019-12-03T21:04:25.682Z","logger":"broker_ingress","caller":"ingress/ingress_handler.go:120","msg":"Error retrieving TTL, defaulting.","commit":"7655d9c","error":"\"knativebrokerttl\" not found"}
{"level":"info","ts":"2019-12-03T21:04:25.682Z","logger":"broker_ingress","caller":"ingress/ingress_handler.go:120","msg":"Error retrieving TTL, defaulting.","commit":"7655d9c","error":"\"knativebrokerttl\" not found"}
{"level":"info","ts":"2019-12-03T21:04:25.682Z","logger":"broker_ingress","caller":"ingress/ingress_handler.go:120","msg":"Error retrieving TTL, defaulting.","commit":"7655d9c","error":"\"knativebrokerttl\" not found"}
{"level":"info","ts":"2019-12-03T21:04:25.682Z","logger":"broker_ingress","caller":"ingress/ingress_handler.go:120","msg":"Error retrieving TTL, defaulting.","commit":"7655d9c","error":"\"knativebrokerttl\" not found"}
{"level":"info","ts":"2019-12-03T21:04:25.683Z","logger":"broker_ingress","caller":"ingress/ingress_handler.go:120","msg":"Error retrieving TTL, defaulting.","commit":"7655d9c","error":"\"knativebrokerttl\" not found"}
{"level":"info","ts":"2019-12-03T21:04:25.683Z","logger":"broker_ingress","caller":"ingress/ingress_handler.go:120","msg":"Error retrieving TTL, defaulting.","commit":"7655d9c","error":"\"knativebrokerttl\" not found"}
{"level":"info","ts":"2019-12-03T21:04:25.683Z","logger":"broker_ingress","caller":"ingress/ingress_handler.go:120","msg":"Error retrieving TTL, defaulting.","commit":"7655d9c","error":"\"knativebrokerttl\" not found"}
{"level":"info","ts":"2019-12-03T21:04:25.683Z","logger":"broker_ingress","caller":"ingress/ingress_handler.go:120","msg":"Error retrieving TTL, defaulting.","commit":"7655d9c","error":"\"knativebrokerttl\" not found"}
{"level":"info","ts":"2019-12-03T21:04:25.683Z","logger":"broker_ingress","caller":"ingress/ingress_handler.go:120","msg":"Error retrieving TTL, defaulting.","commit":"7655d9c","error":"\"knativebrokerttl\" not found"}
{"level":"info","ts":"2019-12-03T21:04:25.683Z","logger":"broker_ingress","caller":"ingress/ingress_handler.go:120","msg":"Error retrieving TTL, defaulting.","commit":"7655d9c","error":"\"knativebrokerttl\" not found"}
{"level":"info","ts":"2019-12-03T21:04:25.683Z","logger":"broker_ingress","caller":"ingress/ingress_handler.go:120","msg":"Error retrieving TTL, defaulting.","commit":"7655d9c","error":"\"knativebrokerttl\" not found"}
{"level":"info","ts":"2019-12-03T21:04:25.683Z","logger":"broker_ingress","caller":"ingress/ingress_handler.go:120","msg":"Error retrieving TTL, defaulting.","commit":"7655d9c","error":"\"knativebrokerttl\" not found"}
{"level":"info","ts":"2019-12-03T21:04:25.683Z","logger":"broker_ingress","caller":"ingress/ingress_handler.go:120","msg":"Error retrieving TTL, defaulting.","commit":"7655d9c","error":"\"knativebrokerttl\" not found"}
{"level":"info","ts":"2019-12-03T21:04:25.684Z","logger":"broker_ingress","caller":"ingress/ingress_handler.go:120","msg":"Error retrieving TTL, defaulting.","commit":"7655d9c","error":"\"knativebrokerttl\" not found"}
{"level":"info","ts":"2019-12-03T21:04:25.684Z","logger":"broker_ingress","caller":"ingress/ingress_handler.go:120","msg":"Error retrieving TTL, defaulting.","commit":"7655d9c","error":"\"knativebrokerttl\" not found"}
{"level":"info","ts":"2019-12-03T21:04:25.684Z","logger":"broker_ingress","caller":"ingress/ingress_handler.go:120","msg":"Error retrieving TTL, defaulting.","commit":"7655d9c","error":"\"knativebrokerttl\" not found"}
{"level":"info","ts":"2019-12-03T21:04:25.684Z","logger":"broker_ingress","caller":"ingress/ingress_handler.go:120","msg":"Error retrieving TTL, defaulting.","commit":"7655d9c","error":"\"knativebrokerttl\" not found"}
{"level":"info","ts":"2019-12-03T21:04:25.684Z","logger":"broker_ingress","caller":"ingress/ingress_handler.go:120","msg":"Error retrieving TTL, defaulting.","commit":"7655d9c","error":"\"knativebrokerttl\" not found"}
{"level":"info","ts":"2019-12-03T21:04:25.684Z","logger":"broker_ingress","caller":"ingress/ingress_handler.go:120","msg":"Error retrieving TTL, defaulting.","commit":"7655d9c","error":"\"knativebrokerttl\" not found"}
{"level":"info","ts":"2019-12-03T21:04:25.685Z","logger":"broker_ingress","caller":"ingress/ingress_handler.go:120","msg":"Error retrieving TTL, defaulting.","commit":"7655d9c","error":"\"knativebrokerttl\" not found"}
{"level":"info","ts":"2019-12-03T21:04:25.685Z","logger":"broker_ingress","caller":"ingress/ingress_handler.go:120","msg":"Error retrieving TTL, defaulting.","commit":"7655d9c","error":"\"knativebrokerttl\" not found"}
{"level":"info","ts":"2019-12-03T21:04:25.685Z","logger":"broker_ingress","caller":"ingress/ingress_handler.go:120","msg":"Error retrieving TTL, defaulting.","commit":"7655d9c","error":"\"knativebrokerttl\" not found"}
{"level":"info","ts":"2019-12-03T21:04:25.685Z","logger":"broker_ingress","caller":"ingress/ingress_handler.go:120","msg":"Error retrieving TTL, defaulting.","commit":"7655d9c","error":"\"knativebrokerttl\" not found"}
{"level":"info","ts":"2019-12-03T21:04:25.685Z","logger":"broker_ingress","caller":"ingress/ingress_handler.go:120","msg":"Error retrieving TTL, defaulting.","commit":"7655d9c","error":"\"knativebrokerttl\" not found"}
{"level":"info","ts":"2019-12-03T21:04:25.685Z","logger":"broker_ingress","caller":"ingress/ingress_handler.go:120","msg":"Error retrieving TTL, defaulting.","commit":"7655d9c","error":"\"knativebrokerttl\" not found"}
{"level":"info","ts":"2019-12-03T21:04:25.685Z","logger":"broker_ingress","caller":"ingress/ingress_handler.go:120","msg":"Error retrieving TTL, defaulting.","commit":"7655d9c","error":"\"knativebrokerttl\" not found"}
{"level":"info","ts":"2019-12-03T21:04:25.685Z","logger":"broker_ingress","caller":"ingress/ingress_handler.go:120","msg":"Error retrieving TTL, defaulting.","commit":"7655d9c","error":"\"knativebrokerttl\" not found"}
{"level":"info","ts":"2019-12-03T21:04:25.685Z","logger":"broker_ingress","caller":"ingress/ingress_handler.go:120","msg":"Error retrieving TTL, defaulting.","commit":"7655d9c","error":"\"knativebrokerttl\" not found"}
{"level":"info","ts":"2019-12-03T21:04:25.685Z","logger":"broker_ingress","caller":"ingress/ingress_handler.go:120","msg":"Error retrieving TTL, defaulting.","commit":"7655d9c","error":"\"knativebrokerttl\" not found"}
{"level":"info","ts":"2019-12-03T21:04:25.686Z","logger":"broker_ingress","caller":"ingress/ingress_handler.go:120","msg":"Error retrieving TTL, defaulting.","commit":"7655d9c","error":"\"knativebrokerttl\" not found"}
{"level":"info","ts":"2019-12-03T21:04:25.686Z","logger":"broker_ingress","caller":"ingress/ingress_handler.go:120","msg":"Error retrieving TTL, defaulting.","commit":"7655d9c","error":"\"knativebrokerttl\" not found"}
{"level":"info","ts":"2019-12-03T21:04:25.685Z","logger":"broker_ingress","caller":"ingress/ingress_handler.go:120","msg":"Error retrieving TTL, defaulting.","commit":"7655d9c","error":"\"knativebrokerttl\" not found"}
{"level":"info","ts":"2019-12-03T21:04:25.686Z","logger":"broker_ingress","caller":"ingress/ingress_handler.go:120","msg":"Error retrieving TTL, defaulting.","commit":"7655d9c","error":"\"knativebrokerttl\" not found"}
{"level":"info","ts":"2019-12-03T21:04:25.686Z","logger":"broker_ingress","caller":"ingress/ingress_handler.go:120","msg":"Error retrieving TTL, defaulting.","commit":"7655d9c","error":"\"knativebrokerttl\" not found"}
{"level":"info","ts":"2019-12-03T21:04:25.686Z","logger":"broker_ingress","caller":"ingress/ingress_handler.go:120","msg":"Error retrieving TTL, defaulting.","commit":"7655d9c","error":"\"knativebrokerttl\" not found"}
{"level":"info","ts":"2019-12-03T21:04:25.686Z","logger":"broker_ingress","caller":"ingress/ingress_handler.go:120","msg":"Error retrieving TTL, defaulting.","commit":"7655d9c","error":"\"knativebrokerttl\" not found"}
{"level":"info","ts":"2019-12-03T21:04:25.686Z","logger":"broker_ingress","caller":"ingress/ingress_handler.go:120","msg":"Error retrieving TTL, defaulting.","commit":"7655d9c","error":"\"knativebrokerttl\" not found"}
{"level":"info","ts":"2019-12-03T21:04:25.686Z","logger":"broker_ingress","caller":"ingress/ingress_handler.go:120","msg":"Error retrieving TTL, defaulting.","commit":"7655d9c","error":"\"knativebrokerttl\" not found"}
{"level":"info","ts":"2019-12-03T21:04:25.687Z","logger":"broker_ingress","caller":"ingress/ingress_handler.go:120","msg":"Error retrieving TTL, defaulting.","commit":"7655d9c","error":"\"knativebrokerttl\" not found"}
{"level":"info","ts":"2019-12-03T21:04:25.688Z","logger":"broker_ingress","caller":"ingress/ingress_handler.go:120","msg":"Error retrieving TTL, defaulting.","commit":"7655d9c","error":"\"knativebrokerttl\" not found"}
{"level":"info","ts":"2019-12-03T21:04:25.688Z","logger":"broker_ingress","caller":"ingress/ingress_handler.go:120","msg":"Error retrieving TTL, defaulting.","commit":"7655d9c","error":"\"knativebrokerttl\" not found"}
{"level":"info","ts":"2019-12-03T21:04:25.688Z","logger":"broker_ingress","caller":"ingress/ingress_handler.go:120","msg":"Error retrieving TTL, defaulting.","commit":"7655d9c","error":"\"knativebrokerttl\" not found"}
{"level":"info","ts":"2019-12-03T21:04:25.688Z","logger":"broker_ingress","caller":"ingress/ingress_handler.go:120","msg":"Error retrieving TTL, defaulting.","commit":"7655d9c","error":"\"knativebrokerttl\" not found"}
{"level":"info","ts":"2019-12-03T21:04:25.688Z","logger":"broker_ingress","caller":"ingress/ingress_handler.go:120","msg":"Error retrieving TTL, defaulting.","commit":"7655d9c","error":"\"knativebrokerttl\" not found"}
{"level":"info","ts":"2019-12-03T21:04:25.689Z","logger":"broker_ingress","caller":"ingress/ingress_handler.go:120","msg":"Error retrieving TTL, defaulting.","commit":"7655d9c","error":"\"knativebrokerttl\" not found"}
{"level":"info","ts":"2019-12-03T21:04:25.689Z","logger":"broker_ingress","caller":"ingress/ingress_handler.go:120","msg":"Error retrieving TTL, defaulting.","commit":"7655d9c","error":"\"knativebrokerttl\" not found"}
{"level":"info","ts":"2019-12-03T21:04:25.689Z","logger":"broker_ingress","caller":"ingress/ingress_handler.go:120","msg":"Error retrieving TTL, defaulting.","commit":"7655d9c","error":"\"knativebrokerttl\" not found"}
{"level":"info","ts":"2019-12-03T21:04:25.689Z","logger":"broker_ingress","caller":"ingress/ingress_handler.go:120","msg":"Error retrieving TTL, defaulting.","commit":"7655d9c","error":"\"knativebrokerttl\" not found"}
{"level":"info","ts":"2019-12-03T21:04:25.689Z","logger":"broker_ingress","caller":"ingress/ingress_handler.go:120","msg":"Error retrieving TTL, defaulting.","commit":"7655d9c","error":"\"knativebrokerttl\" not found"}
{"level":"info","ts":"2019-12-03T21:04:25.689Z","logger":"broker_ingress","caller":"ingress/ingress_handler.go:120","msg":"Error retrieving TTL, defaulting.","commit":"7655d9c","error":"\"knativebrokerttl\" not found"}
{"level":"info","ts":"2019-12-03T21:04:25.689Z","logger":"broker_ingress","caller":"ingress/ingress_handler.go:120","msg":"Error retrieving TTL, defaulting.","commit":"7655d9c","error":"\"knativebrokerttl\" not found"}
{"level":"info","ts":"2019-12-03T21:04:25.689Z","logger":"broker_ingress","caller":"ingress/ingress_handler.go:120","msg":"Error retrieving TTL, defaulting.","commit":"7655d9c","error":"\"knativebrokerttl\" not found"}
{"level":"info","ts":"2019-12-03T21:04:25.689Z","logger":"broker_ingress","caller":"ingress/ingress_handler.go:120","msg":"Error retrieving TTL, defaulting.","commit":"7655d9c","error":"\"knativebrokerttl\" not found"}
{"level":"info","ts":"2019-12-03T21:04:25.689Z","logger":"broker_ingress","caller":"ingress/ingress_handler.go:120","msg":"Error retrieving TTL, defaulting.","commit":"7655d9c","error":"\"knativebrokerttl\" not found"}
{"level":"info","ts":"2019-12-03T21:04:25.689Z","logger":"broker_ingress","caller":"ingress/ingress_handler.go:120","msg":"Error retrieving TTL, defaulting.","commit":"7655d9c","error":"\"knativebrokerttl\" not found"}
{"level":"info","ts":"2019-12-03T21:04:25.690Z","logger":"broker_ingress","caller":"ingress/ingress_handler.go:120","msg":"Error retrieving TTL, defaulting.","commit":"7655d9c","error":"\"knativebrokerttl\" not found"}
{"level":"info","ts":"2019-12-03T21:04:25.690Z","logger":"broker_ingress","caller":"ingress/ingress_handler.go:120","msg":"Error retrieving TTL, defaulting.","commit":"7655d9c","error":"\"knativebrokerttl\" not found"}
{"level":"info","ts":"2019-12-03T21:04:25.690Z","logger":"broker_ingress","caller":"ingress/ingress_handler.go:120","msg":"Error retrieving TTL, defaulting.","commit":"7655d9c","error":"\"knativebrokerttl\" not found"}
{"level":"info","ts":"2019-12-03T21:04:25.690Z","logger":"broker_ingress","caller":"ingress/ingress_handler.go:120","msg":"Error retrieving TTL, defaulting.","commit":"7655d9c","error":"\"knativebrokerttl\" not found"}
{"level":"info","ts":"2019-12-03T21:04:25.690Z","logger":"broker_ingress","caller":"ingress/ingress_handler.go:120","msg":"Error retrieving TTL, defaulting.","commit":"7655d9c","error":"\"knativebrokerttl\" not found"}
{"level":"info","ts":"2019-12-03T21:04:25.690Z","logger":"broker_ingress","caller":"ingress/ingress_handler.go:120","msg":"Error retrieving TTL, defaulting.","commit":"7655d9c","error":"\"knativebrokerttl\" not found"}
{"level":"info","ts":"2019-12-03T21:04:25.690Z","logger":"broker_ingress","caller":"ingress/ingress_handler.go:120","msg":"Error retrieving TTL, defaulting.","commit":"7655d9c","error":"\"knativebrokerttl\" not found"}
{"level":"info","ts":"2019-12-03T21:04:25.690Z","logger":"broker_ingress","caller":"ingress/ingress_handler.go:120","msg":"Error retrieving TTL, defaulting.","commit":"7655d9c","error":"\"knativebrokerttl\" not found"}
{"level":"info","ts":"2019-12-03T21:04:25.690Z","logger":"broker_ingress","caller":"ingress/ingress_handler.go:120","msg":"Error retrieving TTL, defaulting.","commit":"7655d9c","error":"\"knativebrokerttl\" not found"}
{"level":"info","ts":"2019-12-03T21:04:25.690Z","logger":"broker_ingress","caller":"ingress/ingress_handler.go:120","msg":"Error retrieving TTL, defaulting.","commit":"7655d9c","error":"\"knativebrokerttl\" not found"}
{"level":"info","ts":"2019-12-03T21:04:25.690Z","logger":"broker_ingress","caller":"ingress/ingress_handler.go:120","msg":"Error retrieving TTL, defaulting.","commit":"7655d9c","error":"\"knativebrokerttl\" not found"}
{"level":"info","ts":"2019-12-03T21:04:25.690Z","logger":"broker_ingress","caller":"ingress/ingress_handler.go:120","msg":"Error retrieving TTL, defaulting.","commit":"7655d9c","error":"\"knativebrokerttl\" not found"}
{"level":"info","ts":"2019-12-03T21:04:25.691Z","logger":"broker_ingress","caller":"ingress/ingress_handler.go:120","msg":"Error retrieving TTL, defaulting.","commit":"7655d9c","error":"\"knativebrokerttl\" not found"}
{"level":"info","ts":"2019-12-03T21:04:25.691Z","logger":"broker_ingress","caller":"ingress/ingress_handler.go:120","msg":"Error retrieving TTL, defaulting.","commit":"7655d9c","error":"\"knativebrokerttl\" not found"}
{"level":"info","ts":"2019-12-03T21:04:25.691Z","logger":"broker_ingress","caller":"ingress/ingress_handler.go:120","msg":"Error retrieving TTL, defaulting.","commit":"7655d9c","error":"\"knativebrokerttl\" not found"}
{"level":"info","ts":"2019-12-03T21:04:25.691Z","logger":"broker_ingress","caller":"ingress/ingress_handler.go:120","msg":"Error retrieving TTL, defaulting.","commit":"7655d9c","error":"\"knativebrokerttl\" not found"}
{"level":"info","ts":"2019-12-03T21:04:25.691Z","logger":"broker_ingress","caller":"ingress/ingress_handler.go:120","msg":"Error retrieving TTL, defaulting.","commit":"7655d9c","error":"\"knativebrokerttl\" not found"}
{"level":"info","ts":"2019-12-03T21:04:25.691Z","logger":"broker_ingress","caller":"ingress/ingress_handler.go:120","msg":"Error retrieving TTL, defaulting.","commit":"7655d9c","error":"\"knativebrokerttl\" not found"}
{"level":"info","ts":"2019-12-03T21:04:25.691Z","logger":"broker_ingress","caller":"ingress/ingress_handler.go:120","msg":"Error retrieving TTL, defaulting.","commit":"7655d9c","error":"\"knativebrokerttl\" not found"}
{"level":"info","ts":"2019-12-03T21:04:25.692Z","logger":"broker_ingress","caller":"ingress/ingress_handler.go:120","msg":"Error retrieving TTL, defaulting.","commit":"7655d9c","error":"\"knativebrokerttl\" not found"}
{"level":"info","ts":"2019-12-03T21:04:25.692Z","logger":"broker_ingress","caller":"ingress/ingress_handler.go:120","msg":"Error retrieving TTL, defaulting.","commit":"7655d9c","error":"\"knativebrokerttl\" not found"}
{"level":"info","ts":"2019-12-03T21:04:25.692Z","logger":"broker_ingress","caller":"ingress/ingress_handler.go:120","msg":"Error retrieving TTL, defaulting.","commit":"7655d9c","error":"\"knativebrokerttl\" not found"}
{"level":"info","ts":"2019-12-03T21:04:25.692Z","logger":"broker_ingress","caller":"ingress/ingress_handler.go:120","msg":"Error retrieving TTL, defaulting.","commit":"7655d9c","error":"\"knativebrokerttl\" not found"}
{"level":"info","ts":"2019-12-03T21:04:25.692Z","logger":"broker_ingress","caller":"ingress/ingress_handler.go:120","msg":"Error retrieving TTL, defaulting.","commit":"7655d9c","error":"\"knativebrokerttl\" not found"}
{"level":"info","ts":"2019-12-03T21:04:25.692Z","logger":"broker_ingress","caller":"ingress/ingress_handler.go:120","msg":"Error retrieving TTL, defaulting.","commit":"7655d9c","error":"\"knativebrokerttl\" not found"}
{"level":"info","ts":"2019-12-03T21:04:25.693Z","logger":"broker_ingress","caller":"ingress/ingress_handler.go:120","msg":"Error retrieving TTL, defaulting.","commit":"7655d9c","error":"\"knativebrokerttl\" not found"}
{"level":"info","ts":"2019-12-03T21:04:25.693Z","logger":"broker_ingress","caller":"ingress/ingress_handler.go:120","msg":"Error retrieving TTL, defaulting.","commit":"7655d9c","error":"\"knativebrokerttl\" not found"}
{"level":"info","ts":"2019-12-03T21:04:25.693Z","logger":"broker_ingress","caller":"ingress/ingress_handler.go:120","msg":"Error retrieving TTL, defaulting.","commit":"7655d9c","error":"\"knativebrokerttl\" not found"}
{"level":"info","ts":"2019-12-03T21:04:25.693Z","logger":"broker_ingress","caller":"ingress/ingress_handler.go:120","msg":"Error retrieving TTL, defaulting.","commit":"7655d9c","error":"\"knativebrokerttl\" not found"}
{"level":"info","ts":"2019-12-03T21:04:25.693Z","logger":"broker_ingress","caller":"ingress/ingress_handler.go:120","msg":"Error retrieving TTL, defaulting.","commit":"7655d9c","error":"\"knativebrokerttl\" not found"}
{"level":"info","ts":"2019-12-03T21:04:25.693Z","logger":"broker_ingress","caller":"ingress/ingress_handler.go:120","msg":"Error retrieving TTL, defaulting.","commit":"7655d9c","error":"\"knativebrokerttl\" not found"}
{"level":"info","ts":"2019-12-03T21:04:25.693Z","logger":"broker_ingress","caller":"ingress/ingress_handler.go:120","msg":"Error retrieving TTL, defaulting.","commit":"7655d9c","error":"\"knativebrokerttl\" not found"}
{"level":"info","ts":"2019-12-03T21:04:25.693Z","logger":"broker_ingress","caller":"ingress/ingress_handler.go:120","msg":"Error retrieving TTL, defaulting.","commit":"7655d9c","error":"\"knativebrokerttl\" not found"}
{"level":"info","ts":"2019-12-03T21:04:25.693Z","logger":"broker_ingress","caller":"ingress/ingress_handler.go:120","msg":"Error retrieving TTL, defaulting.","commit":"7655d9c","error":"\"knativebrokerttl\" not found"}
{"level":"info","ts":"2019-12-03T21:04:25.694Z","logger":"broker_ingress","caller":"ingress/ingress_handler.go:120","msg":"Error retrieving TTL, defaulting.","commit":"7655d9c","error":"\"knativebrokerttl\" not found"}
{"level":"info","ts":"2019-12-03T21:04:25.694Z","logger":"broker_ingress","caller":"ingress/ingress_handler.go:120","msg":"Error retrieving TTL, defaulting.","commit":"7655d9c","error":"\"knativebrokerttl\" not found"}
{"level":"info","ts":"2019-12-03T21:04:25.691Z","logger":"broker_ingress","caller":"ingress/ingress_handler.go:120","msg":"Error retrieving TTL, defaulting.","commit":"7655d9c","error":"\"knativebrokerttl\" not found"}
{"level":"info","ts":"2019-12-03T21:04:25.694Z","logger":"broker_ingress","caller":"ingress/ingress_handler.go:120","msg":"Error retrieving TTL, defaulting.","commit":"7655d9c","error":"\"knativebrokerttl\" not found"}
{"level":"info","ts":"2019-12-03T21:04:25.694Z","logger":"broker_ingress","caller":"ingress/ingress_handler.go:120","msg":"Error retrieving TTL, defaulting.","commit":"7655d9c","error":"\"knativebrokerttl\" not found"}
{"level":"info","ts":"2019-12-03T21:04:25.694Z","logger":"broker_ingress","caller":"ingress/ingress_handler.go:120","msg":"Error retrieving TTL, defaulting.","commit":"7655d9c","error":"\"knativebrokerttl\" not found"}
{"level":"info","ts":"2019-12-03T21:04:25.695Z","logger":"broker_ingress","caller":"ingress/ingress_handler.go:120","msg":"Error retrieving TTL, defaulting.","commit":"7655d9c","error":"\"knativebrokerttl\" not found"}
{"level":"info","ts":"2019-12-03T21:04:25.695Z","logger":"broker_ingress","caller":"ingress/ingress_handler.go:120","msg":"Error retrieving TTL, defaulting.","commit":"7655d9c","error":"\"knativebrokerttl\" not found"}
{"level":"info","ts":"2019-12-03T21:04:25.695Z","logger":"broker_ingress","caller":"ingress/ingress_handler.go:120","msg":"Error retrieving TTL, defaulting.","commit":"7655d9c","error":"\"knativebrokerttl\" not found"}
{"level":"info","ts":"2019-12-03T21:04:25.695Z","logger":"broker_ingress","caller":"ingress/ingress_handler.go:120","msg":"Error retrieving TTL, defaulting.","commit":"7655d9c","error":"\"knativebrokerttl\" not found"}
{"level":"info","ts":"2019-12-03T21:04:25.695Z","logger":"broker_ingress","caller":"ingress/ingress_handler.go:120","msg":"Error retrieving TTL, defaulting.","commit":"7655d9c","error":"\"knativebrokerttl\" not found"}
{"level":"info","ts":"2019-12-03T21:04:25.695Z","logger":"broker_ingress","caller":"ingress/ingress_handler.go:120","msg":"Error retrieving TTL, defaulting.","commit":"7655d9c","error":"\"knativebrokerttl\" not found"}
{"level":"info","ts":"2019-12-03T21:04:25.695Z","logger":"broker_ingress","caller":"ingress/ingress_handler.go:120","msg":"Error retrieving TTL, defaulting.","commit":"7655d9c","error":"\"knativebrokerttl\" not found"}
{"level":"info","ts":"2019-12-03T21:04:25.695Z","logger":"broker_ingress","caller":"ingress/ingress_handler.go:120","msg":"Error retrieving TTL, defaulting.","commit":"7655d9c","error":"\"knativebrokerttl\" not found"}
{"level":"info","ts":"2019-12-03T21:04:25.695Z","logger":"broker_ingress","caller":"ingress/ingress_handler.go:120","msg":"Error retrieving TTL, defaulting.","commit":"7655d9c","error":"\"knativebrokerttl\" not found"}
{"level":"info","ts":"2019-12-03T21:04:25.695Z","logger":"broker_ingress","caller":"ingress/ingress_handler.go:120","msg":"Error retrieving TTL, defaulting.","commit":"7655d9c","error":"\"knativebrokerttl\" not found"}
{"level":"info","ts":"2019-12-03T21:04:25.696Z","logger":"broker_ingress","caller":"ingress/ingress_handler.go:120","msg":"Error retrieving TTL, defaulting.","commit":"7655d9c","error":"\"knativebrokerttl\" not found"}
{"level":"info","ts":"2019-12-03T21:04:25.696Z","logger":"broker_ingress","caller":"ingress/ingress_handler.go:120","msg":"Error retrieving TTL, defaulting.","commit":"7655d9c","error":"\"knativebrokerttl\" not found"}
{"level":"info","ts":"2019-12-03T21:04:25.696Z","logger":"broker_ingress","caller":"ingress/ingress_handler.go:120","msg":"Error retrieving TTL, defaulting.","commit":"7655d9c","error":"\"knativebrokerttl\" not found"}
{"level":"info","ts":"2019-12-03T21:04:25.696Z","logger":"broker_ingress","caller":"ingress/ingress_handler.go:120","msg":"Error retrieving TTL, defaulting.","commit":"7655d9c","error":"\"knativebrokerttl\" not found"}
{"level":"info","ts":"2019-12-03T21:04:25.696Z","logger":"broker_ingress","caller":"ingress/ingress_handler.go:120","msg":"Error retrieving TTL, defaulting.","commit":"7655d9c","error":"\"knativebrokerttl\" not found"}
{"level":"info","ts":"2019-12-03T21:04:25.696Z","logger":"broker_ingress","caller":"ingress/ingress_handler.go:120","msg":"Error retrieving TTL, defaulting.","commit":"7655d9c","error":"\"knativebrokerttl\" not found"}
{"level":"info","ts":"2019-12-03T21:04:25.697Z","logger":"broker_ingress","caller":"ingress/ingress_handler.go:120","msg":"Error retrieving TTL, defaulting.","commit":"7655d9c","error":"\"knativebrokerttl\" not found"}
{"level":"info","ts":"2019-12-03T21:04:25.696Z","logger":"broker_ingress","caller":"ingress/ingress_handler.go:120","msg":"Error retrieving TTL, defaulting.","commit":"7655d9c","error":"\"knativebrokerttl\" not found"}
{"level":"info","ts":"2019-12-03T21:04:25.697Z","logger":"broker_ingress","caller":"ingress/ingress_handler.go:120","msg":"Error retrieving TTL, defaulting.","commit":"7655d9c","error":"\"knativebrokerttl\" not found"}
{"level":"info","ts":"2019-12-03T21:04:25.697Z","logger":"broker_ingress","caller":"ingress/ingress_handler.go:120","msg":"Error retrieving TTL, defaulting.","commit":"7655d9c","error":"\"knativebrokerttl\" not found"}
{"level":"info","ts":"2019-12-03T21:04:25.697Z","logger":"broker_ingress","caller":"ingress/ingress_handler.go:120","msg":"Error retrieving TTL, defaulting.","commit":"7655d9c","error":"\"knativebrokerttl\" not found"}
{"level":"info","ts":"2019-12-03T21:04:25.697Z","logger":"broker_ingress","caller":"ingress/ingress_handler.go:120","msg":"Error retrieving TTL, defaulting.","commit":"7655d9c","error":"\"knativebrokerttl\" not found"}
{"level":"info","ts":"2019-12-03T21:04:25.697Z","logger":"broker_ingress","caller":"ingress/ingress_handler.go:120","msg":"Error retrieving TTL, defaulting.","commit":"7655d9c","error":"\"knativebrokerttl\" not found"}
{"level":"info","ts":"2019-12-03T21:04:25.698Z","logger":"broker_ingress","caller":"ingress/ingress_handler.go:120","msg":"Error retrieving TTL, defaulting.","commit":"7655d9c","error":"\"knativebrokerttl\" not found"}
{"level":"info","ts":"2019-12-03T21:04:25.698Z","logger":"broker_ingress","caller":"ingress/ingress_handler.go:120","msg":"Error retrieving TTL, defaulting.","commit":"7655d9c","error":"\"knativebrokerttl\" not found"}
{"level":"info","ts":"2019-12-03T21:04:25.698Z","logger":"broker_ingress","caller":"ingress/ingress_handler.go:120","msg":"Error retrieving TTL, defaulting.","commit":"7655d9c","error":"\"knativebrokerttl\" not found"}
{"level":"info","ts":"2019-12-03T21:04:25.698Z","logger":"broker_ingress","caller":"ingress/ingress_handler.go:120","msg":"Error retrieving TTL, defaulting.","commit":"7655d9c","error":"\"knativebrokerttl\" not found"}
{"level":"info","ts":"2019-12-03T21:04:25.698Z","logger":"broker_ingress","caller":"ingress/ingress_handler.go:120","msg":"Error retrieving TTL, defaulting.","commit":"7655d9c","error":"\"knativebrokerttl\" not found"}
{"level":"info","ts":"2019-12-03T21:04:25.698Z","logger":"broker_ingress","caller":"ingress/ingress_handler.go:120","msg":"Error retrieving TTL, defaulting.","commit":"7655d9c","error":"\"knativebrokerttl\" not found"}
{"level":"info","ts":"2019-12-03T21:04:25.698Z","logger":"broker_ingress","caller":"ingress/ingress_handler.go:120","msg":"Error retrieving TTL, defaulting.","commit":"7655d9c","error":"\"knativebrokerttl\" not found"}
{"level":"info","ts":"2019-12-03T21:04:25.698Z","logger":"broker_ingress","caller":"ingress/ingress_handler.go:120","msg":"Error retrieving TTL, defaulting.","commit":"7655d9c","error":"\"knativebrokerttl\" not found"}
{"level":"info","ts":"2019-12-03T21:04:25.698Z","logger":"broker_ingress","caller":"ingress/ingress_handler.go:120","msg":"Error retrieving TTL, defaulting.","commit":"7655d9c","error":"\"knativebrokerttl\" not found"}
{"level":"info","ts":"2019-12-03T21:04:25.698Z","logger":"broker_ingress","caller":"ingress/ingress_handler.go:120","msg":"Error retrieving TTL, defaulting.","commit":"7655d9c","error":"\"knativebrokerttl\" not found"}
{"level":"info","ts":"2019-12-03T21:04:25.698Z","logger":"broker_ingress","caller":"ingress/ingress_handler.go:120","msg":"Error retrieving TTL, defaulting.","commit":"7655d9c","error":"\"knativebrokerttl\" not found"}
{"level":"info","ts":"2019-12-03T21:04:25.699Z","logger":"broker_ingress","caller":"ingress/ingress_handler.go:120","msg":"Error retrieving TTL, defaulting.","commit":"7655d9c","error":"\"knativebrokerttl\" not found"}
{"level":"info","ts":"2019-12-03T21:04:25.697Z","logger":"broker_ingress","caller":"ingress/ingress_handler.go:120","msg":"Error retrieving TTL, defaulting.","commit":"7655d9c","error":"\"knativebrokerttl\" not found"}
{"level":"info","ts":"2019-12-03T21:04:25.699Z","logger":"broker_ingress","caller":"ingress/ingress_handler.go:120","msg":"Error retrieving TTL, defaulting.","commit":"7655d9c","error":"\"knativebrokerttl\" not found"}
{"level":"info","ts":"2019-12-03T21:04:25.699Z","logger":"broker_ingress","caller":"ingress/ingress_handler.go:120","msg":"Error retrieving TTL, defaulting.","commit":"7655d9c","error":"\"knativebrokerttl\" not found"}
{"level":"info","ts":"2019-12-03T21:04:25.699Z","logger":"broker_ingress","caller":"ingress/ingress_handler.go:120","msg":"Error retrieving TTL, defaulting.","commit":"7655d9c","error":"\"knativebrokerttl\" not found"}
{"level":"info","ts":"2019-12-03T21:04:25.699Z","logger":"broker_ingress","caller":"ingress/ingress_handler.go:120","msg":"Error retrieving TTL, defaulting.","commit":"7655d9c","error":"\"knativebrokerttl\" not found"}
{"level":"info","ts":"2019-12-03T21:04:25.700Z","logger":"broker_ingress","caller":"ingress/ingress_handler.go:120","msg":"Error retrieving TTL, defaulting.","commit":"7655d9c","error":"\"knativebrokerttl\" not found"}
{"level":"info","ts":"2019-12-03T21:04:25.652Z","logger":"broker_ingress","caller":"ingress/ingress_handler.go:120","msg":"Error retrieving TTL, defaulting.","commit":"7655d9c","error":"\"knativebrokerttl\" not found"}
{"level":"info","ts":"2019-12-03T21:04:25.700Z","logger":"broker_ingress","caller":"ingress/ingress_handler.go:120","msg":"Error retrieving TTL, defaulting.","commit":"7655d9c","error":"\"knativebrokerttl\" not found"}
{"level":"info","ts":"2019-12-03T21:04:25.700Z","logger":"broker_ingress","caller":"ingress/ingress_handler.go:120","msg":"Error retrieving TTL, defaulting.","commit":"7655d9c","error":"\"knativebrokerttl\" not found"}
{"level":"info","ts":"2019-12-03T21:04:25.700Z","logger":"broker_ingress","caller":"ingress/ingress_handler.go:120","msg":"Error retrieving TTL, defaulting.","commit":"7655d9c","error":"\"knativebrokerttl\" not found"}
{"level":"info","ts":"2019-12-03T21:04:25.700Z","logger":"broker_ingress","caller":"ingress/ingress_handler.go:120","msg":"Error retrieving TTL, defaulting.","commit":"7655d9c","error":"\"knativebrokerttl\" not found"}
{"level":"info","ts":"2019-12-03T21:04:25.700Z","logger":"broker_ingress","caller":"ingress/ingress_handler.go:120","msg":"Error retrieving TTL, defaulting.","commit":"7655d9c","error":"\"knativebrokerttl\" not found"}
{"level":"info","ts":"2019-12-03T21:04:25.700Z","logger":"broker_ingress","caller":"ingress/ingress_handler.go:120","msg":"Error retrieving TTL, defaulting.","commit":"7655d9c","error":"\"knativebrokerttl\" not found"}
{"level":"info","ts":"2019-12-03T21:04:25.701Z","logger":"broker_ingress","caller":"ingress/ingress_handler.go:120","msg":"Error retrieving TTL, defaulting.","commit":"7655d9c","error":"\"knativebrokerttl\" not found"}
{"level":"info","ts":"2019-12-03T21:04:25.701Z","logger":"broker_ingress","caller":"ingress/ingress_handler.go:120","msg":"Error retrieving TTL, defaulting.","commit":"7655d9c","error":"\"knativebrokerttl\" not found"}
{"level":"info","ts":"2019-12-03T21:04:25.701Z","logger":"broker_ingress","caller":"ingress/ingress_handler.go:120","msg":"Error retrieving TTL, defaulting.","commit":"7655d9c","error":"\"knativebrokerttl\" not found"}
{"level":"info","ts":"2019-12-03T21:04:25.702Z","logger":"broker_ingress","caller":"ingress/ingress_handler.go:120","msg":"Error retrieving TTL, defaulting.","commit":"7655d9c","error":"\"knativebrokerttl\" not found"}
{"level":"info","ts":"2019-12-03T21:04:25.699Z","logger":"broker_ingress","caller":"ingress/ingress_handler.go:120","msg":"Error retrieving TTL, defaulting.","commit":"7655d9c","error":"\"knativebrokerttl\" not found"}
{"level":"info","ts":"2019-12-03T21:04:25.703Z","logger":"broker_ingress","caller":"ingress/ingress_handler.go:120","msg":"Error retrieving TTL, defaulting.","commit":"7655d9c","error":"\"knativebrokerttl\" not found"}
{"level":"info","ts":"2019-12-03T21:04:25.703Z","logger":"broker_ingress","caller":"ingress/ingress_handler.go:120","msg":"Error retrieving TTL, defaulting.","commit":"7655d9c","error":"\"knativebrokerttl\" not found"}
{"level":"info","ts":"2019-12-03T21:04:25.703Z","logger":"broker_ingress","caller":"ingress/ingress_handler.go:120","msg":"Error retrieving TTL, defaulting.","commit":"7655d9c","error":"\"knativebrokerttl\" not found"}
{"level":"info","ts":"2019-12-03T21:04:25.703Z","logger":"broker_ingress","caller":"ingress/ingress_handler.go:120","msg":"Error retrieving TTL, defaulting.","commit":"7655d9c","error":"\"knativebrokerttl\" not found"}
{"level":"info","ts":"2019-12-03T21:04:25.701Z","logger":"broker_ingress","caller":"ingress/ingress_handler.go:120","msg":"Error retrieving TTL, defaulting.","commit":"7655d9c","error":"\"knativebrokerttl\" not found"}
{"level":"info","ts":"2019-12-03T21:04:25.704Z","logger":"broker_ingress","caller":"ingress/ingress_handler.go:120","msg":"Error retrieving TTL, defaulting.","commit":"7655d9c","error":"\"knativebrokerttl\" not found"}
{"level":"info","ts":"2019-12-03T21:04:25.704Z","logger":"broker_ingress","caller":"ingress/ingress_handler.go:120","msg":"Error retrieving TTL, defaulting.","commit":"7655d9c","error":"\"knativebrokerttl\" not found"}
{"level":"info","ts":"2019-12-03T21:04:25.704Z","logger":"broker_ingress","caller":"ingress/ingress_handler.go:120","msg":"Error retrieving TTL, defaulting.","commit":"7655d9c","error":"\"knativebrokerttl\" not found"}
{"level":"info","ts":"2019-12-03T21:04:25.704Z","logger":"broker_ingress","caller":"ingress/ingress_handler.go:120","msg":"Error retrieving TTL, defaulting.","commit":"7655d9c","error":"\"knativebrokerttl\" not found"}
{"level":"info","ts":"2019-12-03T21:04:25.704Z","logger":"broker_ingress","caller":"ingress/ingress_handler.go:120","msg":"Error retrieving TTL, defaulting.","commit":"7655d9c","error":"\"knativebrokerttl\" not found"}
{"level":"info","ts":"2019-12-03T21:04:25.704Z","logger":"broker_ingress","caller":"ingress/ingress_handler.go:120","msg":"Error retrieving TTL, defaulting.","commit":"7655d9c","error":"\"knativebrokerttl\" not found"}
{"level":"info","ts":"2019-12-03T21:04:25.705Z","logger":"broker_ingress","caller":"ingress/ingress_handler.go:120","msg":"Error retrieving TTL, defaulting.","commit":"7655d9c","error":"\"knativebrokerttl\" not found"}
{"level":"info","ts":"2019-12-03T21:04:25.705Z","logger":"broker_ingress","caller":"ingress/ingress_handler.go:120","msg":"Error retrieving TTL, defaulting.","commit":"7655d9c","error":"\"knativebrokerttl\" not found"}
{"level":"info","ts":"2019-12-03T21:04:25.705Z","logger":"broker_ingress","caller":"ingress/ingress_handler.go:120","msg":"Error retrieving TTL, defaulting.","commit":"7655d9c","error":"\"knativebrokerttl\" not found"}
{"level":"info","ts":"2019-12-03T21:04:25.706Z","logger":"broker_ingress","caller":"ingress/ingress_handler.go:120","msg":"Error retrieving TTL, defaulting.","commit":"7655d9c","error":"\"knativebrokerttl\" not found"}
{"level":"info","ts":"2019-12-03T21:04:25.707Z","logger":"broker_ingress","caller":"ingress/ingress_handler.go:120","msg":"Error retrieving TTL, defaulting.","commit":"7655d9c","error":"\"knativebrokerttl\" not found"}
{"level":"info","ts":"2019-12-03T21:04:25.707Z","logger":"broker_ingress","caller":"ingress/ingress_handler.go:120","msg":"Error retrieving TTL, defaulting.","commit":"7655d9c","error":"\"knativebrokerttl\" not found"}
{"level":"info","ts":"2019-12-03T21:04:25.708Z","logger":"broker_ingress","caller":"ingress/ingress_handler.go:120","msg":"Error retrieving TTL, defaulting.","commit":"7655d9c","error":"\"knativebrokerttl\" not found"}
{"level":"info","ts":"2019-12-03T21:04:25.708Z","logger":"broker_ingress","caller":"ingress/ingress_handler.go:120","msg":"Error retrieving TTL, defaulting.","commit":"7655d9c","error":"\"knativebrokerttl\" not found"}
{"level":"info","ts":"2019-12-03T21:04:25.708Z","logger":"broker_ingress","caller":"ingress/ingress_handler.go:120","msg":"Error retrieving TTL, defaulting.","commit":"7655d9c","error":"\"knativebrokerttl\" not found"}
{"level":"info","ts":"2019-12-03T21:04:25.708Z","logger":"broker_ingress","caller":"ingress/ingress_handler.go:120","msg":"Error retrieving TTL, defaulting.","commit":"7655d9c","error":"\"knativebrokerttl\" not found"}
{"level":"info","ts":"2019-12-03T21:04:25.709Z","logger":"broker_ingress","caller":"ingress/ingress_handler.go:120","msg":"Error retrieving TTL, defaulting.","commit":"7655d9c","error":"\"knativebrokerttl\" not found"}
{"level":"info","ts":"2019-12-03T21:04:25.710Z","logger":"broker_ingress","caller":"ingress/ingress_handler.go:120","msg":"Error retrieving TTL, defaulting.","commit":"7655d9c","error":"\"knativebrokerttl\" not found"}
{"level":"info","ts":"2019-12-03T21:04:25.710Z","logger":"broker_ingress","caller":"ingress/ingress_handler.go:120","msg":"Error retrieving TTL, defaulting.","commit":"7655d9c","error":"\"knativebrokerttl\" not found"}
{"level":"info","ts":"2019-12-03T21:04:25.710Z","logger":"broker_ingress","caller":"ingress/ingress_handler.go:120","msg":"Error retrieving TTL, defaulting.","commit":"7655d9c","error":"\"knativebrokerttl\" not found"}
{"level":"info","ts":"2019-12-03T21:04:25.710Z","logger":"broker_ingress","caller":"ingress/ingress_handler.go:120","msg":"Error retrieving TTL, defaulting.","commit":"7655d9c","error":"\"knativebrokerttl\" not found"}
{"level":"info","ts":"2019-12-03T21:04:25.709Z","logger":"broker_ingress","caller":"ingress/ingress_handler.go:120","msg":"Error retrieving TTL, defaulting.","commit":"7655d9c","error":"\"knativebrokerttl\" not found"}
{"level":"info","ts":"2019-12-03T21:04:25.711Z","logger":"broker_ingress","caller":"ingress/ingress_handler.go:120","msg":"Error retrieving TTL, defaulting.","commit":"7655d9c","error":"\"knativebrokerttl\" not found"}
{"level":"info","ts":"2019-12-03T21:04:25.711Z","logger":"broker_ingress","caller":"ingress/ingress_handler.go:120","msg":"Error retrieving TTL, defaulting.","commit":"7655d9c","error":"\"knativebrokerttl\" not found"}
{"level":"info","ts":"2019-12-03T21:04:25.711Z","logger":"broker_ingress","caller":"ingress/ingress_handler.go:120","msg":"Error retrieving TTL, defaulting.","commit":"7655d9c","error":"\"knativebrokerttl\" not found"}
{"level":"info","ts":"2019-12-03T21:04:25.712Z","logger":"broker_ingress","caller":"ingress/ingress_handler.go:120","msg":"Error retrieving TTL, defaulting.","commit":"7655d9c","error":"\"knativebrokerttl\" not found"}
{"level":"info","ts":"2019-12-03T21:04:25.712Z","logger":"broker_ingress","caller":"ingress/ingress_handler.go:120","msg":"Error retrieving TTL, defaulting.","commit":"7655d9c","error":"\"knativebrokerttl\" not found"}
{"level":"info","ts":"2019-12-03T21:04:25.712Z","logger":"broker_ingress","caller":"ingress/ingress_handler.go:120","msg":"Error retrieving TTL, defaulting.","commit":"7655d9c","error":"\"knativebrokerttl\" not found"}
{"level":"info","ts":"2019-12-03T21:04:25.712Z","logger":"broker_ingress","caller":"ingress/ingress_handler.go:120","msg":"Error retrieving TTL, defaulting.","commit":"7655d9c","error":"\"knativebrokerttl\" not found"}
{"level":"info","ts":"2019-12-03T21:04:25.713Z","logger":"broker_ingress","caller":"ingress/ingress_handler.go:120","msg":"Error retrieving TTL, defaulting.","commit":"7655d9c","error":"\"knativebrokerttl\" not found"}
{"level":"info","ts":"2019-12-03T21:04:25.713Z","logger":"broker_ingress","caller":"ingress/ingress_handler.go:120","msg":"Error retrieving TTL, defaulting.","commit":"7655d9c","error":"\"knativebrokerttl\" not found"}
{"level":"info","ts":"2019-12-03T21:04:25.713Z","logger":"broker_ingress","caller":"ingress/ingress_handler.go:120","msg":"Error retrieving TTL, defaulting.","commit":"7655d9c","error":"\"knativebrokerttl\" not found"}
{"level":"info","ts":"2019-12-03T21:04:25.713Z","logger":"broker_ingress","caller":"ingress/ingress_handler.go:120","msg":"Error retrieving TTL, defaulting.","commit":"7655d9c","error":"\"knativebrokerttl\" not found"}
{"level":"info","ts":"2019-12-03T21:04:25.713Z","logger":"broker_ingress","caller":"ingress/ingress_handler.go:120","msg":"Error retrieving TTL, defaulting.","commit":"7655d9c","error":"\"knativebrokerttl\" not found"}
{"level":"info","ts":"2019-12-03T21:04:25.714Z","logger":"broker_ingress","caller":"ingress/ingress_handler.go:120","msg":"Error retrieving TTL, defaulting.","commit":"7655d9c","error":"\"knativebrokerttl\" not found"}
{"level":"info","ts":"2019-12-03T21:04:25.714Z","logger":"broker_ingress","caller":"ingress/ingress_handler.go:120","msg":"Error retrieving TTL, defaulting.","commit":"7655d9c","error":"\"knativebrokerttl\" not found"}
{"level":"info","ts":"2019-12-03T21:04:25.714Z","logger":"broker_ingress","caller":"ingress/ingress_handler.go:120","msg":"Error retrieving TTL, defaulting.","commit":"7655d9c","error":"\"knativebrokerttl\" not found"}
{"level":"info","ts":"2019-12-03T21:04:25.714Z","logger":"broker_ingress","caller":"ingress/ingress_handler.go:120","msg":"Error retrieving TTL, defaulting.","commit":"7655d9c","error":"\"knativebrokerttl\" not found"}
{"level":"info","ts":"2019-12-03T21:04:25.714Z","logger":"broker_ingress","caller":"ingress/ingress_handler.go:120","msg":"Error retrieving TTL, defaulting.","commit":"7655d9c","error":"\"knativebrokerttl\" not found"}
{"level":"info","ts":"2019-12-03T21:04:25.715Z","logger":"broker_ingress","caller":"ingress/ingress_handler.go:120","msg":"Error retrieving TTL, defaulting.","commit":"7655d9c","error":"\"knativebrokerttl\" not found"}
{"level":"info","ts":"2019-12-03T21:04:25.715Z","logger":"broker_ingress","caller":"ingress/ingress_handler.go:120","msg":"Error retrieving TTL, defaulting.","commit":"7655d9c","error":"\"knativebrokerttl\" not found"}
{"level":"info","ts":"2019-12-03T21:04:25.715Z","logger":"broker_ingress","caller":"ingress/ingress_handler.go:120","msg":"Error retrieving TTL, defaulting.","commit":"7655d9c","error":"\"knativebrokerttl\" not found"}
{"level":"info","ts":"2019-12-03T21:04:25.716Z","logger":"broker_ingress","caller":"ingress/ingress_handler.go:120","msg":"Error retrieving TTL, defaulting.","commit":"7655d9c","error":"\"knativebrokerttl\" not found"}
{"level":"info","ts":"2019-12-03T21:04:25.716Z","logger":"broker_ingress","caller":"ingress/ingress_handler.go:120","msg":"Error retrieving TTL, defaulting.","commit":"7655d9c","error":"\"knativebrokerttl\" not found"}
{"level":"info","ts":"2019-12-03T21:04:25.716Z","logger":"broker_ingress","caller":"ingress/ingress_handler.go:120","msg":"Error retrieving TTL, defaulting.","commit":"7655d9c","error":"\"knativebrokerttl\" not found"}
{"level":"info","ts":"2019-12-03T21:04:25.715Z","logger":"broker_ingress","caller":"ingress/ingress_handler.go:120","msg":"Error retrieving TTL, defaulting.","commit":"7655d9c","error":"\"knativebrokerttl\" not found"}
{"level":"info","ts":"2019-12-03T21:04:25.717Z","logger":"broker_ingress","caller":"ingress/ingress_handler.go:120","msg":"Error retrieving TTL, defaulting.","commit":"7655d9c","error":"\"knativebrokerttl\" not found"}
{"level":"info","ts":"2019-12-03T21:04:25.717Z","logger":"broker_ingress","caller":"ingress/ingress_handler.go:120","msg":"Error retrieving TTL, defaulting.","commit":"7655d9c","error":"\"knativebrokerttl\" not found"}
{"level":"info","ts":"2019-12-03T21:04:25.717Z","logger":"broker_ingress","caller":"ingress/ingress_handler.go:120","msg":"Error retrieving TTL, defaulting.","commit":"7655d9c","error":"\"knativebrokerttl\" not found"}
{"level":"info","ts":"2019-12-03T21:04:25.717Z","logger":"broker_ingress","caller":"ingress/ingress_handler.go:120","msg":"Error retrieving TTL, defaulting.","commit":"7655d9c","error":"\"knativebrokerttl\" not found"}
{"level":"info","ts":"2019-12-03T21:04:25.717Z","logger":"broker_ingress","caller":"ingress/ingress_handler.go:120","msg":"Error retrieving TTL, defaulting.","commit":"7655d9c","error":"\"knativebrokerttl\" not found"}
{"level":"info","ts":"2019-12-03T21:04:25.718Z","logger":"broker_ingress","caller":"ingress/ingress_handler.go:120","msg":"Error retrieving TTL, defaulting.","commit":"7655d9c","error":"\"knativebrokerttl\" not found"}
{"level":"info","ts":"2019-12-03T21:04:25.718Z","logger":"broker_ingress","caller":"ingress/ingress_handler.go:120","msg":"Error retrieving TTL, defaulting.","commit":"7655d9c","error":"\"knativebrokerttl\" not found"}
{"level":"info","ts":"2019-12-03T21:04:25.718Z","logger":"broker_ingress","caller":"ingress/ingress_handler.go:120","msg":"Error retrieving TTL, defaulting.","commit":"7655d9c","error":"\"knativebrokerttl\" not found"}
{"level":"info","ts":"2019-12-03T21:04:25.718Z","logger":"broker_ingress","caller":"ingress/ingress_handler.go:120","msg":"Error retrieving TTL, defaulting.","commit":"7655d9c","error":"\"knativebrokerttl\" not found"}
{"level":"info","ts":"2019-12-03T21:04:25.718Z","logger":"broker_ingress","caller":"ingress/ingress_handler.go:120","msg":"Error retrieving TTL, defaulting.","commit":"7655d9c","error":"\"knativebrokerttl\" not found"}
{"level":"info","ts":"2019-12-03T21:04:25.643Z","logger":"broker_ingress","caller":"ingress/ingress_handler.go:120","msg":"Error retrieving TTL, defaulting.","commit":"7655d9c","error":"\"knativebrokerttl\" not found"}
{"level":"info","ts":"2019-12-03T21:04:25.719Z","logger":"broker_ingress","caller":"ingress/ingress_handler.go:120","msg":"Error retrieving TTL, defaulting.","commit":"7655d9c","error":"\"knativebrokerttl\" not found"}
{"level":"info","ts":"2019-12-03T21:04:25.719Z","logger":"broker_ingress","caller":"ingress/ingress_handler.go:120","msg":"Error retrieving TTL, defaulting.","commit":"7655d9c","error":"\"knativebrokerttl\" not found"}
{"level":"info","ts":"2019-12-03T21:04:25.716Z","logger":"broker_ingress","caller":"ingress/ingress_handler.go:120","msg":"Error retrieving TTL, defaulting.","commit":"7655d9c","error":"\"knativebrokerttl\" not found"}
{"level":"info","ts":"2019-12-03T21:04:25.720Z","logger":"broker_ingress","caller":"ingress/ingress_handler.go:120","msg":"Error retrieving TTL, defaulting.","commit":"7655d9c","error":"\"knativebrokerttl\" not found"}
{"level":"info","ts":"2019-12-03T21:04:25.720Z","logger":"broker_ingress","caller":"ingress/ingress_handler.go:120","msg":"Error retrieving TTL, defaulting.","commit":"7655d9c","error":"\"knativebrokerttl\" not found"}
{"level":"info","ts":"2019-12-03T21:04:25.721Z","logger":"broker_ingress","caller":"ingress/ingress_handler.go:120","msg":"Error retrieving TTL, defaulting.","commit":"7655d9c","error":"\"knativebrokerttl\" not found"}
{"level":"info","ts":"2019-12-03T21:04:25.721Z","logger":"broker_ingress","caller":"ingress/ingress_handler.go:120","msg":"Error retrieving TTL, defaulting.","commit":"7655d9c","error":"\"knativebrokerttl\" not found"}
{"level":"info","ts":"2019-12-03T21:04:25.721Z","logger":"broker_ingress","caller":"ingress/ingress_handler.go:120","msg":"Error retrieving TTL, defaulting.","commit":"7655d9c","error":"\"knativebrokerttl\" not found"}
{"level":"info","ts":"2019-12-03T21:04:25.723Z","logger":"broker_ingress","caller":"ingress/ingress_handler.go:120","msg":"Error retrieving TTL, defaulting.","commit":"7655d9c","error":"\"knativebrokerttl\" not found"}
{"level":"info","ts":"2019-12-03T21:04:25.723Z","logger":"broker_ingress","caller":"ingress/ingress_handler.go:120","msg":"Error retrieving TTL, defaulting.","commit":"7655d9c","error":"\"knativebrokerttl\" not found"}
{"level":"info","ts":"2019-12-03T21:04:25.723Z","logger":"broker_ingress","caller":"ingress/ingress_handler.go:120","msg":"Error retrieving TTL, defaulting.","commit":"7655d9c","error":"\"knativebrokerttl\" not found"}
{"level":"info","ts":"2019-12-03T21:04:25.725Z","logger":"broker_ingress","caller":"ingress/ingress_handler.go:120","msg":"Error retrieving TTL, defaulting.","commit":"7655d9c","error":"\"knativebrokerttl\" not found"}
{"level":"info","ts":"2019-12-03T21:04:25.725Z","logger":"broker_ingress","caller":"ingress/ingress_handler.go:120","msg":"Error retrieving TTL, defaulting.","commit":"7655d9c","error":"\"knativebrokerttl\" not found"}
{"level":"info","ts":"2019-12-03T21:04:25.725Z","logger":"broker_ingress","caller":"ingress/ingress_handler.go:120","msg":"Error retrieving TTL, defaulting.","commit":"7655d9c","error":"\"knativebrokerttl\" not found"}
{"level":"info","ts":"2019-12-03T21:04:25.725Z","logger":"broker_ingress","caller":"ingress/ingress_handler.go:120","msg":"Error retrieving TTL, defaulting.","commit":"7655d9c","error":"\"knativebrokerttl\" not found"}
{"level":"info","ts":"2019-12-03T21:04:25.726Z","logger":"broker_ingress","caller":"ingress/ingress_handler.go:120","msg":"Error retrieving TTL, defaulting.","commit":"7655d9c","error":"\"knativebrokerttl\" not found"}
{"level":"info","ts":"2019-12-03T21:04:25.726Z","logger":"broker_ingress","caller":"ingress/ingress_handler.go:120","msg":"Error retrieving TTL, defaulting.","commit":"7655d9c","error":"\"knativebrokerttl\" not found"}
{"level":"info","ts":"2019-12-03T21:04:25.727Z","logger":"broker_ingress","caller":"ingress/ingress_handler.go:120","msg":"Error retrieving TTL, defaulting.","commit":"7655d9c","error":"\"knativebrokerttl\" not found"}
{"level":"info","ts":"2019-12-03T21:04:25.727Z","logger":"broker_ingress","caller":"ingress/ingress_handler.go:120","msg":"Error retrieving TTL, defaulting.","commit":"7655d9c","error":"\"knativebrokerttl\" not found"}
{"level":"info","ts":"2019-12-03T21:04:25.727Z","logger":"broker_ingress","caller":"ingress/ingress_handler.go:120","msg":"Error retrieving TTL, defaulting.","commit":"7655d9c","error":"\"knativebrokerttl\" not found"}
{"level":"info","ts":"2019-12-03T21:04:25.727Z","logger":"broker_ingress","caller":"ingress/ingress_handler.go:120","msg":"Error retrieving TTL, defaulting.","commit":"7655d9c","error":"\"knativebrokerttl\" not found"}
{"level":"info","ts":"2019-12-03T21:04:25.728Z","logger":"broker_ingress","caller":"ingress/ingress_handler.go:120","msg":"Error retrieving TTL, defaulting.","commit":"7655d9c","error":"\"knativebrokerttl\" not found"}
{"level":"info","ts":"2019-12-03T21:04:25.728Z","logger":"broker_ingress","caller":"ingress/ingress_handler.go:120","msg":"Error retrieving TTL, defaulting.","commit":"7655d9c","error":"\"knativebrokerttl\" not found"}
{"level":"info","ts":"2019-12-03T21:04:25.728Z","logger":"broker_ingress","caller":"ingress/ingress_handler.go:120","msg":"Error retrieving TTL, defaulting.","commit":"7655d9c","error":"\"knativebrokerttl\" not found"}
{"level":"info","ts":"2019-12-03T21:04:25.729Z","logger":"broker_ingress","caller":"ingress/ingress_handler.go:120","msg":"Error retrieving TTL, defaulting.","commit":"7655d9c","error":"\"knativebrokerttl\" not found"}
{"level":"info","ts":"2019-12-03T21:04:25.724Z","logger":"broker_ingress","caller":"ingress/ingress_handler.go:120","msg":"Error retrieving TTL, defaulting.","commit":"7655d9c","error":"\"knativebrokerttl\" not found"}
{"level":"info","ts":"2019-12-03T21:04:25.730Z","logger":"broker_ingress","caller":"ingress/ingress_handler.go:120","msg":"Error retrieving TTL, defaulting.","commit":"7655d9c","error":"\"knativebrokerttl\" not found"}
{"level":"info","ts":"2019-12-03T21:04:25.730Z","logger":"broker_ingress","caller":"ingress/ingress_handler.go:120","msg":"Error retrieving TTL, defaulting.","commit":"7655d9c","error":"\"knativebrokerttl\" not found"}
{"level":"info","ts":"2019-12-03T21:04:25.730Z","logger":"broker_ingress","caller":"ingress/ingress_handler.go:120","msg":"Error retrieving TTL, defaulting.","commit":"7655d9c","error":"\"knativebrokerttl\" not found"}
{"level":"info","ts":"2019-12-03T21:04:25.731Z","logger":"broker_ingress","caller":"ingress/ingress_handler.go:120","msg":"Error retrieving TTL, defaulting.","commit":"7655d9c","error":"\"knativebrokerttl\" not found"}
{"level":"info","ts":"2019-12-03T21:04:25.731Z","logger":"broker_ingress","caller":"ingress/ingress_handler.go:120","msg":"Error retrieving TTL, defaulting.","commit":"7655d9c","error":"\"knativebrokerttl\" not found"}
{"level":"info","ts":"2019-12-03T21:04:25.731Z","logger":"broker_ingress","caller":"ingress/ingress_handler.go:120","msg":"Error retrieving TTL, defaulting.","commit":"7655d9c","error":"\"knativebrokerttl\" not found"}
{"level":"info","ts":"2019-12-03T21:04:25.733Z","logger":"broker_ingress","caller":"ingress/ingress_handler.go:120","msg":"Error retrieving TTL, defaulting.","commit":"7655d9c","error":"\"knativebrokerttl\" not found"}
{"level":"info","ts":"2019-12-03T21:04:25.733Z","logger":"broker_ingress","caller":"ingress/ingress_handler.go:120","msg":"Error retrieving TTL, defaulting.","commit":"7655d9c","error":"\"knativebrokerttl\" not found"}
{"level":"info","ts":"2019-12-03T21:04:25.735Z","logger":"broker_ingress","caller":"ingress/ingress_handler.go:120","msg":"Error retrieving TTL, defaulting.","commit":"7655d9c","error":"\"knativebrokerttl\" not found"}
{"level":"info","ts":"2019-12-03T21:04:25.735Z","logger":"broker_ingress","caller":"ingress/ingress_handler.go:120","msg":"Error retrieving TTL, defaulting.","commit":"7655d9c","error":"\"knativebrokerttl\" not found"}
{"level":"info","ts":"2019-12-03T21:04:25.739Z","logger":"broker_ingress","caller":"ingress/ingress_handler.go:120","msg":"Error retrieving TTL, defaulting.","commit":"7655d9c","error":"\"knativebrokerttl\" not found"}
{"level":"info","ts":"2019-12-03T21:04:25.739Z","logger":"broker_ingress","caller":"ingress/ingress_handler.go:120","msg":"Error retrieving TTL, defaulting.","commit":"7655d9c","error":"\"knativebrokerttl\" not found"}
{"level":"info","ts":"2019-12-03T21:04:25.740Z","logger":"broker_ingress","caller":"ingress/ingress_handler.go:120","msg":"Error retrieving TTL, defaulting.","commit":"7655d9c","error":"\"knativebrokerttl\" not found"}
{"level":"info","ts":"2019-12-03T21:04:25.740Z","logger":"broker_ingress","caller":"ingress/ingress_handler.go:120","msg":"Error retrieving TTL, defaulting.","commit":"7655d9c","error":"\"knativebrokerttl\" not found"}
{"level":"info","ts":"2019-12-03T21:04:25.740Z","logger":"broker_ingress","caller":"ingress/ingress_handler.go:120","msg":"Error retrieving TTL, defaulting.","commit":"7655d9c","error":"\"knativebrokerttl\" not found"}
{"level":"info","ts":"2019-12-03T21:04:25.740Z","logger":"broker_ingress","caller":"ingress/ingress_handler.go:120","msg":"Error retrieving TTL, defaulting.","commit":"7655d9c","error":"\"knativebrokerttl\" not found"}
{"level":"info","ts":"2019-12-03T21:04:25.742Z","logger":"broker_ingress","caller":"ingress/ingress_handler.go:120","msg":"Error retrieving TTL, defaulting.","commit":"7655d9c","error":"\"knativebrokerttl\" not found"}
{"level":"info","ts":"2019-12-03T21:04:25.743Z","logger":"broker_ingress","caller":"ingress/ingress_handler.go:120","msg":"Error retrieving TTL, defaulting.","commit":"7655d9c","error":"\"knativebrokerttl\" not found"}
{"level":"info","ts":"2019-12-03T21:04:25.743Z","logger":"broker_ingress","caller":"ingress/ingress_handler.go:120","msg":"Error retrieving TTL, defaulting.","commit":"7655d9c","error":"\"knativebrokerttl\" not found"}
{"level":"info","ts":"2019-12-03T21:04:25.745Z","logger":"broker_ingress","caller":"ingress/ingress_handler.go:120","msg":"Error retrieving TTL, defaulting.","commit":"7655d9c","error":"\"knativebrokerttl\" not found"}
{"level":"info","ts":"2019-12-03T21:04:25.747Z","logger":"broker_ingress","caller":"ingress/ingress_handler.go:120","msg":"Error retrieving TTL, defaulting.","commit":"7655d9c","error":"\"knativebrokerttl\" not found"}
{"level":"info","ts":"2019-12-03T21:04:25.748Z","logger":"broker_ingress","caller":"ingress/ingress_handler.go:120","msg":"Error retrieving TTL, defaulting.","commit":"7655d9c","error":"\"knativebrokerttl\" not found"}
{"level":"info","ts":"2019-12-03T21:04:25.744Z","logger":"broker_ingress","caller":"ingress/ingress_handler.go:120","msg":"Error retrieving TTL, defaulting.","commit":"7655d9c","error":"\"knativebrokerttl\" not found"}
{"level":"info","ts":"2019-12-03T21:04:25.749Z","logger":"broker_ingress","caller":"ingress/ingress_handler.go:120","msg":"Error retrieving TTL, defaulting.","commit":"7655d9c","error":"\"knativebrokerttl\" not found"}
{"level":"info","ts":"2019-12-03T21:04:25.752Z","logger":"broker_ingress","caller":"ingress/ingress_handler.go:120","msg":"Error retrieving TTL, defaulting.","commit":"7655d9c","error":"\"knativebrokerttl\" not found"}
{"level":"info","ts":"2019-12-03T21:04:25.752Z","logger":"broker_ingress","caller":"ingress/ingress_handler.go:120","msg":"Error retrieving TTL, defaulting.","commit":"7655d9c","error":"\"knativebrokerttl\" not found"}
{"level":"info","ts":"2019-12-03T21:04:25.752Z","logger":"broker_ingress","caller":"ingress/ingress_handler.go:120","msg":"Error retrieving TTL, defaulting.","commit":"7655d9c","error":"\"knativebrokerttl\" not found"}
{"level":"info","ts":"2019-12-03T21:04:25.753Z","logger":"broker_ingress","caller":"ingress/ingress_handler.go:120","msg":"Error retrieving TTL, defaulting.","commit":"7655d9c","error":"\"knativebrokerttl\" not found"}
{"level":"info","ts":"2019-12-03T21:04:25.755Z","logger":"broker_ingress","caller":"ingress/ingress_handler.go:120","msg":"Error retrieving TTL, defaulting.","commit":"7655d9c","error":"\"knativebrokerttl\" not found"}
{"level":"info","ts":"2019-12-03T21:04:25.755Z","logger":"broker_ingress","caller":"ingress/ingress_handler.go:120","msg":"Error retrieving TTL, defaulting.","commit":"7655d9c","error":"\"knativebrokerttl\" not found"}
{"level":"info","ts":"2019-12-03T21:04:25.757Z","logger":"broker_ingress","caller":"ingress/ingress_handler.go:120","msg":"Error retrieving TTL, defaulting.","commit":"7655d9c","error":"\"knativebrokerttl\" not found"}
{"level":"info","ts":"2019-12-03T21:04:25.759Z","logger":"broker_ingress","caller":"ingress/ingress_handler.go:120","msg":"Error retrieving TTL, defaulting.","commit":"7655d9c","error":"\"knativebrokerttl\" not found"}
{"level":"info","ts":"2019-12-03T21:04:25.759Z","logger":"broker_ingress","caller":"ingress/ingress_handler.go:120","msg":"Error retrieving TTL, defaulting.","commit":"7655d9c","error":"\"knativebrokerttl\" not found"}
{"level":"info","ts":"2019-12-03T21:04:25.755Z","logger":"broker_ingress","caller":"ingress/ingress_handler.go:120","msg":"Error retrieving TTL, defaulting.","commit":"7655d9c","error":"\"knativebrokerttl\" not found"}
{"level":"info","ts":"2019-12-03T21:04:25.760Z","logger":"broker_ingress","caller":"ingress/ingress_handler.go:120","msg":"Error retrieving TTL, defaulting.","commit":"7655d9c","error":"\"knativebrokerttl\" not found"}
{"level":"info","ts":"2019-12-03T21:04:25.760Z","logger":"broker_ingress","caller":"ingress/ingress_handler.go:120","msg":"Error retrieving TTL, defaulting.","commit":"7655d9c","error":"\"knativebrokerttl\" not found"}
{"level":"info","ts":"2019-12-03T21:04:25.761Z","logger":"broker_ingress","caller":"ingress/ingress_handler.go:120","msg":"Error retrieving TTL, defaulting.","commit":"7655d9c","error":"\"knativebrokerttl\" not found"}
{"level":"info","ts":"2019-12-03T21:04:25.761Z","logger":"broker_ingress","caller":"ingress/ingress_handler.go:120","msg":"Error retrieving TTL, defaulting.","commit":"7655d9c","error":"\"knativebrokerttl\" not found"}
{"level":"info","ts":"2019-12-03T21:04:25.763Z","logger":"broker_ingress","caller":"ingress/ingress_handler.go:120","msg":"Error retrieving TTL, defaulting.","commit":"7655d9c","error":"\"knativebrokerttl\" not found"}
{"level":"info","ts":"2019-12-03T21:04:25.775Z","logger":"broker_ingress","caller":"ingress/ingress_handler.go:120","msg":"Error retrieving TTL, defaulting.","commit":"7655d9c","error":"\"knativebrokerttl\" not found"}
{"level":"info","ts":"2019-12-03T21:04:25.777Z","logger":"broker_ingress","caller":"ingress/ingress_handler.go:120","msg":"Error retrieving TTL, defaulting.","commit":"7655d9c","error":"\"knativebrokerttl\" not found"}
{"level":"info","ts":"2019-12-03T21:04:25.780Z","logger":"broker_ingress","caller":"ingress/ingress_handler.go:120","msg":"Error retrieving TTL, defaulting.","commit":"7655d9c","error":"\"knativebrokerttl\" not found"}
{"level":"info","ts":"2019-12-03T21:04:25.781Z","logger":"broker_ingress","caller":"ingress/ingress_handler.go:120","msg":"Error retrieving TTL, defaulting.","commit":"7655d9c","error":"\"knativebrokerttl\" not found"}
{"level":"info","ts":"2019-12-03T21:04:25.782Z","logger":"broker_ingress","caller":"ingress/ingress_handler.go:120","msg":"Error retrieving TTL, defaulting.","commit":"7655d9c","error":"\"knativebrokerttl\" not found"}
{"level":"info","ts":"2019-12-03T21:04:25.783Z","logger":"broker_ingress","caller":"ingress/ingress_handler.go:120","msg":"Error retrieving TTL, defaulting.","commit":"7655d9c","error":"\"knativebrokerttl\" not found"}
{"level":"info","ts":"2019-12-03T21:04:25.779Z","logger":"broker_ingress","caller":"ingress/ingress_handler.go:120","msg":"Error retrieving TTL, defaulting.","commit":"7655d9c","error":"\"knativebrokerttl\" not found"}
{"level":"info","ts":"2019-12-03T21:04:25.783Z","logger":"broker_ingress","caller":"ingress/ingress_handler.go:120","msg":"Error retrieving TTL, defaulting.","commit":"7655d9c","error":"\"knativebrokerttl\" not found"}
{"level":"info","ts":"2019-12-03T21:04:25.784Z","logger":"broker_ingress","caller":"ingress/ingress_handler.go:120","msg":"Error retrieving TTL, defaulting.","commit":"7655d9c","error":"\"knativebrokerttl\" not found"}
{"level":"info","ts":"2019-12-03T21:04:25.785Z","logger":"broker_ingress","caller":"ingress/ingress_handler.go:120","msg":"Error retrieving TTL, defaulting.","commit":"7655d9c","error":"\"knativebrokerttl\" not found"}
{"level":"info","ts":"2019-12-03T21:04:25.786Z","logger":"broker_ingress","caller":"ingress/ingress_handler.go:120","msg":"Error retrieving TTL, defaulting.","commit":"7655d9c","error":"\"knativebrokerttl\" not found"}
{"level":"info","ts":"2019-12-03T21:04:25.787Z","logger":"broker_ingress","caller":"ingress/ingress_handler.go:120","msg":"Error retrieving TTL, defaulting.","commit":"7655d9c","error":"\"knativebrokerttl\" not found"}
{"level":"info","ts":"2019-12-03T21:04:25.788Z","logger":"broker_ingress","caller":"ingress/ingress_handler.go:120","msg":"Error retrieving TTL, defaulting.","commit":"7655d9c","error":"\"knativebrokerttl\" not found"}
{"level":"info","ts":"2019-12-03T21:04:25.789Z","logger":"broker_ingress","caller":"ingress/ingress_handler.go:120","msg":"Error retrieving TTL, defaulting.","commit":"7655d9c","error":"\"knativebrokerttl\" not found"}
{"level":"info","ts":"2019-12-03T21:04:25.789Z","logger":"broker_ingress","caller":"ingress/ingress_handler.go:120","msg":"Error retrieving TTL, defaulting.","commit":"7655d9c","error":"\"knativebrokerttl\" not found"}
{"level":"info","ts":"2019-12-03T21:04:25.791Z","logger":"broker_ingress","caller":"ingress/ingress_handler.go:120","msg":"Error retrieving TTL, defaulting.","commit":"7655d9c","error":"\"knativebrokerttl\" not found"}
{"level":"info","ts":"2019-12-03T21:04:25.790Z","logger":"broker_ingress","caller":"ingress/ingress_handler.go:120","msg":"Error retrieving TTL, defaulting.","commit":"7655d9c","error":"\"knativebrokerttl\" not found"}
{"level":"info","ts":"2019-12-03T21:04:25.792Z","logger":"broker_ingress","caller":"ingress/ingress_handler.go:120","msg":"Error retrieving TTL, defaulting.","commit":"7655d9c","error":"\"knativebrokerttl\" not found"}
{"level":"info","ts":"2019-12-03T21:04:25.793Z","logger":"broker_ingress","caller":"ingress/ingress_handler.go:120","msg":"Error retrieving TTL, defaulting.","commit":"7655d9c","error":"\"knativebrokerttl\" not found"}
{"level":"info","ts":"2019-12-03T21:04:25.797Z","logger":"broker_ingress","caller":"ingress/ingress_handler.go:120","msg":"Error retrieving TTL, defaulting.","commit":"7655d9c","error":"\"knativebrokerttl\" not found"}
{"level":"info","ts":"2019-12-03T21:04:25.797Z","logger":"broker_ingress","caller":"ingress/ingress_handler.go:120","msg":"Error retrieving TTL, defaulting.","commit":"7655d9c","error":"\"knativebrokerttl\" not found"}
{"level":"info","ts":"2019-12-03T21:04:25.797Z","logger":"broker_ingress","caller":"ingress/ingress_handler.go:120","msg":"Error retrieving TTL, defaulting.","commit":"7655d9c","error":"\"knativebrokerttl\" not found"}
{"level":"info","ts":"2019-12-03T21:04:25.798Z","logger":"broker_ingress","caller":"ingress/ingress_handler.go:120","msg":"Error retrieving TTL, defaulting.","commit":"7655d9c","error":"\"knativebrokerttl\" not found"}
{"level":"info","ts":"2019-12-03T21:04:25.798Z","logger":"broker_ingress","caller":"ingress/ingress_handler.go:120","msg":"Error retrieving TTL, defaulting.","commit":"7655d9c","error":"\"knativebrokerttl\" not found"}
{"level":"info","ts":"2019-12-03T21:04:25.798Z","logger":"broker_ingress","caller":"ingress/ingress_handler.go:120","msg":"Error retrieving TTL, defaulting.","commit":"7655d9c","error":"\"knativebrokerttl\" not found"}
{"level":"info","ts":"2019-12-03T21:04:25.800Z","logger":"broker_ingress","caller":"ingress/ingress_handler.go:120","msg":"Error retrieving TTL, defaulting.","commit":"7655d9c","error":"\"knativebrokerttl\" not found"}
{"level":"info","ts":"2019-12-03T21:04:25.800Z","logger":"broker_ingress","caller":"ingress/ingress_handler.go:120","msg":"Error retrieving TTL, defaulting.","commit":"7655d9c","error":"\"knativebrokerttl\" not found"}
{"level":"info","ts":"2019-12-03T21:04:25.802Z","logger":"broker_ingress","caller":"ingress/ingress_handler.go:120","msg":"Error retrieving TTL, defaulting.","commit":"7655d9c","error":"\"knativebrokerttl\" not found"}
{"level":"info","ts":"2019-12-03T21:04:25.801Z","logger":"broker_ingress","caller":"ingress/ingress_handler.go:120","msg":"Error retrieving TTL, defaulting.","commit":"7655d9c","error":"\"knativebrokerttl\" not found"}
{"level":"info","ts":"2019-12-03T21:04:25.804Z","logger":"broker_ingress","caller":"ingress/ingress_handler.go:120","msg":"Error retrieving TTL, defaulting.","commit":"7655d9c","error":"\"knativebrokerttl\" not found"}
{"level":"info","ts":"2019-12-03T21:04:25.804Z","logger":"broker_ingress","caller":"ingress/ingress_handler.go:120","msg":"Error retrieving TTL, defaulting.","commit":"7655d9c","error":"\"knativebrokerttl\" not found"}
{"level":"info","ts":"2019-12-03T21:04:25.808Z","logger":"broker_ingress","caller":"ingress/ingress_handler.go:120","msg":"Error retrieving TTL, defaulting.","commit":"7655d9c","error":"\"knativebrokerttl\" not found"}
{"level":"info","ts":"2019-12-03T21:04:25.809Z","logger":"broker_ingress","caller":"ingress/ingress_handler.go:120","msg":"Error retrieving TTL, defaulting.","commit":"7655d9c","error":"\"knativebrokerttl\" not found"}
{"level":"info","ts":"2019-12-03T21:04:25.809Z","logger":"broker_ingress","caller":"ingress/ingress_handler.go:120","msg":"Error retrieving TTL, defaulting.","commit":"7655d9c","error":"\"knativebrokerttl\" not found"}
{"level":"info","ts":"2019-12-03T21:04:25.810Z","logger":"broker_ingress","caller":"ingress/ingress_handler.go:120","msg":"Error retrieving TTL, defaulting.","commit":"7655d9c","error":"\"knativebrokerttl\" not found"}
{"level":"info","ts":"2019-12-03T21:04:25.810Z","logger":"broker_ingress","caller":"ingress/ingress_handler.go:120","msg":"Error retrieving TTL, defaulting.","commit":"7655d9c","error":"\"knativebrokerttl\" not found"}
{"level":"info","ts":"2019-12-03T21:04:25.814Z","logger":"broker_ingress","caller":"ingress/ingress_handler.go:120","msg":"Error retrieving TTL, defaulting.","commit":"7655d9c","error":"\"knativebrokerttl\" not found"}
{"level":"info","ts":"2019-12-03T21:04:25.815Z","logger":"broker_ingress","caller":"ingress/ingress_handler.go:120","msg":"Error retrieving TTL, defaulting.","commit":"7655d9c","error":"\"knativebrokerttl\" not found"}
{"level":"info","ts":"2019-12-03T21:04:25.815Z","logger":"broker_ingress","caller":"ingress/ingress_handler.go:120","msg":"Error retrieving TTL, defaulting.","commit":"7655d9c","error":"\"knativebrokerttl\" not found"}
{"level":"info","ts":"2019-12-03T21:04:25.816Z","logger":"broker_ingress","caller":"ingress/ingress_handler.go:120","msg":"Error retrieving TTL, defaulting.","commit":"7655d9c","error":"\"knativebrokerttl\" not found"}
{"level":"info","ts":"2019-12-03T21:04:25.817Z","logger":"broker_ingress","caller":"ingress/ingress_handler.go:120","msg":"Error retrieving TTL, defaulting.","commit":"7655d9c","error":"\"knativebrokerttl\" not found"}
{"level":"info","ts":"2019-12-03T21:04:25.817Z","logger":"broker_ingress","caller":"ingress/ingress_handler.go:120","msg":"Error retrieving TTL, defaulting.","commit":"7655d9c","error":"\"knativebrokerttl\" not found"}
{"level":"info","ts":"2019-12-03T21:04:25.819Z","logger":"broker_ingress","caller":"ingress/ingress_handler.go:120","msg":"Error retrieving TTL, defaulting.","commit":"7655d9c","error":"\"knativebrokerttl\" not found"}
{"level":"info","ts":"2019-12-03T21:04:25.819Z","logger":"broker_ingress","caller":"ingress/ingress_handler.go:120","msg":"Error retrieving TTL, defaulting.","commit":"7655d9c","error":"\"knativebrokerttl\" not found"}
{"level":"info","ts":"2019-12-03T21:04:25.820Z","logger":"broker_ingress","caller":"ingress/ingress_handler.go:120","msg":"Error retrieving TTL, defaulting.","commit":"7655d9c","error":"\"knativebrokerttl\" not found"}
{"level":"info","ts":"2019-12-03T21:04:25.820Z","logger":"broker_ingress","caller":"ingress/ingress_handler.go:120","msg":"Error retrieving TTL, defaulting.","commit":"7655d9c","error":"\"knativebrokerttl\" not found"}
{"level":"info","ts":"2019-12-03T21:04:25.820Z","logger":"broker_ingress","caller":"ingress/ingress_handler.go:120","msg":"Error retrieving TTL, defaulting.","commit":"7655d9c","error":"\"knativebrokerttl\" not found"}
{"level":"info","ts":"2019-12-03T21:04:25.820Z","logger":"broker_ingress","caller":"ingress/ingress_handler.go:120","msg":"Error retrieving TTL, defaulting.","commit":"7655d9c","error":"\"knativebrokerttl\" not found"}
{"level":"info","ts":"2019-12-03T21:04:25.820Z","logger":"broker_ingress","caller":"ingress/ingress_handler.go:120","msg":"Error retrieving TTL, defaulting.","commit":"7655d9c","error":"\"knativebrokerttl\" not found"}
{"level":"info","ts":"2019-12-03T21:04:25.821Z","logger":"broker_ingress","caller":"ingress/ingress_handler.go:120","msg":"Error retrieving TTL, defaulting.","commit":"7655d9c","error":"\"knativebrokerttl\" not found"}
{"level":"info","ts":"2019-12-03T21:04:25.823Z","logger":"broker_ingress","caller":"ingress/ingress_handler.go:120","msg":"Error retrieving TTL, defaulting.","commit":"7655d9c","error":"\"knativebrokerttl\" not found"}
{"level":"info","ts":"2019-12-03T21:04:25.824Z","logger":"broker_ingress","caller":"ingress/ingress_handler.go:120","msg":"Error retrieving TTL, defaulting.","commit":"7655d9c","error":"\"knativebrokerttl\" not found"}
{"level":"info","ts":"2019-12-03T21:04:25.824Z","logger":"broker_ingress","caller":"ingress/ingress_handler.go:120","msg":"Error retrieving TTL, defaulting.","commit":"7655d9c","error":"\"knativebrokerttl\" not found"}
{"level":"info","ts":"2019-12-03T21:04:25.824Z","logger":"broker_ingress","caller":"ingress/ingress_handler.go:120","msg":"Error retrieving TTL, defaulting.","commit":"7655d9c","error":"\"knativebrokerttl\" not found"}
{"level":"info","ts":"2019-12-03T21:04:25.828Z","logger":"broker_ingress","caller":"ingress/ingress_handler.go:120","msg":"Error retrieving TTL, defaulting.","commit":"7655d9c","error":"\"knativebrokerttl\" not found"}
{"level":"info","ts":"2019-12-03T21:04:25.828Z","logger":"broker_ingress","caller":"ingress/ingress_handler.go:120","msg":"Error retrieving TTL, defaulting.","commit":"7655d9c","error":"\"knativebrokerttl\" not found"}
{"level":"info","ts":"2019-12-03T21:04:25.828Z","logger":"broker_ingress","caller":"ingress/ingress_handler.go:120","msg":"Error retrieving TTL, defaulting.","commit":"7655d9c","error":"\"knativebrokerttl\" not found"}
{"level":"info","ts":"2019-12-03T21:04:25.829Z","logger":"broker_ingress","caller":"ingress/ingress_handler.go:120","msg":"Error retrieving TTL, defaulting.","commit":"7655d9c","error":"\"knativebrokerttl\" not found"}
{"level":"info","ts":"2019-12-03T21:04:25.829Z","logger":"broker_ingress","caller":"ingress/ingress_handler.go:120","msg":"Error retrieving TTL, defaulting.","commit":"7655d9c","error":"\"knativebrokerttl\" not found"}
{"level":"info","ts":"2019-12-03T21:04:25.829Z","logger":"broker_ingress","caller":"ingress/ingress_handler.go:120","msg":"Error retrieving TTL, defaulting.","commit":"7655d9c","error":"\"knativebrokerttl\" not found"}
{"level":"info","ts":"2019-12-03T21:04:25.829Z","logger":"broker_ingress","caller":"ingress/ingress_handler.go:120","msg":"Error retrieving TTL, defaulting.","commit":"7655d9c","error":"\"knativebrokerttl\" not found"}
{"level":"info","ts":"2019-12-03T21:04:25.831Z","logger":"broker_ingress","caller":"ingress/ingress_handler.go:120","msg":"Error retrieving TTL, defaulting.","commit":"7655d9c","error":"\"knativebrokerttl\" not found"}
{"level":"info","ts":"2019-12-03T21:04:25.833Z","logger":"broker_ingress","caller":"ingress/ingress_handler.go:120","msg":"Error retrieving TTL, defaulting.","commit":"7655d9c","error":"\"knativebrokerttl\" not found"}
{"level":"info","ts":"2019-12-03T21:04:25.836Z","logger":"broker_ingress","caller":"ingress/ingress_handler.go:120","msg":"Error retrieving TTL, defaulting.","commit":"7655d9c","error":"\"knativebrokerttl\" not found"}
{"level":"info","ts":"2019-12-03T21:04:25.837Z","logger":"broker_ingress","caller":"ingress/ingress_handler.go:120","msg":"Error retrieving TTL, defaulting.","commit":"7655d9c","error":"\"knativebrokerttl\" not found"}
{"level":"info","ts":"2019-12-03T21:04:25.842Z","logger":"broker_ingress","caller":"ingress/ingress_handler.go:120","msg":"Error retrieving TTL, defaulting.","commit":"7655d9c","error":"\"knativebrokerttl\" not found"}
{"level":"info","ts":"2019-12-03T21:04:25.844Z","logger":"broker_ingress","caller":"ingress/ingress_handler.go:120","msg":"Error retrieving TTL, defaulting.","commit":"7655d9c","error":"\"knativebrokerttl\" not found"}
{"level":"info","ts":"2019-12-03T21:04:25.844Z","logger":"broker_ingress","caller":"ingress/ingress_handler.go:120","msg":"Error retrieving TTL, defaulting.","commit":"7655d9c","error":"\"knativebrokerttl\" not found"}
{"level":"info","ts":"2019-12-03T21:04:25.850Z","logger":"broker_ingress","caller":"ingress/ingress_handler.go:120","msg":"Error retrieving TTL, defaulting.","commit":"7655d9c","error":"\"knativebrokerttl\" not found"}
{"level":"info","ts":"2019-12-03T21:04:25.851Z","logger":"broker_ingress","caller":"ingress/ingress_handler.go:120","msg":"Error retrieving TTL, defaulting.","commit":"7655d9c","error":"\"knativebrokerttl\" not found"}
{"level":"info","ts":"2019-12-03T21:04:25.851Z","logger":"broker_ingress","caller":"ingress/ingress_handler.go:120","msg":"Error retrieving TTL, defaulting.","commit":"7655d9c","error":"\"knativebrokerttl\" not found"}
{"level":"info","ts":"2019-12-03T21:04:25.852Z","logger":"broker_ingress","caller":"ingress/ingress_handler.go:120","msg":"Error retrieving TTL, defaulting.","commit":"7655d9c","error":"\"knativebrokerttl\" not found"}
{"level":"info","ts":"2019-12-03T21:04:25.852Z","logger":"broker_ingress","caller":"ingress/ingress_handler.go:120","msg":"Error retrieving TTL, defaulting.","commit":"7655d9c","error":"\"knativebrokerttl\" not found"}
{"level":"info","ts":"2019-12-03T21:04:25.854Z","logger":"broker_ingress","caller":"ingress/ingress_handler.go:120","msg":"Error retrieving TTL, defaulting.","commit":"7655d9c","error":"\"knativebrokerttl\" not found"}
{"level":"info","ts":"2019-12-03T21:04:25.854Z","logger":"broker_ingress","caller":"ingress/ingress_handler.go:120","msg":"Error retrieving TTL, defaulting.","commit":"7655d9c","error":"\"knativebrokerttl\" not found"}
{"level":"info","ts":"2019-12-03T21:04:25.854Z","logger":"broker_ingress","caller":"ingress/ingress_handler.go:120","msg":"Error retrieving TTL, defaulting.","commit":"7655d9c","error":"\"knativebrokerttl\" not found"}
{"level":"info","ts":"2019-12-03T21:04:25.840Z","logger":"broker_ingress","caller":"ingress/ingress_handler.go:120","msg":"Error retrieving TTL, defaulting.","commit":"7655d9c","error":"\"knativebrokerttl\" not found"}
{"level":"info","ts":"2019-12-03T21:04:25.856Z","logger":"broker_ingress","caller":"ingress/ingress_handler.go:120","msg":"Error retrieving TTL, defaulting.","commit":"7655d9c","error":"\"knativebrokerttl\" not found"}
{"level":"info","ts":"2019-12-03T21:04:25.858Z","logger":"broker_ingress","caller":"ingress/ingress_handler.go:120","msg":"Error retrieving TTL, defaulting.","commit":"7655d9c","error":"\"knativebrokerttl\" not found"}
{"level":"info","ts":"2019-12-03T21:04:25.858Z","logger":"broker_ingress","caller":"ingress/ingress_handler.go:120","msg":"Error retrieving TTL, defaulting.","commit":"7655d9c","error":"\"knativebrokerttl\" not found"}
{"level":"info","ts":"2019-12-03T21:04:25.858Z","logger":"broker_ingress","caller":"ingress/ingress_handler.go:120","msg":"Error retrieving TTL, defaulting.","commit":"7655d9c","error":"\"knativebrokerttl\" not found"}
{"level":"info","ts":"2019-12-03T21:04:25.858Z","logger":"broker_ingress","caller":"ingress/ingress_handler.go:120","msg":"Error retrieving TTL, defaulting.","commit":"7655d9c","error":"\"knativebrokerttl\" not found"}
{"level":"info","ts":"2019-12-03T21:04:25.859Z","logger":"broker_ingress","caller":"ingress/ingress_handler.go:120","msg":"Error retrieving TTL, defaulting.","commit":"7655d9c","error":"\"knativebrokerttl\" not found"}
{"level":"info","ts":"2019-12-03T21:04:25.862Z","logger":"broker_ingress","caller":"ingress/ingress_handler.go:120","msg":"Error retrieving TTL, defaulting.","commit":"7655d9c","error":"\"knativebrokerttl\" not found"}
{"level":"info","ts":"2019-12-03T21:04:25.863Z","logger":"broker_ingress","caller":"ingress/ingress_handler.go:120","msg":"Error retrieving TTL, defaulting.","commit":"7655d9c","error":"\"knativebrokerttl\" not found"}
{"level":"info","ts":"2019-12-03T21:04:25.863Z","logger":"broker_ingress","caller":"ingress/ingress_handler.go:120","msg":"Error retrieving TTL, defaulting.","commit":"7655d9c","error":"\"knativebrokerttl\" not found"}
{"level":"info","ts":"2019-12-03T21:04:25.866Z","logger":"broker_ingress","caller":"ingress/ingress_handler.go:120","msg":"Error retrieving TTL, defaulting.","commit":"7655d9c","error":"\"knativebrokerttl\" not found"}
{"level":"info","ts":"2019-12-03T21:04:25.868Z","logger":"broker_ingress","caller":"ingress/ingress_handler.go:120","msg":"Error retrieving TTL, defaulting.","commit":"7655d9c","error":"\"knativebrokerttl\" not found"}
{"level":"info","ts":"2019-12-03T21:04:25.869Z","logger":"broker_ingress","caller":"ingress/ingress_handler.go:120","msg":"Error retrieving TTL, defaulting.","commit":"7655d9c","error":"\"knativebrokerttl\" not found"}
{"level":"info","ts":"2019-12-03T21:04:25.868Z","logger":"broker_ingress","caller":"ingress/ingress_handler.go:120","msg":"Error retrieving TTL, defaulting.","commit":"7655d9c","error":"\"knativebrokerttl\" not found"}
{"level":"info","ts":"2019-12-03T21:04:25.874Z","logger":"broker_ingress","caller":"ingress/ingress_handler.go:120","msg":"Error retrieving TTL, defaulting.","commit":"7655d9c","error":"\"knativebrokerttl\" not found"}
{"level":"info","ts":"2019-12-03T21:04:25.874Z","logger":"broker_ingress","caller":"ingress/ingress_handler.go:120","msg":"Error retrieving TTL, defaulting.","commit":"7655d9c","error":"\"knativebrokerttl\" not found"}
{"level":"info","ts":"2019-12-03T21:04:25.875Z","logger":"broker_ingress","caller":"ingress/ingress_handler.go:120","msg":"Error retrieving TTL, defaulting.","commit":"7655d9c","error":"\"knativebrokerttl\" not found"}
{"level":"info","ts":"2019-12-03T21:04:25.875Z","logger":"broker_ingress","caller":"ingress/ingress_handler.go:120","msg":"Error retrieving TTL, defaulting.","commit":"7655d9c","error":"\"knativebrokerttl\" not found"}
{"level":"info","ts":"2019-12-03T21:04:25.872Z","logger":"broker_ingress","caller":"ingress/ingress_handler.go:120","msg":"Error retrieving TTL, defaulting.","commit":"7655d9c","error":"\"knativebrokerttl\" not found"}
{"level":"info","ts":"2019-12-03T21:04:25.877Z","logger":"broker_ingress","caller":"ingress/ingress_handler.go:120","msg":"Error retrieving TTL, defaulting.","commit":"7655d9c","error":"\"knativebrokerttl\" not found"}
{"level":"info","ts":"2019-12-03T21:04:25.877Z","logger":"broker_ingress","caller":"ingress/ingress_handler.go:120","msg":"Error retrieving TTL, defaulting.","commit":"7655d9c","error":"\"knativebrokerttl\" not found"}
{"level":"info","ts":"2019-12-03T21:04:25.881Z","logger":"broker_ingress","caller":"ingress/ingress_handler.go:120","msg":"Error retrieving TTL, defaulting.","commit":"7655d9c","error":"\"knativebrokerttl\" not found"}
{"level":"info","ts":"2019-12-03T21:04:25.882Z","logger":"broker_ingress","caller":"ingress/ingress_handler.go:120","msg":"Error retrieving TTL, defaulting.","commit":"7655d9c","error":"\"knativebrokerttl\" not found"}
{"level":"info","ts":"2019-12-03T21:04:25.882Z","logger":"broker_ingress","caller":"ingress/ingress_handler.go:120","msg":"Error retrieving TTL, defaulting.","commit":"7655d9c","error":"\"knativebrokerttl\" not found"}
{"level":"info","ts":"2019-12-03T21:04:25.876Z","logger":"broker_ingress","caller":"ingress/ingress_handler.go:120","msg":"Error retrieving TTL, defaulting.","commit":"7655d9c","error":"\"knativebrokerttl\" not found"}
{"level":"info","ts":"2019-12-03T21:04:25.884Z","logger":"broker_ingress","caller":"ingress/ingress_handler.go:120","msg":"Error retrieving TTL, defaulting.","commit":"7655d9c","error":"\"knativebrokerttl\" not found"}
{"level":"info","ts":"2019-12-03T21:04:25.885Z","logger":"broker_ingress","caller":"ingress/ingress_handler.go:120","msg":"Error retrieving TTL, defaulting.","commit":"7655d9c","error":"\"knativebrokerttl\" not found"}
{"level":"info","ts":"2019-12-03T21:04:25.886Z","logger":"broker_ingress","caller":"ingress/ingress_handler.go:120","msg":"Error retrieving TTL, defaulting.","commit":"7655d9c","error":"\"knativebrokerttl\" not found"}
{"level":"info","ts":"2019-12-03T21:04:25.887Z","logger":"broker_ingress","caller":"ingress/ingress_handler.go:120","msg":"Error retrieving TTL, defaulting.","commit":"7655d9c","error":"\"knativebrokerttl\" not found"}
{"level":"info","ts":"2019-12-03T21:04:25.888Z","logger":"broker_ingress","caller":"ingress/ingress_handler.go:120","msg":"Error retrieving TTL, defaulting.","commit":"7655d9c","error":"\"knativebrokerttl\" not found"}
{"level":"info","ts":"2019-12-03T21:04:25.892Z","logger":"broker_ingress","caller":"ingress/ingress_handler.go:120","msg":"Error retrieving TTL, defaulting.","commit":"7655d9c","error":"\"knativebrokerttl\" not found"}
{"level":"info","ts":"2019-12-03T21:04:25.893Z","logger":"broker_ingress","caller":"ingress/ingress_handler.go:120","msg":"Error retrieving TTL, defaulting.","commit":"7655d9c","error":"\"knativebrokerttl\" not found"}
{"level":"info","ts":"2019-12-03T21:04:25.893Z","logger":"broker_ingress","caller":"ingress/ingress_handler.go:120","msg":"Error retrieving TTL, defaulting.","commit":"7655d9c","error":"\"knativebrokerttl\" not found"}
{"level":"info","ts":"2019-12-03T21:04:25.893Z","logger":"broker_ingress","caller":"ingress/ingress_handler.go:120","msg":"Error retrieving TTL, defaulting.","commit":"7655d9c","error":"\"knativebrokerttl\" not found"}
{"level":"info","ts":"2019-12-03T21:04:25.894Z","logger":"broker_ingress","caller":"ingress/ingress_handler.go:120","msg":"Error retrieving TTL, defaulting.","commit":"7655d9c","error":"\"knativebrokerttl\" not found"}
{"level":"info","ts":"2019-12-03T21:04:25.901Z","logger":"broker_ingress","caller":"ingress/ingress_handler.go:120","msg":"Error retrieving TTL, defaulting.","commit":"7655d9c","error":"\"knativebrokerttl\" not found"}
{"level":"info","ts":"2019-12-03T21:04:25.901Z","logger":"broker_ingress","caller":"ingress/ingress_handler.go:120","msg":"Error retrieving TTL, defaulting.","commit":"7655d9c","error":"\"knativebrokerttl\" not found"}
{"level":"info","ts":"2019-12-03T21:04:25.901Z","logger":"broker_ingress","caller":"ingress/ingress_handler.go:120","msg":"Error retrieving TTL, defaulting.","commit":"7655d9c","error":"\"knativebrokerttl\" not found"}
{"level":"info","ts":"2019-12-03T21:04:25.901Z","logger":"broker_ingress","caller":"ingress/ingress_handler.go:120","msg":"Error retrieving TTL, defaulting.","commit":"7655d9c","error":"\"knativebrokerttl\" not found"}
{"level":"info","ts":"2019-12-03T21:04:25.902Z","logger":"broker_ingress","caller":"ingress/ingress_handler.go:120","msg":"Error retrieving TTL, defaulting.","commit":"7655d9c","error":"\"knativebrokerttl\" not found"}
{"level":"info","ts":"2019-12-03T21:04:25.902Z","logger":"broker_ingress","caller":"ingress/ingress_handler.go:120","msg":"Error retrieving TTL, defaulting.","commit":"7655d9c","error":"\"knativebrokerttl\" not found"}
{"level":"info","ts":"2019-12-03T21:04:25.902Z","logger":"broker_ingress","caller":"ingress/ingress_handler.go:120","msg":"Error retrieving TTL, defaulting.","commit":"7655d9c","error":"\"knativebrokerttl\" not found"}
{"level":"info","ts":"2019-12-03T21:04:25.896Z","logger":"broker_ingress","caller":"ingress/ingress_handler.go:120","msg":"Error retrieving TTL, defaulting.","commit":"7655d9c","error":"\"knativebrokerttl\" not found"}
{"level":"info","ts":"2019-12-03T21:04:25.902Z","logger":"broker_ingress","caller":"ingress/ingress_handler.go:120","msg":"Error retrieving TTL, defaulting.","commit":"7655d9c","error":"\"knativebrokerttl\" not found"}
{"level":"info","ts":"2019-12-03T21:04:25.903Z","logger":"broker_ingress","caller":"ingress/ingress_handler.go:120","msg":"Error retrieving TTL, defaulting.","commit":"7655d9c","error":"\"knativebrokerttl\" not found"}
{"level":"info","ts":"2019-12-03T21:04:25.903Z","logger":"broker_ingress","caller":"ingress/ingress_handler.go:120","msg":"Error retrieving TTL, defaulting.","commit":"7655d9c","error":"\"knativebrokerttl\" not found"}
{"level":"info","ts":"2019-12-03T21:04:25.898Z","logger":"broker_ingress","caller":"ingress/ingress_handler.go:120","msg":"Error retrieving TTL, defaulting.","commit":"7655d9c","error":"\"knativebrokerttl\" not found"}
{"level":"info","ts":"2019-12-03T21:04:25.898Z","logger":"broker_ingress","caller":"ingress/ingress_handler.go:120","msg":"Error retrieving TTL, defaulting.","commit":"7655d9c","error":"\"knativebrokerttl\" not found"}
{"level":"info","ts":"2019-12-03T21:04:25.898Z","logger":"broker_ingress","caller":"ingress/ingress_handler.go:120","msg":"Error retrieving TTL, defaulting.","commit":"7655d9c","error":"\"knativebrokerttl\" not found"}
{"level":"info","ts":"2019-12-03T21:04:25.898Z","logger":"broker_ingress","caller":"ingress/ingress_handler.go:120","msg":"Error retrieving TTL, defaulting.","commit":"7655d9c","error":"\"knativebrokerttl\" not found"}
{"level":"info","ts":"2019-12-03T21:04:25.898Z","logger":"broker_ingress","caller":"ingress/ingress_handler.go:120","msg":"Error retrieving TTL, defaulting.","commit":"7655d9c","error":"\"knativebrokerttl\" not found"}
{"level":"info","ts":"2019-12-03T21:04:25.899Z","logger":"broker_ingress","caller":"ingress/ingress_handler.go:120","msg":"Error retrieving TTL, defaulting.","commit":"7655d9c","error":"\"knativebrokerttl\" not found"}
{"level":"info","ts":"2019-12-03T21:04:25.899Z","logger":"broker_ingress","caller":"ingress/ingress_handler.go:120","msg":"Error retrieving TTL, defaulting.","commit":"7655d9c","error":"\"knativebrokerttl\" not found"}
{"level":"info","ts":"2019-12-03T21:04:25.899Z","logger":"broker_ingress","caller":"ingress/ingress_handler.go:120","msg":"Error retrieving TTL, defaulting.","commit":"7655d9c","error":"\"knativebrokerttl\" not found"}
{"level":"info","ts":"2019-12-03T21:04:25.899Z","logger":"broker_ingress","caller":"ingress/ingress_handler.go:120","msg":"Error retrieving TTL, defaulting.","commit":"7655d9c","error":"\"knativebrokerttl\" not found"}
{"level":"info","ts":"2019-12-03T21:04:25.899Z","logger":"broker_ingress","caller":"ingress/ingress_handler.go:120","msg":"Error retrieving TTL, defaulting.","commit":"7655d9c","error":"\"knativebrokerttl\" not found"}
{"level":"info","ts":"2019-12-03T21:04:25.899Z","logger":"broker_ingress","caller":"ingress/ingress_handler.go:120","msg":"Error retrieving TTL, defaulting.","commit":"7655d9c","error":"\"knativebrokerttl\" not found"}
{"level":"info","ts":"2019-12-03T21:04:25.899Z","logger":"broker_ingress","caller":"ingress/ingress_handler.go:120","msg":"Error retrieving TTL, defaulting.","commit":"7655d9c","error":"\"knativebrokerttl\" not found"}
{"level":"info","ts":"2019-12-03T21:04:25.900Z","logger":"broker_ingress","caller":"ingress/ingress_handler.go:120","msg":"Error retrieving TTL, defaulting.","commit":"7655d9c","error":"\"knativebrokerttl\" not found"}
{"level":"info","ts":"2019-12-03T21:04:25.900Z","logger":"broker_ingress","caller":"ingress/ingress_handler.go:120","msg":"Error retrieving TTL, defaulting.","commit":"7655d9c","error":"\"knativebrokerttl\" not found"}
{"level":"info","ts":"2019-12-03T21:04:25.900Z","logger":"broker_ingress","caller":"ingress/ingress_handler.go:120","msg":"Error retrieving TTL, defaulting.","commit":"7655d9c","error":"\"knativebrokerttl\" not found"}
{"level":"info","ts":"2019-12-03T21:04:25.900Z","logger":"broker_ingress","caller":"ingress/ingress_handler.go:120","msg":"Error retrieving TTL, defaulting.","commit":"7655d9c","error":"\"knativebrokerttl\" not found"}
{"level":"info","ts":"2019-12-03T21:04:25.900Z","logger":"broker_ingress","caller":"ingress/ingress_handler.go:120","msg":"Error retrieving TTL, defaulting.","commit":"7655d9c","error":"\"knativebrokerttl\" not found"}
{"level":"info","ts":"2019-12-03T21:04:25.900Z","logger":"broker_ingress","caller":"ingress/ingress_handler.go:120","msg":"Error retrieving TTL, defaulting.","commit":"7655d9c","error":"\"knativebrokerttl\" not found"}
{"level":"info","ts":"2019-12-03T21:04:25.901Z","logger":"broker_ingress","caller":"ingress/ingress_handler.go:120","msg":"Error retrieving TTL, defaulting.","commit":"7655d9c","error":"\"knativebrokerttl\" not found"}
{"level":"info","ts":"2019-12-03T21:04:25.901Z","logger":"broker_ingress","caller":"ingress/ingress_handler.go:120","msg":"Error retrieving TTL, defaulting.","commit":"7655d9c","error":"\"knativebrokerttl\" not found"}
{"level":"info","ts":"2019-12-03T21:04:25.908Z","logger":"broker_ingress","caller":"ingress/ingress_handler.go:120","msg":"Error retrieving TTL, defaulting.","commit":"7655d9c","error":"\"knativebrokerttl\" not found"}
{"level":"info","ts":"2019-12-03T21:04:25.908Z","logger":"broker_ingress","caller":"ingress/ingress_handler.go:120","msg":"Error retrieving TTL, defaulting.","commit":"7655d9c","error":"\"knativebrokerttl\" not found"}
{"level":"info","ts":"2019-12-03T21:04:25.908Z","logger":"broker_ingress","caller":"ingress/ingress_handler.go:120","msg":"Error retrieving TTL, defaulting.","commit":"7655d9c","error":"\"knativebrokerttl\" not found"}
{"level":"info","ts":"2019-12-03T21:04:25.906Z","logger":"broker_ingress","caller":"ingress/ingress_handler.go:120","msg":"Error retrieving TTL, defaulting.","commit":"7655d9c","error":"\"knativebrokerttl\" not found"}
{"level":"info","ts":"2019-12-03T21:04:25.908Z","logger":"broker_ingress","caller":"ingress/ingress_handler.go:120","msg":"Error retrieving TTL, defaulting.","commit":"7655d9c","error":"\"knativebrokerttl\" not found"}
{"level":"info","ts":"2019-12-03T21:04:25.908Z","logger":"broker_ingress","caller":"ingress/ingress_handler.go:120","msg":"Error retrieving TTL, defaulting.","commit":"7655d9c","error":"\"knativebrokerttl\" not found"}
{"level":"info","ts":"2019-12-03T21:04:25.909Z","logger":"broker_ingress","caller":"ingress/ingress_handler.go:120","msg":"Error retrieving TTL, defaulting.","commit":"7655d9c","error":"\"knativebrokerttl\" not found"}
{"level":"info","ts":"2019-12-03T21:04:25.909Z","logger":"broker_ingress","caller":"ingress/ingress_handler.go:120","msg":"Error retrieving TTL, defaulting.","commit":"7655d9c","error":"\"knativebrokerttl\" not found"}
{"level":"info","ts":"2019-12-03T21:04:25.909Z","logger":"broker_ingress","caller":"ingress/ingress_handler.go:120","msg":"Error retrieving TTL, defaulting.","commit":"7655d9c","error":"\"knativebrokerttl\" not found"}
{"level":"info","ts":"2019-12-03T21:04:25.911Z","logger":"broker_ingress","caller":"ingress/ingress_handler.go:120","msg":"Error retrieving TTL, defaulting.","commit":"7655d9c","error":"\"knativebrokerttl\" not found"}
{"level":"info","ts":"2019-12-03T21:04:25.918Z","logger":"broker_ingress","caller":"ingress/ingress_handler.go:120","msg":"Error retrieving TTL, defaulting.","commit":"7655d9c","error":"\"knativebrokerttl\" not found"}
{"level":"info","ts":"2019-12-03T21:04:25.918Z","logger":"broker_ingress","caller":"ingress/ingress_handler.go:120","msg":"Error retrieving TTL, defaulting.","commit":"7655d9c","error":"\"knativebrokerttl\" not found"}
{"level":"info","ts":"2019-12-03T21:04:25.918Z","logger":"broker_ingress","caller":"ingress/ingress_handler.go:120","msg":"Error retrieving TTL, defaulting.","commit":"7655d9c","error":"\"knativebrokerttl\" not found"}
{"level":"info","ts":"2019-12-03T21:04:25.918Z","logger":"broker_ingress","caller":"ingress/ingress_handler.go:120","msg":"Error retrieving TTL, defaulting.","commit":"7655d9c","error":"\"knativebrokerttl\" not found"}
{"level":"info","ts":"2019-12-03T21:04:25.918Z","logger":"broker_ingress","caller":"ingress/ingress_handler.go:120","msg":"Error retrieving TTL, defaulting.","commit":"7655d9c","error":"\"knativebrokerttl\" not found"}
{"level":"info","ts":"2019-12-03T21:04:25.919Z","logger":"broker_ingress","caller":"ingress/ingress_handler.go:120","msg":"Error retrieving TTL, defaulting.","commit":"7655d9c","error":"\"knativebrokerttl\" not found"}
{"level":"info","ts":"2019-12-03T21:04:25.919Z","logger":"broker_ingress","caller":"ingress/ingress_handler.go:120","msg":"Error retrieving TTL, defaulting.","commit":"7655d9c","error":"\"knativebrokerttl\" not found"}
{"level":"info","ts":"2019-12-03T21:04:25.919Z","logger":"broker_ingress","caller":"ingress/ingress_handler.go:120","msg":"Error retrieving TTL, defaulting.","commit":"7655d9c","error":"\"knativebrokerttl\" not found"}
{"level":"info","ts":"2019-12-03T21:04:25.930Z","logger":"broker_ingress","caller":"ingress/ingress_handler.go:120","msg":"Error retrieving TTL, defaulting.","commit":"7655d9c","error":"\"knativebrokerttl\" not found"}
{"level":"info","ts":"2019-12-03T21:04:25.930Z","logger":"broker_ingress","caller":"ingress/ingress_handler.go:120","msg":"Error retrieving TTL, defaulting.","commit":"7655d9c","error":"\"knativebrokerttl\" not found"}
{"level":"info","ts":"2019-12-03T21:04:25.930Z","logger":"broker_ingress","caller":"ingress/ingress_handler.go:120","msg":"Error retrieving TTL, defaulting.","commit":"7655d9c","error":"\"knativebrokerttl\" not found"}
{"level":"info","ts":"2019-12-03T21:04:25.930Z","logger":"broker_ingress","caller":"ingress/ingress_handler.go:120","msg":"Error retrieving TTL, defaulting.","commit":"7655d9c","error":"\"knativebrokerttl\" not found"}
{"level":"info","ts":"2019-12-03T21:04:25.930Z","logger":"broker_ingress","caller":"ingress/ingress_handler.go:120","msg":"Error retrieving TTL, defaulting.","commit":"7655d9c","error":"\"knativebrokerttl\" not found"}
{"level":"info","ts":"2019-12-03T21:04:25.930Z","logger":"broker_ingress","caller":"ingress/ingress_handler.go:120","msg":"Error retrieving TTL, defaulting.","commit":"7655d9c","error":"\"knativebrokerttl\" not found"}
{"level":"info","ts":"2019-12-03T21:04:25.930Z","logger":"broker_ingress","caller":"ingress/ingress_handler.go:120","msg":"Error retrieving TTL, defaulting.","commit":"7655d9c","error":"\"knativebrokerttl\" not found"}
{"level":"info","ts":"2019-12-03T21:04:25.931Z","logger":"broker_ingress","caller":"ingress/ingress_handler.go:120","msg":"Error retrieving TTL, defaulting.","commit":"7655d9c","error":"\"knativebrokerttl\" not found"}
{"level":"info","ts":"2019-12-03T21:04:25.931Z","logger":"broker_ingress","caller":"ingress/ingress_handler.go:120","msg":"Error retrieving TTL, defaulting.","commit":"7655d9c","error":"\"knativebrokerttl\" not found"}
{"level":"info","ts":"2019-12-03T21:04:25.932Z","logger":"broker_ingress","caller":"ingress/ingress_handler.go:120","msg":"Error retrieving TTL, defaulting.","commit":"7655d9c","error":"\"knativebrokerttl\" not found"}
{"level":"info","ts":"2019-12-03T21:04:25.932Z","logger":"broker_ingress","caller":"ingress/ingress_handler.go:120","msg":"Error retrieving TTL, defaulting.","commit":"7655d9c","error":"\"knativebrokerttl\" not found"}
{"level":"info","ts":"2019-12-03T21:04:25.932Z","logger":"broker_ingress","caller":"ingress/ingress_handler.go:120","msg":"Error retrieving TTL, defaulting.","commit":"7655d9c","error":"\"knativebrokerttl\" not found"}
{"level":"info","ts":"2019-12-03T21:04:25.932Z","logger":"broker_ingress","caller":"ingress/ingress_handler.go:120","msg":"Error retrieving TTL, defaulting.","commit":"7655d9c","error":"\"knativebrokerttl\" not found"}
{"level":"info","ts":"2019-12-03T21:04:25.939Z","logger":"broker_ingress","caller":"ingress/ingress_handler.go:120","msg":"Error retrieving TTL, defaulting.","commit":"7655d9c","error":"\"knativebrokerttl\" not found"}
{"level":"info","ts":"2019-12-03T21:04:25.939Z","logger":"broker_ingress","caller":"ingress/ingress_handler.go:120","msg":"Error retrieving TTL, defaulting.","commit":"7655d9c","error":"\"knativebrokerttl\" not found"}
{"level":"info","ts":"2019-12-03T21:04:25.940Z","logger":"broker_ingress","caller":"ingress/ingress_handler.go:120","msg":"Error retrieving TTL, defaulting.","commit":"7655d9c","error":"\"knativebrokerttl\" not found"}
{"level":"info","ts":"2019-12-03T21:04:25.940Z","logger":"broker_ingress","caller":"ingress/ingress_handler.go:120","msg":"Error retrieving TTL, defaulting.","commit":"7655d9c","error":"\"knativebrokerttl\" not found"}
{"level":"info","ts":"2019-12-03T21:04:25.940Z","logger":"broker_ingress","caller":"ingress/ingress_handler.go:120","msg":"Error retrieving TTL, defaulting.","commit":"7655d9c","error":"\"knativebrokerttl\" not found"}
{"level":"info","ts":"2019-12-03T21:04:25.940Z","logger":"broker_ingress","caller":"ingress/ingress_handler.go:120","msg":"Error retrieving TTL, defaulting.","commit":"7655d9c","error":"\"knativebrokerttl\" not found"}
{"level":"info","ts":"2019-12-03T21:04:25.941Z","logger":"broker_ingress","caller":"ingress/ingress_handler.go:120","msg":"Error retrieving TTL, defaulting.","commit":"7655d9c","error":"\"knativebrokerttl\" not found"}
{"level":"info","ts":"2019-12-03T21:04:25.941Z","logger":"broker_ingress","caller":"ingress/ingress_handler.go:120","msg":"Error retrieving TTL, defaulting.","commit":"7655d9c","error":"\"knativebrokerttl\" not found"}
{"level":"info","ts":"2019-12-03T21:04:25.945Z","logger":"broker_ingress","caller":"ingress/ingress_handler.go:120","msg":"Error retrieving TTL, defaulting.","commit":"7655d9c","error":"\"knativebrokerttl\" not found"}
{"level":"info","ts":"2019-12-03T21:04:25.945Z","logger":"broker_ingress","caller":"ingress/ingress_handler.go:120","msg":"Error retrieving TTL, defaulting.","commit":"7655d9c","error":"\"knativebrokerttl\" not found"}
{"level":"info","ts":"2019-12-03T21:04:25.946Z","logger":"broker_ingress","caller":"ingress/ingress_handler.go:120","msg":"Error retrieving TTL, defaulting.","commit":"7655d9c","error":"\"knativebrokerttl\" not found"}
{"level":"info","ts":"2019-12-03T21:04:25.946Z","logger":"broker_ingress","caller":"ingress/ingress_handler.go:120","msg":"Error retrieving TTL, defaulting.","commit":"7655d9c","error":"\"knativebrokerttl\" not found"}
{"level":"info","ts":"2019-12-03T21:04:25.947Z","logger":"broker_ingress","caller":"ingress/ingress_handler.go:120","msg":"Error retrieving TTL, defaulting.","commit":"7655d9c","error":"\"knativebrokerttl\" not found"}
{"level":"info","ts":"2019-12-03T21:04:25.948Z","logger":"broker_ingress","caller":"ingress/ingress_handler.go:120","msg":"Error retrieving TTL, defaulting.","commit":"7655d9c","error":"\"knativebrokerttl\" not found"}
{"level":"info","ts":"2019-12-03T21:04:25.949Z","logger":"broker_ingress","caller":"ingress/ingress_handler.go:120","msg":"Error retrieving TTL, defaulting.","commit":"7655d9c","error":"\"knativebrokerttl\" not found"}
{"level":"info","ts":"2019-12-03T21:04:25.950Z","logger":"broker_ingress","caller":"ingress/ingress_handler.go:120","msg":"Error retrieving TTL, defaulting.","commit":"7655d9c","error":"\"knativebrokerttl\" not found"}
{"level":"info","ts":"2019-12-03T21:04:25.947Z","logger":"broker_ingress","caller":"ingress/ingress_handler.go:120","msg":"Error retrieving TTL, defaulting.","commit":"7655d9c","error":"\"knativebrokerttl\" not found"}
{"level":"info","ts":"2019-12-03T21:04:25.952Z","logger":"broker_ingress","caller":"ingress/ingress_handler.go:120","msg":"Error retrieving TTL, defaulting.","commit":"7655d9c","error":"\"knativebrokerttl\" not found"}
{"level":"info","ts":"2019-12-03T21:04:25.953Z","logger":"broker_ingress","caller":"ingress/ingress_handler.go:120","msg":"Error retrieving TTL, defaulting.","commit":"7655d9c","error":"\"knativebrokerttl\" not found"}
{"level":"info","ts":"2019-12-03T21:04:25.955Z","logger":"broker_ingress","caller":"ingress/ingress_handler.go:120","msg":"Error retrieving TTL, defaulting.","commit":"7655d9c","error":"\"knativebrokerttl\" not found"}
{"level":"info","ts":"2019-12-03T21:04:25.956Z","logger":"broker_ingress","caller":"ingress/ingress_handler.go:120","msg":"Error retrieving TTL, defaulting.","commit":"7655d9c","error":"\"knativebrokerttl\" not found"}
{"level":"info","ts":"2019-12-03T21:04:25.956Z","logger":"broker_ingress","caller":"ingress/ingress_handler.go:120","msg":"Error retrieving TTL, defaulting.","commit":"7655d9c","error":"\"knativebrokerttl\" not found"}
{"level":"info","ts":"2019-12-03T21:04:25.956Z","logger":"broker_ingress","caller":"ingress/ingress_handler.go:120","msg":"Error retrieving TTL, defaulting.","commit":"7655d9c","error":"\"knativebrokerttl\" not found"}
{"level":"info","ts":"2019-12-03T21:04:25.957Z","logger":"broker_ingress","caller":"ingress/ingress_handler.go:120","msg":"Error retrieving TTL, defaulting.","commit":"7655d9c","error":"\"knativebrokerttl\" not found"}
{"level":"info","ts":"2019-12-03T21:04:25.958Z","logger":"broker_ingress","caller":"ingress/ingress_handler.go:120","msg":"Error retrieving TTL, defaulting.","commit":"7655d9c","error":"\"knativebrokerttl\" not found"}
{"level":"info","ts":"2019-12-03T21:04:25.959Z","logger":"broker_ingress","caller":"ingress/ingress_handler.go:120","msg":"Error retrieving TTL, defaulting.","commit":"7655d9c","error":"\"knativebrokerttl\" not found"}
{"level":"info","ts":"2019-12-03T21:04:25.959Z","logger":"broker_ingress","caller":"ingress/ingress_handler.go:120","msg":"Error retrieving TTL, defaulting.","commit":"7655d9c","error":"\"knativebrokerttl\" not found"}
{"level":"info","ts":"2019-12-03T21:04:25.962Z","logger":"broker_ingress","caller":"ingress/ingress_handler.go:120","msg":"Error retrieving TTL, defaulting.","commit":"7655d9c","error":"\"knativebrokerttl\" not found"}
{"level":"info","ts":"2019-12-03T21:04:25.962Z","logger":"broker_ingress","caller":"ingress/ingress_handler.go:120","msg":"Error retrieving TTL, defaulting.","commit":"7655d9c","error":"\"knativebrokerttl\" not found"}
{"level":"info","ts":"2019-12-03T21:04:25.962Z","logger":"broker_ingress","caller":"ingress/ingress_handler.go:120","msg":"Error retrieving TTL, defaulting.","commit":"7655d9c","error":"\"knativebrokerttl\" not found"}
{"level":"info","ts":"2019-12-03T21:04:25.963Z","logger":"broker_ingress","caller":"ingress/ingress_handler.go:120","msg":"Error retrieving TTL, defaulting.","commit":"7655d9c","error":"\"knativebrokerttl\" not found"}
{"level":"info","ts":"2019-12-03T21:04:25.964Z","logger":"broker_ingress","caller":"ingress/ingress_handler.go:120","msg":"Error retrieving TTL, defaulting.","commit":"7655d9c","error":"\"knativebrokerttl\" not found"}
{"level":"info","ts":"2019-12-03T21:04:25.965Z","logger":"broker_ingress","caller":"ingress/ingress_handler.go:120","msg":"Error retrieving TTL, defaulting.","commit":"7655d9c","error":"\"knativebrokerttl\" not found"}
{"level":"info","ts":"2019-12-03T21:04:25.973Z","logger":"broker_ingress","caller":"ingress/ingress_handler.go:120","msg":"Error retrieving TTL, defaulting.","commit":"7655d9c","error":"\"knativebrokerttl\" not found"}
{"level":"info","ts":"2019-12-03T21:04:25.973Z","logger":"broker_ingress","caller":"ingress/ingress_handler.go:120","msg":"Error retrieving TTL, defaulting.","commit":"7655d9c","error":"\"knativebrokerttl\" not found"}
{"level":"info","ts":"2019-12-03T21:04:25.973Z","logger":"broker_ingress","caller":"ingress/ingress_handler.go:120","msg":"Error retrieving TTL, defaulting.","commit":"7655d9c","error":"\"knativebrokerttl\" not found"}
{"level":"info","ts":"2019-12-03T21:04:25.973Z","logger":"broker_ingress","caller":"ingress/ingress_handler.go:120","msg":"Error retrieving TTL, defaulting.","commit":"7655d9c","error":"\"knativebrokerttl\" not found"}
{"level":"info","ts":"2019-12-03T21:04:25.973Z","logger":"broker_ingress","caller":"ingress/ingress_handler.go:120","msg":"Error retrieving TTL, defaulting.","commit":"7655d9c","error":"\"knativebrokerttl\" not found"}
{"level":"info","ts":"2019-12-03T21:04:25.974Z","logger":"broker_ingress","caller":"ingress/ingress_handler.go:120","msg":"Error retrieving TTL, defaulting.","commit":"7655d9c","error":"\"knativebrokerttl\" not found"}
{"level":"info","ts":"2019-12-03T21:04:25.974Z","logger":"broker_ingress","caller":"ingress/ingress_handler.go:120","msg":"Error retrieving TTL, defaulting.","commit":"7655d9c","error":"\"knativebrokerttl\" not found"}
{"level":"info","ts":"2019-12-03T21:04:25.974Z","logger":"broker_ingress","caller":"ingress/ingress_handler.go:120","msg":"Error retrieving TTL, defaulting.","commit":"7655d9c","error":"\"knativebrokerttl\" not found"}
{"level":"info","ts":"2019-12-03T21:04:25.974Z","logger":"broker_ingress","caller":"ingress/ingress_handler.go:120","msg":"Error retrieving TTL, defaulting.","commit":"7655d9c","error":"\"knativebrokerttl\" not found"}
{"level":"info","ts":"2019-12-03T21:04:25.981Z","logger":"broker_ingress","caller":"ingress/ingress_handler.go:120","msg":"Error retrieving TTL, defaulting.","commit":"7655d9c","error":"\"knativebrokerttl\" not found"}
{"level":"info","ts":"2019-12-03T21:04:25.981Z","logger":"broker_ingress","caller":"ingress/ingress_handler.go:120","msg":"Error retrieving TTL, defaulting.","commit":"7655d9c","error":"\"knativebrokerttl\" not found"}
{"level":"info","ts":"2019-12-03T21:04:25.982Z","logger":"broker_ingress","caller":"ingress/ingress_handler.go:120","msg":"Error retrieving TTL, defaulting.","commit":"7655d9c","error":"\"knativebrokerttl\" not found"}
{"level":"info","ts":"2019-12-03T21:04:25.982Z","logger":"broker_ingress","caller":"ingress/ingress_handler.go:120","msg":"Error retrieving TTL, defaulting.","commit":"7655d9c","error":"\"knativebrokerttl\" not found"}
{"level":"info","ts":"2019-12-03T21:04:25.982Z","logger":"broker_ingress","caller":"ingress/ingress_handler.go:120","msg":"Error retrieving TTL, defaulting.","commit":"7655d9c","error":"\"knativebrokerttl\" not found"}
{"level":"info","ts":"2019-12-03T21:04:25.982Z","logger":"broker_ingress","caller":"ingress/ingress_handler.go:120","msg":"Error retrieving TTL, defaulting.","commit":"7655d9c","error":"\"knativebrokerttl\" not found"}
{"level":"info","ts":"2019-12-03T21:04:25.983Z","logger":"broker_ingress","caller":"ingress/ingress_handler.go:120","msg":"Error retrieving TTL, defaulting.","commit":"7655d9c","error":"\"knativebrokerttl\" not found"}
{"level":"info","ts":"2019-12-03T21:04:25.984Z","logger":"broker_ingress","caller":"ingress/ingress_handler.go:120","msg":"Error retrieving TTL, defaulting.","commit":"7655d9c","error":"\"knativebrokerttl\" not found"}
{"level":"info","ts":"2019-12-03T21:04:25.990Z","logger":"broker_ingress","caller":"ingress/ingress_handler.go:120","msg":"Error retrieving TTL, defaulting.","commit":"7655d9c","error":"\"knativebrokerttl\" not found"}
{"level":"info","ts":"2019-12-03T21:04:25.990Z","logger":"broker_ingress","caller":"ingress/ingress_handler.go:120","msg":"Error retrieving TTL, defaulting.","commit":"7655d9c","error":"\"knativebrokerttl\" not found"}
{"level":"info","ts":"2019-12-03T21:04:25.990Z","logger":"broker_ingress","caller":"ingress/ingress_handler.go:120","msg":"Error retrieving TTL, defaulting.","commit":"7655d9c","error":"\"knativebrokerttl\" not found"}
{"level":"info","ts":"2019-12-03T21:04:26.003Z","logger":"broker_ingress","caller":"ingress/ingress_handler.go:120","msg":"Error retrieving TTL, defaulting.","commit":"7655d9c","error":"\"knativebrokerttl\" not found"}
{"level":"info","ts":"2019-12-03T21:04:26.005Z","logger":"broker_ingress","caller":"ingress/ingress_handler.go:120","msg":"Error retrieving TTL, defaulting.","commit":"7655d9c","error":"\"knativebrokerttl\" not found"}
{"level":"info","ts":"2019-12-03T21:04:26.005Z","logger":"broker_ingress","caller":"ingress/ingress_handler.go:120","msg":"Error retrieving TTL, defaulting.","commit":"7655d9c","error":"\"knativebrokerttl\" not found"}
{"level":"info","ts":"2019-12-03T21:04:26.005Z","logger":"broker_ingress","caller":"ingress/ingress_handler.go:120","msg":"Error retrieving TTL, defaulting.","commit":"7655d9c","error":"\"knativebrokerttl\" not found"}
{"level":"info","ts":"2019-12-03T21:04:26.005Z","logger":"broker_ingress","caller":"ingress/ingress_handler.go:120","msg":"Error retrieving TTL, defaulting.","commit":"7655d9c","error":"\"knativebrokerttl\" not found"}
{"level":"info","ts":"2019-12-03T21:04:26.006Z","logger":"broker_ingress","caller":"ingress/ingress_handler.go:120","msg":"Error retrieving TTL, defaulting.","commit":"7655d9c","error":"\"knativebrokerttl\" not found"}
{"level":"info","ts":"2019-12-03T21:04:26.006Z","logger":"broker_ingress","caller":"ingress/ingress_handler.go:120","msg":"Error retrieving TTL, defaulting.","commit":"7655d9c","error":"\"knativebrokerttl\" not found"}
{"level":"info","ts":"2019-12-03T21:04:26.006Z","logger":"broker_ingress","caller":"ingress/ingress_handler.go:120","msg":"Error retrieving TTL, defaulting.","commit":"7655d9c","error":"\"knativebrokerttl\" not found"}
{"level":"info","ts":"2019-12-03T21:04:26.008Z","logger":"broker_ingress","caller":"ingress/ingress_handler.go:120","msg":"Error retrieving TTL, defaulting.","commit":"7655d9c","error":"\"knativebrokerttl\" not found"}
{"level":"info","ts":"2019-12-03T21:04:26.008Z","logger":"broker_ingress","caller":"ingress/ingress_handler.go:120","msg":"Error retrieving TTL, defaulting.","commit":"7655d9c","error":"\"knativebrokerttl\" not found"}
{"level":"info","ts":"2019-12-03T21:04:26.008Z","logger":"broker_ingress","caller":"ingress/ingress_handler.go:120","msg":"Error retrieving TTL, defaulting.","commit":"7655d9c","error":"\"knativebrokerttl\" not found"}
{"level":"info","ts":"2019-12-03T21:04:26.008Z","logger":"broker_ingress","caller":"ingress/ingress_handler.go:120","msg":"Error retrieving TTL, defaulting.","commit":"7655d9c","error":"\"knativebrokerttl\" not found"}
{"level":"info","ts":"2019-12-03T21:04:26.008Z","logger":"broker_ingress","caller":"ingress/ingress_handler.go:120","msg":"Error retrieving TTL, defaulting.","commit":"7655d9c","error":"\"knativebrokerttl\" not found"}
{"level":"info","ts":"2019-12-03T21:04:26.011Z","logger":"broker_ingress","caller":"ingress/ingress_handler.go:120","msg":"Error retrieving TTL, defaulting.","commit":"7655d9c","error":"\"knativebrokerttl\" not found"}
{"level":"info","ts":"2019-12-03T21:04:26.011Z","logger":"broker_ingress","caller":"ingress/ingress_handler.go:120","msg":"Error retrieving TTL, defaulting.","commit":"7655d9c","error":"\"knativebrokerttl\" not found"}
{"level":"info","ts":"2019-12-03T21:04:26.011Z","logger":"broker_ingress","caller":"ingress/ingress_handler.go:120","msg":"Error retrieving TTL, defaulting.","commit":"7655d9c","error":"\"knativebrokerttl\" not found"}
{"level":"info","ts":"2019-12-03T21:04:26.011Z","logger":"broker_ingress","caller":"ingress/ingress_handler.go:120","msg":"Error retrieving TTL, defaulting.","commit":"7655d9c","error":"\"knativebrokerttl\" not found"}
{"level":"info","ts":"2019-12-03T21:04:26.011Z","logger":"broker_ingress","caller":"ingress/ingress_handler.go:120","msg":"Error retrieving TTL, defaulting.","commit":"7655d9c","error":"\"knativebrokerttl\" not found"}
{"level":"info","ts":"2019-12-03T21:04:26.012Z","logger":"broker_ingress","caller":"ingress/ingress_handler.go:120","msg":"Error retrieving TTL, defaulting.","commit":"7655d9c","error":"\"knativebrokerttl\" not found"}
{"level":"info","ts":"2019-12-03T21:04:26.012Z","logger":"broker_ingress","caller":"ingress/ingress_handler.go:120","msg":"Error retrieving TTL, defaulting.","commit":"7655d9c","error":"\"knativebrokerttl\" not found"}
{"level":"info","ts":"2019-12-03T21:04:26.013Z","logger":"broker_ingress","caller":"ingress/ingress_handler.go:120","msg":"Error retrieving TTL, defaulting.","commit":"7655d9c","error":"\"knativebrokerttl\" not found"}
{"level":"info","ts":"2019-12-03T21:04:26.013Z","logger":"broker_ingress","caller":"ingress/ingress_handler.go:120","msg":"Error retrieving TTL, defaulting.","commit":"7655d9c","error":"\"knativebrokerttl\" not found"}
{"level":"info","ts":"2019-12-03T21:04:26.013Z","logger":"broker_ingress","caller":"ingress/ingress_handler.go:120","msg":"Error retrieving TTL, defaulting.","commit":"7655d9c","error":"\"knativebrokerttl\" not found"}
{"level":"info","ts":"2019-12-03T21:04:26.013Z","logger":"broker_ingress","caller":"ingress/ingress_handler.go:120","msg":"Error retrieving TTL, defaulting.","commit":"7655d9c","error":"\"knativebrokerttl\" not found"}
{"level":"info","ts":"2019-12-03T21:04:26.013Z","logger":"broker_ingress","caller":"ingress/ingress_handler.go:120","msg":"Error retrieving TTL, defaulting.","commit":"7655d9c","error":"\"knativebrokerttl\" not found"}
{"level":"info","ts":"2019-12-03T21:04:26.013Z","logger":"broker_ingress","caller":"ingress/ingress_handler.go:120","msg":"Error retrieving TTL, defaulting.","commit":"7655d9c","error":"\"knativebrokerttl\" not found"}
{"level":"info","ts":"2019-12-03T21:04:26.014Z","logger":"broker_ingress","caller":"ingress/ingress_handler.go:120","msg":"Error retrieving TTL, defaulting.","commit":"7655d9c","error":"\"knativebrokerttl\" not found"}
{"level":"info","ts":"2019-12-03T21:04:26.014Z","logger":"broker_ingress","caller":"ingress/ingress_handler.go:120","msg":"Error retrieving TTL, defaulting.","commit":"7655d9c","error":"\"knativebrokerttl\" not found"}
{"level":"info","ts":"2019-12-03T21:04:26.014Z","logger":"broker_ingress","caller":"ingress/ingress_handler.go:120","msg":"Error retrieving TTL, defaulting.","commit":"7655d9c","error":"\"knativebrokerttl\" not found"}
{"level":"info","ts":"2019-12-03T21:04:26.014Z","logger":"broker_ingress","caller":"ingress/ingress_handler.go:120","msg":"Error retrieving TTL, defaulting.","commit":"7655d9c","error":"\"knativebrokerttl\" not found"}
{"level":"info","ts":"2019-12-03T21:04:26.014Z","logger":"broker_ingress","caller":"ingress/ingress_handler.go:120","msg":"Error retrieving TTL, defaulting.","commit":"7655d9c","error":"\"knativebrokerttl\" not found"}
{"level":"info","ts":"2019-12-03T21:04:26.015Z","logger":"broker_ingress","caller":"ingress/ingress_handler.go:120","msg":"Error retrieving TTL, defaulting.","commit":"7655d9c","error":"\"knativebrokerttl\" not found"}
{"level":"info","ts":"2019-12-03T21:04:26.015Z","logger":"broker_ingress","caller":"ingress/ingress_handler.go:120","msg":"Error retrieving TTL, defaulting.","commit":"7655d9c","error":"\"knativebrokerttl\" not found"}
{"level":"info","ts":"2019-12-03T21:04:26.015Z","logger":"broker_ingress","caller":"ingress/ingress_handler.go:120","msg":"Error retrieving TTL, defaulting.","commit":"7655d9c","error":"\"knativebrokerttl\" not found"}
{"level":"info","ts":"2019-12-03T21:04:26.015Z","logger":"broker_ingress","caller":"ingress/ingress_handler.go:120","msg":"Error retrieving TTL, defaulting.","commit":"7655d9c","error":"\"knativebrokerttl\" not found"}
{"level":"info","ts":"2019-12-03T21:04:26.016Z","logger":"broker_ingress","caller":"ingress/ingress_handler.go:120","msg":"Error retrieving TTL, defaulting.","commit":"7655d9c","error":"\"knativebrokerttl\" not found"}
{"level":"info","ts":"2019-12-03T21:04:26.016Z","logger":"broker_ingress","caller":"ingress/ingress_handler.go:120","msg":"Error retrieving TTL, defaulting.","commit":"7655d9c","error":"\"knativebrokerttl\" not found"}
{"level":"info","ts":"2019-12-03T21:04:26.016Z","logger":"broker_ingress","caller":"ingress/ingress_handler.go:120","msg":"Error retrieving TTL, defaulting.","commit":"7655d9c","error":"\"knativebrokerttl\" not found"}
{"level":"info","ts":"2019-12-03T21:04:26.016Z","logger":"broker_ingress","caller":"ingress/ingress_handler.go:120","msg":"Error retrieving TTL, defaulting.","commit":"7655d9c","error":"\"knativebrokerttl\" not found"}
{"level":"info","ts":"2019-12-03T21:04:26.018Z","logger":"broker_ingress","caller":"ingress/ingress_handler.go:120","msg":"Error retrieving TTL, defaulting.","commit":"7655d9c","error":"\"knativebrokerttl\" not found"}
{"level":"info","ts":"2019-12-03T21:04:26.018Z","logger":"broker_ingress","caller":"ingress/ingress_handler.go:120","msg":"Error retrieving TTL, defaulting.","commit":"7655d9c","error":"\"knativebrokerttl\" not found"}
{"level":"info","ts":"2019-12-03T21:04:26.019Z","logger":"broker_ingress","caller":"ingress/ingress_handler.go:120","msg":"Error retrieving TTL, defaulting.","commit":"7655d9c","error":"\"knativebrokerttl\" not found"}
{"level":"info","ts":"2019-12-03T21:04:26.012Z","logger":"broker_ingress","caller":"ingress/ingress_handler.go:120","msg":"Error retrieving TTL, defaulting.","commit":"7655d9c","error":"\"knativebrokerttl\" not found"}
{"level":"info","ts":"2019-12-03T21:04:26.020Z","logger":"broker_ingress","caller":"ingress/ingress_handler.go:120","msg":"Error retrieving TTL, defaulting.","commit":"7655d9c","error":"\"knativebrokerttl\" not found"}
{"level":"info","ts":"2019-12-03T21:04:26.021Z","logger":"broker_ingress","caller":"ingress/ingress_handler.go:120","msg":"Error retrieving TTL, defaulting.","commit":"7655d9c","error":"\"knativebrokerttl\" not found"}
{"level":"info","ts":"2019-12-03T21:04:26.021Z","logger":"broker_ingress","caller":"ingress/ingress_handler.go:120","msg":"Error retrieving TTL, defaulting.","commit":"7655d9c","error":"\"knativebrokerttl\" not found"}
{"level":"info","ts":"2019-12-03T21:04:26.023Z","logger":"broker_ingress","caller":"ingress/ingress_handler.go:120","msg":"Error retrieving TTL, defaulting.","commit":"7655d9c","error":"\"knativebrokerttl\" not found"}
{"level":"info","ts":"2019-12-03T21:04:26.023Z","logger":"broker_ingress","caller":"ingress/ingress_handler.go:120","msg":"Error retrieving TTL, defaulting.","commit":"7655d9c","error":"\"knativebrokerttl\" not found"}
{"level":"info","ts":"2019-12-03T21:04:26.024Z","logger":"broker_ingress","caller":"ingress/ingress_handler.go:120","msg":"Error retrieving TTL, defaulting.","commit":"7655d9c","error":"\"knativebrokerttl\" not found"}
{"level":"info","ts":"2019-12-03T21:04:26.025Z","logger":"broker_ingress","caller":"ingress/ingress_handler.go:120","msg":"Error retrieving TTL, defaulting.","commit":"7655d9c","error":"\"knativebrokerttl\" not found"}
{"level":"info","ts":"2019-12-03T21:04:26.026Z","logger":"broker_ingress","caller":"ingress/ingress_handler.go:120","msg":"Error retrieving TTL, defaulting.","commit":"7655d9c","error":"\"knativebrokerttl\" not found"}
{"level":"info","ts":"2019-12-03T21:04:26.026Z","logger":"broker_ingress","caller":"ingress/ingress_handler.go:120","msg":"Error retrieving TTL, defaulting.","commit":"7655d9c","error":"\"knativebrokerttl\" not found"}
{"level":"info","ts":"2019-12-03T21:04:26.028Z","logger":"broker_ingress","caller":"ingress/ingress_handler.go:120","msg":"Error retrieving TTL, defaulting.","commit":"7655d9c","error":"\"knativebrokerttl\" not found"}
{"level":"info","ts":"2019-12-03T21:04:26.029Z","logger":"broker_ingress","caller":"ingress/ingress_handler.go:120","msg":"Error retrieving TTL, defaulting.","commit":"7655d9c","error":"\"knativebrokerttl\" not found"}
{"level":"info","ts":"2019-12-03T21:04:26.030Z","logger":"broker_ingress","caller":"ingress/ingress_handler.go:120","msg":"Error retrieving TTL, defaulting.","commit":"7655d9c","error":"\"knativebrokerttl\" not found"}
{"level":"info","ts":"2019-12-03T21:04:26.031Z","logger":"broker_ingress","caller":"ingress/ingress_handler.go:120","msg":"Error retrieving TTL, defaulting.","commit":"7655d9c","error":"\"knativebrokerttl\" not found"}
{"level":"info","ts":"2019-12-03T21:04:26.032Z","logger":"broker_ingress","caller":"ingress/ingress_handler.go:120","msg":"Error retrieving TTL, defaulting.","commit":"7655d9c","error":"\"knativebrokerttl\" not found"}
{"level":"info","ts":"2019-12-03T21:04:26.033Z","logger":"broker_ingress","caller":"ingress/ingress_handler.go:120","msg":"Error retrieving TTL, defaulting.","commit":"7655d9c","error":"\"knativebrokerttl\" not found"}
{"level":"info","ts":"2019-12-03T21:04:26.040Z","logger":"broker_ingress","caller":"ingress/ingress_handler.go:120","msg":"Error retrieving TTL, defaulting.","commit":"7655d9c","error":"\"knativebrokerttl\" not found"}
{"level":"info","ts":"2019-12-03T21:04:26.040Z","logger":"broker_ingress","caller":"ingress/ingress_handler.go:120","msg":"Error retrieving TTL, defaulting.","commit":"7655d9c","error":"\"knativebrokerttl\" not found"}
{"level":"info","ts":"2019-12-03T21:04:26.040Z","logger":"broker_ingress","caller":"ingress/ingress_handler.go:120","msg":"Error retrieving TTL, defaulting.","commit":"7655d9c","error":"\"knativebrokerttl\" not found"}
{"level":"info","ts":"2019-12-03T21:04:26.040Z","logger":"broker_ingress","caller":"ingress/ingress_handler.go:120","msg":"Error retrieving TTL, defaulting.","commit":"7655d9c","error":"\"knativebrokerttl\" not found"}
{"level":"info","ts":"2019-12-03T21:04:26.041Z","logger":"broker_ingress","caller":"ingress/ingress_handler.go:120","msg":"Error retrieving TTL, defaulting.","commit":"7655d9c","error":"\"knativebrokerttl\" not found"}
{"level":"info","ts":"2019-12-03T21:04:26.046Z","logger":"broker_ingress","caller":"ingress/ingress_handler.go:120","msg":"Error retrieving TTL, defaulting.","commit":"7655d9c","error":"\"knativebrokerttl\" not found"}
{"level":"info","ts":"2019-12-03T21:04:26.047Z","logger":"broker_ingress","caller":"ingress/ingress_handler.go:120","msg":"Error retrieving TTL, defaulting.","commit":"7655d9c","error":"\"knativebrokerttl\" not found"}
{"level":"info","ts":"2019-12-03T21:04:26.047Z","logger":"broker_ingress","caller":"ingress/ingress_handler.go:120","msg":"Error retrieving TTL, defaulting.","commit":"7655d9c","error":"\"knativebrokerttl\" not found"}
{"level":"info","ts":"2019-12-03T21:04:26.049Z","logger":"broker_ingress","caller":"ingress/ingress_handler.go:120","msg":"Error retrieving TTL, defaulting.","commit":"7655d9c","error":"\"knativebrokerttl\" not found"}
{"level":"info","ts":"2019-12-03T21:04:26.049Z","logger":"broker_ingress","caller":"ingress/ingress_handler.go:120","msg":"Error retrieving TTL, defaulting.","commit":"7655d9c","error":"\"knativebrokerttl\" not found"}
{"level":"info","ts":"2019-12-03T21:04:26.049Z","logger":"broker_ingress","caller":"ingress/ingress_handler.go:120","msg":"Error retrieving TTL, defaulting.","commit":"7655d9c","error":"\"knativebrokerttl\" not found"}
{"level":"info","ts":"2019-12-03T21:04:26.049Z","logger":"broker_ingress","caller":"ingress/ingress_handler.go:120","msg":"Error retrieving TTL, defaulting.","commit":"7655d9c","error":"\"knativebrokerttl\" not found"}
{"level":"info","ts":"2019-12-03T21:04:26.049Z","logger":"broker_ingress","caller":"ingress/ingress_handler.go:120","msg":"Error retrieving TTL, defaulting.","commit":"7655d9c","error":"\"knativebrokerttl\" not found"}
{"level":"info","ts":"2019-12-03T21:04:26.049Z","logger":"broker_ingress","caller":"ingress/ingress_handler.go:120","msg":"Error retrieving TTL, defaulting.","commit":"7655d9c","error":"\"knativebrokerttl\" not found"}
{"level":"info","ts":"2019-12-03T21:04:26.049Z","logger":"broker_ingress","caller":"ingress/ingress_handler.go:120","msg":"Error retrieving TTL, defaulting.","commit":"7655d9c","error":"\"knativebrokerttl\" not found"}
{"level":"info","ts":"2019-12-03T21:04:26.050Z","logger":"broker_ingress","caller":"ingress/ingress_handler.go:120","msg":"Error retrieving TTL, defaulting.","commit":"7655d9c","error":"\"knativebrokerttl\" not found"}
{"level":"info","ts":"2019-12-03T21:04:26.052Z","logger":"broker_ingress","caller":"ingress/ingress_handler.go:120","msg":"Error retrieving TTL, defaulting.","commit":"7655d9c","error":"\"knativebrokerttl\" not found"}
{"level":"info","ts":"2019-12-03T21:04:26.053Z","logger":"broker_ingress","caller":"ingress/ingress_handler.go:120","msg":"Error retrieving TTL, defaulting.","commit":"7655d9c","error":"\"knativebrokerttl\" not found"}
{"level":"info","ts":"2019-12-03T21:04:26.053Z","logger":"broker_ingress","caller":"ingress/ingress_handler.go:120","msg":"Error retrieving TTL, defaulting.","commit":"7655d9c","error":"\"knativebrokerttl\" not found"}
{"level":"info","ts":"2019-12-03T21:04:26.053Z","logger":"broker_ingress","caller":"ingress/ingress_handler.go:120","msg":"Error retrieving TTL, defaulting.","commit":"7655d9c","error":"\"knativebrokerttl\" not found"}
{"level":"info","ts":"2019-12-03T21:04:26.054Z","logger":"broker_ingress","caller":"ingress/ingress_handler.go:120","msg":"Error retrieving TTL, defaulting.","commit":"7655d9c","error":"\"knativebrokerttl\" not found"}
{"level":"info","ts":"2019-12-03T21:04:26.055Z","logger":"broker_ingress","caller":"ingress/ingress_handler.go:120","msg":"Error retrieving TTL, defaulting.","commit":"7655d9c","error":"\"knativebrokerttl\" not found"}
{"level":"info","ts":"2019-12-03T21:04:26.056Z","logger":"broker_ingress","caller":"ingress/ingress_handler.go:120","msg":"Error retrieving TTL, defaulting.","commit":"7655d9c","error":"\"knativebrokerttl\" not found"}
{"level":"info","ts":"2019-12-03T21:04:26.058Z","logger":"broker_ingress","caller":"ingress/ingress_handler.go:120","msg":"Error retrieving TTL, defaulting.","commit":"7655d9c","error":"\"knativebrokerttl\" not found"}
{"level":"info","ts":"2019-12-03T21:04:26.058Z","logger":"broker_ingress","caller":"ingress/ingress_handler.go:120","msg":"Error retrieving TTL, defaulting.","commit":"7655d9c","error":"\"knativebrokerttl\" not found"}
{"level":"info","ts":"2019-12-03T21:04:26.060Z","logger":"broker_ingress","caller":"ingress/ingress_handler.go:120","msg":"Error retrieving TTL, defaulting.","commit":"7655d9c","error":"\"knativebrokerttl\" not found"}
{"level":"info","ts":"2019-12-03T21:04:26.060Z","logger":"broker_ingress","caller":"ingress/ingress_handler.go:120","msg":"Error retrieving TTL, defaulting.","commit":"7655d9c","error":"\"knativebrokerttl\" not found"}
{"level":"info","ts":"2019-12-03T21:04:26.061Z","logger":"broker_ingress","caller":"ingress/ingress_handler.go:120","msg":"Error retrieving TTL, defaulting.","commit":"7655d9c","error":"\"knativebrokerttl\" not found"}
{"level":"info","ts":"2019-12-03T21:04:26.061Z","logger":"broker_ingress","caller":"ingress/ingress_handler.go:120","msg":"Error retrieving TTL, defaulting.","commit":"7655d9c","error":"\"knativebrokerttl\" not found"}
{"level":"info","ts":"2019-12-03T21:04:26.061Z","logger":"broker_ingress","caller":"ingress/ingress_handler.go:120","msg":"Error retrieving TTL, defaulting.","commit":"7655d9c","error":"\"knativebrokerttl\" not found"}
{"level":"info","ts":"2019-12-03T21:04:26.061Z","logger":"broker_ingress","caller":"ingress/ingress_handler.go:120","msg":"Error retrieving TTL, defaulting.","commit":"7655d9c","error":"\"knativebrokerttl\" not found"}
{"level":"info","ts":"2019-12-03T21:04:26.061Z","logger":"broker_ingress","caller":"ingress/ingress_handler.go:120","msg":"Error retrieving TTL, defaulting.","commit":"7655d9c","error":"\"knativebrokerttl\" not found"}
{"level":"info","ts":"2019-12-03T21:04:26.060Z","logger":"broker_ingress","caller":"ingress/ingress_handler.go:120","msg":"Error retrieving TTL, defaulting.","commit":"7655d9c","error":"\"knativebrokerttl\" not found"}
{"level":"info","ts":"2019-12-03T21:04:26.066Z","logger":"broker_ingress","caller":"ingress/ingress_handler.go:120","msg":"Error retrieving TTL, defaulting.","commit":"7655d9c","error":"\"knativebrokerttl\" not found"}
{"level":"info","ts":"2019-12-03T21:04:26.066Z","logger":"broker_ingress","caller":"ingress/ingress_handler.go:120","msg":"Error retrieving TTL, defaulting.","commit":"7655d9c","error":"\"knativebrokerttl\" not found"}
{"level":"info","ts":"2019-12-03T21:04:26.066Z","logger":"broker_ingress","caller":"ingress/ingress_handler.go:120","msg":"Error retrieving TTL, defaulting.","commit":"7655d9c","error":"\"knativebrokerttl\" not found"}
{"level":"info","ts":"2019-12-03T21:04:26.066Z","logger":"broker_ingress","caller":"ingress/ingress_handler.go:120","msg":"Error retrieving TTL, defaulting.","commit":"7655d9c","error":"\"knativebrokerttl\" not found"}
{"level":"info","ts":"2019-12-03T21:04:26.068Z","logger":"broker_ingress","caller":"ingress/ingress_handler.go:120","msg":"Error retrieving TTL, defaulting.","commit":"7655d9c","error":"\"knativebrokerttl\" not found"}
{"level":"info","ts":"2019-12-03T21:04:26.069Z","logger":"broker_ingress","caller":"ingress/ingress_handler.go:120","msg":"Error retrieving TTL, defaulting.","commit":"7655d9c","error":"\"knativebrokerttl\" not found"}
{"level":"info","ts":"2019-12-03T21:04:26.069Z","logger":"broker_ingress","caller":"ingress/ingress_handler.go:120","msg":"Error retrieving TTL, defaulting.","commit":"7655d9c","error":"\"knativebrokerttl\" not found"}
{"level":"info","ts":"2019-12-03T21:04:26.071Z","logger":"broker_ingress","caller":"ingress/ingress_handler.go:120","msg":"Error retrieving TTL, defaulting.","commit":"7655d9c","error":"\"knativebrokerttl\" not found"}
{"level":"info","ts":"2019-12-03T21:04:26.071Z","logger":"broker_ingress","caller":"ingress/ingress_handler.go:120","msg":"Error retrieving TTL, defaulting.","commit":"7655d9c","error":"\"knativebrokerttl\" not found"}
{"level":"info","ts":"2019-12-03T21:04:26.072Z","logger":"broker_ingress","caller":"ingress/ingress_handler.go:120","msg":"Error retrieving TTL, defaulting.","commit":"7655d9c","error":"\"knativebrokerttl\" not found"}
{"level":"info","ts":"2019-12-03T21:04:26.074Z","logger":"broker_ingress","caller":"ingress/ingress_handler.go:120","msg":"Error retrieving TTL, defaulting.","commit":"7655d9c","error":"\"knativebrokerttl\" not found"}
{"level":"info","ts":"2019-12-03T21:04:26.074Z","logger":"broker_ingress","caller":"ingress/ingress_handler.go:120","msg":"Error retrieving TTL, defaulting.","commit":"7655d9c","error":"\"knativebrokerttl\" not found"}
{"level":"info","ts":"2019-12-03T21:04:26.092Z","logger":"broker_ingress","caller":"ingress/ingress_handler.go:120","msg":"Error retrieving TTL, defaulting.","commit":"7655d9c","error":"\"knativebrokerttl\" not found"}
{"level":"info","ts":"2019-12-03T21:04:26.092Z","logger":"broker_ingress","caller":"ingress/ingress_handler.go:120","msg":"Error retrieving TTL, defaulting.","commit":"7655d9c","error":"\"knativebrokerttl\" not found"}
{"level":"info","ts":"2019-12-03T21:04:26.095Z","logger":"broker_ingress","caller":"ingress/ingress_handler.go:120","msg":"Error retrieving TTL, defaulting.","commit":"7655d9c","error":"\"knativebrokerttl\" not found"}
{"level":"info","ts":"2019-12-03T21:04:26.095Z","logger":"broker_ingress","caller":"ingress/ingress_handler.go:120","msg":"Error retrieving TTL, defaulting.","commit":"7655d9c","error":"\"knativebrokerttl\" not found"}
{"level":"info","ts":"2019-12-03T21:04:26.095Z","logger":"broker_ingress","caller":"ingress/ingress_handler.go:120","msg":"Error retrieving TTL, defaulting.","commit":"7655d9c","error":"\"knativebrokerttl\" not found"}
{"level":"info","ts":"2019-12-03T21:04:26.095Z","logger":"broker_ingress","caller":"ingress/ingress_handler.go:120","msg":"Error retrieving TTL, defaulting.","commit":"7655d9c","error":"\"knativebrokerttl\" not found"}
{"level":"info","ts":"2019-12-03T21:04:26.095Z","logger":"broker_ingress","caller":"ingress/ingress_handler.go:120","msg":"Error retrieving TTL, defaulting.","commit":"7655d9c","error":"\"knativebrokerttl\" not found"}
{"level":"info","ts":"2019-12-03T21:04:26.096Z","logger":"broker_ingress","caller":"ingress/ingress_handler.go:120","msg":"Error retrieving TTL, defaulting.","commit":"7655d9c","error":"\"knativebrokerttl\" not found"}
{"level":"info","ts":"2019-12-03T21:04:26.096Z","logger":"broker_ingress","caller":"ingress/ingress_handler.go:120","msg":"Error retrieving TTL, defaulting.","commit":"7655d9c","error":"\"knativebrokerttl\" not found"}
{"level":"info","ts":"2019-12-03T21:04:26.096Z","logger":"broker_ingress","caller":"ingress/ingress_handler.go:120","msg":"Error retrieving TTL, defaulting.","commit":"7655d9c","error":"\"knativebrokerttl\" not found"}
{"level":"info","ts":"2019-12-03T21:04:26.096Z","logger":"broker_ingress","caller":"ingress/ingress_handler.go:120","msg":"Error retrieving TTL, defaulting.","commit":"7655d9c","error":"\"knativebrokerttl\" not found"}
{"level":"info","ts":"2019-12-03T21:04:26.096Z","logger":"broker_ingress","caller":"ingress/ingress_handler.go:120","msg":"Error retrieving TTL, defaulting.","commit":"7655d9c","error":"\"knativebrokerttl\" not found"}
{"level":"info","ts":"2019-12-03T21:04:26.097Z","logger":"broker_ingress","caller":"ingress/ingress_handler.go:120","msg":"Error retrieving TTL, defaulting.","commit":"7655d9c","error":"\"knativebrokerttl\" not found"}
{"level":"info","ts":"2019-12-03T21:04:26.097Z","logger":"broker_ingress","caller":"ingress/ingress_handler.go:120","msg":"Error retrieving TTL, defaulting.","commit":"7655d9c","error":"\"knativebrokerttl\" not found"}
{"level":"info","ts":"2019-12-03T21:04:26.101Z","logger":"broker_ingress","caller":"ingress/ingress_handler.go:120","msg":"Error retrieving TTL, defaulting.","commit":"7655d9c","error":"\"knativebrokerttl\" not found"}
{"level":"info","ts":"2019-12-03T21:04:26.101Z","logger":"broker_ingress","caller":"ingress/ingress_handler.go:120","msg":"Error retrieving TTL, defaulting.","commit":"7655d9c","error":"\"knativebrokerttl\" not found"}
{"level":"info","ts":"2019-12-03T21:04:26.101Z","logger":"broker_ingress","caller":"ingress/ingress_handler.go:120","msg":"Error retrieving TTL, defaulting.","commit":"7655d9c","error":"\"knativebrokerttl\" not found"}
{"level":"info","ts":"2019-12-03T21:04:26.101Z","logger":"broker_ingress","caller":"ingress/ingress_handler.go:120","msg":"Error retrieving TTL, defaulting.","commit":"7655d9c","error":"\"knativebrokerttl\" not found"}
{"level":"info","ts":"2019-12-03T21:04:26.102Z","logger":"broker_ingress","caller":"ingress/ingress_handler.go:120","msg":"Error retrieving TTL, defaulting.","commit":"7655d9c","error":"\"knativebrokerttl\" not found"}
{"level":"info","ts":"2019-12-03T21:04:26.102Z","logger":"broker_ingress","caller":"ingress/ingress_handler.go:120","msg":"Error retrieving TTL, defaulting.","commit":"7655d9c","error":"\"knativebrokerttl\" not found"}
{"level":"info","ts":"2019-12-03T21:04:26.102Z","logger":"broker_ingress","caller":"ingress/ingress_handler.go:120","msg":"Error retrieving TTL, defaulting.","commit":"7655d9c","error":"\"knativebrokerttl\" not found"}
{"level":"info","ts":"2019-12-03T21:04:26.102Z","logger":"broker_ingress","caller":"ingress/ingress_handler.go:120","msg":"Error retrieving TTL, defaulting.","commit":"7655d9c","error":"\"knativebrokerttl\" not found"}
{"level":"info","ts":"2019-12-03T21:04:26.102Z","logger":"broker_ingress","caller":"ingress/ingress_handler.go:120","msg":"Error retrieving TTL, defaulting.","commit":"7655d9c","error":"\"knativebrokerttl\" not found"}
{"level":"info","ts":"2019-12-03T21:04:26.103Z","logger":"broker_ingress","caller":"ingress/ingress_handler.go:120","msg":"Error retrieving TTL, defaulting.","commit":"7655d9c","error":"\"knativebrokerttl\" not found"}
{"level":"info","ts":"2019-12-03T21:04:26.104Z","logger":"broker_ingress","caller":"ingress/ingress_handler.go:120","msg":"Error retrieving TTL, defaulting.","commit":"7655d9c","error":"\"knativebrokerttl\" not found"}
{"level":"info","ts":"2019-12-03T21:04:26.104Z","logger":"broker_ingress","caller":"ingress/ingress_handler.go:120","msg":"Error retrieving TTL, defaulting.","commit":"7655d9c","error":"\"knativebrokerttl\" not found"}
{"level":"info","ts":"2019-12-03T21:04:26.105Z","logger":"broker_ingress","caller":"ingress/ingress_handler.go:120","msg":"Error retrieving TTL, defaulting.","commit":"7655d9c","error":"\"knativebrokerttl\" not found"}
{"level":"info","ts":"2019-12-03T21:04:26.105Z","logger":"broker_ingress","caller":"ingress/ingress_handler.go:120","msg":"Error retrieving TTL, defaulting.","commit":"7655d9c","error":"\"knativebrokerttl\" not found"}
{"level":"info","ts":"2019-12-03T21:04:26.105Z","logger":"broker_ingress","caller":"ingress/ingress_handler.go:120","msg":"Error retrieving TTL, defaulting.","commit":"7655d9c","error":"\"knativebrokerttl\" not found"}
{"level":"info","ts":"2019-12-03T21:04:26.107Z","logger":"broker_ingress","caller":"ingress/ingress_handler.go:120","msg":"Error retrieving TTL, defaulting.","commit":"7655d9c","error":"\"knativebrokerttl\" not found"}
{"level":"info","ts":"2019-12-03T21:04:26.107Z","logger":"broker_ingress","caller":"ingress/ingress_handler.go:120","msg":"Error retrieving TTL, defaulting.","commit":"7655d9c","error":"\"knativebrokerttl\" not found"}
{"level":"info","ts":"2019-12-03T21:04:26.107Z","logger":"broker_ingress","caller":"ingress/ingress_handler.go:120","msg":"Error retrieving TTL, defaulting.","commit":"7655d9c","error":"\"knativebrokerttl\" not found"}
{"level":"info","ts":"2019-12-03T21:04:26.109Z","logger":"broker_ingress","caller":"ingress/ingress_handler.go:120","msg":"Error retrieving TTL, defaulting.","commit":"7655d9c","error":"\"knativebrokerttl\" not found"}
{"level":"info","ts":"2019-12-03T21:04:26.112Z","logger":"broker_ingress","caller":"ingress/ingress_handler.go:120","msg":"Error retrieving TTL, defaulting.","commit":"7655d9c","error":"\"knativebrokerttl\" not found"}
{"level":"info","ts":"2019-12-03T21:04:26.112Z","logger":"broker_ingress","caller":"ingress/ingress_handler.go:120","msg":"Error retrieving TTL, defaulting.","commit":"7655d9c","error":"\"knativebrokerttl\" not found"}
{"level":"info","ts":"2019-12-03T21:04:26.112Z","logger":"broker_ingress","caller":"ingress/ingress_handler.go:120","msg":"Error retrieving TTL, defaulting.","commit":"7655d9c","error":"\"knativebrokerttl\" not found"}
{"level":"info","ts":"2019-12-03T21:04:26.112Z","logger":"broker_ingress","caller":"ingress/ingress_handler.go:120","msg":"Error retrieving TTL, defaulting.","commit":"7655d9c","error":"\"knativebrokerttl\" not found"}
{"level":"info","ts":"2019-12-03T21:04:26.113Z","logger":"broker_ingress","caller":"ingress/ingress_handler.go:120","msg":"Error retrieving TTL, defaulting.","commit":"7655d9c","error":"\"knativebrokerttl\" not found"}
{"level":"info","ts":"2019-12-03T21:04:26.116Z","logger":"broker_ingress","caller":"ingress/ingress_handler.go:120","msg":"Error retrieving TTL, defaulting.","commit":"7655d9c","error":"\"knativebrokerttl\" not found"}
{"level":"info","ts":"2019-12-03T21:04:26.116Z","logger":"broker_ingress","caller":"ingress/ingress_handler.go:120","msg":"Error retrieving TTL, defaulting.","commit":"7655d9c","error":"\"knativebrokerttl\" not found"}
{"level":"info","ts":"2019-12-03T21:04:26.116Z","logger":"broker_ingress","caller":"ingress/ingress_handler.go:120","msg":"Error retrieving TTL, defaulting.","commit":"7655d9c","error":"\"knativebrokerttl\" not found"}
{"level":"info","ts":"2019-12-03T21:04:26.117Z","logger":"broker_ingress","caller":"ingress/ingress_handler.go:120","msg":"Error retrieving TTL, defaulting.","commit":"7655d9c","error":"\"knativebrokerttl\" not found"}
{"level":"info","ts":"2019-12-03T21:04:26.119Z","logger":"broker_ingress","caller":"ingress/ingress_handler.go:120","msg":"Error retrieving TTL, defaulting.","commit":"7655d9c","error":"\"knativebrokerttl\" not found"}
{"level":"info","ts":"2019-12-03T21:04:26.125Z","logger":"broker_ingress","caller":"ingress/ingress_handler.go:120","msg":"Error retrieving TTL, defaulting.","commit":"7655d9c","error":"\"knativebrokerttl\" not found"}
{"level":"info","ts":"2019-12-03T21:04:26.125Z","logger":"broker_ingress","caller":"ingress/ingress_handler.go:120","msg":"Error retrieving TTL, defaulting.","commit":"7655d9c","error":"\"knativebrokerttl\" not found"}
{"level":"info","ts":"2019-12-03T21:04:26.126Z","logger":"broker_ingress","caller":"ingress/ingress_handler.go:120","msg":"Error retrieving TTL, defaulting.","commit":"7655d9c","error":"\"knativebrokerttl\" not found"}
{"level":"info","ts":"2019-12-03T21:04:26.126Z","logger":"broker_ingress","caller":"ingress/ingress_handler.go:120","msg":"Error retrieving TTL, defaulting.","commit":"7655d9c","error":"\"knativebrokerttl\" not found"}
{"level":"info","ts":"2019-12-03T21:04:26.126Z","logger":"broker_ingress","caller":"ingress/ingress_handler.go:120","msg":"Error retrieving TTL, defaulting.","commit":"7655d9c","error":"\"knativebrokerttl\" not found"}
{"level":"info","ts":"2019-12-03T21:04:26.126Z","logger":"broker_ingress","caller":"ingress/ingress_handler.go:120","msg":"Error retrieving TTL, defaulting.","commit":"7655d9c","error":"\"knativebrokerttl\" not found"}
{"level":"info","ts":"2019-12-03T21:04:26.128Z","logger":"broker_ingress","caller":"ingress/ingress_handler.go:120","msg":"Error retrieving TTL, defaulting.","commit":"7655d9c","error":"\"knativebrokerttl\" not found"}
{"level":"info","ts":"2019-12-03T21:04:26.128Z","logger":"broker_ingress","caller":"ingress/ingress_handler.go:120","msg":"Error retrieving TTL, defaulting.","commit":"7655d9c","error":"\"knativebrokerttl\" not found"}
{"level":"info","ts":"2019-12-03T21:04:26.128Z","logger":"broker_ingress","caller":"ingress/ingress_handler.go:120","msg":"Error retrieving TTL, defaulting.","commit":"7655d9c","error":"\"knativebrokerttl\" not found"}
{"level":"info","ts":"2019-12-03T21:04:26.128Z","logger":"broker_ingress","caller":"ingress/ingress_handler.go:120","msg":"Error retrieving TTL, defaulting.","commit":"7655d9c","error":"\"knativebrokerttl\" not found"}
{"level":"info","ts":"2019-12-03T21:04:26.128Z","logger":"broker_ingress","caller":"ingress/ingress_handler.go:120","msg":"Error retrieving TTL, defaulting.","commit":"7655d9c","error":"\"knativebrokerttl\" not found"}
{"level":"info","ts":"2019-12-03T21:04:26.130Z","logger":"broker_ingress","caller":"ingress/ingress_handler.go:120","msg":"Error retrieving TTL, defaulting.","commit":"7655d9c","error":"\"knativebrokerttl\" not found"}
{"level":"info","ts":"2019-12-03T21:04:26.130Z","logger":"broker_ingress","caller":"ingress/ingress_handler.go:120","msg":"Error retrieving TTL, defaulting.","commit":"7655d9c","error":"\"knativebrokerttl\" not found"}
{"level":"info","ts":"2019-12-03T21:04:26.130Z","logger":"broker_ingress","caller":"ingress/ingress_handler.go:120","msg":"Error retrieving TTL, defaulting.","commit":"7655d9c","error":"\"knativebrokerttl\" not found"}
{"level":"info","ts":"2019-12-03T21:04:26.130Z","logger":"broker_ingress","caller":"ingress/ingress_handler.go:120","msg":"Error retrieving TTL, defaulting.","commit":"7655d9c","error":"\"knativebrokerttl\" not found"}
{"level":"info","ts":"2019-12-03T21:04:26.134Z","logger":"broker_ingress","caller":"ingress/ingress_handler.go:120","msg":"Error retrieving TTL, defaulting.","commit":"7655d9c","error":"\"knativebrokerttl\" not found"}
{"level":"info","ts":"2019-12-03T21:04:26.134Z","logger":"broker_ingress","caller":"ingress/ingress_handler.go:120","msg":"Error retrieving TTL, defaulting.","commit":"7655d9c","error":"\"knativebrokerttl\" not found"}
{"level":"info","ts":"2019-12-03T21:04:26.135Z","logger":"broker_ingress","caller":"ingress/ingress_handler.go:120","msg":"Error retrieving TTL, defaulting.","commit":"7655d9c","error":"\"knativebrokerttl\" not found"}
{"level":"info","ts":"2019-12-03T21:04:26.135Z","logger":"broker_ingress","caller":"ingress/ingress_handler.go:120","msg":"Error retrieving TTL, defaulting.","commit":"7655d9c","error":"\"knativebrokerttl\" not found"}
{"level":"info","ts":"2019-12-03T21:04:26.135Z","logger":"broker_ingress","caller":"ingress/ingress_handler.go:120","msg":"Error retrieving TTL, defaulting.","commit":"7655d9c","error":"\"knativebrokerttl\" not found"}
{"level":"info","ts":"2019-12-03T21:04:26.135Z","logger":"broker_ingress","caller":"ingress/ingress_handler.go:120","msg":"Error retrieving TTL, defaulting.","commit":"7655d9c","error":"\"knativebrokerttl\" not found"}
{"level":"info","ts":"2019-12-03T21:04:26.135Z","logger":"broker_ingress","caller":"ingress/ingress_handler.go:120","msg":"Error retrieving TTL, defaulting.","commit":"7655d9c","error":"\"knativebrokerttl\" not found"}
{"level":"info","ts":"2019-12-03T21:04:26.137Z","logger":"broker_ingress","caller":"ingress/ingress_handler.go:120","msg":"Error retrieving TTL, defaulting.","commit":"7655d9c","error":"\"knativebrokerttl\" not found"}
{"level":"info","ts":"2019-12-03T21:04:26.137Z","logger":"broker_ingress","caller":"ingress/ingress_handler.go:120","msg":"Error retrieving TTL, defaulting.","commit":"7655d9c","error":"\"knativebrokerttl\" not found"}
{"level":"info","ts":"2019-12-03T21:04:26.137Z","logger":"broker_ingress","caller":"ingress/ingress_handler.go:120","msg":"Error retrieving TTL, defaulting.","commit":"7655d9c","error":"\"knativebrokerttl\" not found"}
{"level":"info","ts":"2019-12-03T21:04:26.139Z","logger":"broker_ingress","caller":"ingress/ingress_handler.go:120","msg":"Error retrieving TTL, defaulting.","commit":"7655d9c","error":"\"knativebrokerttl\" not found"}
{"level":"info","ts":"2019-12-03T21:04:26.139Z","logger":"broker_ingress","caller":"ingress/ingress_handler.go:120","msg":"Error retrieving TTL, defaulting.","commit":"7655d9c","error":"\"knativebrokerttl\" not found"}
{"level":"info","ts":"2019-12-03T21:04:26.140Z","logger":"broker_ingress","caller":"ingress/ingress_handler.go:120","msg":"Error retrieving TTL, defaulting.","commit":"7655d9c","error":"\"knativebrokerttl\" not found"}
{"level":"info","ts":"2019-12-03T21:04:26.141Z","logger":"broker_ingress","caller":"ingress/ingress_handler.go:120","msg":"Error retrieving TTL, defaulting.","commit":"7655d9c","error":"\"knativebrokerttl\" not found"}
{"level":"info","ts":"2019-12-03T21:04:26.163Z","logger":"broker_ingress","caller":"ingress/ingress_handler.go:120","msg":"Error retrieving TTL, defaulting.","commit":"7655d9c","error":"\"knativebrokerttl\" not found"}
{"level":"info","ts":"2019-12-03T21:04:26.164Z","logger":"broker_ingress","caller":"ingress/ingress_handler.go:120","msg":"Error retrieving TTL, defaulting.","commit":"7655d9c","error":"\"knativebrokerttl\" not found"}
{"level":"info","ts":"2019-12-03T21:04:26.169Z","logger":"broker_ingress","caller":"ingress/ingress_handler.go:120","msg":"Error retrieving TTL, defaulting.","commit":"7655d9c","error":"\"knativebrokerttl\" not found"}
{"level":"info","ts":"2019-12-03T21:04:26.169Z","logger":"broker_ingress","caller":"ingress/ingress_handler.go:120","msg":"Error retrieving TTL, defaulting.","commit":"7655d9c","error":"\"knativebrokerttl\" not found"}
{"level":"info","ts":"2019-12-03T21:04:26.169Z","logger":"broker_ingress","caller":"ingress/ingress_handler.go:120","msg":"Error retrieving TTL, defaulting.","commit":"7655d9c","error":"\"knativebrokerttl\" not found"}
{"level":"info","ts":"2019-12-03T21:04:26.169Z","logger":"broker_ingress","caller":"ingress/ingress_handler.go:120","msg":"Error retrieving TTL, defaulting.","commit":"7655d9c","error":"\"knativebrokerttl\" not found"}
{"level":"info","ts":"2019-12-03T21:04:26.169Z","logger":"broker_ingress","caller":"ingress/ingress_handler.go:120","msg":"Error retrieving TTL, defaulting.","commit":"7655d9c","error":"\"knativebrokerttl\" not found"}
{"level":"info","ts":"2019-12-03T21:04:26.173Z","logger":"broker_ingress","caller":"ingress/ingress_handler.go:120","msg":"Error retrieving TTL, defaulting.","commit":"7655d9c","error":"\"knativebrokerttl\" not found"}
{"level":"info","ts":"2019-12-03T21:04:26.174Z","logger":"broker_ingress","caller":"ingress/ingress_handler.go:120","msg":"Error retrieving TTL, defaulting.","commit":"7655d9c","error":"\"knativebrokerttl\" not found"}
{"level":"info","ts":"2019-12-03T21:04:26.174Z","logger":"broker_ingress","caller":"ingress/ingress_handler.go:120","msg":"Error retrieving TTL, defaulting.","commit":"7655d9c","error":"\"knativebrokerttl\" not found"}
{"level":"info","ts":"2019-12-03T21:04:26.174Z","logger":"broker_ingress","caller":"ingress/ingress_handler.go:120","msg":"Error retrieving TTL, defaulting.","commit":"7655d9c","error":"\"knativebrokerttl\" not found"}
{"level":"info","ts":"2019-12-03T21:04:26.174Z","logger":"broker_ingress","caller":"ingress/ingress_handler.go:120","msg":"Error retrieving TTL, defaulting.","commit":"7655d9c","error":"\"knativebrokerttl\" not found"}
{"level":"info","ts":"2019-12-03T21:04:26.177Z","logger":"broker_ingress","caller":"ingress/ingress_handler.go:120","msg":"Error retrieving TTL, defaulting.","commit":"7655d9c","error":"\"knativebrokerttl\" not found"}
{"level":"info","ts":"2019-12-03T21:04:26.177Z","logger":"broker_ingress","caller":"ingress/ingress_handler.go:120","msg":"Error retrieving TTL, defaulting.","commit":"7655d9c","error":"\"knativebrokerttl\" not found"}
{"level":"info","ts":"2019-12-03T21:04:26.177Z","logger":"broker_ingress","caller":"ingress/ingress_handler.go:120","msg":"Error retrieving TTL, defaulting.","commit":"7655d9c","error":"\"knativebrokerttl\" not found"}
{"level":"info","ts":"2019-12-03T21:04:26.177Z","logger":"broker_ingress","caller":"ingress/ingress_handler.go:120","msg":"Error retrieving TTL, defaulting.","commit":"7655d9c","error":"\"knativebrokerttl\" not found"}
{"level":"info","ts":"2019-12-03T21:04:26.178Z","logger":"broker_ingress","caller":"ingress/ingress_handler.go:120","msg":"Error retrieving TTL, defaulting.","commit":"7655d9c","error":"\"knativebrokerttl\" not found"}
{"level":"info","ts":"2019-12-03T21:04:26.178Z","logger":"broker_ingress","caller":"ingress/ingress_handler.go:120","msg":"Error retrieving TTL, defaulting.","commit":"7655d9c","error":"\"knativebrokerttl\" not found"}
{"level":"info","ts":"2019-12-03T21:04:26.178Z","logger":"broker_ingress","caller":"ingress/ingress_handler.go:120","msg":"Error retrieving TTL, defaulting.","commit":"7655d9c","error":"\"knativebrokerttl\" not found"}
{"level":"info","ts":"2019-12-03T21:04:26.178Z","logger":"broker_ingress","caller":"ingress/ingress_handler.go:120","msg":"Error retrieving TTL, defaulting.","commit":"7655d9c","error":"\"knativebrokerttl\" not found"}
{"level":"info","ts":"2019-12-03T21:04:26.178Z","logger":"broker_ingress","caller":"ingress/ingress_handler.go:120","msg":"Error retrieving TTL, defaulting.","commit":"7655d9c","error":"\"knativebrokerttl\" not found"}
{"level":"info","ts":"2019-12-03T21:04:26.179Z","logger":"broker_ingress","caller":"ingress/ingress_handler.go:120","msg":"Error retrieving TTL, defaulting.","commit":"7655d9c","error":"\"knativebrokerttl\" not found"}
{"level":"info","ts":"2019-12-03T21:04:26.179Z","logger":"broker_ingress","caller":"ingress/ingress_handler.go:120","msg":"Error retrieving TTL, defaulting.","commit":"7655d9c","error":"\"knativebrokerttl\" not found"}
{"level":"info","ts":"2019-12-03T21:04:26.179Z","logger":"broker_ingress","caller":"ingress/ingress_handler.go:120","msg":"Error retrieving TTL, defaulting.","commit":"7655d9c","error":"\"knativebrokerttl\" not found"}
{"level":"info","ts":"2019-12-03T21:04:26.180Z","logger":"broker_ingress","caller":"ingress/ingress_handler.go:120","msg":"Error retrieving TTL, defaulting.","commit":"7655d9c","error":"\"knativebrokerttl\" not found"}
{"level":"info","ts":"2019-12-03T21:04:26.182Z","logger":"broker_ingress","caller":"ingress/ingress_handler.go:120","msg":"Error retrieving TTL, defaulting.","commit":"7655d9c","error":"\"knativebrokerttl\" not found"}
{"level":"info","ts":"2019-12-03T21:04:26.187Z","logger":"broker_ingress","caller":"ingress/ingress_handler.go:120","msg":"Error retrieving TTL, defaulting.","commit":"7655d9c","error":"\"knativebrokerttl\" not found"}
{"level":"info","ts":"2019-12-03T21:04:26.187Z","logger":"broker_ingress","caller":"ingress/ingress_handler.go:120","msg":"Error retrieving TTL, defaulting.","commit":"7655d9c","error":"\"knativebrokerttl\" not found"}
{"level":"info","ts":"2019-12-03T21:04:26.188Z","logger":"broker_ingress","caller":"ingress/ingress_handler.go:120","msg":"Error retrieving TTL, defaulting.","commit":"7655d9c","error":"\"knativebrokerttl\" not found"}
{"level":"info","ts":"2019-12-03T21:04:26.188Z","logger":"broker_ingress","caller":"ingress/ingress_handler.go:120","msg":"Error retrieving TTL, defaulting.","commit":"7655d9c","error":"\"knativebrokerttl\" not found"}
{"level":"info","ts":"2019-12-03T21:04:26.188Z","logger":"broker_ingress","caller":"ingress/ingress_handler.go:120","msg":"Error retrieving TTL, defaulting.","commit":"7655d9c","error":"\"knativebrokerttl\" not found"}
{"level":"info","ts":"2019-12-03T21:04:26.189Z","logger":"broker_ingress","caller":"ingress/ingress_handler.go:120","msg":"Error retrieving TTL, defaulting.","commit":"7655d9c","error":"\"knativebrokerttl\" not found"}
{"level":"info","ts":"2019-12-03T21:04:26.189Z","logger":"broker_ingress","caller":"ingress/ingress_handler.go:120","msg":"Error retrieving TTL, defaulting.","commit":"7655d9c","error":"\"knativebrokerttl\" not found"}
{"level":"info","ts":"2019-12-03T21:04:26.192Z","logger":"broker_ingress","caller":"ingress/ingress_handler.go:120","msg":"Error retrieving TTL, defaulting.","commit":"7655d9c","error":"\"knativebrokerttl\" not found"}
{"level":"info","ts":"2019-12-03T21:04:26.192Z","logger":"broker_ingress","caller":"ingress/ingress_handler.go:120","msg":"Error retrieving TTL, defaulting.","commit":"7655d9c","error":"\"knativebrokerttl\" not found"}
{"level":"info","ts":"2019-12-03T21:04:26.192Z","logger":"broker_ingress","caller":"ingress/ingress_handler.go:120","msg":"Error retrieving TTL, defaulting.","commit":"7655d9c","error":"\"knativebrokerttl\" not found"}
{"level":"info","ts":"2019-12-03T21:04:26.193Z","logger":"broker_ingress","caller":"ingress/ingress_handler.go:120","msg":"Error retrieving TTL, defaulting.","commit":"7655d9c","error":"\"knativebrokerttl\" not found"}
{"level":"info","ts":"2019-12-03T21:04:26.195Z","logger":"broker_ingress","caller":"ingress/ingress_handler.go:120","msg":"Error retrieving TTL, defaulting.","commit":"7655d9c","error":"\"knativebrokerttl\" not found"}
{"level":"info","ts":"2019-12-03T21:04:26.196Z","logger":"broker_ingress","caller":"ingress/ingress_handler.go:120","msg":"Error retrieving TTL, defaulting.","commit":"7655d9c","error":"\"knativebrokerttl\" not found"}
{"level":"info","ts":"2019-12-03T21:04:26.196Z","logger":"broker_ingress","caller":"ingress/ingress_handler.go:120","msg":"Error retrieving TTL, defaulting.","commit":"7655d9c","error":"\"knativebrokerttl\" not found"}
{"level":"info","ts":"2019-12-03T21:04:26.198Z","logger":"broker_ingress","caller":"ingress/ingress_handler.go:120","msg":"Error retrieving TTL, defaulting.","commit":"7655d9c","error":"\"knativebrokerttl\" not found"}
{"level":"info","ts":"2019-12-03T21:04:26.198Z","logger":"broker_ingress","caller":"ingress/ingress_handler.go:120","msg":"Error retrieving TTL, defaulting.","commit":"7655d9c","error":"\"knativebrokerttl\" not found"}
{"level":"info","ts":"2019-12-03T21:04:26.199Z","logger":"broker_ingress","caller":"ingress/ingress_handler.go:120","msg":"Error retrieving TTL, defaulting.","commit":"7655d9c","error":"\"knativebrokerttl\" not found"}
{"level":"info","ts":"2019-12-03T21:04:26.201Z","logger":"broker_ingress","caller":"ingress/ingress_handler.go:120","msg":"Error retrieving TTL, defaulting.","commit":"7655d9c","error":"\"knativebrokerttl\" not found"}
{"level":"info","ts":"2019-12-03T21:04:26.201Z","logger":"broker_ingress","caller":"ingress/ingress_handler.go:120","msg":"Error retrieving TTL, defaulting.","commit":"7655d9c","error":"\"knativebrokerttl\" not found"}
{"level":"info","ts":"2019-12-03T21:04:26.202Z","logger":"broker_ingress","caller":"ingress/ingress_handler.go:120","msg":"Error retrieving TTL, defaulting.","commit":"7655d9c","error":"\"knativebrokerttl\" not found"}
{"level":"info","ts":"2019-12-03T21:04:26.202Z","logger":"broker_ingress","caller":"ingress/ingress_handler.go:120","msg":"Error retrieving TTL, defaulting.","commit":"7655d9c","error":"\"knativebrokerttl\" not found"}
{"level":"info","ts":"2019-12-03T21:04:26.203Z","logger":"broker_ingress","caller":"ingress/ingress_handler.go:120","msg":"Error retrieving TTL, defaulting.","commit":"7655d9c","error":"\"knativebrokerttl\" not found"}
{"level":"info","ts":"2019-12-03T21:04:26.203Z","logger":"broker_ingress","caller":"ingress/ingress_handler.go:120","msg":"Error retrieving TTL, defaulting.","commit":"7655d9c","error":"\"knativebrokerttl\" not found"}
{"level":"info","ts":"2019-12-03T21:04:26.203Z","logger":"broker_ingress","caller":"ingress/ingress_handler.go:120","msg":"Error retrieving TTL, defaulting.","commit":"7655d9c","error":"\"knativebrokerttl\" not found"}
{"level":"info","ts":"2019-12-03T21:04:26.214Z","logger":"broker_ingress","caller":"ingress/ingress_handler.go:120","msg":"Error retrieving TTL, defaulting.","commit":"7655d9c","error":"\"knativebrokerttl\" not found"}
{"level":"info","ts":"2019-12-03T21:04:26.203Z","logger":"broker_ingress","caller":"ingress/ingress_handler.go:120","msg":"Error retrieving TTL, defaulting.","commit":"7655d9c","error":"\"knativebrokerttl\" not found"}
{"level":"info","ts":"2019-12-03T21:04:26.218Z","logger":"broker_ingress","caller":"ingress/ingress_handler.go:120","msg":"Error retrieving TTL, defaulting.","commit":"7655d9c","error":"\"knativebrokerttl\" not found"}
{"level":"info","ts":"2019-12-03T21:04:26.218Z","logger":"broker_ingress","caller":"ingress/ingress_handler.go:120","msg":"Error retrieving TTL, defaulting.","commit":"7655d9c","error":"\"knativebrokerttl\" not found"}
{"level":"info","ts":"2019-12-03T21:04:26.219Z","logger":"broker_ingress","caller":"ingress/ingress_handler.go:120","msg":"Error retrieving TTL, defaulting.","commit":"7655d9c","error":"\"knativebrokerttl\" not found"}
{"level":"info","ts":"2019-12-03T21:04:26.227Z","logger":"broker_ingress","caller":"ingress/ingress_handler.go:120","msg":"Error retrieving TTL, defaulting.","commit":"7655d9c","error":"\"knativebrokerttl\" not found"}
{"level":"info","ts":"2019-12-03T21:04:26.227Z","logger":"broker_ingress","caller":"ingress/ingress_handler.go:120","msg":"Error retrieving TTL, defaulting.","commit":"7655d9c","error":"\"knativebrokerttl\" not found"}
{"level":"info","ts":"2019-12-03T21:04:26.227Z","logger":"broker_ingress","caller":"ingress/ingress_handler.go:120","msg":"Error retrieving TTL, defaulting.","commit":"7655d9c","error":"\"knativebrokerttl\" not found"}
{"level":"info","ts":"2019-12-03T21:04:26.231Z","logger":"broker_ingress","caller":"ingress/ingress_handler.go:120","msg":"Error retrieving TTL, defaulting.","commit":"7655d9c","error":"\"knativebrokerttl\" not found"}
{"level":"info","ts":"2019-12-03T21:04:26.231Z","logger":"broker_ingress","caller":"ingress/ingress_handler.go:120","msg":"Error retrieving TTL, defaulting.","commit":"7655d9c","error":"\"knativebrokerttl\" not found"}
{"level":"info","ts":"2019-12-03T21:04:26.232Z","logger":"broker_ingress","caller":"ingress/ingress_handler.go:120","msg":"Error retrieving TTL, defaulting.","commit":"7655d9c","error":"\"knativebrokerttl\" not found"}
{"level":"info","ts":"2019-12-03T21:04:26.232Z","logger":"broker_ingress","caller":"ingress/ingress_handler.go:120","msg":"Error retrieving TTL, defaulting.","commit":"7655d9c","error":"\"knativebrokerttl\" not found"}
{"level":"info","ts":"2019-12-03T21:04:26.232Z","logger":"broker_ingress","caller":"ingress/ingress_handler.go:120","msg":"Error retrieving TTL, defaulting.","commit":"7655d9c","error":"\"knativebrokerttl\" not found"}
{"level":"info","ts":"2019-12-03T21:04:26.232Z","logger":"broker_ingress","caller":"ingress/ingress_handler.go:120","msg":"Error retrieving TTL, defaulting.","commit":"7655d9c","error":"\"knativebrokerttl\" not found"}
{"level":"info","ts":"2019-12-03T21:04:26.232Z","logger":"broker_ingress","caller":"ingress/ingress_handler.go:120","msg":"Error retrieving TTL, defaulting.","commit":"7655d9c","error":"\"knativebrokerttl\" not found"}
{"level":"info","ts":"2019-12-03T21:04:26.232Z","logger":"broker_ingress","caller":"ingress/ingress_handler.go:120","msg":"Error retrieving TTL, defaulting.","commit":"7655d9c","error":"\"knativebrokerttl\" not found"}
{"level":"info","ts":"2019-12-03T21:04:26.232Z","logger":"broker_ingress","caller":"ingress/ingress_handler.go:120","msg":"Error retrieving TTL, defaulting.","commit":"7655d9c","error":"\"knativebrokerttl\" not found"}
{"level":"info","ts":"2019-12-03T21:04:26.234Z","logger":"broker_ingress","caller":"ingress/ingress_handler.go:120","msg":"Error retrieving TTL, defaulting.","commit":"7655d9c","error":"\"knativebrokerttl\" not found"}
{"level":"info","ts":"2019-12-03T21:04:26.234Z","logger":"broker_ingress","caller":"ingress/ingress_handler.go:120","msg":"Error retrieving TTL, defaulting.","commit":"7655d9c","error":"\"knativebrokerttl\" not found"}
{"level":"info","ts":"2019-12-03T21:04:26.234Z","logger":"broker_ingress","caller":"ingress/ingress_handler.go:120","msg":"Error retrieving TTL, defaulting.","commit":"7655d9c","error":"\"knativebrokerttl\" not found"}
{"level":"info","ts":"2019-12-03T21:04:26.234Z","logger":"broker_ingress","caller":"ingress/ingress_handler.go:120","msg":"Error retrieving TTL, defaulting.","commit":"7655d9c","error":"\"knativebrokerttl\" not found"}
{"level":"info","ts":"2019-12-03T21:04:26.235Z","logger":"broker_ingress","caller":"ingress/ingress_handler.go:120","msg":"Error retrieving TTL, defaulting.","commit":"7655d9c","error":"\"knativebrokerttl\" not found"}
{"level":"info","ts":"2019-12-03T21:04:26.235Z","logger":"broker_ingress","caller":"ingress/ingress_handler.go:120","msg":"Error retrieving TTL, defaulting.","commit":"7655d9c","error":"\"knativebrokerttl\" not found"}
{"level":"info","ts":"2019-12-03T21:04:26.235Z","logger":"broker_ingress","caller":"ingress/ingress_handler.go:120","msg":"Error retrieving TTL, defaulting.","commit":"7655d9c","error":"\"knativebrokerttl\" not found"}
{"level":"info","ts":"2019-12-03T21:04:26.235Z","logger":"broker_ingress","caller":"ingress/ingress_handler.go:120","msg":"Error retrieving TTL, defaulting.","commit":"7655d9c","error":"\"knativebrokerttl\" not found"}
{"level":"info","ts":"2019-12-03T21:04:26.235Z","logger":"broker_ingress","caller":"ingress/ingress_handler.go:120","msg":"Error retrieving TTL, defaulting.","commit":"7655d9c","error":"\"knativebrokerttl\" not found"}
{"level":"info","ts":"2019-12-03T21:04:26.235Z","logger":"broker_ingress","caller":"ingress/ingress_handler.go:120","msg":"Error retrieving TTL, defaulting.","commit":"7655d9c","error":"\"knativebrokerttl\" not found"}
{"level":"info","ts":"2019-12-03T21:04:26.246Z","logger":"broker_ingress","caller":"ingress/ingress_handler.go:120","msg":"Error retrieving TTL, defaulting.","commit":"7655d9c","error":"\"knativebrokerttl\" not found"}
{"level":"info","ts":"2019-12-03T21:04:26.246Z","logger":"broker_ingress","caller":"ingress/ingress_handler.go:120","msg":"Error retrieving TTL, defaulting.","commit":"7655d9c","error":"\"knativebrokerttl\" not found"}
{"level":"info","ts":"2019-12-03T21:04:26.246Z","logger":"broker_ingress","caller":"ingress/ingress_handler.go:120","msg":"Error retrieving TTL, defaulting.","commit":"7655d9c","error":"\"knativebrokerttl\" not found"}
{"level":"info","ts":"2019-12-03T21:04:26.247Z","logger":"broker_ingress","caller":"ingress/ingress_handler.go:120","msg":"Error retrieving TTL, defaulting.","commit":"7655d9c","error":"\"knativebrokerttl\" not found"}
{"level":"info","ts":"2019-12-03T21:04:26.247Z","logger":"broker_ingress","caller":"ingress/ingress_handler.go:120","msg":"Error retrieving TTL, defaulting.","commit":"7655d9c","error":"\"knativebrokerttl\" not found"}
{"level":"info","ts":"2019-12-03T21:04:26.247Z","logger":"broker_ingress","caller":"ingress/ingress_handler.go:120","msg":"Error retrieving TTL, defaulting.","commit":"7655d9c","error":"\"knativebrokerttl\" not found"}
{"level":"info","ts":"2019-12-03T21:04:26.247Z","logger":"broker_ingress","caller":"ingress/ingress_handler.go:120","msg":"Error retrieving TTL, defaulting.","commit":"7655d9c","error":"\"knativebrokerttl\" not found"}
{"level":"info","ts":"2019-12-03T21:04:26.247Z","logger":"broker_ingress","caller":"ingress/ingress_handler.go:120","msg":"Error retrieving TTL, defaulting.","commit":"7655d9c","error":"\"knativebrokerttl\" not found"}
{"level":"info","ts":"2019-12-03T21:04:26.248Z","logger":"broker_ingress","caller":"ingress/ingress_handler.go:120","msg":"Error retrieving TTL, defaulting.","commit":"7655d9c","error":"\"knativebrokerttl\" not found"}
{"level":"info","ts":"2019-12-03T21:04:26.255Z","logger":"broker_ingress","caller":"ingress/ingress_handler.go:120","msg":"Error retrieving TTL, defaulting.","commit":"7655d9c","error":"\"knativebrokerttl\" not found"}
{"level":"info","ts":"2019-12-03T21:04:26.256Z","logger":"broker_ingress","caller":"ingress/ingress_handler.go:120","msg":"Error retrieving TTL, defaulting.","commit":"7655d9c","error":"\"knativebrokerttl\" not found"}
{"level":"info","ts":"2019-12-03T21:04:26.256Z","logger":"broker_ingress","caller":"ingress/ingress_handler.go:120","msg":"Error retrieving TTL, defaulting.","commit":"7655d9c","error":"\"knativebrokerttl\" not found"}
{"level":"info","ts":"2019-12-03T21:04:26.256Z","logger":"broker_ingress","caller":"ingress/ingress_handler.go:120","msg":"Error retrieving TTL, defaulting.","commit":"7655d9c","error":"\"knativebrokerttl\" not found"}
{"level":"info","ts":"2019-12-03T21:04:26.256Z","logger":"broker_ingress","caller":"ingress/ingress_handler.go:120","msg":"Error retrieving TTL, defaulting.","commit":"7655d9c","error":"\"knativebrokerttl\" not found"}
{"level":"info","ts":"2019-12-03T21:04:26.256Z","logger":"broker_ingress","caller":"ingress/ingress_handler.go:120","msg":"Error retrieving TTL, defaulting.","commit":"7655d9c","error":"\"knativebrokerttl\" not found"}
{"level":"info","ts":"2019-12-03T21:04:26.256Z","logger":"broker_ingress","caller":"ingress/ingress_handler.go:120","msg":"Error retrieving TTL, defaulting.","commit":"7655d9c","error":"\"knativebrokerttl\" not found"}
{"level":"info","ts":"2019-12-03T21:04:26.256Z","logger":"broker_ingress","caller":"ingress/ingress_handler.go:120","msg":"Error retrieving TTL, defaulting.","commit":"7655d9c","error":"\"knativebrokerttl\" not found"}
{"level":"info","ts":"2019-12-03T21:04:26.257Z","logger":"broker_ingress","caller":"ingress/ingress_handler.go:120","msg":"Error retrieving TTL, defaulting.","commit":"7655d9c","error":"\"knativebrokerttl\" not found"}
{"level":"info","ts":"2019-12-03T21:04:26.260Z","logger":"broker_ingress","caller":"ingress/ingress_handler.go:120","msg":"Error retrieving TTL, defaulting.","commit":"7655d9c","error":"\"knativebrokerttl\" not found"}
{"level":"info","ts":"2019-12-03T21:04:26.260Z","logger":"broker_ingress","caller":"ingress/ingress_handler.go:120","msg":"Error retrieving TTL, defaulting.","commit":"7655d9c","error":"\"knativebrokerttl\" not found"}
{"level":"info","ts":"2019-12-03T21:04:26.236Z","logger":"broker_ingress","caller":"ingress/ingress_handler.go:120","msg":"Error retrieving TTL, defaulting.","commit":"7655d9c","error":"\"knativebrokerttl\" not found"}
{"level":"info","ts":"2019-12-03T21:04:26.260Z","logger":"broker_ingress","caller":"ingress/ingress_handler.go:120","msg":"Error retrieving TTL, defaulting.","commit":"7655d9c","error":"\"knativebrokerttl\" not found"}
{"level":"info","ts":"2019-12-03T21:04:26.260Z","logger":"broker_ingress","caller":"ingress/ingress_handler.go:120","msg":"Error retrieving TTL, defaulting.","commit":"7655d9c","error":"\"knativebrokerttl\" not found"}
{"level":"info","ts":"2019-12-03T21:04:26.266Z","logger":"broker_ingress","caller":"ingress/ingress_handler.go:120","msg":"Error retrieving TTL, defaulting.","commit":"7655d9c","error":"\"knativebrokerttl\" not found"}
{"level":"info","ts":"2019-12-03T21:04:26.261Z","logger":"broker_ingress","caller":"ingress/ingress_handler.go:120","msg":"Error retrieving TTL, defaulting.","commit":"7655d9c","error":"\"knativebrokerttl\" not found"}
{"level":"info","ts":"2019-12-03T21:04:26.266Z","logger":"broker_ingress","caller":"ingress/ingress_handler.go:120","msg":"Error retrieving TTL, defaulting.","commit":"7655d9c","error":"\"knativebrokerttl\" not found"}
{"level":"info","ts":"2019-12-03T21:04:26.266Z","logger":"broker_ingress","caller":"ingress/ingress_handler.go:120","msg":"Error retrieving TTL, defaulting.","commit":"7655d9c","error":"\"knativebrokerttl\" not found"}
{"level":"info","ts":"2019-12-03T21:04:26.266Z","logger":"broker_ingress","caller":"ingress/ingress_handler.go:120","msg":"Error retrieving TTL, defaulting.","commit":"7655d9c","error":"\"knativebrokerttl\" not found"}
{"level":"info","ts":"2019-12-03T21:04:26.269Z","logger":"broker_ingress","caller":"ingress/ingress_handler.go:120","msg":"Error retrieving TTL, defaulting.","commit":"7655d9c","error":"\"knativebrokerttl\" not found"}
{"level":"info","ts":"2019-12-03T21:04:26.269Z","logger":"broker_ingress","caller":"ingress/ingress_handler.go:120","msg":"Error retrieving TTL, defaulting.","commit":"7655d9c","error":"\"knativebrokerttl\" not found"}
{"level":"info","ts":"2019-12-03T21:04:26.270Z","logger":"broker_ingress","caller":"ingress/ingress_handler.go:120","msg":"Error retrieving TTL, defaulting.","commit":"7655d9c","error":"\"knativebrokerttl\" not found"}
{"level":"info","ts":"2019-12-03T21:04:26.271Z","logger":"broker_ingress","caller":"ingress/ingress_handler.go:120","msg":"Error retrieving TTL, defaulting.","commit":"7655d9c","error":"\"knativebrokerttl\" not found"}
{"level":"info","ts":"2019-12-03T21:04:26.271Z","logger":"broker_ingress","caller":"ingress/ingress_handler.go:120","msg":"Error retrieving TTL, defaulting.","commit":"7655d9c","error":"\"knativebrokerttl\" not found"}
{"level":"info","ts":"2019-12-03T21:04:26.271Z","logger":"broker_ingress","caller":"ingress/ingress_handler.go:120","msg":"Error retrieving TTL, defaulting.","commit":"7655d9c","error":"\"knativebrokerttl\" not found"}
{"level":"info","ts":"2019-12-03T21:04:26.272Z","logger":"broker_ingress","caller":"ingress/ingress_handler.go:120","msg":"Error retrieving TTL, defaulting.","commit":"7655d9c","error":"\"knativebrokerttl\" not found"}
{"level":"info","ts":"2019-12-03T21:04:26.272Z","logger":"broker_ingress","caller":"ingress/ingress_handler.go:120","msg":"Error retrieving TTL, defaulting.","commit":"7655d9c","error":"\"knativebrokerttl\" not found"}
{"level":"info","ts":"2019-12-03T21:04:26.272Z","logger":"broker_ingress","caller":"ingress/ingress_handler.go:120","msg":"Error retrieving TTL, defaulting.","commit":"7655d9c","error":"\"knativebrokerttl\" not found"}
{"level":"info","ts":"2019-12-03T21:04:26.272Z","logger":"broker_ingress","caller":"ingress/ingress_handler.go:120","msg":"Error retrieving TTL, defaulting.","commit":"7655d9c","error":"\"knativebrokerttl\" not found"}
{"level":"info","ts":"2019-12-03T21:04:26.272Z","logger":"broker_ingress","caller":"ingress/ingress_handler.go:120","msg":"Error retrieving TTL, defaulting.","commit":"7655d9c","error":"\"knativebrokerttl\" not found"}
{"level":"info","ts":"2019-12-03T21:04:26.273Z","logger":"broker_ingress","caller":"ingress/ingress_handler.go:120","msg":"Error retrieving TTL, defaulting.","commit":"7655d9c","error":"\"knativebrokerttl\" not found"}
{"level":"info","ts":"2019-12-03T21:04:26.273Z","logger":"broker_ingress","caller":"ingress/ingress_handler.go:120","msg":"Error retrieving TTL, defaulting.","commit":"7655d9c","error":"\"knativebrokerttl\" not found"}
{"level":"info","ts":"2019-12-03T21:04:26.273Z","logger":"broker_ingress","caller":"ingress/ingress_handler.go:120","msg":"Error retrieving TTL, defaulting.","commit":"7655d9c","error":"\"knativebrokerttl\" not found"}
{"level":"info","ts":"2019-12-03T21:04:26.273Z","logger":"broker_ingress","caller":"ingress/ingress_handler.go:120","msg":"Error retrieving TTL, defaulting.","commit":"7655d9c","error":"\"knativebrokerttl\" not found"}
{"level":"info","ts":"2019-12-03T21:04:26.274Z","logger":"broker_ingress","caller":"ingress/ingress_handler.go:120","msg":"Error retrieving TTL, defaulting.","commit":"7655d9c","error":"\"knativebrokerttl\" not found"}
{"level":"info","ts":"2019-12-03T21:04:26.277Z","logger":"broker_ingress","caller":"ingress/ingress_handler.go:120","msg":"Error retrieving TTL, defaulting.","commit":"7655d9c","error":"\"knativebrokerttl\" not found"}
{"level":"info","ts":"2019-12-03T21:04:26.278Z","logger":"broker_ingress","caller":"ingress/ingress_handler.go:120","msg":"Error retrieving TTL, defaulting.","commit":"7655d9c","error":"\"knativebrokerttl\" not found"}
{"level":"info","ts":"2019-12-03T21:04:26.278Z","logger":"broker_ingress","caller":"ingress/ingress_handler.go:120","msg":"Error retrieving TTL, defaulting.","commit":"7655d9c","error":"\"knativebrokerttl\" not found"}
{"level":"info","ts":"2019-12-03T21:04:26.278Z","logger":"broker_ingress","caller":"ingress/ingress_handler.go:120","msg":"Error retrieving TTL, defaulting.","commit":"7655d9c","error":"\"knativebrokerttl\" not found"}
{"level":"info","ts":"2019-12-03T21:04:26.278Z","logger":"broker_ingress","caller":"ingress/ingress_handler.go:120","msg":"Error retrieving TTL, defaulting.","commit":"7655d9c","error":"\"knativebrokerttl\" not found"}
{"level":"info","ts":"2019-12-03T21:04:26.278Z","logger":"broker_ingress","caller":"ingress/ingress_handler.go:120","msg":"Error retrieving TTL, defaulting.","commit":"7655d9c","error":"\"knativebrokerttl\" not found"}
{"level":"info","ts":"2019-12-03T21:04:26.278Z","logger":"broker_ingress","caller":"ingress/ingress_handler.go:120","msg":"Error retrieving TTL, defaulting.","commit":"7655d9c","error":"\"knativebrokerttl\" not found"}
{"level":"info","ts":"2019-12-03T21:04:26.279Z","logger":"broker_ingress","caller":"ingress/ingress_handler.go:120","msg":"Error retrieving TTL, defaulting.","commit":"7655d9c","error":"\"knativebrokerttl\" not found"}
{"level":"info","ts":"2019-12-03T21:04:26.279Z","logger":"broker_ingress","caller":"ingress/ingress_handler.go:120","msg":"Error retrieving TTL, defaulting.","commit":"7655d9c","error":"\"knativebrokerttl\" not found"}
{"level":"info","ts":"2019-12-03T21:04:26.279Z","logger":"broker_ingress","caller":"ingress/ingress_handler.go:120","msg":"Error retrieving TTL, defaulting.","commit":"7655d9c","error":"\"knativebrokerttl\" not found"}
{"level":"info","ts":"2019-12-03T21:04:26.279Z","logger":"broker_ingress","caller":"ingress/ingress_handler.go:120","msg":"Error retrieving TTL, defaulting.","commit":"7655d9c","error":"\"knativebrokerttl\" not found"}
{"level":"info","ts":"2019-12-03T21:04:26.279Z","logger":"broker_ingress","caller":"ingress/ingress_handler.go:120","msg":"Error retrieving TTL, defaulting.","commit":"7655d9c","error":"\"knativebrokerttl\" not found"}
{"level":"info","ts":"2019-12-03T21:04:26.279Z","logger":"broker_ingress","caller":"ingress/ingress_handler.go:120","msg":"Error retrieving TTL, defaulting.","commit":"7655d9c","error":"\"knativebrokerttl\" not found"}
{"level":"info","ts":"2019-12-03T21:04:26.280Z","logger":"broker_ingress","caller":"ingress/ingress_handler.go:120","msg":"Error retrieving TTL, defaulting.","commit":"7655d9c","error":"\"knativebrokerttl\" not found"}
{"level":"info","ts":"2019-12-03T21:04:26.280Z","logger":"broker_ingress","caller":"ingress/ingress_handler.go:120","msg":"Error retrieving TTL, defaulting.","commit":"7655d9c","error":"\"knativebrokerttl\" not found"}
{"level":"info","ts":"2019-12-03T21:04:26.289Z","logger":"broker_ingress","caller":"ingress/ingress_handler.go:120","msg":"Error retrieving TTL, defaulting.","commit":"7655d9c","error":"\"knativebrokerttl\" not found"}
{"level":"info","ts":"2019-12-03T21:04:26.289Z","logger":"broker_ingress","caller":"ingress/ingress_handler.go:120","msg":"Error retrieving TTL, defaulting.","commit":"7655d9c","error":"\"knativebrokerttl\" not found"}
{"level":"info","ts":"2019-12-03T21:04:26.289Z","logger":"broker_ingress","caller":"ingress/ingress_handler.go:120","msg":"Error retrieving TTL, defaulting.","commit":"7655d9c","error":"\"knativebrokerttl\" not found"}
{"level":"info","ts":"2019-12-03T21:04:26.290Z","logger":"broker_ingress","caller":"ingress/ingress_handler.go:120","msg":"Error retrieving TTL, defaulting.","commit":"7655d9c","error":"\"knativebrokerttl\" not found"}
{"level":"info","ts":"2019-12-03T21:04:26.294Z","logger":"broker_ingress","caller":"ingress/ingress_handler.go:120","msg":"Error retrieving TTL, defaulting.","commit":"7655d9c","error":"\"knativebrokerttl\" not found"}
{"level":"info","ts":"2019-12-03T21:04:26.294Z","logger":"broker_ingress","caller":"ingress/ingress_handler.go:120","msg":"Error retrieving TTL, defaulting.","commit":"7655d9c","error":"\"knativebrokerttl\" not found"}
{"level":"info","ts":"2019-12-03T21:04:26.295Z","logger":"broker_ingress","caller":"ingress/ingress_handler.go:120","msg":"Error retrieving TTL, defaulting.","commit":"7655d9c","error":"\"knativebrokerttl\" not found"}
{"level":"info","ts":"2019-12-03T21:04:26.295Z","logger":"broker_ingress","caller":"ingress/ingress_handler.go:120","msg":"Error retrieving TTL, defaulting.","commit":"7655d9c","error":"\"knativebrokerttl\" not found"}
{"level":"info","ts":"2019-12-03T21:04:26.295Z","logger":"broker_ingress","caller":"ingress/ingress_handler.go:120","msg":"Error retrieving TTL, defaulting.","commit":"7655d9c","error":"\"knativebrokerttl\" not found"}
{"level":"info","ts":"2019-12-03T21:04:26.295Z","logger":"broker_ingress","caller":"ingress/ingress_handler.go:120","msg":"Error retrieving TTL, defaulting.","commit":"7655d9c","error":"\"knativebrokerttl\" not found"}
{"level":"info","ts":"2019-12-03T21:04:26.296Z","logger":"broker_ingress","caller":"ingress/ingress_handler.go:120","msg":"Error retrieving TTL, defaulting.","commit":"7655d9c","error":"\"knativebrokerttl\" not found"}
{"level":"info","ts":"2019-12-03T21:04:26.296Z","logger":"broker_ingress","caller":"ingress/ingress_handler.go:120","msg":"Error retrieving TTL, defaulting.","commit":"7655d9c","error":"\"knativebrokerttl\" not found"}
{"level":"info","ts":"2019-12-03T21:04:26.296Z","logger":"broker_ingress","caller":"ingress/ingress_handler.go:120","msg":"Error retrieving TTL, defaulting.","commit":"7655d9c","error":"\"knativebrokerttl\" not found"}
{"level":"info","ts":"2019-12-03T21:04:26.297Z","logger":"broker_ingress","caller":"ingress/ingress_handler.go:120","msg":"Error retrieving TTL, defaulting.","commit":"7655d9c","error":"\"knativebrokerttl\" not found"}
{"level":"info","ts":"2019-12-03T21:04:26.297Z","logger":"broker_ingress","caller":"ingress/ingress_handler.go:120","msg":"Error retrieving TTL, defaulting.","commit":"7655d9c","error":"\"knativebrokerttl\" not found"}
{"level":"info","ts":"2019-12-03T21:04:26.299Z","logger":"broker_ingress","caller":"ingress/ingress_handler.go:120","msg":"Error retrieving TTL, defaulting.","commit":"7655d9c","error":"\"knativebrokerttl\" not found"}
{"level":"info","ts":"2019-12-03T21:04:26.299Z","logger":"broker_ingress","caller":"ingress/ingress_handler.go:120","msg":"Error retrieving TTL, defaulting.","commit":"7655d9c","error":"\"knativebrokerttl\" not found"}
{"level":"info","ts":"2019-12-03T21:04:26.300Z","logger":"broker_ingress","caller":"ingress/ingress_handler.go:120","msg":"Error retrieving TTL, defaulting.","commit":"7655d9c","error":"\"knativebrokerttl\" not found"}
{"level":"info","ts":"2019-12-03T21:04:26.300Z","logger":"broker_ingress","caller":"ingress/ingress_handler.go:120","msg":"Error retrieving TTL, defaulting.","commit":"7655d9c","error":"\"knativebrokerttl\" not found"}
{"level":"info","ts":"2019-12-03T21:04:26.300Z","logger":"broker_ingress","caller":"ingress/ingress_handler.go:120","msg":"Error retrieving TTL, defaulting.","commit":"7655d9c","error":"\"knativebrokerttl\" not found"}
{"level":"info","ts":"2019-12-03T21:04:26.301Z","logger":"broker_ingress","caller":"ingress/ingress_handler.go:120","msg":"Error retrieving TTL, defaulting.","commit":"7655d9c","error":"\"knativebrokerttl\" not found"}
{"level":"info","ts":"2019-12-03T21:04:26.302Z","logger":"broker_ingress","caller":"ingress/ingress_handler.go:120","msg":"Error retrieving TTL, defaulting.","commit":"7655d9c","error":"\"knativebrokerttl\" not found"}
{"level":"info","ts":"2019-12-03T21:04:26.302Z","logger":"broker_ingress","caller":"ingress/ingress_handler.go:120","msg":"Error retrieving TTL, defaulting.","commit":"7655d9c","error":"\"knativebrokerttl\" not found"}
{"level":"info","ts":"2019-12-03T21:04:26.302Z","logger":"broker_ingress","caller":"ingress/ingress_handler.go:120","msg":"Error retrieving TTL, defaulting.","commit":"7655d9c","error":"\"knativebrokerttl\" not found"}
{"level":"info","ts":"2019-12-03T21:04:26.303Z","logger":"broker_ingress","caller":"ingress/ingress_handler.go:120","msg":"Error retrieving TTL, defaulting.","commit":"7655d9c","error":"\"knativebrokerttl\" not found"}
{"level":"info","ts":"2019-12-03T21:04:26.305Z","logger":"broker_ingress","caller":"ingress/ingress_handler.go:120","msg":"Error retrieving TTL, defaulting.","commit":"7655d9c","error":"\"knativebrokerttl\" not found"}
{"level":"info","ts":"2019-12-03T21:04:26.305Z","logger":"broker_ingress","caller":"ingress/ingress_handler.go:120","msg":"Error retrieving TTL, defaulting.","commit":"7655d9c","error":"\"knativebrokerttl\" not found"}
{"level":"info","ts":"2019-12-03T21:04:26.305Z","logger":"broker_ingress","caller":"ingress/ingress_handler.go:120","msg":"Error retrieving TTL, defaulting.","commit":"7655d9c","error":"\"knativebrokerttl\" not found"}
{"level":"info","ts":"2019-12-03T21:04:26.306Z","logger":"broker_ingress","caller":"ingress/ingress_handler.go:120","msg":"Error retrieving TTL, defaulting.","commit":"7655d9c","error":"\"knativebrokerttl\" not found"}
{"level":"info","ts":"2019-12-03T21:04:26.307Z","logger":"broker_ingress","caller":"ingress/ingress_handler.go:120","msg":"Error retrieving TTL, defaulting.","commit":"7655d9c","error":"\"knativebrokerttl\" not found"}
{"level":"info","ts":"2019-12-03T21:04:26.308Z","logger":"broker_ingress","caller":"ingress/ingress_handler.go:120","msg":"Error retrieving TTL, defaulting.","commit":"7655d9c","error":"\"knativebrokerttl\" not found"}
{"level":"info","ts":"2019-12-03T21:04:26.309Z","logger":"broker_ingress","caller":"ingress/ingress_handler.go:120","msg":"Error retrieving TTL, defaulting.","commit":"7655d9c","error":"\"knativebrokerttl\" not found"}
{"level":"info","ts":"2019-12-03T21:04:26.313Z","logger":"broker_ingress","caller":"ingress/ingress_handler.go:120","msg":"Error retrieving TTL, defaulting.","commit":"7655d9c","error":"\"knativebrokerttl\" not found"}
{"level":"info","ts":"2019-12-03T21:04:26.316Z","logger":"broker_ingress","caller":"ingress/ingress_handler.go:120","msg":"Error retrieving TTL, defaulting.","commit":"7655d9c","error":"\"knativebrokerttl\" not found"}
{"level":"info","ts":"2019-12-03T21:04:26.317Z","logger":"broker_ingress","caller":"ingress/ingress_handler.go:120","msg":"Error retrieving TTL, defaulting.","commit":"7655d9c","error":"\"knativebrokerttl\" not found"}
{"level":"info","ts":"2019-12-03T21:04:26.335Z","logger":"broker_ingress","caller":"ingress/ingress_handler.go:120","msg":"Error retrieving TTL, defaulting.","commit":"7655d9c","error":"\"knativebrokerttl\" not found"}
{"level":"info","ts":"2019-12-03T21:04:26.335Z","logger":"broker_ingress","caller":"ingress/ingress_handler.go:120","msg":"Error retrieving TTL, defaulting.","commit":"7655d9c","error":"\"knativebrokerttl\" not found"}
{"level":"info","ts":"2019-12-03T21:04:26.338Z","logger":"broker_ingress","caller":"ingress/ingress_handler.go:120","msg":"Error retrieving TTL, defaulting.","commit":"7655d9c","error":"\"knativebrokerttl\" not found"}
{"level":"info","ts":"2019-12-03T21:04:26.334Z","logger":"broker_ingress","caller":"ingress/ingress_handler.go:120","msg":"Error retrieving TTL, defaulting.","commit":"7655d9c","error":"\"knativebrokerttl\" not found"}
{"level":"info","ts":"2019-12-03T21:04:26.338Z","logger":"broker_ingress","caller":"ingress/ingress_handler.go:120","msg":"Error retrieving TTL, defaulting.","commit":"7655d9c","error":"\"knativebrokerttl\" not found"}
{"level":"info","ts":"2019-12-03T21:04:26.339Z","logger":"broker_ingress","caller":"ingress/ingress_handler.go:120","msg":"Error retrieving TTL, defaulting.","commit":"7655d9c","error":"\"knativebrokerttl\" not found"}
{"level":"info","ts":"2019-12-03T21:04:26.339Z","logger":"broker_ingress","caller":"ingress/ingress_handler.go:120","msg":"Error retrieving TTL, defaulting.","commit":"7655d9c","error":"\"knativebrokerttl\" not found"}
{"level":"info","ts":"2019-12-03T21:04:26.339Z","logger":"broker_ingress","caller":"ingress/ingress_handler.go:120","msg":"Error retrieving TTL, defaulting.","commit":"7655d9c","error":"\"knativebrokerttl\" not found"}
{"level":"info","ts":"2019-12-03T21:04:26.339Z","logger":"broker_ingress","caller":"ingress/ingress_handler.go:120","msg":"Error retrieving TTL, defaulting.","commit":"7655d9c","error":"\"knativebrokerttl\" not found"}
{"level":"info","ts":"2019-12-03T21:04:26.340Z","logger":"broker_ingress","caller":"ingress/ingress_handler.go:120","msg":"Error retrieving TTL, defaulting.","commit":"7655d9c","error":"\"knativebrokerttl\" not found"}
{"level":"info","ts":"2019-12-03T21:04:26.340Z","logger":"broker_ingress","caller":"ingress/ingress_handler.go:120","msg":"Error retrieving TTL, defaulting.","commit":"7655d9c","error":"\"knativebrokerttl\" not found"}
{"level":"info","ts":"2019-12-03T21:04:26.341Z","logger":"broker_ingress","caller":"ingress/ingress_handler.go:120","msg":"Error retrieving TTL, defaulting.","commit":"7655d9c","error":"\"knativebrokerttl\" not found"}
{"level":"info","ts":"2019-12-03T21:04:26.341Z","logger":"broker_ingress","caller":"ingress/ingress_handler.go:120","msg":"Error retrieving TTL, defaulting.","commit":"7655d9c","error":"\"knativebrokerttl\" not found"}
{"level":"info","ts":"2019-12-03T21:04:26.343Z","logger":"broker_ingress","caller":"ingress/ingress_handler.go:120","msg":"Error retrieving TTL, defaulting.","commit":"7655d9c","error":"\"knativebrokerttl\" not found"}
{"level":"info","ts":"2019-12-03T21:04:26.343Z","logger":"broker_ingress","caller":"ingress/ingress_handler.go:120","msg":"Error retrieving TTL, defaulting.","commit":"7655d9c","error":"\"knativebrokerttl\" not found"}
{"level":"info","ts":"2019-12-03T21:04:26.343Z","logger":"broker_ingress","caller":"ingress/ingress_handler.go:120","msg":"Error retrieving TTL, defaulting.","commit":"7655d9c","error":"\"knativebrokerttl\" not found"}
{"level":"info","ts":"2019-12-03T21:04:26.344Z","logger":"broker_ingress","caller":"ingress/ingress_handler.go:120","msg":"Error retrieving TTL, defaulting.","commit":"7655d9c","error":"\"knativebrokerttl\" not found"}
{"level":"info","ts":"2019-12-03T21:04:26.344Z","logger":"broker_ingress","caller":"ingress/ingress_handler.go:120","msg":"Error retrieving TTL, defaulting.","commit":"7655d9c","error":"\"knativebrokerttl\" not found"}
{"level":"info","ts":"2019-12-03T21:04:26.344Z","logger":"broker_ingress","caller":"ingress/ingress_handler.go:120","msg":"Error retrieving TTL, defaulting.","commit":"7655d9c","error":"\"knativebrokerttl\" not found"}
{"level":"info","ts":"2019-12-03T21:04:26.344Z","logger":"broker_ingress","caller":"ingress/ingress_handler.go:120","msg":"Error retrieving TTL, defaulting.","commit":"7655d9c","error":"\"knativebrokerttl\" not found"}
{"level":"info","ts":"2019-12-03T21:04:26.344Z","logger":"broker_ingress","caller":"ingress/ingress_handler.go:120","msg":"Error retrieving TTL, defaulting.","commit":"7655d9c","error":"\"knativebrokerttl\" not found"}
{"level":"info","ts":"2019-12-03T21:04:26.346Z","logger":"broker_ingress","caller":"ingress/ingress_handler.go:120","msg":"Error retrieving TTL, defaulting.","commit":"7655d9c","error":"\"knativebrokerttl\" not found"}
{"level":"info","ts":"2019-12-03T21:04:26.346Z","logger":"broker_ingress","caller":"ingress/ingress_handler.go:120","msg":"Error retrieving TTL, defaulting.","commit":"7655d9c","error":"\"knativebrokerttl\" not found"}
{"level":"info","ts":"2019-12-03T21:04:26.342Z","logger":"broker_ingress","caller":"ingress/ingress_handler.go:120","msg":"Error retrieving TTL, defaulting.","commit":"7655d9c","error":"\"knativebrokerttl\" not found"}
{"level":"info","ts":"2019-12-03T21:04:26.347Z","logger":"broker_ingress","caller":"ingress/ingress_handler.go:120","msg":"Error retrieving TTL, defaulting.","commit":"7655d9c","error":"\"knativebrokerttl\" not found"}
{"level":"info","ts":"2019-12-03T21:04:26.347Z","logger":"broker_ingress","caller":"ingress/ingress_handler.go:120","msg":"Error retrieving TTL, defaulting.","commit":"7655d9c","error":"\"knativebrokerttl\" not found"}
{"level":"info","ts":"2019-12-03T21:04:26.345Z","logger":"broker_ingress","caller":"ingress/ingress_handler.go:120","msg":"Error retrieving TTL, defaulting.","commit":"7655d9c","error":"\"knativebrokerttl\" not found"}
{"level":"info","ts":"2019-12-03T21:04:26.348Z","logger":"broker_ingress","caller":"ingress/ingress_handler.go:120","msg":"Error retrieving TTL, defaulting.","commit":"7655d9c","error":"\"knativebrokerttl\" not found"}
{"level":"info","ts":"2019-12-03T21:04:26.348Z","logger":"broker_ingress","caller":"ingress/ingress_handler.go:120","msg":"Error retrieving TTL, defaulting.","commit":"7655d9c","error":"\"knativebrokerttl\" not found"}
{"level":"info","ts":"2019-12-03T21:04:26.348Z","logger":"broker_ingress","caller":"ingress/ingress_handler.go:120","msg":"Error retrieving TTL, defaulting.","commit":"7655d9c","error":"\"knativebrokerttl\" not found"}
{"level":"info","ts":"2019-12-03T21:04:26.348Z","logger":"broker_ingress","caller":"ingress/ingress_handler.go:120","msg":"Error retrieving TTL, defaulting.","commit":"7655d9c","error":"\"knativebrokerttl\" not found"}
{"level":"info","ts":"2019-12-03T21:04:26.348Z","logger":"broker_ingress","caller":"ingress/ingress_handler.go:120","msg":"Error retrieving TTL, defaulting.","commit":"7655d9c","error":"\"knativebrokerttl\" not found"}
{"level":"info","ts":"2019-12-03T21:04:26.349Z","logger":"broker_ingress","caller":"ingress/ingress_handler.go:120","msg":"Error retrieving TTL, defaulting.","commit":"7655d9c","error":"\"knativebrokerttl\" not found"}
{"level":"info","ts":"2019-12-03T21:04:26.350Z","logger":"broker_ingress","caller":"ingress/ingress_handler.go:120","msg":"Error retrieving TTL, defaulting.","commit":"7655d9c","error":"\"knativebrokerttl\" not found"}
{"level":"info","ts":"2019-12-03T21:04:26.350Z","logger":"broker_ingress","caller":"ingress/ingress_handler.go:120","msg":"Error retrieving TTL, defaulting.","commit":"7655d9c","error":"\"knativebrokerttl\" not found"}
{"level":"info","ts":"2019-12-03T21:04:26.351Z","logger":"broker_ingress","caller":"ingress/ingress_handler.go:120","msg":"Error retrieving TTL, defaulting.","commit":"7655d9c","error":"\"knativebrokerttl\" not found"}
{"level":"info","ts":"2019-12-03T21:04:26.351Z","logger":"broker_ingress","caller":"ingress/ingress_handler.go:120","msg":"Error retrieving TTL, defaulting.","commit":"7655d9c","error":"\"knativebrokerttl\" not found"}
{"level":"info","ts":"2019-12-03T21:04:26.349Z","logger":"broker_ingress","caller":"ingress/ingress_handler.go:120","msg":"Error retrieving TTL, defaulting.","commit":"7655d9c","error":"\"knativebrokerttl\" not found"}
{"level":"info","ts":"2019-12-03T21:04:26.354Z","logger":"broker_ingress","caller":"ingress/ingress_handler.go:120","msg":"Error retrieving TTL, defaulting.","commit":"7655d9c","error":"\"knativebrokerttl\" not found"}
{"level":"info","ts":"2019-12-03T21:04:26.352Z","logger":"broker_ingress","caller":"ingress/ingress_handler.go:120","msg":"Error retrieving TTL, defaulting.","commit":"7655d9c","error":"\"knativebrokerttl\" not found"}
{"level":"info","ts":"2019-12-03T21:04:26.356Z","logger":"broker_ingress","caller":"ingress/ingress_handler.go:120","msg":"Error retrieving TTL, defaulting.","commit":"7655d9c","error":"\"knativebrokerttl\" not found"}
{"level":"info","ts":"2019-12-03T21:04:26.356Z","logger":"broker_ingress","caller":"ingress/ingress_handler.go:120","msg":"Error retrieving TTL, defaulting.","commit":"7655d9c","error":"\"knativebrokerttl\" not found"}
{"level":"info","ts":"2019-12-03T21:04:26.357Z","logger":"broker_ingress","caller":"ingress/ingress_handler.go:120","msg":"Error retrieving TTL, defaulting.","commit":"7655d9c","error":"\"knativebrokerttl\" not found"}
{"level":"info","ts":"2019-12-03T21:04:26.357Z","logger":"broker_ingress","caller":"ingress/ingress_handler.go:120","msg":"Error retrieving TTL, defaulting.","commit":"7655d9c","error":"\"knativebrokerttl\" not found"}
{"level":"info","ts":"2019-12-03T21:04:26.358Z","logger":"broker_ingress","caller":"ingress/ingress_handler.go:120","msg":"Error retrieving TTL, defaulting.","commit":"7655d9c","error":"\"knativebrokerttl\" not found"}
{"level":"info","ts":"2019-12-03T21:04:26.359Z","logger":"broker_ingress","caller":"ingress/ingress_handler.go:120","msg":"Error retrieving TTL, defaulting.","commit":"7655d9c","error":"\"knativebrokerttl\" not found"}
{"level":"info","ts":"2019-12-03T21:04:26.359Z","logger":"broker_ingress","caller":"ingress/ingress_handler.go:120","msg":"Error retrieving TTL, defaulting.","commit":"7655d9c","error":"\"knativebrokerttl\" not found"}
{"level":"info","ts":"2019-12-03T21:04:26.362Z","logger":"broker_ingress","caller":"ingress/ingress_handler.go:120","msg":"Error retrieving TTL, defaulting.","commit":"7655d9c","error":"\"knativebrokerttl\" not found"}
{"level":"info","ts":"2019-12-03T21:04:26.363Z","logger":"broker_ingress","caller":"ingress/ingress_handler.go:120","msg":"Error retrieving TTL, defaulting.","commit":"7655d9c","error":"\"knativebrokerttl\" not found"}
{"level":"info","ts":"2019-12-03T21:04:26.363Z","logger":"broker_ingress","caller":"ingress/ingress_handler.go:120","msg":"Error retrieving TTL, defaulting.","commit":"7655d9c","error":"\"knativebrokerttl\" not found"}
{"level":"info","ts":"2019-12-03T21:04:26.363Z","logger":"broker_ingress","caller":"ingress/ingress_handler.go:120","msg":"Error retrieving TTL, defaulting.","commit":"7655d9c","error":"\"knativebrokerttl\" not found"}
{"level":"info","ts":"2019-12-03T21:04:26.364Z","logger":"broker_ingress","caller":"ingress/ingress_handler.go:120","msg":"Error retrieving TTL, defaulting.","commit":"7655d9c","error":"\"knativebrokerttl\" not found"}
{"level":"info","ts":"2019-12-03T21:04:26.365Z","logger":"broker_ingress","caller":"ingress/ingress_handler.go:120","msg":"Error retrieving TTL, defaulting.","commit":"7655d9c","error":"\"knativebrokerttl\" not found"}
{"level":"info","ts":"2019-12-03T21:04:26.366Z","logger":"broker_ingress","caller":"ingress/ingress_handler.go:120","msg":"Error retrieving TTL, defaulting.","commit":"7655d9c","error":"\"knativebrokerttl\" not found"}
{"level":"info","ts":"2019-12-03T21:04:26.368Z","logger":"broker_ingress","caller":"ingress/ingress_handler.go:120","msg":"Error retrieving TTL, defaulting.","commit":"7655d9c","error":"\"knativebrokerttl\" not found"}
{"level":"info","ts":"2019-12-03T21:04:26.369Z","logger":"broker_ingress","caller":"ingress/ingress_handler.go:120","msg":"Error retrieving TTL, defaulting.","commit":"7655d9c","error":"\"knativebrokerttl\" not found"}
{"level":"info","ts":"2019-12-03T21:04:26.373Z","logger":"broker_ingress","caller":"ingress/ingress_handler.go:120","msg":"Error retrieving TTL, defaulting.","commit":"7655d9c","error":"\"knativebrokerttl\" not found"}
{"level":"info","ts":"2019-12-03T21:04:26.373Z","logger":"broker_ingress","caller":"ingress/ingress_handler.go:120","msg":"Error retrieving TTL, defaulting.","commit":"7655d9c","error":"\"knativebrokerttl\" not found"}
{"level":"info","ts":"2019-12-03T21:04:26.373Z","logger":"broker_ingress","caller":"ingress/ingress_handler.go:120","msg":"Error retrieving TTL, defaulting.","commit":"7655d9c","error":"\"knativebrokerttl\" not found"}
{"level":"info","ts":"2019-12-03T21:04:26.372Z","logger":"broker_ingress","caller":"ingress/ingress_handler.go:120","msg":"Error retrieving TTL, defaulting.","commit":"7655d9c","error":"\"knativebrokerttl\" not found"}
{"level":"info","ts":"2019-12-03T21:04:26.375Z","logger":"broker_ingress","caller":"ingress/ingress_handler.go:120","msg":"Error retrieving TTL, defaulting.","commit":"7655d9c","error":"\"knativebrokerttl\" not found"}
{"level":"info","ts":"2019-12-03T21:04:26.378Z","logger":"broker_ingress","caller":"ingress/ingress_handler.go:120","msg":"Error retrieving TTL, defaulting.","commit":"7655d9c","error":"\"knativebrokerttl\" not found"}
{"level":"info","ts":"2019-12-03T21:04:26.378Z","logger":"broker_ingress","caller":"ingress/ingress_handler.go:120","msg":"Error retrieving TTL, defaulting.","commit":"7655d9c","error":"\"knativebrokerttl\" not found"}
{"level":"info","ts":"2019-12-03T21:04:26.378Z","logger":"broker_ingress","caller":"ingress/ingress_handler.go:120","msg":"Error retrieving TTL, defaulting.","commit":"7655d9c","error":"\"knativebrokerttl\" not found"}
{"level":"info","ts":"2019-12-03T21:04:26.379Z","logger":"broker_ingress","caller":"ingress/ingress_handler.go:120","msg":"Error retrieving TTL, defaulting.","commit":"7655d9c","error":"\"knativebrokerttl\" not found"}
{"level":"info","ts":"2019-12-03T21:04:26.379Z","logger":"broker_ingress","caller":"ingress/ingress_handler.go:120","msg":"Error retrieving TTL, defaulting.","commit":"7655d9c","error":"\"knativebrokerttl\" not found"}
{"level":"info","ts":"2019-12-03T21:04:26.381Z","logger":"broker_ingress","caller":"ingress/ingress_handler.go:120","msg":"Error retrieving TTL, defaulting.","commit":"7655d9c","error":"\"knativebrokerttl\" not found"}
{"level":"info","ts":"2019-12-03T21:04:26.382Z","logger":"broker_ingress","caller":"ingress/ingress_handler.go:120","msg":"Error retrieving TTL, defaulting.","commit":"7655d9c","error":"\"knativebrokerttl\" not found"}
{"level":"info","ts":"2019-12-03T21:04:26.375Z","logger":"broker_ingress","caller":"ingress/ingress_handler.go:120","msg":"Error retrieving TTL, defaulting.","commit":"7655d9c","error":"\"knativebrokerttl\" not found"}
{"level":"info","ts":"2019-12-03T21:04:26.384Z","logger":"broker_ingress","caller":"ingress/ingress_handler.go:120","msg":"Error retrieving TTL, defaulting.","commit":"7655d9c","error":"\"knativebrokerttl\" not found"}
{"level":"info","ts":"2019-12-03T21:04:26.389Z","logger":"broker_ingress","caller":"ingress/ingress_handler.go:120","msg":"Error retrieving TTL, defaulting.","commit":"7655d9c","error":"\"knativebrokerttl\" not found"}
{"level":"info","ts":"2019-12-03T21:04:26.389Z","logger":"broker_ingress","caller":"ingress/ingress_handler.go:120","msg":"Error retrieving TTL, defaulting.","commit":"7655d9c","error":"\"knativebrokerttl\" not found"}
{"level":"info","ts":"2019-12-03T21:04:26.389Z","logger":"broker_ingress","caller":"ingress/ingress_handler.go:120","msg":"Error retrieving TTL, defaulting.","commit":"7655d9c","error":"\"knativebrokerttl\" not found"}
{"level":"info","ts":"2019-12-03T21:04:26.389Z","logger":"broker_ingress","caller":"ingress/ingress_handler.go:120","msg":"Error retrieving TTL, defaulting.","commit":"7655d9c","error":"\"knativebrokerttl\" not found"}
{"level":"info","ts":"2019-12-03T21:04:26.389Z","logger":"broker_ingress","caller":"ingress/ingress_handler.go:120","msg":"Error retrieving TTL, defaulting.","commit":"7655d9c","error":"\"knativebrokerttl\" not found"}
{"level":"info","ts":"2019-12-03T21:04:26.389Z","logger":"broker_ingress","caller":"ingress/ingress_handler.go:120","msg":"Error retrieving TTL, defaulting.","commit":"7655d9c","error":"\"knativebrokerttl\" not found"}
{"level":"info","ts":"2019-12-03T21:04:26.394Z","logger":"broker_ingress","caller":"ingress/ingress_handler.go:120","msg":"Error retrieving TTL, defaulting.","commit":"7655d9c","error":"\"knativebrokerttl\" not found"}
{"level":"info","ts":"2019-12-03T21:04:26.394Z","logger":"broker_ingress","caller":"ingress/ingress_handler.go:120","msg":"Error retrieving TTL, defaulting.","commit":"7655d9c","error":"\"knativebrokerttl\" not found"}
{"level":"info","ts":"2019-12-03T21:04:26.396Z","logger":"broker_ingress","caller":"ingress/ingress_handler.go:120","msg":"Error retrieving TTL, defaulting.","commit":"7655d9c","error":"\"knativebrokerttl\" not found"}
{"level":"info","ts":"2019-12-03T21:04:26.397Z","logger":"broker_ingress","caller":"ingress/ingress_handler.go:120","msg":"Error retrieving TTL, defaulting.","commit":"7655d9c","error":"\"knativebrokerttl\" not found"}
{"level":"info","ts":"2019-12-03T21:04:26.398Z","logger":"broker_ingress","caller":"ingress/ingress_handler.go:120","msg":"Error retrieving TTL, defaulting.","commit":"7655d9c","error":"\"knativebrokerttl\" not found"}
{"level":"info","ts":"2019-12-03T21:04:26.399Z","logger":"broker_ingress","caller":"ingress/ingress_handler.go:120","msg":"Error retrieving TTL, defaulting.","commit":"7655d9c","error":"\"knativebrokerttl\" not found"}
{"level":"info","ts":"2019-12-03T21:04:26.401Z","logger":"broker_ingress","caller":"ingress/ingress_handler.go:120","msg":"Error retrieving TTL, defaulting.","commit":"7655d9c","error":"\"knativebrokerttl\" not found"}
{"level":"info","ts":"2019-12-03T21:04:26.402Z","logger":"broker_ingress","caller":"ingress/ingress_handler.go:120","msg":"Error retrieving TTL, defaulting.","commit":"7655d9c","error":"\"knativebrokerttl\" not found"}
{"level":"info","ts":"2019-12-03T21:04:26.402Z","logger":"broker_ingress","caller":"ingress/ingress_handler.go:120","msg":"Error retrieving TTL, defaulting.","commit":"7655d9c","error":"\"knativebrokerttl\" not found"}
{"level":"info","ts":"2019-12-03T21:04:26.403Z","logger":"broker_ingress","caller":"ingress/ingress_handler.go:120","msg":"Error retrieving TTL, defaulting.","commit":"7655d9c","error":"\"knativebrokerttl\" not found"}
{"level":"info","ts":"2019-12-03T21:04:26.403Z","logger":"broker_ingress","caller":"ingress/ingress_handler.go:120","msg":"Error retrieving TTL, defaulting.","commit":"7655d9c","error":"\"knativebrokerttl\" not found"}
{"level":"info","ts":"2019-12-03T21:04:26.403Z","logger":"broker_ingress","caller":"ingress/ingress_handler.go:120","msg":"Error retrieving TTL, defaulting.","commit":"7655d9c","error":"\"knativebrokerttl\" not found"}
{"level":"info","ts":"2019-12-03T21:04:26.410Z","logger":"broker_ingress","caller":"ingress/ingress_handler.go:120","msg":"Error retrieving TTL, defaulting.","commit":"7655d9c","error":"\"knativebrokerttl\" not found"}
{"level":"info","ts":"2019-12-03T21:04:26.410Z","logger":"broker_ingress","caller":"ingress/ingress_handler.go:120","msg":"Error retrieving TTL, defaulting.","commit":"7655d9c","error":"\"knativebrokerttl\" not found"}
{"level":"info","ts":"2019-12-03T21:04:26.410Z","logger":"broker_ingress","caller":"ingress/ingress_handler.go:120","msg":"Error retrieving TTL, defaulting.","commit":"7655d9c","error":"\"knativebrokerttl\" not found"}
{"level":"info","ts":"2019-12-03T21:04:26.411Z","logger":"broker_ingress","caller":"ingress/ingress_handler.go:120","msg":"Error retrieving TTL, defaulting.","commit":"7655d9c","error":"\"knativebrokerttl\" not found"}
{"level":"info","ts":"2019-12-03T21:04:26.411Z","logger":"broker_ingress","caller":"ingress/ingress_handler.go:120","msg":"Error retrieving TTL, defaulting.","commit":"7655d9c","error":"\"knativebrokerttl\" not found"}
{"level":"info","ts":"2019-12-03T21:04:26.411Z","logger":"broker_ingress","caller":"ingress/ingress_handler.go:120","msg":"Error retrieving TTL, defaulting.","commit":"7655d9c","error":"\"knativebrokerttl\" not found"}
{"level":"info","ts":"2019-12-03T21:04:26.411Z","logger":"broker_ingress","caller":"ingress/ingress_handler.go:120","msg":"Error retrieving TTL, defaulting.","commit":"7655d9c","error":"\"knativebrokerttl\" not found"}
{"level":"info","ts":"2019-12-03T21:04:26.411Z","logger":"broker_ingress","caller":"ingress/ingress_handler.go:120","msg":"Error retrieving TTL, defaulting.","commit":"7655d9c","error":"\"knativebrokerttl\" not found"}
{"level":"info","ts":"2019-12-03T21:04:26.411Z","logger":"broker_ingress","caller":"ingress/ingress_handler.go:120","msg":"Error retrieving TTL, defaulting.","commit":"7655d9c","error":"\"knativebrokerttl\" not found"}
{"level":"info","ts":"2019-12-03T21:04:26.415Z","logger":"broker_ingress","caller":"ingress/ingress_handler.go:120","msg":"Error retrieving TTL, defaulting.","commit":"7655d9c","error":"\"knativebrokerttl\" not found"}
{"level":"info","ts":"2019-12-03T21:04:26.415Z","logger":"broker_ingress","caller":"ingress/ingress_handler.go:120","msg":"Error retrieving TTL, defaulting.","commit":"7655d9c","error":"\"knativebrokerttl\" not found"}
{"level":"info","ts":"2019-12-03T21:04:26.415Z","logger":"broker_ingress","caller":"ingress/ingress_handler.go:120","msg":"Error retrieving TTL, defaulting.","commit":"7655d9c","error":"\"knativebrokerttl\" not found"}
{"level":"info","ts":"2019-12-03T21:04:26.415Z","logger":"broker_ingress","caller":"ingress/ingress_handler.go:120","msg":"Error retrieving TTL, defaulting.","commit":"7655d9c","error":"\"knativebrokerttl\" not found"}
{"level":"info","ts":"2019-12-03T21:04:26.415Z","logger":"broker_ingress","caller":"ingress/ingress_handler.go:120","msg":"Error retrieving TTL, defaulting.","commit":"7655d9c","error":"\"knativebrokerttl\" not found"}
{"level":"info","ts":"2019-12-03T21:04:26.415Z","logger":"broker_ingress","caller":"ingress/ingress_handler.go:120","msg":"Error retrieving TTL, defaulting.","commit":"7655d9c","error":"\"knativebrokerttl\" not found"}
{"level":"info","ts":"2019-12-03T21:04:26.417Z","logger":"broker_ingress","caller":"ingress/ingress_handler.go:120","msg":"Error retrieving TTL, defaulting.","commit":"7655d9c","error":"\"knativebrokerttl\" not found"}
{"level":"info","ts":"2019-12-03T21:04:26.419Z","logger":"broker_ingress","caller":"ingress/ingress_handler.go:120","msg":"Error retrieving TTL, defaulting.","commit":"7655d9c","error":"\"knativebrokerttl\" not found"}
{"level":"info","ts":"2019-12-03T21:04:26.419Z","logger":"broker_ingress","caller":"ingress/ingress_handler.go:120","msg":"Error retrieving TTL, defaulting.","commit":"7655d9c","error":"\"knativebrokerttl\" not found"}
{"level":"info","ts":"2019-12-03T21:04:26.420Z","logger":"broker_ingress","caller":"ingress/ingress_handler.go:120","msg":"Error retrieving TTL, defaulting.","commit":"7655d9c","error":"\"knativebrokerttl\" not found"}
{"level":"info","ts":"2019-12-03T21:04:26.420Z","logger":"broker_ingress","caller":"ingress/ingress_handler.go:120","msg":"Error retrieving TTL, defaulting.","commit":"7655d9c","error":"\"knativebrokerttl\" not found"}
{"level":"info","ts":"2019-12-03T21:04:26.422Z","logger":"broker_ingress","caller":"ingress/ingress_handler.go:120","msg":"Error retrieving TTL, defaulting.","commit":"7655d9c","error":"\"knativebrokerttl\" not found"}
{"level":"info","ts":"2019-12-03T21:04:26.423Z","logger":"broker_ingress","caller":"ingress/ingress_handler.go:120","msg":"Error retrieving TTL, defaulting.","commit":"7655d9c","error":"\"knativebrokerttl\" not found"}
{"level":"info","ts":"2019-12-03T21:04:26.423Z","logger":"broker_ingress","caller":"ingress/ingress_handler.go:120","msg":"Error retrieving TTL, defaulting.","commit":"7655d9c","error":"\"knativebrokerttl\" not found"}
{"level":"info","ts":"2019-12-03T21:04:26.425Z","logger":"broker_ingress","caller":"ingress/ingress_handler.go:120","msg":"Error retrieving TTL, defaulting.","commit":"7655d9c","error":"\"knativebrokerttl\" not found"}
{"level":"info","ts":"2019-12-03T21:04:26.426Z","logger":"broker_ingress","caller":"ingress/ingress_handler.go:120","msg":"Error retrieving TTL, defaulting.","commit":"7655d9c","error":"\"knativebrokerttl\" not found"}
{"level":"info","ts":"2019-12-03T21:04:26.427Z","logger":"broker_ingress","caller":"ingress/ingress_handler.go:120","msg":"Error retrieving TTL, defaulting.","commit":"7655d9c","error":"\"knativebrokerttl\" not found"}
{"level":"info","ts":"2019-12-03T21:04:26.427Z","logger":"broker_ingress","caller":"ingress/ingress_handler.go:120","msg":"Error retrieving TTL, defaulting.","commit":"7655d9c","error":"\"knativebrokerttl\" not found"}
{"level":"info","ts":"2019-12-03T21:04:26.430Z","logger":"broker_ingress","caller":"ingress/ingress_handler.go:120","msg":"Error retrieving TTL, defaulting.","commit":"7655d9c","error":"\"knativebrokerttl\" not found"}
{"level":"info","ts":"2019-12-03T21:04:26.430Z","logger":"broker_ingress","caller":"ingress/ingress_handler.go:120","msg":"Error retrieving TTL, defaulting.","commit":"7655d9c","error":"\"knativebrokerttl\" not found"}
{"level":"info","ts":"2019-12-03T21:04:26.430Z","logger":"broker_ingress","caller":"ingress/ingress_handler.go:120","msg":"Error retrieving TTL, defaulting.","commit":"7655d9c","error":"\"knativebrokerttl\" not found"}
{"level":"info","ts":"2019-12-03T21:04:26.435Z","logger":"broker_ingress","caller":"ingress/ingress_handler.go:120","msg":"Error retrieving TTL, defaulting.","commit":"7655d9c","error":"\"knativebrokerttl\" not found"}
{"level":"info","ts":"2019-12-03T21:04:26.435Z","logger":"broker_ingress","caller":"ingress/ingress_handler.go:120","msg":"Error retrieving TTL, defaulting.","commit":"7655d9c","error":"\"knativebrokerttl\" not found"}
{"level":"info","ts":"2019-12-03T21:04:26.436Z","logger":"broker_ingress","caller":"ingress/ingress_handler.go:120","msg":"Error retrieving TTL, defaulting.","commit":"7655d9c","error":"\"knativebrokerttl\" not found"}
{"level":"info","ts":"2019-12-03T21:04:26.438Z","logger":"broker_ingress","caller":"ingress/ingress_handler.go:120","msg":"Error retrieving TTL, defaulting.","commit":"7655d9c","error":"\"knativebrokerttl\" not found"}
{"level":"info","ts":"2019-12-03T21:04:26.441Z","logger":"broker_ingress","caller":"ingress/ingress_handler.go:120","msg":"Error retrieving TTL, defaulting.","commit":"7655d9c","error":"\"knativebrokerttl\" not found"}
{"level":"info","ts":"2019-12-03T21:04:26.441Z","logger":"broker_ingress","caller":"ingress/ingress_handler.go:120","msg":"Error retrieving TTL, defaulting.","commit":"7655d9c","error":"\"knativebrokerttl\" not found"}
{"level":"info","ts":"2019-12-03T21:04:26.441Z","logger":"broker_ingress","caller":"ingress/ingress_handler.go:120","msg":"Error retrieving TTL, defaulting.","commit":"7655d9c","error":"\"knativebrokerttl\" not found"}
{"level":"info","ts":"2019-12-03T21:04:26.442Z","logger":"broker_ingress","caller":"ingress/ingress_handler.go:120","msg":"Error retrieving TTL, defaulting.","commit":"7655d9c","error":"\"knativebrokerttl\" not found"}
{"level":"info","ts":"2019-12-03T21:04:26.436Z","logger":"broker_ingress","caller":"ingress/ingress_handler.go:120","msg":"Error retrieving TTL, defaulting.","commit":"7655d9c","error":"\"knativebrokerttl\" not found"}
{"level":"info","ts":"2019-12-03T21:04:26.451Z","logger":"broker_ingress","caller":"ingress/ingress_handler.go:120","msg":"Error retrieving TTL, defaulting.","commit":"7655d9c","error":"\"knativebrokerttl\" not found"}
{"level":"info","ts":"2019-12-03T21:04:26.451Z","logger":"broker_ingress","caller":"ingress/ingress_handler.go:120","msg":"Error retrieving TTL, defaulting.","commit":"7655d9c","error":"\"knativebrokerttl\" not found"}
{"level":"info","ts":"2019-12-03T21:04:26.451Z","logger":"broker_ingress","caller":"ingress/ingress_handler.go:120","msg":"Error retrieving TTL, defaulting.","commit":"7655d9c","error":"\"knativebrokerttl\" not found"}
{"level":"info","ts":"2019-12-03T21:04:26.452Z","logger":"broker_ingress","caller":"ingress/ingress_handler.go:120","msg":"Error retrieving TTL, defaulting.","commit":"7655d9c","error":"\"knativebrokerttl\" not found"}
{"level":"info","ts":"2019-12-03T21:04:26.452Z","logger":"broker_ingress","caller":"ingress/ingress_handler.go:120","msg":"Error retrieving TTL, defaulting.","commit":"7655d9c","error":"\"knativebrokerttl\" not found"}
{"level":"info","ts":"2019-12-03T21:04:26.453Z","logger":"broker_ingress","caller":"ingress/ingress_handler.go:120","msg":"Error retrieving TTL, defaulting.","commit":"7655d9c","error":"\"knativebrokerttl\" not found"}
{"level":"info","ts":"2019-12-03T21:04:26.453Z","logger":"broker_ingress","caller":"ingress/ingress_handler.go:120","msg":"Error retrieving TTL, defaulting.","commit":"7655d9c","error":"\"knativebrokerttl\" not found"}
{"level":"info","ts":"2019-12-03T21:04:26.459Z","logger":"broker_ingress","caller":"ingress/ingress_handler.go:120","msg":"Error retrieving TTL, defaulting.","commit":"7655d9c","error":"\"knativebrokerttl\" not found"}
{"level":"info","ts":"2019-12-03T21:04:26.460Z","logger":"broker_ingress","caller":"ingress/ingress_handler.go:120","msg":"Error retrieving TTL, defaulting.","commit":"7655d9c","error":"\"knativebrokerttl\" not found"}
{"level":"info","ts":"2019-12-03T21:04:26.460Z","logger":"broker_ingress","caller":"ingress/ingress_handler.go:120","msg":"Error retrieving TTL, defaulting.","commit":"7655d9c","error":"\"knativebrokerttl\" not found"}
{"level":"info","ts":"2019-12-03T21:04:26.460Z","logger":"broker_ingress","caller":"ingress/ingress_handler.go:120","msg":"Error retrieving TTL, defaulting.","commit":"7655d9c","error":"\"knativebrokerttl\" not found"}
{"level":"info","ts":"2019-12-03T21:04:26.461Z","logger":"broker_ingress","caller":"ingress/ingress_handler.go:120","msg":"Error retrieving TTL, defaulting.","commit":"7655d9c","error":"\"knativebrokerttl\" not found"}
{"level":"info","ts":"2019-12-03T21:04:26.462Z","logger":"broker_ingress","caller":"ingress/ingress_handler.go:120","msg":"Error retrieving TTL, defaulting.","commit":"7655d9c","error":"\"knativebrokerttl\" not found"}
{"level":"info","ts":"2019-12-03T21:04:26.462Z","logger":"broker_ingress","caller":"ingress/ingress_handler.go:120","msg":"Error retrieving TTL, defaulting.","commit":"7655d9c","error":"\"knativebrokerttl\" not found"}
{"level":"info","ts":"2019-12-03T21:04:26.462Z","logger":"broker_ingress","caller":"ingress/ingress_handler.go:120","msg":"Error retrieving TTL, defaulting.","commit":"7655d9c","error":"\"knativebrokerttl\" not found"}
{"level":"info","ts":"2019-12-03T21:04:26.462Z","logger":"broker_ingress","caller":"ingress/ingress_handler.go:120","msg":"Error retrieving TTL, defaulting.","commit":"7655d9c","error":"\"knativebrokerttl\" not found"}
{"level":"info","ts":"2019-12-03T21:04:26.463Z","logger":"broker_ingress","caller":"ingress/ingress_handler.go:120","msg":"Error retrieving TTL, defaulting.","commit":"7655d9c","error":"\"knativebrokerttl\" not found"}
{"level":"info","ts":"2019-12-03T21:04:26.463Z","logger":"broker_ingress","caller":"ingress/ingress_handler.go:120","msg":"Error retrieving TTL, defaulting.","commit":"7655d9c","error":"\"knativebrokerttl\" not found"}
{"level":"info","ts":"2019-12-03T21:04:26.463Z","logger":"broker_ingress","caller":"ingress/ingress_handler.go:120","msg":"Error retrieving TTL, defaulting.","commit":"7655d9c","error":"\"knativebrokerttl\" not found"}
{"level":"info","ts":"2019-12-03T21:04:26.463Z","logger":"broker_ingress","caller":"ingress/ingress_handler.go:120","msg":"Error retrieving TTL, defaulting.","commit":"7655d9c","error":"\"knativebrokerttl\" not found"}
{"level":"info","ts":"2019-12-03T21:04:26.466Z","logger":"broker_ingress","caller":"ingress/ingress_handler.go:120","msg":"Error retrieving TTL, defaulting.","commit":"7655d9c","error":"\"knativebrokerttl\" not found"}
{"level":"info","ts":"2019-12-03T21:04:26.467Z","logger":"broker_ingress","caller":"ingress/ingress_handler.go:120","msg":"Error retrieving TTL, defaulting.","commit":"7655d9c","error":"\"knativebrokerttl\" not found"}
{"level":"info","ts":"2019-12-03T21:04:26.468Z","logger":"broker_ingress","caller":"ingress/ingress_handler.go:120","msg":"Error retrieving TTL, defaulting.","commit":"7655d9c","error":"\"knativebrokerttl\" not found"}
{"level":"info","ts":"2019-12-03T21:04:26.469Z","logger":"broker_ingress","caller":"ingress/ingress_handler.go:120","msg":"Error retrieving TTL, defaulting.","commit":"7655d9c","error":"\"knativebrokerttl\" not found"}
{"level":"info","ts":"2019-12-03T21:04:26.470Z","logger":"broker_ingress","caller":"ingress/ingress_handler.go:120","msg":"Error retrieving TTL, defaulting.","commit":"7655d9c","error":"\"knativebrokerttl\" not found"}
{"level":"info","ts":"2019-12-03T21:04:26.471Z","logger":"broker_ingress","caller":"ingress/ingress_handler.go:120","msg":"Error retrieving TTL, defaulting.","commit":"7655d9c","error":"\"knativebrokerttl\" not found"}
{"level":"info","ts":"2019-12-03T21:04:26.472Z","logger":"broker_ingress","caller":"ingress/ingress_handler.go:120","msg":"Error retrieving TTL, defaulting.","commit":"7655d9c","error":"\"knativebrokerttl\" not found"}
{"level":"info","ts":"2019-12-03T21:04:26.472Z","logger":"broker_ingress","caller":"ingress/ingress_handler.go:120","msg":"Error retrieving TTL, defaulting.","commit":"7655d9c","error":"\"knativebrokerttl\" not found"}
{"level":"info","ts":"2019-12-03T21:04:26.491Z","logger":"broker_ingress","caller":"ingress/ingress_handler.go:120","msg":"Error retrieving TTL, defaulting.","commit":"7655d9c","error":"\"knativebrokerttl\" not found"}
{"level":"info","ts":"2019-12-03T21:04:26.492Z","logger":"broker_ingress","caller":"ingress/ingress_handler.go:120","msg":"Error retrieving TTL, defaulting.","commit":"7655d9c","error":"\"knativebrokerttl\" not found"}
{"level":"info","ts":"2019-12-03T21:04:26.493Z","logger":"broker_ingress","caller":"ingress/ingress_handler.go:120","msg":"Error retrieving TTL, defaulting.","commit":"7655d9c","error":"\"knativebrokerttl\" not found"}
{"level":"info","ts":"2019-12-03T21:04:26.493Z","logger":"broker_ingress","caller":"ingress/ingress_handler.go:120","msg":"Error retrieving TTL, defaulting.","commit":"7655d9c","error":"\"knativebrokerttl\" not found"}
{"level":"info","ts":"2019-12-03T21:04:26.494Z","logger":"broker_ingress","caller":"ingress/ingress_handler.go:120","msg":"Error retrieving TTL, defaulting.","commit":"7655d9c","error":"\"knativebrokerttl\" not found"}
{"level":"info","ts":"2019-12-03T21:04:26.494Z","logger":"broker_ingress","caller":"ingress/ingress_handler.go:120","msg":"Error retrieving TTL, defaulting.","commit":"7655d9c","error":"\"knativebrokerttl\" not found"}
{"level":"info","ts":"2019-12-03T21:04:26.498Z","logger":"broker_ingress","caller":"ingress/ingress_handler.go:120","msg":"Error retrieving TTL, defaulting.","commit":"7655d9c","error":"\"knativebrokerttl\" not found"}
{"level":"info","ts":"2019-12-03T21:04:26.499Z","logger":"broker_ingress","caller":"ingress/ingress_handler.go:120","msg":"Error retrieving TTL, defaulting.","commit":"7655d9c","error":"\"knativebrokerttl\" not found"}
{"level":"info","ts":"2019-12-03T21:04:26.499Z","logger":"broker_ingress","caller":"ingress/ingress_handler.go:120","msg":"Error retrieving TTL, defaulting.","commit":"7655d9c","error":"\"knativebrokerttl\" not found"}
{"level":"info","ts":"2019-12-03T21:04:26.500Z","logger":"broker_ingress","caller":"ingress/ingress_handler.go:120","msg":"Error retrieving TTL, defaulting.","commit":"7655d9c","error":"\"knativebrokerttl\" not found"}
{"level":"info","ts":"2019-12-03T21:04:26.500Z","logger":"broker_ingress","caller":"ingress/ingress_handler.go:120","msg":"Error retrieving TTL, defaulting.","commit":"7655d9c","error":"\"knativebrokerttl\" not found"}
{"level":"info","ts":"2019-12-03T21:04:26.495Z","logger":"broker_ingress","caller":"ingress/ingress_handler.go:120","msg":"Error retrieving TTL, defaulting.","commit":"7655d9c","error":"\"knativebrokerttl\" not found"}
{"level":"info","ts":"2019-12-03T21:04:26.496Z","logger":"broker_ingress","caller":"ingress/ingress_handler.go:120","msg":"Error retrieving TTL, defaulting.","commit":"7655d9c","error":"\"knativebrokerttl\" not found"}
{"level":"info","ts":"2019-12-03T21:04:26.496Z","logger":"broker_ingress","caller":"ingress/ingress_handler.go:120","msg":"Error retrieving TTL, defaulting.","commit":"7655d9c","error":"\"knativebrokerttl\" not found"}
{"level":"info","ts":"2019-12-03T21:04:26.497Z","logger":"broker_ingress","caller":"ingress/ingress_handler.go:120","msg":"Error retrieving TTL, defaulting.","commit":"7655d9c","error":"\"knativebrokerttl\" not found"}
{"level":"info","ts":"2019-12-03T21:04:26.497Z","logger":"broker_ingress","caller":"ingress/ingress_handler.go:120","msg":"Error retrieving TTL, defaulting.","commit":"7655d9c","error":"\"knativebrokerttl\" not found"}
{"level":"info","ts":"2019-12-03T21:04:26.497Z","logger":"broker_ingress","caller":"ingress/ingress_handler.go:120","msg":"Error retrieving TTL, defaulting.","commit":"7655d9c","error":"\"knativebrokerttl\" not found"}
{"level":"info","ts":"2019-12-03T21:04:26.498Z","logger":"broker_ingress","caller":"ingress/ingress_handler.go:120","msg":"Error retrieving TTL, defaulting.","commit":"7655d9c","error":"\"knativebrokerttl\" not found"}
{"level":"info","ts":"2019-12-03T21:04:26.501Z","logger":"broker_ingress","caller":"ingress/ingress_handler.go:120","msg":"Error retrieving TTL, defaulting.","commit":"7655d9c","error":"\"knativebrokerttl\" not found"}
{"level":"info","ts":"2019-12-03T21:04:26.501Z","logger":"broker_ingress","caller":"ingress/ingress_handler.go:120","msg":"Error retrieving TTL, defaulting.","commit":"7655d9c","error":"\"knativebrokerttl\" not found"}
{"level":"info","ts":"2019-12-03T21:04:26.502Z","logger":"broker_ingress","caller":"ingress/ingress_handler.go:120","msg":"Error retrieving TTL, defaulting.","commit":"7655d9c","error":"\"knativebrokerttl\" not found"}
{"level":"info","ts":"2019-12-03T21:04:26.502Z","logger":"broker_ingress","caller":"ingress/ingress_handler.go:120","msg":"Error retrieving TTL, defaulting.","commit":"7655d9c","error":"\"knativebrokerttl\" not found"}
{"level":"info","ts":"2019-12-03T21:04:26.502Z","logger":"broker_ingress","caller":"ingress/ingress_handler.go:120","msg":"Error retrieving TTL, defaulting.","commit":"7655d9c","error":"\"knativebrokerttl\" not found"}
{"level":"info","ts":"2019-12-03T21:04:26.503Z","logger":"broker_ingress","caller":"ingress/ingress_handler.go:120","msg":"Error retrieving TTL, defaulting.","commit":"7655d9c","error":"\"knativebrokerttl\" not found"}
{"level":"info","ts":"2019-12-03T21:04:26.503Z","logger":"broker_ingress","caller":"ingress/ingress_handler.go:120","msg":"Error retrieving TTL, defaulting.","commit":"7655d9c","error":"\"knativebrokerttl\" not found"}
{"level":"info","ts":"2019-12-03T21:04:26.504Z","logger":"broker_ingress","caller":"ingress/ingress_handler.go:120","msg":"Error retrieving TTL, defaulting.","commit":"7655d9c","error":"\"knativebrokerttl\" not found"}
{"level":"info","ts":"2019-12-03T21:04:26.504Z","logger":"broker_ingress","caller":"ingress/ingress_handler.go:120","msg":"Error retrieving TTL, defaulting.","commit":"7655d9c","error":"\"knativebrokerttl\" not found"}
{"level":"info","ts":"2019-12-03T21:04:26.505Z","logger":"broker_ingress","caller":"ingress/ingress_handler.go:120","msg":"Error retrieving TTL, defaulting.","commit":"7655d9c","error":"\"knativebrokerttl\" not found"}
{"level":"info","ts":"2019-12-03T21:04:26.511Z","logger":"broker_ingress","caller":"ingress/ingress_handler.go:120","msg":"Error retrieving TTL, defaulting.","commit":"7655d9c","error":"\"knativebrokerttl\" not found"}
{"level":"info","ts":"2019-12-03T21:04:26.514Z","logger":"broker_ingress","caller":"ingress/ingress_handler.go:120","msg":"Error retrieving TTL, defaulting.","commit":"7655d9c","error":"\"knativebrokerttl\" not found"}
{"level":"info","ts":"2019-12-03T21:04:26.514Z","logger":"broker_ingress","caller":"ingress/ingress_handler.go:120","msg":"Error retrieving TTL, defaulting.","commit":"7655d9c","error":"\"knativebrokerttl\" not found"}
{"level":"info","ts":"2019-12-03T21:04:26.507Z","logger":"broker_ingress","caller":"ingress/ingress_handler.go:120","msg":"Error retrieving TTL, defaulting.","commit":"7655d9c","error":"\"knativebrokerttl\" not found"}
{"level":"info","ts":"2019-12-03T21:04:26.511Z","logger":"broker_ingress","caller":"ingress/ingress_handler.go:120","msg":"Error retrieving TTL, defaulting.","commit":"7655d9c","error":"\"knativebrokerttl\" not found"}
{"level":"info","ts":"2019-12-03T21:04:26.515Z","logger":"broker_ingress","caller":"ingress/ingress_handler.go:120","msg":"Error retrieving TTL, defaulting.","commit":"7655d9c","error":"\"knativebrokerttl\" not found"}
{"level":"info","ts":"2019-12-03T21:04:26.516Z","logger":"broker_ingress","caller":"ingress/ingress_handler.go:120","msg":"Error retrieving TTL, defaulting.","commit":"7655d9c","error":"\"knativebrokerttl\" not found"}
{"level":"info","ts":"2019-12-03T21:04:26.516Z","logger":"broker_ingress","caller":"ingress/ingress_handler.go:120","msg":"Error retrieving TTL, defaulting.","commit":"7655d9c","error":"\"knativebrokerttl\" not found"}
{"level":"info","ts":"2019-12-03T21:04:26.517Z","logger":"broker_ingress","caller":"ingress/ingress_handler.go:120","msg":"Error retrieving TTL, defaulting.","commit":"7655d9c","error":"\"knativebrokerttl\" not found"}
{"level":"info","ts":"2019-12-03T21:04:26.517Z","logger":"broker_ingress","caller":"ingress/ingress_handler.go:120","msg":"Error retrieving TTL, defaulting.","commit":"7655d9c","error":"\"knativebrokerttl\" not found"}
{"level":"info","ts":"2019-12-03T21:04:26.518Z","logger":"broker_ingress","caller":"ingress/ingress_handler.go:120","msg":"Error retrieving TTL, defaulting.","commit":"7655d9c","error":"\"knativebrokerttl\" not found"}
{"level":"info","ts":"2019-12-03T21:04:26.520Z","logger":"broker_ingress","caller":"ingress/ingress_handler.go:120","msg":"Error retrieving TTL, defaulting.","commit":"7655d9c","error":"\"knativebrokerttl\" not found"}
{"level":"info","ts":"2019-12-03T21:04:26.520Z","logger":"broker_ingress","caller":"ingress/ingress_handler.go:120","msg":"Error retrieving TTL, defaulting.","commit":"7655d9c","error":"\"knativebrokerttl\" not found"}
{"level":"info","ts":"2019-12-03T21:04:26.523Z","logger":"broker_ingress","caller":"ingress/ingress_handler.go:120","msg":"Error retrieving TTL, defaulting.","commit":"7655d9c","error":"\"knativebrokerttl\" not found"}
{"level":"info","ts":"2019-12-03T21:04:26.523Z","logger":"broker_ingress","caller":"ingress/ingress_handler.go:120","msg":"Error retrieving TTL, defaulting.","commit":"7655d9c","error":"\"knativebrokerttl\" not found"}
{"level":"info","ts":"2019-12-03T21:04:26.524Z","logger":"broker_ingress","caller":"ingress/ingress_handler.go:120","msg":"Error retrieving TTL, defaulting.","commit":"7655d9c","error":"\"knativebrokerttl\" not found"}
{"level":"info","ts":"2019-12-03T21:04:26.524Z","logger":"broker_ingress","caller":"ingress/ingress_handler.go:120","msg":"Error retrieving TTL, defaulting.","commit":"7655d9c","error":"\"knativebrokerttl\" not found"}
{"level":"info","ts":"2019-12-03T21:04:26.527Z","logger":"broker_ingress","caller":"ingress/ingress_handler.go:120","msg":"Error retrieving TTL, defaulting.","commit":"7655d9c","error":"\"knativebrokerttl\" not found"}
{"level":"info","ts":"2019-12-03T21:04:26.527Z","logger":"broker_ingress","caller":"ingress/ingress_handler.go:120","msg":"Error retrieving TTL, defaulting.","commit":"7655d9c","error":"\"knativebrokerttl\" not found"}
{"level":"info","ts":"2019-12-03T21:04:26.529Z","logger":"broker_ingress","caller":"ingress/ingress_handler.go:120","msg":"Error retrieving TTL, defaulting.","commit":"7655d9c","error":"\"knativebrokerttl\" not found"}
{"level":"info","ts":"2019-12-03T21:04:26.529Z","logger":"broker_ingress","caller":"ingress/ingress_handler.go:120","msg":"Error retrieving TTL, defaulting.","commit":"7655d9c","error":"\"knativebrokerttl\" not found"}
{"level":"info","ts":"2019-12-03T21:04:26.529Z","logger":"broker_ingress","caller":"ingress/ingress_handler.go:120","msg":"Error retrieving TTL, defaulting.","commit":"7655d9c","error":"\"knativebrokerttl\" not found"}
{"level":"info","ts":"2019-12-03T21:04:26.530Z","logger":"broker_ingress","caller":"ingress/ingress_handler.go:120","msg":"Error retrieving TTL, defaulting.","commit":"7655d9c","error":"\"knativebrokerttl\" not found"}
{"level":"info","ts":"2019-12-03T21:04:26.530Z","logger":"broker_ingress","caller":"ingress/ingress_handler.go:120","msg":"Error retrieving TTL, defaulting.","commit":"7655d9c","error":"\"knativebrokerttl\" not found"}
{"level":"info","ts":"2019-12-03T21:04:26.531Z","logger":"broker_ingress","caller":"ingress/ingress_handler.go:120","msg":"Error retrieving TTL, defaulting.","commit":"7655d9c","error":"\"knativebrokerttl\" not found"}
{"level":"info","ts":"2019-12-03T21:04:26.531Z","logger":"broker_ingress","caller":"ingress/ingress_handler.go:120","msg":"Error retrieving TTL, defaulting.","commit":"7655d9c","error":"\"knativebrokerttl\" not found"}
{"level":"info","ts":"2019-12-03T21:04:26.532Z","logger":"broker_ingress","caller":"ingress/ingress_handler.go:120","msg":"Error retrieving TTL, defaulting.","commit":"7655d9c","error":"\"knativebrokerttl\" not found"}
{"level":"info","ts":"2019-12-03T21:04:26.533Z","logger":"broker_ingress","caller":"ingress/ingress_handler.go:120","msg":"Error retrieving TTL, defaulting.","commit":"7655d9c","error":"\"knativebrokerttl\" not found"}
{"level":"info","ts":"2019-12-03T21:04:26.533Z","logger":"broker_ingress","caller":"ingress/ingress_handler.go:120","msg":"Error retrieving TTL, defaulting.","commit":"7655d9c","error":"\"knativebrokerttl\" not found"}
{"level":"info","ts":"2019-12-03T21:04:26.534Z","logger":"broker_ingress","caller":"ingress/ingress_handler.go:120","msg":"Error retrieving TTL, defaulting.","commit":"7655d9c","error":"\"knativebrokerttl\" not found"}
{"level":"info","ts":"2019-12-03T21:04:26.535Z","logger":"broker_ingress","caller":"ingress/ingress_handler.go:120","msg":"Error retrieving TTL, defaulting.","commit":"7655d9c","error":"\"knativebrokerttl\" not found"}
{"level":"info","ts":"2019-12-03T21:04:26.538Z","logger":"broker_ingress","caller":"ingress/ingress_handler.go:120","msg":"Error retrieving TTL, defaulting.","commit":"7655d9c","error":"\"knativebrokerttl\" not found"}
{"level":"info","ts":"2019-12-03T21:04:26.538Z","logger":"broker_ingress","caller":"ingress/ingress_handler.go:120","msg":"Error retrieving TTL, defaulting.","commit":"7655d9c","error":"\"knativebrokerttl\" not found"}
{"level":"info","ts":"2019-12-03T21:04:26.541Z","logger":"broker_ingress","caller":"ingress/ingress_handler.go:120","msg":"Error retrieving TTL, defaulting.","commit":"7655d9c","error":"\"knativebrokerttl\" not found"}
{"level":"info","ts":"2019-12-03T21:04:26.543Z","logger":"broker_ingress","caller":"ingress/ingress_handler.go:120","msg":"Error retrieving TTL, defaulting.","commit":"7655d9c","error":"\"knativebrokerttl\" not found"}
{"level":"info","ts":"2019-12-03T21:04:26.545Z","logger":"broker_ingress","caller":"ingress/ingress_handler.go:120","msg":"Error retrieving TTL, defaulting.","commit":"7655d9c","error":"\"knativebrokerttl\" not found"}
{"level":"info","ts":"2019-12-03T21:04:26.546Z","logger":"broker_ingress","caller":"ingress/ingress_handler.go:120","msg":"Error retrieving TTL, defaulting.","commit":"7655d9c","error":"\"knativebrokerttl\" not found"}
{"level":"info","ts":"2019-12-03T21:04:26.547Z","logger":"broker_ingress","caller":"ingress/ingress_handler.go:120","msg":"Error retrieving TTL, defaulting.","commit":"7655d9c","error":"\"knativebrokerttl\" not found"}
{"level":"info","ts":"2019-12-03T21:04:26.544Z","logger":"broker_ingress","caller":"ingress/ingress_handler.go:120","msg":"Error retrieving TTL, defaulting.","commit":"7655d9c","error":"\"knativebrokerttl\" not found"}
{"level":"info","ts":"2019-12-03T21:04:26.547Z","logger":"broker_ingress","caller":"ingress/ingress_handler.go:120","msg":"Error retrieving TTL, defaulting.","commit":"7655d9c","error":"\"knativebrokerttl\" not found"}
{"level":"info","ts":"2019-12-03T21:04:26.547Z","logger":"broker_ingress","caller":"ingress/ingress_handler.go:120","msg":"Error retrieving TTL, defaulting.","commit":"7655d9c","error":"\"knativebrokerttl\" not found"}
{"level":"info","ts":"2019-12-03T21:04:26.548Z","logger":"broker_ingress","caller":"ingress/ingress_handler.go:120","msg":"Error retrieving TTL, defaulting.","commit":"7655d9c","error":"\"knativebrokerttl\" not found"}
{"level":"info","ts":"2019-12-03T21:04:26.548Z","logger":"broker_ingress","caller":"ingress/ingress_handler.go:120","msg":"Error retrieving TTL, defaulting.","commit":"7655d9c","error":"\"knativebrokerttl\" not found"}
{"level":"info","ts":"2019-12-03T21:04:26.549Z","logger":"broker_ingress","caller":"ingress/ingress_handler.go:120","msg":"Error retrieving TTL, defaulting.","commit":"7655d9c","error":"\"knativebrokerttl\" not found"}
{"level":"info","ts":"2019-12-03T21:04:26.549Z","logger":"broker_ingress","caller":"ingress/ingress_handler.go:120","msg":"Error retrieving TTL, defaulting.","commit":"7655d9c","error":"\"knativebrokerttl\" not found"}
{"level":"info","ts":"2019-12-03T21:04:26.549Z","logger":"broker_ingress","caller":"ingress/ingress_handler.go:120","msg":"Error retrieving TTL, defaulting.","commit":"7655d9c","error":"\"knativebrokerttl\" not found"}
{"level":"info","ts":"2019-12-03T21:04:26.549Z","logger":"broker_ingress","caller":"ingress/ingress_handler.go:120","msg":"Error retrieving TTL, defaulting.","commit":"7655d9c","error":"\"knativebrokerttl\" not found"}
{"level":"info","ts":"2019-12-03T21:04:26.551Z","logger":"broker_ingress","caller":"ingress/ingress_handler.go:120","msg":"Error retrieving TTL, defaulting.","commit":"7655d9c","error":"\"knativebrokerttl\" not found"}
{"level":"info","ts":"2019-12-03T21:04:26.552Z","logger":"broker_ingress","caller":"ingress/ingress_handler.go:120","msg":"Error retrieving TTL, defaulting.","commit":"7655d9c","error":"\"knativebrokerttl\" not found"}
{"level":"info","ts":"2019-12-03T21:04:26.552Z","logger":"broker_ingress","caller":"ingress/ingress_handler.go:120","msg":"Error retrieving TTL, defaulting.","commit":"7655d9c","error":"\"knativebrokerttl\" not found"}
{"level":"info","ts":"2019-12-03T21:04:26.550Z","logger":"broker_ingress","caller":"ingress/ingress_handler.go:120","msg":"Error retrieving TTL, defaulting.","commit":"7655d9c","error":"\"knativebrokerttl\" not found"}
{"level":"info","ts":"2019-12-03T21:04:26.556Z","logger":"broker_ingress","caller":"ingress/ingress_handler.go:120","msg":"Error retrieving TTL, defaulting.","commit":"7655d9c","error":"\"knativebrokerttl\" not found"}
{"level":"info","ts":"2019-12-03T21:04:26.557Z","logger":"broker_ingress","caller":"ingress/ingress_handler.go:120","msg":"Error retrieving TTL, defaulting.","commit":"7655d9c","error":"\"knativebrokerttl\" not found"}
{"level":"info","ts":"2019-12-03T21:04:26.558Z","logger":"broker_ingress","caller":"ingress/ingress_handler.go:120","msg":"Error retrieving TTL, defaulting.","commit":"7655d9c","error":"\"knativebrokerttl\" not found"}
{"level":"info","ts":"2019-12-03T21:04:26.559Z","logger":"broker_ingress","caller":"ingress/ingress_handler.go:120","msg":"Error retrieving TTL, defaulting.","commit":"7655d9c","error":"\"knativebrokerttl\" not found"}
{"level":"info","ts":"2019-12-03T21:04:26.555Z","logger":"broker_ingress","caller":"ingress/ingress_handler.go:120","msg":"Error retrieving TTL, defaulting.","commit":"7655d9c","error":"\"knativebrokerttl\" not found"}
{"level":"info","ts":"2019-12-03T21:04:26.555Z","logger":"broker_ingress","caller":"ingress/ingress_handler.go:120","msg":"Error retrieving TTL, defaulting.","commit":"7655d9c","error":"\"knativebrokerttl\" not found"}
{"level":"info","ts":"2019-12-03T21:04:26.560Z","logger":"broker_ingress","caller":"ingress/ingress_handler.go:120","msg":"Error retrieving TTL, defaulting.","commit":"7655d9c","error":"\"knativebrokerttl\" not found"}
{"level":"info","ts":"2019-12-03T21:04:26.561Z","logger":"broker_ingress","caller":"ingress/ingress_handler.go:120","msg":"Error retrieving TTL, defaulting.","commit":"7655d9c","error":"\"knativebrokerttl\" not found"}
{"level":"info","ts":"2019-12-03T21:04:26.561Z","logger":"broker_ingress","caller":"ingress/ingress_handler.go:120","msg":"Error retrieving TTL, defaulting.","commit":"7655d9c","error":"\"knativebrokerttl\" not found"}
{"level":"info","ts":"2019-12-03T21:04:26.562Z","logger":"broker_ingress","caller":"ingress/ingress_handler.go:120","msg":"Error retrieving TTL, defaulting.","commit":"7655d9c","error":"\"knativebrokerttl\" not found"}
{"level":"info","ts":"2019-12-03T21:04:26.563Z","logger":"broker_ingress","caller":"ingress/ingress_handler.go:120","msg":"Error retrieving TTL, defaulting.","commit":"7655d9c","error":"\"knativebrokerttl\" not found"}
{"level":"info","ts":"2019-12-03T21:04:26.564Z","logger":"broker_ingress","caller":"ingress/ingress_handler.go:120","msg":"Error retrieving TTL, defaulting.","commit":"7655d9c","error":"\"knativebrokerttl\" not found"}
{"level":"info","ts":"2019-12-03T21:04:26.565Z","logger":"broker_ingress","caller":"ingress/ingress_handler.go:120","msg":"Error retrieving TTL, defaulting.","commit":"7655d9c","error":"\"knativebrokerttl\" not found"}
{"level":"info","ts":"2019-12-03T21:04:26.565Z","logger":"broker_ingress","caller":"ingress/ingress_handler.go:120","msg":"Error retrieving TTL, defaulting.","commit":"7655d9c","error":"\"knativebrokerttl\" not found"}
{"level":"info","ts":"2019-12-03T21:04:26.566Z","logger":"broker_ingress","caller":"ingress/ingress_handler.go:120","msg":"Error retrieving TTL, defaulting.","commit":"7655d9c","error":"\"knativebrokerttl\" not found"}
{"level":"info","ts":"2019-12-03T21:04:26.567Z","logger":"broker_ingress","caller":"ingress/ingress_handler.go:120","msg":"Error retrieving TTL, defaulting.","commit":"7655d9c","error":"\"knativebrokerttl\" not found"}
{"level":"info","ts":"2019-12-03T21:04:26.569Z","logger":"broker_ingress","caller":"ingress/ingress_handler.go:120","msg":"Error retrieving TTL, defaulting.","commit":"7655d9c","error":"\"knativebrokerttl\" not found"}
{"level":"info","ts":"2019-12-03T21:04:26.569Z","logger":"broker_ingress","caller":"ingress/ingress_handler.go:120","msg":"Error retrieving TTL, defaulting.","commit":"7655d9c","error":"\"knativebrokerttl\" not found"}
{"level":"info","ts":"2019-12-03T21:04:26.569Z","logger":"broker_ingress","caller":"ingress/ingress_handler.go:120","msg":"Error retrieving TTL, defaulting.","commit":"7655d9c","error":"\"knativebrokerttl\" not found"}
{"level":"info","ts":"2019-12-03T21:04:26.570Z","logger":"broker_ingress","caller":"ingress/ingress_handler.go:120","msg":"Error retrieving TTL, defaulting.","commit":"7655d9c","error":"\"knativebrokerttl\" not found"}
{"level":"info","ts":"2019-12-03T21:04:26.570Z","logger":"broker_ingress","caller":"ingress/ingress_handler.go:120","msg":"Error retrieving TTL, defaulting.","commit":"7655d9c","error":"\"knativebrokerttl\" not found"}
{"level":"info","ts":"2019-12-03T21:04:26.571Z","logger":"broker_ingress","caller":"ingress/ingress_handler.go:120","msg":"Error retrieving TTL, defaulting.","commit":"7655d9c","error":"\"knativebrokerttl\" not found"}
{"level":"info","ts":"2019-12-03T21:04:26.573Z","logger":"broker_ingress","caller":"ingress/ingress_handler.go:120","msg":"Error retrieving TTL, defaulting.","commit":"7655d9c","error":"\"knativebrokerttl\" not found"}
{"level":"info","ts":"2019-12-03T21:04:26.573Z","logger":"broker_ingress","caller":"ingress/ingress_handler.go:120","msg":"Error retrieving TTL, defaulting.","commit":"7655d9c","error":"\"knativebrokerttl\" not found"}
{"level":"info","ts":"2019-12-03T21:04:26.581Z","logger":"broker_ingress","caller":"ingress/ingress_handler.go:120","msg":"Error retrieving TTL, defaulting.","commit":"7655d9c","error":"\"knativebrokerttl\" not found"}
{"level":"info","ts":"2019-12-03T21:04:26.582Z","logger":"broker_ingress","caller":"ingress/ingress_handler.go:120","msg":"Error retrieving TTL, defaulting.","commit":"7655d9c","error":"\"knativebrokerttl\" not found"}
{"level":"info","ts":"2019-12-03T21:04:26.582Z","logger":"broker_ingress","caller":"ingress/ingress_handler.go:120","msg":"Error retrieving TTL, defaulting.","commit":"7655d9c","error":"\"knativebrokerttl\" not found"}
{"level":"info","ts":"2019-12-03T21:04:26.582Z","logger":"broker_ingress","caller":"ingress/ingress_handler.go:120","msg":"Error retrieving TTL, defaulting.","commit":"7655d9c","error":"\"knativebrokerttl\" not found"}
{"level":"info","ts":"2019-12-03T21:04:26.594Z","logger":"broker_ingress","caller":"ingress/ingress_handler.go:120","msg":"Error retrieving TTL, defaulting.","commit":"7655d9c","error":"\"knativebrokerttl\" not found"}
{"level":"info","ts":"2019-12-03T21:04:26.594Z","logger":"broker_ingress","caller":"ingress/ingress_handler.go:120","msg":"Error retrieving TTL, defaulting.","commit":"7655d9c","error":"\"knativebrokerttl\" not found"}
{"level":"info","ts":"2019-12-03T21:04:26.594Z","logger":"broker_ingress","caller":"ingress/ingress_handler.go:120","msg":"Error retrieving TTL, defaulting.","commit":"7655d9c","error":"\"knativebrokerttl\" not found"}
{"level":"info","ts":"2019-12-03T21:04:26.594Z","logger":"broker_ingress","caller":"ingress/ingress_handler.go:120","msg":"Error retrieving TTL, defaulting.","commit":"7655d9c","error":"\"knativebrokerttl\" not found"}
{"level":"info","ts":"2019-12-03T21:04:26.594Z","logger":"broker_ingress","caller":"ingress/ingress_handler.go:120","msg":"Error retrieving TTL, defaulting.","commit":"7655d9c","error":"\"knativebrokerttl\" not found"}
{"level":"info","ts":"2019-12-03T21:04:26.595Z","logger":"broker_ingress","caller":"ingress/ingress_handler.go:120","msg":"Error retrieving TTL, defaulting.","commit":"7655d9c","error":"\"knativebrokerttl\" not found"}
{"level":"info","ts":"2019-12-03T21:04:26.596Z","logger":"broker_ingress","caller":"ingress/ingress_handler.go:120","msg":"Error retrieving TTL, defaulting.","commit":"7655d9c","error":"\"knativebrokerttl\" not found"}
{"level":"info","ts":"2019-12-03T21:04:26.597Z","logger":"broker_ingress","caller":"ingress/ingress_handler.go:120","msg":"Error retrieving TTL, defaulting.","commit":"7655d9c","error":"\"knativebrokerttl\" not found"}
{"level":"info","ts":"2019-12-03T21:04:26.597Z","logger":"broker_ingress","caller":"ingress/ingress_handler.go:120","msg":"Error retrieving TTL, defaulting.","commit":"7655d9c","error":"\"knativebrokerttl\" not found"}
{"level":"info","ts":"2019-12-03T21:04:26.598Z","logger":"broker_ingress","caller":"ingress/ingress_handler.go:120","msg":"Error retrieving TTL, defaulting.","commit":"7655d9c","error":"\"knativebrokerttl\" not found"}
{"level":"info","ts":"2019-12-03T21:04:26.600Z","logger":"broker_ingress","caller":"ingress/ingress_handler.go:120","msg":"Error retrieving TTL, defaulting.","commit":"7655d9c","error":"\"knativebrokerttl\" not found"}
{"level":"info","ts":"2019-12-03T21:04:26.602Z","logger":"broker_ingress","caller":"ingress/ingress_handler.go:120","msg":"Error retrieving TTL, defaulting.","commit":"7655d9c","error":"\"knativebrokerttl\" not found"}
{"level":"info","ts":"2019-12-03T21:04:26.594Z","logger":"broker_ingress","caller":"ingress/ingress_handler.go:120","msg":"Error retrieving TTL, defaulting.","commit":"7655d9c","error":"\"knativebrokerttl\" not found"}
{"level":"info","ts":"2019-12-03T21:04:26.603Z","logger":"broker_ingress","caller":"ingress/ingress_handler.go:120","msg":"Error retrieving TTL, defaulting.","commit":"7655d9c","error":"\"knativebrokerttl\" not found"}
{"level":"info","ts":"2019-12-03T21:04:26.604Z","logger":"broker_ingress","caller":"ingress/ingress_handler.go:120","msg":"Error retrieving TTL, defaulting.","commit":"7655d9c","error":"\"knativebrokerttl\" not found"}
{"level":"info","ts":"2019-12-03T21:04:26.604Z","logger":"broker_ingress","caller":"ingress/ingress_handler.go:120","msg":"Error retrieving TTL, defaulting.","commit":"7655d9c","error":"\"knativebrokerttl\" not found"}
{"level":"info","ts":"2019-12-03T21:04:26.604Z","logger":"broker_ingress","caller":"ingress/ingress_handler.go:120","msg":"Error retrieving TTL, defaulting.","commit":"7655d9c","error":"\"knativebrokerttl\" not found"}
{"level":"info","ts":"2019-12-03T21:04:26.605Z","logger":"broker_ingress","caller":"ingress/ingress_handler.go:120","msg":"Error retrieving TTL, defaulting.","commit":"7655d9c","error":"\"knativebrokerttl\" not found"}
{"level":"info","ts":"2019-12-03T21:04:26.605Z","logger":"broker_ingress","caller":"ingress/ingress_handler.go:120","msg":"Error retrieving TTL, defaulting.","commit":"7655d9c","error":"\"knativebrokerttl\" not found"}
{"level":"info","ts":"2019-12-03T21:04:26.605Z","logger":"broker_ingress","caller":"ingress/ingress_handler.go:120","msg":"Error retrieving TTL, defaulting.","commit":"7655d9c","error":"\"knativebrokerttl\" not found"}
{"level":"info","ts":"2019-12-03T21:04:26.605Z","logger":"broker_ingress","caller":"ingress/ingress_handler.go:120","msg":"Error retrieving TTL, defaulting.","commit":"7655d9c","error":"\"knativebrokerttl\" not found"}
{"level":"info","ts":"2019-12-03T21:04:26.605Z","logger":"broker_ingress","caller":"ingress/ingress_handler.go:120","msg":"Error retrieving TTL, defaulting.","commit":"7655d9c","error":"\"knativebrokerttl\" not found"}
{"level":"info","ts":"2019-12-03T21:04:26.605Z","logger":"broker_ingress","caller":"ingress/ingress_handler.go:120","msg":"Error retrieving TTL, defaulting.","commit":"7655d9c","error":"\"knativebrokerttl\" not found"}
{"level":"info","ts":"2019-12-03T21:04:26.607Z","logger":"broker_ingress","caller":"ingress/ingress_handler.go:120","msg":"Error retrieving TTL, defaulting.","commit":"7655d9c","error":"\"knativebrokerttl\" not found"}
{"level":"info","ts":"2019-12-03T21:04:26.607Z","logger":"broker_ingress","caller":"ingress/ingress_handler.go:120","msg":"Error retrieving TTL, defaulting.","commit":"7655d9c","error":"\"knativebrokerttl\" not found"}
{"level":"info","ts":"2019-12-03T21:04:26.609Z","logger":"broker_ingress","caller":"ingress/ingress_handler.go:120","msg":"Error retrieving TTL, defaulting.","commit":"7655d9c","error":"\"knativebrokerttl\" not found"}
{"level":"info","ts":"2019-12-03T21:04:26.609Z","logger":"broker_ingress","caller":"ingress/ingress_handler.go:120","msg":"Error retrieving TTL, defaulting.","commit":"7655d9c","error":"\"knativebrokerttl\" not found"}
{"level":"info","ts":"2019-12-03T21:04:26.609Z","logger":"broker_ingress","caller":"ingress/ingress_handler.go:120","msg":"Error retrieving TTL, defaulting.","commit":"7655d9c","error":"\"knativebrokerttl\" not found"}
{"level":"info","ts":"2019-12-03T21:04:26.610Z","logger":"broker_ingress","caller":"ingress/ingress_handler.go:120","msg":"Error retrieving TTL, defaulting.","commit":"7655d9c","error":"\"knativebrokerttl\" not found"}
{"level":"info","ts":"2019-12-03T21:04:26.610Z","logger":"broker_ingress","caller":"ingress/ingress_handler.go:120","msg":"Error retrieving TTL, defaulting.","commit":"7655d9c","error":"\"knativebrokerttl\" not found"}
{"level":"info","ts":"2019-12-03T21:04:26.610Z","logger":"broker_ingress","caller":"ingress/ingress_handler.go:120","msg":"Error retrieving TTL, defaulting.","commit":"7655d9c","error":"\"knativebrokerttl\" not found"}
{"level":"info","ts":"2019-12-03T21:04:26.611Z","logger":"broker_ingress","caller":"ingress/ingress_handler.go:120","msg":"Error retrieving TTL, defaulting.","commit":"7655d9c","error":"\"knativebrokerttl\" not found"}
{"level":"info","ts":"2019-12-03T21:04:26.612Z","logger":"broker_ingress","caller":"ingress/ingress_handler.go:120","msg":"Error retrieving TTL, defaulting.","commit":"7655d9c","error":"\"knativebrokerttl\" not found"}
{"level":"info","ts":"2019-12-03T21:04:26.611Z","logger":"broker_ingress","caller":"ingress/ingress_handler.go:120","msg":"Error retrieving TTL, defaulting.","commit":"7655d9c","error":"\"knativebrokerttl\" not found"}
{"level":"info","ts":"2019-12-03T21:04:26.613Z","logger":"broker_ingress","caller":"ingress/ingress_handler.go:120","msg":"Error retrieving TTL, defaulting.","commit":"7655d9c","error":"\"knativebrokerttl\" not found"}
{"level":"info","ts":"2019-12-03T21:04:26.615Z","logger":"broker_ingress","caller":"ingress/ingress_handler.go:120","msg":"Error retrieving TTL, defaulting.","commit":"7655d9c","error":"\"knativebrokerttl\" not found"}
{"level":"info","ts":"2019-12-03T21:04:26.616Z","logger":"broker_ingress","caller":"ingress/ingress_handler.go:120","msg":"Error retrieving TTL, defaulting.","commit":"7655d9c","error":"\"knativebrokerttl\" not found"}
{"level":"info","ts":"2019-12-03T21:04:26.617Z","logger":"broker_ingress","caller":"ingress/ingress_handler.go:120","msg":"Error retrieving TTL, defaulting.","commit":"7655d9c","error":"\"knativebrokerttl\" not found"}
{"level":"info","ts":"2019-12-03T21:04:26.617Z","logger":"broker_ingress","caller":"ingress/ingress_handler.go:120","msg":"Error retrieving TTL, defaulting.","commit":"7655d9c","error":"\"knativebrokerttl\" not found"}
{"level":"info","ts":"2019-12-03T21:04:26.618Z","logger":"broker_ingress","caller":"ingress/ingress_handler.go:120","msg":"Error retrieving TTL, defaulting.","commit":"7655d9c","error":"\"knativebrokerttl\" not found"}
{"level":"info","ts":"2019-12-03T21:04:26.621Z","logger":"broker_ingress","caller":"ingress/ingress_handler.go:120","msg":"Error retrieving TTL, defaulting.","commit":"7655d9c","error":"\"knativebrokerttl\" not found"}
{"level":"info","ts":"2019-12-03T21:04:26.621Z","logger":"broker_ingress","caller":"ingress/ingress_handler.go:120","msg":"Error retrieving TTL, defaulting.","commit":"7655d9c","error":"\"knativebrokerttl\" not found"}
{"level":"info","ts":"2019-12-03T21:04:26.622Z","logger":"broker_ingress","caller":"ingress/ingress_handler.go:120","msg":"Error retrieving TTL, defaulting.","commit":"7655d9c","error":"\"knativebrokerttl\" not found"}
{"level":"info","ts":"2019-12-03T21:04:26.624Z","logger":"broker_ingress","caller":"ingress/ingress_handler.go:120","msg":"Error retrieving TTL, defaulting.","commit":"7655d9c","error":"\"knativebrokerttl\" not found"}
{"level":"info","ts":"2019-12-03T21:04:26.625Z","logger":"broker_ingress","caller":"ingress/ingress_handler.go:120","msg":"Error retrieving TTL, defaulting.","commit":"7655d9c","error":"\"knativebrokerttl\" not found"}
{"level":"info","ts":"2019-12-03T21:04:26.625Z","logger":"broker_ingress","caller":"ingress/ingress_handler.go:120","msg":"Error retrieving TTL, defaulting.","commit":"7655d9c","error":"\"knativebrokerttl\" not found"}
{"level":"info","ts":"2019-12-03T21:04:26.626Z","logger":"broker_ingress","caller":"ingress/ingress_handler.go:120","msg":"Error retrieving TTL, defaulting.","commit":"7655d9c","error":"\"knativebrokerttl\" not found"}
{"level":"info","ts":"2019-12-03T21:04:26.627Z","logger":"broker_ingress","caller":"ingress/ingress_handler.go:120","msg":"Error retrieving TTL, defaulting.","commit":"7655d9c","error":"\"knativebrokerttl\" not found"}
{"level":"info","ts":"2019-12-03T21:04:26.629Z","logger":"broker_ingress","caller":"ingress/ingress_handler.go:120","msg":"Error retrieving TTL, defaulting.","commit":"7655d9c","error":"\"knativebrokerttl\" not found"}
{"level":"info","ts":"2019-12-03T21:04:26.630Z","logger":"broker_ingress","caller":"ingress/ingress_handler.go:120","msg":"Error retrieving TTL, defaulting.","commit":"7655d9c","error":"\"knativebrokerttl\" not found"}
{"level":"info","ts":"2019-12-03T21:04:26.631Z","logger":"broker_ingress","caller":"ingress/ingress_handler.go:120","msg":"Error retrieving TTL, defaulting.","commit":"7655d9c","error":"\"knativebrokerttl\" not found"}
{"level":"info","ts":"2019-12-03T21:04:26.633Z","logger":"broker_ingress","caller":"ingress/ingress_handler.go:120","msg":"Error retrieving TTL, defaulting.","commit":"7655d9c","error":"\"knativebrokerttl\" not found"}
{"level":"info","ts":"2019-12-03T21:04:26.634Z","logger":"broker_ingress","caller":"ingress/ingress_handler.go:120","msg":"Error retrieving TTL, defaulting.","commit":"7655d9c","error":"\"knativebrokerttl\" not found"}
{"level":"info","ts":"2019-12-03T21:04:26.634Z","logger":"broker_ingress","caller":"ingress/ingress_handler.go:120","msg":"Error retrieving TTL, defaulting.","commit":"7655d9c","error":"\"knativebrokerttl\" not found"}
{"level":"info","ts":"2019-12-03T21:04:26.636Z","logger":"broker_ingress","caller":"ingress/ingress_handler.go:120","msg":"Error retrieving TTL, defaulting.","commit":"7655d9c","error":"\"knativebrokerttl\" not found"}
{"level":"info","ts":"2019-12-03T21:04:26.637Z","logger":"broker_ingress","caller":"ingress/ingress_handler.go:120","msg":"Error retrieving TTL, defaulting.","commit":"7655d9c","error":"\"knativebrokerttl\" not found"}
{"level":"info","ts":"2019-12-03T21:04:26.640Z","logger":"broker_ingress","caller":"ingress/ingress_handler.go:120","msg":"Error retrieving TTL, defaulting.","commit":"7655d9c","error":"\"knativebrokerttl\" not found"}
{"level":"info","ts":"2019-12-03T21:04:26.641Z","logger":"broker_ingress","caller":"ingress/ingress_handler.go:120","msg":"Error retrieving TTL, defaulting.","commit":"7655d9c","error":"\"knativebrokerttl\" not found"}
{"level":"info","ts":"2019-12-03T21:04:26.642Z","logger":"broker_ingress","caller":"ingress/ingress_handler.go:120","msg":"Error retrieving TTL, defaulting.","commit":"7655d9c","error":"\"knativebrokerttl\" not found"}
{"level":"info","ts":"2019-12-03T21:04:26.643Z","logger":"broker_ingress","caller":"ingress/ingress_handler.go:120","msg":"Error retrieving TTL, defaulting.","commit":"7655d9c","error":"\"knativebrokerttl\" not found"}
{"level":"info","ts":"2019-12-03T21:04:26.645Z","logger":"broker_ingress","caller":"ingress/ingress_handler.go:120","msg":"Error retrieving TTL, defaulting.","commit":"7655d9c","error":"\"knativebrokerttl\" not found"}
{"level":"info","ts":"2019-12-03T21:04:26.645Z","logger":"broker_ingress","caller":"ingress/ingress_handler.go:120","msg":"Error retrieving TTL, defaulting.","commit":"7655d9c","error":"\"knativebrokerttl\" not found"}
{"level":"info","ts":"2019-12-03T21:04:26.647Z","logger":"broker_ingress","caller":"ingress/ingress_handler.go:120","msg":"Error retrieving TTL, defaulting.","commit":"7655d9c","error":"\"knativebrokerttl\" not found"}
{"level":"info","ts":"2019-12-03T21:04:26.649Z","logger":"broker_ingress","caller":"ingress/ingress_handler.go:120","msg":"Error retrieving TTL, defaulting.","commit":"7655d9c","error":"\"knativebrokerttl\" not found"}
{"level":"info","ts":"2019-12-03T21:04:26.648Z","logger":"broker_ingress","caller":"ingress/ingress_handler.go:120","msg":"Error retrieving TTL, defaulting.","commit":"7655d9c","error":"\"knativebrokerttl\" not found"}
{"level":"info","ts":"2019-12-03T21:04:26.653Z","logger":"broker_ingress","caller":"ingress/ingress_handler.go:120","msg":"Error retrieving TTL, defaulting.","commit":"7655d9c","error":"\"knativebrokerttl\" not found"}
{"level":"info","ts":"2019-12-03T21:04:26.654Z","logger":"broker_ingress","caller":"ingress/ingress_handler.go:120","msg":"Error retrieving TTL, defaulting.","commit":"7655d9c","error":"\"knativebrokerttl\" not found"}
{"level":"info","ts":"2019-12-03T21:04:26.655Z","logger":"broker_ingress","caller":"ingress/ingress_handler.go:120","msg":"Error retrieving TTL, defaulting.","commit":"7655d9c","error":"\"knativebrokerttl\" not found"}
{"level":"info","ts":"2019-12-03T21:04:26.658Z","logger":"broker_ingress","caller":"ingress/ingress_handler.go:120","msg":"Error retrieving TTL, defaulting.","commit":"7655d9c","error":"\"knativebrokerttl\" not found"}
{"level":"info","ts":"2019-12-03T21:04:26.658Z","logger":"broker_ingress","caller":"ingress/ingress_handler.go:120","msg":"Error retrieving TTL, defaulting.","commit":"7655d9c","error":"\"knativebrokerttl\" not found"}
{"level":"info","ts":"2019-12-03T21:04:26.657Z","logger":"broker_ingress","caller":"ingress/ingress_handler.go:120","msg":"Error retrieving TTL, defaulting.","commit":"7655d9c","error":"\"knativebrokerttl\" not found"}
{"level":"info","ts":"2019-12-03T21:04:26.659Z","logger":"broker_ingress","caller":"ingress/ingress_handler.go:120","msg":"Error retrieving TTL, defaulting.","commit":"7655d9c","error":"\"knativebrokerttl\" not found"}
{"level":"info","ts":"2019-12-03T21:04:26.660Z","logger":"broker_ingress","caller":"ingress/ingress_handler.go:120","msg":"Error retrieving TTL, defaulting.","commit":"7655d9c","error":"\"knativebrokerttl\" not found"}
{"level":"info","ts":"2019-12-03T21:04:26.666Z","logger":"broker_ingress","caller":"ingress/ingress_handler.go:120","msg":"Error retrieving TTL, defaulting.","commit":"7655d9c","error":"\"knativebrokerttl\" not found"}
{"level":"info","ts":"2019-12-03T21:04:26.668Z","logger":"broker_ingress","caller":"ingress/ingress_handler.go:120","msg":"Error retrieving TTL, defaulting.","commit":"7655d9c","error":"\"knativebrokerttl\" not found"}
{"level":"info","ts":"2019-12-03T21:04:26.669Z","logger":"broker_ingress","caller":"ingress/ingress_handler.go:120","msg":"Error retrieving TTL, defaulting.","commit":"7655d9c","error":"\"knativebrokerttl\" not found"}
{"level":"info","ts":"2019-12-03T21:04:26.669Z","logger":"broker_ingress","caller":"ingress/ingress_handler.go:120","msg":"Error retrieving TTL, defaulting.","commit":"7655d9c","error":"\"knativebrokerttl\" not found"}
{"level":"info","ts":"2019-12-03T21:04:26.670Z","logger":"broker_ingress","caller":"ingress/ingress_handler.go:120","msg":"Error retrieving TTL, defaulting.","commit":"7655d9c","error":"\"knativebrokerttl\" not found"}
{"level":"info","ts":"2019-12-03T21:04:26.671Z","logger":"broker_ingress","caller":"ingress/ingress_handler.go:120","msg":"Error retrieving TTL, defaulting.","commit":"7655d9c","error":"\"knativebrokerttl\" not found"}
{"level":"info","ts":"2019-12-03T21:04:26.673Z","logger":"broker_ingress","caller":"ingress/ingress_handler.go:120","msg":"Error retrieving TTL, defaulting.","commit":"7655d9c","error":"\"knativebrokerttl\" not found"}
{"level":"info","ts":"2019-12-03T21:04:26.674Z","logger":"broker_ingress","caller":"ingress/ingress_handler.go:120","msg":"Error retrieving TTL, defaulting.","commit":"7655d9c","error":"\"knativebrokerttl\" not found"}
{"level":"info","ts":"2019-12-03T21:04:26.674Z","logger":"broker_ingress","caller":"ingress/ingress_handler.go:120","msg":"Error retrieving TTL, defaulting.","commit":"7655d9c","error":"\"knativebrokerttl\" not found"}
{"level":"info","ts":"2019-12-03T21:04:26.675Z","logger":"broker_ingress","caller":"ingress/ingress_handler.go:120","msg":"Error retrieving TTL, defaulting.","commit":"7655d9c","error":"\"knativebrokerttl\" not found"}
{"level":"info","ts":"2019-12-03T21:04:26.676Z","logger":"broker_ingress","caller":"ingress/ingress_handler.go:120","msg":"Error retrieving TTL, defaulting.","commit":"7655d9c","error":"\"knativebrokerttl\" not found"}
{"level":"info","ts":"2019-12-03T21:04:26.677Z","logger":"broker_ingress","caller":"ingress/ingress_handler.go:120","msg":"Error retrieving TTL, defaulting.","commit":"7655d9c","error":"\"knativebrokerttl\" not found"}
{"level":"info","ts":"2019-12-03T21:04:26.678Z","logger":"broker_ingress","caller":"ingress/ingress_handler.go:120","msg":"Error retrieving TTL, defaulting.","commit":"7655d9c","error":"\"knativebrokerttl\" not found"}
{"level":"info","ts":"2019-12-03T21:04:26.679Z","logger":"broker_ingress","caller":"ingress/ingress_handler.go:120","msg":"Error retrieving TTL, defaulting.","commit":"7655d9c","error":"\"knativebrokerttl\" not found"}
{"level":"info","ts":"2019-12-03T21:04:26.678Z","logger":"broker_ingress","caller":"ingress/ingress_handler.go:120","msg":"Error retrieving TTL, defaulting.","commit":"7655d9c","error":"\"knativebrokerttl\" not found"}
{"level":"info","ts":"2019-12-03T21:04:26.680Z","logger":"broker_ingress","caller":"ingress/ingress_handler.go:120","msg":"Error retrieving TTL, defaulting.","commit":"7655d9c","error":"\"knativebrokerttl\" not found"}
{"level":"info","ts":"2019-12-03T21:04:26.681Z","logger":"broker_ingress","caller":"ingress/ingress_handler.go:120","msg":"Error retrieving TTL, defaulting.","commit":"7655d9c","error":"\"knativebrokerttl\" not found"}
{"level":"info","ts":"2019-12-03T21:04:26.683Z","logger":"broker_ingress","caller":"ingress/ingress_handler.go:120","msg":"Error retrieving TTL, defaulting.","commit":"7655d9c","error":"\"knativebrokerttl\" not found"}
{"level":"info","ts":"2019-12-03T21:04:26.685Z","logger":"broker_ingress","caller":"ingress/ingress_handler.go:120","msg":"Error retrieving TTL, defaulting.","commit":"7655d9c","error":"\"knativebrokerttl\" not found"}
{"level":"info","ts":"2019-12-03T21:04:26.686Z","logger":"broker_ingress","caller":"ingress/ingress_handler.go:120","msg":"Error retrieving TTL, defaulting.","commit":"7655d9c","error":"\"knativebrokerttl\" not found"}
{"level":"info","ts":"2019-12-03T21:04:26.683Z","logger":"broker_ingress","caller":"ingress/ingress_handler.go:120","msg":"Error retrieving TTL, defaulting.","commit":"7655d9c","error":"\"knativebrokerttl\" not found"}
{"level":"info","ts":"2019-12-03T21:04:26.688Z","logger":"broker_ingress","caller":"ingress/ingress_handler.go:120","msg":"Error retrieving TTL, defaulting.","commit":"7655d9c","error":"\"knativebrokerttl\" not found"}
{"level":"info","ts":"2019-12-03T21:04:26.688Z","logger":"broker_ingress","caller":"ingress/ingress_handler.go:120","msg":"Error retrieving TTL, defaulting.","commit":"7655d9c","error":"\"knativebrokerttl\" not found"}
{"level":"info","ts":"2019-12-03T21:04:26.689Z","logger":"broker_ingress","caller":"ingress/ingress_handler.go:120","msg":"Error retrieving TTL, defaulting.","commit":"7655d9c","error":"\"knativebrokerttl\" not found"}
{"level":"info","ts":"2019-12-03T21:04:26.690Z","logger":"broker_ingress","caller":"ingress/ingress_handler.go:120","msg":"Error retrieving TTL, defaulting.","commit":"7655d9c","error":"\"knativebrokerttl\" not found"}
{"level":"info","ts":"2019-12-03T21:04:26.692Z","logger":"broker_ingress","caller":"ingress/ingress_handler.go:120","msg":"Error retrieving TTL, defaulting.","commit":"7655d9c","error":"\"knativebrokerttl\" not found"}
{"level":"info","ts":"2019-12-03T21:04:26.693Z","logger":"broker_ingress","caller":"ingress/ingress_handler.go:120","msg":"Error retrieving TTL, defaulting.","commit":"7655d9c","error":"\"knativebrokerttl\" not found"}
{"level":"info","ts":"2019-12-03T21:04:26.694Z","logger":"broker_ingress","caller":"ingress/ingress_handler.go:120","msg":"Error retrieving TTL, defaulting.","commit":"7655d9c","error":"\"knativebrokerttl\" not found"}
{"level":"info","ts":"2019-12-03T21:04:26.695Z","logger":"broker_ingress","caller":"ingress/ingress_handler.go:120","msg":"Error retrieving TTL, defaulting.","commit":"7655d9c","error":"\"knativebrokerttl\" not found"}
{"level":"info","ts":"2019-12-03T21:04:26.696Z","logger":"broker_ingress","caller":"ingress/ingress_handler.go:120","msg":"Error retrieving TTL, defaulting.","commit":"7655d9c","error":"\"knativebrokerttl\" not found"}
{"level":"info","ts":"2019-12-03T21:04:26.697Z","logger":"broker_ingress","caller":"ingress/ingress_handler.go:120","msg":"Error retrieving TTL, defaulting.","commit":"7655d9c","error":"\"knativebrokerttl\" not found"}
{"level":"info","ts":"2019-12-03T21:04:26.698Z","logger":"broker_ingress","caller":"ingress/ingress_handler.go:120","msg":"Error retrieving TTL, defaulting.","commit":"7655d9c","error":"\"knativebrokerttl\" not found"}
{"level":"info","ts":"2019-12-03T21:04:26.699Z","logger":"broker_ingress","caller":"ingress/ingress_handler.go:120","msg":"Error retrieving TTL, defaulting.","commit":"7655d9c","error":"\"knativebrokerttl\" not found"}
{"level":"info","ts":"2019-12-03T21:04:26.700Z","logger":"broker_ingress","caller":"ingress/ingress_handler.go:120","msg":"Error retrieving TTL, defaulting.","commit":"7655d9c","error":"\"knativebrokerttl\" not found"}
{"level":"info","ts":"2019-12-03T21:04:26.702Z","logger":"broker_ingress","caller":"ingress/ingress_handler.go:120","msg":"Error retrieving TTL, defaulting.","commit":"7655d9c","error":"\"knativebrokerttl\" not found"}
{"level":"info","ts":"2019-12-03T21:04:26.704Z","logger":"broker_ingress","caller":"ingress/ingress_handler.go:120","msg":"Error retrieving TTL, defaulting.","commit":"7655d9c","error":"\"knativebrokerttl\" not found"}
{"level":"info","ts":"2019-12-03T21:04:26.707Z","logger":"broker_ingress","caller":"ingress/ingress_handler.go:120","msg":"Error retrieving TTL, defaulting.","commit":"7655d9c","error":"\"knativebrokerttl\" not found"}
{"level":"info","ts":"2019-12-03T21:04:26.708Z","logger":"broker_ingress","caller":"ingress/ingress_handler.go:120","msg":"Error retrieving TTL, defaulting.","commit":"7655d9c","error":"\"knativebrokerttl\" not found"}
{"level":"info","ts":"2019-12-03T21:04:26.709Z","logger":"broker_ingress","caller":"ingress/ingress_handler.go:120","msg":"Error retrieving TTL, defaulting.","commit":"7655d9c","error":"\"knativebrokerttl\" not found"}
{"level":"info","ts":"2019-12-03T21:04:26.708Z","logger":"broker_ingress","caller":"ingress/ingress_handler.go:120","msg":"Error retrieving TTL, defaulting.","commit":"7655d9c","error":"\"knativebrokerttl\" not found"}
{"level":"info","ts":"2019-12-03T21:04:26.710Z","logger":"broker_ingress","caller":"ingress/ingress_handler.go:120","msg":"Error retrieving TTL, defaulting.","commit":"7655d9c","error":"\"knativebrokerttl\" not found"}
{"level":"info","ts":"2019-12-03T21:04:26.738Z","logger":"broker_ingress","caller":"ingress/ingress_handler.go:120","msg":"Error retrieving TTL, defaulting.","commit":"7655d9c","error":"\"knativebrokerttl\" not found"}
{"level":"info","ts":"2019-12-03T21:04:26.739Z","logger":"broker_ingress","caller":"ingress/ingress_handler.go:120","msg":"Error retrieving TTL, defaulting.","commit":"7655d9c","error":"\"knativebrokerttl\" not found"}
{"level":"info","ts":"2019-12-03T21:04:26.739Z","logger":"broker_ingress","caller":"ingress/ingress_handler.go:120","msg":"Error retrieving TTL, defaulting.","commit":"7655d9c","error":"\"knativebrokerttl\" not found"}
{"level":"info","ts":"2019-12-03T21:04:26.740Z","logger":"broker_ingress","caller":"ingress/ingress_handler.go:120","msg":"Error retrieving TTL, defaulting.","commit":"7655d9c","error":"\"knativebrokerttl\" not found"}
{"level":"info","ts":"2019-12-03T21:04:26.740Z","logger":"broker_ingress","caller":"ingress/ingress_handler.go:120","msg":"Error retrieving TTL, defaulting.","commit":"7655d9c","error":"\"knativebrokerttl\" not found"}
{"level":"info","ts":"2019-12-03T21:04:26.741Z","logger":"broker_ingress","caller":"ingress/ingress_handler.go:120","msg":"Error retrieving TTL, defaulting.","commit":"7655d9c","error":"\"knativebrokerttl\" not found"}
{"level":"info","ts":"2019-12-03T21:04:26.741Z","logger":"broker_ingress","caller":"ingress/ingress_handler.go:120","msg":"Error retrieving TTL, defaulting.","commit":"7655d9c","error":"\"knativebrokerttl\" not found"}
{"level":"info","ts":"2019-12-03T21:04:26.742Z","logger":"broker_ingress","caller":"ingress/ingress_handler.go:120","msg":"Error retrieving TTL, defaulting.","commit":"7655d9c","error":"\"knativebrokerttl\" not found"}
{"level":"info","ts":"2019-12-03T21:04:26.742Z","logger":"broker_ingress","caller":"ingress/ingress_handler.go:120","msg":"Error retrieving TTL, defaulting.","commit":"7655d9c","error":"\"knativebrokerttl\" not found"}
{"level":"info","ts":"2019-12-03T21:04:26.741Z","logger":"broker_ingress","caller":"ingress/ingress_handler.go:120","msg":"Error retrieving TTL, defaulting.","commit":"7655d9c","error":"\"knativebrokerttl\" not found"}
{"level":"info","ts":"2019-12-03T21:04:26.743Z","logger":"broker_ingress","caller":"ingress/ingress_handler.go:120","msg":"Error retrieving TTL, defaulting.","commit":"7655d9c","error":"\"knativebrokerttl\" not found"}
{"level":"info","ts":"2019-12-03T21:04:26.743Z","logger":"broker_ingress","caller":"ingress/ingress_handler.go:120","msg":"Error retrieving TTL, defaulting.","commit":"7655d9c","error":"\"knativebrokerttl\" not found"}
{"level":"info","ts":"2019-12-03T21:04:26.743Z","logger":"broker_ingress","caller":"ingress/ingress_handler.go:120","msg":"Error retrieving TTL, defaulting.","commit":"7655d9c","error":"\"knativebrokerttl\" not found"}
{"level":"info","ts":"2019-12-03T21:04:26.743Z","logger":"broker_ingress","caller":"ingress/ingress_handler.go:120","msg":"Error retrieving TTL, defaulting.","commit":"7655d9c","error":"\"knativebrokerttl\" not found"}
{"level":"info","ts":"2019-12-03T21:04:26.744Z","logger":"broker_ingress","caller":"ingress/ingress_handler.go:120","msg":"Error retrieving TTL, defaulting.","commit":"7655d9c","error":"\"knativebrokerttl\" not found"}
{"level":"info","ts":"2019-12-03T21:04:26.744Z","logger":"broker_ingress","caller":"ingress/ingress_handler.go:120","msg":"Error retrieving TTL, defaulting.","commit":"7655d9c","error":"\"knativebrokerttl\" not found"}
{"level":"info","ts":"2019-12-03T21:04:26.745Z","logger":"broker_ingress","caller":"ingress/ingress_handler.go:120","msg":"Error retrieving TTL, defaulting.","commit":"7655d9c","error":"\"knativebrokerttl\" not found"}
{"level":"info","ts":"2019-12-03T21:04:26.745Z","logger":"broker_ingress","caller":"ingress/ingress_handler.go:120","msg":"Error retrieving TTL, defaulting.","commit":"7655d9c","error":"\"knativebrokerttl\" not found"}
{"level":"info","ts":"2019-12-03T21:04:26.746Z","logger":"broker_ingress","caller":"ingress/ingress_handler.go:120","msg":"Error retrieving TTL, defaulting.","commit":"7655d9c","error":"\"knativebrokerttl\" not found"}
{"level":"info","ts":"2019-12-03T21:04:26.745Z","logger":"broker_ingress","caller":"ingress/ingress_handler.go:120","msg":"Error retrieving TTL, defaulting.","commit":"7655d9c","error":"\"knativebrokerttl\" not found"}
{"level":"info","ts":"2019-12-03T21:04:26.746Z","logger":"broker_ingress","caller":"ingress/ingress_handler.go:120","msg":"Error retrieving TTL, defaulting.","commit":"7655d9c","error":"\"knativebrokerttl\" not found"}
{"level":"info","ts":"2019-12-03T21:04:26.748Z","logger":"broker_ingress","caller":"ingress/ingress_handler.go:120","msg":"Error retrieving TTL, defaulting.","commit":"7655d9c","error":"\"knativebrokerttl\" not found"}
{"level":"info","ts":"2019-12-03T21:04:26.746Z","logger":"broker_ingress","caller":"ingress/ingress_handler.go:120","msg":"Error retrieving TTL, defaulting.","commit":"7655d9c","error":"\"knativebrokerttl\" not found"}
{"level":"info","ts":"2019-12-03T21:04:26.749Z","logger":"broker_ingress","caller":"ingress/ingress_handler.go:120","msg":"Error retrieving TTL, defaulting.","commit":"7655d9c","error":"\"knativebrokerttl\" not found"}
{"level":"info","ts":"2019-12-03T21:04:26.746Z","logger":"broker_ingress","caller":"ingress/ingress_handler.go:120","msg":"Error retrieving TTL, defaulting.","commit":"7655d9c","error":"\"knativebrokerttl\" not found"}
{"level":"info","ts":"2019-12-03T21:04:26.746Z","logger":"broker_ingress","caller":"ingress/ingress_handler.go:120","msg":"Error retrieving TTL, defaulting.","commit":"7655d9c","error":"\"knativebrokerttl\" not found"}
{"level":"info","ts":"2019-12-03T21:04:26.747Z","logger":"broker_ingress","caller":"ingress/ingress_handler.go:120","msg":"Error retrieving TTL, defaulting.","commit":"7655d9c","error":"\"knativebrokerttl\" not found"}
{"level":"info","ts":"2019-12-03T21:04:26.751Z","logger":"broker_ingress","caller":"ingress/ingress_handler.go:120","msg":"Error retrieving TTL, defaulting.","commit":"7655d9c","error":"\"knativebrokerttl\" not found"}
{"level":"info","ts":"2019-12-03T21:04:26.747Z","logger":"broker_ingress","caller":"ingress/ingress_handler.go:120","msg":"Error retrieving TTL, defaulting.","commit":"7655d9c","error":"\"knativebrokerttl\" not found"}
{"level":"info","ts":"2019-12-03T21:04:26.752Z","logger":"broker_ingress","caller":"ingress/ingress_handler.go:120","msg":"Error retrieving TTL, defaulting.","commit":"7655d9c","error":"\"knativebrokerttl\" not found"}
{"level":"info","ts":"2019-12-03T21:04:26.751Z","logger":"broker_ingress","caller":"ingress/ingress_handler.go:120","msg":"Error retrieving TTL, defaulting.","commit":"7655d9c","error":"\"knativebrokerttl\" not found"}
{"level":"info","ts":"2019-12-03T21:04:26.747Z","logger":"broker_ingress","caller":"ingress/ingress_handler.go:120","msg":"Error retrieving TTL, defaulting.","commit":"7655d9c","error":"\"knativebrokerttl\" not found"}
{"level":"info","ts":"2019-12-03T21:04:26.752Z","logger":"broker_ingress","caller":"ingress/ingress_handler.go:120","msg":"Error retrieving TTL, defaulting.","commit":"7655d9c","error":"\"knativebrokerttl\" not found"}
{"level":"info","ts":"2019-12-03T21:04:26.752Z","logger":"broker_ingress","caller":"ingress/ingress_handler.go:120","msg":"Error retrieving TTL, defaulting.","commit":"7655d9c","error":"\"knativebrokerttl\" not found"}
{"level":"info","ts":"2019-12-03T21:04:26.747Z","logger":"broker_ingress","caller":"ingress/ingress_handler.go:120","msg":"Error retrieving TTL, defaulting.","commit":"7655d9c","error":"\"knativebrokerttl\" not found"}
{"level":"info","ts":"2019-12-03T21:04:26.747Z","logger":"broker_ingress","caller":"ingress/ingress_handler.go:120","msg":"Error retrieving TTL, defaulting.","commit":"7655d9c","error":"\"knativebrokerttl\" not found"}
{"level":"info","ts":"2019-12-03T21:04:26.754Z","logger":"broker_ingress","caller":"ingress/ingress_handler.go:120","msg":"Error retrieving TTL, defaulting.","commit":"7655d9c","error":"\"knativebrokerttl\" not found"}
{"level":"info","ts":"2019-12-03T21:04:26.754Z","logger":"broker_ingress","caller":"ingress/ingress_handler.go:120","msg":"Error retrieving TTL, defaulting.","commit":"7655d9c","error":"\"knativebrokerttl\" not found"}
{"level":"info","ts":"2019-12-03T21:04:26.747Z","logger":"broker_ingress","caller":"ingress/ingress_handler.go:120","msg":"Error retrieving TTL, defaulting.","commit":"7655d9c","error":"\"knativebrokerttl\" not found"}
{"level":"info","ts":"2019-12-03T21:04:26.754Z","logger":"broker_ingress","caller":"ingress/ingress_handler.go:120","msg":"Error retrieving TTL, defaulting.","commit":"7655d9c","error":"\"knativebrokerttl\" not found"}
{"level":"info","ts":"2019-12-03T21:04:26.756Z","logger":"broker_ingress","caller":"ingress/ingress_handler.go:120","msg":"Error retrieving TTL, defaulting.","commit":"7655d9c","error":"\"knativebrokerttl\" not found"}
{"level":"info","ts":"2019-12-03T21:04:26.755Z","logger":"broker_ingress","caller":"ingress/ingress_handler.go:120","msg":"Error retrieving TTL, defaulting.","commit":"7655d9c","error":"\"knativebrokerttl\" not found"}
{"level":"info","ts":"2019-12-03T21:04:26.748Z","logger":"broker_ingress","caller":"ingress/ingress_handler.go:120","msg":"Error retrieving TTL, defaulting.","commit":"7655d9c","error":"\"knativebrokerttl\" not found"}
{"level":"info","ts":"2019-12-03T21:04:26.757Z","logger":"broker_ingress","caller":"ingress/ingress_handler.go:120","msg":"Error retrieving TTL, defaulting.","commit":"7655d9c","error":"\"knativebrokerttl\" not found"}
{"level":"info","ts":"2019-12-03T21:04:26.761Z","logger":"broker_ingress","caller":"ingress/ingress_handler.go:120","msg":"Error retrieving TTL, defaulting.","commit":"7655d9c","error":"\"knativebrokerttl\" not found"}
{"level":"info","ts":"2019-12-03T21:04:26.757Z","logger":"broker_ingress","caller":"ingress/ingress_handler.go:120","msg":"Error retrieving TTL, defaulting.","commit":"7655d9c","error":"\"knativebrokerttl\" not found"}
{"level":"info","ts":"2019-12-03T21:04:26.750Z","logger":"broker_ingress","caller":"ingress/ingress_handler.go:120","msg":"Error retrieving TTL, defaulting.","commit":"7655d9c","error":"\"knativebrokerttl\" not found"}
{"level":"info","ts":"2019-12-03T21:04:26.750Z","logger":"broker_ingress","caller":"ingress/ingress_handler.go:120","msg":"Error retrieving TTL, defaulting.","commit":"7655d9c","error":"\"knativebrokerttl\" not found"}
{"level":"info","ts":"2019-12-03T21:04:26.750Z","logger":"broker_ingress","caller":"ingress/ingress_handler.go:120","msg":"Error retrieving TTL, defaulting.","commit":"7655d9c","error":"\"knativebrokerttl\" not found"}
{"level":"info","ts":"2019-12-03T21:04:26.763Z","logger":"broker_ingress","caller":"ingress/ingress_handler.go:120","msg":"Error retrieving TTL, defaulting.","commit":"7655d9c","error":"\"knativebrokerttl\" not found"}
{"level":"info","ts":"2019-12-03T21:04:26.764Z","logger":"broker_ingress","caller":"ingress/ingress_handler.go:120","msg":"Error retrieving TTL, defaulting.","commit":"7655d9c","error":"\"knativebrokerttl\" not found"}
{"level":"info","ts":"2019-12-03T21:04:26.765Z","logger":"broker_ingress","caller":"ingress/ingress_handler.go:120","msg":"Error retrieving TTL, defaulting.","commit":"7655d9c","error":"\"knativebrokerttl\" not found"}
{"level":"info","ts":"2019-12-03T21:04:26.767Z","logger":"broker_ingress","caller":"ingress/ingress_handler.go:120","msg":"Error retrieving TTL, defaulting.","commit":"7655d9c","error":"\"knativebrokerttl\" not found"}
{"level":"info","ts":"2019-12-03T21:04:26.767Z","logger":"broker_ingress","caller":"ingress/ingress_handler.go:120","msg":"Error retrieving TTL, defaulting.","commit":"7655d9c","error":"\"knativebrokerttl\" not found"}
{"level":"info","ts":"2019-12-03T21:04:26.768Z","logger":"broker_ingress","caller":"ingress/ingress_handler.go:120","msg":"Error retrieving TTL, defaulting.","commit":"7655d9c","error":"\"knativebrokerttl\" not found"}
{"level":"info","ts":"2019-12-03T21:04:26.768Z","logger":"broker_ingress","caller":"ingress/ingress_handler.go:120","msg":"Error retrieving TTL, defaulting.","commit":"7655d9c","error":"\"knativebrokerttl\" not found"}
{"level":"info","ts":"2019-12-03T21:04:26.768Z","logger":"broker_ingress","caller":"ingress/ingress_handler.go:120","msg":"Error retrieving TTL, defaulting.","commit":"7655d9c","error":"\"knativebrokerttl\" not found"}
{"level":"info","ts":"2019-12-03T21:04:26.769Z","logger":"broker_ingress","caller":"ingress/ingress_handler.go:120","msg":"Error retrieving TTL, defaulting.","commit":"7655d9c","error":"\"knativebrokerttl\" not found"}
{"level":"info","ts":"2019-12-03T21:04:26.769Z","logger":"broker_ingress","caller":"ingress/ingress_handler.go:120","msg":"Error retrieving TTL, defaulting.","commit":"7655d9c","error":"\"knativebrokerttl\" not found"}
{"level":"info","ts":"2019-12-03T21:04:26.770Z","logger":"broker_ingress","caller":"ingress/ingress_handler.go:120","msg":"Error retrieving TTL, defaulting.","commit":"7655d9c","error":"\"knativebrokerttl\" not found"}
{"level":"info","ts":"2019-12-03T21:04:26.770Z","logger":"broker_ingress","caller":"ingress/ingress_handler.go:120","msg":"Error retrieving TTL, defaulting.","commit":"7655d9c","error":"\"knativebrokerttl\" not found"}
{"level":"info","ts":"2019-12-03T21:04:26.770Z","logger":"broker_ingress","caller":"ingress/ingress_handler.go:120","msg":"Error retrieving TTL, defaulting.","commit":"7655d9c","error":"\"knativebrokerttl\" not found"}
{"level":"info","ts":"2019-12-03T21:04:26.771Z","logger":"broker_ingress","caller":"ingress/ingress_handler.go:120","msg":"Error retrieving TTL, defaulting.","commit":"7655d9c","error":"\"knativebrokerttl\" not found"}
{"level":"info","ts":"2019-12-03T21:04:26.776Z","logger":"broker_ingress","caller":"ingress/ingress_handler.go:120","msg":"Error retrieving TTL, defaulting.","commit":"7655d9c","error":"\"knativebrokerttl\" not found"}
{"level":"info","ts":"2019-12-03T21:04:26.751Z","logger":"broker_ingress","caller":"ingress/ingress_handler.go:120","msg":"Error retrieving TTL, defaulting.","commit":"7655d9c","error":"\"knativebrokerttl\" not found"}
{"level":"info","ts":"2019-12-03T21:04:26.753Z","logger":"broker_ingress","caller":"ingress/ingress_handler.go:120","msg":"Error retrieving TTL, defaulting.","commit":"7655d9c","error":"\"knativebrokerttl\" not found"}
{"level":"info","ts":"2019-12-03T21:04:26.779Z","logger":"broker_ingress","caller":"ingress/ingress_handler.go:120","msg":"Error retrieving TTL, defaulting.","commit":"7655d9c","error":"\"knativebrokerttl\" not found"}
{"level":"info","ts":"2019-12-03T21:04:26.779Z","logger":"broker_ingress","caller":"ingress/ingress_handler.go:120","msg":"Error retrieving TTL, defaulting.","commit":"7655d9c","error":"\"knativebrokerttl\" not found"}
{"level":"info","ts":"2019-12-03T21:04:26.753Z","logger":"broker_ingress","caller":"ingress/ingress_handler.go:120","msg":"Error retrieving TTL, defaulting.","commit":"7655d9c","error":"\"knativebrokerttl\" not found"}
{"level":"info","ts":"2019-12-03T21:04:26.780Z","logger":"broker_ingress","caller":"ingress/ingress_handler.go:120","msg":"Error retrieving TTL, defaulting.","commit":"7655d9c","error":"\"knativebrokerttl\" not found"}
{"level":"info","ts":"2019-12-03T21:04:26.753Z","logger":"broker_ingress","caller":"ingress/ingress_handler.go:120","msg":"Error retrieving TTL, defaulting.","commit":"7655d9c","error":"\"knativebrokerttl\" not found"}
{"level":"info","ts":"2019-12-03T21:04:26.781Z","logger":"broker_ingress","caller":"ingress/ingress_handler.go:120","msg":"Error retrieving TTL, defaulting.","commit":"7655d9c","error":"\"knativebrokerttl\" not found"}
{"level":"info","ts":"2019-12-03T21:04:26.755Z","logger":"broker_ingress","caller":"ingress/ingress_handler.go:120","msg":"Error retrieving TTL, defaulting.","commit":"7655d9c","error":"\"knativebrokerttl\" not found"}
{"level":"info","ts":"2019-12-03T21:04:26.781Z","logger":"broker_ingress","caller":"ingress/ingress_handler.go:120","msg":"Error retrieving TTL, defaulting.","commit":"7655d9c","error":"\"knativebrokerttl\" not found"}
{"level":"info","ts":"2019-12-03T21:04:26.747Z","logger":"broker_ingress","caller":"ingress/ingress_handler.go:120","msg":"Error retrieving TTL, defaulting.","commit":"7655d9c","error":"\"knativebrokerttl\" not found"}
{"level":"info","ts":"2019-12-03T21:04:26.756Z","logger":"broker_ingress","caller":"ingress/ingress_handler.go:120","msg":"Error retrieving TTL, defaulting.","commit":"7655d9c","error":"\"knativebrokerttl\" not found"}
{"level":"info","ts":"2019-12-03T21:04:26.757Z","logger":"broker_ingress","caller":"ingress/ingress_handler.go:120","msg":"Error retrieving TTL, defaulting.","commit":"7655d9c","error":"\"knativebrokerttl\" not found"}
{"level":"info","ts":"2019-12-03T21:04:26.757Z","logger":"broker_ingress","caller":"ingress/ingress_handler.go:120","msg":"Error retrieving TTL, defaulting.","commit":"7655d9c","error":"\"knativebrokerttl\" not found"}
{"level":"info","ts":"2019-12-03T21:04:26.757Z","logger":"broker_ingress","caller":"ingress/ingress_handler.go:120","msg":"Error retrieving TTL, defaulting.","commit":"7655d9c","error":"\"knativebrokerttl\" not found"}
{"level":"info","ts":"2019-12-03T21:04:26.757Z","logger":"broker_ingress","caller":"ingress/ingress_handler.go:120","msg":"Error retrieving TTL, defaulting.","commit":"7655d9c","error":"\"knativebrokerttl\" not found"}
{"level":"info","ts":"2019-12-03T21:04:26.757Z","logger":"broker_ingress","caller":"ingress/ingress_handler.go:120","msg":"Error retrieving TTL, defaulting.","commit":"7655d9c","error":"\"knativebrokerttl\" not found"}
{"level":"info","ts":"2019-12-03T21:04:26.757Z","logger":"broker_ingress","caller":"ingress/ingress_handler.go:120","msg":"Error retrieving TTL, defaulting.","commit":"7655d9c","error":"\"knativebrokerttl\" not found"}
{"level":"info","ts":"2019-12-03T21:04:26.757Z","logger":"broker_ingress","caller":"ingress/ingress_handler.go:120","msg":"Error retrieving TTL, defaulting.","commit":"7655d9c","error":"\"knativebrokerttl\" not found"}
{"level":"info","ts":"2019-12-03T21:04:26.757Z","logger":"broker_ingress","caller":"ingress/ingress_handler.go:120","msg":"Error retrieving TTL, defaulting.","commit":"7655d9c","error":"\"knativebrokerttl\" not found"}
{"level":"info","ts":"2019-12-03T21:04:26.757Z","logger":"broker_ingress","caller":"ingress/ingress_handler.go:120","msg":"Error retrieving TTL, defaulting.","commit":"7655d9c","error":"\"knativebrokerttl\" not found"}
{"level":"info","ts":"2019-12-03T21:04:26.757Z","logger":"broker_ingress","caller":"ingress/ingress_handler.go:120","msg":"Error retrieving TTL, defaulting.","commit":"7655d9c","error":"\"knativebrokerttl\" not found"}
{"level":"info","ts":"2019-12-03T21:04:26.751Z","logger":"broker_ingress","caller":"ingress/ingress_handler.go:120","msg":"Error retrieving TTL, defaulting.","commit":"7655d9c","error":"\"knativebrokerttl\" not found"}
{"level":"info","ts":"2019-12-03T21:04:26.771Z","logger":"broker_ingress","caller":"ingress/ingress_handler.go:120","msg":"Error retrieving TTL, defaulting.","commit":"7655d9c","error":"\"knativebrokerttl\" not found"}
{"level":"info","ts":"2019-12-03T21:04:26.771Z","logger":"broker_ingress","caller":"ingress/ingress_handler.go:120","msg":"Error retrieving TTL, defaulting.","commit":"7655d9c","error":"\"knativebrokerttl\" not found"}
{"level":"info","ts":"2019-12-03T21:04:26.771Z","logger":"broker_ingress","caller":"ingress/ingress_handler.go:120","msg":"Error retrieving TTL, defaulting.","commit":"7655d9c","error":"\"knativebrokerttl\" not found"}
{"level":"info","ts":"2019-12-03T21:04:26.771Z","logger":"broker_ingress","caller":"ingress/ingress_handler.go:120","msg":"Error retrieving TTL, defaulting.","commit":"7655d9c","error":"\"knativebrokerttl\" not found"}
{"level":"info","ts":"2019-12-03T21:04:26.772Z","logger":"broker_ingress","caller":"ingress/ingress_handler.go:120","msg":"Error retrieving TTL, defaulting.","commit":"7655d9c","error":"\"knativebrokerttl\" not found"}
{"level":"info","ts":"2019-12-03T21:04:26.772Z","logger":"broker_ingress","caller":"ingress/ingress_handler.go:120","msg":"Error retrieving TTL, defaulting.","commit":"7655d9c","error":"\"knativebrokerttl\" not found"}
{"level":"info","ts":"2019-12-03T21:04:26.772Z","logger":"broker_ingress","caller":"ingress/ingress_handler.go:120","msg":"Error retrieving TTL, defaulting.","commit":"7655d9c","error":"\"knativebrokerttl\" not found"}
{"level":"info","ts":"2019-12-03T21:04:26.772Z","logger":"broker_ingress","caller":"ingress/ingress_handler.go:120","msg":"Error retrieving TTL, defaulting.","commit":"7655d9c","error":"\"knativebrokerttl\" not found"}
{"level":"info","ts":"2019-12-03T21:04:26.772Z","logger":"broker_ingress","caller":"ingress/ingress_handler.go:120","msg":"Error retrieving TTL, defaulting.","commit":"7655d9c","error":"\"knativebrokerttl\" not found"}
{"level":"info","ts":"2019-12-03T21:04:26.773Z","logger":"broker_ingress","caller":"ingress/ingress_handler.go:120","msg":"Error retrieving TTL, defaulting.","commit":"7655d9c","error":"\"knativebrokerttl\" not found"}
{"level":"info","ts":"2019-12-03T21:04:26.773Z","logger":"broker_ingress","caller":"ingress/ingress_handler.go:120","msg":"Error retrieving TTL, defaulting.","commit":"7655d9c","error":"\"knativebrokerttl\" not found"}
{"level":"info","ts":"2019-12-03T21:04:26.773Z","logger":"broker_ingress","caller":"ingress/ingress_handler.go:120","msg":"Error retrieving TTL, defaulting.","commit":"7655d9c","error":"\"knativebrokerttl\" not found"}
{"level":"info","ts":"2019-12-03T21:04:26.773Z","logger":"broker_ingress","caller":"ingress/ingress_handler.go:120","msg":"Error retrieving TTL, defaulting.","commit":"7655d9c","error":"\"knativebrokerttl\" not found"}
{"level":"info","ts":"2019-12-03T21:04:26.773Z","logger":"broker_ingress","caller":"ingress/ingress_handler.go:120","msg":"Error retrieving TTL, defaulting.","commit":"7655d9c","error":"\"knativebrokerttl\" not found"}
{"level":"info","ts":"2019-12-03T21:04:26.773Z","logger":"broker_ingress","caller":"ingress/ingress_handler.go:120","msg":"Error retrieving TTL, defaulting.","commit":"7655d9c","error":"\"knativebrokerttl\" not found"}
{"level":"info","ts":"2019-12-03T21:04:26.773Z","logger":"broker_ingress","caller":"ingress/ingress_handler.go:120","msg":"Error retrieving TTL, defaulting.","commit":"7655d9c","error":"\"knativebrokerttl\" not found"}
{"level":"info","ts":"2019-12-03T21:04:26.774Z","logger":"broker_ingress","caller":"ingress/ingress_handler.go:120","msg":"Error retrieving TTL, defaulting.","commit":"7655d9c","error":"\"knativebrokerttl\" not found"}
{"level":"info","ts":"2019-12-03T21:04:26.774Z","logger":"broker_ingress","caller":"ingress/ingress_handler.go:120","msg":"Error retrieving TTL, defaulting.","commit":"7655d9c","error":"\"knativebrokerttl\" not found"}
{"level":"info","ts":"2019-12-03T21:04:26.774Z","logger":"broker_ingress","caller":"ingress/ingress_handler.go:120","msg":"Error retrieving TTL, defaulting.","commit":"7655d9c","error":"\"knativebrokerttl\" not found"}
{"level":"info","ts":"2019-12-03T21:04:26.774Z","logger":"broker_ingress","caller":"ingress/ingress_handler.go:120","msg":"Error retrieving TTL, defaulting.","commit":"7655d9c","error":"\"knativebrokerttl\" not found"}
{"level":"info","ts":"2019-12-03T21:04:26.774Z","logger":"broker_ingress","caller":"ingress/ingress_handler.go:120","msg":"Error retrieving TTL, defaulting.","commit":"7655d9c","error":"\"knativebrokerttl\" not found"}
{"level":"info","ts":"2019-12-03T21:04:26.774Z","logger":"broker_ingress","caller":"ingress/ingress_handler.go:120","msg":"Error retrieving TTL, defaulting.","commit":"7655d9c","error":"\"knativebrokerttl\" not found"}
{"level":"info","ts":"2019-12-03T21:04:26.775Z","logger":"broker_ingress","caller":"ingress/ingress_handler.go:120","msg":"Error retrieving TTL, defaulting.","commit":"7655d9c","error":"\"knativebrokerttl\" not found"}
{"level":"info","ts":"2019-12-03T21:04:26.779Z","logger":"broker_ingress","caller":"ingress/ingress_handler.go:120","msg":"Error retrieving TTL, defaulting.","commit":"7655d9c","error":"\"knativebrokerttl\" not found"}
{"level":"info","ts":"2019-12-03T21:04:26.780Z","logger":"broker_ingress","caller":"ingress/ingress_handler.go:120","msg":"Error retrieving TTL, defaulting.","commit":"7655d9c","error":"\"knativebrokerttl\" not found"}
{"level":"info","ts":"2019-12-03T21:04:26.780Z","logger":"broker_ingress","caller":"ingress/ingress_handler.go:120","msg":"Error retrieving TTL, defaulting.","commit":"7655d9c","error":"\"knativebrokerttl\" not found"}
{"level":"info","ts":"2019-12-03T21:04:26.780Z","logger":"broker_ingress","caller":"ingress/ingress_handler.go:120","msg":"Error retrieving TTL, defaulting.","commit":"7655d9c","error":"\"knativebrokerttl\" not found"}
{"level":"info","ts":"2019-12-03T21:04:26.780Z","logger":"broker_ingress","caller":"ingress/ingress_handler.go:120","msg":"Error retrieving TTL, defaulting.","commit":"7655d9c","error":"\"knativebrokerttl\" not found"}
{"level":"info","ts":"2019-12-03T21:04:26.782Z","logger":"broker_ingress","caller":"ingress/ingress_handler.go:120","msg":"Error retrieving TTL, defaulting.","commit":"7655d9c","error":"\"knativebrokerttl\" not found"}
{"level":"info","ts":"2019-12-03T21:04:26.782Z","logger":"broker_ingress","caller":"ingress/ingress_handler.go:120","msg":"Error retrieving TTL, defaulting.","commit":"7655d9c","error":"\"knativebrokerttl\" not found"}
{"level":"info","ts":"2019-12-03T21:04:26.782Z","logger":"broker_ingress","caller":"ingress/ingress_handler.go:120","msg":"Error retrieving TTL, defaulting.","commit":"7655d9c","error":"\"knativebrokerttl\" not found"}
{"level":"info","ts":"2019-12-03T21:04:26.782Z","logger":"broker_ingress","caller":"ingress/ingress_handler.go:120","msg":"Error retrieving TTL, defaulting.","commit":"7655d9c","error":"\"knativebrokerttl\" not found"}
{"level":"info","ts":"2019-12-03T21:04:26.783Z","logger":"broker_ingress","caller":"ingress/ingress_handler.go:120","msg":"Error retrieving TTL, defaulting.","commit":"7655d9c","error":"\"knativebrokerttl\" not found"}
{"level":"info","ts":"2019-12-03T21:04:26.783Z","logger":"broker_ingress","caller":"ingress/ingress_handler.go:120","msg":"Error retrieving TTL, defaulting.","commit":"7655d9c","error":"\"knativebrokerttl\" not found"}
{"level":"info","ts":"2019-12-03T21:04:26.783Z","logger":"broker_ingress","caller":"ingress/ingress_handler.go:120","msg":"Error retrieving TTL, defaulting.","commit":"7655d9c","error":"\"knativebrokerttl\" not found"}
{"level":"info","ts":"2019-12-03T21:04:26.783Z","logger":"broker_ingress","caller":"ingress/ingress_handler.go:120","msg":"Error retrieving TTL, defaulting.","commit":"7655d9c","error":"\"knativebrokerttl\" not found"}
{"level":"info","ts":"2019-12-03T21:04:26.783Z","logger":"broker_ingress","caller":"ingress/ingress_handler.go:120","msg":"Error retrieving TTL, defaulting.","commit":"7655d9c","error":"\"knativebrokerttl\" not found"}
{"level":"info","ts":"2019-12-03T21:04:26.784Z","logger":"broker_ingress","caller":"ingress/ingress_handler.go:120","msg":"Error retrieving TTL, defaulting.","commit":"7655d9c","error":"\"knativebrokerttl\" not found"}
{"level":"info","ts":"2019-12-03T21:04:26.784Z","logger":"broker_ingress","caller":"ingress/ingress_handler.go:120","msg":"Error retrieving TTL, defaulting.","commit":"7655d9c","error":"\"knativebrokerttl\" not found"}
{"level":"info","ts":"2019-12-03T21:04:26.784Z","logger":"broker_ingress","caller":"ingress/ingress_handler.go:120","msg":"Error retrieving TTL, defaulting.","commit":"7655d9c","error":"\"knativebrokerttl\" not found"}
{"level":"info","ts":"2019-12-03T21:04:26.785Z","logger":"broker_ingress","caller":"ingress/ingress_handler.go:120","msg":"Error retrieving TTL, defaulting.","commit":"7655d9c","error":"\"knativebrokerttl\" not found"}
{"level":"info","ts":"2019-12-03T21:04:26.785Z","logger":"broker_ingress","caller":"ingress/ingress_handler.go:120","msg":"Error retrieving TTL, defaulting.","commit":"7655d9c","error":"\"knativebrokerttl\" not found"}
{"level":"info","ts":"2019-12-03T21:04:26.785Z","logger":"broker_ingress","caller":"ingress/ingress_handler.go:120","msg":"Error retrieving TTL, defaulting.","commit":"7655d9c","error":"\"knativebrokerttl\" not found"}
{"level":"info","ts":"2019-12-03T21:04:26.785Z","logger":"broker_ingress","caller":"ingress/ingress_handler.go:120","msg":"Error retrieving TTL, defaulting.","commit":"7655d9c","error":"\"knativebrokerttl\" not found"}
{"level":"info","ts":"2019-12-03T21:04:26.785Z","logger":"broker_ingress","caller":"ingress/ingress_handler.go:120","msg":"Error retrieving TTL, defaulting.","commit":"7655d9c","error":"\"knativebrokerttl\" not found"}
{"level":"info","ts":"2019-12-03T21:04:26.785Z","logger":"broker_ingress","caller":"ingress/ingress_handler.go:120","msg":"Error retrieving TTL, defaulting.","commit":"7655d9c","error":"\"knativebrokerttl\" not found"}
{"level":"info","ts":"2019-12-03T21:04:26.785Z","logger":"broker_ingress","caller":"ingress/ingress_handler.go:120","msg":"Error retrieving TTL, defaulting.","commit":"7655d9c","error":"\"knativebrokerttl\" not found"}
{"level":"info","ts":"2019-12-03T21:04:26.785Z","logger":"broker_ingress","caller":"ingress/ingress_handler.go:120","msg":"Error retrieving TTL, defaulting.","commit":"7655d9c","error":"\"knativebrokerttl\" not found"}
{"level":"info","ts":"2019-12-03T21:04:26.785Z","logger":"broker_ingress","caller":"ingress/ingress_handler.go:120","msg":"Error retrieving TTL, defaulting.","commit":"7655d9c","error":"\"knativebrokerttl\" not found"}
{"level":"info","ts":"2019-12-03T21:04:26.785Z","logger":"broker_ingress","caller":"ingress/ingress_handler.go:120","msg":"Error retrieving TTL, defaulting.","commit":"7655d9c","error":"\"knativebrokerttl\" not found"}
{"level":"info","ts":"2019-12-03T21:04:26.785Z","logger":"broker_ingress","caller":"ingress/ingress_handler.go:120","msg":"Error retrieving TTL, defaulting.","commit":"7655d9c","error":"\"knativebrokerttl\" not found"}
{"level":"info","ts":"2019-12-03T21:04:26.785Z","logger":"broker_ingress","caller":"ingress/ingress_handler.go:120","msg":"Error retrieving TTL, defaulting.","commit":"7655d9c","error":"\"knativebrokerttl\" not found"}
{"level":"info","ts":"2019-12-03T21:04:26.786Z","logger":"broker_ingress","caller":"ingress/ingress_handler.go:120","msg":"Error retrieving TTL, defaulting.","commit":"7655d9c","error":"\"knativebrokerttl\" not found"}
{"level":"info","ts":"2019-12-03T21:04:26.786Z","logger":"broker_ingress","caller":"ingress/ingress_handler.go:120","msg":"Error retrieving TTL, defaulting.","commit":"7655d9c","error":"\"knativebrokerttl\" not found"}
{"level":"info","ts":"2019-12-03T21:04:26.786Z","logger":"broker_ingress","caller":"ingress/ingress_handler.go:120","msg":"Error retrieving TTL, defaulting.","commit":"7655d9c","error":"\"knativebrokerttl\" not found"}
{"level":"info","ts":"2019-12-03T21:04:26.786Z","logger":"broker_ingress","caller":"ingress/ingress_handler.go:120","msg":"Error retrieving TTL, defaulting.","commit":"7655d9c","error":"\"knativebrokerttl\" not found"}
{"level":"info","ts":"2019-12-03T21:04:26.786Z","logger":"broker_ingress","caller":"ingress/ingress_handler.go:120","msg":"Error retrieving TTL, defaulting.","commit":"7655d9c","error":"\"knativebrokerttl\" not found"}
{"level":"info","ts":"2019-12-03T21:04:26.787Z","logger":"broker_ingress","caller":"ingress/ingress_handler.go:120","msg":"Error retrieving TTL, defaulting.","commit":"7655d9c","error":"\"knativebrokerttl\" not found"}
{"level":"info","ts":"2019-12-03T21:04:26.787Z","logger":"broker_ingress","caller":"ingress/ingress_handler.go:120","msg":"Error retrieving TTL, defaulting.","commit":"7655d9c","error":"\"knativebrokerttl\" not found"}
{"level":"info","ts":"2019-12-03T21:04:26.787Z","logger":"broker_ingress","caller":"ingress/ingress_handler.go:120","msg":"Error retrieving TTL, defaulting.","commit":"7655d9c","error":"\"knativebrokerttl\" not found"}
{"level":"info","ts":"2019-12-03T21:04:26.784Z","logger":"broker_ingress","caller":"ingress/ingress_handler.go:120","msg":"Error retrieving TTL, defaulting.","commit":"7655d9c","error":"\"knativebrokerttl\" not found"}
{"level":"info","ts":"2019-12-03T21:04:26.787Z","logger":"broker_ingress","caller":"ingress/ingress_handler.go:120","msg":"Error retrieving TTL, defaulting.","commit":"7655d9c","error":"\"knativebrokerttl\" not found"}
{"level":"info","ts":"2019-12-03T21:04:26.787Z","logger":"broker_ingress","caller":"ingress/ingress_handler.go:120","msg":"Error retrieving TTL, defaulting.","commit":"7655d9c","error":"\"knativebrokerttl\" not found"}
{"level":"info","ts":"2019-12-03T21:04:26.787Z","logger":"broker_ingress","caller":"ingress/ingress_handler.go:120","msg":"Error retrieving TTL, defaulting.","commit":"7655d9c","error":"\"knativebrokerttl\" not found"}
{"level":"info","ts":"2019-12-03T21:04:26.788Z","logger":"broker_ingress","caller":"ingress/ingress_handler.go:120","msg":"Error retrieving TTL, defaulting.","commit":"7655d9c","error":"\"knativebrokerttl\" not found"}
{"level":"info","ts":"2019-12-03T21:04:26.788Z","logger":"broker_ingress","caller":"ingress/ingress_handler.go:120","msg":"Error retrieving TTL, defaulting.","commit":"7655d9c","error":"\"knativebrokerttl\" not found"}
{"level":"info","ts":"2019-12-03T21:04:26.788Z","logger":"broker_ingress","caller":"ingress/ingress_handler.go:120","msg":"Error retrieving TTL, defaulting.","commit":"7655d9c","error":"\"knativebrokerttl\" not found"}
{"level":"info","ts":"2019-12-03T21:04:26.788Z","logger":"broker_ingress","caller":"ingress/ingress_handler.go:120","msg":"Error retrieving TTL, defaulting.","commit":"7655d9c","error":"\"knativebrokerttl\" not found"}
{"level":"info","ts":"2019-12-03T21:04:26.788Z","logger":"broker_ingress","caller":"ingress/ingress_handler.go:120","msg":"Error retrieving TTL, defaulting.","commit":"7655d9c","error":"\"knativebrokerttl\" not found"}
{"level":"info","ts":"2019-12-03T21:04:26.788Z","logger":"broker_ingress","caller":"ingress/ingress_handler.go:120","msg":"Error retrieving TTL, defaulting.","commit":"7655d9c","error":"\"knativebrokerttl\" not found"}
{"level":"info","ts":"2019-12-03T21:04:26.788Z","logger":"broker_ingress","caller":"ingress/ingress_handler.go:120","msg":"Error retrieving TTL, defaulting.","commit":"7655d9c","error":"\"knativebrokerttl\" not found"}
{"level":"info","ts":"2019-12-03T21:04:26.789Z","logger":"broker_ingress","caller":"ingress/ingress_handler.go:120","msg":"Error retrieving TTL, defaulting.","commit":"7655d9c","error":"\"knativebrokerttl\" not found"}
{"level":"info","ts":"2019-12-03T21:04:26.789Z","logger":"broker_ingress","caller":"ingress/ingress_handler.go:120","msg":"Error retrieving TTL, defaulting.","commit":"7655d9c","error":"\"knativebrokerttl\" not found"}
{"level":"info","ts":"2019-12-03T21:04:26.789Z","logger":"broker_ingress","caller":"ingress/ingress_handler.go:120","msg":"Error retrieving TTL, defaulting.","commit":"7655d9c","error":"\"knativebrokerttl\" not found"}
{"level":"info","ts":"2019-12-03T21:04:26.789Z","logger":"broker_ingress","caller":"ingress/ingress_handler.go:120","msg":"Error retrieving TTL, defaulting.","commit":"7655d9c","error":"\"knativebrokerttl\" not found"}
{"level":"info","ts":"2019-12-03T21:04:26.789Z","logger":"broker_ingress","caller":"ingress/ingress_handler.go:120","msg":"Error retrieving TTL, defaulting.","commit":"7655d9c","error":"\"knativebrokerttl\" not found"}
{"level":"info","ts":"2019-12-03T21:04:26.789Z","logger":"broker_ingress","caller":"ingress/ingress_handler.go:120","msg":"Error retrieving TTL, defaulting.","commit":"7655d9c","error":"\"knativebrokerttl\" not found"}
{"level":"info","ts":"2019-12-03T21:04:26.790Z","logger":"broker_ingress","caller":"ingress/ingress_handler.go:120","msg":"Error retrieving TTL, defaulting.","commit":"7655d9c","error":"\"knativebrokerttl\" not found"}
{"level":"info","ts":"2019-12-03T21:04:26.790Z","logger":"broker_ingress","caller":"ingress/ingress_handler.go:120","msg":"Error retrieving TTL, defaulting.","commit":"7655d9c","error":"\"knativebrokerttl\" not found"}
{"level":"info","ts":"2019-12-03T21:04:26.790Z","logger":"broker_ingress","caller":"ingress/ingress_handler.go:120","msg":"Error retrieving TTL, defaulting.","commit":"7655d9c","error":"\"knativebrokerttl\" not found"}
{"level":"info","ts":"2019-12-03T21:04:26.791Z","logger":"broker_ingress","caller":"ingress/ingress_handler.go:120","msg":"Error retrieving TTL, defaulting.","commit":"7655d9c","error":"\"knativebrokerttl\" not found"}
{"level":"info","ts":"2019-12-03T21:04:26.790Z","logger":"broker_ingress","caller":"ingress/ingress_handler.go:120","msg":"Error retrieving TTL, defaulting.","commit":"7655d9c","error":"\"knativebrokerttl\" not found"}
{"level":"info","ts":"2019-12-03T21:04:26.792Z","logger":"broker_ingress","caller":"ingress/ingress_handler.go:120","msg":"Error retrieving TTL, defaulting.","commit":"7655d9c","error":"\"knativebrokerttl\" not found"}
{"level":"info","ts":"2019-12-03T21:04:26.793Z","logger":"broker_ingress","caller":"ingress/ingress_handler.go:120","msg":"Error retrieving TTL, defaulting.","commit":"7655d9c","error":"\"knativebrokerttl\" not found"}
{"level":"info","ts":"2019-12-03T21:04:26.794Z","logger":"broker_ingress","caller":"ingress/ingress_handler.go:120","msg":"Error retrieving TTL, defaulting.","commit":"7655d9c","error":"\"knativebrokerttl\" not found"}
{"level":"info","ts":"2019-12-03T21:04:26.794Z","logger":"broker_ingress","caller":"ingress/ingress_handler.go:120","msg":"Error retrieving TTL, defaulting.","commit":"7655d9c","error":"\"knativebrokerttl\" not found"}
{"level":"info","ts":"2019-12-03T21:04:26.794Z","logger":"broker_ingress","caller":"ingress/ingress_handler.go:120","msg":"Error retrieving TTL, defaulting.","commit":"7655d9c","error":"\"knativebrokerttl\" not found"}
{"level":"info","ts":"2019-12-03T21:04:26.794Z","logger":"broker_ingress","caller":"ingress/ingress_handler.go:120","msg":"Error retrieving TTL, defaulting.","commit":"7655d9c","error":"\"knativebrokerttl\" not found"}
{"level":"info","ts":"2019-12-03T21:04:26.795Z","logger":"broker_ingress","caller":"ingress/ingress_handler.go:120","msg":"Error retrieving TTL, defaulting.","commit":"7655d9c","error":"\"knativebrokerttl\" not found"}
{"level":"info","ts":"2019-12-03T21:04:26.798Z","logger":"broker_ingress","caller":"ingress/ingress_handler.go:120","msg":"Error retrieving TTL, defaulting.","commit":"7655d9c","error":"\"knativebrokerttl\" not found"}
{"level":"info","ts":"2019-12-03T21:04:26.798Z","logger":"broker_ingress","caller":"ingress/ingress_handler.go:120","msg":"Error retrieving TTL, defaulting.","commit":"7655d9c","error":"\"knativebrokerttl\" not found"}
{"level":"info","ts":"2019-12-03T21:04:26.798Z","logger":"broker_ingress","caller":"ingress/ingress_handler.go:120","msg":"Error retrieving TTL, defaulting.","commit":"7655d9c","error":"\"knativebrokerttl\" not found"}
{"level":"info","ts":"2019-12-03T21:04:26.798Z","logger":"broker_ingress","caller":"ingress/ingress_handler.go:120","msg":"Error retrieving TTL, defaulting.","commit":"7655d9c","error":"\"knativebrokerttl\" not found"}
{"level":"info","ts":"2019-12-03T21:04:26.798Z","logger":"broker_ingress","caller":"ingress/ingress_handler.go:120","msg":"Error retrieving TTL, defaulting.","commit":"7655d9c","error":"\"knativebrokerttl\" not found"}
{"level":"info","ts":"2019-12-03T21:04:26.801Z","logger":"broker_ingress","caller":"ingress/ingress_handler.go:120","msg":"Error retrieving TTL, defaulting.","commit":"7655d9c","error":"\"knativebrokerttl\" not found"}
{"level":"info","ts":"2019-12-03T21:04:26.801Z","logger":"broker_ingress","caller":"ingress/ingress_handler.go:120","msg":"Error retrieving TTL, defaulting.","commit":"7655d9c","error":"\"knativebrokerttl\" not found"}
{"level":"info","ts":"2019-12-03T21:04:26.802Z","logger":"broker_ingress","caller":"ingress/ingress_handler.go:120","msg":"Error retrieving TTL, defaulting.","commit":"7655d9c","error":"\"knativebrokerttl\" not found"}
{"level":"info","ts":"2019-12-03T21:04:26.802Z","logger":"broker_ingress","caller":"ingress/ingress_handler.go:120","msg":"Error retrieving TTL, defaulting.","commit":"7655d9c","error":"\"knativebrokerttl\" not found"}
{"level":"info","ts":"2019-12-03T21:04:26.802Z","logger":"broker_ingress","caller":"ingress/ingress_handler.go:120","msg":"Error retrieving TTL, defaulting.","commit":"7655d9c","error":"\"knativebrokerttl\" not found"}
{"level":"info","ts":"2019-12-03T21:04:26.804Z","logger":"broker_ingress","caller":"ingress/ingress_handler.go:120","msg":"Error retrieving TTL, defaulting.","commit":"7655d9c","error":"\"knativebrokerttl\" not found"}
{"level":"info","ts":"2019-12-03T21:04:26.804Z","logger":"broker_ingress","caller":"ingress/ingress_handler.go:120","msg":"Error retrieving TTL, defaulting.","commit":"7655d9c","error":"\"knativebrokerttl\" not found"}
{"level":"info","ts":"2019-12-03T21:04:26.804Z","logger":"broker_ingress","caller":"ingress/ingress_handler.go:120","msg":"Error retrieving TTL, defaulting.","commit":"7655d9c","error":"\"knativebrokerttl\" not found"}
{"level":"info","ts":"2019-12-03T21:04:26.804Z","logger":"broker_ingress","caller":"ingress/ingress_handler.go:120","msg":"Error retrieving TTL, defaulting.","commit":"7655d9c","error":"\"knativebrokerttl\" not found"}
{"level":"info","ts":"2019-12-03T21:04:26.805Z","logger":"broker_ingress","caller":"ingress/ingress_handler.go:120","msg":"Error retrieving TTL, defaulting.","commit":"7655d9c","error":"\"knativebrokerttl\" not found"}
{"level":"info","ts":"2019-12-03T21:04:26.805Z","logger":"broker_ingress","caller":"ingress/ingress_handler.go:120","msg":"Error retrieving TTL, defaulting.","commit":"7655d9c","error":"\"knativebrokerttl\" not found"}
{"level":"info","ts":"2019-12-03T21:04:26.805Z","logger":"broker_ingress","caller":"ingress/ingress_handler.go:120","msg":"Error retrieving TTL, defaulting.","commit":"7655d9c","error":"\"knativebrokerttl\" not found"}
{"level":"info","ts":"2019-12-03T21:04:26.805Z","logger":"broker_ingress","caller":"ingress/ingress_handler.go:120","msg":"Error retrieving TTL, defaulting.","commit":"7655d9c","error":"\"knativebrokerttl\" not found"}
{"level":"info","ts":"2019-12-03T21:04:26.805Z","logger":"broker_ingress","caller":"ingress/ingress_handler.go:120","msg":"Error retrieving TTL, defaulting.","commit":"7655d9c","error":"\"knativebrokerttl\" not found"}
{"level":"info","ts":"2019-12-03T21:04:26.807Z","logger":"broker_ingress","caller":"ingress/ingress_handler.go:120","msg":"Error retrieving TTL, defaulting.","commit":"7655d9c","error":"\"knativebrokerttl\" not found"}
{"level":"info","ts":"2019-12-03T21:04:26.807Z","logger":"broker_ingress","caller":"ingress/ingress_handler.go:120","msg":"Error retrieving TTL, defaulting.","commit":"7655d9c","error":"\"knativebrokerttl\" not found"}
{"level":"info","ts":"2019-12-03T21:04:26.807Z","logger":"broker_ingress","caller":"ingress/ingress_handler.go:120","msg":"Error retrieving TTL, defaulting.","commit":"7655d9c","error":"\"knativebrokerttl\" not found"}
{"level":"info","ts":"2019-12-03T21:04:26.808Z","logger":"broker_ingress","caller":"ingress/ingress_handler.go:120","msg":"Error retrieving TTL, defaulting.","commit":"7655d9c","error":"\"knativebrokerttl\" not found"}
{"level":"info","ts":"2019-12-03T21:04:26.808Z","logger":"broker_ingress","caller":"ingress/ingress_handler.go:120","msg":"Error retrieving TTL, defaulting.","commit":"7655d9c","error":"\"knativebrokerttl\" not found"}
{"level":"info","ts":"2019-12-03T21:04:26.808Z","logger":"broker_ingress","caller":"ingress/ingress_handler.go:120","msg":"Error retrieving TTL, defaulting.","commit":"7655d9c","error":"\"knativebrokerttl\" not found"}
{"level":"info","ts":"2019-12-03T21:04:26.808Z","logger":"broker_ingress","caller":"ingress/ingress_handler.go:120","msg":"Error retrieving TTL, defaulting.","commit":"7655d9c","error":"\"knativebrokerttl\" not found"}
{"level":"info","ts":"2019-12-03T21:04:26.808Z","logger":"broker_ingress","caller":"ingress/ingress_handler.go:120","msg":"Error retrieving TTL, defaulting.","commit":"7655d9c","error":"\"knativebrokerttl\" not found"}
{"level":"info","ts":"2019-12-03T21:04:26.799Z","logger":"broker_ingress","caller":"ingress/ingress_handler.go:120","msg":"Error retrieving TTL, defaulting.","commit":"7655d9c","error":"\"knativebrokerttl\" not found"}
{"level":"info","ts":"2019-12-03T21:04:26.812Z","logger":"broker_ingress","caller":"ingress/ingress_handler.go:120","msg":"Error retrieving TTL, defaulting.","commit":"7655d9c","error":"\"knativebrokerttl\" not found"}
{"level":"info","ts":"2019-12-03T21:04:26.812Z","logger":"broker_ingress","caller":"ingress/ingress_handler.go:120","msg":"Error retrieving TTL, defaulting.","commit":"7655d9c","error":"\"knativebrokerttl\" not found"}
{"level":"info","ts":"2019-12-03T21:04:26.813Z","logger":"broker_ingress","caller":"ingress/ingress_handler.go:120","msg":"Error retrieving TTL, defaulting.","commit":"7655d9c","error":"\"knativebrokerttl\" not found"}
{"level":"info","ts":"2019-12-03T21:04:26.821Z","logger":"broker_ingress","caller":"ingress/ingress_handler.go:120","msg":"Error retrieving TTL, defaulting.","commit":"7655d9c","error":"\"knativebrokerttl\" not found"}
{"level":"info","ts":"2019-12-03T21:04:26.821Z","logger":"broker_ingress","caller":"ingress/ingress_handler.go:120","msg":"Error retrieving TTL, defaulting.","commit":"7655d9c","error":"\"knativebrokerttl\" not found"}
{"level":"info","ts":"2019-12-03T21:04:26.821Z","logger":"broker_ingress","caller":"ingress/ingress_handler.go:120","msg":"Error retrieving TTL, defaulting.","commit":"7655d9c","error":"\"knativebrokerttl\" not found"}
{"level":"info","ts":"2019-12-03T21:04:26.822Z","logger":"broker_ingress","caller":"ingress/ingress_handler.go:120","msg":"Error retrieving TTL, defaulting.","commit":"7655d9c","error":"\"knativebrokerttl\" not found"}
{"level":"info","ts":"2019-12-03T21:04:26.822Z","logger":"broker_ingress","caller":"ingress/ingress_handler.go:120","msg":"Error retrieving TTL, defaulting.","commit":"7655d9c","error":"\"knativebrokerttl\" not found"}
{"level":"info","ts":"2019-12-03T21:04:26.822Z","logger":"broker_ingress","caller":"ingress/ingress_handler.go:120","msg":"Error retrieving TTL, defaulting.","commit":"7655d9c","error":"\"knativebrokerttl\" not found"}
{"level":"info","ts":"2019-12-03T21:04:26.822Z","logger":"broker_ingress","caller":"ingress/ingress_handler.go:120","msg":"Error retrieving TTL, defaulting.","commit":"7655d9c","error":"\"knativebrokerttl\" not found"}
{"level":"info","ts":"2019-12-03T21:04:26.823Z","logger":"broker_ingress","caller":"ingress/ingress_handler.go:120","msg":"Error retrieving TTL, defaulting.","commit":"7655d9c","error":"\"knativebrokerttl\" not found"}
{"level":"info","ts":"2019-12-03T21:04:26.824Z","logger":"broker_ingress","caller":"ingress/ingress_handler.go:120","msg":"Error retrieving TTL, defaulting.","commit":"7655d9c","error":"\"knativebrokerttl\" not found"}
{"level":"info","ts":"2019-12-03T21:04:26.824Z","logger":"broker_ingress","caller":"ingress/ingress_handler.go:120","msg":"Error retrieving TTL, defaulting.","commit":"7655d9c","error":"\"knativebrokerttl\" not found"}
{"level":"info","ts":"2019-12-03T21:04:26.824Z","logger":"broker_ingress","caller":"ingress/ingress_handler.go:120","msg":"Error retrieving TTL, defaulting.","commit":"7655d9c","error":"\"knativebrokerttl\" not found"}
{"level":"info","ts":"2019-12-03T21:04:26.825Z","logger":"broker_ingress","caller":"ingress/ingress_handler.go:120","msg":"Error retrieving TTL, defaulting.","commit":"7655d9c","error":"\"knativebrokerttl\" not found"}
{"level":"info","ts":"2019-12-03T21:04:26.825Z","logger":"broker_ingress","caller":"ingress/ingress_handler.go:120","msg":"Error retrieving TTL, defaulting.","commit":"7655d9c","error":"\"knativebrokerttl\" not found"}
{"level":"info","ts":"2019-12-03T21:04:26.826Z","logger":"broker_ingress","caller":"ingress/ingress_handler.go:120","msg":"Error retrieving TTL, defaulting.","commit":"7655d9c","error":"\"knativebrokerttl\" not found"}
{"level":"info","ts":"2019-12-03T21:04:26.827Z","logger":"broker_ingress","caller":"ingress/ingress_handler.go:120","msg":"Error retrieving TTL, defaulting.","commit":"7655d9c","error":"\"knativebrokerttl\" not found"}
{"level":"info","ts":"2019-12-03T21:04:26.827Z","logger":"broker_ingress","caller":"ingress/ingress_handler.go:120","msg":"Error retrieving TTL, defaulting.","commit":"7655d9c","error":"\"knativebrokerttl\" not found"}
{"level":"info","ts":"2019-12-03T21:04:26.827Z","logger":"broker_ingress","caller":"ingress/ingress_handler.go:120","msg":"Error retrieving TTL, defaulting.","commit":"7655d9c","error":"\"knativebrokerttl\" not found"}
{"level":"info","ts":"2019-12-03T21:04:26.828Z","logger":"broker_ingress","caller":"ingress/ingress_handler.go:120","msg":"Error retrieving TTL, defaulting.","commit":"7655d9c","error":"\"knativebrokerttl\" not found"}
{"level":"info","ts":"2019-12-03T21:04:26.829Z","logger":"broker_ingress","caller":"ingress/ingress_handler.go:120","msg":"Error retrieving TTL, defaulting.","commit":"7655d9c","error":"\"knativebrokerttl\" not found"}
{"level":"info","ts":"2019-12-03T21:04:26.829Z","logger":"broker_ingress","caller":"ingress/ingress_handler.go:120","msg":"Error retrieving TTL, defaulting.","commit":"7655d9c","error":"\"knativebrokerttl\" not found"}
{"level":"info","ts":"2019-12-03T21:04:26.830Z","logger":"broker_ingress","caller":"ingress/ingress_handler.go:120","msg":"Error retrieving TTL, defaulting.","commit":"7655d9c","error":"\"knativebrokerttl\" not found"}
{"level":"info","ts":"2019-12-03T21:04:26.830Z","logger":"broker_ingress","caller":"ingress/ingress_handler.go:120","msg":"Error retrieving TTL, defaulting.","commit":"7655d9c","error":"\"knativebrokerttl\" not found"}
{"level":"info","ts":"2019-12-03T21:04:26.830Z","logger":"broker_ingress","caller":"ingress/ingress_handler.go:120","msg":"Error retrieving TTL, defaulting.","commit":"7655d9c","error":"\"knativebrokerttl\" not found"}
{"level":"info","ts":"2019-12-03T21:04:26.831Z","logger":"broker_ingress","caller":"ingress/ingress_handler.go:120","msg":"Error retrieving TTL, defaulting.","commit":"7655d9c","error":"\"knativebrokerttl\" not found"}
{"level":"info","ts":"2019-12-03T21:04:26.831Z","logger":"broker_ingress","caller":"ingress/ingress_handler.go:120","msg":"Error retrieving TTL, defaulting.","commit":"7655d9c","error":"\"knativebrokerttl\" not found"}
{"level":"info","ts":"2019-12-03T21:04:26.831Z","logger":"broker_ingress","caller":"ingress/ingress_handler.go:120","msg":"Error retrieving TTL, defaulting.","commit":"7655d9c","error":"\"knativebrokerttl\" not found"}
{"level":"info","ts":"2019-12-03T21:04:26.831Z","logger":"broker_ingress","caller":"ingress/ingress_handler.go:120","msg":"Error retrieving TTL, defaulting.","commit":"7655d9c","error":"\"knativebrokerttl\" not found"}
{"level":"info","ts":"2019-12-03T21:04:26.831Z","logger":"broker_ingress","caller":"ingress/ingress_handler.go:120","msg":"Error retrieving TTL, defaulting.","commit":"7655d9c","error":"\"knativebrokerttl\" not found"}
{"level":"info","ts":"2019-12-03T21:04:26.831Z","logger":"broker_ingress","caller":"ingress/ingress_handler.go:120","msg":"Error retrieving TTL, defaulting.","commit":"7655d9c","error":"\"knativebrokerttl\" not found"}
{"level":"info","ts":"2019-12-03T21:04:26.809Z","logger":"broker_ingress","caller":"ingress/ingress_handler.go:120","msg":"Error retrieving TTL, defaulting.","commit":"7655d9c","error":"\"knativebrokerttl\" not found"}
{"level":"info","ts":"2019-12-03T21:04:26.831Z","logger":"broker_ingress","caller":"ingress/ingress_handler.go:120","msg":"Error retrieving TTL, defaulting.","commit":"7655d9c","error":"\"knativebrokerttl\" not found"}
{"level":"info","ts":"2019-12-03T21:04:26.831Z","logger":"broker_ingress","caller":"ingress/ingress_handler.go:120","msg":"Error retrieving TTL, defaulting.","commit":"7655d9c","error":"\"knativebrokerttl\" not found"}
{"level":"info","ts":"2019-12-03T21:04:26.831Z","logger":"broker_ingress","caller":"ingress/ingress_handler.go:120","msg":"Error retrieving TTL, defaulting.","commit":"7655d9c","error":"\"knativebrokerttl\" not found"}
{"level":"info","ts":"2019-12-03T21:04:26.832Z","logger":"broker_ingress","caller":"ingress/ingress_handler.go:120","msg":"Error retrieving TTL, defaulting.","commit":"7655d9c","error":"\"knativebrokerttl\" not found"}
{"level":"info","ts":"2019-12-03T21:04:26.835Z","logger":"broker_ingress","caller":"ingress/ingress_handler.go:120","msg":"Error retrieving TTL, defaulting.","commit":"7655d9c","error":"\"knativebrokerttl\" not found"}
{"level":"info","ts":"2019-12-03T21:04:26.836Z","logger":"broker_ingress","caller":"ingress/ingress_handler.go:120","msg":"Error retrieving TTL, defaulting.","commit":"7655d9c","error":"\"knativebrokerttl\" not found"}
{"level":"info","ts":"2019-12-03T21:04:26.836Z","logger":"broker_ingress","caller":"ingress/ingress_handler.go:120","msg":"Error retrieving TTL, defaulting.","commit":"7655d9c","error":"\"knativebrokerttl\" not found"}
{"level":"info","ts":"2019-12-03T21:04:26.836Z","logger":"broker_ingress","caller":"ingress/ingress_handler.go:120","msg":"Error retrieving TTL, defaulting.","commit":"7655d9c","error":"\"knativebrokerttl\" not found"}
{"level":"info","ts":"2019-12-03T21:04:26.836Z","logger":"broker_ingress","caller":"ingress/ingress_handler.go:120","msg":"Error retrieving TTL, defaulting.","commit":"7655d9c","error":"\"knativebrokerttl\" not found"}
{"level":"info","ts":"2019-12-03T21:04:26.837Z","logger":"broker_ingress","caller":"ingress/ingress_handler.go:120","msg":"Error retrieving TTL, defaulting.","commit":"7655d9c","error":"\"knativebrokerttl\" not found"}
{"level":"info","ts":"2019-12-03T21:04:26.837Z","logger":"broker_ingress","caller":"ingress/ingress_handler.go:120","msg":"Error retrieving TTL, defaulting.","commit":"7655d9c","error":"\"knativebrokerttl\" not found"}
{"level":"info","ts":"2019-12-03T21:04:26.837Z","logger":"broker_ingress","caller":"ingress/ingress_handler.go:120","msg":"Error retrieving TTL, defaulting.","commit":"7655d9c","error":"\"knativebrokerttl\" not found"}
{"level":"info","ts":"2019-12-03T21:04:26.837Z","logger":"broker_ingress","caller":"ingress/ingress_handler.go:120","msg":"Error retrieving TTL, defaulting.","commit":"7655d9c","error":"\"knativebrokerttl\" not found"}
{"level":"info","ts":"2019-12-03T21:04:26.837Z","logger":"broker_ingress","caller":"ingress/ingress_handler.go:120","msg":"Error retrieving TTL, defaulting.","commit":"7655d9c","error":"\"knativebrokerttl\" not found"}
{"level":"info","ts":"2019-12-03T21:04:26.837Z","logger":"broker_ingress","caller":"ingress/ingress_handler.go:120","msg":"Error retrieving TTL, defaulting.","commit":"7655d9c","error":"\"knativebrokerttl\" not found"}
{"level":"info","ts":"2019-12-03T21:04:26.837Z","logger":"broker_ingress","caller":"ingress/ingress_handler.go:120","msg":"Error retrieving TTL, defaulting.","commit":"7655d9c","error":"\"knativebrokerttl\" not found"}
{"level":"info","ts":"2019-12-03T21:04:26.838Z","logger":"broker_ingress","caller":"ingress/ingress_handler.go:120","msg":"Error retrieving TTL, defaulting.","commit":"7655d9c","error":"\"knativebrokerttl\" not found"}
{"level":"info","ts":"2019-12-03T21:04:26.838Z","logger":"broker_ingress","caller":"ingress/ingress_handler.go:120","msg":"Error retrieving TTL, defaulting.","commit":"7655d9c","error":"\"knativebrokerttl\" not found"}
{"level":"info","ts":"2019-12-03T21:04:26.838Z","logger":"broker_ingress","caller":"ingress/ingress_handler.go:120","msg":"Error retrieving TTL, defaulting.","commit":"7655d9c","error":"\"knativebrokerttl\" not found"}
{"level":"info","ts":"2019-12-03T21:04:26.838Z","logger":"broker_ingress","caller":"ingress/ingress_handler.go:120","msg":"Error retrieving TTL, defaulting.","commit":"7655d9c","error":"\"knativebrokerttl\" not found"}
{"level":"info","ts":"2019-12-03T21:04:26.838Z","logger":"broker_ingress","caller":"ingress/ingress_handler.go:120","msg":"Error retrieving TTL, defaulting.","commit":"7655d9c","error":"\"knativebrokerttl\" not found"}
{"level":"info","ts":"2019-12-03T21:04:26.838Z","logger":"broker_ingress","caller":"ingress/ingress_handler.go:120","msg":"Error retrieving TTL, defaulting.","commit":"7655d9c","error":"\"knativebrokerttl\" not found"}
{"level":"info","ts":"2019-12-03T21:04:26.838Z","logger":"broker_ingress","caller":"ingress/ingress_handler.go:120","msg":"Error retrieving TTL, defaulting.","commit":"7655d9c","error":"\"knativebrokerttl\" not found"}
{"level":"info","ts":"2019-12-03T21:04:26.838Z","logger":"broker_ingress","caller":"ingress/ingress_handler.go:120","msg":"Error retrieving TTL, defaulting.","commit":"7655d9c","error":"\"knativebrokerttl\" not found"}
{"level":"info","ts":"2019-12-03T21:04:26.838Z","logger":"broker_ingress","caller":"ingress/ingress_handler.go:120","msg":"Error retrieving TTL, defaulting.","commit":"7655d9c","error":"\"knativebrokerttl\" not found"}
{"level":"info","ts":"2019-12-03T21:04:26.838Z","logger":"broker_ingress","caller":"ingress/ingress_handler.go:120","msg":"Error retrieving TTL, defaulting.","commit":"7655d9c","error":"\"knativebrokerttl\" not found"}
{"level":"info","ts":"2019-12-03T21:04:26.838Z","logger":"broker_ingress","caller":"ingress/ingress_handler.go:120","msg":"Error retrieving TTL, defaulting.","commit":"7655d9c","error":"\"knativebrokerttl\" not found"}
{"level":"info","ts":"2019-12-03T21:04:26.839Z","logger":"broker_ingress","caller":"ingress/ingress_handler.go:120","msg":"Error retrieving TTL, defaulting.","commit":"7655d9c","error":"\"knativebrokerttl\" not found"}
{"level":"info","ts":"2019-12-03T21:04:26.839Z","logger":"broker_ingress","caller":"ingress/ingress_handler.go:120","msg":"Error retrieving TTL, defaulting.","commit":"7655d9c","error":"\"knativebrokerttl\" not found"}
{"level":"info","ts":"2019-12-03T21:04:26.839Z","logger":"broker_ingress","caller":"ingress/ingress_handler.go:120","msg":"Error retrieving TTL, defaulting.","commit":"7655d9c","error":"\"knativebrokerttl\" not found"}
{"level":"info","ts":"2019-12-03T21:04:26.839Z","logger":"broker_ingress","caller":"ingress/ingress_handler.go:120","msg":"Error retrieving TTL, defaulting.","commit":"7655d9c","error":"\"knativebrokerttl\" not found"}
{"level":"info","ts":"2019-12-03T21:04:26.840Z","logger":"broker_ingress","caller":"ingress/ingress_handler.go:120","msg":"Error retrieving TTL, defaulting.","commit":"7655d9c","error":"\"knativebrokerttl\" not found"}
{"level":"info","ts":"2019-12-03T21:04:26.840Z","logger":"broker_ingress","caller":"ingress/ingress_handler.go:120","msg":"Error retrieving TTL, defaulting.","commit":"7655d9c","error":"\"knativebrokerttl\" not found"}
{"level":"info","ts":"2019-12-03T21:04:26.841Z","logger":"broker_ingress","caller":"ingress/ingress_handler.go:120","msg":"Error retrieving TTL, defaulting.","commit":"7655d9c","error":"\"knativebrokerttl\" not found"}
{"level":"info","ts":"2019-12-03T21:04:26.843Z","logger":"broker_ingress","caller":"ingress/ingress_handler.go:120","msg":"Error retrieving TTL, defaulting.","commit":"7655d9c","error":"\"knativebrokerttl\" not found"}
{"level":"info","ts":"2019-12-03T21:04:26.870Z","logger":"broker_ingress","caller":"ingress/ingress_handler.go:120","msg":"Error retrieving TTL, defaulting.","commit":"7655d9c","error":"\"knativebrokerttl\" not found"}
{"level":"info","ts":"2019-12-03T21:04:26.870Z","logger":"broker_ingress","caller":"ingress/ingress_handler.go:120","msg":"Error retrieving TTL, defaulting.","commit":"7655d9c","error":"\"knativebrokerttl\" not found"}
{"level":"info","ts":"2019-12-03T21:04:26.870Z","logger":"broker_ingress","caller":"ingress/ingress_handler.go:120","msg":"Error retrieving TTL, defaulting.","commit":"7655d9c","error":"\"knativebrokerttl\" not found"}
{"level":"info","ts":"2019-12-03T21:04:26.871Z","logger":"broker_ingress","caller":"ingress/ingress_handler.go:120","msg":"Error retrieving TTL, defaulting.","commit":"7655d9c","error":"\"knativebrokerttl\" not found"}
{"level":"info","ts":"2019-12-03T21:04:26.872Z","logger":"broker_ingress","caller":"ingress/ingress_handler.go:120","msg":"Error retrieving TTL, defaulting.","commit":"7655d9c","error":"\"knativebrokerttl\" not found"}
{"level":"info","ts":"2019-12-03T21:04:26.872Z","logger":"broker_ingress","caller":"ingress/ingress_handler.go:120","msg":"Error retrieving TTL, defaulting.","commit":"7655d9c","error":"\"knativebrokerttl\" not found"}
{"level":"info","ts":"2019-12-03T21:04:26.872Z","logger":"broker_ingress","caller":"ingress/ingress_handler.go:120","msg":"Error retrieving TTL, defaulting.","commit":"7655d9c","error":"\"knativebrokerttl\" not found"}
{"level":"info","ts":"2019-12-03T21:04:26.872Z","logger":"broker_ingress","caller":"ingress/ingress_handler.go:120","msg":"Error retrieving TTL, defaulting.","commit":"7655d9c","error":"\"knativebrokerttl\" not found"}
{"level":"info","ts":"2019-12-03T21:04:26.872Z","logger":"broker_ingress","caller":"ingress/ingress_handler.go:120","msg":"Error retrieving TTL, defaulting.","commit":"7655d9c","error":"\"knativebrokerttl\" not found"}
{"level":"info","ts":"2019-12-03T21:04:26.872Z","logger":"broker_ingress","caller":"ingress/ingress_handler.go:120","msg":"Error retrieving TTL, defaulting.","commit":"7655d9c","error":"\"knativebrokerttl\" not found"}
{"level":"info","ts":"2019-12-03T21:04:26.873Z","logger":"broker_ingress","caller":"ingress/ingress_handler.go:120","msg":"Error retrieving TTL, defaulting.","commit":"7655d9c","error":"\"knativebrokerttl\" not found"}
{"level":"info","ts":"2019-12-03T21:04:26.873Z","logger":"broker_ingress","caller":"ingress/ingress_handler.go:120","msg":"Error retrieving TTL, defaulting.","commit":"7655d9c","error":"\"knativebrokerttl\" not found"}
{"level":"info","ts":"2019-12-03T21:04:26.873Z","logger":"broker_ingress","caller":"ingress/ingress_handler.go:120","msg":"Error retrieving TTL, defaulting.","commit":"7655d9c","error":"\"knativebrokerttl\" not found"}
{"level":"info","ts":"2019-12-03T21:04:26.873Z","logger":"broker_ingress","caller":"ingress/ingress_handler.go:120","msg":"Error retrieving TTL, defaulting.","commit":"7655d9c","error":"\"knativebrokerttl\" not found"}
{"level":"info","ts":"2019-12-03T21:04:26.873Z","logger":"broker_ingress","caller":"ingress/ingress_handler.go:120","msg":"Error retrieving TTL, defaulting.","commit":"7655d9c","error":"\"knativebrokerttl\" not found"}
{"level":"info","ts":"2019-12-03T21:04:26.873Z","logger":"broker_ingress","caller":"ingress/ingress_handler.go:120","msg":"Error retrieving TTL, defaulting.","commit":"7655d9c","error":"\"knativebrokerttl\" not found"}
{"level":"info","ts":"2019-12-03T21:04:26.873Z","logger":"broker_ingress","caller":"ingress/ingress_handler.go:120","msg":"Error retrieving TTL, defaulting.","commit":"7655d9c","error":"\"knativebrokerttl\" not found"}
{"level":"info","ts":"2019-12-03T21:04:26.874Z","logger":"broker_ingress","caller":"ingress/ingress_handler.go:120","msg":"Error retrieving TTL, defaulting.","commit":"7655d9c","error":"\"knativebrokerttl\" not found"}
{"level":"info","ts":"2019-12-03T21:04:26.874Z","logger":"broker_ingress","caller":"ingress/ingress_handler.go:120","msg":"Error retrieving TTL, defaulting.","commit":"7655d9c","error":"\"knativebrokerttl\" not found"}
{"level":"info","ts":"2019-12-03T21:04:26.874Z","logger":"broker_ingress","caller":"ingress/ingress_handler.go:120","msg":"Error retrieving TTL, defaulting.","commit":"7655d9c","error":"\"knativebrokerttl\" not found"}
{"level":"info","ts":"2019-12-03T21:04:26.874Z","logger":"broker_ingress","caller":"ingress/ingress_handler.go:120","msg":"Error retrieving TTL, defaulting.","commit":"7655d9c","error":"\"knativebrokerttl\" not found"}
{"level":"info","ts":"2019-12-03T21:04:26.874Z","logger":"broker_ingress","caller":"ingress/ingress_handler.go:120","msg":"Error retrieving TTL, defaulting.","commit":"7655d9c","error":"\"knativebrokerttl\" not found"}
{"level":"info","ts":"2019-12-03T21:04:26.874Z","logger":"broker_ingress","caller":"ingress/ingress_handler.go:120","msg":"Error retrieving TTL, defaulting.","commit":"7655d9c","error":"\"knativebrokerttl\" not found"}
{"level":"info","ts":"2019-12-03T21:04:26.875Z","logger":"broker_ingress","caller":"ingress/ingress_handler.go:120","msg":"Error retrieving TTL, defaulting.","commit":"7655d9c","error":"\"knativebrokerttl\" not found"}
{"level":"info","ts":"2019-12-03T21:04:26.875Z","logger":"broker_ingress","caller":"ingress/ingress_handler.go:120","msg":"Error retrieving TTL, defaulting.","commit":"7655d9c","error":"\"knativebrokerttl\" not found"}
{"level":"info","ts":"2019-12-03T21:04:26.875Z","logger":"broker_ingress","caller":"ingress/ingress_handler.go:120","msg":"Error retrieving TTL, defaulting.","commit":"7655d9c","error":"\"knativebrokerttl\" not found"}
{"level":"info","ts":"2019-12-03T21:04:26.876Z","logger":"broker_ingress","caller":"ingress/ingress_handler.go:120","msg":"Error retrieving TTL, defaulting.","commit":"7655d9c","error":"\"knativebrokerttl\" not found"}
{"level":"info","ts":"2019-12-03T21:04:26.876Z","logger":"broker_ingress","caller":"ingress/ingress_handler.go:120","msg":"Error retrieving TTL, defaulting.","commit":"7655d9c","error":"\"knativebrokerttl\" not found"}
{"level":"info","ts":"2019-12-03T21:04:26.876Z","logger":"broker_ingress","caller":"ingress/ingress_handler.go:120","msg":"Error retrieving TTL, defaulting.","commit":"7655d9c","error":"\"knativebrokerttl\" not found"}
{"level":"info","ts":"2019-12-03T21:04:26.876Z","logger":"broker_ingress","caller":"ingress/ingress_handler.go:120","msg":"Error retrieving TTL, defaulting.","commit":"7655d9c","error":"\"knativebrokerttl\" not found"}
{"level":"info","ts":"2019-12-03T21:04:26.877Z","logger":"broker_ingress","caller":"ingress/ingress_handler.go:120","msg":"Error retrieving TTL, defaulting.","commit":"7655d9c","error":"\"knativebrokerttl\" not found"}
{"level":"info","ts":"2019-12-03T21:04:26.878Z","logger":"broker_ingress","caller":"ingress/ingress_handler.go:120","msg":"Error retrieving TTL, defaulting.","commit":"7655d9c","error":"\"knativebrokerttl\" not found"}
{"level":"info","ts":"2019-12-03T21:04:26.879Z","logger":"broker_ingress","caller":"ingress/ingress_handler.go:120","msg":"Error retrieving TTL, defaulting.","commit":"7655d9c","error":"\"knativebrokerttl\" not found"}
{"level":"info","ts":"2019-12-03T21:04:26.879Z","logger":"broker_ingress","caller":"ingress/ingress_handler.go:120","msg":"Error retrieving TTL, defaulting.","commit":"7655d9c","error":"\"knativebrokerttl\" not found"}
{"level":"info","ts":"2019-12-03T21:04:26.880Z","logger":"broker_ingress","caller":"ingress/ingress_handler.go:120","msg":"Error retrieving TTL, defaulting.","commit":"7655d9c","error":"\"knativebrokerttl\" not found"}
{"level":"info","ts":"2019-12-03T21:04:26.881Z","logger":"broker_ingress","caller":"ingress/ingress_handler.go:120","msg":"Error retrieving TTL, defaulting.","commit":"7655d9c","error":"\"knativebrokerttl\" not found"}
{"level":"info","ts":"2019-12-03T21:04:26.881Z","logger":"broker_ingress","caller":"ingress/ingress_handler.go:120","msg":"Error retrieving TTL, defaulting.","commit":"7655d9c","error":"\"knativebrokerttl\" not found"}
{"level":"info","ts":"2019-12-03T21:04:26.880Z","logger":"broker_ingress","caller":"ingress/ingress_handler.go:120","msg":"Error retrieving TTL, defaulting.","commit":"7655d9c","error":"\"knativebrokerttl\" not found"}
{"level":"info","ts":"2019-12-03T21:04:26.881Z","logger":"broker_ingress","caller":"ingress/ingress_handler.go:120","msg":"Error retrieving TTL, defaulting.","commit":"7655d9c","error":"\"knativebrokerttl\" not found"}
{"level":"info","ts":"2019-12-03T21:04:26.881Z","logger":"broker_ingress","caller":"ingress/ingress_handler.go:120","msg":"Error retrieving TTL, defaulting.","commit":"7655d9c","error":"\"knativebrokerttl\" not found"}
{"level":"info","ts":"2019-12-03T21:04:26.882Z","logger":"broker_ingress","caller":"ingress/ingress_handler.go:120","msg":"Error retrieving TTL, defaulting.","commit":"7655d9c","error":"\"knativebrokerttl\" not found"}
{"level":"info","ts":"2019-12-03T21:04:26.882Z","logger":"broker_ingress","caller":"ingress/ingress_handler.go:120","msg":"Error retrieving TTL, defaulting.","commit":"7655d9c","error":"\"knativebrokerttl\" not found"}
{"level":"info","ts":"2019-12-03T21:04:26.882Z","logger":"broker_ingress","caller":"ingress/ingress_handler.go:120","msg":"Error retrieving TTL, defaulting.","commit":"7655d9c","error":"\"knativebrokerttl\" not found"}
{"level":"info","ts":"2019-12-03T21:04:26.882Z","logger":"broker_ingress","caller":"ingress/ingress_handler.go:120","msg":"Error retrieving TTL, defaulting.","commit":"7655d9c","error":"\"knativebrokerttl\" not found"}
{"level":"info","ts":"2019-12-03T21:04:26.882Z","logger":"broker_ingress","caller":"ingress/ingress_handler.go:120","msg":"Error retrieving TTL, defaulting.","commit":"7655d9c","error":"\"knativebrokerttl\" not found"}
{"level":"info","ts":"2019-12-03T21:04:26.882Z","logger":"broker_ingress","caller":"ingress/ingress_handler.go:120","msg":"Error retrieving TTL, defaulting.","commit":"7655d9c","error":"\"knativebrokerttl\" not found"}
{"level":"info","ts":"2019-12-03T21:04:26.882Z","logger":"broker_ingress","caller":"ingress/ingress_handler.go:120","msg":"Error retrieving TTL, defaulting.","commit":"7655d9c","error":"\"knativebrokerttl\" not found"}
{"level":"info","ts":"2019-12-03T21:04:26.883Z","logger":"broker_ingress","caller":"ingress/ingress_handler.go:120","msg":"Error retrieving TTL, defaulting.","commit":"7655d9c","error":"\"knativebrokerttl\" not found"}
{"level":"info","ts":"2019-12-03T21:04:26.883Z","logger":"broker_ingress","caller":"ingress/ingress_handler.go:120","msg":"Error retrieving TTL, defaulting.","commit":"7655d9c","error":"\"knativebrokerttl\" not found"}
{"level":"info","ts":"2019-12-03T21:04:26.883Z","logger":"broker_ingress","caller":"ingress/ingress_handler.go:120","msg":"Error retrieving TTL, defaulting.","commit":"7655d9c","error":"\"knativebrokerttl\" not found"}
{"level":"info","ts":"2019-12-03T21:04:26.883Z","logger":"broker_ingress","caller":"ingress/ingress_handler.go:120","msg":"Error retrieving TTL, defaulting.","commit":"7655d9c","error":"\"knativebrokerttl\" not found"}
{"level":"info","ts":"2019-12-03T21:04:26.883Z","logger":"broker_ingress","caller":"ingress/ingress_handler.go:120","msg":"Error retrieving TTL, defaulting.","commit":"7655d9c","error":"\"knativebrokerttl\" not found"}
{"level":"info","ts":"2019-12-03T21:04:26.883Z","logger":"broker_ingress","caller":"ingress/ingress_handler.go:120","msg":"Error retrieving TTL, defaulting.","commit":"7655d9c","error":"\"knativebrokerttl\" not found"}
{"level":"info","ts":"2019-12-03T21:04:26.883Z","logger":"broker_ingress","caller":"ingress/ingress_handler.go:120","msg":"Error retrieving TTL, defaulting.","commit":"7655d9c","error":"\"knativebrokerttl\" not found"}
{"level":"info","ts":"2019-12-03T21:04:26.883Z","logger":"broker_ingress","caller":"ingress/ingress_handler.go:120","msg":"Error retrieving TTL, defaulting.","commit":"7655d9c","error":"\"knativebrokerttl\" not found"}
{"level":"info","ts":"2019-12-03T21:04:26.883Z","logger":"broker_ingress","caller":"ingress/ingress_handler.go:120","msg":"Error retrieving TTL, defaulting.","commit":"7655d9c","error":"\"knativebrokerttl\" not found"}
{"level":"info","ts":"2019-12-03T21:04:26.883Z","logger":"broker_ingress","caller":"ingress/ingress_handler.go:120","msg":"Error retrieving TTL, defaulting.","commit":"7655d9c","error":"\"knativebrokerttl\" not found"}
{"level":"info","ts":"2019-12-03T21:04:26.884Z","logger":"broker_ingress","caller":"ingress/ingress_handler.go:120","msg":"Error retrieving TTL, defaulting.","commit":"7655d9c","error":"\"knativebrokerttl\" not found"}
{"level":"info","ts":"2019-12-03T21:04:26.884Z","logger":"broker_ingress","caller":"ingress/ingress_handler.go:120","msg":"Error retrieving TTL, defaulting.","commit":"7655d9c","error":"\"knativebrokerttl\" not found"}
{"level":"info","ts":"2019-12-03T21:04:26.884Z","logger":"broker_ingress","caller":"ingress/ingress_handler.go:120","msg":"Error retrieving TTL, defaulting.","commit":"7655d9c","error":"\"knativebrokerttl\" not found"}
{"level":"info","ts":"2019-12-03T21:04:26.885Z","logger":"broker_ingress","caller":"ingress/ingress_handler.go:120","msg":"Error retrieving TTL, defaulting.","commit":"7655d9c","error":"\"knativebrokerttl\" not found"}
{"level":"info","ts":"2019-12-03T21:04:26.887Z","logger":"broker_ingress","caller":"ingress/ingress_handler.go:120","msg":"Error retrieving TTL, defaulting.","commit":"7655d9c","error":"\"knativebrokerttl\" not found"}
{"level":"info","ts":"2019-12-03T21:04:26.887Z","logger":"broker_ingress","caller":"ingress/ingress_handler.go:120","msg":"Error retrieving TTL, defaulting.","commit":"7655d9c","error":"\"knativebrokerttl\" not found"}
{"level":"info","ts":"2019-12-03T21:04:26.888Z","logger":"broker_ingress","caller":"ingress/ingress_handler.go:120","msg":"Error retrieving TTL, defaulting.","commit":"7655d9c","error":"\"knativebrokerttl\" not found"}
{"level":"info","ts":"2019-12-03T21:04:26.892Z","logger":"broker_ingress","caller":"ingress/ingress_handler.go:120","msg":"Error retrieving TTL, defaulting.","commit":"7655d9c","error":"\"knativebrokerttl\" not found"}
{"level":"info","ts":"2019-12-03T21:04:26.892Z","logger":"broker_ingress","caller":"ingress/ingress_handler.go:120","msg":"Error retrieving TTL, defaulting.","commit":"7655d9c","error":"\"knativebrokerttl\" not found"}
{"level":"info","ts":"2019-12-03T21:04:26.893Z","logger":"broker_ingress","caller":"ingress/ingress_handler.go:120","msg":"Error retrieving TTL, defaulting.","commit":"7655d9c","error":"\"knativebrokerttl\" not found"}
{"level":"info","ts":"2019-12-03T21:04:26.894Z","logger":"broker_ingress","caller":"ingress/ingress_handler.go:120","msg":"Error retrieving TTL, defaulting.","commit":"7655d9c","error":"\"knativebrokerttl\" not found"}
{"level":"info","ts":"2019-12-03T21:04:26.894Z","logger":"broker_ingress","caller":"ingress/ingress_handler.go:120","msg":"Error retrieving TTL, defaulting.","commit":"7655d9c","error":"\"knativebrokerttl\" not found"}
{"level":"info","ts":"2019-12-03T21:04:26.894Z","logger":"broker_ingress","caller":"ingress/ingress_handler.go:120","msg":"Error retrieving TTL, defaulting.","commit":"7655d9c","error":"\"knativebrokerttl\" not found"}
{"level":"info","ts":"2019-12-03T21:04:26.898Z","logger":"broker_ingress","caller":"ingress/ingress_handler.go:120","msg":"Error retrieving TTL, defaulting.","commit":"7655d9c","error":"\"knativebrokerttl\" not found"}
{"level":"info","ts":"2019-12-03T21:04:26.899Z","logger":"broker_ingress","caller":"ingress/ingress_handler.go:120","msg":"Error retrieving TTL, defaulting.","commit":"7655d9c","error":"\"knativebrokerttl\" not found"}
{"level":"info","ts":"2019-12-03T21:04:26.900Z","logger":"broker_ingress","caller":"ingress/ingress_handler.go:120","msg":"Error retrieving TTL, defaulting.","commit":"7655d9c","error":"\"knativebrokerttl\" not found"}
{"level":"info","ts":"2019-12-03T21:04:26.900Z","logger":"broker_ingress","caller":"ingress/ingress_handler.go:120","msg":"Error retrieving TTL, defaulting.","commit":"7655d9c","error":"\"knativebrokerttl\" not found"}
{"level":"info","ts":"2019-12-03T21:04:26.903Z","logger":"broker_ingress","caller":"ingress/ingress_handler.go:120","msg":"Error retrieving TTL, defaulting.","commit":"7655d9c","error":"\"knativebrokerttl\" not found"}
{"level":"info","ts":"2019-12-03T21:04:26.903Z","logger":"broker_ingress","caller":"ingress/ingress_handler.go:120","msg":"Error retrieving TTL, defaulting.","commit":"7655d9c","error":"\"knativebrokerttl\" not found"}
{"level":"info","ts":"2019-12-03T21:04:26.903Z","logger":"broker_ingress","caller":"ingress/ingress_handler.go:120","msg":"Error retrieving TTL, defaulting.","commit":"7655d9c","error":"\"knativebrokerttl\" not found"}
{"level":"info","ts":"2019-12-03T21:04:26.909Z","logger":"broker_ingress","caller":"ingress/ingress_handler.go:120","msg":"Error retrieving TTL, defaulting.","commit":"7655d9c","error":"\"knativebrokerttl\" not found"}
{"level":"info","ts":"2019-12-03T21:04:26.909Z","logger":"broker_ingress","caller":"ingress/ingress_handler.go:120","msg":"Error retrieving TTL, defaulting.","commit":"7655d9c","error":"\"knativebrokerttl\" not found"}
{"level":"info","ts":"2019-12-03T21:04:26.909Z","logger":"broker_ingress","caller":"ingress/ingress_handler.go:120","msg":"Error retrieving TTL, defaulting.","commit":"7655d9c","error":"\"knativebrokerttl\" not found"}
{"level":"info","ts":"2019-12-03T21:04:26.909Z","logger":"broker_ingress","caller":"ingress/ingress_handler.go:120","msg":"Error retrieving TTL, defaulting.","commit":"7655d9c","error":"\"knativebrokerttl\" not found"}
{"level":"info","ts":"2019-12-03T21:04:26.910Z","logger":"broker_ingress","caller":"ingress/ingress_handler.go:120","msg":"Error retrieving TTL, defaulting.","commit":"7655d9c","error":"\"knativebrokerttl\" not found"}
{"level":"info","ts":"2019-12-03T21:04:26.916Z","logger":"broker_ingress","caller":"ingress/ingress_handler.go:120","msg":"Error retrieving TTL, defaulting.","commit":"7655d9c","error":"\"knativebrokerttl\" not found"}
{"level":"info","ts":"2019-12-03T21:04:26.916Z","logger":"broker_ingress","caller":"ingress/ingress_handler.go:120","msg":"Error retrieving TTL, defaulting.","commit":"7655d9c","error":"\"knativebrokerttl\" not found"}
{"level":"info","ts":"2019-12-03T21:04:26.916Z","logger":"broker_ingress","caller":"ingress/ingress_handler.go:120","msg":"Error retrieving TTL, defaulting.","commit":"7655d9c","error":"\"knativebrokerttl\" not found"}
{"level":"info","ts":"2019-12-03T21:04:26.916Z","logger":"broker_ingress","caller":"ingress/ingress_handler.go:120","msg":"Error retrieving TTL, defaulting.","commit":"7655d9c","error":"\"knativebrokerttl\" not found"}
{"level":"info","ts":"2019-12-03T21:04:26.916Z","logger":"broker_ingress","caller":"ingress/ingress_handler.go:120","msg":"Error retrieving TTL, defaulting.","commit":"7655d9c","error":"\"knativebrokerttl\" not found"}
{"level":"info","ts":"2019-12-03T21:04:26.917Z","logger":"broker_ingress","caller":"ingress/ingress_handler.go:120","msg":"Error retrieving TTL, defaulting.","commit":"7655d9c","error":"\"knativebrokerttl\" not found"}
{"level":"info","ts":"2019-12-03T21:04:26.919Z","logger":"broker_ingress","caller":"ingress/ingress_handler.go:120","msg":"Error retrieving TTL, defaulting.","commit":"7655d9c","error":"\"knativebrokerttl\" not found"}
{"level":"info","ts":"2019-12-03T21:04:26.921Z","logger":"broker_ingress","caller":"ingress/ingress_handler.go:120","msg":"Error retrieving TTL, defaulting.","commit":"7655d9c","error":"\"knativebrokerttl\" not found"}
{"level":"info","ts":"2019-12-03T21:04:26.921Z","logger":"broker_ingress","caller":"ingress/ingress_handler.go:120","msg":"Error retrieving TTL, defaulting.","commit":"7655d9c","error":"\"knativebrokerttl\" not found"}
{"level":"info","ts":"2019-12-03T21:04:26.921Z","logger":"broker_ingress","caller":"ingress/ingress_handler.go:120","msg":"Error retrieving TTL, defaulting.","commit":"7655d9c","error":"\"knativebrokerttl\" not found"}
{"level":"info","ts":"2019-12-03T21:04:26.921Z","logger":"broker_ingress","caller":"ingress/ingress_handler.go:120","msg":"Error retrieving TTL, defaulting.","commit":"7655d9c","error":"\"knativebrokerttl\" not found"}
{"level":"info","ts":"2019-12-03T21:04:26.922Z","logger":"broker_ingress","caller":"ingress/ingress_handler.go:120","msg":"Error retrieving TTL, defaulting.","commit":"7655d9c","error":"\"knativebrokerttl\" not found"}
{"level":"info","ts":"2019-12-03T21:04:26.922Z","logger":"broker_ingress","caller":"ingress/ingress_handler.go:120","msg":"Error retrieving TTL, defaulting.","commit":"7655d9c","error":"\"knativebrokerttl\" not found"}
{"level":"info","ts":"2019-12-03T21:04:26.922Z","logger":"broker_ingress","caller":"ingress/ingress_handler.go:120","msg":"Error retrieving TTL, defaulting.","commit":"7655d9c","error":"\"knativebrokerttl\" not found"}
{"level":"info","ts":"2019-12-03T21:04:26.922Z","logger":"broker_ingress","caller":"ingress/ingress_handler.go:120","msg":"Error retrieving TTL, defaulting.","commit":"7655d9c","error":"\"knativebrokerttl\" not found"}
{"level":"info","ts":"2019-12-03T21:04:26.922Z","logger":"broker_ingress","caller":"ingress/ingress_handler.go:120","msg":"Error retrieving TTL, defaulting.","commit":"7655d9c","error":"\"knativebrokerttl\" not found"}
{"level":"info","ts":"2019-12-03T21:04:26.923Z","logger":"broker_ingress","caller":"ingress/ingress_handler.go:120","msg":"Error retrieving TTL, defaulting.","commit":"7655d9c","error":"\"knativebrokerttl\" not found"}
{"level":"info","ts":"2019-12-03T21:04:26.926Z","logger":"broker_ingress","caller":"ingress/ingress_handler.go:120","msg":"Error retrieving TTL, defaulting.","commit":"7655d9c","error":"\"knativebrokerttl\" not found"}
{"level":"info","ts":"2019-12-03T21:04:26.926Z","logger":"broker_ingress","caller":"ingress/ingress_handler.go:120","msg":"Error retrieving TTL, defaulting.","commit":"7655d9c","error":"\"knativebrokerttl\" not found"}
{"level":"info","ts":"2019-12-03T21:04:26.926Z","logger":"broker_ingress","caller":"ingress/ingress_handler.go:120","msg":"Error retrieving TTL, defaulting.","commit":"7655d9c","error":"\"knativebrokerttl\" not found"}
{"level":"info","ts":"2019-12-03T21:04:26.926Z","logger":"broker_ingress","caller":"ingress/ingress_handler.go:120","msg":"Error retrieving TTL, defaulting.","commit":"7655d9c","error":"\"knativebrokerttl\" not found"}
{"level":"info","ts":"2019-12-03T21:04:26.929Z","logger":"broker_ingress","caller":"ingress/ingress_handler.go:120","msg":"Error retrieving TTL, defaulting.","commit":"7655d9c","error":"\"knativebrokerttl\" not found"}
{"level":"info","ts":"2019-12-03T21:04:26.930Z","logger":"broker_ingress","caller":"ingress/ingress_handler.go:120","msg":"Error retrieving TTL, defaulting.","commit":"7655d9c","error":"\"knativebrokerttl\" not found"}
{"level":"info","ts":"2019-12-03T21:04:26.930Z","logger":"broker_ingress","caller":"ingress/ingress_handler.go:120","msg":"Error retrieving TTL, defaulting.","commit":"7655d9c","error":"\"knativebrokerttl\" not found"}
{"level":"info","ts":"2019-12-03T21:04:26.931Z","logger":"broker_ingress","caller":"ingress/ingress_handler.go:120","msg":"Error retrieving TTL, defaulting.","commit":"7655d9c","error":"\"knativebrokerttl\" not found"}
{"level":"info","ts":"2019-12-03T21:04:26.941Z","logger":"broker_ingress","caller":"ingress/ingress_handler.go:120","msg":"Error retrieving TTL, defaulting.","commit":"7655d9c","error":"\"knativebrokerttl\" not found"}
{"level":"info","ts":"2019-12-03T21:04:26.940Z","logger":"broker_ingress","caller":"ingress/ingress_handler.go:120","msg":"Error retrieving TTL, defaulting.","commit":"7655d9c","error":"\"knativebrokerttl\" not found"}
{"level":"info","ts":"2019-12-03T21:04:26.941Z","logger":"broker_ingress","caller":"ingress/ingress_handler.go:120","msg":"Error retrieving TTL, defaulting.","commit":"7655d9c","error":"\"knativebrokerttl\" not found"}
{"level":"info","ts":"2019-12-03T21:04:26.942Z","logger":"broker_ingress","caller":"ingress/ingress_handler.go:120","msg":"Error retrieving TTL, defaulting.","commit":"7655d9c","error":"\"knativebrokerttl\" not found"}
{"level":"info","ts":"2019-12-03T21:04:26.942Z","logger":"broker_ingress","caller":"ingress/ingress_handler.go:120","msg":"Error retrieving TTL, defaulting.","commit":"7655d9c","error":"\"knativebrokerttl\" not found"}
{"level":"info","ts":"2019-12-03T21:04:26.942Z","logger":"broker_ingress","caller":"ingress/ingress_handler.go:120","msg":"Error retrieving TTL, defaulting.","commit":"7655d9c","error":"\"knativebrokerttl\" not found"}
{"level":"info","ts":"2019-12-03T21:04:26.942Z","logger":"broker_ingress","caller":"ingress/ingress_handler.go:120","msg":"Error retrieving TTL, defaulting.","commit":"7655d9c","error":"\"knativebrokerttl\" not found"}
{"level":"info","ts":"2019-12-03T21:04:26.943Z","logger":"broker_ingress","caller":"ingress/ingress_handler.go:120","msg":"Error retrieving TTL, defaulting.","commit":"7655d9c","error":"\"knativebrokerttl\" not found"}
{"level":"info","ts":"2019-12-03T21:04:26.943Z","logger":"broker_ingress","caller":"ingress/ingress_handler.go:120","msg":"Error retrieving TTL, defaulting.","commit":"7655d9c","error":"\"knativebrokerttl\" not found"}
{"level":"info","ts":"2019-12-03T21:04:26.943Z","logger":"broker_ingress","caller":"ingress/ingress_handler.go:120","msg":"Error retrieving TTL, defaulting.","commit":"7655d9c","error":"\"knativebrokerttl\" not found"}
{"level":"info","ts":"2019-12-03T21:04:26.943Z","logger":"broker_ingress","caller":"ingress/ingress_handler.go:120","msg":"Error retrieving TTL, defaulting.","commit":"7655d9c","error":"\"knativebrokerttl\" not found"}
{"level":"info","ts":"2019-12-03T21:04:26.943Z","logger":"broker_ingress","caller":"ingress/ingress_handler.go:120","msg":"Error retrieving TTL, defaulting.","commit":"7655d9c","error":"\"knativebrokerttl\" not found"}
{"level":"info","ts":"2019-12-03T21:04:26.944Z","logger":"broker_ingress","caller":"ingress/ingress_handler.go:120","msg":"Error retrieving TTL, defaulting.","commit":"7655d9c","error":"\"knativebrokerttl\" not found"}
{"level":"info","ts":"2019-12-03T21:04:26.947Z","logger":"broker_ingress","caller":"ingress/ingress_handler.go:120","msg":"Error retrieving TTL, defaulting.","commit":"7655d9c","error":"\"knativebrokerttl\" not found"}
{"level":"info","ts":"2019-12-03T21:04:26.948Z","logger":"broker_ingress","caller":"ingress/ingress_handler.go:120","msg":"Error retrieving TTL, defaulting.","commit":"7655d9c","error":"\"knativebrokerttl\" not found"}
{"level":"info","ts":"2019-12-03T21:04:26.948Z","logger":"broker_ingress","caller":"ingress/ingress_handler.go:120","msg":"Error retrieving TTL, defaulting.","commit":"7655d9c","error":"\"knativebrokerttl\" not found"}
{"level":"info","ts":"2019-12-03T21:04:26.948Z","logger":"broker_ingress","caller":"ingress/ingress_handler.go:120","msg":"Error retrieving TTL, defaulting.","commit":"7655d9c","error":"\"knativebrokerttl\" not found"}
{"level":"info","ts":"2019-12-03T21:04:26.948Z","logger":"broker_ingress","caller":"ingress/ingress_handler.go:120","msg":"Error retrieving TTL, defaulting.","commit":"7655d9c","error":"\"knativebrokerttl\" not found"}
{"level":"info","ts":"2019-12-03T21:04:26.719Z","logger":"broker_ingress","caller":"ingress/ingress_handler.go:120","msg":"Error retrieving TTL, defaulting.","commit":"7655d9c","error":"\"knativebrokerttl\" not found"}
{"level":"info","ts":"2019-12-03T21:04:26.722Z","logger":"broker_ingress","caller":"ingress/ingress_handler.go:120","msg":"Error retrieving TTL, defaulting.","commit":"7655d9c","error":"\"knativebrokerttl\" not found"}
{"level":"info","ts":"2019-12-03T21:04:26.723Z","logger":"broker_ingress","caller":"ingress/ingress_handler.go:120","msg":"Error retrieving TTL, defaulting.","commit":"7655d9c","error":"\"knativebrokerttl\" not found"}
{"level":"info","ts":"2019-12-03T21:04:26.723Z","logger":"broker_ingress","caller":"ingress/ingress_handler.go:120","msg":"Error retrieving TTL, defaulting.","commit":"7655d9c","error":"\"knativebrokerttl\" not found"}
{"level":"info","ts":"2019-12-03T21:04:26.723Z","logger":"broker_ingress","caller":"ingress/ingress_handler.go:120","msg":"Error retrieving TTL, defaulting.","commit":"7655d9c","error":"\"knativebrokerttl\" not found"}
{"level":"info","ts":"2019-12-03T21:04:26.723Z","logger":"broker_ingress","caller":"ingress/ingress_handler.go:120","msg":"Error retrieving TTL, defaulting.","commit":"7655d9c","error":"\"knativebrokerttl\" not found"}
{"level":"info","ts":"2019-12-03T21:04:26.723Z","logger":"broker_ingress","caller":"ingress/ingress_handler.go:120","msg":"Error retrieving TTL, defaulting.","commit":"7655d9c","error":"\"knativebrokerttl\" not found"}
{"level":"info","ts":"2019-12-03T21:04:26.723Z","logger":"broker_ingress","caller":"ingress/ingress_handler.go:120","msg":"Error retrieving TTL, defaulting.","commit":"7655d9c","error":"\"knativebrokerttl\" not found"}
{"level":"info","ts":"2019-12-03T21:04:26.723Z","logger":"broker_ingress","caller":"ingress/ingress_handler.go:120","msg":"Error retrieving TTL, defaulting.","commit":"7655d9c","error":"\"knativebrokerttl\" not found"}
{"level":"info","ts":"2019-12-03T21:04:26.723Z","logger":"broker_ingress","caller":"ingress/ingress_handler.go:120","msg":"Error retrieving TTL, defaulting.","commit":"7655d9c","error":"\"knativebrokerttl\" not found"}
{"level":"info","ts":"2019-12-03T21:04:26.724Z","logger":"broker_ingress","caller":"ingress/ingress_handler.go:120","msg":"Error retrieving TTL, defaulting.","commit":"7655d9c","error":"\"knativebrokerttl\" not found"}
{"level":"info","ts":"2019-12-03T21:04:26.724Z","logger":"broker_ingress","caller":"ingress/ingress_handler.go:120","msg":"Error retrieving TTL, defaulting.","commit":"7655d9c","error":"\"knativebrokerttl\" not found"}
{"level":"info","ts":"2019-12-03T21:04:26.726Z","logger":"broker_ingress","caller":"ingress/ingress_handler.go:120","msg":"Error retrieving TTL, defaulting.","commit":"7655d9c","error":"\"knativebrokerttl\" not found"}
{"level":"info","ts":"2019-12-03T21:04:26.726Z","logger":"broker_ingress","caller":"ingress/ingress_handler.go:120","msg":"Error retrieving TTL, defaulting.","commit":"7655d9c","error":"\"knativebrokerttl\" not found"}
{"level":"info","ts":"2019-12-03T21:04:26.726Z","logger":"broker_ingress","caller":"ingress/ingress_handler.go:120","msg":"Error retrieving TTL, defaulting.","commit":"7655d9c","error":"\"knativebrokerttl\" not found"}
{"level":"info","ts":"2019-12-03T21:04:26.726Z","logger":"broker_ingress","caller":"ingress/ingress_handler.go:120","msg":"Error retrieving TTL, defaulting.","commit":"7655d9c","error":"\"knativebrokerttl\" not found"}
{"level":"info","ts":"2019-12-03T21:04:26.726Z","logger":"broker_ingress","caller":"ingress/ingress_handler.go:120","msg":"Error retrieving TTL, defaulting.","commit":"7655d9c","error":"\"knativebrokerttl\" not found"}
{"level":"info","ts":"2019-12-03T21:04:26.726Z","logger":"broker_ingress","caller":"ingress/ingress_handler.go:120","msg":"Error retrieving TTL, defaulting.","commit":"7655d9c","error":"\"knativebrokerttl\" not found"}
{"level":"info","ts":"2019-12-03T21:04:26.726Z","logger":"broker_ingress","caller":"ingress/ingress_handler.go:120","msg":"Error retrieving TTL, defaulting.","commit":"7655d9c","error":"\"knativebrokerttl\" not found"}
{"level":"info","ts":"2019-12-03T21:04:26.726Z","logger":"broker_ingress","caller":"ingress/ingress_handler.go:120","msg":"Error retrieving TTL, defaulting.","commit":"7655d9c","error":"\"knativebrokerttl\" not found"}
{"level":"info","ts":"2019-12-03T21:04:26.726Z","logger":"broker_ingress","caller":"ingress/ingress_handler.go:120","msg":"Error retrieving TTL, defaulting.","commit":"7655d9c","error":"\"knativebrokerttl\" not found"}
{"level":"info","ts":"2019-12-03T21:04:26.727Z","logger":"broker_ingress","caller":"ingress/ingress_handler.go:120","msg":"Error retrieving TTL, defaulting.","commit":"7655d9c","error":"\"knativebrokerttl\" not found"}
{"level":"info","ts":"2019-12-03T21:04:26.727Z","logger":"broker_ingress","caller":"ingress/ingress_handler.go:120","msg":"Error retrieving TTL, defaulting.","commit":"7655d9c","error":"\"knativebrokerttl\" not found"}
{"level":"info","ts":"2019-12-03T21:04:26.728Z","logger":"broker_ingress","caller":"ingress/ingress_handler.go:120","msg":"Error retrieving TTL, defaulting.","commit":"7655d9c","error":"\"knativebrokerttl\" not found"}
{"level":"info","ts":"2019-12-03T21:04:26.728Z","logger":"broker_ingress","caller":"ingress/ingress_handler.go:120","msg":"Error retrieving TTL, defaulting.","commit":"7655d9c","error":"\"knativebrokerttl\" not found"}
{"level":"info","ts":"2019-12-03T21:04:26.728Z","logger":"broker_ingress","caller":"ingress/ingress_handler.go:120","msg":"Error retrieving TTL, defaulting.","commit":"7655d9c","error":"\"knativebrokerttl\" not found"}
{"level":"info","ts":"2019-12-03T21:04:26.728Z","logger":"broker_ingress","caller":"ingress/ingress_handler.go:120","msg":"Error retrieving TTL, defaulting.","commit":"7655d9c","error":"\"knativebrokerttl\" not found"}
{"level":"info","ts":"2019-12-03T21:04:26.728Z","logger":"broker_ingress","caller":"ingress/ingress_handler.go:120","msg":"Error retrieving TTL, defaulting.","commit":"7655d9c","error":"\"knativebrokerttl\" not found"}
{"level":"info","ts":"2019-12-03T21:04:26.728Z","logger":"broker_ingress","caller":"ingress/ingress_handler.go:120","msg":"Error retrieving TTL, defaulting.","commit":"7655d9c","error":"\"knativebrokerttl\" not found"}
{"level":"info","ts":"2019-12-03T21:04:26.728Z","logger":"broker_ingress","caller":"ingress/ingress_handler.go:120","msg":"Error retrieving TTL, defaulting.","commit":"7655d9c","error":"\"knativebrokerttl\" not found"}
{"level":"info","ts":"2019-12-03T21:04:26.729Z","logger":"broker_ingress","caller":"ingress/ingress_handler.go:120","msg":"Error retrieving TTL, defaulting.","commit":"7655d9c","error":"\"knativebrokerttl\" not found"}
{"level":"info","ts":"2019-12-03T21:04:26.729Z","logger":"broker_ingress","caller":"ingress/ingress_handler.go:120","msg":"Error retrieving TTL, defaulting.","commit":"7655d9c","error":"\"knativebrokerttl\" not found"}
{"level":"info","ts":"2019-12-03T21:04:26.729Z","logger":"broker_ingress","caller":"ingress/ingress_handler.go:120","msg":"Error retrieving TTL, defaulting.","commit":"7655d9c","error":"\"knativebrokerttl\" not found"}
{"level":"info","ts":"2019-12-03T21:04:26.729Z","logger":"broker_ingress","caller":"ingress/ingress_handler.go:120","msg":"Error retrieving TTL, defaulting.","commit":"7655d9c","error":"\"knativebrokerttl\" not found"}
{"level":"info","ts":"2019-12-03T21:04:26.729Z","logger":"broker_ingress","caller":"ingress/ingress_handler.go:120","msg":"Error retrieving TTL, defaulting.","commit":"7655d9c","error":"\"knativebrokerttl\" not found"}
{"level":"info","ts":"2019-12-03T21:04:26.729Z","logger":"broker_ingress","caller":"ingress/ingress_handler.go:120","msg":"Error retrieving TTL, defaulting.","commit":"7655d9c","error":"\"knativebrokerttl\" not found"}
{"level":"info","ts":"2019-12-03T21:04:26.729Z","logger":"broker_ingress","caller":"ingress/ingress_handler.go:120","msg":"Error retrieving TTL, defaulting.","commit":"7655d9c","error":"\"knativebrokerttl\" not found"}
{"level":"info","ts":"2019-12-03T21:04:26.729Z","logger":"broker_ingress","caller":"ingress/ingress_handler.go:120","msg":"Error retrieving TTL, defaulting.","commit":"7655d9c","error":"\"knativebrokerttl\" not found"}
{"level":"info","ts":"2019-12-03T21:04:26.729Z","logger":"broker_ingress","caller":"ingress/ingress_handler.go:120","msg":"Error retrieving TTL, defaulting.","commit":"7655d9c","error":"\"knativebrokerttl\" not found"}
{"level":"info","ts":"2019-12-03T21:04:26.729Z","logger":"broker_ingress","caller":"ingress/ingress_handler.go:120","msg":"Error retrieving TTL, defaulting.","commit":"7655d9c","error":"\"knativebrokerttl\" not found"}
{"level":"info","ts":"2019-12-03T21:04:26.729Z","logger":"broker_ingress","caller":"ingress/ingress_handler.go:120","msg":"Error retrieving TTL, defaulting.","commit":"7655d9c","error":"\"knativebrokerttl\" not found"}
{"level":"info","ts":"2019-12-03T21:04:26.729Z","logger":"broker_ingress","caller":"ingress/ingress_handler.go:120","msg":"Error retrieving TTL, defaulting.","commit":"7655d9c","error":"\"knativebrokerttl\" not found"}
{"level":"info","ts":"2019-12-03T21:04:26.729Z","logger":"broker_ingress","caller":"ingress/ingress_handler.go:120","msg":"Error retrieving TTL, defaulting.","commit":"7655d9c","error":"\"knativebrokerttl\" not found"}
{"level":"info","ts":"2019-12-03T21:04:26.729Z","logger":"broker_ingress","caller":"ingress/ingress_handler.go:120","msg":"Error retrieving TTL, defaulting.","commit":"7655d9c","error":"\"knativebrokerttl\" not found"}
{"level":"info","ts":"2019-12-03T21:04:26.730Z","logger":"broker_ingress","caller":"ingress/ingress_handler.go:120","msg":"Error retrieving TTL, defaulting.","commit":"7655d9c","error":"\"knativebrokerttl\" not found"}
{"level":"info","ts":"2019-12-03T21:04:26.730Z","logger":"broker_ingress","caller":"ingress/ingress_handler.go:120","msg":"Error retrieving TTL, defaulting.","commit":"7655d9c","error":"\"knativebrokerttl\" not found"}
{"level":"info","ts":"2019-12-03T21:04:26.730Z","logger":"broker_ingress","caller":"ingress/ingress_handler.go:120","msg":"Error retrieving TTL, defaulting.","commit":"7655d9c","error":"\"knativebrokerttl\" not found"}
{"level":"info","ts":"2019-12-03T21:04:26.730Z","logger":"broker_ingress","caller":"ingress/ingress_handler.go:120","msg":"Error retrieving TTL, defaulting.","commit":"7655d9c","error":"\"knativebrokerttl\" not found"}
{"level":"info","ts":"2019-12-03T21:04:26.730Z","logger":"broker_ingress","caller":"ingress/ingress_handler.go:120","msg":"Error retrieving TTL, defaulting.","commit":"7655d9c","error":"\"knativebrokerttl\" not found"}
{"level":"info","ts":"2019-12-03T21:04:26.730Z","logger":"broker_ingress","caller":"ingress/ingress_handler.go:120","msg":"Error retrieving TTL, defaulting.","commit":"7655d9c","error":"\"knativebrokerttl\" not found"}
{"level":"info","ts":"2019-12-03T21:04:26.730Z","logger":"broker_ingress","caller":"ingress/ingress_handler.go:120","msg":"Error retrieving TTL, defaulting.","commit":"7655d9c","error":"\"knativebrokerttl\" not found"}
{"level":"info","ts":"2019-12-03T21:04:26.728Z","logger":"broker_ingress","caller":"ingress/ingress_handler.go:120","msg":"Error retrieving TTL, defaulting.","commit":"7655d9c","error":"\"knativebrokerttl\" not found"}
{"level":"info","ts":"2019-12-03T21:04:26.730Z","logger":"broker_ingress","caller":"ingress/ingress_handler.go:120","msg":"Error retrieving TTL, defaulting.","commit":"7655d9c","error":"\"knativebrokerttl\" not found"}
{"level":"info","ts":"2019-12-03T21:04:26.730Z","logger":"broker_ingress","caller":"ingress/ingress_handler.go:120","msg":"Error retrieving TTL, defaulting.","commit":"7655d9c","error":"\"knativebrokerttl\" not found"}
{"level":"info","ts":"2019-12-03T21:04:26.731Z","logger":"broker_ingress","caller":"ingress/ingress_handler.go:120","msg":"Error retrieving TTL, defaulting.","commit":"7655d9c","error":"\"knativebrokerttl\" not found"}
{"level":"info","ts":"2019-12-03T21:04:26.731Z","logger":"broker_ingress","caller":"ingress/ingress_handler.go:120","msg":"Error retrieving TTL, defaulting.","commit":"7655d9c","error":"\"knativebrokerttl\" not found"}
{"level":"info","ts":"2019-12-03T21:04:26.731Z","logger":"broker_ingress","caller":"ingress/ingress_handler.go:120","msg":"Error retrieving TTL, defaulting.","commit":"7655d9c","error":"\"knativebrokerttl\" not found"}
{"level":"info","ts":"2019-12-03T21:04:26.731Z","logger":"broker_ingress","caller":"ingress/ingress_handler.go:120","msg":"Error retrieving TTL, defaulting.","commit":"7655d9c","error":"\"knativebrokerttl\" not found"}
{"level":"info","ts":"2019-12-03T21:04:26.731Z","logger":"broker_ingress","caller":"ingress/ingress_handler.go:120","msg":"Error retrieving TTL, defaulting.","commit":"7655d9c","error":"\"knativebrokerttl\" not found"}
{"level":"info","ts":"2019-12-03T21:04:26.731Z","logger":"broker_ingress","caller":"ingress/ingress_handler.go:120","msg":"Error retrieving TTL, defaulting.","commit":"7655d9c","error":"\"knativebrokerttl\" not found"}
{"level":"info","ts":"2019-12-03T21:04:26.732Z","logger":"broker_ingress","caller":"ingress/ingress_handler.go:120","msg":"Error retrieving TTL, defaulting.","commit":"7655d9c","error":"\"knativebrokerttl\" not found"}
{"level":"info","ts":"2019-12-03T21:04:26.732Z","logger":"broker_ingress","caller":"ingress/ingress_handler.go:120","msg":"Error retrieving TTL, defaulting.","commit":"7655d9c","error":"\"knativebrokerttl\" not found"}
{"level":"info","ts":"2019-12-03T21:04:26.732Z","logger":"broker_ingress","caller":"ingress/ingress_handler.go:120","msg":"Error retrieving TTL, defaulting.","commit":"7655d9c","error":"\"knativebrokerttl\" not found"}
{"level":"info","ts":"2019-12-03T21:04:26.732Z","logger":"broker_ingress","caller":"ingress/ingress_handler.go:120","msg":"Error retrieving TTL, defaulting.","commit":"7655d9c","error":"\"knativebrokerttl\" not found"}
{"level":"info","ts":"2019-12-03T21:04:26.732Z","logger":"broker_ingress","caller":"ingress/ingress_handler.go:120","msg":"Error retrieving TTL, defaulting.","commit":"7655d9c","error":"\"knativebrokerttl\" not found"}
{"level":"info","ts":"2019-12-03T21:04:26.732Z","logger":"broker_ingress","caller":"ingress/ingress_handler.go:120","msg":"Error retrieving TTL, defaulting.","commit":"7655d9c","error":"\"knativebrokerttl\" not found"}
{"level":"info","ts":"2019-12-03T21:04:26.732Z","logger":"broker_ingress","caller":"ingress/ingress_handler.go:120","msg":"Error retrieving TTL, defaulting.","commit":"7655d9c","error":"\"knativebrokerttl\" not found"}
{"level":"info","ts":"2019-12-03T21:04:26.732Z","logger":"broker_ingress","caller":"ingress/ingress_handler.go:120","msg":"Error retrieving TTL, defaulting.","commit":"7655d9c","error":"\"knativebrokerttl\" not found"}
{"level":"info","ts":"2019-12-03T21:04:26.733Z","logger":"broker_ingress","caller":"ingress/ingress_handler.go:120","msg":"Error retrieving TTL, defaulting.","commit":"7655d9c","error":"\"knativebrokerttl\" not found"}
{"level":"info","ts":"2019-12-03T21:04:26.733Z","logger":"broker_ingress","caller":"ingress/ingress_handler.go:120","msg":"Error retrieving TTL, defaulting.","commit":"7655d9c","error":"\"knativebrokerttl\" not found"}
{"level":"info","ts":"2019-12-03T21:04:26.733Z","logger":"broker_ingress","caller":"ingress/ingress_handler.go:120","msg":"Error retrieving TTL, defaulting.","commit":"7655d9c","error":"\"knativebrokerttl\" not found"}
{"level":"info","ts":"2019-12-03T21:04:26.733Z","logger":"broker_ingress","caller":"ingress/ingress_handler.go:120","msg":"Error retrieving TTL, defaulting.","commit":"7655d9c","error":"\"knativebrokerttl\" not found"}
{"level":"info","ts":"2019-12-03T21:04:26.733Z","logger":"broker_ingress","caller":"ingress/ingress_handler.go:120","msg":"Error retrieving TTL, defaulting.","commit":"7655d9c","error":"\"knativebrokerttl\" not found"}
{"level":"info","ts":"2019-12-03T21:04:26.733Z","logger":"broker_ingress","caller":"ingress/ingress_handler.go:120","msg":"Error retrieving TTL, defaulting.","commit":"7655d9c","error":"\"knativebrokerttl\" not found"}
{"level":"info","ts":"2019-12-03T21:04:26.733Z","logger":"broker_ingress","caller":"ingress/ingress_handler.go:120","msg":"Error retrieving TTL, defaulting.","commit":"7655d9c","error":"\"knativebrokerttl\" not found"}
{"level":"info","ts":"2019-12-03T21:04:26.733Z","logger":"broker_ingress","caller":"ingress/ingress_handler.go:120","msg":"Error retrieving TTL, defaulting.","commit":"7655d9c","error":"\"knativebrokerttl\" not found"}
{"level":"info","ts":"2019-12-03T21:04:26.733Z","logger":"broker_ingress","caller":"ingress/ingress_handler.go:120","msg":"Error retrieving TTL, defaulting.","commit":"7655d9c","error":"\"knativebrokerttl\" not found"}
{"level":"info","ts":"2019-12-03T21:04:26.734Z","logger":"broker_ingress","caller":"ingress/ingress_handler.go:120","msg":"Error retrieving TTL, defaulting.","commit":"7655d9c","error":"\"knativebrokerttl\" not found"}
{"level":"info","ts":"2019-12-03T21:04:26.734Z","logger":"broker_ingress","caller":"ingress/ingress_handler.go:120","msg":"Error retrieving TTL, defaulting.","commit":"7655d9c","error":"\"knativebrokerttl\" not found"}
{"level":"info","ts":"2019-12-03T21:04:26.734Z","logger":"broker_ingress","caller":"ingress/ingress_handler.go:120","msg":"Error retrieving TTL, defaulting.","commit":"7655d9c","error":"\"knativebrokerttl\" not found"}
{"level":"info","ts":"2019-12-03T21:04:26.734Z","logger":"broker_ingress","caller":"ingress/ingress_handler.go:120","msg":"Error retrieving TTL, defaulting.","commit":"7655d9c","error":"\"knativebrokerttl\" not found"}
{"level":"info","ts":"2019-12-03T21:04:26.734Z","logger":"broker_ingress","caller":"ingress/ingress_handler.go:120","msg":"Error retrieving TTL, defaulting.","commit":"7655d9c","error":"\"knativebrokerttl\" not found"}
{"level":"info","ts":"2019-12-03T21:04:26.734Z","logger":"broker_ingress","caller":"ingress/ingress_handler.go:120","msg":"Error retrieving TTL, defaulting.","commit":"7655d9c","error":"\"knativebrokerttl\" not found"}
{"level":"info","ts":"2019-12-03T21:04:26.734Z","logger":"broker_ingress","caller":"ingress/ingress_handler.go:120","msg":"Error retrieving TTL, defaulting.","commit":"7655d9c","error":"\"knativebrokerttl\" not found"}
{"level":"info","ts":"2019-12-03T21:04:26.734Z","logger":"broker_ingress","caller":"ingress/ingress_handler.go:120","msg":"Error retrieving TTL, defaulting.","commit":"7655d9c","error":"\"knativebrokerttl\" not found"}
{"level":"info","ts":"2019-12-03T21:04:26.734Z","logger":"broker_ingress","caller":"ingress/ingress_handler.go:120","msg":"Error retrieving TTL, defaulting.","commit":"7655d9c","error":"\"knativebrokerttl\" not found"}
{"level":"info","ts":"2019-12-03T21:04:26.735Z","logger":"broker_ingress","caller":"ingress/ingress_handler.go:120","msg":"Error retrieving TTL, defaulting.","commit":"7655d9c","error":"\"knativebrokerttl\" not found"}
{"level":"info","ts":"2019-12-03T21:04:26.735Z","logger":"broker_ingress","caller":"ingress/ingress_handler.go:120","msg":"Error retrieving TTL, defaulting.","commit":"7655d9c","error":"\"knativebrokerttl\" not found"}
{"level":"info","ts":"2019-12-03T21:04:26.735Z","logger":"broker_ingress","caller":"ingress/ingress_handler.go:120","msg":"Error retrieving TTL, defaulting.","commit":"7655d9c","error":"\"knativebrokerttl\" not found"}
{"level":"info","ts":"2019-12-03T21:04:26.735Z","logger":"broker_ingress","caller":"ingress/ingress_handler.go:120","msg":"Error retrieving TTL, defaulting.","commit":"7655d9c","error":"\"knativebrokerttl\" not found"}
{"level":"info","ts":"2019-12-03T21:04:26.735Z","logger":"broker_ingress","caller":"ingress/ingress_handler.go:120","msg":"Error retrieving TTL, defaulting.","commit":"7655d9c","error":"\"knativebrokerttl\" not found"}
{"level":"info","ts":"2019-12-03T21:04:26.735Z","logger":"broker_ingress","caller":"ingress/ingress_handler.go:120","msg":"Error retrieving TTL, defaulting.","commit":"7655d9c","error":"\"knativebrokerttl\" not found"}
{"level":"info","ts":"2019-12-03T21:04:26.735Z","logger":"broker_ingress","caller":"ingress/ingress_handler.go:120","msg":"Error retrieving TTL, defaulting.","commit":"7655d9c","error":"\"knativebrokerttl\" not found"}
{"level":"info","ts":"2019-12-03T21:04:26.735Z","logger":"broker_ingress","caller":"ingress/ingress_handler.go:120","msg":"Error retrieving TTL, defaulting.","commit":"7655d9c","error":"\"knativebrokerttl\" not found"}
{"level":"info","ts":"2019-12-03T21:04:26.735Z","logger":"broker_ingress","caller":"ingress/ingress_handler.go:120","msg":"Error retrieving TTL, defaulting.","commit":"7655d9c","error":"\"knativebrokerttl\" not found"}
{"level":"info","ts":"2019-12-03T21:04:26.736Z","logger":"broker_ingress","caller":"ingress/ingress_handler.go:120","msg":"Error retrieving TTL, defaulting.","commit":"7655d9c","error":"\"knativebrokerttl\" not found"}
{"level":"info","ts":"2019-12-03T21:04:26.736Z","logger":"broker_ingress","caller":"ingress/ingress_handler.go:120","msg":"Error retrieving TTL, defaulting.","commit":"7655d9c","error":"\"knativebrokerttl\" not found"}
{"level":"info","ts":"2019-12-03T21:04:26.736Z","logger":"broker_ingress","caller":"ingress/ingress_handler.go:120","msg":"Error retrieving TTL, defaulting.","commit":"7655d9c","error":"\"knativebrokerttl\" not found"}
{"level":"info","ts":"2019-12-03T21:04:26.736Z","logger":"broker_ingress","caller":"ingress/ingress_handler.go:120","msg":"Error retrieving TTL, defaulting.","commit":"7655d9c","error":"\"knativebrokerttl\" not found"}
{"level":"info","ts":"2019-12-03T21:04:26.736Z","logger":"broker_ingress","caller":"ingress/ingress_handler.go:120","msg":"Error retrieving TTL, defaulting.","commit":"7655d9c","error":"\"knativebrokerttl\" not found"}
{"level":"info","ts":"2019-12-03T21:04:26.736Z","logger":"broker_ingress","caller":"ingress/ingress_handler.go:120","msg":"Error retrieving TTL, defaulting.","commit":"7655d9c","error":"\"knativebrokerttl\" not found"}
{"level":"info","ts":"2019-12-03T21:04:26.736Z","logger":"broker_ingress","caller":"ingress/ingress_handler.go:120","msg":"Error retrieving TTL, defaulting.","commit":"7655d9c","error":"\"knativebrokerttl\" not found"}
{"level":"info","ts":"2019-12-03T21:04:26.736Z","logger":"broker_ingress","caller":"ingress/ingress_handler.go:120","msg":"Error retrieving TTL, defaulting.","commit":"7655d9c","error":"\"knativebrokerttl\" not found"}
{"level":"info","ts":"2019-12-03T21:04:26.737Z","logger":"broker_ingress","caller":"ingress/ingress_handler.go:120","msg":"Error retrieving TTL, defaulting.","commit":"7655d9c","error":"\"knativebrokerttl\" not found"}
{"level":"info","ts":"2019-12-03T21:04:26.737Z","logger":"broker_ingress","caller":"ingress/ingress_handler.go:120","msg":"Error retrieving TTL, defaulting.","commit":"7655d9c","error":"\"knativebrokerttl\" not found"}
{"level":"info","ts":"2019-12-03T21:04:26.737Z","logger":"broker_ingress","caller":"ingress/ingress_handler.go:120","msg":"Error retrieving TTL, defaulting.","commit":"7655d9c","error":"\"knativebrokerttl\" not found"}
{"level":"info","ts":"2019-12-03T21:04:26.737Z","logger":"broker_ingress","caller":"ingress/ingress_handler.go:120","msg":"Error retrieving TTL, defaulting.","commit":"7655d9c","error":"\"knativebrokerttl\" not found"}
{"level":"info","ts":"2019-12-03T21:04:26.952Z","logger":"broker_ingress","caller":"ingress/ingress_handler.go:120","msg":"Error retrieving TTL, defaulting.","commit":"7655d9c","error":"\"knativebrokerttl\" not found"}
{"level":"info","ts":"2019-12-03T21:04:26.952Z","logger":"broker_ingress","caller":"ingress/ingress_handler.go:120","msg":"Error retrieving TTL, defaulting.","commit":"7655d9c","error":"\"knativebrokerttl\" not found"}
{"level":"info","ts":"2019-12-03T21:04:26.952Z","logger":"broker_ingress","caller":"ingress/ingress_handler.go:120","msg":"Error retrieving TTL, defaulting.","commit":"7655d9c","error":"\"knativebrokerttl\" not found"}
{"level":"info","ts":"2019-12-03T21:04:26.952Z","logger":"broker_ingress","caller":"ingress/ingress_handler.go:120","msg":"Error retrieving TTL, defaulting.","commit":"7655d9c","error":"\"knativebrokerttl\" not found"}
{"level":"info","ts":"2019-12-03T21:04:26.952Z","logger":"broker_ingress","caller":"ingress/ingress_handler.go:120","msg":"Error retrieving TTL, defaulting.","commit":"7655d9c","error":"\"knativebrokerttl\" not found"}
{"level":"info","ts":"2019-12-03T21:04:26.956Z","logger":"broker_ingress","caller":"ingress/ingress_handler.go:120","msg":"Error retrieving TTL, defaulting.","commit":"7655d9c","error":"\"knativebrokerttl\" not found"}
{"level":"info","ts":"2019-12-03T21:04:26.956Z","logger":"broker_ingress","caller":"ingress/ingress_handler.go:120","msg":"Error retrieving TTL, defaulting.","commit":"7655d9c","error":"\"knativebrokerttl\" not found"}
{"level":"info","ts":"2019-12-03T21:04:26.957Z","logger":"broker_ingress","caller":"ingress/ingress_handler.go:120","msg":"Error retrieving TTL, defaulting.","commit":"7655d9c","error":"\"knativebrokerttl\" not found"}
{"level":"info","ts":"2019-12-03T21:04:26.957Z","logger":"broker_ingress","caller":"ingress/ingress_handler.go:120","msg":"Error retrieving TTL, defaulting.","commit":"7655d9c","error":"\"knativebrokerttl\" not found"}
{"level":"info","ts":"2019-12-03T21:04:26.958Z","logger":"broker_ingress","caller":"ingress/ingress_handler.go:120","msg":"Error retrieving TTL, defaulting.","commit":"7655d9c","error":"\"knativebrokerttl\" not found"}
{"level":"info","ts":"2019-12-03T21:04:26.959Z","logger":"broker_ingress","caller":"ingress/ingress_handler.go:120","msg":"Error retrieving TTL, defaulting.","commit":"7655d9c","error":"\"knativebrokerttl\" not found"}
{"level":"info","ts":"2019-12-03T21:04:26.959Z","logger":"broker_ingress","caller":"ingress/ingress_handler.go:120","msg":"Error retrieving TTL, defaulting.","commit":"7655d9c","error":"\"knativebrokerttl\" not found"}
{"level":"info","ts":"2019-12-03T21:04:26.959Z","logger":"broker_ingress","caller":"ingress/ingress_handler.go:120","msg":"Error retrieving TTL, defaulting.","commit":"7655d9c","error":"\"knativebrokerttl\" not found"}
{"level":"info","ts":"2019-12-03T21:04:26.963Z","logger":"broker_ingress","caller":"ingress/ingress_handler.go:120","msg":"Error retrieving TTL, defaulting.","commit":"7655d9c","error":"\"knativebrokerttl\" not found"}
{"level":"info","ts":"2019-12-03T21:04:26.963Z","logger":"broker_ingress","caller":"ingress/ingress_handler.go:120","msg":"Error retrieving TTL, defaulting.","commit":"7655d9c","error":"\"knativebrokerttl\" not found"}
{"level":"info","ts":"2019-12-03T21:04:26.963Z","logger":"broker_ingress","caller":"ingress/ingress_handler.go:120","msg":"Error retrieving TTL, defaulting.","commit":"7655d9c","error":"\"knativebrokerttl\" not found"}
{"level":"info","ts":"2019-12-03T21:04:26.959Z","logger":"broker_ingress","caller":"ingress/ingress_handler.go:120","msg":"Error retrieving TTL, defaulting.","commit":"7655d9c","error":"\"knativebrokerttl\" not found"}
{"level":"info","ts":"2019-12-03T21:04:26.966Z","logger":"broker_ingress","caller":"ingress/ingress_handler.go:120","msg":"Error retrieving TTL, defaulting.","commit":"7655d9c","error":"\"knativebrokerttl\" not found"}
{"level":"info","ts":"2019-12-03T21:04:26.966Z","logger":"broker_ingress","caller":"ingress/ingress_handler.go:120","msg":"Error retrieving TTL, defaulting.","commit":"7655d9c","error":"\"knativebrokerttl\" not found"}
{"level":"info","ts":"2019-12-03T21:04:26.966Z","logger":"broker_ingress","caller":"ingress/ingress_handler.go:120","msg":"Error retrieving TTL, defaulting.","commit":"7655d9c","error":"\"knativebrokerttl\" not found"}
{"level":"info","ts":"2019-12-03T21:04:26.966Z","logger":"broker_ingress","caller":"ingress/ingress_handler.go:120","msg":"Error retrieving TTL, defaulting.","commit":"7655d9c","error":"\"knativebrokerttl\" not found"}
{"level":"info","ts":"2019-12-03T21:04:26.967Z","logger":"broker_ingress","caller":"ingress/ingress_handler.go:120","msg":"Error retrieving TTL, defaulting.","commit":"7655d9c","error":"\"knativebrokerttl\" not found"}
{"level":"info","ts":"2019-12-03T21:04:26.968Z","logger":"broker_ingress","caller":"ingress/ingress_handler.go:120","msg":"Error retrieving TTL, defaulting.","commit":"7655d9c","error":"\"knativebrokerttl\" not found"}
{"level":"info","ts":"2019-12-03T21:04:26.969Z","logger":"broker_ingress","caller":"ingress/ingress_handler.go:120","msg":"Error retrieving TTL, defaulting.","commit":"7655d9c","error":"\"knativebrokerttl\" not found"}
{"level":"info","ts":"2019-12-03T21:04:26.972Z","logger":"broker_ingress","caller":"ingress/ingress_handler.go:120","msg":"Error retrieving TTL, defaulting.","commit":"7655d9c","error":"\"knativebrokerttl\" not found"}
{"level":"info","ts":"2019-12-03T21:04:26.976Z","logger":"broker_ingress","caller":"ingress/ingress_handler.go:120","msg":"Error retrieving TTL, defaulting.","commit":"7655d9c","error":"\"knativebrokerttl\" not found"}
{"level":"info","ts":"2019-12-03T21:04:26.976Z","logger":"broker_ingress","caller":"ingress/ingress_handler.go:120","msg":"Error retrieving TTL, defaulting.","commit":"7655d9c","error":"\"knativebrokerttl\" not found"}
{"level":"info","ts":"2019-12-03T21:04:26.976Z","logger":"broker_ingress","caller":"ingress/ingress_handler.go:120","msg":"Error retrieving TTL, defaulting.","commit":"7655d9c","error":"\"knativebrokerttl\" not found"}
{"level":"info","ts":"2019-12-03T21:04:26.976Z","logger":"broker_ingress","caller":"ingress/ingress_handler.go:120","msg":"Error retrieving TTL, defaulting.","commit":"7655d9c","error":"\"knativebrokerttl\" not found"}
{"level":"info","ts":"2019-12-03T21:04:26.977Z","logger":"broker_ingress","caller":"ingress/ingress_handler.go:120","msg":"Error retrieving TTL, defaulting.","commit":"7655d9c","error":"\"knativebrokerttl\" not found"}
{"level":"info","ts":"2019-12-03T21:04:26.979Z","logger":"broker_ingress","caller":"ingress/ingress_handler.go:120","msg":"Error retrieving TTL, defaulting.","commit":"7655d9c","error":"\"knativebrokerttl\" not found"}
{"level":"info","ts":"2019-12-03T21:04:26.980Z","logger":"broker_ingress","caller":"ingress/ingress_handler.go:120","msg":"Error retrieving TTL, defaulting.","commit":"7655d9c","error":"\"knativebrokerttl\" not found"}
{"level":"info","ts":"2019-12-03T21:04:26.980Z","logger":"broker_ingress","caller":"ingress/ingress_handler.go:120","msg":"Error retrieving TTL, defaulting.","commit":"7655d9c","error":"\"knativebrokerttl\" not found"}
{"level":"info","ts":"2019-12-03T21:04:26.981Z","logger":"broker_ingress","caller":"ingress/ingress_handler.go:120","msg":"Error retrieving TTL, defaulting.","commit":"7655d9c","error":"\"knativebrokerttl\" not found"}
{"level":"info","ts":"2019-12-03T21:04:26.981Z","logger":"broker_ingress","caller":"ingress/ingress_handler.go:120","msg":"Error retrieving TTL, defaulting.","commit":"7655d9c","error":"\"knativebrokerttl\" not found"}
{"level":"info","ts":"2019-12-03T21:04:26.981Z","logger":"broker_ingress","caller":"ingress/ingress_handler.go:120","msg":"Error retrieving TTL, defaulting.","commit":"7655d9c","error":"\"knativebrokerttl\" not found"}
{"level":"info","ts":"2019-12-03T21:04:26.985Z","logger":"broker_ingress","caller":"ingress/ingress_handler.go:120","msg":"Error retrieving TTL, defaulting.","commit":"7655d9c","error":"\"knativebrokerttl\" not found"}
{"level":"info","ts":"2019-12-03T21:04:26.985Z","logger":"broker_ingress","caller":"ingress/ingress_handler.go:120","msg":"Error retrieving TTL, defaulting.","commit":"7655d9c","error":"\"knativebrokerttl\" not found"}
{"level":"info","ts":"2019-12-03T21:04:26.985Z","logger":"broker_ingress","caller":"ingress/ingress_handler.go:120","msg":"Error retrieving TTL, defaulting.","commit":"7655d9c","error":"\"knativebrokerttl\" not found"}
{"level":"info","ts":"2019-12-03T21:04:26.985Z","logger":"broker_ingress","caller":"ingress/ingress_handler.go:120","msg":"Error retrieving TTL, defaulting.","commit":"7655d9c","error":"\"knativebrokerttl\" not found"}
{"level":"info","ts":"2019-12-03T21:04:26.988Z","logger":"broker_ingress","caller":"ingress/ingress_handler.go:120","msg":"Error retrieving TTL, defaulting.","commit":"7655d9c","error":"\"knativebrokerttl\" not found"}
{"level":"info","ts":"2019-12-03T21:04:26.988Z","logger":"broker_ingress","caller":"ingress/ingress_handler.go:120","msg":"Error retrieving TTL, defaulting.","commit":"7655d9c","error":"\"knativebrokerttl\" not found"}
{"level":"info","ts":"2019-12-03T21:04:26.989Z","logger":"broker_ingress","caller":"ingress/ingress_handler.go:120","msg":"Error retrieving TTL, defaulting.","commit":"7655d9c","error":"\"knativebrokerttl\" not found"}
{"level":"info","ts":"2019-12-03T21:04:26.989Z","logger":"broker_ingress","caller":"ingress/ingress_handler.go:120","msg":"Error retrieving TTL, defaulting.","commit":"7655d9c","error":"\"knativebrokerttl\" not found"}
{"level":"info","ts":"2019-12-03T21:04:26.991Z","logger":"broker_ingress","caller":"ingress/ingress_handler.go:120","msg":"Error retrieving TTL, defaulting.","commit":"7655d9c","error":"\"knativebrokerttl\" not found"}
{"level":"info","ts":"2019-12-03T21:04:26.991Z","logger":"broker_ingress","caller":"ingress/ingress_handler.go:120","msg":"Error retrieving TTL, defaulting.","commit":"7655d9c","error":"\"knativebrokerttl\" not found"}
{"level":"info","ts":"2019-12-03T21:04:26.998Z","logger":"broker_ingress","caller":"ingress/ingress_handler.go:120","msg":"Error retrieving TTL, defaulting.","commit":"7655d9c","error":"\"knativebrokerttl\" not found"}
{"level":"info","ts":"2019-12-03T21:04:26.999Z","logger":"broker_ingress","caller":"ingress/ingress_handler.go:120","msg":"Error retrieving TTL, defaulting.","commit":"7655d9c","error":"\"knativebrokerttl\" not found"}
{"level":"info","ts":"2019-12-03T21:04:26.999Z","logger":"broker_ingress","caller":"ingress/ingress_handler.go:120","msg":"Error retrieving TTL, defaulting.","commit":"7655d9c","error":"\"knativebrokerttl\" not found"}
{"level":"info","ts":"2019-12-03T21:04:27.000Z","logger":"broker_ingress","caller":"ingress/ingress_handler.go:120","msg":"Error retrieving TTL, defaulting.","commit":"7655d9c","error":"\"knativebrokerttl\" not found"}
{"level":"info","ts":"2019-12-03T21:04:27.001Z","logger":"broker_ingress","caller":"ingress/ingress_handler.go:120","msg":"Error retrieving TTL, defaulting.","commit":"7655d9c","error":"\"knativebrokerttl\" not found"}
{"level":"info","ts":"2019-12-03T21:04:27.002Z","logger":"broker_ingress","caller":"ingress/ingress_handler.go:120","msg":"Error retrieving TTL, defaulting.","commit":"7655d9c","error":"\"knativebrokerttl\" not found"}
{"level":"info","ts":"2019-12-03T21:04:27.002Z","logger":"broker_ingress","caller":"ingress/ingress_handler.go:120","msg":"Error retrieving TTL, defaulting.","commit":"7655d9c","error":"\"knativebrokerttl\" not found"}
{"level":"info","ts":"2019-12-03T21:04:27.002Z","logger":"broker_ingress","caller":"ingress/ingress_handler.go:120","msg":"Error retrieving TTL, defaulting.","commit":"7655d9c","error":"\"knativebrokerttl\" not found"}
{"level":"info","ts":"2019-12-03T21:04:27.002Z","logger":"broker_ingress","caller":"ingress/ingress_handler.go:120","msg":"Error retrieving TTL, defaulting.","commit":"7655d9c","error":"\"knativebrokerttl\" not found"}
{"level":"info","ts":"2019-12-03T21:04:27.003Z","logger":"broker_ingress","caller":"ingress/ingress_handler.go:120","msg":"Error retrieving TTL, defaulting.","commit":"7655d9c","error":"\"knativebrokerttl\" not found"}
{"level":"info","ts":"2019-12-03T21:04:27.005Z","logger":"broker_ingress","caller":"ingress/ingress_handler.go:120","msg":"Error retrieving TTL, defaulting.","commit":"7655d9c","error":"\"knativebrokerttl\" not found"}
{"level":"info","ts":"2019-12-03T21:04:27.012Z","logger":"broker_ingress","caller":"ingress/ingress_handler.go:120","msg":"Error retrieving TTL, defaulting.","commit":"7655d9c","error":"\"knativebrokerttl\" not found"}
{"level":"info","ts":"2019-12-03T21:04:27.013Z","logger":"broker_ingress","caller":"ingress/ingress_handler.go:120","msg":"Error retrieving TTL, defaulting.","commit":"7655d9c","error":"\"knativebrokerttl\" not found"}
{"level":"info","ts":"2019-12-03T21:04:27.013Z","logger":"broker_ingress","caller":"ingress/ingress_handler.go:120","msg":"Error retrieving TTL, defaulting.","commit":"7655d9c","error":"\"knativebrokerttl\" not found"}
{"level":"info","ts":"2019-12-03T21:04:27.013Z","logger":"broker_ingress","caller":"ingress/ingress_handler.go:120","msg":"Error retrieving TTL, defaulting.","commit":"7655d9c","error":"\"knativebrokerttl\" not found"}
{"level":"info","ts":"2019-12-03T21:04:27.013Z","logger":"broker_ingress","caller":"ingress/ingress_handler.go:120","msg":"Error retrieving TTL, defaulting.","commit":"7655d9c","error":"\"knativebrokerttl\" not found"}
{"level":"info","ts":"2019-12-03T21:04:27.013Z","logger":"broker_ingress","caller":"ingress/ingress_handler.go:120","msg":"Error retrieving TTL, defaulting.","commit":"7655d9c","error":"\"knativebrokerttl\" not found"}
{"level":"info","ts":"2019-12-03T21:04:27.013Z","logger":"broker_ingress","caller":"ingress/ingress_handler.go:120","msg":"Error retrieving TTL, defaulting.","commit":"7655d9c","error":"\"knativebrokerttl\" not found"}
{"level":"info","ts":"2019-12-03T21:04:27.014Z","logger":"broker_ingress","caller":"ingress/ingress_handler.go:120","msg":"Error retrieving TTL, defaulting.","commit":"7655d9c","error":"\"knativebrokerttl\" not found"}
{"level":"info","ts":"2019-12-03T21:04:27.014Z","logger":"broker_ingress","caller":"ingress/ingress_handler.go:120","msg":"Error retrieving TTL, defaulting.","commit":"7655d9c","error":"\"knativebrokerttl\" not found"}
{"level":"info","ts":"2019-12-03T21:04:27.014Z","logger":"broker_ingress","caller":"ingress/ingress_handler.go:120","msg":"Error retrieving TTL, defaulting.","commit":"7655d9c","error":"\"knativebrokerttl\" not found"}
{"level":"info","ts":"2019-12-03T21:04:27.015Z","logger":"broker_ingress","caller":"ingress/ingress_handler.go:120","msg":"Error retrieving TTL, defaulting.","commit":"7655d9c","error":"\"knativebrokerttl\" not found"}
{"level":"info","ts":"2019-12-03T21:04:27.017Z","logger":"broker_ingress","caller":"ingress/ingress_handler.go:120","msg":"Error retrieving TTL, defaulting.","commit":"7655d9c","error":"\"knativebrokerttl\" not found"}
{"level":"info","ts":"2019-12-03T21:04:27.017Z","logger":"broker_ingress","caller":"ingress/ingress_handler.go:120","msg":"Error retrieving TTL, defaulting.","commit":"7655d9c","error":"\"knativebrokerttl\" not found"}
{"level":"info","ts":"2019-12-03T21:04:27.017Z","logger":"broker_ingress","caller":"ingress/ingress_handler.go:120","msg":"Error retrieving TTL, defaulting.","commit":"7655d9c","error":"\"knativebrokerttl\" not found"}
{"level":"info","ts":"2019-12-03T21:04:27.018Z","logger":"broker_ingress","caller":"ingress/ingress_handler.go:120","msg":"Error retrieving TTL, defaulting.","commit":"7655d9c","error":"\"knativebrokerttl\" not found"}
{"level":"info","ts":"2019-12-03T21:04:27.019Z","logger":"broker_ingress","caller":"ingress/ingress_handler.go:120","msg":"Error retrieving TTL, defaulting.","commit":"7655d9c","error":"\"knativebrokerttl\" not found"}
{"level":"info","ts":"2019-12-03T21:04:27.019Z","logger":"broker_ingress","caller":"ingress/ingress_handler.go:120","msg":"Error retrieving TTL, defaulting.","commit":"7655d9c","error":"\"knativebrokerttl\" not found"}
{"level":"info","ts":"2019-12-03T21:04:27.020Z","logger":"broker_ingress","caller":"ingress/ingress_handler.go:120","msg":"Error retrieving TTL, defaulting.","commit":"7655d9c","error":"\"knativebrokerttl\" not found"}
{"level":"info","ts":"2019-12-03T21:04:27.027Z","logger":"broker_ingress","caller":"ingress/ingress_handler.go:120","msg":"Error retrieving TTL, defaulting.","commit":"7655d9c","error":"\"knativebrokerttl\" not found"}
{"level":"info","ts":"2019-12-03T21:04:27.027Z","logger":"broker_ingress","caller":"ingress/ingress_handler.go:120","msg":"Error retrieving TTL, defaulting.","commit":"7655d9c","error":"\"knativebrokerttl\" not found"}
{"level":"info","ts":"2019-12-03T21:04:27.029Z","logger":"broker_ingress","caller":"ingress/ingress_handler.go:120","msg":"Error retrieving TTL, defaulting.","commit":"7655d9c","error":"\"knativebrokerttl\" not found"}
{"level":"info","ts":"2019-12-03T21:04:27.029Z","logger":"broker_ingress","caller":"ingress/ingress_handler.go:120","msg":"Error retrieving TTL, defaulting.","commit":"7655d9c","error":"\"knativebrokerttl\" not found"}
{"level":"info","ts":"2019-12-03T21:04:27.029Z","logger":"broker_ingress","caller":"ingress/ingress_handler.go:120","msg":"Error retrieving TTL, defaulting.","commit":"7655d9c","error":"\"knativebrokerttl\" not found"}
{"level":"info","ts":"2019-12-03T21:04:27.029Z","logger":"broker_ingress","caller":"ingress/ingress_handler.go:120","msg":"Error retrieving TTL, defaulting.","commit":"7655d9c","error":"\"knativebrokerttl\" not found"}
{"level":"info","ts":"2019-12-03T21:04:27.029Z","logger":"broker_ingress","caller":"ingress/ingress_handler.go:120","msg":"Error retrieving TTL, defaulting.","commit":"7655d9c","error":"\"knativebrokerttl\" not found"}
{"level":"info","ts":"2019-12-03T21:04:27.030Z","logger":"broker_ingress","caller":"ingress/ingress_handler.go:120","msg":"Error retrieving TTL, defaulting.","commit":"7655d9c","error":"\"knativebrokerttl\" not found"}
{"level":"info","ts":"2019-12-03T21:04:27.032Z","logger":"broker_ingress","caller":"ingress/ingress_handler.go:120","msg":"Error retrieving TTL, defaulting.","commit":"7655d9c","error":"\"knativebrokerttl\" not found"}
{"level":"info","ts":"2019-12-03T21:04:27.032Z","logger":"broker_ingress","caller":"ingress/ingress_handler.go:120","msg":"Error retrieving TTL, defaulting.","commit":"7655d9c","error":"\"knativebrokerttl\" not found"}
{"level":"info","ts":"2019-12-03T21:04:27.033Z","logger":"broker_ingress","caller":"ingress/ingress_handler.go:120","msg":"Error retrieving TTL, defaulting.","commit":"7655d9c","error":"\"knativebrokerttl\" not found"}
{"level":"info","ts":"2019-12-03T21:04:27.033Z","logger":"broker_ingress","caller":"ingress/ingress_handler.go:120","msg":"Error retrieving TTL, defaulting.","commit":"7655d9c","error":"\"knativebrokerttl\" not found"}
{"level":"info","ts":"2019-12-03T21:04:27.033Z","logger":"broker_ingress","caller":"ingress/ingress_handler.go:120","msg":"Error retrieving TTL, defaulting.","commit":"7655d9c","error":"\"knativebrokerttl\" not found"}
{"level":"info","ts":"2019-12-03T21:04:27.035Z","logger":"broker_ingress","caller":"ingress/ingress_handler.go:120","msg":"Error retrieving TTL, defaulting.","commit":"7655d9c","error":"\"knativebrokerttl\" not found"}
{"level":"info","ts":"2019-12-03T21:04:27.032Z","logger":"broker_ingress","caller":"ingress/ingress_handler.go:120","msg":"Error retrieving TTL, defaulting.","commit":"7655d9c","error":"\"knativebrokerttl\" not found"}
{"level":"info","ts":"2019-12-03T21:04:27.037Z","logger":"broker_ingress","caller":"ingress/ingress_handler.go:120","msg":"Error retrieving TTL, defaulting.","commit":"7655d9c","error":"\"knativebrokerttl\" not found"}
{"level":"info","ts":"2019-12-03T21:04:27.059Z","logger":"broker_ingress","caller":"ingress/ingress_handler.go:120","msg":"Error retrieving TTL, defaulting.","commit":"7655d9c","error":"\"knativebrokerttl\" not found"}
{"level":"info","ts":"2019-12-03T21:04:27.063Z","logger":"broker_ingress","caller":"ingress/ingress_handler.go:120","msg":"Error retrieving TTL, defaulting.","commit":"7655d9c","error":"\"knativebrokerttl\" not found"}
{"level":"info","ts":"2019-12-03T21:04:27.063Z","logger":"broker_ingress","caller":"ingress/ingress_handler.go:120","msg":"Error retrieving TTL, defaulting.","commit":"7655d9c","error":"\"knativebrokerttl\" not found"}
{"level":"info","ts":"2019-12-03T21:04:27.064Z","logger":"broker_ingress","caller":"ingress/ingress_handler.go:120","msg":"Error retrieving TTL, defaulting.","commit":"7655d9c","error":"\"knativebrokerttl\" not found"}
{"level":"info","ts":"2019-12-03T21:04:27.064Z","logger":"broker_ingress","caller":"ingress/ingress_handler.go:120","msg":"Error retrieving TTL, defaulting.","commit":"7655d9c","error":"\"knativebrokerttl\" not found"}
{"level":"info","ts":"2019-12-03T21:04:27.064Z","logger":"broker_ingress","caller":"ingress/ingress_handler.go:120","msg":"Error retrieving TTL, defaulting.","commit":"7655d9c","error":"\"knativebrokerttl\" not found"}
{"level":"info","ts":"2019-12-03T21:04:27.064Z","logger":"broker_ingress","caller":"ingress/ingress_handler.go:120","msg":"Error retrieving TTL, defaulting.","commit":"7655d9c","error":"\"knativebrokerttl\" not found"}
{"level":"info","ts":"2019-12-03T21:04:27.065Z","logger":"broker_ingress","caller":"ingress/ingress_handler.go:120","msg":"Error retrieving TTL, defaulting.","commit":"7655d9c","error":"\"knativebrokerttl\" not found"}
{"level":"info","ts":"2019-12-03T21:04:27.065Z","logger":"broker_ingress","caller":"ingress/ingress_handler.go:120","msg":"Error retrieving TTL, defaulting.","commit":"7655d9c","error":"\"knativebrokerttl\" not found"}
{"level":"info","ts":"2019-12-03T21:04:27.065Z","logger":"broker_ingress","caller":"ingress/ingress_handler.go:120","msg":"Error retrieving TTL, defaulting.","commit":"7655d9c","error":"\"knativebrokerttl\" not found"}
{"level":"info","ts":"2019-12-03T21:04:27.065Z","logger":"broker_ingress","caller":"ingress/ingress_handler.go:120","msg":"Error retrieving TTL, defaulting.","commit":"7655d9c","error":"\"knativebrokerttl\" not found"}
{"level":"info","ts":"2019-12-03T21:04:27.065Z","logger":"broker_ingress","caller":"ingress/ingress_handler.go:120","msg":"Error retrieving TTL, defaulting.","commit":"7655d9c","error":"\"knativebrokerttl\" not found"}
{"level":"info","ts":"2019-12-03T21:04:27.066Z","logger":"broker_ingress","caller":"ingress/ingress_handler.go:120","msg":"Error retrieving TTL, defaulting.","commit":"7655d9c","error":"\"knativebrokerttl\" not found"}
{"level":"info","ts":"2019-12-03T21:04:27.066Z","logger":"broker_ingress","caller":"ingress/ingress_handler.go:120","msg":"Error retrieving TTL, defaulting.","commit":"7655d9c","error":"\"knativebrokerttl\" not found"}
{"level":"info","ts":"2019-12-03T21:04:27.067Z","logger":"broker_ingress","caller":"ingress/ingress_handler.go:120","msg":"Error retrieving TTL, defaulting.","commit":"7655d9c","error":"\"knativebrokerttl\" not found"}
{"level":"info","ts":"2019-12-03T21:04:27.067Z","logger":"broker_ingress","caller":"ingress/ingress_handler.go:120","msg":"Error retrieving TTL, defaulting.","commit":"7655d9c","error":"\"knativebrokerttl\" not found"}
{"level":"info","ts":"2019-12-03T21:04:27.067Z","logger":"broker_ingress","caller":"ingress/ingress_handler.go:120","msg":"Error retrieving TTL, defaulting.","commit":"7655d9c","error":"\"knativebrokerttl\" not found"}
{"level":"info","ts":"2019-12-03T21:04:27.067Z","logger":"broker_ingress","caller":"ingress/ingress_handler.go:120","msg":"Error retrieving TTL, defaulting.","commit":"7655d9c","error":"\"knativebrokerttl\" not found"}
{"level":"info","ts":"2019-12-03T21:04:27.065Z","logger":"broker_ingress","caller":"ingress/ingress_handler.go:120","msg":"Error retrieving TTL, defaulting.","commit":"7655d9c","error":"\"knativebrokerttl\" not found"}
{"level":"info","ts":"2019-12-03T21:04:27.068Z","logger":"broker_ingress","caller":"ingress/ingress_handler.go:120","msg":"Error retrieving TTL, defaulting.","commit":"7655d9c","error":"\"knativebrokerttl\" not found"}
{"level":"info","ts":"2019-12-03T21:04:27.068Z","logger":"broker_ingress","caller":"ingress/ingress_handler.go:120","msg":"Error retrieving TTL, defaulting.","commit":"7655d9c","error":"\"knativebrokerttl\" not found"}
{"level":"info","ts":"2019-12-03T21:04:27.069Z","logger":"broker_ingress","caller":"ingress/ingress_handler.go:120","msg":"Error retrieving TTL, defaulting.","commit":"7655d9c","error":"\"knativebrokerttl\" not found"}
{"level":"info","ts":"2019-12-03T21:04:27.069Z","logger":"broker_ingress","caller":"ingress/ingress_handler.go:120","msg":"Error retrieving TTL, defaulting.","commit":"7655d9c","error":"\"knativebrokerttl\" not found"}
{"level":"info","ts":"2019-12-03T21:04:27.070Z","logger":"broker_ingress","caller":"ingress/ingress_handler.go:120","msg":"Error retrieving TTL, defaulting.","commit":"7655d9c","error":"\"knativebrokerttl\" not found"}
{"level":"info","ts":"2019-12-03T21:04:27.071Z","logger":"broker_ingress","caller":"ingress/ingress_handler.go:120","msg":"Error retrieving TTL, defaulting.","commit":"7655d9c","error":"\"knativebrokerttl\" not found"}
{"level":"info","ts":"2019-12-03T21:04:27.071Z","logger":"broker_ingress","caller":"ingress/ingress_handler.go:120","msg":"Error retrieving TTL, defaulting.","commit":"7655d9c","error":"\"knativebrokerttl\" not found"}
{"level":"info","ts":"2019-12-03T21:04:27.071Z","logger":"broker_ingress","caller":"ingress/ingress_handler.go:120","msg":"Error retrieving TTL, defaulting.","commit":"7655d9c","error":"\"knativebrokerttl\" not found"}
{"level":"info","ts":"2019-12-03T21:04:27.071Z","logger":"broker_ingress","caller":"ingress/ingress_handler.go:120","msg":"Error retrieving TTL, defaulting.","commit":"7655d9c","error":"\"knativebrokerttl\" not found"}
{"level":"info","ts":"2019-12-03T21:04:27.073Z","logger":"broker_ingress","caller":"ingress/ingress_handler.go:120","msg":"Error retrieving TTL, defaulting.","commit":"7655d9c","error":"\"knativebrokerttl\" not found"}
{"level":"info","ts":"2019-12-03T21:04:27.072Z","logger":"broker_ingress","caller":"ingress/ingress_handler.go:120","msg":"Error retrieving TTL, defaulting.","commit":"7655d9c","error":"\"knativebrokerttl\" not found"}
{"level":"info","ts":"2019-12-03T21:04:27.074Z","logger":"broker_ingress","caller":"ingress/ingress_handler.go:120","msg":"Error retrieving TTL, defaulting.","commit":"7655d9c","error":"\"knativebrokerttl\" not found"}
{"level":"info","ts":"2019-12-03T21:04:27.074Z","logger":"broker_ingress","caller":"ingress/ingress_handler.go:120","msg":"Error retrieving TTL, defaulting.","commit":"7655d9c","error":"\"knativebrokerttl\" not found"}
{"level":"info","ts":"2019-12-03T21:04:27.074Z","logger":"broker_ingress","caller":"ingress/ingress_handler.go:120","msg":"Error retrieving TTL, defaulting.","commit":"7655d9c","error":"\"knativebrokerttl\" not found"}
{"level":"info","ts":"2019-12-03T21:04:27.075Z","logger":"broker_ingress","caller":"ingress/ingress_handler.go:120","msg":"Error retrieving TTL, defaulting.","commit":"7655d9c","error":"\"knativebrokerttl\" not found"}
{"level":"info","ts":"2019-12-03T21:04:27.076Z","logger":"broker_ingress","caller":"ingress/ingress_handler.go:120","msg":"Error retrieving TTL, defaulting.","commit":"7655d9c","error":"\"knativebrokerttl\" not found"}
{"level":"info","ts":"2019-12-03T21:04:27.076Z","logger":"broker_ingress","caller":"ingress/ingress_handler.go:120","msg":"Error retrieving TTL, defaulting.","commit":"7655d9c","error":"\"knativebrokerttl\" not found"}
{"level":"info","ts":"2019-12-03T21:04:27.076Z","logger":"broker_ingress","caller":"ingress/ingress_handler.go:120","msg":"Error retrieving TTL, defaulting.","commit":"7655d9c","error":"\"knativebrokerttl\" not found"}
{"level":"info","ts":"2019-12-03T21:04:27.076Z","logger":"broker_ingress","caller":"ingress/ingress_handler.go:120","msg":"Error retrieving TTL, defaulting.","commit":"7655d9c","error":"\"knativebrokerttl\" not found"}
{"level":"info","ts":"2019-12-03T21:04:27.078Z","logger":"broker_ingress","caller":"ingress/ingress_handler.go:120","msg":"Error retrieving TTL, defaulting.","commit":"7655d9c","error":"\"knativebrokerttl\" not found"}
{"level":"info","ts":"2019-12-03T21:04:27.078Z","logger":"broker_ingress","caller":"ingress/ingress_handler.go:120","msg":"Error retrieving TTL, defaulting.","commit":"7655d9c","error":"\"knativebrokerttl\" not found"}
{"level":"info","ts":"2019-12-03T21:04:27.078Z","logger":"broker_ingress","caller":"ingress/ingress_handler.go:120","msg":"Error retrieving TTL, defaulting.","commit":"7655d9c","error":"\"knativebrokerttl\" not found"}
{"level":"info","ts":"2019-12-03T21:04:27.079Z","logger":"broker_ingress","caller":"ingress/ingress_handler.go:120","msg":"Error retrieving TTL, defaulting.","commit":"7655d9c","error":"\"knativebrokerttl\" not found"}
{"level":"info","ts":"2019-12-03T21:04:27.080Z","logger":"broker_ingress","caller":"ingress/ingress_handler.go:120","msg":"Error retrieving TTL, defaulting.","commit":"7655d9c","error":"\"knativebrokerttl\" not found"}
{"level":"info","ts":"2019-12-03T21:04:27.087Z","logger":"broker_ingress","caller":"ingress/ingress_handler.go:120","msg":"Error retrieving TTL, defaulting.","commit":"7655d9c","error":"\"knativebrokerttl\" not found"}
{"level":"info","ts":"2019-12-03T21:04:27.098Z","logger":"broker_ingress","caller":"ingress/ingress_handler.go:120","msg":"Error retrieving TTL, defaulting.","commit":"7655d9c","error":"\"knativebrokerttl\" not found"}
{"level":"info","ts":"2019-12-03T21:04:27.098Z","logger":"broker_ingress","caller":"ingress/ingress_handler.go:120","msg":"Error retrieving TTL, defaulting.","commit":"7655d9c","error":"\"knativebrokerttl\" not found"}
{"level":"info","ts":"2019-12-03T21:04:27.098Z","logger":"broker_ingress","caller":"ingress/ingress_handler.go:120","msg":"Error retrieving TTL, defaulting.","commit":"7655d9c","error":"\"knativebrokerttl\" not found"}
{"level":"info","ts":"2019-12-03T21:04:27.101Z","logger":"broker_ingress","caller":"ingress/ingress_handler.go:120","msg":"Error retrieving TTL, defaulting.","commit":"7655d9c","error":"\"knativebrokerttl\" not found"}
{"level":"info","ts":"2019-12-03T21:04:27.101Z","logger":"broker_ingress","caller":"ingress/ingress_handler.go:120","msg":"Error retrieving TTL, defaulting.","commit":"7655d9c","error":"\"knativebrokerttl\" not found"}
{"level":"info","ts":"2019-12-03T21:04:27.102Z","logger":"broker_ingress","caller":"ingress/ingress_handler.go:120","msg":"Error retrieving TTL, defaulting.","commit":"7655d9c","error":"\"knativebrokerttl\" not found"}
{"level":"info","ts":"2019-12-03T21:04:27.102Z","logger":"broker_ingress","caller":"ingress/ingress_handler.go:120","msg":"Error retrieving TTL, defaulting.","commit":"7655d9c","error":"\"knativebrokerttl\" not found"}
{"level":"info","ts":"2019-12-03T21:04:27.102Z","logger":"broker_ingress","caller":"ingress/ingress_handler.go:120","msg":"Error retrieving TTL, defaulting.","commit":"7655d9c","error":"\"knativebrokerttl\" not found"}
{"level":"info","ts":"2019-12-03T21:04:27.102Z","logger":"broker_ingress","caller":"ingress/ingress_handler.go:120","msg":"Error retrieving TTL, defaulting.","commit":"7655d9c","error":"\"knativebrokerttl\" not found"}
{"level":"info","ts":"2019-12-03T21:04:27.102Z","logger":"broker_ingress","caller":"ingress/ingress_handler.go:120","msg":"Error retrieving TTL, defaulting.","commit":"7655d9c","error":"\"knativebrokerttl\" not found"}
{"level":"info","ts":"2019-12-03T21:04:27.102Z","logger":"broker_ingress","caller":"ingress/ingress_handler.go:120","msg":"Error retrieving TTL, defaulting.","commit":"7655d9c","error":"\"knativebrokerttl\" not found"}
{"level":"info","ts":"2019-12-03T21:04:27.103Z","logger":"broker_ingress","caller":"ingress/ingress_handler.go:120","msg":"Error retrieving TTL, defaulting.","commit":"7655d9c","error":"\"knativebrokerttl\" not found"}
{"level":"info","ts":"2019-12-03T21:04:27.103Z","logger":"broker_ingress","caller":"ingress/ingress_handler.go:120","msg":"Error retrieving TTL, defaulting.","commit":"7655d9c","error":"\"knativebrokerttl\" not found"}
{"level":"info","ts":"2019-12-03T21:04:27.103Z","logger":"broker_ingress","caller":"ingress/ingress_handler.go:120","msg":"Error retrieving TTL, defaulting.","commit":"7655d9c","error":"\"knativebrokerttl\" not found"}
{"level":"info","ts":"2019-12-03T21:04:27.103Z","logger":"broker_ingress","caller":"ingress/ingress_handler.go:120","msg":"Error retrieving TTL, defaulting.","commit":"7655d9c","error":"\"knativebrokerttl\" not found"}
{"level":"info","ts":"2019-12-03T21:04:27.103Z","logger":"broker_ingress","caller":"ingress/ingress_handler.go:120","msg":"Error retrieving TTL, defaulting.","commit":"7655d9c","error":"\"knativebrokerttl\" not found"}
{"level":"info","ts":"2019-12-03T21:04:27.103Z","logger":"broker_ingress","caller":"ingress/ingress_handler.go:120","msg":"Error retrieving TTL, defaulting.","commit":"7655d9c","error":"\"knativebrokerttl\" not found"}
{"level":"info","ts":"2019-12-03T21:04:27.104Z","logger":"broker_ingress","caller":"ingress/ingress_handler.go:120","msg":"Error retrieving TTL, defaulting.","commit":"7655d9c","error":"\"knativebrokerttl\" not found"}
{"level":"info","ts":"2019-12-03T21:04:27.104Z","logger":"broker_ingress","caller":"ingress/ingress_handler.go:120","msg":"Error retrieving TTL, defaulting.","commit":"7655d9c","error":"\"knativebrokerttl\" not found"}
{"level":"info","ts":"2019-12-03T21:04:27.104Z","logger":"broker_ingress","caller":"ingress/ingress_handler.go:120","msg":"Error retrieving TTL, defaulting.","commit":"7655d9c","error":"\"knativebrokerttl\" not found"}
{"level":"info","ts":"2019-12-03T21:04:27.104Z","logger":"broker_ingress","caller":"ingress/ingress_handler.go:120","msg":"Error retrieving TTL, defaulting.","commit":"7655d9c","error":"\"knativebrokerttl\" not found"}
{"level":"info","ts":"2019-12-03T21:04:27.104Z","logger":"broker_ingress","caller":"ingress/ingress_handler.go:120","msg":"Error retrieving TTL, defaulting.","commit":"7655d9c","error":"\"knativebrokerttl\" not found"}
{"level":"info","ts":"2019-12-03T21:04:27.104Z","logger":"broker_ingress","caller":"ingress/ingress_handler.go:120","msg":"Error retrieving TTL, defaulting.","commit":"7655d9c","error":"\"knativebrokerttl\" not found"}
{"level":"info","ts":"2019-12-03T21:04:27.104Z","logger":"broker_ingress","caller":"ingress/ingress_handler.go:120","msg":"Error retrieving TTL, defaulting.","commit":"7655d9c","error":"\"knativebrokerttl\" not found"}
{"level":"info","ts":"2019-12-03T21:04:27.105Z","logger":"broker_ingress","caller":"ingress/ingress_handler.go:120","msg":"Error retrieving TTL, defaulting.","commit":"7655d9c","error":"\"knativebrokerttl\" not found"}
{"level":"info","ts":"2019-12-03T21:04:27.105Z","logger":"broker_ingress","caller":"ingress/ingress_handler.go:120","msg":"Error retrieving TTL, defaulting.","commit":"7655d9c","error":"\"knativebrokerttl\" not found"}
{"level":"info","ts":"2019-12-03T21:04:27.105Z","logger":"broker_ingress","caller":"ingress/ingress_handler.go:120","msg":"Error retrieving TTL, defaulting.","commit":"7655d9c","error":"\"knativebrokerttl\" not found"}
{"level":"info","ts":"2019-12-03T21:04:27.105Z","logger":"broker_ingress","caller":"ingress/ingress_handler.go:120","msg":"Error retrieving TTL, defaulting.","commit":"7655d9c","error":"\"knativebrokerttl\" not found"}
{"level":"info","ts":"2019-12-03T21:04:27.105Z","logger":"broker_ingress","caller":"ingress/ingress_handler.go:120","msg":"Error retrieving TTL, defaulting.","commit":"7655d9c","error":"\"knativebrokerttl\" not found"}
{"level":"info","ts":"2019-12-03T21:04:27.105Z","logger":"broker_ingress","caller":"ingress/ingress_handler.go:120","msg":"Error retrieving TTL, defaulting.","commit":"7655d9c","error":"\"knativebrokerttl\" not found"}
{"level":"info","ts":"2019-12-03T21:04:27.106Z","logger":"broker_ingress","caller":"ingress/ingress_handler.go:120","msg":"Error retrieving TTL, defaulting.","commit":"7655d9c","error":"\"knativebrokerttl\" not found"}
{"level":"info","ts":"2019-12-03T21:04:27.106Z","logger":"broker_ingress","caller":"ingress/ingress_handler.go:120","msg":"Error retrieving TTL, defaulting.","commit":"7655d9c","error":"\"knativebrokerttl\" not found"}
{"level":"info","ts":"2019-12-03T21:04:27.106Z","logger":"broker_ingress","caller":"ingress/ingress_handler.go:120","msg":"Error retrieving TTL, defaulting.","commit":"7655d9c","error":"\"knativebrokerttl\" not found"}
{"level":"info","ts":"2019-12-03T21:04:27.106Z","logger":"broker_ingress","caller":"ingress/ingress_handler.go:120","msg":"Error retrieving TTL, defaulting.","commit":"7655d9c","error":"\"knativebrokerttl\" not found"}
{"level":"info","ts":"2019-12-03T21:04:27.106Z","logger":"broker_ingress","caller":"ingress/ingress_handler.go:120","msg":"Error retrieving TTL, defaulting.","commit":"7655d9c","error":"\"knativebrokerttl\" not found"}
{"level":"info","ts":"2019-12-03T21:04:27.106Z","logger":"broker_ingress","caller":"ingress/ingress_handler.go:120","msg":"Error retrieving TTL, defaulting.","commit":"7655d9c","error":"\"knativebrokerttl\" not found"}
{"level":"info","ts":"2019-12-03T21:04:27.106Z","logger":"broker_ingress","caller":"ingress/ingress_handler.go:120","msg":"Error retrieving TTL, defaulting.","commit":"7655d9c","error":"\"knativebrokerttl\" not found"}
{"level":"info","ts":"2019-12-03T21:04:27.106Z","logger":"broker_ingress","caller":"ingress/ingress_handler.go:120","msg":"Error retrieving TTL, defaulting.","commit":"7655d9c","error":"\"knativebrokerttl\" not found"}
{"level":"info","ts":"2019-12-03T21:04:27.107Z","logger":"broker_ingress","caller":"ingress/ingress_handler.go:120","msg":"Error retrieving TTL, defaulting.","commit":"7655d9c","error":"\"knativebrokerttl\" not found"}
{"level":"info","ts":"2019-12-03T21:04:27.107Z","logger":"broker_ingress","caller":"ingress/ingress_handler.go:120","msg":"Error retrieving TTL, defaulting.","commit":"7655d9c","error":"\"knativebrokerttl\" not found"}
{"level":"info","ts":"2019-12-03T21:04:27.107Z","logger":"broker_ingress","caller":"ingress/ingress_handler.go:120","msg":"Error retrieving TTL, defaulting.","commit":"7655d9c","error":"\"knativebrokerttl\" not found"}
{"level":"info","ts":"2019-12-03T21:04:27.113Z","logger":"broker_ingress","caller":"ingress/ingress_handler.go:120","msg":"Error retrieving TTL, defaulting.","commit":"7655d9c","error":"\"knativebrokerttl\" not found"}
{"level":"info","ts":"2019-12-03T21:04:27.114Z","logger":"broker_ingress","caller":"ingress/ingress_handler.go:120","msg":"Error retrieving TTL, defaulting.","commit":"7655d9c","error":"\"knativebrokerttl\" not found"}
{"level":"info","ts":"2019-12-03T21:04:27.114Z","logger":"broker_ingress","caller":"ingress/ingress_handler.go:120","msg":"Error retrieving TTL, defaulting.","commit":"7655d9c","error":"\"knativebrokerttl\" not found"}
{"level":"info","ts":"2019-12-03T21:04:27.114Z","logger":"broker_ingress","caller":"ingress/ingress_handler.go:120","msg":"Error retrieving TTL, defaulting.","commit":"7655d9c","error":"\"knativebrokerttl\" not found"}
{"level":"info","ts":"2019-12-03T21:04:27.114Z","logger":"broker_ingress","caller":"ingress/ingress_handler.go:120","msg":"Error retrieving TTL, defaulting.","commit":"7655d9c","error":"\"knativebrokerttl\" not found"}
{"level":"info","ts":"2019-12-03T21:04:27.114Z","logger":"broker_ingress","caller":"ingress/ingress_handler.go:120","msg":"Error retrieving TTL, defaulting.","commit":"7655d9c","error":"\"knativebrokerttl\" not found"}
{"level":"info","ts":"2019-12-03T21:04:27.114Z","logger":"broker_ingress","caller":"ingress/ingress_handler.go:120","msg":"Error retrieving TTL, defaulting.","commit":"7655d9c","error":"\"knativebrokerttl\" not found"}
{"level":"info","ts":"2019-12-03T21:04:27.115Z","logger":"broker_ingress","caller":"ingress/ingress_handler.go:120","msg":"Error retrieving TTL, defaulting.","commit":"7655d9c","error":"\"knativebrokerttl\" not found"}
{"level":"info","ts":"2019-12-03T21:04:27.117Z","logger":"broker_ingress","caller":"ingress/ingress_handler.go:120","msg":"Error retrieving TTL, defaulting.","commit":"7655d9c","error":"\"knativebrokerttl\" not found"}
{"level":"info","ts":"2019-12-03T21:04:27.118Z","logger":"broker_ingress","caller":"ingress/ingress_handler.go:120","msg":"Error retrieving TTL, defaulting.","commit":"7655d9c","error":"\"knativebrokerttl\" not found"}
{"level":"info","ts":"2019-12-03T21:04:27.118Z","logger":"broker_ingress","caller":"ingress/ingress_handler.go:120","msg":"Error retrieving TTL, defaulting.","commit":"7655d9c","error":"\"knativebrokerttl\" not found"}
{"level":"info","ts":"2019-12-03T21:04:27.118Z","logger":"broker_ingress","caller":"ingress/ingress_handler.go:120","msg":"Error retrieving TTL, defaulting.","commit":"7655d9c","error":"\"knativebrokerttl\" not found"}
{"level":"info","ts":"2019-12-03T21:04:27.118Z","logger":"broker_ingress","caller":"ingress/ingress_handler.go:120","msg":"Error retrieving TTL, defaulting.","commit":"7655d9c","error":"\"knativebrokerttl\" not found"}
{"level":"info","ts":"2019-12-03T21:04:27.119Z","logger":"broker_ingress","caller":"ingress/ingress_handler.go:120","msg":"Error retrieving TTL, defaulting.","commit":"7655d9c","error":"\"knativebrokerttl\" not found"}
{"level":"info","ts":"2019-12-03T21:04:27.119Z","logger":"broker_ingress","caller":"ingress/ingress_handler.go:120","msg":"Error retrieving TTL, defaulting.","commit":"7655d9c","error":"\"knativebrokerttl\" not found"}
{"level":"info","ts":"2019-12-03T21:04:27.119Z","logger":"broker_ingress","caller":"ingress/ingress_handler.go:120","msg":"Error retrieving TTL, defaulting.","commit":"7655d9c","error":"\"knativebrokerttl\" not found"}
{"level":"info","ts":"2019-12-03T21:04:27.119Z","logger":"broker_ingress","caller":"ingress/ingress_handler.go:120","msg":"Error retrieving TTL, defaulting.","commit":"7655d9c","error":"\"knativebrokerttl\" not found"}
{"level":"info","ts":"2019-12-03T21:04:27.119Z","logger":"broker_ingress","caller":"ingress/ingress_handler.go:120","msg":"Error retrieving TTL, defaulting.","commit":"7655d9c","error":"\"knativebrokerttl\" not found"}
{"level":"info","ts":"2019-12-03T21:04:27.119Z","logger":"broker_ingress","caller":"ingress/ingress_handler.go:120","msg":"Error retrieving TTL, defaulting.","commit":"7655d9c","error":"\"knativebrokerttl\" not found"}
{"level":"info","ts":"2019-12-03T21:04:27.119Z","logger":"broker_ingress","caller":"ingress/ingress_handler.go:120","msg":"Error retrieving TTL, defaulting.","commit":"7655d9c","error":"\"knativebrokerttl\" not found"}
{"level":"info","ts":"2019-12-03T21:04:27.119Z","logger":"broker_ingress","caller":"ingress/ingress_handler.go:120","msg":"Error retrieving TTL, defaulting.","commit":"7655d9c","error":"\"knativebrokerttl\" not found"}
{"level":"info","ts":"2019-12-03T21:04:27.120Z","logger":"broker_ingress","caller":"ingress/ingress_handler.go:120","msg":"Error retrieving TTL, defaulting.","commit":"7655d9c","error":"\"knativebrokerttl\" not found"}
{"level":"info","ts":"2019-12-03T21:04:27.120Z","logger":"broker_ingress","caller":"ingress/ingress_handler.go:120","msg":"Error retrieving TTL, defaulting.","commit":"7655d9c","error":"\"knativebrokerttl\" not found"}
{"level":"info","ts":"2019-12-03T21:04:27.120Z","logger":"broker_ingress","caller":"ingress/ingress_handler.go:120","msg":"Error retrieving TTL, defaulting.","commit":"7655d9c","error":"\"knativebrokerttl\" not found"}
{"level":"info","ts":"2019-12-03T21:04:27.120Z","logger":"broker_ingress","caller":"ingress/ingress_handler.go:120","msg":"Error retrieving TTL, defaulting.","commit":"7655d9c","error":"\"knativebrokerttl\" not found"}
{"level":"info","ts":"2019-12-03T21:04:27.121Z","logger":"broker_ingress","caller":"ingress/ingress_handler.go:120","msg":"Error retrieving TTL, defaulting.","commit":"7655d9c","error":"\"knativebrokerttl\" not found"}
{"level":"info","ts":"2019-12-03T21:04:27.121Z","logger":"broker_ingress","caller":"ingress/ingress_handler.go:120","msg":"Error retrieving TTL, defaulting.","commit":"7655d9c","error":"\"knativebrokerttl\" not found"}
{"level":"info","ts":"2019-12-03T21:04:27.121Z","logger":"broker_ingress","caller":"ingress/ingress_handler.go:120","msg":"Error retrieving TTL, defaulting.","commit":"7655d9c","error":"\"knativebrokerttl\" not found"}
{"level":"info","ts":"2019-12-03T21:04:27.121Z","logger":"broker_ingress","caller":"ingress/ingress_handler.go:120","msg":"Error retrieving TTL, defaulting.","commit":"7655d9c","error":"\"knativebrokerttl\" not found"}
{"level":"info","ts":"2019-12-03T21:04:27.121Z","logger":"broker_ingress","caller":"ingress/ingress_handler.go:120","msg":"Error retrieving TTL, defaulting.","commit":"7655d9c","error":"\"knativebrokerttl\" not found"}
{"level":"info","ts":"2019-12-03T21:04:27.121Z","logger":"broker_ingress","caller":"ingress/ingress_handler.go:120","msg":"Error retrieving TTL, defaulting.","commit":"7655d9c","error":"\"knativebrokerttl\" not found"}
{"level":"info","ts":"2019-12-03T21:04:27.121Z","logger":"broker_ingress","caller":"ingress/ingress_handler.go:120","msg":"Error retrieving TTL, defaulting.","commit":"7655d9c","error":"\"knativebrokerttl\" not found"}
{"level":"info","ts":"2019-12-03T21:04:27.121Z","logger":"broker_ingress","caller":"ingress/ingress_handler.go:120","msg":"Error retrieving TTL, defaulting.","commit":"7655d9c","error":"\"knativebrokerttl\" not found"}
{"level":"info","ts":"2019-12-03T21:04:27.121Z","logger":"broker_ingress","caller":"ingress/ingress_handler.go:120","msg":"Error retrieving TTL, defaulting.","commit":"7655d9c","error":"\"knativebrokerttl\" not found"}
{"level":"info","ts":"2019-12-03T21:04:27.122Z","logger":"broker_ingress","caller":"ingress/ingress_handler.go:120","msg":"Error retrieving TTL, defaulting.","commit":"7655d9c","error":"\"knativebrokerttl\" not found"}
{"level":"info","ts":"2019-12-03T21:04:27.122Z","logger":"broker_ingress","caller":"ingress/ingress_handler.go:120","msg":"Error retrieving TTL, defaulting.","commit":"7655d9c","error":"\"knativebrokerttl\" not found"}
{"level":"info","ts":"2019-12-03T21:04:27.122Z","logger":"broker_ingress","caller":"ingress/ingress_handler.go:120","msg":"Error retrieving TTL, defaulting.","commit":"7655d9c","error":"\"knativebrokerttl\" not found"}
{"level":"info","ts":"2019-12-03T21:04:27.122Z","logger":"broker_ingress","caller":"ingress/ingress_handler.go:120","msg":"Error retrieving TTL, defaulting.","commit":"7655d9c","error":"\"knativebrokerttl\" not found"}
{"level":"info","ts":"2019-12-03T21:04:27.122Z","logger":"broker_ingress","caller":"ingress/ingress_handler.go:120","msg":"Error retrieving TTL, defaulting.","commit":"7655d9c","error":"\"knativebrokerttl\" not found"}
{"level":"info","ts":"2019-12-03T21:04:27.123Z","logger":"broker_ingress","caller":"ingress/ingress_handler.go:120","msg":"Error retrieving TTL, defaulting.","commit":"7655d9c","error":"\"knativebrokerttl\" not found"}
{"level":"info","ts":"2019-12-03T21:04:27.123Z","logger":"broker_ingress","caller":"ingress/ingress_handler.go:120","msg":"Error retrieving TTL, defaulting.","commit":"7655d9c","error":"\"knativebrokerttl\" not found"}
{"level":"info","ts":"2019-12-03T21:04:27.123Z","logger":"broker_ingress","caller":"ingress/ingress_handler.go:120","msg":"Error retrieving TTL, defaulting.","commit":"7655d9c","error":"\"knativebrokerttl\" not found"}
{"level":"info","ts":"2019-12-03T21:04:27.123Z","logger":"broker_ingress","caller":"ingress/ingress_handler.go:120","msg":"Error retrieving TTL, defaulting.","commit":"7655d9c","error":"\"knativebrokerttl\" not found"}
{"level":"info","ts":"2019-12-03T21:04:27.123Z","logger":"broker_ingress","caller":"ingress/ingress_handler.go:120","msg":"Error retrieving TTL, defaulting.","commit":"7655d9c","error":"\"knativebrokerttl\" not found"}
{"level":"info","ts":"2019-12-03T21:04:27.123Z","logger":"broker_ingress","caller":"ingress/ingress_handler.go:120","msg":"Error retrieving TTL, defaulting.","commit":"7655d9c","error":"\"knativebrokerttl\" not found"}
{"level":"info","ts":"2019-12-03T21:04:27.123Z","logger":"broker_ingress","caller":"ingress/ingress_handler.go:120","msg":"Error retrieving TTL, defaulting.","commit":"7655d9c","error":"\"knativebrokerttl\" not found"}
{"level":"info","ts":"2019-12-03T21:04:27.123Z","logger":"broker_ingress","caller":"ingress/ingress_handler.go:120","msg":"Error retrieving TTL, defaulting.","commit":"7655d9c","error":"\"knativebrokerttl\" not found"}
{"level":"info","ts":"2019-12-03T21:04:27.124Z","logger":"broker_ingress","caller":"ingress/ingress_handler.go:120","msg":"Error retrieving TTL, defaulting.","commit":"7655d9c","error":"\"knativebrokerttl\" not found"}
{"level":"info","ts":"2019-12-03T21:04:27.124Z","logger":"broker_ingress","caller":"ingress/ingress_handler.go:120","msg":"Error retrieving TTL, defaulting.","commit":"7655d9c","error":"\"knativebrokerttl\" not found"}
{"level":"info","ts":"2019-12-03T21:04:27.124Z","logger":"broker_ingress","caller":"ingress/ingress_handler.go:120","msg":"Error retrieving TTL, defaulting.","commit":"7655d9c","error":"\"knativebrokerttl\" not found"}
{"level":"info","ts":"2019-12-03T21:04:27.124Z","logger":"broker_ingress","caller":"ingress/ingress_handler.go:120","msg":"Error retrieving TTL, defaulting.","commit":"7655d9c","error":"\"knativebrokerttl\" not found"}
{"level":"info","ts":"2019-12-03T21:04:27.124Z","logger":"broker_ingress","caller":"ingress/ingress_handler.go:120","msg":"Error retrieving TTL, defaulting.","commit":"7655d9c","error":"\"knativebrokerttl\" not found"}
{"level":"info","ts":"2019-12-03T21:04:27.124Z","logger":"broker_ingress","caller":"ingress/ingress_handler.go:120","msg":"Error retrieving TTL, defaulting.","commit":"7655d9c","error":"\"knativebrokerttl\" not found"}
{"level":"info","ts":"2019-12-03T21:04:27.124Z","logger":"broker_ingress","caller":"ingress/ingress_handler.go:120","msg":"Error retrieving TTL, defaulting.","commit":"7655d9c","error":"\"knativebrokerttl\" not found"}
{"level":"info","ts":"2019-12-03T21:04:27.124Z","logger":"broker_ingress","caller":"ingress/ingress_handler.go:120","msg":"Error retrieving TTL, defaulting.","commit":"7655d9c","error":"\"knativebrokerttl\" not found"}
{"level":"info","ts":"2019-12-03T21:04:27.125Z","logger":"broker_ingress","caller":"ingress/ingress_handler.go:120","msg":"Error retrieving TTL, defaulting.","commit":"7655d9c","error":"\"knativebrokerttl\" not found"}
{"level":"info","ts":"2019-12-03T21:04:27.125Z","logger":"broker_ingress","caller":"ingress/ingress_handler.go:120","msg":"Error retrieving TTL, defaulting.","commit":"7655d9c","error":"\"knativebrokerttl\" not found"}
{"level":"info","ts":"2019-12-03T21:04:27.124Z","logger":"broker_ingress","caller":"ingress/ingress_handler.go:120","msg":"Error retrieving TTL, defaulting.","commit":"7655d9c","error":"\"knativebrokerttl\" not found"}
{"level":"info","ts":"2019-12-03T21:04:27.125Z","logger":"broker_ingress","caller":"ingress/ingress_handler.go:120","msg":"Error retrieving TTL, defaulting.","commit":"7655d9c","error":"\"knativebrokerttl\" not found"}
{"level":"info","ts":"2019-12-03T21:04:27.125Z","logger":"broker_ingress","caller":"ingress/ingress_handler.go:120","msg":"Error retrieving TTL, defaulting.","commit":"7655d9c","error":"\"knativebrokerttl\" not found"}
{"level":"info","ts":"2019-12-03T21:04:27.125Z","logger":"broker_ingress","caller":"ingress/ingress_handler.go:120","msg":"Error retrieving TTL, defaulting.","commit":"7655d9c","error":"\"knativebrokerttl\" not found"}
{"level":"info","ts":"2019-12-03T21:04:27.125Z","logger":"broker_ingress","caller":"ingress/ingress_handler.go:120","msg":"Error retrieving TTL, defaulting.","commit":"7655d9c","error":"\"knativebrokerttl\" not found"}
{"level":"info","ts":"2019-12-03T21:04:27.125Z","logger":"broker_ingress","caller":"ingress/ingress_handler.go:120","msg":"Error retrieving TTL, defaulting.","commit":"7655d9c","error":"\"knativebrokerttl\" not found"}
{"level":"info","ts":"2019-12-03T21:04:27.125Z","logger":"broker_ingress","caller":"ingress/ingress_handler.go:120","msg":"Error retrieving TTL, defaulting.","commit":"7655d9c","error":"\"knativebrokerttl\" not found"}
{"level":"info","ts":"2019-12-03T21:04:27.126Z","logger":"broker_ingress","caller":"ingress/ingress_handler.go:120","msg":"Error retrieving TTL, defaulting.","commit":"7655d9c","error":"\"knativebrokerttl\" not found"}
{"level":"info","ts":"2019-12-03T21:04:27.126Z","logger":"broker_ingress","caller":"ingress/ingress_handler.go:120","msg":"Error retrieving TTL, defaulting.","commit":"7655d9c","error":"\"knativebrokerttl\" not found"}
{"level":"info","ts":"2019-12-03T21:04:27.126Z","logger":"broker_ingress","caller":"ingress/ingress_handler.go:120","msg":"Error retrieving TTL, defaulting.","commit":"7655d9c","error":"\"knativebrokerttl\" not found"}
{"level":"info","ts":"2019-12-03T21:04:27.126Z","logger":"broker_ingress","caller":"ingress/ingress_handler.go:120","msg":"Error retrieving TTL, defaulting.","commit":"7655d9c","error":"\"knativebrokerttl\" not found"}
{"level":"info","ts":"2019-12-03T21:04:27.126Z","logger":"broker_ingress","caller":"ingress/ingress_handler.go:120","msg":"Error retrieving TTL, defaulting.","commit":"7655d9c","error":"\"knativebrokerttl\" not found"}
{"level":"info","ts":"2019-12-03T21:04:27.126Z","logger":"broker_ingress","caller":"ingress/ingress_handler.go:120","msg":"Error retrieving TTL, defaulting.","commit":"7655d9c","error":"\"knativebrokerttl\" not found"}
{"level":"info","ts":"2019-12-03T21:04:27.126Z","logger":"broker_ingress","caller":"ingress/ingress_handler.go:120","msg":"Error retrieving TTL, defaulting.","commit":"7655d9c","error":"\"knativebrokerttl\" not found"}
{"level":"info","ts":"2019-12-03T21:04:27.126Z","logger":"broker_ingress","caller":"ingress/ingress_handler.go:120","msg":"Error retrieving TTL, defaulting.","commit":"7655d9c","error":"\"knativebrokerttl\" not found"}
{"level":"info","ts":"2019-12-03T21:04:27.126Z","logger":"broker_ingress","caller":"ingress/ingress_handler.go:120","msg":"Error retrieving TTL, defaulting.","commit":"7655d9c","error":"\"knativebrokerttl\" not found"}
{"level":"info","ts":"2019-12-03T21:04:27.126Z","logger":"broker_ingress","caller":"ingress/ingress_handler.go:120","msg":"Error retrieving TTL, defaulting.","commit":"7655d9c","error":"\"knativebrokerttl\" not found"}
{"level":"info","ts":"2019-12-03T21:04:27.127Z","logger":"broker_ingress","caller":"ingress/ingress_handler.go:120","msg":"Error retrieving TTL, defaulting.","commit":"7655d9c","error":"\"knativebrokerttl\" not found"}
{"level":"info","ts":"2019-12-03T21:04:27.127Z","logger":"broker_ingress","caller":"ingress/ingress_handler.go:120","msg":"Error retrieving TTL, defaulting.","commit":"7655d9c","error":"\"knativebrokerttl\" not found"}
{"level":"info","ts":"2019-12-03T21:04:27.127Z","logger":"broker_ingress","caller":"ingress/ingress_handler.go:120","msg":"Error retrieving TTL, defaulting.","commit":"7655d9c","error":"\"knativebrokerttl\" not found"}
{"level":"info","ts":"2019-12-03T21:04:27.127Z","logger":"broker_ingress","caller":"ingress/ingress_handler.go:120","msg":"Error retrieving TTL, defaulting.","commit":"7655d9c","error":"\"knativebrokerttl\" not found"}
{"level":"info","ts":"2019-12-03T21:04:27.127Z","logger":"broker_ingress","caller":"ingress/ingress_handler.go:120","msg":"Error retrieving TTL, defaulting.","commit":"7655d9c","error":"\"knativebrokerttl\" not found"}
{"level":"info","ts":"2019-12-03T21:04:27.127Z","logger":"broker_ingress","caller":"ingress/ingress_handler.go:120","msg":"Error retrieving TTL, defaulting.","commit":"7655d9c","error":"\"knativebrokerttl\" not found"}
{"level":"info","ts":"2019-12-03T21:04:27.127Z","logger":"broker_ingress","caller":"ingress/ingress_handler.go:120","msg":"Error retrieving TTL, defaulting.","commit":"7655d9c","error":"\"knativebrokerttl\" not found"}
{"level":"info","ts":"2019-12-03T21:04:27.127Z","logger":"broker_ingress","caller":"ingress/ingress_handler.go:120","msg":"Error retrieving TTL, defaulting.","commit":"7655d9c","error":"\"knativebrokerttl\" not found"}
{"level":"info","ts":"2019-12-03T21:04:27.127Z","logger":"broker_ingress","caller":"ingress/ingress_handler.go:120","msg":"Error retrieving TTL, defaulting.","commit":"7655d9c","error":"\"knativebrokerttl\" not found"}
{"level":"info","ts":"2019-12-03T21:04:27.127Z","logger":"broker_ingress","caller":"ingress/ingress_handler.go:120","msg":"Error retrieving TTL, defaulting.","commit":"7655d9c","error":"\"knativebrokerttl\" not found"}
{"level":"info","ts":"2019-12-03T21:04:27.127Z","logger":"broker_ingress","caller":"ingress/ingress_handler.go:120","msg":"Error retrieving TTL, defaulting.","commit":"7655d9c","error":"\"knativebrokerttl\" not found"}
{"level":"info","ts":"2019-12-03T21:04:27.128Z","logger":"broker_ingress","caller":"ingress/ingress_handler.go:120","msg":"Error retrieving TTL, defaulting.","commit":"7655d9c","error":"\"knativebrokerttl\" not found"}
{"level":"info","ts":"2019-12-03T21:04:27.128Z","logger":"broker_ingress","caller":"ingress/ingress_handler.go:120","msg":"Error retrieving TTL, defaulting.","commit":"7655d9c","error":"\"knativebrokerttl\" not found"}
{"level":"info","ts":"2019-12-03T21:04:27.128Z","logger":"broker_ingress","caller":"ingress/ingress_handler.go:120","msg":"Error retrieving TTL, defaulting.","commit":"7655d9c","error":"\"knativebrokerttl\" not found"}
{"level":"info","ts":"2019-12-03T21:04:27.143Z","logger":"broker_ingress","caller":"ingress/ingress_handler.go:120","msg":"Error retrieving TTL, defaulting.","commit":"7655d9c","error":"\"knativebrokerttl\" not found"}
{"level":"info","ts":"2019-12-03T21:04:27.143Z","logger":"broker_ingress","caller":"ingress/ingress_handler.go:120","msg":"Error retrieving TTL, defaulting.","commit":"7655d9c","error":"\"knativebrokerttl\" not found"}
{"level":"info","ts":"2019-12-03T21:04:27.143Z","logger":"broker_ingress","caller":"ingress/ingress_handler.go:120","msg":"Error retrieving TTL, defaulting.","commit":"7655d9c","error":"\"knativebrokerttl\" not found"}
{"level":"info","ts":"2019-12-03T21:04:27.143Z","logger":"broker_ingress","caller":"ingress/ingress_handler.go:120","msg":"Error retrieving TTL, defaulting.","commit":"7655d9c","error":"\"knativebrokerttl\" not found"}
{"level":"info","ts":"2019-12-03T21:04:27.144Z","logger":"broker_ingress","caller":"ingress/ingress_handler.go:120","msg":"Error retrieving TTL, defaulting.","commit":"7655d9c","error":"\"knativebrokerttl\" not found"}
{"level":"info","ts":"2019-12-03T21:04:27.144Z","logger":"broker_ingress","caller":"ingress/ingress_handler.go:120","msg":"Error retrieving TTL, defaulting.","commit":"7655d9c","error":"\"knativebrokerttl\" not found"}
{"level":"info","ts":"2019-12-03T21:04:27.144Z","logger":"broker_ingress","caller":"ingress/ingress_handler.go:120","msg":"Error retrieving TTL, defaulting.","commit":"7655d9c","error":"\"knativebrokerttl\" not found"}
{"level":"info","ts":"2019-12-03T21:04:27.145Z","logger":"broker_ingress","caller":"ingress/ingress_handler.go:120","msg":"Error retrieving TTL, defaulting.","commit":"7655d9c","error":"\"knativebrokerttl\" not found"}
{"level":"info","ts":"2019-12-03T21:04:27.145Z","logger":"broker_ingress","caller":"ingress/ingress_handler.go:120","msg":"Error retrieving TTL, defaulting.","commit":"7655d9c","error":"\"knativebrokerttl\" not found"}
{"level":"info","ts":"2019-12-03T21:04:27.145Z","logger":"broker_ingress","caller":"ingress/ingress_handler.go:120","msg":"Error retrieving TTL, defaulting.","commit":"7655d9c","error":"\"knativebrokerttl\" not found"}
{"level":"info","ts":"2019-12-03T21:04:27.145Z","logger":"broker_ingress","caller":"ingress/ingress_handler.go:120","msg":"Error retrieving TTL, defaulting.","commit":"7655d9c","error":"\"knativebrokerttl\" not found"}
{"level":"info","ts":"2019-12-03T21:04:27.146Z","logger":"broker_ingress","caller":"ingress/ingress_handler.go:120","msg":"Error retrieving TTL, defaulting.","commit":"7655d9c","error":"\"knativebrokerttl\" not found"}
{"level":"info","ts":"2019-12-03T21:04:27.146Z","logger":"broker_ingress","caller":"ingress/ingress_handler.go:120","msg":"Error retrieving TTL, defaulting.","commit":"7655d9c","error":"\"knativebrokerttl\" not found"}
{"level":"info","ts":"2019-12-03T21:04:27.146Z","logger":"broker_ingress","caller":"ingress/ingress_handler.go:120","msg":"Error retrieving TTL, defaulting.","commit":"7655d9c","error":"\"knativebrokerttl\" not found"}
{"level":"info","ts":"2019-12-03T21:04:27.146Z","logger":"broker_ingress","caller":"ingress/ingress_handler.go:120","msg":"Error retrieving TTL, defaulting.","commit":"7655d9c","error":"\"knativebrokerttl\" not found"}
{"level":"info","ts":"2019-12-03T21:04:27.146Z","logger":"broker_ingress","caller":"ingress/ingress_handler.go:120","msg":"Error retrieving TTL, defaulting.","commit":"7655d9c","error":"\"knativebrokerttl\" not found"}
{"level":"info","ts":"2019-12-03T21:04:27.146Z","logger":"broker_ingress","caller":"ingress/ingress_handler.go:120","msg":"Error retrieving TTL, defaulting.","commit":"7655d9c","error":"\"knativebrokerttl\" not found"}
{"level":"info","ts":"2019-12-03T21:04:27.147Z","logger":"broker_ingress","caller":"ingress/ingress_handler.go:120","msg":"Error retrieving TTL, defaulting.","commit":"7655d9c","error":"\"knativebrokerttl\" not found"}
{"level":"info","ts":"2019-12-03T21:04:27.147Z","logger":"broker_ingress","caller":"ingress/ingress_handler.go:120","msg":"Error retrieving TTL, defaulting.","commit":"7655d9c","error":"\"knativebrokerttl\" not found"}
{"level":"info","ts":"2019-12-03T21:04:27.147Z","logger":"broker_ingress","caller":"ingress/ingress_handler.go:120","msg":"Error retrieving TTL, defaulting.","commit":"7655d9c","error":"\"knativebrokerttl\" not found"}
{"level":"info","ts":"2019-12-03T21:04:27.149Z","logger":"broker_ingress","caller":"ingress/ingress_handler.go:120","msg":"Error retrieving TTL, defaulting.","commit":"7655d9c","error":"\"knativebrokerttl\" not found"}
{"level":"info","ts":"2019-12-03T21:04:27.147Z","logger":"broker_ingress","caller":"ingress/ingress_handler.go:120","msg":"Error retrieving TTL, defaulting.","commit":"7655d9c","error":"\"knativebrokerttl\" not found"}
{"level":"info","ts":"2019-12-03T21:04:27.150Z","logger":"broker_ingress","caller":"ingress/ingress_handler.go:120","msg":"Error retrieving TTL, defaulting.","commit":"7655d9c","error":"\"knativebrokerttl\" not found"}
{"level":"info","ts":"2019-12-03T21:04:27.150Z","logger":"broker_ingress","caller":"ingress/ingress_handler.go:120","msg":"Error retrieving TTL, defaulting.","commit":"7655d9c","error":"\"knativebrokerttl\" not found"}
{"level":"info","ts":"2019-12-03T21:04:27.150Z","logger":"broker_ingress","caller":"ingress/ingress_handler.go:120","msg":"Error retrieving TTL, defaulting.","commit":"7655d9c","error":"\"knativebrokerttl\" not found"}
{"level":"info","ts":"2019-12-03T21:04:27.150Z","logger":"broker_ingress","caller":"ingress/ingress_handler.go:120","msg":"Error retrieving TTL, defaulting.","commit":"7655d9c","error":"\"knativebrokerttl\" not found"}
{"level":"info","ts":"2019-12-03T21:04:27.150Z","logger":"broker_ingress","caller":"ingress/ingress_handler.go:120","msg":"Error retrieving TTL, defaulting.","commit":"7655d9c","error":"\"knativebrokerttl\" not found"}
{"level":"info","ts":"2019-12-03T21:04:27.151Z","logger":"broker_ingress","caller":"ingress/ingress_handler.go:120","msg":"Error retrieving TTL, defaulting.","commit":"7655d9c","error":"\"knativebrokerttl\" not found"}
{"level":"info","ts":"2019-12-03T21:04:27.152Z","logger":"broker_ingress","caller":"ingress/ingress_handler.go:120","msg":"Error retrieving TTL, defaulting.","commit":"7655d9c","error":"\"knativebrokerttl\" not found"}
{"level":"info","ts":"2019-12-03T21:04:27.152Z","logger":"broker_ingress","caller":"ingress/ingress_handler.go:120","msg":"Error retrieving TTL, defaulting.","commit":"7655d9c","error":"\"knativebrokerttl\" not found"}
{"level":"info","ts":"2019-12-03T21:04:27.151Z","logger":"broker_ingress","caller":"ingress/ingress_handler.go:120","msg":"Error retrieving TTL, defaulting.","commit":"7655d9c","error":"\"knativebrokerttl\" not found"}
{"level":"info","ts":"2019-12-03T21:04:27.152Z","logger":"broker_ingress","caller":"ingress/ingress_handler.go:120","msg":"Error retrieving TTL, defaulting.","commit":"7655d9c","error":"\"knativebrokerttl\" not found"}
{"level":"info","ts":"2019-12-03T21:04:27.152Z","logger":"broker_ingress","caller":"ingress/ingress_handler.go:120","msg":"Error retrieving TTL, defaulting.","commit":"7655d9c","error":"\"knativebrokerttl\" not found"}
{"level":"info","ts":"2019-12-03T21:04:27.152Z","logger":"broker_ingress","caller":"ingress/ingress_handler.go:120","msg":"Error retrieving TTL, defaulting.","commit":"7655d9c","error":"\"knativebrokerttl\" not found"}
{"level":"info","ts":"2019-12-03T21:04:27.153Z","logger":"broker_ingress","caller":"ingress/ingress_handler.go:120","msg":"Error retrieving TTL, defaulting.","commit":"7655d9c","error":"\"knativebrokerttl\" not found"}
{"level":"info","ts":"2019-12-03T21:04:27.153Z","logger":"broker_ingress","caller":"ingress/ingress_handler.go:120","msg":"Error retrieving TTL, defaulting.","commit":"7655d9c","error":"\"knativebrokerttl\" not found"}
{"level":"info","ts":"2019-12-03T21:04:27.153Z","logger":"broker_ingress","caller":"ingress/ingress_handler.go:120","msg":"Error retrieving TTL, defaulting.","commit":"7655d9c","error":"\"knativebrokerttl\" not found"}
{"level":"info","ts":"2019-12-03T21:04:27.153Z","logger":"broker_ingress","caller":"ingress/ingress_handler.go:120","msg":"Error retrieving TTL, defaulting.","commit":"7655d9c","error":"\"knativebrokerttl\" not found"}
{"level":"info","ts":"2019-12-03T21:04:27.153Z","logger":"broker_ingress","caller":"ingress/ingress_handler.go:120","msg":"Error retrieving TTL, defaulting.","commit":"7655d9c","error":"\"knativebrokerttl\" not found"}
{"level":"info","ts":"2019-12-03T21:04:27.153Z","logger":"broker_ingress","caller":"ingress/ingress_handler.go:120","msg":"Error retrieving TTL, defaulting.","commit":"7655d9c","error":"\"knativebrokerttl\" not found"}
{"level":"info","ts":"2019-12-03T21:04:27.153Z","logger":"broker_ingress","caller":"ingress/ingress_handler.go:120","msg":"Error retrieving TTL, defaulting.","commit":"7655d9c","error":"\"knativebrokerttl\" not found"}
{"level":"info","ts":"2019-12-03T21:04:27.153Z","logger":"broker_ingress","caller":"ingress/ingress_handler.go:120","msg":"Error retrieving TTL, defaulting.","commit":"7655d9c","error":"\"knativebrokerttl\" not found"}
{"level":"info","ts":"2019-12-03T21:04:27.153Z","logger":"broker_ingress","caller":"ingress/ingress_handler.go:120","msg":"Error retrieving TTL, defaulting.","commit":"7655d9c","error":"\"knativebrokerttl\" not found"}
{"level":"info","ts":"2019-12-03T21:04:27.153Z","logger":"broker_ingress","caller":"ingress/ingress_handler.go:120","msg":"Error retrieving TTL, defaulting.","commit":"7655d9c","error":"\"knativebrokerttl\" not found"}
{"level":"info","ts":"2019-12-03T21:04:27.153Z","logger":"broker_ingress","caller":"ingress/ingress_handler.go:120","msg":"Error retrieving TTL, defaulting.","commit":"7655d9c","error":"\"knativebrokerttl\" not found"}
{"level":"info","ts":"2019-12-03T21:04:27.154Z","logger":"broker_ingress","caller":"ingress/ingress_handler.go:120","msg":"Error retrieving TTL, defaulting.","commit":"7655d9c","error":"\"knativebrokerttl\" not found"}
{"level":"info","ts":"2019-12-03T21:04:27.154Z","logger":"broker_ingress","caller":"ingress/ingress_handler.go:120","msg":"Error retrieving TTL, defaulting.","commit":"7655d9c","error":"\"knativebrokerttl\" not found"}
{"level":"info","ts":"2019-12-03T21:04:27.154Z","logger":"broker_ingress","caller":"ingress/ingress_handler.go:120","msg":"Error retrieving TTL, defaulting.","commit":"7655d9c","error":"\"knativebrokerttl\" not found"}
{"level":"info","ts":"2019-12-03T21:04:27.156Z","logger":"broker_ingress","caller":"ingress/ingress_handler.go:120","msg":"Error retrieving TTL, defaulting.","commit":"7655d9c","error":"\"knativebrokerttl\" not found"}
{"level":"info","ts":"2019-12-03T21:04:27.156Z","logger":"broker_ingress","caller":"ingress/ingress_handler.go:120","msg":"Error retrieving TTL, defaulting.","commit":"7655d9c","error":"\"knativebrokerttl\" not found"}
{"level":"info","ts":"2019-12-03T21:04:27.157Z","logger":"broker_ingress","caller":"ingress/ingress_handler.go:120","msg":"Error retrieving TTL, defaulting.","commit":"7655d9c","error":"\"knativebrokerttl\" not found"}
{"level":"info","ts":"2019-12-03T21:04:27.157Z","logger":"broker_ingress","caller":"ingress/ingress_handler.go:120","msg":"Error retrieving TTL, defaulting.","commit":"7655d9c","error":"\"knativebrokerttl\" not found"}
{"level":"info","ts":"2019-12-03T21:04:27.157Z","logger":"broker_ingress","caller":"ingress/ingress_handler.go:120","msg":"Error retrieving TTL, defaulting.","commit":"7655d9c","error":"\"knativebrokerttl\" not found"}
{"level":"info","ts":"2019-12-03T21:04:27.160Z","logger":"broker_ingress","caller":"ingress/ingress_handler.go:120","msg":"Error retrieving TTL, defaulting.","commit":"7655d9c","error":"\"knativebrokerttl\" not found"}
{"level":"info","ts":"2019-12-03T21:04:27.160Z","logger":"broker_ingress","caller":"ingress/ingress_handler.go:120","msg":"Error retrieving TTL, defaulting.","commit":"7655d9c","error":"\"knativebrokerttl\" not found"}
{"level":"info","ts":"2019-12-03T21:04:27.160Z","logger":"broker_ingress","caller":"ingress/ingress_handler.go:120","msg":"Error retrieving TTL, defaulting.","commit":"7655d9c","error":"\"knativebrokerttl\" not found"}
{"level":"info","ts":"2019-12-03T21:04:27.160Z","logger":"broker_ingress","caller":"ingress/ingress_handler.go:120","msg":"Error retrieving TTL, defaulting.","commit":"7655d9c","error":"\"knativebrokerttl\" not found"}
{"level":"info","ts":"2019-12-03T21:04:27.160Z","logger":"broker_ingress","caller":"ingress/ingress_handler.go:120","msg":"Error retrieving TTL, defaulting.","commit":"7655d9c","error":"\"knativebrokerttl\" not found"}
{"level":"info","ts":"2019-12-03T21:04:27.160Z","logger":"broker_ingress","caller":"ingress/ingress_handler.go:120","msg":"Error retrieving TTL, defaulting.","commit":"7655d9c","error":"\"knativebrokerttl\" not found"}
{"level":"info","ts":"2019-12-03T21:04:27.160Z","logger":"broker_ingress","caller":"ingress/ingress_handler.go:120","msg":"Error retrieving TTL, defaulting.","commit":"7655d9c","error":"\"knativebrokerttl\" not found"}
{"level":"info","ts":"2019-12-03T21:04:27.160Z","logger":"broker_ingress","caller":"ingress/ingress_handler.go:120","msg":"Error retrieving TTL, defaulting.","commit":"7655d9c","error":"\"knativebrokerttl\" not found"}
{"level":"info","ts":"2019-12-03T21:04:27.160Z","logger":"broker_ingress","caller":"ingress/ingress_handler.go:120","msg":"Error retrieving TTL, defaulting.","commit":"7655d9c","error":"\"knativebrokerttl\" not found"}
{"level":"info","ts":"2019-12-03T21:04:27.161Z","logger":"broker_ingress","caller":"ingress/ingress_handler.go:120","msg":"Error retrieving TTL, defaulting.","commit":"7655d9c","error":"\"knativebrokerttl\" not found"}
{"level":"info","ts":"2019-12-03T21:04:27.161Z","logger":"broker_ingress","caller":"ingress/ingress_handler.go:120","msg":"Error retrieving TTL, defaulting.","commit":"7655d9c","error":"\"knativebrokerttl\" not found"}
{"level":"info","ts":"2019-12-03T21:04:27.161Z","logger":"broker_ingress","caller":"ingress/ingress_handler.go:120","msg":"Error retrieving TTL, defaulting.","commit":"7655d9c","error":"\"knativebrokerttl\" not found"}
{"level":"info","ts":"2019-12-03T21:04:27.161Z","logger":"broker_ingress","caller":"ingress/ingress_handler.go:120","msg":"Error retrieving TTL, defaulting.","commit":"7655d9c","error":"\"knativebrokerttl\" not found"}
{"level":"info","ts":"2019-12-03T21:04:27.161Z","logger":"broker_ingress","caller":"ingress/ingress_handler.go:120","msg":"Error retrieving TTL, defaulting.","commit":"7655d9c","error":"\"knativebrokerttl\" not found"}
{"level":"info","ts":"2019-12-03T21:04:27.162Z","logger":"broker_ingress","caller":"ingress/ingress_handler.go:120","msg":"Error retrieving TTL, defaulting.","commit":"7655d9c","error":"\"knativebrokerttl\" not found"}
{"level":"info","ts":"2019-12-03T21:04:27.166Z","logger":"broker_ingress","caller":"ingress/ingress_handler.go:120","msg":"Error retrieving TTL, defaulting.","commit":"7655d9c","error":"\"knativebrokerttl\" not found"}
{"level":"info","ts":"2019-12-03T21:04:27.160Z","logger":"broker_ingress","caller":"ingress/ingress_handler.go:120","msg":"Error retrieving TTL, defaulting.","commit":"7655d9c","error":"\"knativebrokerttl\" not found"}
{"level":"info","ts":"2019-12-03T21:04:27.166Z","logger":"broker_ingress","caller":"ingress/ingress_handler.go:120","msg":"Error retrieving TTL, defaulting.","commit":"7655d9c","error":"\"knativebrokerttl\" not found"}
{"level":"info","ts":"2019-12-03T21:04:27.167Z","logger":"broker_ingress","caller":"ingress/ingress_handler.go:120","msg":"Error retrieving TTL, defaulting.","commit":"7655d9c","error":"\"knativebrokerttl\" not found"}
{"level":"info","ts":"2019-12-03T21:04:27.167Z","logger":"broker_ingress","caller":"ingress/ingress_handler.go:120","msg":"Error retrieving TTL, defaulting.","commit":"7655d9c","error":"\"knativebrokerttl\" not found"}
{"level":"info","ts":"2019-12-03T21:04:27.168Z","logger":"broker_ingress","caller":"ingress/ingress_handler.go:120","msg":"Error retrieving TTL, defaulting.","commit":"7655d9c","error":"\"knativebrokerttl\" not found"}
{"level":"info","ts":"2019-12-03T21:04:27.168Z","logger":"broker_ingress","caller":"ingress/ingress_handler.go:120","msg":"Error retrieving TTL, defaulting.","commit":"7655d9c","error":"\"knativebrokerttl\" not found"}
{"level":"info","ts":"2019-12-03T21:04:27.168Z","logger":"broker_ingress","caller":"ingress/ingress_handler.go:120","msg":"Error retrieving TTL, defaulting.","commit":"7655d9c","error":"\"knativebrokerttl\" not found"}
{"level":"info","ts":"2019-12-03T21:04:27.168Z","logger":"broker_ingress","caller":"ingress/ingress_handler.go:120","msg":"Error retrieving TTL, defaulting.","commit":"7655d9c","error":"\"knativebrokerttl\" not found"}
{"level":"info","ts":"2019-12-03T21:04:27.169Z","logger":"broker_ingress","caller":"ingress/ingress_handler.go:120","msg":"Error retrieving TTL, defaulting.","commit":"7655d9c","error":"\"knativebrokerttl\" not found"}
{"level":"info","ts":"2019-12-03T21:04:27.169Z","logger":"broker_ingress","caller":"ingress/ingress_handler.go:120","msg":"Error retrieving TTL, defaulting.","commit":"7655d9c","error":"\"knativebrokerttl\" not found"}
{"level":"info","ts":"2019-12-03T21:04:27.169Z","logger":"broker_ingress","caller":"ingress/ingress_handler.go:120","msg":"Error retrieving TTL, defaulting.","commit":"7655d9c","error":"\"knativebrokerttl\" not found"}
{"level":"info","ts":"2019-12-03T21:04:27.169Z","logger":"broker_ingress","caller":"ingress/ingress_handler.go:120","msg":"Error retrieving TTL, defaulting.","commit":"7655d9c","error":"\"knativebrokerttl\" not found"}
{"level":"info","ts":"2019-12-03T21:04:27.169Z","logger":"broker_ingress","caller":"ingress/ingress_handler.go:120","msg":"Error retrieving TTL, defaulting.","commit":"7655d9c","error":"\"knativebrokerttl\" not found"}
{"level":"info","ts":"2019-12-03T21:04:27.169Z","logger":"broker_ingress","caller":"ingress/ingress_handler.go:120","msg":"Error retrieving TTL, defaulting.","commit":"7655d9c","error":"\"knativebrokerttl\" not found"}
{"level":"info","ts":"2019-12-03T21:04:27.170Z","logger":"broker_ingress","caller":"ingress/ingress_handler.go:120","msg":"Error retrieving TTL, defaulting.","commit":"7655d9c","error":"\"knativebrokerttl\" not found"}
{"level":"info","ts":"2019-12-03T21:04:27.170Z","logger":"broker_ingress","caller":"ingress/ingress_handler.go:120","msg":"Error retrieving TTL, defaulting.","commit":"7655d9c","error":"\"knativebrokerttl\" not found"}
{"level":"info","ts":"2019-12-03T21:04:27.170Z","logger":"broker_ingress","caller":"ingress/ingress_handler.go:120","msg":"Error retrieving TTL, defaulting.","commit":"7655d9c","error":"\"knativebrokerttl\" not found"}
{"level":"info","ts":"2019-12-03T21:04:27.170Z","logger":"broker_ingress","caller":"ingress/ingress_handler.go:120","msg":"Error retrieving TTL, defaulting.","commit":"7655d9c","error":"\"knativebrokerttl\" not found"}
{"level":"info","ts":"2019-12-03T21:04:27.170Z","logger":"broker_ingress","caller":"ingress/ingress_handler.go:120","msg":"Error retrieving TTL, defaulting.","commit":"7655d9c","error":"\"knativebrokerttl\" not found"}
{"level":"info","ts":"2019-12-03T21:04:27.170Z","logger":"broker_ingress","caller":"ingress/ingress_handler.go:120","msg":"Error retrieving TTL, defaulting.","commit":"7655d9c","error":"\"knativebrokerttl\" not found"}
{"level":"info","ts":"2019-12-03T21:04:27.170Z","logger":"broker_ingress","caller":"ingress/ingress_handler.go:120","msg":"Error retrieving TTL, defaulting.","commit":"7655d9c","error":"\"knativebrokerttl\" not found"}
{"level":"info","ts":"2019-12-03T21:04:27.170Z","logger":"broker_ingress","caller":"ingress/ingress_handler.go:120","msg":"Error retrieving TTL, defaulting.","commit":"7655d9c","error":"\"knativebrokerttl\" not found"}
{"level":"info","ts":"2019-12-03T21:04:27.170Z","logger":"broker_ingress","caller":"ingress/ingress_handler.go:120","msg":"Error retrieving TTL, defaulting.","commit":"7655d9c","error":"\"knativebrokerttl\" not found"}
{"level":"info","ts":"2019-12-03T21:04:27.170Z","logger":"broker_ingress","caller":"ingress/ingress_handler.go:120","msg":"Error retrieving TTL, defaulting.","commit":"7655d9c","error":"\"knativebrokerttl\" not found"}
{"level":"info","ts":"2019-12-03T21:04:27.170Z","logger":"broker_ingress","caller":"ingress/ingress_handler.go:120","msg":"Error retrieving TTL, defaulting.","commit":"7655d9c","error":"\"knativebrokerttl\" not found"}
{"level":"info","ts":"2019-12-03T21:04:27.171Z","logger":"broker_ingress","caller":"ingress/ingress_handler.go:120","msg":"Error retrieving TTL, defaulting.","commit":"7655d9c","error":"\"knativebrokerttl\" not found"}
{"level":"info","ts":"2019-12-03T21:04:27.171Z","logger":"broker_ingress","caller":"ingress/ingress_handler.go:120","msg":"Error retrieving TTL, defaulting.","commit":"7655d9c","error":"\"knativebrokerttl\" not found"}
{"level":"info","ts":"2019-12-03T21:04:27.171Z","logger":"broker_ingress","caller":"ingress/ingress_handler.go:120","msg":"Error retrieving TTL, defaulting.","commit":"7655d9c","error":"\"knativebrokerttl\" not found"}
{"level":"info","ts":"2019-12-03T21:04:27.171Z","logger":"broker_ingress","caller":"ingress/ingress_handler.go:120","msg":"Error retrieving TTL, defaulting.","commit":"7655d9c","error":"\"knativebrokerttl\" not found"}
{"level":"info","ts":"2019-12-03T21:04:27.171Z","logger":"broker_ingress","caller":"ingress/ingress_handler.go:120","msg":"Error retrieving TTL, defaulting.","commit":"7655d9c","error":"\"knativebrokerttl\" not found"}
{"level":"info","ts":"2019-12-03T21:04:27.171Z","logger":"broker_ingress","caller":"ingress/ingress_handler.go:120","msg":"Error retrieving TTL, defaulting.","commit":"7655d9c","error":"\"knativebrokerttl\" not found"}
{"level":"info","ts":"2019-12-03T21:04:27.171Z","logger":"broker_ingress","caller":"ingress/ingress_handler.go:120","msg":"Error retrieving TTL, defaulting.","commit":"7655d9c","error":"\"knativebrokerttl\" not found"}
{"level":"info","ts":"2019-12-03T21:04:27.166Z","logger":"broker_ingress","caller":"ingress/ingress_handler.go:120","msg":"Error retrieving TTL, defaulting.","commit":"7655d9c","error":"\"knativebrokerttl\" not found"}
{"level":"info","ts":"2019-12-03T21:04:27.172Z","logger":"broker_ingress","caller":"ingress/ingress_handler.go:120","msg":"Error retrieving TTL, defaulting.","commit":"7655d9c","error":"\"knativebrokerttl\" not found"}
{"level":"info","ts":"2019-12-03T21:04:27.172Z","logger":"broker_ingress","caller":"ingress/ingress_handler.go:120","msg":"Error retrieving TTL, defaulting.","commit":"7655d9c","error":"\"knativebrokerttl\" not found"}
{"level":"info","ts":"2019-12-03T21:04:27.172Z","logger":"broker_ingress","caller":"ingress/ingress_handler.go:120","msg":"Error retrieving TTL, defaulting.","commit":"7655d9c","error":"\"knativebrokerttl\" not found"}
{"level":"info","ts":"2019-12-03T21:04:27.172Z","logger":"broker_ingress","caller":"ingress/ingress_handler.go:120","msg":"Error retrieving TTL, defaulting.","commit":"7655d9c","error":"\"knativebrokerttl\" not found"}
{"level":"info","ts":"2019-12-03T21:04:27.173Z","logger":"broker_ingress","caller":"ingress/ingress_handler.go:120","msg":"Error retrieving TTL, defaulting.","commit":"7655d9c","error":"\"knativebrokerttl\" not found"}
{"level":"info","ts":"2019-12-03T21:04:27.173Z","logger":"broker_ingress","caller":"ingress/ingress_handler.go:120","msg":"Error retrieving TTL, defaulting.","commit":"7655d9c","error":"\"knativebrokerttl\" not found"}
{"level":"info","ts":"2019-12-03T21:04:27.173Z","logger":"broker_ingress","caller":"ingress/ingress_handler.go:120","msg":"Error retrieving TTL, defaulting.","commit":"7655d9c","error":"\"knativebrokerttl\" not found"}
{"level":"info","ts":"2019-12-03T21:04:27.173Z","logger":"broker_ingress","caller":"ingress/ingress_handler.go:120","msg":"Error retrieving TTL, defaulting.","commit":"7655d9c","error":"\"knativebrokerttl\" not found"}
{"level":"info","ts":"2019-12-03T21:04:27.173Z","logger":"broker_ingress","caller":"ingress/ingress_handler.go:120","msg":"Error retrieving TTL, defaulting.","commit":"7655d9c","error":"\"knativebrokerttl\" not found"}
{"level":"info","ts":"2019-12-03T21:04:27.173Z","logger":"broker_ingress","caller":"ingress/ingress_handler.go:120","msg":"Error retrieving TTL, defaulting.","commit":"7655d9c","error":"\"knativebrokerttl\" not found"}
{"level":"info","ts":"2019-12-03T21:04:27.173Z","logger":"broker_ingress","caller":"ingress/ingress_handler.go:120","msg":"Error retrieving TTL, defaulting.","commit":"7655d9c","error":"\"knativebrokerttl\" not found"}
{"level":"info","ts":"2019-12-03T21:04:27.173Z","logger":"broker_ingress","caller":"ingress/ingress_handler.go:120","msg":"Error retrieving TTL, defaulting.","commit":"7655d9c","error":"\"knativebrokerttl\" not found"}
{"level":"info","ts":"2019-12-03T21:04:27.174Z","logger":"broker_ingress","caller":"ingress/ingress_handler.go:120","msg":"Error retrieving TTL, defaulting.","commit":"7655d9c","error":"\"knativebrokerttl\" not found"}
{"level":"info","ts":"2019-12-03T21:04:27.174Z","logger":"broker_ingress","caller":"ingress/ingress_handler.go:120","msg":"Error retrieving TTL, defaulting.","commit":"7655d9c","error":"\"knativebrokerttl\" not found"}
{"level":"info","ts":"2019-12-03T21:04:27.175Z","logger":"broker_ingress","caller":"ingress/ingress_handler.go:120","msg":"Error retrieving TTL, defaulting.","commit":"7655d9c","error":"\"knativebrokerttl\" not found"}
{"level":"info","ts":"2019-12-03T21:04:27.175Z","logger":"broker_ingress","caller":"ingress/ingress_handler.go:120","msg":"Error retrieving TTL, defaulting.","commit":"7655d9c","error":"\"knativebrokerttl\" not found"}
{"level":"info","ts":"2019-12-03T21:04:27.176Z","logger":"broker_ingress","caller":"ingress/ingress_handler.go:120","msg":"Error retrieving TTL, defaulting.","commit":"7655d9c","error":"\"knativebrokerttl\" not found"}
{"level":"info","ts":"2019-12-03T21:04:27.176Z","logger":"broker_ingress","caller":"ingress/ingress_handler.go:120","msg":"Error retrieving TTL, defaulting.","commit":"7655d9c","error":"\"knativebrokerttl\" not found"}
{"level":"info","ts":"2019-12-03T21:04:27.176Z","logger":"broker_ingress","caller":"ingress/ingress_handler.go:120","msg":"Error retrieving TTL, defaulting.","commit":"7655d9c","error":"\"knativebrokerttl\" not found"}
{"level":"info","ts":"2019-12-03T21:04:27.176Z","logger":"broker_ingress","caller":"ingress/ingress_handler.go:120","msg":"Error retrieving TTL, defaulting.","commit":"7655d9c","error":"\"knativebrokerttl\" not found"}
{"level":"info","ts":"2019-12-03T21:04:27.176Z","logger":"broker_ingress","caller":"ingress/ingress_handler.go:120","msg":"Error retrieving TTL, defaulting.","commit":"7655d9c","error":"\"knativebrokerttl\" not found"}
{"level":"info","ts":"2019-12-03T21:04:27.176Z","logger":"broker_ingress","caller":"ingress/ingress_handler.go:120","msg":"Error retrieving TTL, defaulting.","commit":"7655d9c","error":"\"knativebrokerttl\" not found"}
{"level":"info","ts":"2019-12-03T21:04:27.177Z","logger":"broker_ingress","caller":"ingress/ingress_handler.go:120","msg":"Error retrieving TTL, defaulting.","commit":"7655d9c","error":"\"knativebrokerttl\" not found"}
{"level":"info","ts":"2019-12-03T21:04:27.177Z","logger":"broker_ingress","caller":"ingress/ingress_handler.go:120","msg":"Error retrieving TTL, defaulting.","commit":"7655d9c","error":"\"knativebrokerttl\" not found"}
{"level":"info","ts":"2019-12-03T21:04:27.177Z","logger":"broker_ingress","caller":"ingress/ingress_handler.go:120","msg":"Error retrieving TTL, defaulting.","commit":"7655d9c","error":"\"knativebrokerttl\" not found"}
{"level":"info","ts":"2019-12-03T21:04:27.178Z","logger":"broker_ingress","caller":"ingress/ingress_handler.go:120","msg":"Error retrieving TTL, defaulting.","commit":"7655d9c","error":"\"knativebrokerttl\" not found"}
{"level":"info","ts":"2019-12-03T21:04:27.178Z","logger":"broker_ingress","caller":"ingress/ingress_handler.go:120","msg":"Error retrieving TTL, defaulting.","commit":"7655d9c","error":"\"knativebrokerttl\" not found"}
{"level":"info","ts":"2019-12-03T21:04:27.178Z","logger":"broker_ingress","caller":"ingress/ingress_handler.go:120","msg":"Error retrieving TTL, defaulting.","commit":"7655d9c","error":"\"knativebrokerttl\" not found"}
{"level":"info","ts":"2019-12-03T21:04:27.178Z","logger":"broker_ingress","caller":"ingress/ingress_handler.go:120","msg":"Error retrieving TTL, defaulting.","commit":"7655d9c","error":"\"knativebrokerttl\" not found"}
{"level":"info","ts":"2019-12-03T21:04:27.179Z","logger":"broker_ingress","caller":"ingress/ingress_handler.go:120","msg":"Error retrieving TTL, defaulting.","commit":"7655d9c","error":"\"knativebrokerttl\" not found"}
{"level":"info","ts":"2019-12-03T21:04:27.179Z","logger":"broker_ingress","caller":"ingress/ingress_handler.go:120","msg":"Error retrieving TTL, defaulting.","commit":"7655d9c","error":"\"knativebrokerttl\" not found"}
{"level":"info","ts":"2019-12-03T21:04:27.179Z","logger":"broker_ingress","caller":"ingress/ingress_handler.go:120","msg":"Error retrieving TTL, defaulting.","commit":"7655d9c","error":"\"knativebrokerttl\" not found"}
{"level":"info","ts":"2019-12-03T21:04:27.179Z","logger":"broker_ingress","caller":"ingress/ingress_handler.go:120","msg":"Error retrieving TTL, defaulting.","commit":"7655d9c","error":"\"knativebrokerttl\" not found"}
{"level":"info","ts":"2019-12-03T21:04:27.180Z","logger":"broker_ingress","caller":"ingress/ingress_handler.go:120","msg":"Error retrieving TTL, defaulting.","commit":"7655d9c","error":"\"knativebrokerttl\" not found"}
{"level":"info","ts":"2019-12-03T21:04:27.180Z","logger":"broker_ingress","caller":"ingress/ingress_handler.go:120","msg":"Error retrieving TTL, defaulting.","commit":"7655d9c","error":"\"knativebrokerttl\" not found"}
{"level":"info","ts":"2019-12-03T21:04:27.180Z","logger":"broker_ingress","caller":"ingress/ingress_handler.go:120","msg":"Error retrieving TTL, defaulting.","commit":"7655d9c","error":"\"knativebrokerttl\" not found"}
{"level":"info","ts":"2019-12-03T21:04:27.181Z","logger":"broker_ingress","caller":"ingress/ingress_handler.go:120","msg":"Error retrieving TTL, defaulting.","commit":"7655d9c","error":"\"knativebrokerttl\" not found"}
{"level":"info","ts":"2019-12-03T21:04:27.181Z","logger":"broker_ingress","caller":"ingress/ingress_handler.go:120","msg":"Error retrieving TTL, defaulting.","commit":"7655d9c","error":"\"knativebrokerttl\" not found"}
{"level":"info","ts":"2019-12-03T21:04:27.181Z","logger":"broker_ingress","caller":"ingress/ingress_handler.go:120","msg":"Error retrieving TTL, defaulting.","commit":"7655d9c","error":"\"knativebrokerttl\" not found"}
{"level":"info","ts":"2019-12-03T21:04:27.181Z","logger":"broker_ingress","caller":"ingress/ingress_handler.go:120","msg":"Error retrieving TTL, defaulting.","commit":"7655d9c","error":"\"knativebrokerttl\" not found"}
{"level":"info","ts":"2019-12-03T21:04:27.181Z","logger":"broker_ingress","caller":"ingress/ingress_handler.go:120","msg":"Error retrieving TTL, defaulting.","commit":"7655d9c","error":"\"knativebrokerttl\" not found"}
{"level":"info","ts":"2019-12-03T21:04:27.181Z","logger":"broker_ingress","caller":"ingress/ingress_handler.go:120","msg":"Error retrieving TTL, defaulting.","commit":"7655d9c","error":"\"knativebrokerttl\" not found"}
{"level":"info","ts":"2019-12-03T21:04:27.181Z","logger":"broker_ingress","caller":"ingress/ingress_handler.go:120","msg":"Error retrieving TTL, defaulting.","commit":"7655d9c","error":"\"knativebrokerttl\" not found"}
{"level":"info","ts":"2019-12-03T21:04:27.181Z","logger":"broker_ingress","caller":"ingress/ingress_handler.go:120","msg":"Error retrieving TTL, defaulting.","commit":"7655d9c","error":"\"knativebrokerttl\" not found"}
{"level":"info","ts":"2019-12-03T21:04:27.182Z","logger":"broker_ingress","caller":"ingress/ingress_handler.go:120","msg":"Error retrieving TTL, defaulting.","commit":"7655d9c","error":"\"knativebrokerttl\" not found"}
{"level":"info","ts":"2019-12-03T21:04:27.182Z","logger":"broker_ingress","caller":"ingress/ingress_handler.go:120","msg":"Error retrieving TTL, defaulting.","commit":"7655d9c","error":"\"knativebrokerttl\" not found"}
{"level":"info","ts":"2019-12-03T21:04:27.183Z","logger":"broker_ingress","caller":"ingress/ingress_handler.go:120","msg":"Error retrieving TTL, defaulting.","commit":"7655d9c","error":"\"knativebrokerttl\" not found"}
{"level":"info","ts":"2019-12-03T21:04:27.183Z","logger":"broker_ingress","caller":"ingress/ingress_handler.go:120","msg":"Error retrieving TTL, defaulting.","commit":"7655d9c","error":"\"knativebrokerttl\" not found"}
{"level":"info","ts":"2019-12-03T21:04:27.184Z","logger":"broker_ingress","caller":"ingress/ingress_handler.go:120","msg":"Error retrieving TTL, defaulting.","commit":"7655d9c","error":"\"knativebrokerttl\" not found"}
{"level":"info","ts":"2019-12-03T21:04:27.184Z","logger":"broker_ingress","caller":"ingress/ingress_handler.go:120","msg":"Error retrieving TTL, defaulting.","commit":"7655d9c","error":"\"knativebrokerttl\" not found"}
{"level":"info","ts":"2019-12-03T21:04:27.184Z","logger":"broker_ingress","caller":"ingress/ingress_handler.go:120","msg":"Error retrieving TTL, defaulting.","commit":"7655d9c","error":"\"knativebrokerttl\" not found"}
{"level":"info","ts":"2019-12-03T21:04:27.184Z","logger":"broker_ingress","caller":"ingress/ingress_handler.go:120","msg":"Error retrieving TTL, defaulting.","commit":"7655d9c","error":"\"knativebrokerttl\" not found"}
{"level":"info","ts":"2019-12-03T21:04:27.184Z","logger":"broker_ingress","caller":"ingress/ingress_handler.go:120","msg":"Error retrieving TTL, defaulting.","commit":"7655d9c","error":"\"knativebrokerttl\" not found"}
{"level":"info","ts":"2019-12-03T21:04:27.185Z","logger":"broker_ingress","caller":"ingress/ingress_handler.go:120","msg":"Error retrieving TTL, defaulting.","commit":"7655d9c","error":"\"knativebrokerttl\" not found"}
{"level":"info","ts":"2019-12-03T21:04:27.185Z","logger":"broker_ingress","caller":"ingress/ingress_handler.go:120","msg":"Error retrieving TTL, defaulting.","commit":"7655d9c","error":"\"knativebrokerttl\" not found"}
{"level":"info","ts":"2019-12-03T21:04:27.186Z","logger":"broker_ingress","caller":"ingress/ingress_handler.go:120","msg":"Error retrieving TTL, defaulting.","commit":"7655d9c","error":"\"knativebrokerttl\" not found"}
{"level":"info","ts":"2019-12-03T21:04:27.186Z","logger":"broker_ingress","caller":"ingress/ingress_handler.go:120","msg":"Error retrieving TTL, defaulting.","commit":"7655d9c","error":"\"knativebrokerttl\" not found"}
{"level":"info","ts":"2019-12-03T21:04:27.186Z","logger":"broker_ingress","caller":"ingress/ingress_handler.go:120","msg":"Error retrieving TTL, defaulting.","commit":"7655d9c","error":"\"knativebrokerttl\" not found"}
{"level":"info","ts":"2019-12-03T21:04:27.187Z","logger":"broker_ingress","caller":"ingress/ingress_handler.go:120","msg":"Error retrieving TTL, defaulting.","commit":"7655d9c","error":"\"knativebrokerttl\" not found"}
{"level":"info","ts":"2019-12-03T21:04:27.187Z","logger":"broker_ingress","caller":"ingress/ingress_handler.go:120","msg":"Error retrieving TTL, defaulting.","commit":"7655d9c","error":"\"knativebrokerttl\" not found"}
{"level":"info","ts":"2019-12-03T21:04:27.187Z","logger":"broker_ingress","caller":"ingress/ingress_handler.go:120","msg":"Error retrieving TTL, defaulting.","commit":"7655d9c","error":"\"knativebrokerttl\" not found"}
{"level":"info","ts":"2019-12-03T21:04:27.187Z","logger":"broker_ingress","caller":"ingress/ingress_handler.go:120","msg":"Error retrieving TTL, defaulting.","commit":"7655d9c","error":"\"knativebrokerttl\" not found"}
{"level":"info","ts":"2019-12-03T21:04:27.187Z","logger":"broker_ingress","caller":"ingress/ingress_handler.go:120","msg":"Error retrieving TTL, defaulting.","commit":"7655d9c","error":"\"knativebrokerttl\" not found"}
{"level":"info","ts":"2019-12-03T21:04:27.187Z","logger":"broker_ingress","caller":"ingress/ingress_handler.go:120","msg":"Error retrieving TTL, defaulting.","commit":"7655d9c","error":"\"knativebrokerttl\" not found"}
{"level":"info","ts":"2019-12-03T21:04:27.187Z","logger":"broker_ingress","caller":"ingress/ingress_handler.go:120","msg":"Error retrieving TTL, defaulting.","commit":"7655d9c","error":"\"knativebrokerttl\" not found"}
{"level":"info","ts":"2019-12-03T21:04:27.187Z","logger":"broker_ingress","caller":"ingress/ingress_handler.go:120","msg":"Error retrieving TTL, defaulting.","commit":"7655d9c","error":"\"knativebrokerttl\" not found"}
{"level":"info","ts":"2019-12-03T21:04:27.187Z","logger":"broker_ingress","caller":"ingress/ingress_handler.go:120","msg":"Error retrieving TTL, defaulting.","commit":"7655d9c","error":"\"knativebrokerttl\" not found"}
{"level":"info","ts":"2019-12-03T21:04:27.187Z","logger":"broker_ingress","caller":"ingress/ingress_handler.go:120","msg":"Error retrieving TTL, defaulting.","commit":"7655d9c","error":"\"knativebrokerttl\" not found"}
{"level":"info","ts":"2019-12-03T21:04:27.187Z","logger":"broker_ingress","caller":"ingress/ingress_handler.go:120","msg":"Error retrieving TTL, defaulting.","commit":"7655d9c","error":"\"knativebrokerttl\" not found"}
{"level":"info","ts":"2019-12-03T21:04:27.188Z","logger":"broker_ingress","caller":"ingress/ingress_handler.go:120","msg":"Error retrieving TTL, defaulting.","commit":"7655d9c","error":"\"knativebrokerttl\" not found"}
{"level":"info","ts":"2019-12-03T21:04:27.188Z","logger":"broker_ingress","caller":"ingress/ingress_handler.go:120","msg":"Error retrieving TTL, defaulting.","commit":"7655d9c","error":"\"knativebrokerttl\" not found"}
{"level":"info","ts":"2019-12-03T21:04:27.184Z","logger":"broker_ingress","caller":"ingress/ingress_handler.go:120","msg":"Error retrieving TTL, defaulting.","commit":"7655d9c","error":"\"knativebrokerttl\" not found"}
{"level":"info","ts":"2019-12-03T21:04:27.188Z","logger":"broker_ingress","caller":"ingress/ingress_handler.go:120","msg":"Error retrieving TTL, defaulting.","commit":"7655d9c","error":"\"knativebrokerttl\" not found"}
{"level":"info","ts":"2019-12-03T21:04:27.188Z","logger":"broker_ingress","caller":"ingress/ingress_handler.go:120","msg":"Error retrieving TTL, defaulting.","commit":"7655d9c","error":"\"knativebrokerttl\" not found"}
{"level":"info","ts":"2019-12-03T21:04:27.189Z","logger":"broker_ingress","caller":"ingress/ingress_handler.go:120","msg":"Error retrieving TTL, defaulting.","commit":"7655d9c","error":"\"knativebrokerttl\" not found"}
{"level":"info","ts":"2019-12-03T21:04:27.189Z","logger":"broker_ingress","caller":"ingress/ingress_handler.go:120","msg":"Error retrieving TTL, defaulting.","commit":"7655d9c","error":"\"knativebrokerttl\" not found"}
{"level":"info","ts":"2019-12-03T21:04:27.190Z","logger":"broker_ingress","caller":"ingress/ingress_handler.go:120","msg":"Error retrieving TTL, defaulting.","commit":"7655d9c","error":"\"knativebrokerttl\" not found"}
{"level":"info","ts":"2019-12-03T21:04:27.190Z","logger":"broker_ingress","caller":"ingress/ingress_handler.go:120","msg":"Error retrieving TTL, defaulting.","commit":"7655d9c","error":"\"knativebrokerttl\" not found"}
{"level":"info","ts":"2019-12-03T21:04:27.190Z","logger":"broker_ingress","caller":"ingress/ingress_handler.go:120","msg":"Error retrieving TTL, defaulting.","commit":"7655d9c","error":"\"knativebrokerttl\" not found"}
{"level":"info","ts":"2019-12-03T21:04:27.190Z","logger":"broker_ingress","caller":"ingress/ingress_handler.go:120","msg":"Error retrieving TTL, defaulting.","commit":"7655d9c","error":"\"knativebrokerttl\" not found"}
{"level":"info","ts":"2019-12-03T21:04:27.190Z","logger":"broker_ingress","caller":"ingress/ingress_handler.go:120","msg":"Error retrieving TTL, defaulting.","commit":"7655d9c","error":"\"knativebrokerttl\" not found"}
{"level":"info","ts":"2019-12-03T21:04:27.191Z","logger":"broker_ingress","caller":"ingress/ingress_handler.go:120","msg":"Error retrieving TTL, defaulting.","commit":"7655d9c","error":"\"knativebrokerttl\" not found"}
{"level":"info","ts":"2019-12-03T21:04:27.191Z","logger":"broker_ingress","caller":"ingress/ingress_handler.go:120","msg":"Error retrieving TTL, defaulting.","commit":"7655d9c","error":"\"knativebrokerttl\" not found"}
{"level":"info","ts":"2019-12-03T21:04:27.191Z","logger":"broker_ingress","caller":"ingress/ingress_handler.go:120","msg":"Error retrieving TTL, defaulting.","commit":"7655d9c","error":"\"knativebrokerttl\" not found"}
{"level":"info","ts":"2019-12-03T21:04:27.191Z","logger":"broker_ingress","caller":"ingress/ingress_handler.go:120","msg":"Error retrieving TTL, defaulting.","commit":"7655d9c","error":"\"knativebrokerttl\" not found"}
{"level":"info","ts":"2019-12-03T21:04:27.191Z","logger":"broker_ingress","caller":"ingress/ingress_handler.go:120","msg":"Error retrieving TTL, defaulting.","commit":"7655d9c","error":"\"knativebrokerttl\" not found"}
{"level":"info","ts":"2019-12-03T21:04:27.192Z","logger":"broker_ingress","caller":"ingress/ingress_handler.go:120","msg":"Error retrieving TTL, defaulting.","commit":"7655d9c","error":"\"knativebrokerttl\" not found"}
{"level":"info","ts":"2019-12-03T21:04:27.193Z","logger":"broker_ingress","caller":"ingress/ingress_handler.go:120","msg":"Error retrieving TTL, defaulting.","commit":"7655d9c","error":"\"knativebrokerttl\" not found"}
{"level":"info","ts":"2019-12-03T21:04:27.195Z","logger":"broker_ingress","caller":"ingress/ingress_handler.go:120","msg":"Error retrieving TTL, defaulting.","commit":"7655d9c","error":"\"knativebrokerttl\" not found"}
{"level":"info","ts":"2019-12-03T21:04:27.196Z","logger":"broker_ingress","caller":"ingress/ingress_handler.go:120","msg":"Error retrieving TTL, defaulting.","commit":"7655d9c","error":"\"knativebrokerttl\" not found"}
{"level":"info","ts":"2019-12-03T21:04:27.197Z","logger":"broker_ingress","caller":"ingress/ingress_handler.go:120","msg":"Error retrieving TTL, defaulting.","commit":"7655d9c","error":"\"knativebrokerttl\" not found"}
{"level":"info","ts":"2019-12-03T21:04:27.197Z","logger":"broker_ingress","caller":"ingress/ingress_handler.go:120","msg":"Error retrieving TTL, defaulting.","commit":"7655d9c","error":"\"knativebrokerttl\" not found"}
{"level":"info","ts":"2019-12-03T21:04:27.201Z","logger":"broker_ingress","caller":"ingress/ingress_handler.go:120","msg":"Error retrieving TTL, defaulting.","commit":"7655d9c","error":"\"knativebrokerttl\" not found"}
{"level":"info","ts":"2019-12-03T21:04:27.202Z","logger":"broker_ingress","caller":"ingress/ingress_handler.go:120","msg":"Error retrieving TTL, defaulting.","commit":"7655d9c","error":"\"knativebrokerttl\" not found"}
{"level":"info","ts":"2019-12-03T21:04:27.202Z","logger":"broker_ingress","caller":"ingress/ingress_handler.go:120","msg":"Error retrieving TTL, defaulting.","commit":"7655d9c","error":"\"knativebrokerttl\" not found"}
{"level":"info","ts":"2019-12-03T21:04:27.202Z","logger":"broker_ingress","caller":"ingress/ingress_handler.go:120","msg":"Error retrieving TTL, defaulting.","commit":"7655d9c","error":"\"knativebrokerttl\" not found"}
{"level":"info","ts":"2019-12-03T21:04:27.202Z","logger":"broker_ingress","caller":"ingress/ingress_handler.go:120","msg":"Error retrieving TTL, defaulting.","commit":"7655d9c","error":"\"knativebrokerttl\" not found"}
{"level":"info","ts":"2019-12-03T21:04:27.205Z","logger":"broker_ingress","caller":"ingress/ingress_handler.go:120","msg":"Error retrieving TTL, defaulting.","commit":"7655d9c","error":"\"knativebrokerttl\" not found"}
{"level":"info","ts":"2019-12-03T21:04:27.210Z","logger":"broker_ingress","caller":"ingress/ingress_handler.go:120","msg":"Error retrieving TTL, defaulting.","commit":"7655d9c","error":"\"knativebrokerttl\" not found"}
{"level":"info","ts":"2019-12-03T21:04:27.211Z","logger":"broker_ingress","caller":"ingress/ingress_handler.go:120","msg":"Error retrieving TTL, defaulting.","commit":"7655d9c","error":"\"knativebrokerttl\" not found"}
{"level":"info","ts":"2019-12-03T21:04:27.210Z","logger":"broker_ingress","caller":"ingress/ingress_handler.go:120","msg":"Error retrieving TTL, defaulting.","commit":"7655d9c","error":"\"knativebrokerttl\" not found"}
{"level":"info","ts":"2019-12-03T21:04:27.212Z","logger":"broker_ingress","caller":"ingress/ingress_handler.go:120","msg":"Error retrieving TTL, defaulting.","commit":"7655d9c","error":"\"knativebrokerttl\" not found"}
{"level":"info","ts":"2019-12-03T21:04:27.212Z","logger":"broker_ingress","caller":"ingress/ingress_handler.go:120","msg":"Error retrieving TTL, defaulting.","commit":"7655d9c","error":"\"knativebrokerttl\" not found"}
{"level":"info","ts":"2019-12-03T21:04:27.212Z","logger":"broker_ingress","caller":"ingress/ingress_handler.go:120","msg":"Error retrieving TTL, defaulting.","commit":"7655d9c","error":"\"knativebrokerttl\" not found"}
{"level":"info","ts":"2019-12-03T21:04:27.212Z","logger":"broker_ingress","caller":"ingress/ingress_handler.go:120","msg":"Error retrieving TTL, defaulting.","commit":"7655d9c","error":"\"knativebrokerttl\" not found"}
{"level":"info","ts":"2019-12-03T21:04:27.213Z","logger":"broker_ingress","caller":"ingress/ingress_handler.go:120","msg":"Error retrieving TTL, defaulting.","commit":"7655d9c","error":"\"knativebrokerttl\" not found"}
{"level":"info","ts":"2019-12-03T21:04:27.213Z","logger":"broker_ingress","caller":"ingress/ingress_handler.go:120","msg":"Error retrieving TTL, defaulting.","commit":"7655d9c","error":"\"knativebrokerttl\" not found"}
{"level":"info","ts":"2019-12-03T21:04:27.213Z","logger":"broker_ingress","caller":"ingress/ingress_handler.go:120","msg":"Error retrieving TTL, defaulting.","commit":"7655d9c","error":"\"knativebrokerttl\" not found"}
{"level":"info","ts":"2019-12-03T21:04:27.213Z","logger":"broker_ingress","caller":"ingress/ingress_handler.go:120","msg":"Error retrieving TTL, defaulting.","commit":"7655d9c","error":"\"knativebrokerttl\" not found"}
{"level":"info","ts":"2019-12-03T21:04:27.214Z","logger":"broker_ingress","caller":"ingress/ingress_handler.go:120","msg":"Error retrieving TTL, defaulting.","commit":"7655d9c","error":"\"knativebrokerttl\" not found"}
{"level":"info","ts":"2019-12-03T21:04:27.214Z","logger":"broker_ingress","caller":"ingress/ingress_handler.go:120","msg":"Error retrieving TTL, defaulting.","commit":"7655d9c","error":"\"knativebrokerttl\" not found"}
{"level":"info","ts":"2019-12-03T21:04:27.214Z","logger":"broker_ingress","caller":"ingress/ingress_handler.go:120","msg":"Error retrieving TTL, defaulting.","commit":"7655d9c","error":"\"knativebrokerttl\" not found"}
{"level":"info","ts":"2019-12-03T21:04:27.214Z","logger":"broker_ingress","caller":"ingress/ingress_handler.go:120","msg":"Error retrieving TTL, defaulting.","commit":"7655d9c","error":"\"knativebrokerttl\" not found"}
{"level":"info","ts":"2019-12-03T21:04:27.236Z","logger":"broker_ingress","caller":"ingress/ingress_handler.go:120","msg":"Error retrieving TTL, defaulting.","commit":"7655d9c","error":"\"knativebrokerttl\" not found"}
{"level":"info","ts":"2019-12-03T21:04:27.236Z","logger":"broker_ingress","caller":"ingress/ingress_handler.go:120","msg":"Error retrieving TTL, defaulting.","commit":"7655d9c","error":"\"knativebrokerttl\" not found"}
{"level":"info","ts":"2019-12-03T21:04:27.237Z","logger":"broker_ingress","caller":"ingress/ingress_handler.go:120","msg":"Error retrieving TTL, defaulting.","commit":"7655d9c","error":"\"knativebrokerttl\" not found"}
{"level":"info","ts":"2019-12-03T21:04:27.237Z","logger":"broker_ingress","caller":"ingress/ingress_handler.go:120","msg":"Error retrieving TTL, defaulting.","commit":"7655d9c","error":"\"knativebrokerttl\" not found"}
{"level":"info","ts":"2019-12-03T21:04:27.237Z","logger":"broker_ingress","caller":"ingress/ingress_handler.go:120","msg":"Error retrieving TTL, defaulting.","commit":"7655d9c","error":"\"knativebrokerttl\" not found"}
{"level":"info","ts":"2019-12-03T21:04:27.237Z","logger":"broker_ingress","caller":"ingress/ingress_handler.go:120","msg":"Error retrieving TTL, defaulting.","commit":"7655d9c","error":"\"knativebrokerttl\" not found"}
{"level":"info","ts":"2019-12-03T21:04:27.237Z","logger":"broker_ingress","caller":"ingress/ingress_handler.go:120","msg":"Error retrieving TTL, defaulting.","commit":"7655d9c","error":"\"knativebrokerttl\" not found"}
{"level":"info","ts":"2019-12-03T21:04:27.238Z","logger":"broker_ingress","caller":"ingress/ingress_handler.go:120","msg":"Error retrieving TTL, defaulting.","commit":"7655d9c","error":"\"knativebrokerttl\" not found"}
{"level":"info","ts":"2019-12-03T21:04:27.238Z","logger":"broker_ingress","caller":"ingress/ingress_handler.go:120","msg":"Error retrieving TTL, defaulting.","commit":"7655d9c","error":"\"knativebrokerttl\" not found"}
{"level":"info","ts":"2019-12-03T21:04:27.238Z","logger":"broker_ingress","caller":"ingress/ingress_handler.go:120","msg":"Error retrieving TTL, defaulting.","commit":"7655d9c","error":"\"knativebrokerttl\" not found"}
{"level":"info","ts":"2019-12-03T21:04:27.238Z","logger":"broker_ingress","caller":"ingress/ingress_handler.go:120","msg":"Error retrieving TTL, defaulting.","commit":"7655d9c","error":"\"knativebrokerttl\" not found"}
{"level":"info","ts":"2019-12-03T21:04:27.239Z","logger":"broker_ingress","caller":"ingress/ingress_handler.go:120","msg":"Error retrieving TTL, defaulting.","commit":"7655d9c","error":"\"knativebrokerttl\" not found"}
{"level":"info","ts":"2019-12-03T21:04:27.239Z","logger":"broker_ingress","caller":"ingress/ingress_handler.go:120","msg":"Error retrieving TTL, defaulting.","commit":"7655d9c","error":"\"knativebrokerttl\" not found"}
{"level":"info","ts":"2019-12-03T21:04:27.239Z","logger":"broker_ingress","caller":"ingress/ingress_handler.go:120","msg":"Error retrieving TTL, defaulting.","commit":"7655d9c","error":"\"knativebrokerttl\" not found"}
{"level":"info","ts":"2019-12-03T21:04:27.239Z","logger":"broker_ingress","caller":"ingress/ingress_handler.go:120","msg":"Error retrieving TTL, defaulting.","commit":"7655d9c","error":"\"knativebrokerttl\" not found"}
{"level":"info","ts":"2019-12-03T21:04:27.239Z","logger":"broker_ingress","caller":"ingress/ingress_handler.go:120","msg":"Error retrieving TTL, defaulting.","commit":"7655d9c","error":"\"knativebrokerttl\" not found"}
{"level":"info","ts":"2019-12-03T21:04:27.240Z","logger":"broker_ingress","caller":"ingress/ingress_handler.go:120","msg":"Error retrieving TTL, defaulting.","commit":"7655d9c","error":"\"knativebrokerttl\" not found"}
{"level":"info","ts":"2019-12-03T21:04:27.240Z","logger":"broker_ingress","caller":"ingress/ingress_handler.go:120","msg":"Error retrieving TTL, defaulting.","commit":"7655d9c","error":"\"knativebrokerttl\" not found"}
{"level":"info","ts":"2019-12-03T21:04:27.240Z","logger":"broker_ingress","caller":"ingress/ingress_handler.go:120","msg":"Error retrieving TTL, defaulting.","commit":"7655d9c","error":"\"knativebrokerttl\" not found"}
{"level":"info","ts":"2019-12-03T21:04:27.240Z","logger":"broker_ingress","caller":"ingress/ingress_handler.go:120","msg":"Error retrieving TTL, defaulting.","commit":"7655d9c","error":"\"knativebrokerttl\" not found"}
{"level":"info","ts":"2019-12-03T21:04:27.240Z","logger":"broker_ingress","caller":"ingress/ingress_handler.go:120","msg":"Error retrieving TTL, defaulting.","commit":"7655d9c","error":"\"knativebrokerttl\" not found"}
{"level":"info","ts":"2019-12-03T21:04:27.241Z","logger":"broker_ingress","caller":"ingress/ingress_handler.go:120","msg":"Error retrieving TTL, defaulting.","commit":"7655d9c","error":"\"knativebrokerttl\" not found"}
{"level":"info","ts":"2019-12-03T21:04:27.243Z","logger":"broker_ingress","caller":"ingress/ingress_handler.go:120","msg":"Error retrieving TTL, defaulting.","commit":"7655d9c","error":"\"knativebrokerttl\" not found"}
{"level":"info","ts":"2019-12-03T21:04:27.244Z","logger":"broker_ingress","caller":"ingress/ingress_handler.go:120","msg":"Error retrieving TTL, defaulting.","commit":"7655d9c","error":"\"knativebrokerttl\" not found"}
{"level":"info","ts":"2019-12-03T21:04:27.255Z","logger":"broker_ingress","caller":"ingress/ingress_handler.go:120","msg":"Error retrieving TTL, defaulting.","commit":"7655d9c","error":"\"knativebrokerttl\" not found"}
{"level":"info","ts":"2019-12-03T21:04:27.256Z","logger":"broker_ingress","caller":"ingress/ingress_handler.go:120","msg":"Error retrieving TTL, defaulting.","commit":"7655d9c","error":"\"knativebrokerttl\" not found"}
{"level":"info","ts":"2019-12-03T21:04:27.256Z","logger":"broker_ingress","caller":"ingress/ingress_handler.go:120","msg":"Error retrieving TTL, defaulting.","commit":"7655d9c","error":"\"knativebrokerttl\" not found"}
{"level":"info","ts":"2019-12-03T21:04:27.257Z","logger":"broker_ingress","caller":"ingress/ingress_handler.go:120","msg":"Error retrieving TTL, defaulting.","commit":"7655d9c","error":"\"knativebrokerttl\" not found"}
{"level":"info","ts":"2019-12-03T21:04:27.257Z","logger":"broker_ingress","caller":"ingress/ingress_handler.go:120","msg":"Error retrieving TTL, defaulting.","commit":"7655d9c","error":"\"knativebrokerttl\" not found"}
{"level":"info","ts":"2019-12-03T21:04:27.257Z","logger":"broker_ingress","caller":"ingress/ingress_handler.go:120","msg":"Error retrieving TTL, defaulting.","commit":"7655d9c","error":"\"knativebrokerttl\" not found"}
{"level":"info","ts":"2019-12-03T21:04:27.258Z","logger":"broker_ingress","caller":"ingress/ingress_handler.go:120","msg":"Error retrieving TTL, defaulting.","commit":"7655d9c","error":"\"knativebrokerttl\" not found"}
{"level":"info","ts":"2019-12-03T21:04:27.258Z","logger":"broker_ingress","caller":"ingress/ingress_handler.go:120","msg":"Error retrieving TTL, defaulting.","commit":"7655d9c","error":"\"knativebrokerttl\" not found"}
{"level":"info","ts":"2019-12-03T21:04:27.259Z","logger":"broker_ingress","caller":"ingress/ingress_handler.go:120","msg":"Error retrieving TTL, defaulting.","commit":"7655d9c","error":"\"knativebrokerttl\" not found"}
{"level":"info","ts":"2019-12-03T21:04:27.259Z","logger":"broker_ingress","caller":"ingress/ingress_handler.go:120","msg":"Error retrieving TTL, defaulting.","commit":"7655d9c","error":"\"knativebrokerttl\" not found"}
{"level":"info","ts":"2019-12-03T21:04:27.259Z","logger":"broker_ingress","caller":"ingress/ingress_handler.go:120","msg":"Error retrieving TTL, defaulting.","commit":"7655d9c","error":"\"knativebrokerttl\" not found"}
{"level":"info","ts":"2019-12-03T21:04:27.259Z","logger":"broker_ingress","caller":"ingress/ingress_handler.go:120","msg":"Error retrieving TTL, defaulting.","commit":"7655d9c","error":"\"knativebrokerttl\" not found"}
{"level":"info","ts":"2019-12-03T21:04:27.259Z","logger":"broker_ingress","caller":"ingress/ingress_handler.go:120","msg":"Error retrieving TTL, defaulting.","commit":"7655d9c","error":"\"knativebrokerttl\" not found"}
{"level":"info","ts":"2019-12-03T21:04:27.259Z","logger":"broker_ingress","caller":"ingress/ingress_handler.go:120","msg":"Error retrieving TTL, defaulting.","commit":"7655d9c","error":"\"knativebrokerttl\" not found"}
{"level":"info","ts":"2019-12-03T21:04:27.260Z","logger":"broker_ingress","caller":"ingress/ingress_handler.go:120","msg":"Error retrieving TTL, defaulting.","commit":"7655d9c","error":"\"knativebrokerttl\" not found"}
{"level":"info","ts":"2019-12-03T21:04:27.260Z","logger":"broker_ingress","caller":"ingress/ingress_handler.go:120","msg":"Error retrieving TTL, defaulting.","commit":"7655d9c","error":"\"knativebrokerttl\" not found"}
{"level":"info","ts":"2019-12-03T21:04:27.264Z","logger":"broker_ingress","caller":"ingress/ingress_handler.go:120","msg":"Error retrieving TTL, defaulting.","commit":"7655d9c","error":"\"knativebrokerttl\" not found"}
{"level":"info","ts":"2019-12-03T21:04:27.275Z","logger":"broker_ingress","caller":"ingress/ingress_handler.go:120","msg":"Error retrieving TTL, defaulting.","commit":"7655d9c","error":"\"knativebrokerttl\" not found"}
{"level":"info","ts":"2019-12-03T21:04:27.275Z","logger":"broker_ingress","caller":"ingress/ingress_handler.go:120","msg":"Error retrieving TTL, defaulting.","commit":"7655d9c","error":"\"knativebrokerttl\" not found"}
{"level":"info","ts":"2019-12-03T21:04:27.275Z","logger":"broker_ingress","caller":"ingress/ingress_handler.go:120","msg":"Error retrieving TTL, defaulting.","commit":"7655d9c","error":"\"knativebrokerttl\" not found"}
{"level":"info","ts":"2019-12-03T21:04:27.275Z","logger":"broker_ingress","caller":"ingress/ingress_handler.go:120","msg":"Error retrieving TTL, defaulting.","commit":"7655d9c","error":"\"knativebrokerttl\" not found"}
{"level":"info","ts":"2019-12-03T21:04:27.276Z","logger":"broker_ingress","caller":"ingress/ingress_handler.go:120","msg":"Error retrieving TTL, defaulting.","commit":"7655d9c","error":"\"knativebrokerttl\" not found"}
{"level":"info","ts":"2019-12-03T21:04:27.276Z","logger":"broker_ingress","caller":"ingress/ingress_handler.go:120","msg":"Error retrieving TTL, defaulting.","commit":"7655d9c","error":"\"knativebrokerttl\" not found"}
{"level":"info","ts":"2019-12-03T21:04:27.276Z","logger":"broker_ingress","caller":"ingress/ingress_handler.go:120","msg":"Error retrieving TTL, defaulting.","commit":"7655d9c","error":"\"knativebrokerttl\" not found"}
{"level":"info","ts":"2019-12-03T21:04:27.277Z","logger":"broker_ingress","caller":"ingress/ingress_handler.go:120","msg":"Error retrieving TTL, defaulting.","commit":"7655d9c","error":"\"knativebrokerttl\" not found"}
{"level":"info","ts":"2019-12-03T21:04:27.277Z","logger":"broker_ingress","caller":"ingress/ingress_handler.go:120","msg":"Error retrieving TTL, defaulting.","commit":"7655d9c","error":"\"knativebrokerttl\" not found"}
{"level":"info","ts":"2019-12-03T21:04:27.277Z","logger":"broker_ingress","caller":"ingress/ingress_handler.go:120","msg":"Error retrieving TTL, defaulting.","commit":"7655d9c","error":"\"knativebrokerttl\" not found"}
{"level":"info","ts":"2019-12-03T21:04:27.277Z","logger":"broker_ingress","caller":"ingress/ingress_handler.go:120","msg":"Error retrieving TTL, defaulting.","commit":"7655d9c","error":"\"knativebrokerttl\" not found"}
{"level":"info","ts":"2019-12-03T21:04:27.278Z","logger":"broker_ingress","caller":"ingress/ingress_handler.go:120","msg":"Error retrieving TTL, defaulting.","commit":"7655d9c","error":"\"knativebrokerttl\" not found"}
{"level":"info","ts":"2019-12-03T21:04:27.278Z","logger":"broker_ingress","caller":"ingress/ingress_handler.go:120","msg":"Error retrieving TTL, defaulting.","commit":"7655d9c","error":"\"knativebrokerttl\" not found"}
{"level":"info","ts":"2019-12-03T21:04:27.278Z","logger":"broker_ingress","caller":"ingress/ingress_handler.go:120","msg":"Error retrieving TTL, defaulting.","commit":"7655d9c","error":"\"knativebrokerttl\" not found"}
{"level":"info","ts":"2019-12-03T21:04:27.279Z","logger":"broker_ingress","caller":"ingress/ingress_handler.go:120","msg":"Error retrieving TTL, defaulting.","commit":"7655d9c","error":"\"knativebrokerttl\" not found"}
{"level":"info","ts":"2019-12-03T21:04:27.279Z","logger":"broker_ingress","caller":"ingress/ingress_handler.go:120","msg":"Error retrieving TTL, defaulting.","commit":"7655d9c","error":"\"knativebrokerttl\" not found"}
{"level":"info","ts":"2019-12-03T21:04:27.279Z","logger":"broker_ingress","caller":"ingress/ingress_handler.go:120","msg":"Error retrieving TTL, defaulting.","commit":"7655d9c","error":"\"knativebrokerttl\" not found"}
{"level":"info","ts":"2019-12-03T21:04:27.279Z","logger":"broker_ingress","caller":"ingress/ingress_handler.go:120","msg":"Error retrieving TTL, defaulting.","commit":"7655d9c","error":"\"knativebrokerttl\" not found"}
{"level":"info","ts":"2019-12-03T21:04:27.282Z","logger":"broker_ingress","caller":"ingress/ingress_handler.go:120","msg":"Error retrieving TTL, defaulting.","commit":"7655d9c","error":"\"knativebrokerttl\" not found"}
{"level":"info","ts":"2019-12-03T21:04:27.282Z","logger":"broker_ingress","caller":"ingress/ingress_handler.go:120","msg":"Error retrieving TTL, defaulting.","commit":"7655d9c","error":"\"knativebrokerttl\" not found"}
{"level":"info","ts":"2019-12-03T21:04:27.283Z","logger":"broker_ingress","caller":"ingress/ingress_handler.go:120","msg":"Error retrieving TTL, defaulting.","commit":"7655d9c","error":"\"knativebrokerttl\" not found"}
{"level":"info","ts":"2019-12-03T21:04:27.283Z","logger":"broker_ingress","caller":"ingress/ingress_handler.go:120","msg":"Error retrieving TTL, defaulting.","commit":"7655d9c","error":"\"knativebrokerttl\" not found"}
{"level":"info","ts":"2019-12-03T21:04:27.283Z","logger":"broker_ingress","caller":"ingress/ingress_handler.go:120","msg":"Error retrieving TTL, defaulting.","commit":"7655d9c","error":"\"knativebrokerttl\" not found"}
{"level":"info","ts":"2019-12-03T21:04:27.298Z","logger":"broker_ingress","caller":"ingress/ingress_handler.go:120","msg":"Error retrieving TTL, defaulting.","commit":"7655d9c","error":"\"knativebrokerttl\" not found"}
{"level":"info","ts":"2019-12-03T21:04:27.298Z","logger":"broker_ingress","caller":"ingress/ingress_handler.go:120","msg":"Error retrieving TTL, defaulting.","commit":"7655d9c","error":"\"knativebrokerttl\" not found"}
{"level":"info","ts":"2019-12-03T21:04:27.298Z","logger":"broker_ingress","caller":"ingress/ingress_handler.go:120","msg":"Error retrieving TTL, defaulting.","commit":"7655d9c","error":"\"knativebrokerttl\" not found"}
{"level":"info","ts":"2019-12-03T21:04:27.300Z","logger":"broker_ingress","caller":"ingress/ingress_handler.go:120","msg":"Error retrieving TTL, defaulting.","commit":"7655d9c","error":"\"knativebrokerttl\" not found"}
{"level":"info","ts":"2019-12-03T21:04:27.304Z","logger":"broker_ingress","caller":"ingress/ingress_handler.go:120","msg":"Error retrieving TTL, defaulting.","commit":"7655d9c","error":"\"knativebrokerttl\" not found"}
{"level":"info","ts":"2019-12-03T21:04:27.304Z","logger":"broker_ingress","caller":"ingress/ingress_handler.go:120","msg":"Error retrieving TTL, defaulting.","commit":"7655d9c","error":"\"knativebrokerttl\" not found"}
{"level":"info","ts":"2019-12-03T21:04:27.305Z","logger":"broker_ingress","caller":"ingress/ingress_handler.go:120","msg":"Error retrieving TTL, defaulting.","commit":"7655d9c","error":"\"knativebrokerttl\" not found"}
{"level":"info","ts":"2019-12-03T21:04:27.305Z","logger":"broker_ingress","caller":"ingress/ingress_handler.go:120","msg":"Error retrieving TTL, defaulting.","commit":"7655d9c","error":"\"knativebrokerttl\" not found"}
{"level":"info","ts":"2019-12-03T21:04:27.305Z","logger":"broker_ingress","caller":"ingress/ingress_handler.go:120","msg":"Error retrieving TTL, defaulting.","commit":"7655d9c","error":"\"knativebrokerttl\" not found"}
{"level":"info","ts":"2019-12-03T21:04:27.305Z","logger":"broker_ingress","caller":"ingress/ingress_handler.go:120","msg":"Error retrieving TTL, defaulting.","commit":"7655d9c","error":"\"knativebrokerttl\" not found"}
{"level":"info","ts":"2019-12-03T21:04:27.305Z","logger":"broker_ingress","caller":"ingress/ingress_handler.go:120","msg":"Error retrieving TTL, defaulting.","commit":"7655d9c","error":"\"knativebrokerttl\" not found"}
{"level":"info","ts":"2019-12-03T21:04:27.299Z","logger":"broker_ingress","caller":"ingress/ingress_handler.go:120","msg":"Error retrieving TTL, defaulting.","commit":"7655d9c","error":"\"knativebrokerttl\" not found"}
{"level":"info","ts":"2019-12-03T21:04:27.310Z","logger":"broker_ingress","caller":"ingress/ingress_handler.go:120","msg":"Error retrieving TTL, defaulting.","commit":"7655d9c","error":"\"knativebrokerttl\" not found"}
{"level":"info","ts":"2019-12-03T21:04:27.311Z","logger":"broker_ingress","caller":"ingress/ingress_handler.go:120","msg":"Error retrieving TTL, defaulting.","commit":"7655d9c","error":"\"knativebrokerttl\" not found"}
{"level":"info","ts":"2019-12-03T21:04:27.311Z","logger":"broker_ingress","caller":"ingress/ingress_handler.go:120","msg":"Error retrieving TTL, defaulting.","commit":"7655d9c","error":"\"knativebrokerttl\" not found"}
{"level":"info","ts":"2019-12-03T21:04:27.311Z","logger":"broker_ingress","caller":"ingress/ingress_handler.go:120","msg":"Error retrieving TTL, defaulting.","commit":"7655d9c","error":"\"knativebrokerttl\" not found"}
{"level":"info","ts":"2019-12-03T21:04:27.311Z","logger":"broker_ingress","caller":"ingress/ingress_handler.go:120","msg":"Error retrieving TTL, defaulting.","commit":"7655d9c","error":"\"knativebrokerttl\" not found"}
{"level":"info","ts":"2019-12-03T21:04:27.311Z","logger":"broker_ingress","caller":"ingress/ingress_handler.go:120","msg":"Error retrieving TTL, defaulting.","commit":"7655d9c","error":"\"knativebrokerttl\" not found"}
{"level":"info","ts":"2019-12-03T21:04:27.311Z","logger":"broker_ingress","caller":"ingress/ingress_handler.go:120","msg":"Error retrieving TTL, defaulting.","commit":"7655d9c","error":"\"knativebrokerttl\" not found"}
{"level":"info","ts":"2019-12-03T21:04:27.311Z","logger":"broker_ingress","caller":"ingress/ingress_handler.go:120","msg":"Error retrieving TTL, defaulting.","commit":"7655d9c","error":"\"knativebrokerttl\" not found"}
{"level":"info","ts":"2019-12-03T21:04:27.312Z","logger":"broker_ingress","caller":"ingress/ingress_handler.go:120","msg":"Error retrieving TTL, defaulting.","commit":"7655d9c","error":"\"knativebrokerttl\" not found"}
{"level":"info","ts":"2019-12-03T21:04:27.312Z","logger":"broker_ingress","caller":"ingress/ingress_handler.go:120","msg":"Error retrieving TTL, defaulting.","commit":"7655d9c","error":"\"knativebrokerttl\" not found"}
{"level":"info","ts":"2019-12-03T21:04:27.312Z","logger":"broker_ingress","caller":"ingress/ingress_handler.go:120","msg":"Error retrieving TTL, defaulting.","commit":"7655d9c","error":"\"knativebrokerttl\" not found"}
{"level":"info","ts":"2019-12-03T21:04:27.313Z","logger":"broker_ingress","caller":"ingress/ingress_handler.go:120","msg":"Error retrieving TTL, defaulting.","commit":"7655d9c","error":"\"knativebrokerttl\" not found"}
{"level":"info","ts":"2019-12-03T21:04:27.313Z","logger":"broker_ingress","caller":"ingress/ingress_handler.go:120","msg":"Error retrieving TTL, defaulting.","commit":"7655d9c","error":"\"knativebrokerttl\" not found"}
{"level":"info","ts":"2019-12-03T21:04:27.313Z","logger":"broker_ingress","caller":"ingress/ingress_handler.go:120","msg":"Error retrieving TTL, defaulting.","commit":"7655d9c","error":"\"knativebrokerttl\" not found"}
{"level":"info","ts":"2019-12-03T21:04:27.313Z","logger":"broker_ingress","caller":"ingress/ingress_handler.go:120","msg":"Error retrieving TTL, defaulting.","commit":"7655d9c","error":"\"knativebrokerttl\" not found"}
{"level":"info","ts":"2019-12-03T21:04:27.314Z","logger":"broker_ingress","caller":"ingress/ingress_handler.go:120","msg":"Error retrieving TTL, defaulting.","commit":"7655d9c","error":"\"knativebrokerttl\" not found"}
{"level":"info","ts":"2019-12-03T21:04:27.317Z","logger":"broker_ingress","caller":"ingress/ingress_handler.go:120","msg":"Error retrieving TTL, defaulting.","commit":"7655d9c","error":"\"knativebrokerttl\" not found"}
{"level":"info","ts":"2019-12-03T21:04:27.318Z","logger":"broker_ingress","caller":"ingress/ingress_handler.go:120","msg":"Error retrieving TTL, defaulting.","commit":"7655d9c","error":"\"knativebrokerttl\" not found"}
{"level":"info","ts":"2019-12-03T21:04:27.318Z","logger":"broker_ingress","caller":"ingress/ingress_handler.go:120","msg":"Error retrieving TTL, defaulting.","commit":"7655d9c","error":"\"knativebrokerttl\" not found"}
{"level":"info","ts":"2019-12-03T21:04:27.319Z","logger":"broker_ingress","caller":"ingress/ingress_handler.go:120","msg":"Error retrieving TTL, defaulting.","commit":"7655d9c","error":"\"knativebrokerttl\" not found"}
{"level":"info","ts":"2019-12-03T21:04:27.319Z","logger":"broker_ingress","caller":"ingress/ingress_handler.go:120","msg":"Error retrieving TTL, defaulting.","commit":"7655d9c","error":"\"knativebrokerttl\" not found"}
{"level":"info","ts":"2019-12-03T21:04:27.319Z","logger":"broker_ingress","caller":"ingress/ingress_handler.go:120","msg":"Error retrieving TTL, defaulting.","commit":"7655d9c","error":"\"knativebrokerttl\" not found"}
{"level":"info","ts":"2019-12-03T21:04:27.319Z","logger":"broker_ingress","caller":"ingress/ingress_handler.go:120","msg":"Error retrieving TTL, defaulting.","commit":"7655d9c","error":"\"knativebrokerttl\" not found"}
{"level":"info","ts":"2019-12-03T21:04:27.319Z","logger":"broker_ingress","caller":"ingress/ingress_handler.go:120","msg":"Error retrieving TTL, defaulting.","commit":"7655d9c","error":"\"knativebrokerttl\" not found"}
{"level":"info","ts":"2019-12-03T21:04:27.319Z","logger":"broker_ingress","caller":"ingress/ingress_handler.go:120","msg":"Error retrieving TTL, defaulting.","commit":"7655d9c","error":"\"knativebrokerttl\" not found"}
{"level":"info","ts":"2019-12-03T21:04:27.319Z","logger":"broker_ingress","caller":"ingress/ingress_handler.go:120","msg":"Error retrieving TTL, defaulting.","commit":"7655d9c","error":"\"knativebrokerttl\" not found"}
{"level":"info","ts":"2019-12-03T21:04:27.319Z","logger":"broker_ingress","caller":"ingress/ingress_handler.go:120","msg":"Error retrieving TTL, defaulting.","commit":"7655d9c","error":"\"knativebrokerttl\" not found"}
{"level":"info","ts":"2019-12-03T21:04:27.319Z","logger":"broker_ingress","caller":"ingress/ingress_handler.go:120","msg":"Error retrieving TTL, defaulting.","commit":"7655d9c","error":"\"knativebrokerttl\" not found"}
{"level":"info","ts":"2019-12-03T21:04:27.319Z","logger":"broker_ingress","caller":"ingress/ingress_handler.go:120","msg":"Error retrieving TTL, defaulting.","commit":"7655d9c","error":"\"knativebrokerttl\" not found"}
{"level":"info","ts":"2019-12-03T21:04:27.320Z","logger":"broker_ingress","caller":"ingress/ingress_handler.go:120","msg":"Error retrieving TTL, defaulting.","commit":"7655d9c","error":"\"knativebrokerttl\" not found"}
{"level":"info","ts":"2019-12-03T21:04:27.320Z","logger":"broker_ingress","caller":"ingress/ingress_handler.go:120","msg":"Error retrieving TTL, defaulting.","commit":"7655d9c","error":"\"knativebrokerttl\" not found"}
{"level":"info","ts":"2019-12-03T21:04:27.320Z","logger":"broker_ingress","caller":"ingress/ingress_handler.go:120","msg":"Error retrieving TTL, defaulting.","commit":"7655d9c","error":"\"knativebrokerttl\" not found"}
{"level":"info","ts":"2019-12-03T21:04:27.320Z","logger":"broker_ingress","caller":"ingress/ingress_handler.go:120","msg":"Error retrieving TTL, defaulting.","commit":"7655d9c","error":"\"knativebrokerttl\" not found"}
{"level":"info","ts":"2019-12-03T21:04:27.320Z","logger":"broker_ingress","caller":"ingress/ingress_handler.go:120","msg":"Error retrieving TTL, defaulting.","commit":"7655d9c","error":"\"knativebrokerttl\" not found"}
{"level":"info","ts":"2019-12-03T21:04:27.320Z","logger":"broker_ingress","caller":"ingress/ingress_handler.go:120","msg":"Error retrieving TTL, defaulting.","commit":"7655d9c","error":"\"knativebrokerttl\" not found"}
{"level":"info","ts":"2019-12-03T21:04:27.321Z","logger":"broker_ingress","caller":"ingress/ingress_handler.go:120","msg":"Error retrieving TTL, defaulting.","commit":"7655d9c","error":"\"knativebrokerttl\" not found"}
{"level":"info","ts":"2019-12-03T21:04:27.322Z","logger":"broker_ingress","caller":"ingress/ingress_handler.go:120","msg":"Error retrieving TTL, defaulting.","commit":"7655d9c","error":"\"knativebrokerttl\" not found"}
{"level":"info","ts":"2019-12-03T21:04:27.323Z","logger":"broker_ingress","caller":"ingress/ingress_handler.go:120","msg":"Error retrieving TTL, defaulting.","commit":"7655d9c","error":"\"knativebrokerttl\" not found"}
{"level":"info","ts":"2019-12-03T21:04:27.342Z","logger":"broker_ingress","caller":"ingress/ingress_handler.go:120","msg":"Error retrieving TTL, defaulting.","commit":"7655d9c","error":"\"knativebrokerttl\" not found"}
{"level":"info","ts":"2019-12-03T21:04:27.348Z","logger":"broker_ingress","caller":"ingress/ingress_handler.go:120","msg":"Error retrieving TTL, defaulting.","commit":"7655d9c","error":"\"knativebrokerttl\" not found"}
{"level":"info","ts":"2019-12-03T21:04:27.348Z","logger":"broker_ingress","caller":"ingress/ingress_handler.go:120","msg":"Error retrieving TTL, defaulting.","commit":"7655d9c","error":"\"knativebrokerttl\" not found"}
{"level":"info","ts":"2019-12-03T21:04:27.348Z","logger":"broker_ingress","caller":"ingress/ingress_handler.go:120","msg":"Error retrieving TTL, defaulting.","commit":"7655d9c","error":"\"knativebrokerttl\" not found"}
{"level":"info","ts":"2019-12-03T21:04:27.348Z","logger":"broker_ingress","caller":"ingress/ingress_handler.go:120","msg":"Error retrieving TTL, defaulting.","commit":"7655d9c","error":"\"knativebrokerttl\" not found"}
{"level":"info","ts":"2019-12-03T21:04:27.352Z","logger":"broker_ingress","caller":"ingress/ingress_handler.go:120","msg":"Error retrieving TTL, defaulting.","commit":"7655d9c","error":"\"knativebrokerttl\" not found"}
{"level":"info","ts":"2019-12-03T21:04:27.357Z","logger":"broker_ingress","caller":"ingress/ingress_handler.go:120","msg":"Error retrieving TTL, defaulting.","commit":"7655d9c","error":"\"knativebrokerttl\" not found"}
{"level":"info","ts":"2019-12-03T21:04:27.358Z","logger":"broker_ingress","caller":"ingress/ingress_handler.go:120","msg":"Error retrieving TTL, defaulting.","commit":"7655d9c","error":"\"knativebrokerttl\" not found"}
{"level":"info","ts":"2019-12-03T21:04:27.367Z","logger":"broker_ingress","caller":"ingress/ingress_handler.go:120","msg":"Error retrieving TTL, defaulting.","commit":"7655d9c","error":"\"knativebrokerttl\" not found"}
{"level":"info","ts":"2019-12-03T21:04:27.369Z","logger":"broker_ingress","caller":"ingress/ingress_handler.go:120","msg":"Error retrieving TTL, defaulting.","commit":"7655d9c","error":"\"knativebrokerttl\" not found"}
{"level":"info","ts":"2019-12-03T21:04:27.372Z","logger":"broker_ingress","caller":"ingress/ingress_handler.go:120","msg":"Error retrieving TTL, defaulting.","commit":"7655d9c","error":"\"knativebrokerttl\" not found"}
{"level":"info","ts":"2019-12-03T21:04:27.373Z","logger":"broker_ingress","caller":"ingress/ingress_handler.go:120","msg":"Error retrieving TTL, defaulting.","commit":"7655d9c","error":"\"knativebrokerttl\" not found"}
{"level":"info","ts":"2019-12-03T21:04:27.374Z","logger":"broker_ingress","caller":"ingress/ingress_handler.go:120","msg":"Error retrieving TTL, defaulting.","commit":"7655d9c","error":"\"knativebrokerttl\" not found"}
{"level":"info","ts":"2019-12-03T21:04:27.374Z","logger":"broker_ingress","caller":"ingress/ingress_handler.go:120","msg":"Error retrieving TTL, defaulting.","commit":"7655d9c","error":"\"knativebrokerttl\" not found"}
{"level":"info","ts":"2019-12-03T21:04:27.375Z","logger":"broker_ingress","caller":"ingress/ingress_handler.go:120","msg":"Error retrieving TTL, defaulting.","commit":"7655d9c","error":"\"knativebrokerttl\" not found"}
{"level":"info","ts":"2019-12-03T21:04:27.381Z","logger":"broker_ingress","caller":"ingress/ingress_handler.go:120","msg":"Error retrieving TTL, defaulting.","commit":"7655d9c","error":"\"knativebrokerttl\" not found"}
{"level":"info","ts":"2019-12-03T21:04:27.382Z","logger":"broker_ingress","caller":"ingress/ingress_handler.go:120","msg":"Error retrieving TTL, defaulting.","commit":"7655d9c","error":"\"knativebrokerttl\" not found"}
{"level":"info","ts":"2019-12-03T21:04:27.383Z","logger":"broker_ingress","caller":"ingress/ingress_handler.go:120","msg":"Error retrieving TTL, defaulting.","commit":"7655d9c","error":"\"knativebrokerttl\" not found"}
{"level":"info","ts":"2019-12-03T21:04:27.387Z","logger":"broker_ingress","caller":"ingress/ingress_handler.go:120","msg":"Error retrieving TTL, defaulting.","commit":"7655d9c","error":"\"knativebrokerttl\" not found"}
{"level":"info","ts":"2019-12-03T21:04:27.388Z","logger":"broker_ingress","caller":"ingress/ingress_handler.go:120","msg":"Error retrieving TTL, defaulting.","commit":"7655d9c","error":"\"knativebrokerttl\" not found"}
{"level":"info","ts":"2019-12-03T21:04:27.392Z","logger":"broker_ingress","caller":"ingress/ingress_handler.go:120","msg":"Error retrieving TTL, defaulting.","commit":"7655d9c","error":"\"knativebrokerttl\" not found"}
{"level":"info","ts":"2019-12-03T21:04:27.397Z","logger":"broker_ingress","caller":"ingress/ingress_handler.go:120","msg":"Error retrieving TTL, defaulting.","commit":"7655d9c","error":"\"knativebrokerttl\" not found"}
{"level":"info","ts":"2019-12-03T21:04:27.398Z","logger":"broker_ingress","caller":"ingress/ingress_handler.go:120","msg":"Error retrieving TTL, defaulting.","commit":"7655d9c","error":"\"knativebrokerttl\" not found"}
{"level":"info","ts":"2019-12-03T21:04:27.398Z","logger":"broker_ingress","caller":"ingress/ingress_handler.go:120","msg":"Error retrieving TTL, defaulting.","commit":"7655d9c","error":"\"knativebrokerttl\" not found"}
{"level":"info","ts":"2019-12-03T21:04:27.418Z","logger":"broker_ingress","caller":"ingress/ingress_handler.go:120","msg":"Error retrieving TTL, defaulting.","commit":"7655d9c","error":"\"knativebrokerttl\" not found"}
{"level":"info","ts":"2019-12-03T21:04:27.420Z","logger":"broker_ingress","caller":"ingress/ingress_handler.go:120","msg":"Error retrieving TTL, defaulting.","commit":"7655d9c","error":"\"knativebrokerttl\" not found"}
{"level":"info","ts":"2019-12-03T21:04:27.421Z","logger":"broker_ingress","caller":"ingress/ingress_handler.go:120","msg":"Error retrieving TTL, defaulting.","commit":"7655d9c","error":"\"knativebrokerttl\" not found"}
{"level":"info","ts":"2019-12-03T21:04:27.422Z","logger":"broker_ingress","caller":"ingress/ingress_handler.go:120","msg":"Error retrieving TTL, defaulting.","commit":"7655d9c","error":"\"knativebrokerttl\" not found"}
{"level":"info","ts":"2019-12-03T21:04:27.436Z","logger":"broker_ingress","caller":"ingress/ingress_handler.go:120","msg":"Error retrieving TTL, defaulting.","commit":"7655d9c","error":"\"knativebrokerttl\" not found"}
{"level":"info","ts":"2019-12-03T21:04:27.436Z","logger":"broker_ingress","caller":"ingress/ingress_handler.go:120","msg":"Error retrieving TTL, defaulting.","commit":"7655d9c","error":"\"knativebrokerttl\" not found"}
{"level":"info","ts":"2019-12-03T21:04:27.437Z","logger":"broker_ingress","caller":"ingress/ingress_handler.go:120","msg":"Error retrieving TTL, defaulting.","commit":"7655d9c","error":"\"knativebrokerttl\" not found"}
{"level":"info","ts":"2019-12-03T21:04:27.455Z","logger":"broker_ingress","caller":"ingress/ingress_handler.go:120","msg":"Error retrieving TTL, defaulting.","commit":"7655d9c","error":"\"knativebrokerttl\" not found"}
{"level":"info","ts":"2019-12-03T21:04:27.455Z","logger":"broker_ingress","caller":"ingress/ingress_handler.go:120","msg":"Error retrieving TTL, defaulting.","commit":"7655d9c","error":"\"knativebrokerttl\" not found"}
{"level":"info","ts":"2019-12-03T21:04:27.456Z","logger":"broker_ingress","caller":"ingress/ingress_handler.go:120","msg":"Error retrieving TTL, defaulting.","commit":"7655d9c","error":"\"knativebrokerttl\" not found"}
{"level":"info","ts":"2019-12-03T21:04:27.463Z","logger":"broker_ingress","caller":"ingress/ingress_handler.go:120","msg":"Error retrieving TTL, defaulting.","commit":"7655d9c","error":"\"knativebrokerttl\" not found"}
{"level":"info","ts":"2019-12-03T21:04:27.464Z","logger":"broker_ingress","caller":"ingress/ingress_handler.go:120","msg":"Error retrieving TTL, defaulting.","commit":"7655d9c","error":"\"knativebrokerttl\" not found"}
{"level":"info","ts":"2019-12-03T21:04:27.467Z","logger":"broker_ingress","caller":"ingress/ingress_handler.go:120","msg":"Error retrieving TTL, defaulting.","commit":"7655d9c","error":"\"knativebrokerttl\" not found"}
{"level":"info","ts":"2019-12-03T21:04:27.468Z","logger":"broker_ingress","caller":"ingress/ingress_handler.go:120","msg":"Error retrieving TTL, defaulting.","commit":"7655d9c","error":"\"knativebrokerttl\" not found"}
{"level":"info","ts":"2019-12-03T21:04:27.469Z","logger":"broker_ingress","caller":"ingress/ingress_handler.go:120","msg":"Error retrieving TTL, defaulting.","commit":"7655d9c","error":"\"knativebrokerttl\" not found"}
{"level":"info","ts":"2019-12-03T21:04:27.469Z","logger":"broker_ingress","caller":"ingress/ingress_handler.go:120","msg":"Error retrieving TTL, defaulting.","commit":"7655d9c","error":"\"knativebrokerttl\" not found"}
{"level":"info","ts":"2019-12-03T21:04:27.492Z","logger":"broker_ingress","caller":"ingress/ingress_handler.go:120","msg":"Error retrieving TTL, defaulting.","commit":"7655d9c","error":"\"knativebrokerttl\" not found"}
{"level":"info","ts":"2019-12-03T21:04:27.492Z","logger":"broker_ingress","caller":"ingress/ingress_handler.go:120","msg":"Error retrieving TTL, defaulting.","commit":"7655d9c","error":"\"knativebrokerttl\" not found"}
{"level":"info","ts":"2019-12-03T21:04:27.470Z","logger":"broker_ingress","caller":"ingress/ingress_handler.go:120","msg":"Error retrieving TTL, defaulting.","commit":"7655d9c","error":"\"knativebrokerttl\" not found"}
{"level":"info","ts":"2019-12-03T21:04:27.507Z","logger":"broker_ingress","caller":"ingress/ingress_handler.go:120","msg":"Error retrieving TTL, defaulting.","commit":"7655d9c","error":"\"knativebrokerttl\" not found"}
{"level":"info","ts":"2019-12-03T21:04:27.508Z","logger":"broker_ingress","caller":"ingress/ingress_handler.go:120","msg":"Error retrieving TTL, defaulting.","commit":"7655d9c","error":"\"knativebrokerttl\" not found"}
{"level":"info","ts":"2019-12-03T21:04:27.509Z","logger":"broker_ingress","caller":"ingress/ingress_handler.go:120","msg":"Error retrieving TTL, defaulting.","commit":"7655d9c","error":"\"knativebrokerttl\" not found"}
{"level":"info","ts":"2019-12-03T21:04:27.514Z","logger":"broker_ingress","caller":"ingress/ingress_handler.go:120","msg":"Error retrieving TTL, defaulting.","commit":"7655d9c","error":"\"knativebrokerttl\" not found"}
{"level":"info","ts":"2019-12-03T21:04:27.515Z","logger":"broker_ingress","caller":"ingress/ingress_handler.go:120","msg":"Error retrieving TTL, defaulting.","commit":"7655d9c","error":"\"knativebrokerttl\" not found"}
{"level":"info","ts":"2019-12-03T21:04:27.516Z","logger":"broker_ingress","caller":"ingress/ingress_handler.go:120","msg":"Error retrieving TTL, defaulting.","commit":"7655d9c","error":"\"knativebrokerttl\" not found"}
{"level":"info","ts":"2019-12-03T21:04:27.517Z","logger":"broker_ingress","caller":"ingress/ingress_handler.go:120","msg":"Error retrieving TTL, defaulting.","commit":"7655d9c","error":"\"knativebrokerttl\" not found"}
{"level":"info","ts":"2019-12-03T21:04:27.518Z","logger":"broker_ingress","caller":"ingress/ingress_handler.go:120","msg":"Error retrieving TTL, defaulting.","commit":"7655d9c","error":"\"knativebrokerttl\" not found"}
{"level":"info","ts":"2019-12-03T21:04:27.518Z","logger":"broker_ingress","caller":"ingress/ingress_handler.go:120","msg":"Error retrieving TTL, defaulting.","commit":"7655d9c","error":"\"knativebrokerttl\" not found"}
{"level":"info","ts":"2019-12-03T21:04:27.524Z","logger":"broker_ingress","caller":"ingress/ingress_handler.go:120","msg":"Error retrieving TTL, defaulting.","commit":"7655d9c","error":"\"knativebrokerttl\" not found"}
{"level":"info","ts":"2019-12-03T21:04:27.524Z","logger":"broker_ingress","caller":"ingress/ingress_handler.go:120","msg":"Error retrieving TTL, defaulting.","commit":"7655d9c","error":"\"knativebrokerttl\" not found"}
{"level":"info","ts":"2019-12-03T21:04:27.525Z","logger":"broker_ingress","caller":"ingress/ingress_handler.go:120","msg":"Error retrieving TTL, defaulting.","commit":"7655d9c","error":"\"knativebrokerttl\" not found"}
{"level":"info","ts":"2019-12-03T21:04:27.525Z","logger":"broker_ingress","caller":"ingress/ingress_handler.go:120","msg":"Error retrieving TTL, defaulting.","commit":"7655d9c","error":"\"knativebrokerttl\" not found"}
{"level":"info","ts":"2019-12-03T21:04:27.526Z","logger":"broker_ingress","caller":"ingress/ingress_handler.go:120","msg":"Error retrieving TTL, defaulting.","commit":"7655d9c","error":"\"knativebrokerttl\" not found"}
{"level":"info","ts":"2019-12-03T21:04:27.526Z","logger":"broker_ingress","caller":"ingress/ingress_handler.go:120","msg":"Error retrieving TTL, defaulting.","commit":"7655d9c","error":"\"knativebrokerttl\" not found"}
{"level":"info","ts":"2019-12-03T21:04:27.527Z","logger":"broker_ingress","caller":"ingress/ingress_handler.go:120","msg":"Error retrieving TTL, defaulting.","commit":"7655d9c","error":"\"knativebrokerttl\" not found"}
{"level":"info","ts":"2019-12-03T21:04:27.527Z","logger":"broker_ingress","caller":"ingress/ingress_handler.go:120","msg":"Error retrieving TTL, defaulting.","commit":"7655d9c","error":"\"knativebrokerttl\" not found"}
{"level":"info","ts":"2019-12-03T21:04:27.528Z","logger":"broker_ingress","caller":"ingress/ingress_handler.go:120","msg":"Error retrieving TTL, defaulting.","commit":"7655d9c","error":"\"knativebrokerttl\" not found"}
{"level":"info","ts":"2019-12-03T21:04:27.528Z","logger":"broker_ingress","caller":"ingress/ingress_handler.go:120","msg":"Error retrieving TTL, defaulting.","commit":"7655d9c","error":"\"knativebrokerttl\" not found"}
{"level":"info","ts":"2019-12-03T21:04:27.529Z","logger":"broker_ingress","caller":"ingress/ingress_handler.go:120","msg":"Error retrieving TTL, defaulting.","commit":"7655d9c","error":"\"knativebrokerttl\" not found"}
{"level":"info","ts":"2019-12-03T21:04:27.558Z","logger":"broker_ingress","caller":"ingress/ingress_handler.go:120","msg":"Error retrieving TTL, defaulting.","commit":"7655d9c","error":"\"knativebrokerttl\" not found"}
{"level":"info","ts":"2019-12-03T21:04:27.567Z","logger":"broker_ingress","caller":"ingress/ingress_handler.go:120","msg":"Error retrieving TTL, defaulting.","commit":"7655d9c","error":"\"knativebrokerttl\" not found"}
{"level":"info","ts":"2019-12-03T21:04:27.586Z","logger":"broker_ingress","caller":"ingress/ingress_handler.go:120","msg":"Error retrieving TTL, defaulting.","commit":"7655d9c","error":"\"knativebrokerttl\" not found"}
{"level":"info","ts":"2019-12-03T21:04:27.596Z","logger":"broker_ingress","caller":"ingress/ingress_handler.go:120","msg":"Error retrieving TTL, defaulting.","commit":"7655d9c","error":"\"knativebrokerttl\" not found"}
{"level":"info","ts":"2019-12-03T21:04:27.612Z","logger":"broker_ingress","caller":"ingress/ingress_handler.go:120","msg":"Error retrieving TTL, defaulting.","commit":"7655d9c","error":"\"knativebrokerttl\" not found"}
{"level":"info","ts":"2019-12-03T21:04:27.613Z","logger":"broker_ingress","caller":"ingress/ingress_handler.go:120","msg":"Error retrieving TTL, defaulting.","commit":"7655d9c","error":"\"knativebrokerttl\" not found"}
{"level":"info","ts":"2019-12-03T21:04:27.614Z","logger":"broker_ingress","caller":"ingress/ingress_handler.go:120","msg":"Error retrieving TTL, defaulting.","commit":"7655d9c","error":"\"knativebrokerttl\" not found"}
{"level":"info","ts":"2019-12-03T21:04:27.617Z","logger":"broker_ingress","caller":"ingress/ingress_handler.go:120","msg":"Error retrieving TTL, defaulting.","commit":"7655d9c","error":"\"knativebrokerttl\" not found"}
{"level":"info","ts":"2019-12-03T21:04:27.622Z","logger":"broker_ingress","caller":"ingress/ingress_handler.go:120","msg":"Error retrieving TTL, defaulting.","commit":"7655d9c","error":"\"knativebrokerttl\" not found"}
{"level":"info","ts":"2019-12-03T21:04:27.646Z","logger":"broker_ingress","caller":"ingress/ingress_handler.go:120","msg":"Error retrieving TTL, defaulting.","commit":"7655d9c","error":"\"knativebrokerttl\" not found"}
{"level":"info","ts":"2019-12-03T21:04:27.650Z","logger":"broker_ingress","caller":"ingress/ingress_handler.go:120","msg":"Error retrieving TTL, defaulting.","commit":"7655d9c","error":"\"knativebrokerttl\" not found"}
{"level":"info","ts":"2019-12-03T21:04:27.653Z","logger":"broker_ingress","caller":"ingress/ingress_handler.go:120","msg":"Error retrieving TTL, defaulting.","commit":"7655d9c","error":"\"knativebrokerttl\" not found"}
{"level":"info","ts":"2019-12-03T21:04:27.658Z","logger":"broker_ingress","caller":"ingress/ingress_handler.go:120","msg":"Error retrieving TTL, defaulting.","commit":"7655d9c","error":"\"knativebrokerttl\" not found"}
{"level":"info","ts":"2019-12-03T21:04:27.668Z","logger":"broker_ingress","caller":"ingress/ingress_handler.go:120","msg":"Error retrieving TTL, defaulting.","commit":"7655d9c","error":"\"knativebrokerttl\" not found"}
{"level":"info","ts":"2019-12-03T21:04:27.674Z","logger":"broker_ingress","caller":"ingress/ingress_handler.go:120","msg":"Error retrieving TTL, defaulting.","commit":"7655d9c","error":"\"knativebrokerttl\" not found"}
{"level":"info","ts":"2019-12-03T21:04:27.683Z","logger":"broker_ingress","caller":"ingress/ingress_handler.go:120","msg":"Error retrieving TTL, defaulting.","commit":"7655d9c","error":"\"knativebrokerttl\" not found"}
{"level":"info","ts":"2019-12-03T21:04:27.712Z","logger":"broker_ingress","caller":"ingress/ingress_handler.go:120","msg":"Error retrieving TTL, defaulting.","commit":"7655d9c","error":"\"knativebrokerttl\" not found"}
{"level":"info","ts":"2019-12-03T21:04:27.693Z","logger":"broker_ingress","caller":"ingress/ingress_handler.go:120","msg":"Error retrieving TTL, defaulting.","commit":"7655d9c","error":"\"knativebrokerttl\" not found"}
{"level":"info","ts":"2019-12-03T21:04:27.718Z","logger":"broker_ingress","caller":"ingress/ingress_handler.go:120","msg":"Error retrieving TTL, defaulting.","commit":"7655d9c","error":"\"knativebrokerttl\" not found"}
{"level":"info","ts":"2019-12-03T21:04:27.718Z","logger":"broker_ingress","caller":"ingress/ingress_handler.go:120","msg":"Error retrieving TTL, defaulting.","commit":"7655d9c","error":"\"knativebrokerttl\" not found"}
{"level":"info","ts":"2019-12-03T21:04:27.719Z","logger":"broker_ingress","caller":"ingress/ingress_handler.go:120","msg":"Error retrieving TTL, defaulting.","commit":"7655d9c","error":"\"knativebrokerttl\" not found"}
{"level":"info","ts":"2019-12-03T21:04:27.720Z","logger":"broker_ingress","caller":"ingress/ingress_handler.go:120","msg":"Error retrieving TTL, defaulting.","commit":"7655d9c","error":"\"knativebrokerttl\" not found"}
{"level":"info","ts":"2019-12-03T21:04:27.721Z","logger":"broker_ingress","caller":"ingress/ingress_handler.go:120","msg":"Error retrieving TTL, defaulting.","commit":"7655d9c","error":"\"knativebrokerttl\" not found"}
{"level":"info","ts":"2019-12-03T21:04:27.722Z","logger":"broker_ingress","caller":"ingress/ingress_handler.go:120","msg":"Error retrieving TTL, defaulting.","commit":"7655d9c","error":"\"knativebrokerttl\" not found"}
{"level":"info","ts":"2019-12-03T21:04:27.722Z","logger":"broker_ingress","caller":"ingress/ingress_handler.go:120","msg":"Error retrieving TTL, defaulting.","commit":"7655d9c","error":"\"knativebrokerttl\" not found"}
{"level":"info","ts":"2019-12-03T21:04:27.724Z","logger":"broker_ingress","caller":"ingress/ingress_handler.go:120","msg":"Error retrieving TTL, defaulting.","commit":"7655d9c","error":"\"knativebrokerttl\" not found"}
{"level":"info","ts":"2019-12-03T21:04:27.725Z","logger":"broker_ingress","caller":"ingress/ingress_handler.go:120","msg":"Error retrieving TTL, defaulting.","commit":"7655d9c","error":"\"knativebrokerttl\" not found"}
{"level":"info","ts":"2019-12-03T21:04:27.728Z","logger":"broker_ingress","caller":"ingress/ingress_handler.go:120","msg":"Error retrieving TTL, defaulting.","commit":"7655d9c","error":"\"knativebrokerttl\" not found"}
{"level":"info","ts":"2019-12-03T21:04:27.728Z","logger":"broker_ingress","caller":"ingress/ingress_handler.go:120","msg":"Error retrieving TTL, defaulting.","commit":"7655d9c","error":"\"knativebrokerttl\" not found"}
{"level":"info","ts":"2019-12-03T21:04:27.729Z","logger":"broker_ingress","caller":"ingress/ingress_handler.go:120","msg":"Error retrieving TTL, defaulting.","commit":"7655d9c","error":"\"knativebrokerttl\" not found"}
{"level":"info","ts":"2019-12-03T21:04:27.730Z","logger":"broker_ingress","caller":"ingress/ingress_handler.go:120","msg":"Error retrieving TTL, defaulting.","commit":"7655d9c","error":"\"knativebrokerttl\" not found"}
{"level":"info","ts":"2019-12-03T21:04:27.737Z","logger":"broker_ingress","caller":"ingress/ingress_handler.go:120","msg":"Error retrieving TTL, defaulting.","commit":"7655d9c","error":"\"knativebrokerttl\" not found"}
{"level":"info","ts":"2019-12-03T21:04:27.738Z","logger":"broker_ingress","caller":"ingress/ingress_handler.go:120","msg":"Error retrieving TTL, defaulting.","commit":"7655d9c","error":"\"knativebrokerttl\" not found"}
{"level":"info","ts":"2019-12-03T21:04:27.738Z","logger":"broker_ingress","caller":"ingress/ingress_handler.go:120","msg":"Error retrieving TTL, defaulting.","commit":"7655d9c","error":"\"knativebrokerttl\" not found"}
{"level":"info","ts":"2019-12-03T21:04:27.739Z","logger":"broker_ingress","caller":"ingress/ingress_handler.go:120","msg":"Error retrieving TTL, defaulting.","commit":"7655d9c","error":"\"knativebrokerttl\" not found"}
{"level":"info","ts":"2019-12-03T21:04:27.740Z","logger":"broker_ingress","caller":"ingress/ingress_handler.go:120","msg":"Error retrieving TTL, defaulting.","commit":"7655d9c","error":"\"knativebrokerttl\" not found"}
{"level":"info","ts":"2019-12-03T21:04:27.740Z","logger":"broker_ingress","caller":"ingress/ingress_handler.go:120","msg":"Error retrieving TTL, defaulting.","commit":"7655d9c","error":"\"knativebrokerttl\" not found"}
{"level":"info","ts":"2019-12-03T21:04:27.740Z","logger":"broker_ingress","caller":"ingress/ingress_handler.go:120","msg":"Error retrieving TTL, defaulting.","commit":"7655d9c","error":"\"knativebrokerttl\" not found"}
{"level":"info","ts":"2019-12-03T21:04:27.742Z","logger":"broker_ingress","caller":"ingress/ingress_handler.go:120","msg":"Error retrieving TTL, defaulting.","commit":"7655d9c","error":"\"knativebrokerttl\" not found"}
{"level":"info","ts":"2019-12-03T21:04:27.742Z","logger":"broker_ingress","caller":"ingress/ingress_handler.go:120","msg":"Error retrieving TTL, defaulting.","commit":"7655d9c","error":"\"knativebrokerttl\" not found"}
{"level":"info","ts":"2019-12-03T21:04:27.743Z","logger":"broker_ingress","caller":"ingress/ingress_handler.go:120","msg":"Error retrieving TTL, defaulting.","commit":"7655d9c","error":"\"knativebrokerttl\" not found"}
{"level":"info","ts":"2019-12-03T21:04:27.744Z","logger":"broker_ingress","caller":"ingress/ingress_handler.go:120","msg":"Error retrieving TTL, defaulting.","commit":"7655d9c","error":"\"knativebrokerttl\" not found"}
{"level":"info","ts":"2019-12-03T21:04:27.744Z","logger":"broker_ingress","caller":"ingress/ingress_handler.go:120","msg":"Error retrieving TTL, defaulting.","commit":"7655d9c","error":"\"knativebrokerttl\" not found"}
{"level":"info","ts":"2019-12-03T21:04:27.755Z","logger":"broker_ingress","caller":"ingress/ingress_handler.go:120","msg":"Error retrieving TTL, defaulting.","commit":"7655d9c","error":"\"knativebrokerttl\" not found"}
{"level":"info","ts":"2019-12-03T21:04:27.755Z","logger":"broker_ingress","caller":"ingress/ingress_handler.go:120","msg":"Error retrieving TTL, defaulting.","commit":"7655d9c","error":"\"knativebrokerttl\" not found"}
{"level":"info","ts":"2019-12-03T21:04:27.756Z","logger":"broker_ingress","caller":"ingress/ingress_handler.go:120","msg":"Error retrieving TTL, defaulting.","commit":"7655d9c","error":"\"knativebrokerttl\" not found"}
{"level":"info","ts":"2019-12-03T21:04:27.757Z","logger":"broker_ingress","caller":"ingress/ingress_handler.go:120","msg":"Error retrieving TTL, defaulting.","commit":"7655d9c","error":"\"knativebrokerttl\" not found"}
{"level":"info","ts":"2019-12-03T21:04:27.757Z","logger":"broker_ingress","caller":"ingress/ingress_handler.go:120","msg":"Error retrieving TTL, defaulting.","commit":"7655d9c","error":"\"knativebrokerttl\" not found"}
{"level":"info","ts":"2019-12-03T21:04:27.758Z","logger":"broker_ingress","caller":"ingress/ingress_handler.go:120","msg":"Error retrieving TTL, defaulting.","commit":"7655d9c","error":"\"knativebrokerttl\" not found"}
{"level":"info","ts":"2019-12-03T21:04:27.758Z","logger":"broker_ingress","caller":"ingress/ingress_handler.go:120","msg":"Error retrieving TTL, defaulting.","commit":"7655d9c","error":"\"knativebrokerttl\" not found"}
{"level":"info","ts":"2019-12-03T21:04:27.758Z","logger":"broker_ingress","caller":"ingress/ingress_handler.go:120","msg":"Error retrieving TTL, defaulting.","commit":"7655d9c","error":"\"knativebrokerttl\" not found"}
{"level":"info","ts":"2019-12-03T21:04:27.758Z","logger":"broker_ingress","caller":"ingress/ingress_handler.go:120","msg":"Error retrieving TTL, defaulting.","commit":"7655d9c","error":"\"knativebrokerttl\" not found"}
{"level":"info","ts":"2019-12-03T21:04:27.777Z","logger":"broker_ingress","caller":"ingress/ingress_handler.go:120","msg":"Error retrieving TTL, defaulting.","commit":"7655d9c","error":"\"knativebrokerttl\" not found"}
{"level":"info","ts":"2019-12-03T21:04:27.784Z","logger":"broker_ingress","caller":"ingress/ingress_handler.go:120","msg":"Error retrieving TTL, defaulting.","commit":"7655d9c","error":"\"knativebrokerttl\" not found"}
{"level":"info","ts":"2019-12-03T21:04:27.801Z","logger":"broker_ingress","caller":"ingress/ingress_handler.go:120","msg":"Error retrieving TTL, defaulting.","commit":"7655d9c","error":"\"knativebrokerttl\" not found"}
{"level":"info","ts":"2019-12-03T21:04:27.803Z","logger":"broker_ingress","caller":"ingress/ingress_handler.go:120","msg":"Error retrieving TTL, defaulting.","commit":"7655d9c","error":"\"knativebrokerttl\" not found"}
{"level":"info","ts":"2019-12-03T21:04:27.803Z","logger":"broker_ingress","caller":"ingress/ingress_handler.go:120","msg":"Error retrieving TTL, defaulting.","commit":"7655d9c","error":"\"knativebrokerttl\" not found"}
{"level":"info","ts":"2019-12-03T21:04:27.804Z","logger":"broker_ingress","caller":"ingress/ingress_handler.go:120","msg":"Error retrieving TTL, defaulting.","commit":"7655d9c","error":"\"knativebrokerttl\" not found"}
{"level":"info","ts":"2019-12-03T21:04:27.805Z","logger":"broker_ingress","caller":"ingress/ingress_handler.go:120","msg":"Error retrieving TTL, defaulting.","commit":"7655d9c","error":"\"knativebrokerttl\" not found"}
{"level":"info","ts":"2019-12-03T21:04:27.805Z","logger":"broker_ingress","caller":"ingress/ingress_handler.go:120","msg":"Error retrieving TTL, defaulting.","commit":"7655d9c","error":"\"knativebrokerttl\" not found"}
{"level":"info","ts":"2019-12-03T21:04:27.806Z","logger":"broker_ingress","caller":"ingress/ingress_handler.go:120","msg":"Error retrieving TTL, defaulting.","commit":"7655d9c","error":"\"knativebrokerttl\" not found"}
{"level":"info","ts":"2019-12-03T21:04:27.806Z","logger":"broker_ingress","caller":"ingress/ingress_handler.go:120","msg":"Error retrieving TTL, defaulting.","commit":"7655d9c","error":"\"knativebrokerttl\" not found"}
{"level":"info","ts":"2019-12-03T21:04:27.807Z","logger":"broker_ingress","caller":"ingress/ingress_handler.go:120","msg":"Error retrieving TTL, defaulting.","commit":"7655d9c","error":"\"knativebrokerttl\" not found"}
{"level":"info","ts":"2019-12-03T21:04:27.807Z","logger":"broker_ingress","caller":"ingress/ingress_handler.go:120","msg":"Error retrieving TTL, defaulting.","commit":"7655d9c","error":"\"knativebrokerttl\" not found"}
{"level":"info","ts":"2019-12-03T21:04:27.808Z","logger":"broker_ingress","caller":"ingress/ingress_handler.go:120","msg":"Error retrieving TTL, defaulting.","commit":"7655d9c","error":"\"knativebrokerttl\" not found"}
{"level":"info","ts":"2019-12-03T21:04:27.816Z","logger":"broker_ingress","caller":"ingress/ingress_handler.go:120","msg":"Error retrieving TTL, defaulting.","commit":"7655d9c","error":"\"knativebrokerttl\" not found"}
{"level":"info","ts":"2019-12-03T21:04:27.819Z","logger":"broker_ingress","caller":"ingress/ingress_handler.go:120","msg":"Error retrieving TTL, defaulting.","commit":"7655d9c","error":"\"knativebrokerttl\" not found"}
{"level":"info","ts":"2019-12-03T21:04:27.820Z","logger":"broker_ingress","caller":"ingress/ingress_handler.go:120","msg":"Error retrieving TTL, defaulting.","commit":"7655d9c","error":"\"knativebrokerttl\" not found"}
{"level":"info","ts":"2019-12-03T21:04:27.821Z","logger":"broker_ingress","caller":"ingress/ingress_handler.go:120","msg":"Error retrieving TTL, defaulting.","commit":"7655d9c","error":"\"knativebrokerttl\" not found"}
{"level":"info","ts":"2019-12-03T21:04:27.821Z","logger":"broker_ingress","caller":"ingress/ingress_handler.go:120","msg":"Error retrieving TTL, defaulting.","commit":"7655d9c","error":"\"knativebrokerttl\" not found"}
{"level":"info","ts":"2019-12-03T21:04:27.822Z","logger":"broker_ingress","caller":"ingress/ingress_handler.go:120","msg":"Error retrieving TTL, defaulting.","commit":"7655d9c","error":"\"knativebrokerttl\" not found"}
{"level":"info","ts":"2019-12-03T21:04:27.823Z","logger":"broker_ingress","caller":"ingress/ingress_handler.go:120","msg":"Error retrieving TTL, defaulting.","commit":"7655d9c","error":"\"knativebrokerttl\" not found"}
{"level":"info","ts":"2019-12-03T21:04:27.823Z","logger":"broker_ingress","caller":"ingress/ingress_handler.go:120","msg":"Error retrieving TTL, defaulting.","commit":"7655d9c","error":"\"knativebrokerttl\" not found"}
{"level":"info","ts":"2019-12-03T21:04:27.824Z","logger":"broker_ingress","caller":"ingress/ingress_handler.go:120","msg":"Error retrieving TTL, defaulting.","commit":"7655d9c","error":"\"knativebrokerttl\" not found"}
{"level":"info","ts":"2019-12-03T21:04:27.834Z","logger":"broker_ingress","caller":"ingress/ingress_handler.go:120","msg":"Error retrieving TTL, defaulting.","commit":"7655d9c","error":"\"knativebrokerttl\" not found"}
{"level":"info","ts":"2019-12-03T21:04:27.846Z","logger":"broker_ingress","caller":"ingress/ingress_handler.go:120","msg":"Error retrieving TTL, defaulting.","commit":"7655d9c","error":"\"knativebrokerttl\" not found"}
{"level":"info","ts":"2019-12-03T21:04:27.846Z","logger":"broker_ingress","caller":"ingress/ingress_handler.go:120","msg":"Error retrieving TTL, defaulting.","commit":"7655d9c","error":"\"knativebrokerttl\" not found"}
{"level":"info","ts":"2019-12-03T21:04:27.846Z","logger":"broker_ingress","caller":"ingress/ingress_handler.go:120","msg":"Error retrieving TTL, defaulting.","commit":"7655d9c","error":"\"knativebrokerttl\" not found"}
{"level":"info","ts":"2019-12-03T21:04:27.846Z","logger":"broker_ingress","caller":"ingress/ingress_handler.go:120","msg":"Error retrieving TTL, defaulting.","commit":"7655d9c","error":"\"knativebrokerttl\" not found"}
{"level":"info","ts":"2019-12-03T21:04:27.850Z","logger":"broker_ingress","caller":"ingress/ingress_handler.go:120","msg":"Error retrieving TTL, defaulting.","commit":"7655d9c","error":"\"knativebrokerttl\" not found"}
{"level":"info","ts":"2019-12-03T21:04:27.851Z","logger":"broker_ingress","caller":"ingress/ingress_handler.go:120","msg":"Error retrieving TTL, defaulting.","commit":"7655d9c","error":"\"knativebrokerttl\" not found"}
{"level":"info","ts":"2019-12-03T21:04:27.864Z","logger":"broker_ingress","caller":"ingress/ingress_handler.go:120","msg":"Error retrieving TTL, defaulting.","commit":"7655d9c","error":"\"knativebrokerttl\" not found"}
{"level":"info","ts":"2019-12-03T21:04:27.864Z","logger":"broker_ingress","caller":"ingress/ingress_handler.go:120","msg":"Error retrieving TTL, defaulting.","commit":"7655d9c","error":"\"knativebrokerttl\" not found"}
{"level":"info","ts":"2019-12-03T21:04:27.865Z","logger":"broker_ingress","caller":"ingress/ingress_handler.go:120","msg":"Error retrieving TTL, defaulting.","commit":"7655d9c","error":"\"knativebrokerttl\" not found"}
{"level":"info","ts":"2019-12-03T21:04:27.865Z","logger":"broker_ingress","caller":"ingress/ingress_handler.go:120","msg":"Error retrieving TTL, defaulting.","commit":"7655d9c","error":"\"knativebrokerttl\" not found"}
{"level":"info","ts":"2019-12-03T21:04:27.866Z","logger":"broker_ingress","caller":"ingress/ingress_handler.go:120","msg":"Error retrieving TTL, defaulting.","commit":"7655d9c","error":"\"knativebrokerttl\" not found"}
{"level":"info","ts":"2019-12-03T21:04:27.741Z","logger":"broker_ingress","caller":"ingress/ingress_handler.go:120","msg":"Error retrieving TTL, defaulting.","commit":"7655d9c","error":"\"knativebrokerttl\" not found"}
{"level":"info","ts":"2019-12-03T21:04:27.866Z","logger":"broker_ingress","caller":"ingress/ingress_handler.go:120","msg":"Error retrieving TTL, defaulting.","commit":"7655d9c","error":"\"knativebrokerttl\" not found"}
{"level":"info","ts":"2019-12-03T21:04:27.868Z","logger":"broker_ingress","caller":"ingress/ingress_handler.go:120","msg":"Error retrieving TTL, defaulting.","commit":"7655d9c","error":"\"knativebrokerttl\" not found"}
{"level":"info","ts":"2019-12-03T21:04:27.868Z","logger":"broker_ingress","caller":"ingress/ingress_handler.go:120","msg":"Error retrieving TTL, defaulting.","commit":"7655d9c","error":"\"knativebrokerttl\" not found"}
{"level":"info","ts":"2019-12-03T21:04:27.869Z","logger":"broker_ingress","caller":"ingress/ingress_handler.go:120","msg":"Error retrieving TTL, defaulting.","commit":"7655d9c","error":"\"knativebrokerttl\" not found"}
{"level":"info","ts":"2019-12-03T21:04:27.870Z","logger":"broker_ingress","caller":"ingress/ingress_handler.go:120","msg":"Error retrieving TTL, defaulting.","commit":"7655d9c","error":"\"knativebrokerttl\" not found"}
{"level":"info","ts":"2019-12-03T21:04:27.870Z","logger":"broker_ingress","caller":"ingress/ingress_handler.go:120","msg":"Error retrieving TTL, defaulting.","commit":"7655d9c","error":"\"knativebrokerttl\" not found"}
{"level":"info","ts":"2019-12-03T21:04:27.871Z","logger":"broker_ingress","caller":"ingress/ingress_handler.go:120","msg":"Error retrieving TTL, defaulting.","commit":"7655d9c","error":"\"knativebrokerttl\" not found"}
{"level":"info","ts":"2019-12-03T21:04:27.873Z","logger":"broker_ingress","caller":"ingress/ingress_handler.go:120","msg":"Error retrieving TTL, defaulting.","commit":"7655d9c","error":"\"knativebrokerttl\" not found"}
{"level":"info","ts":"2019-12-03T21:04:27.874Z","logger":"broker_ingress","caller":"ingress/ingress_handler.go:120","msg":"Error retrieving TTL, defaulting.","commit":"7655d9c","error":"\"knativebrokerttl\" not found"}
{"level":"info","ts":"2019-12-03T21:04:27.875Z","logger":"broker_ingress","caller":"ingress/ingress_handler.go:120","msg":"Error retrieving TTL, defaulting.","commit":"7655d9c","error":"\"knativebrokerttl\" not found"}
{"level":"info","ts":"2019-12-03T21:04:27.877Z","logger":"broker_ingress","caller":"ingress/ingress_handler.go:120","msg":"Error retrieving TTL, defaulting.","commit":"7655d9c","error":"\"knativebrokerttl\" not found"}
{"level":"info","ts":"2019-12-03T21:04:27.878Z","logger":"broker_ingress","caller":"ingress/ingress_handler.go:120","msg":"Error retrieving TTL, defaulting.","commit":"7655d9c","error":"\"knativebrokerttl\" not found"}
{"level":"info","ts":"2019-12-03T21:04:27.878Z","logger":"broker_ingress","caller":"ingress/ingress_handler.go:120","msg":"Error retrieving TTL, defaulting.","commit":"7655d9c","error":"\"knativebrokerttl\" not found"}
{"level":"info","ts":"2019-12-03T21:04:27.880Z","logger":"broker_ingress","caller":"ingress/ingress_handler.go:120","msg":"Error retrieving TTL, defaulting.","commit":"7655d9c","error":"\"knativebrokerttl\" not found"}
{"level":"info","ts":"2019-12-03T21:04:27.880Z","logger":"broker_ingress","caller":"ingress/ingress_handler.go:120","msg":"Error retrieving TTL, defaulting.","commit":"7655d9c","error":"\"knativebrokerttl\" not found"}
{"level":"info","ts":"2019-12-03T21:04:27.880Z","logger":"broker_ingress","caller":"ingress/ingress_handler.go:120","msg":"Error retrieving TTL, defaulting.","commit":"7655d9c","error":"\"knativebrokerttl\" not found"}
{"level":"info","ts":"2019-12-03T21:04:27.881Z","logger":"broker_ingress","caller":"ingress/ingress_handler.go:120","msg":"Error retrieving TTL, defaulting.","commit":"7655d9c","error":"\"knativebrokerttl\" not found"}
{"level":"info","ts":"2019-12-03T21:04:27.881Z","logger":"broker_ingress","caller":"ingress/ingress_handler.go:120","msg":"Error retrieving TTL, defaulting.","commit":"7655d9c","error":"\"knativebrokerttl\" not found"}
{"level":"info","ts":"2019-12-03T21:04:27.882Z","logger":"broker_ingress","caller":"ingress/ingress_handler.go:120","msg":"Error retrieving TTL, defaulting.","commit":"7655d9c","error":"\"knativebrokerttl\" not found"}
{"level":"info","ts":"2019-12-03T21:04:27.883Z","logger":"broker_ingress","caller":"ingress/ingress_handler.go:120","msg":"Error retrieving TTL, defaulting.","commit":"7655d9c","error":"\"knativebrokerttl\" not found"}
{"level":"info","ts":"2019-12-03T21:04:27.883Z","logger":"broker_ingress","caller":"ingress/ingress_handler.go:120","msg":"Error retrieving TTL, defaulting.","commit":"7655d9c","error":"\"knativebrokerttl\" not found"}
{"level":"info","ts":"2019-12-03T21:04:27.883Z","logger":"broker_ingress","caller":"ingress/ingress_handler.go:120","msg":"Error retrieving TTL, defaulting.","commit":"7655d9c","error":"\"knativebrokerttl\" not found"}
{"level":"info","ts":"2019-12-03T21:04:27.884Z","logger":"broker_ingress","caller":"ingress/ingress_handler.go:120","msg":"Error retrieving TTL, defaulting.","commit":"7655d9c","error":"\"knativebrokerttl\" not found"}
{"level":"info","ts":"2019-12-03T21:04:27.884Z","logger":"broker_ingress","caller":"ingress/ingress_handler.go:120","msg":"Error retrieving TTL, defaulting.","commit":"7655d9c","error":"\"knativebrokerttl\" not found"}
{"level":"info","ts":"2019-12-03T21:04:27.885Z","logger":"broker_ingress","caller":"ingress/ingress_handler.go:120","msg":"Error retrieving TTL, defaulting.","commit":"7655d9c","error":"\"knativebrokerttl\" not found"}
{"level":"info","ts":"2019-12-03T21:04:27.886Z","logger":"broker_ingress","caller":"ingress/ingress_handler.go:120","msg":"Error retrieving TTL, defaulting.","commit":"7655d9c","error":"\"knativebrokerttl\" not found"}
{"level":"info","ts":"2019-12-03T21:04:27.886Z","logger":"broker_ingress","caller":"ingress/ingress_handler.go:120","msg":"Error retrieving TTL, defaulting.","commit":"7655d9c","error":"\"knativebrokerttl\" not found"}
{"level":"info","ts":"2019-12-03T21:04:27.887Z","logger":"broker_ingress","caller":"ingress/ingress_handler.go:120","msg":"Error retrieving TTL, defaulting.","commit":"7655d9c","error":"\"knativebrokerttl\" not found"}
{"level":"info","ts":"2019-12-03T21:04:27.892Z","logger":"broker_ingress","caller":"ingress/ingress_handler.go:120","msg":"Error retrieving TTL, defaulting.","commit":"7655d9c","error":"\"knativebrokerttl\" not found"}
{"level":"info","ts":"2019-12-03T21:04:27.892Z","logger":"broker_ingress","caller":"ingress/ingress_handler.go:120","msg":"Error retrieving TTL, defaulting.","commit":"7655d9c","error":"\"knativebrokerttl\" not found"}
{"level":"info","ts":"2019-12-03T21:04:27.893Z","logger":"broker_ingress","caller":"ingress/ingress_handler.go:120","msg":"Error retrieving TTL, defaulting.","commit":"7655d9c","error":"\"knativebrokerttl\" not found"}
{"level":"info","ts":"2019-12-03T21:04:27.893Z","logger":"broker_ingress","caller":"ingress/ingress_handler.go:120","msg":"Error retrieving TTL, defaulting.","commit":"7655d9c","error":"\"knativebrokerttl\" not found"}
{"level":"info","ts":"2019-12-03T21:04:27.894Z","logger":"broker_ingress","caller":"ingress/ingress_handler.go:120","msg":"Error retrieving TTL, defaulting.","commit":"7655d9c","error":"\"knativebrokerttl\" not found"}
{"level":"info","ts":"2019-12-03T21:04:27.895Z","logger":"broker_ingress","caller":"ingress/ingress_handler.go:120","msg":"Error retrieving TTL, defaulting.","commit":"7655d9c","error":"\"knativebrokerttl\" not found"}
{"level":"info","ts":"2019-12-03T21:04:27.896Z","logger":"broker_ingress","caller":"ingress/ingress_handler.go:120","msg":"Error retrieving TTL, defaulting.","commit":"7655d9c","error":"\"knativebrokerttl\" not found"}
{"level":"info","ts":"2019-12-03T21:04:27.898Z","logger":"broker_ingress","caller":"ingress/ingress_handler.go:120","msg":"Error retrieving TTL, defaulting.","commit":"7655d9c","error":"\"knativebrokerttl\" not found"}
{"level":"info","ts":"2019-12-03T21:04:27.898Z","logger":"broker_ingress","caller":"ingress/ingress_handler.go:120","msg":"Error retrieving TTL, defaulting.","commit":"7655d9c","error":"\"knativebrokerttl\" not found"}
{"level":"info","ts":"2019-12-03T21:04:27.900Z","logger":"broker_ingress","caller":"ingress/ingress_handler.go:120","msg":"Error retrieving TTL, defaulting.","commit":"7655d9c","error":"\"knativebrokerttl\" not found"}
{"level":"info","ts":"2019-12-03T21:04:27.900Z","logger":"broker_ingress","caller":"ingress/ingress_handler.go:120","msg":"Error retrieving TTL, defaulting.","commit":"7655d9c","error":"\"knativebrokerttl\" not found"}
{"level":"info","ts":"2019-12-03T21:04:27.901Z","logger":"broker_ingress","caller":"ingress/ingress_handler.go:120","msg":"Error retrieving TTL, defaulting.","commit":"7655d9c","error":"\"knativebrokerttl\" not found"}
{"level":"info","ts":"2019-12-03T21:04:27.901Z","logger":"broker_ingress","caller":"ingress/ingress_handler.go:120","msg":"Error retrieving TTL, defaulting.","commit":"7655d9c","error":"\"knativebrokerttl\" not found"}
{"level":"info","ts":"2019-12-03T21:04:27.904Z","logger":"broker_ingress","caller":"ingress/ingress_handler.go:120","msg":"Error retrieving TTL, defaulting.","commit":"7655d9c","error":"\"knativebrokerttl\" not found"}
{"level":"info","ts":"2019-12-03T21:04:27.904Z","logger":"broker_ingress","caller":"ingress/ingress_handler.go:120","msg":"Error retrieving TTL, defaulting.","commit":"7655d9c","error":"\"knativebrokerttl\" not found"}
{"level":"info","ts":"2019-12-03T21:04:27.899Z","logger":"broker_ingress","caller":"ingress/ingress_handler.go:120","msg":"Error retrieving TTL, defaulting.","commit":"7655d9c","error":"\"knativebrokerttl\" not found"}
{"level":"info","ts":"2019-12-03T21:04:27.907Z","logger":"broker_ingress","caller":"ingress/ingress_handler.go:120","msg":"Error retrieving TTL, defaulting.","commit":"7655d9c","error":"\"knativebrokerttl\" not found"}
{"level":"info","ts":"2019-12-03T21:04:27.907Z","logger":"broker_ingress","caller":"ingress/ingress_handler.go:120","msg":"Error retrieving TTL, defaulting.","commit":"7655d9c","error":"\"knativebrokerttl\" not found"}
{"level":"info","ts":"2019-12-03T21:04:27.907Z","logger":"broker_ingress","caller":"ingress/ingress_handler.go:120","msg":"Error retrieving TTL, defaulting.","commit":"7655d9c","error":"\"knativebrokerttl\" not found"}
{"level":"info","ts":"2019-12-03T21:04:27.908Z","logger":"broker_ingress","caller":"ingress/ingress_handler.go:120","msg":"Error retrieving TTL, defaulting.","commit":"7655d9c","error":"\"knativebrokerttl\" not found"}
{"level":"info","ts":"2019-12-03T21:04:27.908Z","logger":"broker_ingress","caller":"ingress/ingress_handler.go:120","msg":"Error retrieving TTL, defaulting.","commit":"7655d9c","error":"\"knativebrokerttl\" not found"}
{"level":"info","ts":"2019-12-03T21:04:27.909Z","logger":"broker_ingress","caller":"ingress/ingress_handler.go:120","msg":"Error retrieving TTL, defaulting.","commit":"7655d9c","error":"\"knativebrokerttl\" not found"}
{"level":"info","ts":"2019-12-03T21:04:27.910Z","logger":"broker_ingress","caller":"ingress/ingress_handler.go:120","msg":"Error retrieving TTL, defaulting.","commit":"7655d9c","error":"\"knativebrokerttl\" not found"}
{"level":"info","ts":"2019-12-03T21:04:27.910Z","logger":"broker_ingress","caller":"ingress/ingress_handler.go:120","msg":"Error retrieving TTL, defaulting.","commit":"7655d9c","error":"\"knativebrokerttl\" not found"}
{"level":"info","ts":"2019-12-03T21:04:27.911Z","logger":"broker_ingress","caller":"ingress/ingress_handler.go:120","msg":"Error retrieving TTL, defaulting.","commit":"7655d9c","error":"\"knativebrokerttl\" not found"}
{"level":"info","ts":"2019-12-03T21:04:27.911Z","logger":"broker_ingress","caller":"ingress/ingress_handler.go:120","msg":"Error retrieving TTL, defaulting.","commit":"7655d9c","error":"\"knativebrokerttl\" not found"}
{"level":"info","ts":"2019-12-03T21:04:27.905Z","logger":"broker_ingress","caller":"ingress/ingress_handler.go:120","msg":"Error retrieving TTL, defaulting.","commit":"7655d9c","error":"\"knativebrokerttl\" not found"}
{"level":"info","ts":"2019-12-03T21:04:27.912Z","logger":"broker_ingress","caller":"ingress/ingress_handler.go:120","msg":"Error retrieving TTL, defaulting.","commit":"7655d9c","error":"\"knativebrokerttl\" not found"}
{"level":"info","ts":"2019-12-03T21:04:27.913Z","logger":"broker_ingress","caller":"ingress/ingress_handler.go:120","msg":"Error retrieving TTL, defaulting.","commit":"7655d9c","error":"\"knativebrokerttl\" not found"}
{"level":"info","ts":"2019-12-03T21:04:27.913Z","logger":"broker_ingress","caller":"ingress/ingress_handler.go:120","msg":"Error retrieving TTL, defaulting.","commit":"7655d9c","error":"\"knativebrokerttl\" not found"}
{"level":"info","ts":"2019-12-03T21:04:27.919Z","logger":"broker_ingress","caller":"ingress/ingress_handler.go:120","msg":"Error retrieving TTL, defaulting.","commit":"7655d9c","error":"\"knativebrokerttl\" not found"}
{"level":"info","ts":"2019-12-03T21:04:27.920Z","logger":"broker_ingress","caller":"ingress/ingress_handler.go:120","msg":"Error retrieving TTL, defaulting.","commit":"7655d9c","error":"\"knativebrokerttl\" not found"}
{"level":"info","ts":"2019-12-03T21:04:27.920Z","logger":"broker_ingress","caller":"ingress/ingress_handler.go:120","msg":"Error retrieving TTL, defaulting.","commit":"7655d9c","error":"\"knativebrokerttl\" not found"}
{"level":"info","ts":"2019-12-03T21:04:27.921Z","logger":"broker_ingress","caller":"ingress/ingress_handler.go:120","msg":"Error retrieving TTL, defaulting.","commit":"7655d9c","error":"\"knativebrokerttl\" not found"}
{"level":"info","ts":"2019-12-03T21:04:27.921Z","logger":"broker_ingress","caller":"ingress/ingress_handler.go:120","msg":"Error retrieving TTL, defaulting.","commit":"7655d9c","error":"\"knativebrokerttl\" not found"}
{"level":"info","ts":"2019-12-03T21:04:27.921Z","logger":"broker_ingress","caller":"ingress/ingress_handler.go:120","msg":"Error retrieving TTL, defaulting.","commit":"7655d9c","error":"\"knativebrokerttl\" not found"}
{"level":"info","ts":"2019-12-03T21:04:27.923Z","logger":"broker_ingress","caller":"ingress/ingress_handler.go:120","msg":"Error retrieving TTL, defaulting.","commit":"7655d9c","error":"\"knativebrokerttl\" not found"}
{"level":"info","ts":"2019-12-03T21:04:27.924Z","logger":"broker_ingress","caller":"ingress/ingress_handler.go:120","msg":"Error retrieving TTL, defaulting.","commit":"7655d9c","error":"\"knativebrokerttl\" not found"}
{"level":"info","ts":"2019-12-03T21:04:27.926Z","logger":"broker_ingress","caller":"ingress/ingress_handler.go:120","msg":"Error retrieving TTL, defaulting.","commit":"7655d9c","error":"\"knativebrokerttl\" not found"}
{"level":"info","ts":"2019-12-03T21:04:27.927Z","logger":"broker_ingress","caller":"ingress/ingress_handler.go:120","msg":"Error retrieving TTL, defaulting.","commit":"7655d9c","error":"\"knativebrokerttl\" not found"}
{"level":"info","ts":"2019-12-03T21:04:27.927Z","logger":"broker_ingress","caller":"ingress/ingress_handler.go:120","msg":"Error retrieving TTL, defaulting.","commit":"7655d9c","error":"\"knativebrokerttl\" not found"}
{"level":"info","ts":"2019-12-03T21:04:27.930Z","logger":"broker_ingress","caller":"ingress/ingress_handler.go:120","msg":"Error retrieving TTL, defaulting.","commit":"7655d9c","error":"\"knativebrokerttl\" not found"}
{"level":"info","ts":"2019-12-03T21:04:27.930Z","logger":"broker_ingress","caller":"ingress/ingress_handler.go:120","msg":"Error retrieving TTL, defaulting.","commit":"7655d9c","error":"\"knativebrokerttl\" not found"}
{"level":"info","ts":"2019-12-03T21:04:27.932Z","logger":"broker_ingress","caller":"ingress/ingress_handler.go:120","msg":"Error retrieving TTL, defaulting.","commit":"7655d9c","error":"\"knativebrokerttl\" not found"}
{"level":"info","ts":"2019-12-03T21:04:27.936Z","logger":"broker_ingress","caller":"ingress/ingress_handler.go:120","msg":"Error retrieving TTL, defaulting.","commit":"7655d9c","error":"\"knativebrokerttl\" not found"}
{"level":"info","ts":"2019-12-03T21:04:27.936Z","logger":"broker_ingress","caller":"ingress/ingress_handler.go:120","msg":"Error retrieving TTL, defaulting.","commit":"7655d9c","error":"\"knativebrokerttl\" not found"}
{"level":"info","ts":"2019-12-03T21:04:27.936Z","logger":"broker_ingress","caller":"ingress/ingress_handler.go:120","msg":"Error retrieving TTL, defaulting.","commit":"7655d9c","error":"\"knativebrokerttl\" not found"}
{"level":"info","ts":"2019-12-03T21:04:27.937Z","logger":"broker_ingress","caller":"ingress/ingress_handler.go:120","msg":"Error retrieving TTL, defaulting.","commit":"7655d9c","error":"\"knativebrokerttl\" not found"}
{"level":"info","ts":"2019-12-03T21:04:27.937Z","logger":"broker_ingress","caller":"ingress/ingress_handler.go:120","msg":"Error retrieving TTL, defaulting.","commit":"7655d9c","error":"\"knativebrokerttl\" not found"}
{"level":"info","ts":"2019-12-03T21:04:27.937Z","logger":"broker_ingress","caller":"ingress/ingress_handler.go:120","msg":"Error retrieving TTL, defaulting.","commit":"7655d9c","error":"\"knativebrokerttl\" not found"}
{"level":"info","ts":"2019-12-03T21:04:27.938Z","logger":"broker_ingress","caller":"ingress/ingress_handler.go:120","msg":"Error retrieving TTL, defaulting.","commit":"7655d9c","error":"\"knativebrokerttl\" not found"}
{"level":"info","ts":"2019-12-03T21:04:27.938Z","logger":"broker_ingress","caller":"ingress/ingress_handler.go:120","msg":"Error retrieving TTL, defaulting.","commit":"7655d9c","error":"\"knativebrokerttl\" not found"}
{"level":"info","ts":"2019-12-03T21:04:27.938Z","logger":"broker_ingress","caller":"ingress/ingress_handler.go:120","msg":"Error retrieving TTL, defaulting.","commit":"7655d9c","error":"\"knativebrokerttl\" not found"}
{"level":"info","ts":"2019-12-03T21:04:27.938Z","logger":"broker_ingress","caller":"ingress/ingress_handler.go:120","msg":"Error retrieving TTL, defaulting.","commit":"7655d9c","error":"\"knativebrokerttl\" not found"}
{"level":"info","ts":"2019-12-03T21:04:27.939Z","logger":"broker_ingress","caller":"ingress/ingress_handler.go:120","msg":"Error retrieving TTL, defaulting.","commit":"7655d9c","error":"\"knativebrokerttl\" not found"}
{"level":"info","ts":"2019-12-03T21:04:27.939Z","logger":"broker_ingress","caller":"ingress/ingress_handler.go:120","msg":"Error retrieving TTL, defaulting.","commit":"7655d9c","error":"\"knativebrokerttl\" not found"}
{"level":"info","ts":"2019-12-03T21:04:27.939Z","logger":"broker_ingress","caller":"ingress/ingress_handler.go:120","msg":"Error retrieving TTL, defaulting.","commit":"7655d9c","error":"\"knativebrokerttl\" not found"}
{"level":"info","ts":"2019-12-03T21:04:27.940Z","logger":"broker_ingress","caller":"ingress/ingress_handler.go:120","msg":"Error retrieving TTL, defaulting.","commit":"7655d9c","error":"\"knativebrokerttl\" not found"}
{"level":"info","ts":"2019-12-03T21:04:27.940Z","logger":"broker_ingress","caller":"ingress/ingress_handler.go:120","msg":"Error retrieving TTL, defaulting.","commit":"7655d9c","error":"\"knativebrokerttl\" not found"}
{"level":"info","ts":"2019-12-03T21:04:27.940Z","logger":"broker_ingress","caller":"ingress/ingress_handler.go:120","msg":"Error retrieving TTL, defaulting.","commit":"7655d9c","error":"\"knativebrokerttl\" not found"}
{"level":"info","ts":"2019-12-03T21:04:27.940Z","logger":"broker_ingress","caller":"ingress/ingress_handler.go:120","msg":"Error retrieving TTL, defaulting.","commit":"7655d9c","error":"\"knativebrokerttl\" not found"}
{"level":"info","ts":"2019-12-03T21:04:27.941Z","logger":"broker_ingress","caller":"ingress/ingress_handler.go:120","msg":"Error retrieving TTL, defaulting.","commit":"7655d9c","error":"\"knativebrokerttl\" not found"}
{"level":"info","ts":"2019-12-03T21:04:27.941Z","logger":"broker_ingress","caller":"ingress/ingress_handler.go:120","msg":"Error retrieving TTL, defaulting.","commit":"7655d9c","error":"\"knativebrokerttl\" not found"}
{"level":"info","ts":"2019-12-03T21:04:27.942Z","logger":"broker_ingress","caller":"ingress/ingress_handler.go:120","msg":"Error retrieving TTL, defaulting.","commit":"7655d9c","error":"\"knativebrokerttl\" not found"}
{"level":"info","ts":"2019-12-03T21:04:27.942Z","logger":"broker_ingress","caller":"ingress/ingress_handler.go:120","msg":"Error retrieving TTL, defaulting.","commit":"7655d9c","error":"\"knativebrokerttl\" not found"}
{"level":"info","ts":"2019-12-03T21:04:27.942Z","logger":"broker_ingress","caller":"ingress/ingress_handler.go:120","msg":"Error retrieving TTL, defaulting.","commit":"7655d9c","error":"\"knativebrokerttl\" not found"}
{"level":"info","ts":"2019-12-03T21:04:27.943Z","logger":"broker_ingress","caller":"ingress/ingress_handler.go:120","msg":"Error retrieving TTL, defaulting.","commit":"7655d9c","error":"\"knativebrokerttl\" not found"}
{"level":"info","ts":"2019-12-03T21:04:27.943Z","logger":"broker_ingress","caller":"ingress/ingress_handler.go:120","msg":"Error retrieving TTL, defaulting.","commit":"7655d9c","error":"\"knativebrokerttl\" not found"}
{"level":"info","ts":"2019-12-03T21:04:27.944Z","logger":"broker_ingress","caller":"ingress/ingress_handler.go:120","msg":"Error retrieving TTL, defaulting.","commit":"7655d9c","error":"\"knativebrokerttl\" not found"}
{"level":"info","ts":"2019-12-03T21:04:27.945Z","logger":"broker_ingress","caller":"ingress/ingress_handler.go:120","msg":"Error retrieving TTL, defaulting.","commit":"7655d9c","error":"\"knativebrokerttl\" not found"}
{"level":"info","ts":"2019-12-03T21:04:27.945Z","logger":"broker_ingress","caller":"ingress/ingress_handler.go:120","msg":"Error retrieving TTL, defaulting.","commit":"7655d9c","error":"\"knativebrokerttl\" not found"}
{"level":"info","ts":"2019-12-03T21:04:27.945Z","logger":"broker_ingress","caller":"ingress/ingress_handler.go:120","msg":"Error retrieving TTL, defaulting.","commit":"7655d9c","error":"\"knativebrokerttl\" not found"}
{"level":"info","ts":"2019-12-03T21:04:27.946Z","logger":"broker_ingress","caller":"ingress/ingress_handler.go:120","msg":"Error retrieving TTL, defaulting.","commit":"7655d9c","error":"\"knativebrokerttl\" not found"}
{"level":"info","ts":"2019-12-03T21:04:27.946Z","logger":"broker_ingress","caller":"ingress/ingress_handler.go:120","msg":"Error retrieving TTL, defaulting.","commit":"7655d9c","error":"\"knativebrokerttl\" not found"}
{"level":"info","ts":"2019-12-03T21:04:27.947Z","logger":"broker_ingress","caller":"ingress/ingress_handler.go:120","msg":"Error retrieving TTL, defaulting.","commit":"7655d9c","error":"\"knativebrokerttl\" not found"}
{"level":"info","ts":"2019-12-03T21:04:27.948Z","logger":"broker_ingress","caller":"ingress/ingress_handler.go:120","msg":"Error retrieving TTL, defaulting.","commit":"7655d9c","error":"\"knativebrokerttl\" not found"}
{"level":"info","ts":"2019-12-03T21:04:27.948Z","logger":"broker_ingress","caller":"ingress/ingress_handler.go:120","msg":"Error retrieving TTL, defaulting.","commit":"7655d9c","error":"\"knativebrokerttl\" not found"}
{"level":"info","ts":"2019-12-03T21:04:27.949Z","logger":"broker_ingress","caller":"ingress/ingress_handler.go:120","msg":"Error retrieving TTL, defaulting.","commit":"7655d9c","error":"\"knativebrokerttl\" not found"}
{"level":"info","ts":"2019-12-03T21:04:27.949Z","logger":"broker_ingress","caller":"ingress/ingress_handler.go:120","msg":"Error retrieving TTL, defaulting.","commit":"7655d9c","error":"\"knativebrokerttl\" not found"}
{"level":"info","ts":"2019-12-03T21:04:27.950Z","logger":"broker_ingress","caller":"ingress/ingress_handler.go:120","msg":"Error retrieving TTL, defaulting.","commit":"7655d9c","error":"\"knativebrokerttl\" not found"}
{"level":"info","ts":"2019-12-03T21:04:27.950Z","logger":"broker_ingress","caller":"ingress/ingress_handler.go:120","msg":"Error retrieving TTL, defaulting.","commit":"7655d9c","error":"\"knativebrokerttl\" not found"}
{"level":"info","ts":"2019-12-03T21:04:27.951Z","logger":"broker_ingress","caller":"ingress/ingress_handler.go:120","msg":"Error retrieving TTL, defaulting.","commit":"7655d9c","error":"\"knativebrokerttl\" not found"}
{"level":"info","ts":"2019-12-03T21:04:27.951Z","logger":"broker_ingress","caller":"ingress/ingress_handler.go:120","msg":"Error retrieving TTL, defaulting.","commit":"7655d9c","error":"\"knativebrokerttl\" not found"}
{"level":"info","ts":"2019-12-03T21:04:27.953Z","logger":"broker_ingress","caller":"ingress/ingress_handler.go:120","msg":"Error retrieving TTL, defaulting.","commit":"7655d9c","error":"\"knativebrokerttl\" not found"}
{"level":"info","ts":"2019-12-03T21:04:27.967Z","logger":"broker_ingress","caller":"ingress/ingress_handler.go:120","msg":"Error retrieving TTL, defaulting.","commit":"7655d9c","error":"\"knativebrokerttl\" not found"}
{"level":"info","ts":"2019-12-03T21:04:27.968Z","logger":"broker_ingress","caller":"ingress/ingress_handler.go:120","msg":"Error retrieving TTL, defaulting.","commit":"7655d9c","error":"\"knativebrokerttl\" not found"}
{"level":"info","ts":"2019-12-03T21:04:27.976Z","logger":"broker_ingress","caller":"ingress/ingress_handler.go:120","msg":"Error retrieving TTL, defaulting.","commit":"7655d9c","error":"\"knativebrokerttl\" not found"}
{"level":"info","ts":"2019-12-03T21:04:27.977Z","logger":"broker_ingress","caller":"ingress/ingress_handler.go:120","msg":"Error retrieving TTL, defaulting.","commit":"7655d9c","error":"\"knativebrokerttl\" not found"}
{"level":"info","ts":"2019-12-03T21:04:27.978Z","logger":"broker_ingress","caller":"ingress/ingress_handler.go:120","msg":"Error retrieving TTL, defaulting.","commit":"7655d9c","error":"\"knativebrokerttl\" not found"}
{"level":"info","ts":"2019-12-03T21:04:27.978Z","logger":"broker_ingress","caller":"ingress/ingress_handler.go:120","msg":"Error retrieving TTL, defaulting.","commit":"7655d9c","error":"\"knativebrokerttl\" not found"}
{"level":"info","ts":"2019-12-03T21:04:27.996Z","logger":"broker_ingress","caller":"ingress/ingress_handler.go:120","msg":"Error retrieving TTL, defaulting.","commit":"7655d9c","error":"\"knativebrokerttl\" not found"}
{"level":"info","ts":"2019-12-03T21:04:27.997Z","logger":"broker_ingress","caller":"ingress/ingress_handler.go:120","msg":"Error retrieving TTL, defaulting.","commit":"7655d9c","error":"\"knativebrokerttl\" not found"}
{"level":"info","ts":"2019-12-03T21:04:28.001Z","logger":"broker_ingress","caller":"ingress/ingress_handler.go:120","msg":"Error retrieving TTL, defaulting.","commit":"7655d9c","error":"\"knativebrokerttl\" not found"}
{"level":"info","ts":"2019-12-03T21:04:28.001Z","logger":"broker_ingress","caller":"ingress/ingress_handler.go:120","msg":"Error retrieving TTL, defaulting.","commit":"7655d9c","error":"\"knativebrokerttl\" not found"}
{"level":"info","ts":"2019-12-03T21:04:28.002Z","logger":"broker_ingress","caller":"ingress/ingress_handler.go:120","msg":"Error retrieving TTL, defaulting.","commit":"7655d9c","error":"\"knativebrokerttl\" not found"}
{"level":"info","ts":"2019-12-03T21:04:28.003Z","logger":"broker_ingress","caller":"ingress/ingress_handler.go:120","msg":"Error retrieving TTL, defaulting.","commit":"7655d9c","error":"\"knativebrokerttl\" not found"}
{"level":"info","ts":"2019-12-03T21:04:28.003Z","logger":"broker_ingress","caller":"ingress/ingress_handler.go:120","msg":"Error retrieving TTL, defaulting.","commit":"7655d9c","error":"\"knativebrokerttl\" not found"}
{"level":"info","ts":"2019-12-03T21:04:28.004Z","logger":"broker_ingress","caller":"ingress/ingress_handler.go:120","msg":"Error retrieving TTL, defaulting.","commit":"7655d9c","error":"\"knativebrokerttl\" not found"}
{"level":"info","ts":"2019-12-03T21:04:28.005Z","logger":"broker_ingress","caller":"ingress/ingress_handler.go:120","msg":"Error retrieving TTL, defaulting.","commit":"7655d9c","error":"\"knativebrokerttl\" not found"}
{"level":"info","ts":"2019-12-03T21:04:28.005Z","logger":"broker_ingress","caller":"ingress/ingress_handler.go:120","msg":"Error retrieving TTL, defaulting.","commit":"7655d9c","error":"\"knativebrokerttl\" not found"}
{"level":"info","ts":"2019-12-03T21:04:28.007Z","logger":"broker_ingress","caller":"ingress/ingress_handler.go:120","msg":"Error retrieving TTL, defaulting.","commit":"7655d9c","error":"\"knativebrokerttl\" not found"}
{"level":"info","ts":"2019-12-03T21:04:28.010Z","logger":"broker_ingress","caller":"ingress/ingress_handler.go:120","msg":"Error retrieving TTL, defaulting.","commit":"7655d9c","error":"\"knativebrokerttl\" not found"}
{"level":"info","ts":"2019-12-03T21:04:28.011Z","logger":"broker_ingress","caller":"ingress/ingress_handler.go:120","msg":"Error retrieving TTL, defaulting.","commit":"7655d9c","error":"\"knativebrokerttl\" not found"}
{"level":"info","ts":"2019-12-03T21:04:28.012Z","logger":"broker_ingress","caller":"ingress/ingress_handler.go:120","msg":"Error retrieving TTL, defaulting.","commit":"7655d9c","error":"\"knativebrokerttl\" not found"}
{"level":"info","ts":"2019-12-03T21:04:28.013Z","logger":"broker_ingress","caller":"ingress/ingress_handler.go:120","msg":"Error retrieving TTL, defaulting.","commit":"7655d9c","error":"\"knativebrokerttl\" not found"}
{"level":"info","ts":"2019-12-03T21:04:28.014Z","logger":"broker_ingress","caller":"ingress/ingress_handler.go:120","msg":"Error retrieving TTL, defaulting.","commit":"7655d9c","error":"\"knativebrokerttl\" not found"}
{"level":"info","ts":"2019-12-03T21:04:28.014Z","logger":"broker_ingress","caller":"ingress/ingress_handler.go:120","msg":"Error retrieving TTL, defaulting.","commit":"7655d9c","error":"\"knativebrokerttl\" not found"}
{"level":"info","ts":"2019-12-03T21:04:28.015Z","logger":"broker_ingress","caller":"ingress/ingress_handler.go:120","msg":"Error retrieving TTL, defaulting.","commit":"7655d9c","error":"\"knativebrokerttl\" not found"}
{"level":"info","ts":"2019-12-03T21:04:28.015Z","logger":"broker_ingress","caller":"ingress/ingress_handler.go:120","msg":"Error retrieving TTL, defaulting.","commit":"7655d9c","error":"\"knativebrokerttl\" not found"}
{"level":"info","ts":"2019-12-03T21:04:28.016Z","logger":"broker_ingress","caller":"ingress/ingress_handler.go:120","msg":"Error retrieving TTL, defaulting.","commit":"7655d9c","error":"\"knativebrokerttl\" not found"}
{"level":"info","ts":"2019-12-03T21:04:28.016Z","logger":"broker_ingress","caller":"ingress/ingress_handler.go:120","msg":"Error retrieving TTL, defaulting.","commit":"7655d9c","error":"\"knativebrokerttl\" not found"}
{"level":"info","ts":"2019-12-03T21:04:28.017Z","logger":"broker_ingress","caller":"ingress/ingress_handler.go:120","msg":"Error retrieving TTL, defaulting.","commit":"7655d9c","error":"\"knativebrokerttl\" not found"}
{"level":"info","ts":"2019-12-03T21:04:28.017Z","logger":"broker_ingress","caller":"ingress/ingress_handler.go:120","msg":"Error retrieving TTL, defaulting.","commit":"7655d9c","error":"\"knativebrokerttl\" not found"}
{"level":"info","ts":"2019-12-03T21:04:28.018Z","logger":"broker_ingress","caller":"ingress/ingress_handler.go:120","msg":"Error retrieving TTL, defaulting.","commit":"7655d9c","error":"\"knativebrokerttl\" not found"}
{"level":"info","ts":"2019-12-03T21:04:28.018Z","logger":"broker_ingress","caller":"ingress/ingress_handler.go:120","msg":"Error retrieving TTL, defaulting.","commit":"7655d9c","error":"\"knativebrokerttl\" not found"}
{"level":"info","ts":"2019-12-03T21:04:28.019Z","logger":"broker_ingress","caller":"ingress/ingress_handler.go:120","msg":"Error retrieving TTL, defaulting.","commit":"7655d9c","error":"\"knativebrokerttl\" not found"}
{"level":"info","ts":"2019-12-03T21:04:28.019Z","logger":"broker_ingress","caller":"ingress/ingress_handler.go:120","msg":"Error retrieving TTL, defaulting.","commit":"7655d9c","error":"\"knativebrokerttl\" not found"}
{"level":"info","ts":"2019-12-03T21:04:28.020Z","logger":"broker_ingress","caller":"ingress/ingress_handler.go:120","msg":"Error retrieving TTL, defaulting.","commit":"7655d9c","error":"\"knativebrokerttl\" not found"}
{"level":"info","ts":"2019-12-03T21:04:28.020Z","logger":"broker_ingress","caller":"ingress/ingress_handler.go:120","msg":"Error retrieving TTL, defaulting.","commit":"7655d9c","error":"\"knativebrokerttl\" not found"}
{"level":"info","ts":"2019-12-03T21:04:28.021Z","logger":"broker_ingress","caller":"ingress/ingress_handler.go:120","msg":"Error retrieving TTL, defaulting.","commit":"7655d9c","error":"\"knativebrokerttl\" not found"}
{"level":"info","ts":"2019-12-03T21:04:28.021Z","logger":"broker_ingress","caller":"ingress/ingress_handler.go:120","msg":"Error retrieving TTL, defaulting.","commit":"7655d9c","error":"\"knativebrokerttl\" not found"}
{"level":"info","ts":"2019-12-03T21:04:28.025Z","logger":"broker_ingress","caller":"ingress/ingress_handler.go:120","msg":"Error retrieving TTL, defaulting.","commit":"7655d9c","error":"\"knativebrokerttl\" not found"}
{"level":"info","ts":"2019-12-03T21:04:27.852Z","logger":"broker_ingress","caller":"ingress/ingress_handler.go:120","msg":"Error retrieving TTL, defaulting.","commit":"7655d9c","error":"\"knativebrokerttl\" not found"}
{"level":"info","ts":"2019-12-03T21:04:28.026Z","logger":"broker_ingress","caller":"ingress/ingress_handler.go:120","msg":"Error retrieving TTL, defaulting.","commit":"7655d9c","error":"\"knativebrokerttl\" not found"}
{"level":"info","ts":"2019-12-03T21:04:28.026Z","logger":"broker_ingress","caller":"ingress/ingress_handler.go:120","msg":"Error retrieving TTL, defaulting.","commit":"7655d9c","error":"\"knativebrokerttl\" not found"}
{"level":"info","ts":"2019-12-03T21:04:28.027Z","logger":"broker_ingress","caller":"ingress/ingress_handler.go:120","msg":"Error retrieving TTL, defaulting.","commit":"7655d9c","error":"\"knativebrokerttl\" not found"}
{"level":"info","ts":"2019-12-03T21:04:28.028Z","logger":"broker_ingress","caller":"ingress/ingress_handler.go:120","msg":"Error retrieving TTL, defaulting.","commit":"7655d9c","error":"\"knativebrokerttl\" not found"}
{"level":"info","ts":"2019-12-03T21:04:28.029Z","logger":"broker_ingress","caller":"ingress/ingress_handler.go:120","msg":"Error retrieving TTL, defaulting.","commit":"7655d9c","error":"\"knativebrokerttl\" not found"}
{"level":"info","ts":"2019-12-03T21:04:28.029Z","logger":"broker_ingress","caller":"ingress/ingress_handler.go:120","msg":"Error retrieving TTL, defaulting.","commit":"7655d9c","error":"\"knativebrokerttl\" not found"}
{"level":"info","ts":"2019-12-03T21:04:28.018Z","logger":"broker_ingress","caller":"ingress/ingress_handler.go:120","msg":"Error retrieving TTL, defaulting.","commit":"7655d9c","error":"\"knativebrokerttl\" not found"}
{"level":"info","ts":"2019-12-03T21:04:28.030Z","logger":"broker_ingress","caller":"ingress/ingress_handler.go:120","msg":"Error retrieving TTL, defaulting.","commit":"7655d9c","error":"\"knativebrokerttl\" not found"}
{"level":"info","ts":"2019-12-03T21:04:28.032Z","logger":"broker_ingress","caller":"ingress/ingress_handler.go:120","msg":"Error retrieving TTL, defaulting.","commit":"7655d9c","error":"\"knativebrokerttl\" not found"}
{"level":"info","ts":"2019-12-03T21:04:28.032Z","logger":"broker_ingress","caller":"ingress/ingress_handler.go:120","msg":"Error retrieving TTL, defaulting.","commit":"7655d9c","error":"\"knativebrokerttl\" not found"}
{"level":"info","ts":"2019-12-03T21:04:28.033Z","logger":"broker_ingress","caller":"ingress/ingress_handler.go:120","msg":"Error retrieving TTL, defaulting.","commit":"7655d9c","error":"\"knativebrokerttl\" not found"}
{"level":"info","ts":"2019-12-03T21:04:28.033Z","logger":"broker_ingress","caller":"ingress/ingress_handler.go:120","msg":"Error retrieving TTL, defaulting.","commit":"7655d9c","error":"\"knativebrokerttl\" not found"}
{"level":"info","ts":"2019-12-03T21:04:28.034Z","logger":"broker_ingress","caller":"ingress/ingress_handler.go:120","msg":"Error retrieving TTL, defaulting.","commit":"7655d9c","error":"\"knativebrokerttl\" not found"}
{"level":"info","ts":"2019-12-03T21:04:28.035Z","logger":"broker_ingress","caller":"ingress/ingress_handler.go:120","msg":"Error retrieving TTL, defaulting.","commit":"7655d9c","error":"\"knativebrokerttl\" not found"}
{"level":"info","ts":"2019-12-03T21:04:28.035Z","logger":"broker_ingress","caller":"ingress/ingress_handler.go:120","msg":"Error retrieving TTL, defaulting.","commit":"7655d9c","error":"\"knativebrokerttl\" not found"}
{"level":"info","ts":"2019-12-03T21:04:28.035Z","logger":"broker_ingress","caller":"ingress/ingress_handler.go:120","msg":"Error retrieving TTL, defaulting.","commit":"7655d9c","error":"\"knativebrokerttl\" not found"}
{"level":"info","ts":"2019-12-03T21:04:28.036Z","logger":"broker_ingress","caller":"ingress/ingress_handler.go:120","msg":"Error retrieving TTL, defaulting.","commit":"7655d9c","error":"\"knativebrokerttl\" not found"}
{"level":"info","ts":"2019-12-03T21:04:28.036Z","logger":"broker_ingress","caller":"ingress/ingress_handler.go:120","msg":"Error retrieving TTL, defaulting.","commit":"7655d9c","error":"\"knativebrokerttl\" not found"}
{"level":"info","ts":"2019-12-03T21:04:28.037Z","logger":"broker_ingress","caller":"ingress/ingress_handler.go:120","msg":"Error retrieving TTL, defaulting.","commit":"7655d9c","error":"\"knativebrokerttl\" not found"}
{"level":"info","ts":"2019-12-03T21:04:28.037Z","logger":"broker_ingress","caller":"ingress/ingress_handler.go:120","msg":"Error retrieving TTL, defaulting.","commit":"7655d9c","error":"\"knativebrokerttl\" not found"}
{"level":"info","ts":"2019-12-03T21:04:28.040Z","logger":"broker_ingress","caller":"ingress/ingress_handler.go:120","msg":"Error retrieving TTL, defaulting.","commit":"7655d9c","error":"\"knativebrokerttl\" not found"}
{"level":"info","ts":"2019-12-03T21:04:28.040Z","logger":"broker_ingress","caller":"ingress/ingress_handler.go:120","msg":"Error retrieving TTL, defaulting.","commit":"7655d9c","error":"\"knativebrokerttl\" not found"}
{"level":"info","ts":"2019-12-03T21:04:28.041Z","logger":"broker_ingress","caller":"ingress/ingress_handler.go:120","msg":"Error retrieving TTL, defaulting.","commit":"7655d9c","error":"\"knativebrokerttl\" not found"}
{"level":"info","ts":"2019-12-03T21:04:28.042Z","logger":"broker_ingress","caller":"ingress/ingress_handler.go:120","msg":"Error retrieving TTL, defaulting.","commit":"7655d9c","error":"\"knativebrokerttl\" not found"}
{"level":"info","ts":"2019-12-03T21:04:28.042Z","logger":"broker_ingress","caller":"ingress/ingress_handler.go:120","msg":"Error retrieving TTL, defaulting.","commit":"7655d9c","error":"\"knativebrokerttl\" not found"}
{"level":"info","ts":"2019-12-03T21:04:28.044Z","logger":"broker_ingress","caller":"ingress/ingress_handler.go:120","msg":"Error retrieving TTL, defaulting.","commit":"7655d9c","error":"\"knativebrokerttl\" not found"}
{"level":"info","ts":"2019-12-03T21:04:28.044Z","logger":"broker_ingress","caller":"ingress/ingress_handler.go:120","msg":"Error retrieving TTL, defaulting.","commit":"7655d9c","error":"\"knativebrokerttl\" not found"}
{"level":"info","ts":"2019-12-03T21:04:28.045Z","logger":"broker_ingress","caller":"ingress/ingress_handler.go:120","msg":"Error retrieving TTL, defaulting.","commit":"7655d9c","error":"\"knativebrokerttl\" not found"}
{"level":"info","ts":"2019-12-03T21:04:28.048Z","logger":"broker_ingress","caller":"ingress/ingress_handler.go:120","msg":"Error retrieving TTL, defaulting.","commit":"7655d9c","error":"\"knativebrokerttl\" not found"}
{"level":"info","ts":"2019-12-03T21:04:28.048Z","logger":"broker_ingress","caller":"ingress/ingress_handler.go:120","msg":"Error retrieving TTL, defaulting.","commit":"7655d9c","error":"\"knativebrokerttl\" not found"}
{"level":"info","ts":"2019-12-03T21:04:28.049Z","logger":"broker_ingress","caller":"ingress/ingress_handler.go:120","msg":"Error retrieving TTL, defaulting.","commit":"7655d9c","error":"\"knativebrokerttl\" not found"}
{"level":"info","ts":"2019-12-03T21:04:28.049Z","logger":"broker_ingress","caller":"ingress/ingress_handler.go:120","msg":"Error retrieving TTL, defaulting.","commit":"7655d9c","error":"\"knativebrokerttl\" not found"}
{"level":"info","ts":"2019-12-03T21:04:28.050Z","logger":"broker_ingress","caller":"ingress/ingress_handler.go:120","msg":"Error retrieving TTL, defaulting.","commit":"7655d9c","error":"\"knativebrokerttl\" not found"}
{"level":"info","ts":"2019-12-03T21:04:28.050Z","logger":"broker_ingress","caller":"ingress/ingress_handler.go:120","msg":"Error retrieving TTL, defaulting.","commit":"7655d9c","error":"\"knativebrokerttl\" not found"}
{"level":"info","ts":"2019-12-03T21:04:28.051Z","logger":"broker_ingress","caller":"ingress/ingress_handler.go:120","msg":"Error retrieving TTL, defaulting.","commit":"7655d9c","error":"\"knativebrokerttl\" not found"}
{"level":"info","ts":"2019-12-03T21:04:28.051Z","logger":"broker_ingress","caller":"ingress/ingress_handler.go:120","msg":"Error retrieving TTL, defaulting.","commit":"7655d9c","error":"\"knativebrokerttl\" not found"}
{"level":"info","ts":"2019-12-03T21:04:28.052Z","logger":"broker_ingress","caller":"ingress/ingress_handler.go:120","msg":"Error retrieving TTL, defaulting.","commit":"7655d9c","error":"\"knativebrokerttl\" not found"}
{"level":"info","ts":"2019-12-03T21:04:28.053Z","logger":"broker_ingress","caller":"ingress/ingress_handler.go:120","msg":"Error retrieving TTL, defaulting.","commit":"7655d9c","error":"\"knativebrokerttl\" not found"}
{"level":"info","ts":"2019-12-03T21:04:28.055Z","logger":"broker_ingress","caller":"ingress/ingress_handler.go:120","msg":"Error retrieving TTL, defaulting.","commit":"7655d9c","error":"\"knativebrokerttl\" not found"}
{"level":"info","ts":"2019-12-03T21:04:28.055Z","logger":"broker_ingress","caller":"ingress/ingress_handler.go:120","msg":"Error retrieving TTL, defaulting.","commit":"7655d9c","error":"\"knativebrokerttl\" not found"}
{"level":"info","ts":"2019-12-03T21:04:28.056Z","logger":"broker_ingress","caller":"ingress/ingress_handler.go:120","msg":"Error retrieving TTL, defaulting.","commit":"7655d9c","error":"\"knativebrokerttl\" not found"}
{"level":"info","ts":"2019-12-03T21:04:28.057Z","logger":"broker_ingress","caller":"ingress/ingress_handler.go:120","msg":"Error retrieving TTL, defaulting.","commit":"7655d9c","error":"\"knativebrokerttl\" not found"}
{"level":"info","ts":"2019-12-03T21:04:28.057Z","logger":"broker_ingress","caller":"ingress/ingress_handler.go:120","msg":"Error retrieving TTL, defaulting.","commit":"7655d9c","error":"\"knativebrokerttl\" not found"}
{"level":"info","ts":"2019-12-03T21:04:28.057Z","logger":"broker_ingress","caller":"ingress/ingress_handler.go:120","msg":"Error retrieving TTL, defaulting.","commit":"7655d9c","error":"\"knativebrokerttl\" not found"}
{"level":"info","ts":"2019-12-03T21:04:28.059Z","logger":"broker_ingress","caller":"ingress/ingress_handler.go:120","msg":"Error retrieving TTL, defaulting.","commit":"7655d9c","error":"\"knativebrokerttl\" not found"}
{"level":"info","ts":"2019-12-03T21:04:28.060Z","logger":"broker_ingress","caller":"ingress/ingress_handler.go:120","msg":"Error retrieving TTL, defaulting.","commit":"7655d9c","error":"\"knativebrokerttl\" not found"}
{"level":"info","ts":"2019-12-03T21:04:28.060Z","logger":"broker_ingress","caller":"ingress/ingress_handler.go:120","msg":"Error retrieving TTL, defaulting.","commit":"7655d9c","error":"\"knativebrokerttl\" not found"}
{"level":"info","ts":"2019-12-03T21:04:28.063Z","logger":"broker_ingress","caller":"ingress/ingress_handler.go:120","msg":"Error retrieving TTL, defaulting.","commit":"7655d9c","error":"\"knativebrokerttl\" not found"}
{"level":"info","ts":"2019-12-03T21:04:28.063Z","logger":"broker_ingress","caller":"ingress/ingress_handler.go:120","msg":"Error retrieving TTL, defaulting.","commit":"7655d9c","error":"\"knativebrokerttl\" not found"}
{"level":"info","ts":"2019-12-03T21:04:28.065Z","logger":"broker_ingress","caller":"ingress/ingress_handler.go:120","msg":"Error retrieving TTL, defaulting.","commit":"7655d9c","error":"\"knativebrokerttl\" not found"}
{"level":"info","ts":"2019-12-03T21:04:28.066Z","logger":"broker_ingress","caller":"ingress/ingress_handler.go:120","msg":"Error retrieving TTL, defaulting.","commit":"7655d9c","error":"\"knativebrokerttl\" not found"}
{"level":"info","ts":"2019-12-03T21:04:28.067Z","logger":"broker_ingress","caller":"ingress/ingress_handler.go:120","msg":"Error retrieving TTL, defaulting.","commit":"7655d9c","error":"\"knativebrokerttl\" not found"}
{"level":"info","ts":"2019-12-03T21:04:28.068Z","logger":"broker_ingress","caller":"ingress/ingress_handler.go:120","msg":"Error retrieving TTL, defaulting.","commit":"7655d9c","error":"\"knativebrokerttl\" not found"}
{"level":"info","ts":"2019-12-03T21:04:28.068Z","logger":"broker_ingress","caller":"ingress/ingress_handler.go:120","msg":"Error retrieving TTL, defaulting.","commit":"7655d9c","error":"\"knativebrokerttl\" not found"}
{"level":"info","ts":"2019-12-03T21:04:28.072Z","logger":"broker_ingress","caller":"ingress/ingress_handler.go:120","msg":"Error retrieving TTL, defaulting.","commit":"7655d9c","error":"\"knativebrokerttl\" not found"}
{"level":"info","ts":"2019-12-03T21:04:28.073Z","logger":"broker_ingress","caller":"ingress/ingress_handler.go:120","msg":"Error retrieving TTL, defaulting.","commit":"7655d9c","error":"\"knativebrokerttl\" not found"}
{"level":"info","ts":"2019-12-03T21:04:28.073Z","logger":"broker_ingress","caller":"ingress/ingress_handler.go:120","msg":"Error retrieving TTL, defaulting.","commit":"7655d9c","error":"\"knativebrokerttl\" not found"}
{"level":"info","ts":"2019-12-03T21:04:28.074Z","logger":"broker_ingress","caller":"ingress/ingress_handler.go:120","msg":"Error retrieving TTL, defaulting.","commit":"7655d9c","error":"\"knativebrokerttl\" not found"}
{"level":"info","ts":"2019-12-03T21:04:28.069Z","logger":"broker_ingress","caller":"ingress/ingress_handler.go:120","msg":"Error retrieving TTL, defaulting.","commit":"7655d9c","error":"\"knativebrokerttl\" not found"}
{"level":"info","ts":"2019-12-03T21:04:28.076Z","logger":"broker_ingress","caller":"ingress/ingress_handler.go:120","msg":"Error retrieving TTL, defaulting.","commit":"7655d9c","error":"\"knativebrokerttl\" not found"}
{"level":"info","ts":"2019-12-03T21:04:28.076Z","logger":"broker_ingress","caller":"ingress/ingress_handler.go:120","msg":"Error retrieving TTL, defaulting.","commit":"7655d9c","error":"\"knativebrokerttl\" not found"}
{"level":"info","ts":"2019-12-03T21:04:28.080Z","logger":"broker_ingress","caller":"ingress/ingress_handler.go:120","msg":"Error retrieving TTL, defaulting.","commit":"7655d9c","error":"\"knativebrokerttl\" not found"}
{"level":"info","ts":"2019-12-03T21:04:28.080Z","logger":"broker_ingress","caller":"ingress/ingress_handler.go:120","msg":"Error retrieving TTL, defaulting.","commit":"7655d9c","error":"\"knativebrokerttl\" not found"}
{"level":"info","ts":"2019-12-03T21:04:28.081Z","logger":"broker_ingress","caller":"ingress/ingress_handler.go:120","msg":"Error retrieving TTL, defaulting.","commit":"7655d9c","error":"\"knativebrokerttl\" not found"}
{"level":"info","ts":"2019-12-03T21:04:28.081Z","logger":"broker_ingress","caller":"ingress/ingress_handler.go:120","msg":"Error retrieving TTL, defaulting.","commit":"7655d9c","error":"\"knativebrokerttl\" not found"}
{"level":"info","ts":"2019-12-03T21:04:28.083Z","logger":"broker_ingress","caller":"ingress/ingress_handler.go:120","msg":"Error retrieving TTL, defaulting.","commit":"7655d9c","error":"\"knativebrokerttl\" not found"}
{"level":"info","ts":"2019-12-03T21:04:28.084Z","logger":"broker_ingress","caller":"ingress/ingress_handler.go:120","msg":"Error retrieving TTL, defaulting.","commit":"7655d9c","error":"\"knativebrokerttl\" not found"}
{"level":"info","ts":"2019-12-03T21:04:28.084Z","logger":"broker_ingress","caller":"ingress/ingress_handler.go:120","msg":"Error retrieving TTL, defaulting.","commit":"7655d9c","error":"\"knativebrokerttl\" not found"}
{"level":"info","ts":"2019-12-03T21:04:28.086Z","logger":"broker_ingress","caller":"ingress/ingress_handler.go:120","msg":"Error retrieving TTL, defaulting.","commit":"7655d9c","error":"\"knativebrokerttl\" not found"}
{"level":"info","ts":"2019-12-03T21:04:28.089Z","logger":"broker_ingress","caller":"ingress/ingress_handler.go:120","msg":"Error retrieving TTL, defaulting.","commit":"7655d9c","error":"\"knativebrokerttl\" not found"}
{"level":"info","ts":"2019-12-03T21:04:28.090Z","logger":"broker_ingress","caller":"ingress/ingress_handler.go:120","msg":"Error retrieving TTL, defaulting.","commit":"7655d9c","error":"\"knativebrokerttl\" not found"}
{"level":"info","ts":"2019-12-03T21:04:28.091Z","logger":"broker_ingress","caller":"ingress/ingress_handler.go:120","msg":"Error retrieving TTL, defaulting.","commit":"7655d9c","error":"\"knativebrokerttl\" not found"}
{"level":"info","ts":"2019-12-03T21:04:28.091Z","logger":"broker_ingress","caller":"ingress/ingress_handler.go:120","msg":"Error retrieving TTL, defaulting.","commit":"7655d9c","error":"\"knativebrokerttl\" not found"}
{"level":"info","ts":"2019-12-03T21:04:28.092Z","logger":"broker_ingress","caller":"ingress/ingress_handler.go:120","msg":"Error retrieving TTL, defaulting.","commit":"7655d9c","error":"\"knativebrokerttl\" not found"}
{"level":"info","ts":"2019-12-03T21:04:28.100Z","logger":"broker_ingress","caller":"ingress/ingress_handler.go:120","msg":"Error retrieving TTL, defaulting.","commit":"7655d9c","error":"\"knativebrokerttl\" not found"}
{"level":"info","ts":"2019-12-03T21:04:28.101Z","logger":"broker_ingress","caller":"ingress/ingress_handler.go:120","msg":"Error retrieving TTL, defaulting.","commit":"7655d9c","error":"\"knativebrokerttl\" not found"}
{"level":"info","ts":"2019-12-03T21:04:28.101Z","logger":"broker_ingress","caller":"ingress/ingress_handler.go:120","msg":"Error retrieving TTL, defaulting.","commit":"7655d9c","error":"\"knativebrokerttl\" not found"}
{"level":"info","ts":"2019-12-03T21:04:28.085Z","logger":"broker_ingress","caller":"ingress/ingress_handler.go:120","msg":"Error retrieving TTL, defaulting.","commit":"7655d9c","error":"\"knativebrokerttl\" not found"}
{"level":"info","ts":"2019-12-03T21:04:28.104Z","logger":"broker_ingress","caller":"ingress/ingress_handler.go:120","msg":"Error retrieving TTL, defaulting.","commit":"7655d9c","error":"\"knativebrokerttl\" not found"}
{"level":"info","ts":"2019-12-03T21:04:28.105Z","logger":"broker_ingress","caller":"ingress/ingress_handler.go:120","msg":"Error retrieving TTL, defaulting.","commit":"7655d9c","error":"\"knativebrokerttl\" not found"}
{"level":"info","ts":"2019-12-03T21:04:28.106Z","logger":"broker_ingress","caller":"ingress/ingress_handler.go:120","msg":"Error retrieving TTL, defaulting.","commit":"7655d9c","error":"\"knativebrokerttl\" not found"}
{"level":"info","ts":"2019-12-03T21:04:28.106Z","logger":"broker_ingress","caller":"ingress/ingress_handler.go:120","msg":"Error retrieving TTL, defaulting.","commit":"7655d9c","error":"\"knativebrokerttl\" not found"}
{"level":"info","ts":"2019-12-03T21:04:28.114Z","logger":"broker_ingress","caller":"ingress/ingress_handler.go:120","msg":"Error retrieving TTL, defaulting.","commit":"7655d9c","error":"\"knativebrokerttl\" not found"}
{"level":"info","ts":"2019-12-03T21:04:28.115Z","logger":"broker_ingress","caller":"ingress/ingress_handler.go:120","msg":"Error retrieving TTL, defaulting.","commit":"7655d9c","error":"\"knativebrokerttl\" not found"}
{"level":"info","ts":"2019-12-03T21:04:28.115Z","logger":"broker_ingress","caller":"ingress/ingress_handler.go:120","msg":"Error retrieving TTL, defaulting.","commit":"7655d9c","error":"\"knativebrokerttl\" not found"}
{"level":"info","ts":"2019-12-03T21:04:28.116Z","logger":"broker_ingress","caller":"ingress/ingress_handler.go:120","msg":"Error retrieving TTL, defaulting.","commit":"7655d9c","error":"\"knativebrokerttl\" not found"}
{"level":"info","ts":"2019-12-03T21:04:28.116Z","logger":"broker_ingress","caller":"ingress/ingress_handler.go:120","msg":"Error retrieving TTL, defaulting.","commit":"7655d9c","error":"\"knativebrokerttl\" not found"}
{"level":"info","ts":"2019-12-03T21:04:28.122Z","logger":"broker_ingress","caller":"ingress/ingress_handler.go:120","msg":"Error retrieving TTL, defaulting.","commit":"7655d9c","error":"\"knativebrokerttl\" not found"}
{"level":"info","ts":"2019-12-03T21:04:28.123Z","logger":"broker_ingress","caller":"ingress/ingress_handler.go:120","msg":"Error retrieving TTL, defaulting.","commit":"7655d9c","error":"\"knativebrokerttl\" not found"}
{"level":"info","ts":"2019-12-03T21:04:28.123Z","logger":"broker_ingress","caller":"ingress/ingress_handler.go:120","msg":"Error retrieving TTL, defaulting.","commit":"7655d9c","error":"\"knativebrokerttl\" not found"}
{"level":"info","ts":"2019-12-03T21:04:28.124Z","logger":"broker_ingress","caller":"ingress/ingress_handler.go:120","msg":"Error retrieving TTL, defaulting.","commit":"7655d9c","error":"\"knativebrokerttl\" not found"}
{"level":"info","ts":"2019-12-03T21:04:28.124Z","logger":"broker_ingress","caller":"ingress/ingress_handler.go:120","msg":"Error retrieving TTL, defaulting.","commit":"7655d9c","error":"\"knativebrokerttl\" not found"}
{"level":"info","ts":"2019-12-03T21:04:28.124Z","logger":"broker_ingress","caller":"ingress/ingress_handler.go:120","msg":"Error retrieving TTL, defaulting.","commit":"7655d9c","error":"\"knativebrokerttl\" not found"}
{"level":"info","ts":"2019-12-03T21:04:28.125Z","logger":"broker_ingress","caller":"ingress/ingress_handler.go:120","msg":"Error retrieving TTL, defaulting.","commit":"7655d9c","error":"\"knativebrokerttl\" not found"}
{"level":"info","ts":"2019-12-03T21:04:28.125Z","logger":"broker_ingress","caller":"ingress/ingress_handler.go:120","msg":"Error retrieving TTL, defaulting.","commit":"7655d9c","error":"\"knativebrokerttl\" not found"}
{"level":"info","ts":"2019-12-03T21:04:28.106Z","logger":"broker_ingress","caller":"ingress/ingress_handler.go:120","msg":"Error retrieving TTL, defaulting.","commit":"7655d9c","error":"\"knativebrokerttl\" not found"}
{"level":"info","ts":"2019-12-03T21:04:28.132Z","logger":"broker_ingress","caller":"ingress/ingress_handler.go:120","msg":"Error retrieving TTL, defaulting.","commit":"7655d9c","error":"\"knativebrokerttl\" not found"}
{"level":"info","ts":"2019-12-03T21:04:28.133Z","logger":"broker_ingress","caller":"ingress/ingress_handler.go:120","msg":"Error retrieving TTL, defaulting.","commit":"7655d9c","error":"\"knativebrokerttl\" not found"}
{"level":"info","ts":"2019-12-03T21:04:28.135Z","logger":"broker_ingress","caller":"ingress/ingress_handler.go:120","msg":"Error retrieving TTL, defaulting.","commit":"7655d9c","error":"\"knativebrokerttl\" not found"}
{"level":"info","ts":"2019-12-03T21:04:28.138Z","logger":"broker_ingress","caller":"ingress/ingress_handler.go:120","msg":"Error retrieving TTL, defaulting.","commit":"7655d9c","error":"\"knativebrokerttl\" not found"}
{"level":"info","ts":"2019-12-03T21:04:28.139Z","logger":"broker_ingress","caller":"ingress/ingress_handler.go:120","msg":"Error retrieving TTL, defaulting.","commit":"7655d9c","error":"\"knativebrokerttl\" not found"}
{"level":"info","ts":"2019-12-03T21:04:28.140Z","logger":"broker_ingress","caller":"ingress/ingress_handler.go:120","msg":"Error retrieving TTL, defaulting.","commit":"7655d9c","error":"\"knativebrokerttl\" not found"}
{"level":"info","ts":"2019-12-03T21:04:28.145Z","logger":"broker_ingress","caller":"ingress/ingress_handler.go:120","msg":"Error retrieving TTL, defaulting.","commit":"7655d9c","error":"\"knativebrokerttl\" not found"}
{"level":"info","ts":"2019-12-03T21:04:28.145Z","logger":"broker_ingress","caller":"ingress/ingress_handler.go:120","msg":"Error retrieving TTL, defaulting.","commit":"7655d9c","error":"\"knativebrokerttl\" not found"}
{"level":"info","ts":"2019-12-03T21:04:28.146Z","logger":"broker_ingress","caller":"ingress/ingress_handler.go:120","msg":"Error retrieving TTL, defaulting.","commit":"7655d9c","error":"\"knativebrokerttl\" not found"}
{"level":"info","ts":"2019-12-03T21:04:28.146Z","logger":"broker_ingress","caller":"ingress/ingress_handler.go:120","msg":"Error retrieving TTL, defaulting.","commit":"7655d9c","error":"\"knativebrokerttl\" not found"}
{"level":"info","ts":"2019-12-03T21:04:28.146Z","logger":"broker_ingress","caller":"ingress/ingress_handler.go:120","msg":"Error retrieving TTL, defaulting.","commit":"7655d9c","error":"\"knativebrokerttl\" not found"}
{"level":"info","ts":"2019-12-03T21:04:28.147Z","logger":"broker_ingress","caller":"ingress/ingress_handler.go:120","msg":"Error retrieving TTL, defaulting.","commit":"7655d9c","error":"\"knativebrokerttl\" not found"}
{"level":"info","ts":"2019-12-03T21:04:28.147Z","logger":"broker_ingress","caller":"ingress/ingress_handler.go:120","msg":"Error retrieving TTL, defaulting.","commit":"7655d9c","error":"\"knativebrokerttl\" not found"}
{"level":"info","ts":"2019-12-03T21:04:28.148Z","logger":"broker_ingress","caller":"ingress/ingress_handler.go:120","msg":"Error retrieving TTL, defaulting.","commit":"7655d9c","error":"\"knativebrokerttl\" not found"}
{"level":"info","ts":"2019-12-03T21:04:28.149Z","logger":"broker_ingress","caller":"ingress/ingress_handler.go:120","msg":"Error retrieving TTL, defaulting.","commit":"7655d9c","error":"\"knativebrokerttl\" not found"}
{"level":"info","ts":"2019-12-03T21:04:28.149Z","logger":"broker_ingress","caller":"ingress/ingress_handler.go:120","msg":"Error retrieving TTL, defaulting.","commit":"7655d9c","error":"\"knativebrokerttl\" not found"}
{"level":"info","ts":"2019-12-03T21:04:28.161Z","logger":"broker_ingress","caller":"ingress/ingress_handler.go:120","msg":"Error retrieving TTL, defaulting.","commit":"7655d9c","error":"\"knativebrokerttl\" not found"}
{"level":"info","ts":"2019-12-03T21:04:28.162Z","logger":"broker_ingress","caller":"ingress/ingress_handler.go:120","msg":"Error retrieving TTL, defaulting.","commit":"7655d9c","error":"\"knativebrokerttl\" not found"}
{"level":"info","ts":"2019-12-03T21:04:28.162Z","logger":"broker_ingress","caller":"ingress/ingress_handler.go:120","msg":"Error retrieving TTL, defaulting.","commit":"7655d9c","error":"\"knativebrokerttl\" not found"}
{"level":"info","ts":"2019-12-03T21:04:28.163Z","logger":"broker_ingress","caller":"ingress/ingress_handler.go:120","msg":"Error retrieving TTL, defaulting.","commit":"7655d9c","error":"\"knativebrokerttl\" not found"}
{"level":"info","ts":"2019-12-03T21:04:28.164Z","logger":"broker_ingress","caller":"ingress/ingress_handler.go:120","msg":"Error retrieving TTL, defaulting.","commit":"7655d9c","error":"\"knativebrokerttl\" not found"}
{"level":"info","ts":"2019-12-03T21:04:28.164Z","logger":"broker_ingress","caller":"ingress/ingress_handler.go:120","msg":"Error retrieving TTL, defaulting.","commit":"7655d9c","error":"\"knativebrokerttl\" not found"}
{"level":"info","ts":"2019-12-03T21:04:28.165Z","logger":"broker_ingress","caller":"ingress/ingress_handler.go:120","msg":"Error retrieving TTL, defaulting.","commit":"7655d9c","error":"\"knativebrokerttl\" not found"}
{"level":"info","ts":"2019-12-03T21:04:28.166Z","logger":"broker_ingress","caller":"ingress/ingress_handler.go:120","msg":"Error retrieving TTL, defaulting.","commit":"7655d9c","error":"\"knativebrokerttl\" not found"}
{"level":"info","ts":"2019-12-03T21:04:28.166Z","logger":"broker_ingress","caller":"ingress/ingress_handler.go:120","msg":"Error retrieving TTL, defaulting.","commit":"7655d9c","error":"\"knativebrokerttl\" not found"}
{"level":"info","ts":"2019-12-03T21:04:28.167Z","logger":"broker_ingress","caller":"ingress/ingress_handler.go:120","msg":"Error retrieving TTL, defaulting.","commit":"7655d9c","error":"\"knativebrokerttl\" not found"}
{"level":"info","ts":"2019-12-03T21:04:28.167Z","logger":"broker_ingress","caller":"ingress/ingress_handler.go:120","msg":"Error retrieving TTL, defaulting.","commit":"7655d9c","error":"\"knativebrokerttl\" not found"}
{"level":"info","ts":"2019-12-03T21:04:28.168Z","logger":"broker_ingress","caller":"ingress/ingress_handler.go:120","msg":"Error retrieving TTL, defaulting.","commit":"7655d9c","error":"\"knativebrokerttl\" not found"}
{"level":"info","ts":"2019-12-03T21:04:28.168Z","logger":"broker_ingress","caller":"ingress/ingress_handler.go:120","msg":"Error retrieving TTL, defaulting.","commit":"7655d9c","error":"\"knativebrokerttl\" not found"}
{"level":"info","ts":"2019-12-03T21:04:28.168Z","logger":"broker_ingress","caller":"ingress/ingress_handler.go:120","msg":"Error retrieving TTL, defaulting.","commit":"7655d9c","error":"\"knativebrokerttl\" not found"}
{"level":"info","ts":"2019-12-03T21:04:28.169Z","logger":"broker_ingress","caller":"ingress/ingress_handler.go:120","msg":"Error retrieving TTL, defaulting.","commit":"7655d9c","error":"\"knativebrokerttl\" not found"}
{"level":"info","ts":"2019-12-03T21:04:28.169Z","logger":"broker_ingress","caller":"ingress/ingress_handler.go:120","msg":"Error retrieving TTL, defaulting.","commit":"7655d9c","error":"\"knativebrokerttl\" not found"}
{"level":"info","ts":"2019-12-03T21:04:28.170Z","logger":"broker_ingress","caller":"ingress/ingress_handler.go:120","msg":"Error retrieving TTL, defaulting.","commit":"7655d9c","error":"\"knativebrokerttl\" not found"}
{"level":"info","ts":"2019-12-03T21:04:28.170Z","logger":"broker_ingress","caller":"ingress/ingress_handler.go:120","msg":"Error retrieving TTL, defaulting.","commit":"7655d9c","error":"\"knativebrokerttl\" not found"}
{"level":"info","ts":"2019-12-03T21:04:28.170Z","logger":"broker_ingress","caller":"ingress/ingress_handler.go:120","msg":"Error retrieving TTL, defaulting.","commit":"7655d9c","error":"\"knativebrokerttl\" not found"}
{"level":"info","ts":"2019-12-03T21:04:28.172Z","logger":"broker_ingress","caller":"ingress/ingress_handler.go:120","msg":"Error retrieving TTL, defaulting.","commit":"7655d9c","error":"\"knativebrokerttl\" not found"}
{"level":"info","ts":"2019-12-03T21:04:28.172Z","logger":"broker_ingress","caller":"ingress/ingress_handler.go:120","msg":"Error retrieving TTL, defaulting.","commit":"7655d9c","error":"\"knativebrokerttl\" not found"}
{"level":"info","ts":"2019-12-03T21:04:28.174Z","logger":"broker_ingress","caller":"ingress/ingress_handler.go:120","msg":"Error retrieving TTL, defaulting.","commit":"7655d9c","error":"\"knativebrokerttl\" not found"}
{"level":"info","ts":"2019-12-03T21:04:28.174Z","logger":"broker_ingress","caller":"ingress/ingress_handler.go:120","msg":"Error retrieving TTL, defaulting.","commit":"7655d9c","error":"\"knativebrokerttl\" not found"}
{"level":"info","ts":"2019-12-03T21:04:28.175Z","logger":"broker_ingress","caller":"ingress/ingress_handler.go:120","msg":"Error retrieving TTL, defaulting.","commit":"7655d9c","error":"\"knativebrokerttl\" not found"}
{"level":"info","ts":"2019-12-03T21:04:28.176Z","logger":"broker_ingress","caller":"ingress/ingress_handler.go:120","msg":"Error retrieving TTL, defaulting.","commit":"7655d9c","error":"\"knativebrokerttl\" not found"}
{"level":"info","ts":"2019-12-03T21:04:28.177Z","logger":"broker_ingress","caller":"ingress/ingress_handler.go:120","msg":"Error retrieving TTL, defaulting.","commit":"7655d9c","error":"\"knativebrokerttl\" not found"}
{"level":"info","ts":"2019-12-03T21:04:28.177Z","logger":"broker_ingress","caller":"ingress/ingress_handler.go:120","msg":"Error retrieving TTL, defaulting.","commit":"7655d9c","error":"\"knativebrokerttl\" not found"}
{"level":"info","ts":"2019-12-03T21:04:28.178Z","logger":"broker_ingress","caller":"ingress/ingress_handler.go:120","msg":"Error retrieving TTL, defaulting.","commit":"7655d9c","error":"\"knativebrokerttl\" not found"}
{"level":"info","ts":"2019-12-03T21:04:28.178Z","logger":"broker_ingress","caller":"ingress/ingress_handler.go:120","msg":"Error retrieving TTL, defaulting.","commit":"7655d9c","error":"\"knativebrokerttl\" not found"}
{"level":"info","ts":"2019-12-03T21:04:28.178Z","logger":"broker_ingress","caller":"ingress/ingress_handler.go:120","msg":"Error retrieving TTL, defaulting.","commit":"7655d9c","error":"\"knativebrokerttl\" not found"}
{"level":"info","ts":"2019-12-03T21:04:28.179Z","logger":"broker_ingress","caller":"ingress/ingress_handler.go:120","msg":"Error retrieving TTL, defaulting.","commit":"7655d9c","error":"\"knativebrokerttl\" not found"}
{"level":"info","ts":"2019-12-03T21:04:28.179Z","logger":"broker_ingress","caller":"ingress/ingress_handler.go:120","msg":"Error retrieving TTL, defaulting.","commit":"7655d9c","error":"\"knativebrokerttl\" not found"}
{"level":"info","ts":"2019-12-03T21:04:28.179Z","logger":"broker_ingress","caller":"ingress/ingress_handler.go:120","msg":"Error retrieving TTL, defaulting.","commit":"7655d9c","error":"\"knativebrokerttl\" not found"}
{"level":"info","ts":"2019-12-03T21:04:28.180Z","logger":"broker_ingress","caller":"ingress/ingress_handler.go:120","msg":"Error retrieving TTL, defaulting.","commit":"7655d9c","error":"\"knativebrokerttl\" not found"}
{"level":"info","ts":"2019-12-03T21:04:28.180Z","logger":"broker_ingress","caller":"ingress/ingress_handler.go:120","msg":"Error retrieving TTL, defaulting.","commit":"7655d9c","error":"\"knativebrokerttl\" not found"}
{"level":"info","ts":"2019-12-03T21:04:28.180Z","logger":"broker_ingress","caller":"ingress/ingress_handler.go:120","msg":"Error retrieving TTL, defaulting.","commit":"7655d9c","error":"\"knativebrokerttl\" not found"}
{"level":"info","ts":"2019-12-03T21:04:28.181Z","logger":"broker_ingress","caller":"ingress/ingress_handler.go:120","msg":"Error retrieving TTL, defaulting.","commit":"7655d9c","error":"\"knativebrokerttl\" not found"}
{"level":"info","ts":"2019-12-03T21:04:28.181Z","logger":"broker_ingress","caller":"ingress/ingress_handler.go:120","msg":"Error retrieving TTL, defaulting.","commit":"7655d9c","error":"\"knativebrokerttl\" not found"}
{"level":"info","ts":"2019-12-03T21:04:28.182Z","logger":"broker_ingress","caller":"ingress/ingress_handler.go:120","msg":"Error retrieving TTL, defaulting.","commit":"7655d9c","error":"\"knativebrokerttl\" not found"}
{"level":"info","ts":"2019-12-03T21:04:28.183Z","logger":"broker_ingress","caller":"ingress/ingress_handler.go:120","msg":"Error retrieving TTL, defaulting.","commit":"7655d9c","error":"\"knativebrokerttl\" not found"}
{"level":"info","ts":"2019-12-03T21:04:28.183Z","logger":"broker_ingress","caller":"ingress/ingress_handler.go:120","msg":"Error retrieving TTL, defaulting.","commit":"7655d9c","error":"\"knativebrokerttl\" not found"}
{"level":"info","ts":"2019-12-03T21:04:28.184Z","logger":"broker_ingress","caller":"ingress/ingress_handler.go:120","msg":"Error retrieving TTL, defaulting.","commit":"7655d9c","error":"\"knativebrokerttl\" not found"}
{"level":"info","ts":"2019-12-03T21:04:28.184Z","logger":"broker_ingress","caller":"ingress/ingress_handler.go:120","msg":"Error retrieving TTL, defaulting.","commit":"7655d9c","error":"\"knativebrokerttl\" not found"}
{"level":"info","ts":"2019-12-03T21:04:28.185Z","logger":"broker_ingress","caller":"ingress/ingress_handler.go:120","msg":"Error retrieving TTL, defaulting.","commit":"7655d9c","error":"\"knativebrokerttl\" not found"}
{"level":"info","ts":"2019-12-03T21:04:28.185Z","logger":"broker_ingress","caller":"ingress/ingress_handler.go:120","msg":"Error retrieving TTL, defaulting.","commit":"7655d9c","error":"\"knativebrokerttl\" not found"}
{"level":"info","ts":"2019-12-03T21:04:28.186Z","logger":"broker_ingress","caller":"ingress/ingress_handler.go:120","msg":"Error retrieving TTL, defaulting.","commit":"7655d9c","error":"\"knativebrokerttl\" not found"}
{"level":"info","ts":"2019-12-03T21:04:28.186Z","logger":"broker_ingress","caller":"ingress/ingress_handler.go:120","msg":"Error retrieving TTL, defaulting.","commit":"7655d9c","error":"\"knativebrokerttl\" not found"}
{"level":"info","ts":"2019-12-03T21:04:28.188Z","logger":"broker_ingress","caller":"ingress/ingress_handler.go:120","msg":"Error retrieving TTL, defaulting.","commit":"7655d9c","error":"\"knativebrokerttl\" not found"}
{"level":"info","ts":"2019-12-03T21:04:28.188Z","logger":"broker_ingress","caller":"ingress/ingress_handler.go:120","msg":"Error retrieving TTL, defaulting.","commit":"7655d9c","error":"\"knativebrokerttl\" not found"}
{"level":"info","ts":"2019-12-03T21:04:28.190Z","logger":"broker_ingress","caller":"ingress/ingress_handler.go:120","msg":"Error retrieving TTL, defaulting.","commit":"7655d9c","error":"\"knativebrokerttl\" not found"}
{"level":"info","ts":"2019-12-03T21:04:28.191Z","logger":"broker_ingress","caller":"ingress/ingress_handler.go:120","msg":"Error retrieving TTL, defaulting.","commit":"7655d9c","error":"\"knativebrokerttl\" not found"}
{"level":"info","ts":"2019-12-03T21:04:28.193Z","logger":"broker_ingress","caller":"ingress/ingress_handler.go:120","msg":"Error retrieving TTL, defaulting.","commit":"7655d9c","error":"\"knativebrokerttl\" not found"}
{"level":"info","ts":"2019-12-03T21:04:28.189Z","logger":"broker_ingress","caller":"ingress/ingress_handler.go:120","msg":"Error retrieving TTL, defaulting.","commit":"7655d9c","error":"\"knativebrokerttl\" not found"}
{"level":"info","ts":"2019-12-03T21:04:28.194Z","logger":"broker_ingress","caller":"ingress/ingress_handler.go:120","msg":"Error retrieving TTL, defaulting.","commit":"7655d9c","error":"\"knativebrokerttl\" not found"}
{"level":"info","ts":"2019-12-03T21:04:28.196Z","logger":"broker_ingress","caller":"ingress/ingress_handler.go:120","msg":"Error retrieving TTL, defaulting.","commit":"7655d9c","error":"\"knativebrokerttl\" not found"}
{"level":"info","ts":"2019-12-03T21:04:28.198Z","logger":"broker_ingress","caller":"ingress/ingress_handler.go:120","msg":"Error retrieving TTL, defaulting.","commit":"7655d9c","error":"\"knativebrokerttl\" not found"}
{"level":"info","ts":"2019-12-03T21:04:28.200Z","logger":"broker_ingress","caller":"ingress/ingress_handler.go:120","msg":"Error retrieving TTL, defaulting.","commit":"7655d9c","error":"\"knativebrokerttl\" not found"}
{"level":"info","ts":"2019-12-03T21:04:28.201Z","logger":"broker_ingress","caller":"ingress/ingress_handler.go:120","msg":"Error retrieving TTL, defaulting.","commit":"7655d9c","error":"\"knativebrokerttl\" not found"}
{"level":"info","ts":"2019-12-03T21:04:28.201Z","logger":"broker_ingress","caller":"ingress/ingress_handler.go:120","msg":"Error retrieving TTL, defaulting.","commit":"7655d9c","error":"\"knativebrokerttl\" not found"}
{"level":"info","ts":"2019-12-03T21:04:28.202Z","logger":"broker_ingress","caller":"ingress/ingress_handler.go:120","msg":"Error retrieving TTL, defaulting.","commit":"7655d9c","error":"\"knativebrokerttl\" not found"}
{"level":"info","ts":"2019-12-03T21:04:28.203Z","logger":"broker_ingress","caller":"ingress/ingress_handler.go:120","msg":"Error retrieving TTL, defaulting.","commit":"7655d9c","error":"\"knativebrokerttl\" not found"}
{"level":"info","ts":"2019-12-03T21:04:28.204Z","logger":"broker_ingress","caller":"ingress/ingress_handler.go:120","msg":"Error retrieving TTL, defaulting.","commit":"7655d9c","error":"\"knativebrokerttl\" not found"}
{"level":"info","ts":"2019-12-03T21:04:28.205Z","logger":"broker_ingress","caller":"ingress/ingress_handler.go:120","msg":"Error retrieving TTL, defaulting.","commit":"7655d9c","error":"\"knativebrokerttl\" not found"}
{"level":"info","ts":"2019-12-03T21:04:28.207Z","logger":"broker_ingress","caller":"ingress/ingress_handler.go:120","msg":"Error retrieving TTL, defaulting.","commit":"7655d9c","error":"\"knativebrokerttl\" not found"}
{"level":"info","ts":"2019-12-03T21:04:28.208Z","logger":"broker_ingress","caller":"ingress/ingress_handler.go:120","msg":"Error retrieving TTL, defaulting.","commit":"7655d9c","error":"\"knativebrokerttl\" not found"}
{"level":"info","ts":"2019-12-03T21:04:28.210Z","logger":"broker_ingress","caller":"ingress/ingress_handler.go:120","msg":"Error retrieving TTL, defaulting.","commit":"7655d9c","error":"\"knativebrokerttl\" not found"}
{"level":"info","ts":"2019-12-03T21:04:28.211Z","logger":"broker_ingress","caller":"ingress/ingress_handler.go:120","msg":"Error retrieving TTL, defaulting.","commit":"7655d9c","error":"\"knativebrokerttl\" not found"}
{"level":"info","ts":"2019-12-03T21:04:28.212Z","logger":"broker_ingress","caller":"ingress/ingress_handler.go:120","msg":"Error retrieving TTL, defaulting.","commit":"7655d9c","error":"\"knativebrokerttl\" not found"}
{"level":"info","ts":"2019-12-03T21:04:28.212Z","logger":"broker_ingress","caller":"ingress/ingress_handler.go:120","msg":"Error retrieving TTL, defaulting.","commit":"7655d9c","error":"\"knativebrokerttl\" not found"}
{"level":"info","ts":"2019-12-03T21:04:28.213Z","logger":"broker_ingress","caller":"ingress/ingress_handler.go:120","msg":"Error retrieving TTL, defaulting.","commit":"7655d9c","error":"\"knativebrokerttl\" not found"}
{"level":"info","ts":"2019-12-03T21:04:28.215Z","logger":"broker_ingress","caller":"ingress/ingress_handler.go:120","msg":"Error retrieving TTL, defaulting.","commit":"7655d9c","error":"\"knativebrokerttl\" not found"}
{"level":"info","ts":"2019-12-03T21:04:28.216Z","logger":"broker_ingress","caller":"ingress/ingress_handler.go:120","msg":"Error retrieving TTL, defaulting.","commit":"7655d9c","error":"\"knativebrokerttl\" not found"}
{"level":"info","ts":"2019-12-03T21:04:28.217Z","logger":"broker_ingress","caller":"ingress/ingress_handler.go:120","msg":"Error retrieving TTL, defaulting.","commit":"7655d9c","error":"\"knativebrokerttl\" not found"}
{"level":"info","ts":"2019-12-03T21:04:28.218Z","logger":"broker_ingress","caller":"ingress/ingress_handler.go:120","msg":"Error retrieving TTL, defaulting.","commit":"7655d9c","error":"\"knativebrokerttl\" not found"}
{"level":"info","ts":"2019-12-03T21:04:28.220Z","logger":"broker_ingress","caller":"ingress/ingress_handler.go:120","msg":"Error retrieving TTL, defaulting.","commit":"7655d9c","error":"\"knativebrokerttl\" not found"}
{"level":"info","ts":"2019-12-03T21:04:28.221Z","logger":"broker_ingress","caller":"ingress/ingress_handler.go:120","msg":"Error retrieving TTL, defaulting.","commit":"7655d9c","error":"\"knativebrokerttl\" not found"}
{"level":"info","ts":"2019-12-03T21:04:28.221Z","logger":"broker_ingress","caller":"ingress/ingress_handler.go:120","msg":"Error retrieving TTL, defaulting.","commit":"7655d9c","error":"\"knativebrokerttl\" not found"}
{"level":"info","ts":"2019-12-03T21:04:28.222Z","logger":"broker_ingress","caller":"ingress/ingress_handler.go:120","msg":"Error retrieving TTL, defaulting.","commit":"7655d9c","error":"\"knativebrokerttl\" not found"}
{"level":"info","ts":"2019-12-03T21:04:28.222Z","logger":"broker_ingress","caller":"ingress/ingress_handler.go:120","msg":"Error retrieving TTL, defaulting.","commit":"7655d9c","error":"\"knativebrokerttl\" not found"}
{"level":"info","ts":"2019-12-03T21:04:28.223Z","logger":"broker_ingress","caller":"ingress/ingress_handler.go:120","msg":"Error retrieving TTL, defaulting.","commit":"7655d9c","error":"\"knativebrokerttl\" not found"}
{"level":"info","ts":"2019-12-03T21:04:28.223Z","logger":"broker_ingress","caller":"ingress/ingress_handler.go:120","msg":"Error retrieving TTL, defaulting.","commit":"7655d9c","error":"\"knativebrokerttl\" not found"}
{"level":"info","ts":"2019-12-03T21:04:28.224Z","logger":"broker_ingress","caller":"ingress/ingress_handler.go:120","msg":"Error retrieving TTL, defaulting.","commit":"7655d9c","error":"\"knativebrokerttl\" not found"}
{"level":"info","ts":"2019-12-03T21:04:28.224Z","logger":"broker_ingress","caller":"ingress/ingress_handler.go:120","msg":"Error retrieving TTL, defaulting.","commit":"7655d9c","error":"\"knativebrokerttl\" not found"}
{"level":"info","ts":"2019-12-03T21:04:28.225Z","logger":"broker_ingress","caller":"ingress/ingress_handler.go:120","msg":"Error retrieving TTL, defaulting.","commit":"7655d9c","error":"\"knativebrokerttl\" not found"}
{"level":"info","ts":"2019-12-03T21:04:28.225Z","logger":"broker_ingress","caller":"ingress/ingress_handler.go:120","msg":"Error retrieving TTL, defaulting.","commit":"7655d9c","error":"\"knativebrokerttl\" not found"}
{"level":"info","ts":"2019-12-03T21:04:28.225Z","logger":"broker_ingress","caller":"ingress/ingress_handler.go:120","msg":"Error retrieving TTL, defaulting.","commit":"7655d9c","error":"\"knativebrokerttl\" not found"}
{"level":"info","ts":"2019-12-03T21:04:28.226Z","logger":"broker_ingress","caller":"ingress/ingress_handler.go:120","msg":"Error retrieving TTL, defaulting.","commit":"7655d9c","error":"\"knativebrokerttl\" not found"}
{"level":"info","ts":"2019-12-03T21:04:28.226Z","logger":"broker_ingress","caller":"ingress/ingress_handler.go:120","msg":"Error retrieving TTL, defaulting.","commit":"7655d9c","error":"\"knativebrokerttl\" not found"}
{"level":"info","ts":"2019-12-03T21:04:28.227Z","logger":"broker_ingress","caller":"ingress/ingress_handler.go:120","msg":"Error retrieving TTL, defaulting.","commit":"7655d9c","error":"\"knativebrokerttl\" not found"}
{"level":"info","ts":"2019-12-03T21:04:28.227Z","logger":"broker_ingress","caller":"ingress/ingress_handler.go:120","msg":"Error retrieving TTL, defaulting.","commit":"7655d9c","error":"\"knativebrokerttl\" not found"}
{"level":"info","ts":"2019-12-03T21:04:28.228Z","logger":"broker_ingress","caller":"ingress/ingress_handler.go:120","msg":"Error retrieving TTL, defaulting.","commit":"7655d9c","error":"\"knativebrokerttl\" not found"}
{"level":"info","ts":"2019-12-03T21:04:28.229Z","logger":"broker_ingress","caller":"ingress/ingress_handler.go:120","msg":"Error retrieving TTL, defaulting.","commit":"7655d9c","error":"\"knativebrokerttl\" not found"}
{"level":"info","ts":"2019-12-03T21:04:28.229Z","logger":"broker_ingress","caller":"ingress/ingress_handler.go:120","msg":"Error retrieving TTL, defaulting.","commit":"7655d9c","error":"\"knativebrokerttl\" not found"}
{"level":"info","ts":"2019-12-03T21:04:28.230Z","logger":"broker_ingress","caller":"ingress/ingress_handler.go:120","msg":"Error retrieving TTL, defaulting.","commit":"7655d9c","error":"\"knativebrokerttl\" not found"}
{"level":"info","ts":"2019-12-03T21:04:28.231Z","logger":"broker_ingress","caller":"ingress/ingress_handler.go:120","msg":"Error retrieving TTL, defaulting.","commit":"7655d9c","error":"\"knativebrokerttl\" not found"}
{"level":"info","ts":"2019-12-03T21:04:28.231Z","logger":"broker_ingress","caller":"ingress/ingress_handler.go:120","msg":"Error retrieving TTL, defaulting.","commit":"7655d9c","error":"\"knativebrokerttl\" not found"}
{"level":"info","ts":"2019-12-03T21:04:28.232Z","logger":"broker_ingress","caller":"ingress/ingress_handler.go:120","msg":"Error retrieving TTL, defaulting.","commit":"7655d9c","error":"\"knativebrokerttl\" not found"}
{"level":"info","ts":"2019-12-03T21:04:28.232Z","logger":"broker_ingress","caller":"ingress/ingress_handler.go:120","msg":"Error retrieving TTL, defaulting.","commit":"7655d9c","error":"\"knativebrokerttl\" not found"}
{"level":"info","ts":"2019-12-03T21:04:28.233Z","logger":"broker_ingress","caller":"ingress/ingress_handler.go:120","msg":"Error retrieving TTL, defaulting.","commit":"7655d9c","error":"\"knativebrokerttl\" not found"}
{"level":"info","ts":"2019-12-03T21:04:28.234Z","logger":"broker_ingress","caller":"ingress/ingress_handler.go:120","msg":"Error retrieving TTL, defaulting.","commit":"7655d9c","error":"\"knativebrokerttl\" not found"}
{"level":"info","ts":"2019-12-03T21:04:28.235Z","logger":"broker_ingress","caller":"ingress/ingress_handler.go:120","msg":"Error retrieving TTL, defaulting.","commit":"7655d9c","error":"\"knativebrokerttl\" not found"}
{"level":"info","ts":"2019-12-03T21:04:28.236Z","logger":"broker_ingress","caller":"ingress/ingress_handler.go:120","msg":"Error retrieving TTL, defaulting.","commit":"7655d9c","error":"\"knativebrokerttl\" not found"}
{"level":"info","ts":"2019-12-03T21:04:28.237Z","logger":"broker_ingress","caller":"ingress/ingress_handler.go:120","msg":"Error retrieving TTL, defaulting.","commit":"7655d9c","error":"\"knativebrokerttl\" not found"}
{"level":"info","ts":"2019-12-03T21:04:28.237Z","logger":"broker_ingress","caller":"ingress/ingress_handler.go:120","msg":"Error retrieving TTL, defaulting.","commit":"7655d9c","error":"\"knativebrokerttl\" not found"}
{"level":"info","ts":"2019-12-03T21:04:28.238Z","logger":"broker_ingress","caller":"ingress/ingress_handler.go:120","msg":"Error retrieving TTL, defaulting.","commit":"7655d9c","error":"\"knativebrokerttl\" not found"}
{"level":"info","ts":"2019-12-03T21:04:28.239Z","logger":"broker_ingress","caller":"ingress/ingress_handler.go:120","msg":"Error retrieving TTL, defaulting.","commit":"7655d9c","error":"\"knativebrokerttl\" not found"}
{"level":"info","ts":"2019-12-03T21:04:28.240Z","logger":"broker_ingress","caller":"ingress/ingress_handler.go:120","msg":"Error retrieving TTL, defaulting.","commit":"7655d9c","error":"\"knativebrokerttl\" not found"}
{"level":"info","ts":"2019-12-03T21:04:28.242Z","logger":"broker_ingress","caller":"ingress/ingress_handler.go:120","msg":"Error retrieving TTL, defaulting.","commit":"7655d9c","error":"\"knativebrokerttl\" not found"}
{"level":"info","ts":"2019-12-03T21:04:28.242Z","logger":"broker_ingress","caller":"ingress/ingress_handler.go:120","msg":"Error retrieving TTL, defaulting.","commit":"7655d9c","error":"\"knativebrokerttl\" not found"}
{"level":"info","ts":"2019-12-03T21:04:28.243Z","logger":"broker_ingress","caller":"ingress/ingress_handler.go:120","msg":"Error retrieving TTL, defaulting.","commit":"7655d9c","error":"\"knativebrokerttl\" not found"}
{"level":"info","ts":"2019-12-03T21:04:28.244Z","logger":"broker_ingress","caller":"ingress/ingress_handler.go:120","msg":"Error retrieving TTL, defaulting.","commit":"7655d9c","error":"\"knativebrokerttl\" not found"}
{"level":"info","ts":"2019-12-03T21:04:28.246Z","logger":"broker_ingress","caller":"ingress/ingress_handler.go:120","msg":"Error retrieving TTL, defaulting.","commit":"7655d9c","error":"\"knativebrokerttl\" not found"}
{"level":"info","ts":"2019-12-03T21:04:28.247Z","logger":"broker_ingress","caller":"ingress/ingress_handler.go:120","msg":"Error retrieving TTL, defaulting.","commit":"7655d9c","error":"\"knativebrokerttl\" not found"}
{"level":"info","ts":"2019-12-03T21:04:28.247Z","logger":"broker_ingress","caller":"ingress/ingress_handler.go:120","msg":"Error retrieving TTL, defaulting.","commit":"7655d9c","error":"\"knativebrokerttl\" not found"}
{"level":"info","ts":"2019-12-03T21:04:28.248Z","logger":"broker_ingress","caller":"ingress/ingress_handler.go:120","msg":"Error retrieving TTL, defaulting.","commit":"7655d9c","error":"\"knativebrokerttl\" not found"}
{"level":"info","ts":"2019-12-03T21:04:28.248Z","logger":"broker_ingress","caller":"ingress/ingress_handler.go:120","msg":"Error retrieving TTL, defaulting.","commit":"7655d9c","error":"\"knativebrokerttl\" not found"}
{"level":"info","ts":"2019-12-03T21:04:28.249Z","logger":"broker_ingress","caller":"ingress/ingress_handler.go:120","msg":"Error retrieving TTL, defaulting.","commit":"7655d9c","error":"\"knativebrokerttl\" not found"}
{"level":"info","ts":"2019-12-03T21:04:28.249Z","logger":"broker_ingress","caller":"ingress/ingress_handler.go:120","msg":"Error retrieving TTL, defaulting.","commit":"7655d9c","error":"\"knativebrokerttl\" not found"}
{"level":"info","ts":"2019-12-03T21:04:28.250Z","logger":"broker_ingress","caller":"ingress/ingress_handler.go:120","msg":"Error retrieving TTL, defaulting.","commit":"7655d9c","error":"\"knativebrokerttl\" not found"}
{"level":"info","ts":"2019-12-03T21:04:28.251Z","logger":"broker_ingress","caller":"ingress/ingress_handler.go:120","msg":"Error retrieving TTL, defaulting.","commit":"7655d9c","error":"\"knativebrokerttl\" not found"}
{"level":"info","ts":"2019-12-03T21:04:28.252Z","logger":"broker_ingress","caller":"ingress/ingress_handler.go:120","msg":"Error retrieving TTL, defaulting.","commit":"7655d9c","error":"\"knativebrokerttl\" not found"}
{"level":"info","ts":"2019-12-03T21:04:28.179Z","logger":"broker_ingress","caller":"ingress/ingress_handler.go:120","msg":"Error retrieving TTL, defaulting.","commit":"7655d9c","error":"\"knativebrokerttl\" not found"}
{"level":"info","ts":"2019-12-03T21:04:28.253Z","logger":"broker_ingress","caller":"ingress/ingress_handler.go:120","msg":"Error retrieving TTL, defaulting.","commit":"7655d9c","error":"\"knativebrokerttl\" not found"}
{"level":"info","ts":"2019-12-03T21:04:28.253Z","logger":"broker_ingress","caller":"ingress/ingress_handler.go:120","msg":"Error retrieving TTL, defaulting.","commit":"7655d9c","error":"\"knativebrokerttl\" not found"}
{"level":"info","ts":"2019-12-03T21:04:28.253Z","logger":"broker_ingress","caller":"ingress/ingress_handler.go:120","msg":"Error retrieving TTL, defaulting.","commit":"7655d9c","error":"\"knativebrokerttl\" not found"}
{"level":"info","ts":"2019-12-03T21:04:28.254Z","logger":"broker_ingress","caller":"ingress/ingress_handler.go:120","msg":"Error retrieving TTL, defaulting.","commit":"7655d9c","error":"\"knativebrokerttl\" not found"}
{"level":"info","ts":"2019-12-03T21:04:28.255Z","logger":"broker_ingress","caller":"ingress/ingress_handler.go:120","msg":"Error retrieving TTL, defaulting.","commit":"7655d9c","error":"\"knativebrokerttl\" not found"}
{"level":"info","ts":"2019-12-03T21:04:28.257Z","logger":"broker_ingress","caller":"ingress/ingress_handler.go:120","msg":"Error retrieving TTL, defaulting.","commit":"7655d9c","error":"\"knativebrokerttl\" not found"}
{"level":"info","ts":"2019-12-03T21:04:28.257Z","logger":"broker_ingress","caller":"ingress/ingress_handler.go:120","msg":"Error retrieving TTL, defaulting.","commit":"7655d9c","error":"\"knativebrokerttl\" not found"}
{"level":"info","ts":"2019-12-03T21:04:28.261Z","logger":"broker_ingress","caller":"ingress/ingress_handler.go:120","msg":"Error retrieving TTL, defaulting.","commit":"7655d9c","error":"\"knativebrokerttl\" not found"}
{"level":"info","ts":"2019-12-03T21:04:28.262Z","logger":"broker_ingress","caller":"ingress/ingress_handler.go:120","msg":"Error retrieving TTL, defaulting.","commit":"7655d9c","error":"\"knativebrokerttl\" not found"}
{"level":"info","ts":"2019-12-03T21:04:28.262Z","logger":"broker_ingress","caller":"ingress/ingress_handler.go:120","msg":"Error retrieving TTL, defaulting.","commit":"7655d9c","error":"\"knativebrokerttl\" not found"}
{"level":"info","ts":"2019-12-03T21:04:28.262Z","logger":"broker_ingress","caller":"ingress/ingress_handler.go:120","msg":"Error retrieving TTL, defaulting.","commit":"7655d9c","error":"\"knativebrokerttl\" not found"}
{"level":"info","ts":"2019-12-03T21:04:28.263Z","logger":"broker_ingress","caller":"ingress/ingress_handler.go:120","msg":"Error retrieving TTL, defaulting.","commit":"7655d9c","error":"\"knativebrokerttl\" not found"}
{"level":"info","ts":"2019-12-03T21:04:28.263Z","logger":"broker_ingress","caller":"ingress/ingress_handler.go:120","msg":"Error retrieving TTL, defaulting.","commit":"7655d9c","error":"\"knativebrokerttl\" not found"}
{"level":"info","ts":"2019-12-03T21:04:28.264Z","logger":"broker_ingress","caller":"ingress/ingress_handler.go:120","msg":"Error retrieving TTL, defaulting.","commit":"7655d9c","error":"\"knativebrokerttl\" not found"}
{"level":"info","ts":"2019-12-03T21:04:28.265Z","logger":"broker_ingress","caller":"ingress/ingress_handler.go:120","msg":"Error retrieving TTL, defaulting.","commit":"7655d9c","error":"\"knativebrokerttl\" not found"}
{"level":"info","ts":"2019-12-03T21:04:28.265Z","logger":"broker_ingress","caller":"ingress/ingress_handler.go:120","msg":"Error retrieving TTL, defaulting.","commit":"7655d9c","error":"\"knativebrokerttl\" not found"}
{"level":"info","ts":"2019-12-03T21:04:28.266Z","logger":"broker_ingress","caller":"ingress/ingress_handler.go:120","msg":"Error retrieving TTL, defaulting.","commit":"7655d9c","error":"\"knativebrokerttl\" not found"}
{"level":"info","ts":"2019-12-03T21:04:28.266Z","logger":"broker_ingress","caller":"ingress/ingress_handler.go:120","msg":"Error retrieving TTL, defaulting.","commit":"7655d9c","error":"\"knativebrokerttl\" not found"}
{"level":"info","ts":"2019-12-03T21:04:28.266Z","logger":"broker_ingress","caller":"ingress/ingress_handler.go:120","msg":"Error retrieving TTL, defaulting.","commit":"7655d9c","error":"\"knativebrokerttl\" not found"}
{"level":"info","ts":"2019-12-03T21:04:28.266Z","logger":"broker_ingress","caller":"ingress/ingress_handler.go:120","msg":"Error retrieving TTL, defaulting.","commit":"7655d9c","error":"\"knativebrokerttl\" not found"}
{"level":"info","ts":"2019-12-03T21:04:28.266Z","logger":"broker_ingress","caller":"ingress/ingress_handler.go:120","msg":"Error retrieving TTL, defaulting.","commit":"7655d9c","error":"\"knativebrokerttl\" not found"}
{"level":"info","ts":"2019-12-03T21:04:28.266Z","logger":"broker_ingress","caller":"ingress/ingress_handler.go:120","msg":"Error retrieving TTL, defaulting.","commit":"7655d9c","error":"\"knativebrokerttl\" not found"}
{"level":"info","ts":"2019-12-03T21:04:28.267Z","logger":"broker_ingress","caller":"ingress/ingress_handler.go:120","msg":"Error retrieving TTL, defaulting.","commit":"7655d9c","error":"\"knativebrokerttl\" not found"}
{"level":"info","ts":"2019-12-03T21:04:28.267Z","logger":"broker_ingress","caller":"ingress/ingress_handler.go:120","msg":"Error retrieving TTL, defaulting.","commit":"7655d9c","error":"\"knativebrokerttl\" not found"}
{"level":"info","ts":"2019-12-03T21:04:28.267Z","logger":"broker_ingress","caller":"ingress/ingress_handler.go:120","msg":"Error retrieving TTL, defaulting.","commit":"7655d9c","error":"\"knativebrokerttl\" not found"}
{"level":"info","ts":"2019-12-03T21:04:28.267Z","logger":"broker_ingress","caller":"ingress/ingress_handler.go:120","msg":"Error retrieving TTL, defaulting.","commit":"7655d9c","error":"\"knativebrokerttl\" not found"}
{"level":"info","ts":"2019-12-03T21:04:28.267Z","logger":"broker_ingress","caller":"ingress/ingress_handler.go:120","msg":"Error retrieving TTL, defaulting.","commit":"7655d9c","error":"\"knativebrokerttl\" not found"}
{"level":"info","ts":"2019-12-03T21:04:28.267Z","logger":"broker_ingress","caller":"ingress/ingress_handler.go:120","msg":"Error retrieving TTL, defaulting.","commit":"7655d9c","error":"\"knativebrokerttl\" not found"}
{"level":"info","ts":"2019-12-03T21:04:28.267Z","logger":"broker_ingress","caller":"ingress/ingress_handler.go:120","msg":"Error retrieving TTL, defaulting.","commit":"7655d9c","error":"\"knativebrokerttl\" not found"}
{"level":"info","ts":"2019-12-03T21:04:28.267Z","logger":"broker_ingress","caller":"ingress/ingress_handler.go:120","msg":"Error retrieving TTL, defaulting.","commit":"7655d9c","error":"\"knativebrokerttl\" not found"}
{"level":"info","ts":"2019-12-03T21:04:28.268Z","logger":"broker_ingress","caller":"ingress/ingress_handler.go:120","msg":"Error retrieving TTL, defaulting.","commit":"7655d9c","error":"\"knativebrokerttl\" not found"}
{"level":"info","ts":"2019-12-03T21:04:28.268Z","logger":"broker_ingress","caller":"ingress/ingress_handler.go:120","msg":"Error retrieving TTL, defaulting.","commit":"7655d9c","error":"\"knativebrokerttl\" not found"}
{"level":"info","ts":"2019-12-03T21:04:28.268Z","logger":"broker_ingress","caller":"ingress/ingress_handler.go:120","msg":"Error retrieving TTL, defaulting.","commit":"7655d9c","error":"\"knativebrokerttl\" not found"}
{"level":"info","ts":"2019-12-03T21:04:28.268Z","logger":"broker_ingress","caller":"ingress/ingress_handler.go:120","msg":"Error retrieving TTL, defaulting.","commit":"7655d9c","error":"\"knativebrokerttl\" not found"}
{"level":"info","ts":"2019-12-03T21:04:28.268Z","logger":"broker_ingress","caller":"ingress/ingress_handler.go:120","msg":"Error retrieving TTL, defaulting.","commit":"7655d9c","error":"\"knativebrokerttl\" not found"}
{"level":"info","ts":"2019-12-03T21:04:28.268Z","logger":"broker_ingress","caller":"ingress/ingress_handler.go:120","msg":"Error retrieving TTL, defaulting.","commit":"7655d9c","error":"\"knativebrokerttl\" not found"}
{"level":"info","ts":"2019-12-03T21:04:28.268Z","logger":"broker_ingress","caller":"ingress/ingress_handler.go:120","msg":"Error retrieving TTL, defaulting.","commit":"7655d9c","error":"\"knativebrokerttl\" not found"}
{"level":"info","ts":"2019-12-03T21:04:28.268Z","logger":"broker_ingress","caller":"ingress/ingress_handler.go:120","msg":"Error retrieving TTL, defaulting.","commit":"7655d9c","error":"\"knativebrokerttl\" not found"}
{"level":"info","ts":"2019-12-03T21:04:28.269Z","logger":"broker_ingress","caller":"ingress/ingress_handler.go:120","msg":"Error retrieving TTL, defaulting.","commit":"7655d9c","error":"\"knativebrokerttl\" not found"}
{"level":"info","ts":"2019-12-03T21:04:28.269Z","logger":"broker_ingress","caller":"ingress/ingress_handler.go:120","msg":"Error retrieving TTL, defaulting.","commit":"7655d9c","error":"\"knativebrokerttl\" not found"}
{"level":"info","ts":"2019-12-03T21:04:28.269Z","logger":"broker_ingress","caller":"ingress/ingress_handler.go:120","msg":"Error retrieving TTL, defaulting.","commit":"7655d9c","error":"\"knativebrokerttl\" not found"}
{"level":"info","ts":"2019-12-03T21:04:28.269Z","logger":"broker_ingress","caller":"ingress/ingress_handler.go:120","msg":"Error retrieving TTL, defaulting.","commit":"7655d9c","error":"\"knativebrokerttl\" not found"}
{"level":"info","ts":"2019-12-03T21:04:28.269Z","logger":"broker_ingress","caller":"ingress/ingress_handler.go:120","msg":"Error retrieving TTL, defaulting.","commit":"7655d9c","error":"\"knativebrokerttl\" not found"}
{"level":"info","ts":"2019-12-03T21:04:28.269Z","logger":"broker_ingress","caller":"ingress/ingress_handler.go:120","msg":"Error retrieving TTL, defaulting.","commit":"7655d9c","error":"\"knativebrokerttl\" not found"}
{"level":"info","ts":"2019-12-03T21:04:28.269Z","logger":"broker_ingress","caller":"ingress/ingress_handler.go:120","msg":"Error retrieving TTL, defaulting.","commit":"7655d9c","error":"\"knativebrokerttl\" not found"}
{"level":"info","ts":"2019-12-03T21:04:28.269Z","logger":"broker_ingress","caller":"ingress/ingress_handler.go:120","msg":"Error retrieving TTL, defaulting.","commit":"7655d9c","error":"\"knativebrokerttl\" not found"}
{"level":"info","ts":"2019-12-03T21:04:28.270Z","logger":"broker_ingress","caller":"ingress/ingress_handler.go:120","msg":"Error retrieving TTL, defaulting.","commit":"7655d9c","error":"\"knativebrokerttl\" not found"}
{"level":"info","ts":"2019-12-03T21:04:28.270Z","logger":"broker_ingress","caller":"ingress/ingress_handler.go:120","msg":"Error retrieving TTL, defaulting.","commit":"7655d9c","error":"\"knativebrokerttl\" not found"}
{"level":"info","ts":"2019-12-03T21:04:28.270Z","logger":"broker_ingress","caller":"ingress/ingress_handler.go:120","msg":"Error retrieving TTL, defaulting.","commit":"7655d9c","error":"\"knativebrokerttl\" not found"}
{"level":"info","ts":"2019-12-03T21:04:28.270Z","logger":"broker_ingress","caller":"ingress/ingress_handler.go:120","msg":"Error retrieving TTL, defaulting.","commit":"7655d9c","error":"\"knativebrokerttl\" not found"}
{"level":"info","ts":"2019-12-03T21:04:28.270Z","logger":"broker_ingress","caller":"ingress/ingress_handler.go:120","msg":"Error retrieving TTL, defaulting.","commit":"7655d9c","error":"\"knativebrokerttl\" not found"}
{"level":"info","ts":"2019-12-03T21:04:28.270Z","logger":"broker_ingress","caller":"ingress/ingress_handler.go:120","msg":"Error retrieving TTL, defaulting.","commit":"7655d9c","error":"\"knativebrokerttl\" not found"}
{"level":"info","ts":"2019-12-03T21:04:28.271Z","logger":"broker_ingress","caller":"ingress/ingress_handler.go:120","msg":"Error retrieving TTL, defaulting.","commit":"7655d9c","error":"\"knativebrokerttl\" not found"}
{"level":"info","ts":"2019-12-03T21:04:28.271Z","logger":"broker_ingress","caller":"ingress/ingress_handler.go:120","msg":"Error retrieving TTL, defaulting.","commit":"7655d9c","error":"\"knativebrokerttl\" not found"}
{"level":"info","ts":"2019-12-03T21:04:28.271Z","logger":"broker_ingress","caller":"ingress/ingress_handler.go:120","msg":"Error retrieving TTL, defaulting.","commit":"7655d9c","error":"\"knativebrokerttl\" not found"}
{"level":"info","ts":"2019-12-03T21:04:28.271Z","logger":"broker_ingress","caller":"ingress/ingress_handler.go:120","msg":"Error retrieving TTL, defaulting.","commit":"7655d9c","error":"\"knativebrokerttl\" not found"}
{"level":"info","ts":"2019-12-03T21:04:28.271Z","logger":"broker_ingress","caller":"ingress/ingress_handler.go:120","msg":"Error retrieving TTL, defaulting.","commit":"7655d9c","error":"\"knativebrokerttl\" not found"}
{"level":"info","ts":"2019-12-03T21:04:28.271Z","logger":"broker_ingress","caller":"ingress/ingress_handler.go:120","msg":"Error retrieving TTL, defaulting.","commit":"7655d9c","error":"\"knativebrokerttl\" not found"}
{"level":"info","ts":"2019-12-03T21:04:28.271Z","logger":"broker_ingress","caller":"ingress/ingress_handler.go:120","msg":"Error retrieving TTL, defaulting.","commit":"7655d9c","error":"\"knativebrokerttl\" not found"}
{"level":"info","ts":"2019-12-03T21:04:28.271Z","logger":"broker_ingress","caller":"ingress/ingress_handler.go:120","msg":"Error retrieving TTL, defaulting.","commit":"7655d9c","error":"\"knativebrokerttl\" not found"}
{"level":"info","ts":"2019-12-03T21:04:28.272Z","logger":"broker_ingress","caller":"ingress/ingress_handler.go:120","msg":"Error retrieving TTL, defaulting.","commit":"7655d9c","error":"\"knativebrokerttl\" not found"}
{"level":"info","ts":"2019-12-03T21:04:28.272Z","logger":"broker_ingress","caller":"ingress/ingress_handler.go:120","msg":"Error retrieving TTL, defaulting.","commit":"7655d9c","error":"\"knativebrokerttl\" not found"}
{"level":"info","ts":"2019-12-03T21:04:28.272Z","logger":"broker_ingress","caller":"ingress/ingress_handler.go:120","msg":"Error retrieving TTL, defaulting.","commit":"7655d9c","error":"\"knativebrokerttl\" not found"}
{"level":"info","ts":"2019-12-03T21:04:28.272Z","logger":"broker_ingress","caller":"ingress/ingress_handler.go:120","msg":"Error retrieving TTL, defaulting.","commit":"7655d9c","error":"\"knativebrokerttl\" not found"}
{"level":"info","ts":"2019-12-03T21:04:28.272Z","logger":"broker_ingress","caller":"ingress/ingress_handler.go:120","msg":"Error retrieving TTL, defaulting.","commit":"7655d9c","error":"\"knativebrokerttl\" not found"}
{"level":"info","ts":"2019-12-03T21:04:28.272Z","logger":"broker_ingress","caller":"ingress/ingress_handler.go:120","msg":"Error retrieving TTL, defaulting.","commit":"7655d9c","error":"\"knativebrokerttl\" not found"}
{"level":"info","ts":"2019-12-03T21:04:28.272Z","logger":"broker_ingress","caller":"ingress/ingress_handler.go:120","msg":"Error retrieving TTL, defaulting.","commit":"7655d9c","error":"\"knativebrokerttl\" not found"}
{"level":"info","ts":"2019-12-03T21:04:28.272Z","logger":"broker_ingress","caller":"ingress/ingress_handler.go:120","msg":"Error retrieving TTL, defaulting.","commit":"7655d9c","error":"\"knativebrokerttl\" not found"}
{"level":"info","ts":"2019-12-03T21:04:28.273Z","logger":"broker_ingress","caller":"ingress/ingress_handler.go:120","msg":"Error retrieving TTL, defaulting.","commit":"7655d9c","error":"\"knativebrokerttl\" not found"}
{"level":"info","ts":"2019-12-03T21:04:28.273Z","logger":"broker_ingress","caller":"ingress/ingress_handler.go:120","msg":"Error retrieving TTL, defaulting.","commit":"7655d9c","error":"\"knativebrokerttl\" not found"}
{"level":"info","ts":"2019-12-03T21:04:28.273Z","logger":"broker_ingress","caller":"ingress/ingress_handler.go:120","msg":"Error retrieving TTL, defaulting.","commit":"7655d9c","error":"\"knativebrokerttl\" not found"}
{"level":"info","ts":"2019-12-03T21:04:28.273Z","logger":"broker_ingress","caller":"ingress/ingress_handler.go:120","msg":"Error retrieving TTL, defaulting.","commit":"7655d9c","error":"\"knativebrokerttl\" not found"}
{"level":"info","ts":"2019-12-03T21:04:28.273Z","logger":"broker_ingress","caller":"ingress/ingress_handler.go:120","msg":"Error retrieving TTL, defaulting.","commit":"7655d9c","error":"\"knativebrokerttl\" not found"}
{"level":"info","ts":"2019-12-03T21:04:28.273Z","logger":"broker_ingress","caller":"ingress/ingress_handler.go:120","msg":"Error retrieving TTL, defaulting.","commit":"7655d9c","error":"\"knativebrokerttl\" not found"}
{"level":"info","ts":"2019-12-03T21:04:28.275Z","logger":"broker_ingress","caller":"ingress/ingress_handler.go:120","msg":"Error retrieving TTL, defaulting.","commit":"7655d9c","error":"\"knativebrokerttl\" not found"}
{"level":"info","ts":"2019-12-03T21:04:28.275Z","logger":"broker_ingress","caller":"ingress/ingress_handler.go:120","msg":"Error retrieving TTL, defaulting.","commit":"7655d9c","error":"\"knativebrokerttl\" not found"}
{"level":"info","ts":"2019-12-03T21:04:28.276Z","logger":"broker_ingress","caller":"ingress/ingress_handler.go:120","msg":"Error retrieving TTL, defaulting.","commit":"7655d9c","error":"\"knativebrokerttl\" not found"}
{"level":"info","ts":"2019-12-03T21:04:28.276Z","logger":"broker_ingress","caller":"ingress/ingress_handler.go:120","msg":"Error retrieving TTL, defaulting.","commit":"7655d9c","error":"\"knativebrokerttl\" not found"}
{"level":"info","ts":"2019-12-03T21:04:28.279Z","logger":"broker_ingress","caller":"ingress/ingress_handler.go:120","msg":"Error retrieving TTL, defaulting.","commit":"7655d9c","error":"\"knativebrokerttl\" not found"}
{"level":"info","ts":"2019-12-03T21:04:28.280Z","logger":"broker_ingress","caller":"ingress/ingress_handler.go:120","msg":"Error retrieving TTL, defaulting.","commit":"7655d9c","error":"\"knativebrokerttl\" not found"}
{"level":"info","ts":"2019-12-03T21:04:28.280Z","logger":"broker_ingress","caller":"ingress/ingress_handler.go:120","msg":"Error retrieving TTL, defaulting.","commit":"7655d9c","error":"\"knativebrokerttl\" not found"}
{"level":"info","ts":"2019-12-03T21:04:28.280Z","logger":"broker_ingress","caller":"ingress/ingress_handler.go:120","msg":"Error retrieving TTL, defaulting.","commit":"7655d9c","error":"\"knativebrokerttl\" not found"}
{"level":"info","ts":"2019-12-03T21:04:28.280Z","logger":"broker_ingress","caller":"ingress/ingress_handler.go:120","msg":"Error retrieving TTL, defaulting.","commit":"7655d9c","error":"\"knativebrokerttl\" not found"}
{"level":"info","ts":"2019-12-03T21:04:28.280Z","logger":"broker_ingress","caller":"ingress/ingress_handler.go:120","msg":"Error retrieving TTL, defaulting.","commit":"7655d9c","error":"\"knativebrokerttl\" not found"}
{"level":"info","ts":"2019-12-03T21:04:28.281Z","logger":"broker_ingress","caller":"ingress/ingress_handler.go:120","msg":"Error retrieving TTL, defaulting.","commit":"7655d9c","error":"\"knativebrokerttl\" not found"}
{"level":"info","ts":"2019-12-03T21:04:28.281Z","logger":"broker_ingress","caller":"ingress/ingress_handler.go:120","msg":"Error retrieving TTL, defaulting.","commit":"7655d9c","error":"\"knativebrokerttl\" not found"}
{"level":"info","ts":"2019-12-03T21:04:28.281Z","logger":"broker_ingress","caller":"ingress/ingress_handler.go:120","msg":"Error retrieving TTL, defaulting.","commit":"7655d9c","error":"\"knativebrokerttl\" not found"}
{"level":"info","ts":"2019-12-03T21:04:28.281Z","logger":"broker_ingress","caller":"ingress/ingress_handler.go:120","msg":"Error retrieving TTL, defaulting.","commit":"7655d9c","error":"\"knativebrokerttl\" not found"}
{"level":"info","ts":"2019-12-03T21:04:28.281Z","logger":"broker_ingress","caller":"ingress/ingress_handler.go:120","msg":"Error retrieving TTL, defaulting.","commit":"7655d9c","error":"\"knativebrokerttl\" not found"}
{"level":"info","ts":"2019-12-03T21:04:28.281Z","logger":"broker_ingress","caller":"ingress/ingress_handler.go:120","msg":"Error retrieving TTL, defaulting.","commit":"7655d9c","error":"\"knativebrokerttl\" not found"}
{"level":"info","ts":"2019-12-03T21:04:28.281Z","logger":"broker_ingress","caller":"ingress/ingress_handler.go:120","msg":"Error retrieving TTL, defaulting.","commit":"7655d9c","error":"\"knativebrokerttl\" not found"}
{"level":"info","ts":"2019-12-03T21:04:28.285Z","logger":"broker_ingress","caller":"ingress/ingress_handler.go:120","msg":"Error retrieving TTL, defaulting.","commit":"7655d9c","error":"\"knativebrokerttl\" not found"}
{"level":"info","ts":"2019-12-03T21:04:28.285Z","logger":"broker_ingress","caller":"ingress/ingress_handler.go:120","msg":"Error retrieving TTL, defaulting.","commit":"7655d9c","error":"\"knativebrokerttl\" not found"}
{"level":"info","ts":"2019-12-03T21:04:28.286Z","logger":"broker_ingress","caller":"ingress/ingress_handler.go:120","msg":"Error retrieving TTL, defaulting.","commit":"7655d9c","error":"\"knativebrokerttl\" not found"}
{"level":"info","ts":"2019-12-03T21:04:28.289Z","logger":"broker_ingress","caller":"ingress/ingress_handler.go:120","msg":"Error retrieving TTL, defaulting.","commit":"7655d9c","error":"\"knativebrokerttl\" not found"}
{"level":"info","ts":"2019-12-03T21:04:28.290Z","logger":"broker_ingress","caller":"ingress/ingress_handler.go:120","msg":"Error retrieving TTL, defaulting.","commit":"7655d9c","error":"\"knativebrokerttl\" not found"}
{"level":"info","ts":"2019-12-03T21:04:28.290Z","logger":"broker_ingress","caller":"ingress/ingress_handler.go:120","msg":"Error retrieving TTL, defaulting.","commit":"7655d9c","error":"\"knativebrokerttl\" not found"}
{"level":"info","ts":"2019-12-03T21:04:28.291Z","logger":"broker_ingress","caller":"ingress/ingress_handler.go:120","msg":"Error retrieving TTL, defaulting.","commit":"7655d9c","error":"\"knativebrokerttl\" not found"}
{"level":"info","ts":"2019-12-03T21:04:28.294Z","logger":"broker_ingress","caller":"ingress/ingress_handler.go:120","msg":"Error retrieving TTL, defaulting.","commit":"7655d9c","error":"\"knativebrokerttl\" not found"}
{"level":"info","ts":"2019-12-03T21:04:28.294Z","logger":"broker_ingress","caller":"ingress/ingress_handler.go:120","msg":"Error retrieving TTL, defaulting.","commit":"7655d9c","error":"\"knativebrokerttl\" not found"}
{"level":"info","ts":"2019-12-03T21:04:28.294Z","logger":"broker_ingress","caller":"ingress/ingress_handler.go:120","msg":"Error retrieving TTL, defaulting.","commit":"7655d9c","error":"\"knativebrokerttl\" not found"}
{"level":"info","ts":"2019-12-03T21:04:28.294Z","logger":"broker_ingress","caller":"ingress/ingress_handler.go:120","msg":"Error retrieving TTL, defaulting.","commit":"7655d9c","error":"\"knativebrokerttl\" not found"}
{"level":"info","ts":"2019-12-03T21:04:28.294Z","logger":"broker_ingress","caller":"ingress/ingress_handler.go:120","msg":"Error retrieving TTL, defaulting.","commit":"7655d9c","error":"\"knativebrokerttl\" not found"}
{"level":"info","ts":"2019-12-03T21:04:28.294Z","logger":"broker_ingress","caller":"ingress/ingress_handler.go:120","msg":"Error retrieving TTL, defaulting.","commit":"7655d9c","error":"\"knativebrokerttl\" not found"}
{"level":"info","ts":"2019-12-03T21:04:28.295Z","logger":"broker_ingress","caller":"ingress/ingress_handler.go:120","msg":"Error retrieving TTL, defaulting.","commit":"7655d9c","error":"\"knativebrokerttl\" not found"}
{"level":"info","ts":"2019-12-03T21:04:28.295Z","logger":"broker_ingress","caller":"ingress/ingress_handler.go:120","msg":"Error retrieving TTL, defaulting.","commit":"7655d9c","error":"\"knativebrokerttl\" not found"}
{"level":"info","ts":"2019-12-03T21:04:28.295Z","logger":"broker_ingress","caller":"ingress/ingress_handler.go:120","msg":"Error retrieving TTL, defaulting.","commit":"7655d9c","error":"\"knativebrokerttl\" not found"}
{"level":"info","ts":"2019-12-03T21:04:28.295Z","logger":"broker_ingress","caller":"ingress/ingress_handler.go:120","msg":"Error retrieving TTL, defaulting.","commit":"7655d9c","error":"\"knativebrokerttl\" not found"}
{"level":"info","ts":"2019-12-03T21:04:28.295Z","logger":"broker_ingress","caller":"ingress/ingress_handler.go:120","msg":"Error retrieving TTL, defaulting.","commit":"7655d9c","error":"\"knativebrokerttl\" not found"}
{"level":"info","ts":"2019-12-03T21:04:28.295Z","logger":"broker_ingress","caller":"ingress/ingress_handler.go:120","msg":"Error retrieving TTL, defaulting.","commit":"7655d9c","error":"\"knativebrokerttl\" not found"}
{"level":"info","ts":"2019-12-03T21:04:28.295Z","logger":"broker_ingress","caller":"ingress/ingress_handler.go:120","msg":"Error retrieving TTL, defaulting.","commit":"7655d9c","error":"\"knativebrokerttl\" not found"}
{"level":"info","ts":"2019-12-03T21:04:28.295Z","logger":"broker_ingress","caller":"ingress/ingress_handler.go:120","msg":"Error retrieving TTL, defaulting.","commit":"7655d9c","error":"\"knativebrokerttl\" not found"}
{"level":"info","ts":"2019-12-03T21:04:28.295Z","logger":"broker_ingress","caller":"ingress/ingress_handler.go:120","msg":"Error retrieving TTL, defaulting.","commit":"7655d9c","error":"\"knativebrokerttl\" not found"}
{"level":"info","ts":"2019-12-03T21:04:28.295Z","logger":"broker_ingress","caller":"ingress/ingress_handler.go:120","msg":"Error retrieving TTL, defaulting.","commit":"7655d9c","error":"\"knativebrokerttl\" not found"}
{"level":"info","ts":"2019-12-03T21:04:28.295Z","logger":"broker_ingress","caller":"ingress/ingress_handler.go:120","msg":"Error retrieving TTL, defaulting.","commit":"7655d9c","error":"\"knativebrokerttl\" not found"}
{"level":"info","ts":"2019-12-03T21:04:28.295Z","logger":"broker_ingress","caller":"ingress/ingress_handler.go:120","msg":"Error retrieving TTL, defaulting.","commit":"7655d9c","error":"\"knativebrokerttl\" not found"}
{"level":"info","ts":"2019-12-03T21:04:28.296Z","logger":"broker_ingress","caller":"ingress/ingress_handler.go:120","msg":"Error retrieving TTL, defaulting.","commit":"7655d9c","error":"\"knativebrokerttl\" not found"}
{"level":"info","ts":"2019-12-03T21:04:28.296Z","logger":"broker_ingress","caller":"ingress/ingress_handler.go:120","msg":"Error retrieving TTL, defaulting.","commit":"7655d9c","error":"\"knativebrokerttl\" not found"}
{"level":"info","ts":"2019-12-03T21:04:28.296Z","logger":"broker_ingress","caller":"ingress/ingress_handler.go:120","msg":"Error retrieving TTL, defaulting.","commit":"7655d9c","error":"\"knativebrokerttl\" not found"}
{"level":"info","ts":"2019-12-03T21:04:28.296Z","logger":"broker_ingress","caller":"ingress/ingress_handler.go:120","msg":"Error retrieving TTL, defaulting.","commit":"7655d9c","error":"\"knativebrokerttl\" not found"}
{"level":"info","ts":"2019-12-03T21:04:28.296Z","logger":"broker_ingress","caller":"ingress/ingress_handler.go:120","msg":"Error retrieving TTL, defaulting.","commit":"7655d9c","error":"\"knativebrokerttl\" not found"}
{"level":"info","ts":"2019-12-03T21:04:28.296Z","logger":"broker_ingress","caller":"ingress/ingress_handler.go:120","msg":"Error retrieving TTL, defaulting.","commit":"7655d9c","error":"\"knativebrokerttl\" not found"}
{"level":"info","ts":"2019-12-03T21:04:28.296Z","logger":"broker_ingress","caller":"ingress/ingress_handler.go:120","msg":"Error retrieving TTL, defaulting.","commit":"7655d9c","error":"\"knativebrokerttl\" not found"}
{"level":"info","ts":"2019-12-03T21:04:28.296Z","logger":"broker_ingress","caller":"ingress/ingress_handler.go:120","msg":"Error retrieving TTL, defaulting.","commit":"7655d9c","error":"\"knativebrokerttl\" not found"}
{"level":"info","ts":"2019-12-03T21:04:28.296Z","logger":"broker_ingress","caller":"ingress/ingress_handler.go:120","msg":"Error retrieving TTL, defaulting.","commit":"7655d9c","error":"\"knativebrokerttl\" not found"}
{"level":"info","ts":"2019-12-03T21:04:28.297Z","logger":"broker_ingress","caller":"ingress/ingress_handler.go:120","msg":"Error retrieving TTL, defaulting.","commit":"7655d9c","error":"\"knativebrokerttl\" not found"}
{"level":"info","ts":"2019-12-03T21:04:28.297Z","logger":"broker_ingress","caller":"ingress/ingress_handler.go:120","msg":"Error retrieving TTL, defaulting.","commit":"7655d9c","error":"\"knativebrokerttl\" not found"}
{"level":"info","ts":"2019-12-03T21:04:28.297Z","logger":"broker_ingress","caller":"ingress/ingress_handler.go:120","msg":"Error retrieving TTL, defaulting.","commit":"7655d9c","error":"\"knativebrokerttl\" not found"}
{"level":"info","ts":"2019-12-03T21:04:28.297Z","logger":"broker_ingress","caller":"ingress/ingress_handler.go:120","msg":"Error retrieving TTL, defaulting.","commit":"7655d9c","error":"\"knativebrokerttl\" not found"}
{"level":"info","ts":"2019-12-03T21:04:28.297Z","logger":"broker_ingress","caller":"ingress/ingress_handler.go:120","msg":"Error retrieving TTL, defaulting.","commit":"7655d9c","error":"\"knativebrokerttl\" not found"}
{"level":"info","ts":"2019-12-03T21:04:28.297Z","logger":"broker_ingress","caller":"ingress/ingress_handler.go:120","msg":"Error retrieving TTL, defaulting.","commit":"7655d9c","error":"\"knativebrokerttl\" not found"}
{"level":"info","ts":"2019-12-03T21:04:28.297Z","logger":"broker_ingress","caller":"ingress/ingress_handler.go:120","msg":"Error retrieving TTL, defaulting.","commit":"7655d9c","error":"\"knativebrokerttl\" not found"}
{"level":"info","ts":"2019-12-03T21:04:28.298Z","logger":"broker_ingress","caller":"ingress/ingress_handler.go:120","msg":"Error retrieving TTL, defaulting.","commit":"7655d9c","error":"\"knativebrokerttl\" not found"}
{"level":"info","ts":"2019-12-03T21:04:28.298Z","logger":"broker_ingress","caller":"ingress/ingress_handler.go:120","msg":"Error retrieving TTL, defaulting.","commit":"7655d9c","error":"\"knativebrokerttl\" not found"}
{"level":"info","ts":"2019-12-03T21:04:28.301Z","logger":"broker_ingress","caller":"ingress/ingress_handler.go:120","msg":"Error retrieving TTL, defaulting.","commit":"7655d9c","error":"\"knativebrokerttl\" not found"}
{"level":"info","ts":"2019-12-03T21:04:28.301Z","logger":"broker_ingress","caller":"ingress/ingress_handler.go:120","msg":"Error retrieving TTL, defaulting.","commit":"7655d9c","error":"\"knativebrokerttl\" not found"}
{"level":"info","ts":"2019-12-03T21:04:28.302Z","logger":"broker_ingress","caller":"ingress/ingress_handler.go:120","msg":"Error retrieving TTL, defaulting.","commit":"7655d9c","error":"\"knativebrokerttl\" not found"}
{"level":"info","ts":"2019-12-03T21:04:28.302Z","logger":"broker_ingress","caller":"ingress/ingress_handler.go:120","msg":"Error retrieving TTL, defaulting.","commit":"7655d9c","error":"\"knativebrokerttl\" not found"}
{"level":"info","ts":"2019-12-03T21:04:28.302Z","logger":"broker_ingress","caller":"ingress/ingress_handler.go:120","msg":"Error retrieving TTL, defaulting.","commit":"7655d9c","error":"\"knativebrokerttl\" not found"}
{"level":"info","ts":"2019-12-03T21:04:28.303Z","logger":"broker_ingress","caller":"ingress/ingress_handler.go:120","msg":"Error retrieving TTL, defaulting.","commit":"7655d9c","error":"\"knativebrokerttl\" not found"}
{"level":"info","ts":"2019-12-03T21:04:28.303Z","logger":"broker_ingress","caller":"ingress/ingress_handler.go:120","msg":"Error retrieving TTL, defaulting.","commit":"7655d9c","error":"\"knativebrokerttl\" not found"}
{"level":"info","ts":"2019-12-03T21:04:28.303Z","logger":"broker_ingress","caller":"ingress/ingress_handler.go:120","msg":"Error retrieving TTL, defaulting.","commit":"7655d9c","error":"\"knativebrokerttl\" not found"}
{"level":"info","ts":"2019-12-03T21:04:28.307Z","logger":"broker_ingress","caller":"ingress/ingress_handler.go:120","msg":"Error retrieving TTL, defaulting.","commit":"7655d9c","error":"\"knativebrokerttl\" not found"}
{"level":"info","ts":"2019-12-03T21:04:28.308Z","logger":"broker_ingress","caller":"ingress/ingress_handler.go:120","msg":"Error retrieving TTL, defaulting.","commit":"7655d9c","error":"\"knativebrokerttl\" not found"}
{"level":"info","ts":"2019-12-03T21:04:28.309Z","logger":"broker_ingress","caller":"ingress/ingress_handler.go:120","msg":"Error retrieving TTL, defaulting.","commit":"7655d9c","error":"\"knativebrokerttl\" not found"}
{"level":"info","ts":"2019-12-03T21:04:28.309Z","logger":"broker_ingress","caller":"ingress/ingress_handler.go:120","msg":"Error retrieving TTL, defaulting.","commit":"7655d9c","error":"\"knativebrokerttl\" not found"}
{"level":"info","ts":"2019-12-03T21:04:28.309Z","logger":"broker_ingress","caller":"ingress/ingress_handler.go:120","msg":"Error retrieving TTL, defaulting.","commit":"7655d9c","error":"\"knativebrokerttl\" not found"}
{"level":"info","ts":"2019-12-03T21:04:28.309Z","logger":"broker_ingress","caller":"ingress/ingress_handler.go:120","msg":"Error retrieving TTL, defaulting.","commit":"7655d9c","error":"\"knativebrokerttl\" not found"}
{"level":"info","ts":"2019-12-03T21:04:28.310Z","logger":"broker_ingress","caller":"ingress/ingress_handler.go:120","msg":"Error retrieving TTL, defaulting.","commit":"7655d9c","error":"\"knativebrokerttl\" not found"}
{"level":"info","ts":"2019-12-03T21:04:28.310Z","logger":"broker_ingress","caller":"ingress/ingress_handler.go:120","msg":"Error retrieving TTL, defaulting.","commit":"7655d9c","error":"\"knativebrokerttl\" not found"}
{"level":"info","ts":"2019-12-03T21:04:28.311Z","logger":"broker_ingress","caller":"ingress/ingress_handler.go:120","msg":"Error retrieving TTL, defaulting.","commit":"7655d9c","error":"\"knativebrokerttl\" not found"}
{"level":"info","ts":"2019-12-03T21:04:28.311Z","logger":"broker_ingress","caller":"ingress/ingress_handler.go:120","msg":"Error retrieving TTL, defaulting.","commit":"7655d9c","error":"\"knativebrokerttl\" not found"}
{"level":"info","ts":"2019-12-03T21:04:28.311Z","logger":"broker_ingress","caller":"ingress/ingress_handler.go:120","msg":"Error retrieving TTL, defaulting.","commit":"7655d9c","error":"\"knativebrokerttl\" not found"}
{"level":"info","ts":"2019-12-03T21:04:28.303Z","logger":"broker_ingress","caller":"ingress/ingress_handler.go:120","msg":"Error retrieving TTL, defaulting.","commit":"7655d9c","error":"\"knativebrokerttl\" not found"}
{"level":"info","ts":"2019-12-03T21:04:28.312Z","logger":"broker_ingress","caller":"ingress/ingress_handler.go:120","msg":"Error retrieving TTL, defaulting.","commit":"7655d9c","error":"\"knativebrokerttl\" not found"}
{"level":"info","ts":"2019-12-03T21:04:28.321Z","logger":"broker_ingress","caller":"ingress/ingress_handler.go:120","msg":"Error retrieving TTL, defaulting.","commit":"7655d9c","error":"\"knativebrokerttl\" not found"}
{"level":"info","ts":"2019-12-03T21:04:28.303Z","logger":"broker_ingress","caller":"ingress/ingress_handler.go:120","msg":"Error retrieving TTL, defaulting.","commit":"7655d9c","error":"\"knativebrokerttl\" not found"}
{"level":"info","ts":"2019-12-03T21:04:28.322Z","logger":"broker_ingress","caller":"ingress/ingress_handler.go:120","msg":"Error retrieving TTL, defaulting.","commit":"7655d9c","error":"\"knativebrokerttl\" not found"}
{"level":"info","ts":"2019-12-03T21:04:28.323Z","logger":"broker_ingress","caller":"ingress/ingress_handler.go:120","msg":"Error retrieving TTL, defaulting.","commit":"7655d9c","error":"\"knativebrokerttl\" not found"}
{"level":"info","ts":"2019-12-03T21:04:28.323Z","logger":"broker_ingress","caller":"ingress/ingress_handler.go:120","msg":"Error retrieving TTL, defaulting.","commit":"7655d9c","error":"\"knativebrokerttl\" not found"}
{"level":"info","ts":"2019-12-03T21:04:28.323Z","logger":"broker_ingress","caller":"ingress/ingress_handler.go:120","msg":"Error retrieving TTL, defaulting.","commit":"7655d9c","error":"\"knativebrokerttl\" not found"}
{"level":"info","ts":"2019-12-03T21:04:28.327Z","logger":"broker_ingress","caller":"ingress/ingress_handler.go:120","msg":"Error retrieving TTL, defaulting.","commit":"7655d9c","error":"\"knativebrokerttl\" not found"}
{"level":"info","ts":"2019-12-03T21:04:28.327Z","logger":"broker_ingress","caller":"ingress/ingress_handler.go:120","msg":"Error retrieving TTL, defaulting.","commit":"7655d9c","error":"\"knativebrokerttl\" not found"}
{"level":"info","ts":"2019-12-03T21:04:28.327Z","logger":"broker_ingress","caller":"ingress/ingress_handler.go:120","msg":"Error retrieving TTL, defaulting.","commit":"7655d9c","error":"\"knativebrokerttl\" not found"}
{"level":"info","ts":"2019-12-03T21:04:28.327Z","logger":"broker_ingress","caller":"ingress/ingress_handler.go:120","msg":"Error retrieving TTL, defaulting.","commit":"7655d9c","error":"\"knativebrokerttl\" not found"}
{"level":"info","ts":"2019-12-03T21:04:28.328Z","logger":"broker_ingress","caller":"ingress/ingress_handler.go:120","msg":"Error retrieving TTL, defaulting.","commit":"7655d9c","error":"\"knativebrokerttl\" not found"}
{"level":"info","ts":"2019-12-03T21:04:28.328Z","logger":"broker_ingress","caller":"ingress/ingress_handler.go:120","msg":"Error retrieving TTL, defaulting.","commit":"7655d9c","error":"\"knativebrokerttl\" not found"}
{"level":"info","ts":"2019-12-03T21:04:28.328Z","logger":"broker_ingress","caller":"ingress/ingress_handler.go:120","msg":"Error retrieving TTL, defaulting.","commit":"7655d9c","error":"\"knativebrokerttl\" not found"}
{"level":"info","ts":"2019-12-03T21:04:28.328Z","logger":"broker_ingress","caller":"ingress/ingress_handler.go:120","msg":"Error retrieving TTL, defaulting.","commit":"7655d9c","error":"\"knativebrokerttl\" not found"}
{"level":"info","ts":"2019-12-03T21:04:28.328Z","logger":"broker_ingress","caller":"ingress/ingress_handler.go:120","msg":"Error retrieving TTL, defaulting.","commit":"7655d9c","error":"\"knativebrokerttl\" not found"}
{"level":"info","ts":"2019-12-03T21:04:28.329Z","logger":"broker_ingress","caller":"ingress/ingress_handler.go:120","msg":"Error retrieving TTL, defaulting.","commit":"7655d9c","error":"\"knativebrokerttl\" not found"}
{"level":"info","ts":"2019-12-03T21:04:28.329Z","logger":"broker_ingress","caller":"ingress/ingress_handler.go:120","msg":"Error retrieving TTL, defaulting.","commit":"7655d9c","error":"\"knativebrokerttl\" not found"}
{"level":"info","ts":"2019-12-03T21:04:28.329Z","logger":"broker_ingress","caller":"ingress/ingress_handler.go:120","msg":"Error retrieving TTL, defaulting.","commit":"7655d9c","error":"\"knativebrokerttl\" not found"}
{"level":"info","ts":"2019-12-03T21:04:28.329Z","logger":"broker_ingress","caller":"ingress/ingress_handler.go:120","msg":"Error retrieving TTL, defaulting.","commit":"7655d9c","error":"\"knativebrokerttl\" not found"}
{"level":"info","ts":"2019-12-03T21:04:28.323Z","logger":"broker_ingress","caller":"ingress/ingress_handler.go:120","msg":"Error retrieving TTL, defaulting.","commit":"7655d9c","error":"\"knativebrokerttl\" not found"}
{"level":"info","ts":"2019-12-03T21:04:28.330Z","logger":"broker_ingress","caller":"ingress/ingress_handler.go:120","msg":"Error retrieving TTL, defaulting.","commit":"7655d9c","error":"\"knativebrokerttl\" not found"}
{"level":"info","ts":"2019-12-03T21:04:28.331Z","logger":"broker_ingress","caller":"ingress/ingress_handler.go:120","msg":"Error retrieving TTL, defaulting.","commit":"7655d9c","error":"\"knativebrokerttl\" not found"}
{"level":"info","ts":"2019-12-03T21:04:28.331Z","logger":"broker_ingress","caller":"ingress/ingress_handler.go:120","msg":"Error retrieving TTL, defaulting.","commit":"7655d9c","error":"\"knativebrokerttl\" not found"}
{"level":"info","ts":"2019-12-03T21:04:28.331Z","logger":"broker_ingress","caller":"ingress/ingress_handler.go:120","msg":"Error retrieving TTL, defaulting.","commit":"7655d9c","error":"\"knativebrokerttl\" not found"}
{"level":"info","ts":"2019-12-03T21:04:28.332Z","logger":"broker_ingress","caller":"ingress/ingress_handler.go:120","msg":"Error retrieving TTL, defaulting.","commit":"7655d9c","error":"\"knativebrokerttl\" not found"}
{"level":"info","ts":"2019-12-03T21:04:28.332Z","logger":"broker_ingress","caller":"ingress/ingress_handler.go:120","msg":"Error retrieving TTL, defaulting.","commit":"7655d9c","error":"\"knativebrokerttl\" not found"}
{"level":"info","ts":"2019-12-03T21:04:28.332Z","logger":"broker_ingress","caller":"ingress/ingress_handler.go:120","msg":"Error retrieving TTL, defaulting.","commit":"7655d9c","error":"\"knativebrokerttl\" not found"}
{"level":"info","ts":"2019-12-03T21:04:28.333Z","logger":"broker_ingress","caller":"ingress/ingress_handler.go:120","msg":"Error retrieving TTL, defaulting.","commit":"7655d9c","error":"\"knativebrokerttl\" not found"}
{"level":"info","ts":"2019-12-03T21:04:28.335Z","logger":"broker_ingress","caller":"ingress/ingress_handler.go:120","msg":"Error retrieving TTL, defaulting.","commit":"7655d9c","error":"\"knativebrokerttl\" not found"}
{"level":"info","ts":"2019-12-03T21:04:28.336Z","logger":"broker_ingress","caller":"ingress/ingress_handler.go:120","msg":"Error retrieving TTL, defaulting.","commit":"7655d9c","error":"\"knativebrokerttl\" not found"}
{"level":"info","ts":"2019-12-03T21:04:28.336Z","logger":"broker_ingress","caller":"ingress/ingress_handler.go:120","msg":"Error retrieving TTL, defaulting.","commit":"7655d9c","error":"\"knativebrokerttl\" not found"}
{"level":"info","ts":"2019-12-03T21:04:28.336Z","logger":"broker_ingress","caller":"ingress/ingress_handler.go:120","msg":"Error retrieving TTL, defaulting.","commit":"7655d9c","error":"\"knativebrokerttl\" not found"}
{"level":"info","ts":"2019-12-03T21:04:28.336Z","logger":"broker_ingress","caller":"ingress/ingress_handler.go:120","msg":"Error retrieving TTL, defaulting.","commit":"7655d9c","error":"\"knativebrokerttl\" not found"}
{"level":"info","ts":"2019-12-03T21:04:28.337Z","logger":"broker_ingress","caller":"ingress/ingress_handler.go:120","msg":"Error retrieving TTL, defaulting.","commit":"7655d9c","error":"\"knativebrokerttl\" not found"}
{"level":"info","ts":"2019-12-03T21:04:28.337Z","logger":"broker_ingress","caller":"ingress/ingress_handler.go:120","msg":"Error retrieving TTL, defaulting.","commit":"7655d9c","error":"\"knativebrokerttl\" not found"}
{"level":"info","ts":"2019-12-03T21:04:28.337Z","logger":"broker_ingress","caller":"ingress/ingress_handler.go:120","msg":"Error retrieving TTL, defaulting.","commit":"7655d9c","error":"\"knativebrokerttl\" not found"}
{"level":"info","ts":"2019-12-03T21:04:28.337Z","logger":"broker_ingress","caller":"ingress/ingress_handler.go:120","msg":"Error retrieving TTL, defaulting.","commit":"7655d9c","error":"\"knativebrokerttl\" not found"}
{"level":"info","ts":"2019-12-03T21:04:28.337Z","logger":"broker_ingress","caller":"ingress/ingress_handler.go:120","msg":"Error retrieving TTL, defaulting.","commit":"7655d9c","error":"\"knativebrokerttl\" not found"}
{"level":"info","ts":"2019-12-03T21:04:28.337Z","logger":"broker_ingress","caller":"ingress/ingress_handler.go:120","msg":"Error retrieving TTL, defaulting.","commit":"7655d9c","error":"\"knativebrokerttl\" not found"}
{"level":"info","ts":"2019-12-03T21:04:28.337Z","logger":"broker_ingress","caller":"ingress/ingress_handler.go:120","msg":"Error retrieving TTL, defaulting.","commit":"7655d9c","error":"\"knativebrokerttl\" not found"}
{"level":"info","ts":"2019-12-03T21:04:28.337Z","logger":"broker_ingress","caller":"ingress/ingress_handler.go:120","msg":"Error retrieving TTL, defaulting.","commit":"7655d9c","error":"\"knativebrokerttl\" not found"}
{"level":"info","ts":"2019-12-03T21:04:28.338Z","logger":"broker_ingress","caller":"ingress/ingress_handler.go:120","msg":"Error retrieving TTL, defaulting.","commit":"7655d9c","error":"\"knativebrokerttl\" not found"}
{"level":"info","ts":"2019-12-03T21:04:28.338Z","logger":"broker_ingress","caller":"ingress/ingress_handler.go:120","msg":"Error retrieving TTL, defaulting.","commit":"7655d9c","error":"\"knativebrokerttl\" not found"}
{"level":"info","ts":"2019-12-03T21:04:28.338Z","logger":"broker_ingress","caller":"ingress/ingress_handler.go:120","msg":"Error retrieving TTL, defaulting.","commit":"7655d9c","error":"\"knativebrokerttl\" not found"}
{"level":"info","ts":"2019-12-03T21:04:28.338Z","logger":"broker_ingress","caller":"ingress/ingress_handler.go:120","msg":"Error retrieving TTL, defaulting.","commit":"7655d9c","error":"\"knativebrokerttl\" not found"}
{"level":"info","ts":"2019-12-03T21:04:28.338Z","logger":"broker_ingress","caller":"ingress/ingress_handler.go:120","msg":"Error retrieving TTL, defaulting.","commit":"7655d9c","error":"\"knativebrokerttl\" not found"}
{"level":"info","ts":"2019-12-03T21:04:28.339Z","logger":"broker_ingress","caller":"ingress/ingress_handler.go:120","msg":"Error retrieving TTL, defaulting.","commit":"7655d9c","error":"\"knativebrokerttl\" not found"}
{"level":"info","ts":"2019-12-03T21:04:28.339Z","logger":"broker_ingress","caller":"ingress/ingress_handler.go:120","msg":"Error retrieving TTL, defaulting.","commit":"7655d9c","error":"\"knativebrokerttl\" not found"}
{"level":"info","ts":"2019-12-03T21:04:28.339Z","logger":"broker_ingress","caller":"ingress/ingress_handler.go:120","msg":"Error retrieving TTL, defaulting.","commit":"7655d9c","error":"\"knativebrokerttl\" not found"}
{"level":"info","ts":"2019-12-03T21:04:28.339Z","logger":"broker_ingress","caller":"ingress/ingress_handler.go:120","msg":"Error retrieving TTL, defaulting.","commit":"7655d9c","error":"\"knativebrokerttl\" not found"}
{"level":"info","ts":"2019-12-03T21:04:28.339Z","logger":"broker_ingress","caller":"ingress/ingress_handler.go:120","msg":"Error retrieving TTL, defaulting.","commit":"7655d9c","error":"\"knativebrokerttl\" not found"}
{"level":"info","ts":"2019-12-03T21:04:28.339Z","logger":"broker_ingress","caller":"ingress/ingress_handler.go:120","msg":"Error retrieving TTL, defaulting.","commit":"7655d9c","error":"\"knativebrokerttl\" not found"}
{"level":"info","ts":"2019-12-03T21:04:28.340Z","logger":"broker_ingress","caller":"ingress/ingress_handler.go:120","msg":"Error retrieving TTL, defaulting.","commit":"7655d9c","error":"\"knativebrokerttl\" not found"}
{"level":"info","ts":"2019-12-03T21:04:28.340Z","logger":"broker_ingress","caller":"ingress/ingress_handler.go:120","msg":"Error retrieving TTL, defaulting.","commit":"7655d9c","error":"\"knativebrokerttl\" not found"}
{"level":"info","ts":"2019-12-03T21:04:28.340Z","logger":"broker_ingress","caller":"ingress/ingress_handler.go:120","msg":"Error retrieving TTL, defaulting.","commit":"7655d9c","error":"\"knativebrokerttl\" not found"}
{"level":"info","ts":"2019-12-03T21:04:28.340Z","logger":"broker_ingress","caller":"ingress/ingress_handler.go:120","msg":"Error retrieving TTL, defaulting.","commit":"7655d9c","error":"\"knativebrokerttl\" not found"}
{"level":"info","ts":"2019-12-03T21:04:28.340Z","logger":"broker_ingress","caller":"ingress/ingress_handler.go:120","msg":"Error retrieving TTL, defaulting.","commit":"7655d9c","error":"\"knativebrokerttl\" not found"}
{"level":"info","ts":"2019-12-03T21:04:28.340Z","logger":"broker_ingress","caller":"ingress/ingress_handler.go:120","msg":"Error retrieving TTL, defaulting.","commit":"7655d9c","error":"\"knativebrokerttl\" not found"}
{"level":"info","ts":"2019-12-03T21:04:28.341Z","logger":"broker_ingress","caller":"ingress/ingress_handler.go:120","msg":"Error retrieving TTL, defaulting.","commit":"7655d9c","error":"\"knativebrokerttl\" not found"}
{"level":"info","ts":"2019-12-03T21:04:28.341Z","logger":"broker_ingress","caller":"ingress/ingress_handler.go:120","msg":"Error retrieving TTL, defaulting.","commit":"7655d9c","error":"\"knativebrokerttl\" not found"}
{"level":"info","ts":"2019-12-03T21:04:28.341Z","logger":"broker_ingress","caller":"ingress/ingress_handler.go:120","msg":"Error retrieving TTL, defaulting.","commit":"7655d9c","error":"\"knativebrokerttl\" not found"}
{"level":"info","ts":"2019-12-03T21:04:28.341Z","logger":"broker_ingress","caller":"ingress/ingress_handler.go:120","msg":"Error retrieving TTL, defaulting.","commit":"7655d9c","error":"\"knativebrokerttl\" not found"}
{"level":"info","ts":"2019-12-03T21:04:28.342Z","logger":"broker_ingress","caller":"ingress/ingress_handler.go:120","msg":"Error retrieving TTL, defaulting.","commit":"7655d9c","error":"\"knativebrokerttl\" not found"}
{"level":"info","ts":"2019-12-03T21:04:28.343Z","logger":"broker_ingress","caller":"ingress/ingress_handler.go:120","msg":"Error retrieving TTL, defaulting.","commit":"7655d9c","error":"\"knativebrokerttl\" not found"}
{"level":"info","ts":"2019-12-03T21:04:28.343Z","logger":"broker_ingress","caller":"ingress/ingress_handler.go:120","msg":"Error retrieving TTL, defaulting.","commit":"7655d9c","error":"\"knativebrokerttl\" not found"}
{"level":"info","ts":"2019-12-03T21:04:28.343Z","logger":"broker_ingress","caller":"ingress/ingress_handler.go:120","msg":"Error retrieving TTL, defaulting.","commit":"7655d9c","error":"\"knativebrokerttl\" not found"}
{"level":"info","ts":"2019-12-03T21:04:28.343Z","logger":"broker_ingress","caller":"ingress/ingress_handler.go:120","msg":"Error retrieving TTL, defaulting.","commit":"7655d9c","error":"\"knativebrokerttl\" not found"}
{"level":"info","ts":"2019-12-03T21:04:28.343Z","logger":"broker_ingress","caller":"ingress/ingress_handler.go:120","msg":"Error retrieving TTL, defaulting.","commit":"7655d9c","error":"\"knativebrokerttl\" not found"}
{"level":"info","ts":"2019-12-03T21:04:28.344Z","logger":"broker_ingress","caller":"ingress/ingress_handler.go:120","msg":"Error retrieving TTL, defaulting.","commit":"7655d9c","error":"\"knativebrokerttl\" not found"}
{"level":"info","ts":"2019-12-03T21:04:28.344Z","logger":"broker_ingress","caller":"ingress/ingress_handler.go:120","msg":"Error retrieving TTL, defaulting.","commit":"7655d9c","error":"\"knativebrokerttl\" not found"}
{"level":"info","ts":"2019-12-03T21:04:28.344Z","logger":"broker_ingress","caller":"ingress/ingress_handler.go:120","msg":"Error retrieving TTL, defaulting.","commit":"7655d9c","error":"\"knativebrokerttl\" not found"}
{"level":"info","ts":"2019-12-03T21:04:28.344Z","logger":"broker_ingress","caller":"ingress/ingress_handler.go:120","msg":"Error retrieving TTL, defaulting.","commit":"7655d9c","error":"\"knativebrokerttl\" not found"}
{"level":"info","ts":"2019-12-03T21:04:28.344Z","logger":"broker_ingress","caller":"ingress/ingress_handler.go:120","msg":"Error retrieving TTL, defaulting.","commit":"7655d9c","error":"\"knativebrokerttl\" not found"}
{"level":"info","ts":"2019-12-03T21:04:28.345Z","logger":"broker_ingress","caller":"ingress/ingress_handler.go:120","msg":"Error retrieving TTL, defaulting.","commit":"7655d9c","error":"\"knativebrokerttl\" not found"}
{"level":"info","ts":"2019-12-03T21:04:28.345Z","logger":"broker_ingress","caller":"ingress/ingress_handler.go:120","msg":"Error retrieving TTL, defaulting.","commit":"7655d9c","error":"\"knativebrokerttl\" not found"}
{"level":"info","ts":"2019-12-03T21:04:28.345Z","logger":"broker_ingress","caller":"ingress/ingress_handler.go:120","msg":"Error retrieving TTL, defaulting.","commit":"7655d9c","error":"\"knativebrokerttl\" not found"}
{"level":"info","ts":"2019-12-03T21:04:28.345Z","logger":"broker_ingress","caller":"ingress/ingress_handler.go:120","msg":"Error retrieving TTL, defaulting.","commit":"7655d9c","error":"\"knativebrokerttl\" not found"}
{"level":"info","ts":"2019-12-03T21:04:28.345Z","logger":"broker_ingress","caller":"ingress/ingress_handler.go:120","msg":"Error retrieving TTL, defaulting.","commit":"7655d9c","error":"\"knativebrokerttl\" not found"}
{"level":"info","ts":"2019-12-03T21:04:28.346Z","logger":"broker_ingress","caller":"ingress/ingress_handler.go:120","msg":"Error retrieving TTL, defaulting.","commit":"7655d9c","error":"\"knativebrokerttl\" not found"}
{"level":"info","ts":"2019-12-03T21:04:28.346Z","logger":"broker_ingress","caller":"ingress/ingress_handler.go:120","msg":"Error retrieving TTL, defaulting.","commit":"7655d9c","error":"\"knativebrokerttl\" not found"}
{"level":"info","ts":"2019-12-03T21:04:28.347Z","logger":"broker_ingress","caller":"ingress/ingress_handler.go:120","msg":"Error retrieving TTL, defaulting.","commit":"7655d9c","error":"\"knativebrokerttl\" not found"}
{"level":"info","ts":"2019-12-03T21:04:28.347Z","logger":"broker_ingress","caller":"ingress/ingress_handler.go:120","msg":"Error retrieving TTL, defaulting.","commit":"7655d9c","error":"\"knativebrokerttl\" not found"}
{"level":"info","ts":"2019-12-03T21:04:28.347Z","logger":"broker_ingress","caller":"ingress/ingress_handler.go:120","msg":"Error retrieving TTL, defaulting.","commit":"7655d9c","error":"\"knativebrokerttl\" not found"}
{"level":"info","ts":"2019-12-03T21:04:28.347Z","logger":"broker_ingress","caller":"ingress/ingress_handler.go:120","msg":"Error retrieving TTL, defaulting.","commit":"7655d9c","error":"\"knativebrokerttl\" not found"}
{"level":"info","ts":"2019-12-03T21:04:28.347Z","logger":"broker_ingress","caller":"ingress/ingress_handler.go:120","msg":"Error retrieving TTL, defaulting.","commit":"7655d9c","error":"\"knativebrokerttl\" not found"}
{"level":"info","ts":"2019-12-03T21:04:28.347Z","logger":"broker_ingress","caller":"ingress/ingress_handler.go:120","msg":"Error retrieving TTL, defaulting.","commit":"7655d9c","error":"\"knativebrokerttl\" not found"}
{"level":"info","ts":"2019-12-03T21:04:28.348Z","logger":"broker_ingress","caller":"ingress/ingress_handler.go:120","msg":"Error retrieving TTL, defaulting.","commit":"7655d9c","error":"\"knativebrokerttl\" not found"}
{"level":"info","ts":"2019-12-03T21:04:28.348Z","logger":"broker_ingress","caller":"ingress/ingress_handler.go:120","msg":"Error retrieving TTL, defaulting.","commit":"7655d9c","error":"\"knativebrokerttl\" not found"}
{"level":"info","ts":"2019-12-03T21:04:28.348Z","logger":"broker_ingress","caller":"ingress/ingress_handler.go:120","msg":"Error retrieving TTL, defaulting.","commit":"7655d9c","error":"\"knativebrokerttl\" not found"}
{"level":"info","ts":"2019-12-03T21:04:28.348Z","logger":"broker_ingress","caller":"ingress/ingress_handler.go:120","msg":"Error retrieving TTL, defaulting.","commit":"7655d9c","error":"\"knativebrokerttl\" not found"}
{"level":"info","ts":"2019-12-03T21:04:28.348Z","logger":"broker_ingress","caller":"ingress/ingress_handler.go:120","msg":"Error retrieving TTL, defaulting.","commit":"7655d9c","error":"\"knativebrokerttl\" not found"}
{"level":"info","ts":"2019-12-03T21:04:28.349Z","logger":"broker_ingress","caller":"ingress/ingress_handler.go:120","msg":"Error retrieving TTL, defaulting.","commit":"7655d9c","error":"\"knativebrokerttl\" not found"}
{"level":"info","ts":"2019-12-03T21:04:28.349Z","logger":"broker_ingress","caller":"ingress/ingress_handler.go:120","msg":"Error retrieving TTL, defaulting.","commit":"7655d9c","error":"\"knativebrokerttl\" not found"}
{"level":"info","ts":"2019-12-03T21:04:28.350Z","logger":"broker_ingress","caller":"ingress/ingress_handler.go:120","msg":"Error retrieving TTL, defaulting.","commit":"7655d9c","error":"\"knativebrokerttl\" not found"}
{"level":"info","ts":"2019-12-03T21:04:28.350Z","logger":"broker_ingress","caller":"ingress/ingress_handler.go:120","msg":"Error retrieving TTL, defaulting.","commit":"7655d9c","error":"\"knativebrokerttl\" not found"}
{"level":"info","ts":"2019-12-03T21:04:28.351Z","logger":"broker_ingress","caller":"ingress/ingress_handler.go:120","msg":"Error retrieving TTL, defaulting.","commit":"7655d9c","error":"\"knativebrokerttl\" not found"}
{"level":"info","ts":"2019-12-03T21:04:28.351Z","logger":"broker_ingress","caller":"ingress/ingress_handler.go:120","msg":"Error retrieving TTL, defaulting.","commit":"7655d9c","error":"\"knativebrokerttl\" not found"}
{"level":"info","ts":"2019-12-03T21:04:28.351Z","logger":"broker_ingress","caller":"ingress/ingress_handler.go:120","msg":"Error retrieving TTL, defaulting.","commit":"7655d9c","error":"\"knativebrokerttl\" not found"}
{"level":"info","ts":"2019-12-03T21:04:28.351Z","logger":"broker_ingress","caller":"ingress/ingress_handler.go:120","msg":"Error retrieving TTL, defaulting.","commit":"7655d9c","error":"\"knativebrokerttl\" not found"}
{"level":"info","ts":"2019-12-03T21:04:28.351Z","logger":"broker_ingress","caller":"ingress/ingress_handler.go:120","msg":"Error retrieving TTL, defaulting.","commit":"7655d9c","error":"\"knativebrokerttl\" not found"}
{"level":"info","ts":"2019-12-03T21:04:28.352Z","logger":"broker_ingress","caller":"ingress/ingress_handler.go:120","msg":"Error retrieving TTL, defaulting.","commit":"7655d9c","error":"\"knativebrokerttl\" not found"}
{"level":"info","ts":"2019-12-03T21:04:28.352Z","logger":"broker_ingress","caller":"ingress/ingress_handler.go:120","msg":"Error retrieving TTL, defaulting.","commit":"7655d9c","error":"\"knativebrokerttl\" not found"}
{"level":"info","ts":"2019-12-03T21:04:28.352Z","logger":"broker_ingress","caller":"ingress/ingress_handler.go:120","msg":"Error retrieving TTL, defaulting.","commit":"7655d9c","error":"\"knativebrokerttl\" not found"}
{"level":"info","ts":"2019-12-03T21:04:28.353Z","logger":"broker_ingress","caller":"ingress/ingress_handler.go:120","msg":"Error retrieving TTL, defaulting.","commit":"7655d9c","error":"\"knativebrokerttl\" not found"}
{"level":"info","ts":"2019-12-03T21:04:28.353Z","logger":"broker_ingress","caller":"ingress/ingress_handler.go:120","msg":"Error retrieving TTL, defaulting.","commit":"7655d9c","error":"\"knativebrokerttl\" not found"}
{"level":"info","ts":"2019-12-03T21:04:28.353Z","logger":"broker_ingress","caller":"ingress/ingress_handler.go:120","msg":"Error retrieving TTL, defaulting.","commit":"7655d9c","error":"\"knativebrokerttl\" not found"}
{"level":"info","ts":"2019-12-03T21:04:28.353Z","logger":"broker_ingress","caller":"ingress/ingress_handler.go:120","msg":"Error retrieving TTL, defaulting.","commit":"7655d9c","error":"\"knativebrokerttl\" not found"}
{"level":"info","ts":"2019-12-03T21:04:28.354Z","logger":"broker_ingress","caller":"ingress/ingress_handler.go:120","msg":"Error retrieving TTL, defaulting.","commit":"7655d9c","error":"\"knativebrokerttl\" not found"}
{"level":"info","ts":"2019-12-03T21:04:28.354Z","logger":"broker_ingress","caller":"ingress/ingress_handler.go:120","msg":"Error retrieving TTL, defaulting.","commit":"7655d9c","error":"\"knativebrokerttl\" not found"}
{"level":"info","ts":"2019-12-03T21:04:28.354Z","logger":"broker_ingress","caller":"ingress/ingress_handler.go:120","msg":"Error retrieving TTL, defaulting.","commit":"7655d9c","error":"\"knativebrokerttl\" not found"}
{"level":"info","ts":"2019-12-03T21:04:28.354Z","logger":"broker_ingress","caller":"ingress/ingress_handler.go:120","msg":"Error retrieving TTL, defaulting.","commit":"7655d9c","error":"\"knativebrokerttl\" not found"}
{"level":"info","ts":"2019-12-03T21:04:28.354Z","logger":"broker_ingress","caller":"ingress/ingress_handler.go:120","msg":"Error retrieving TTL, defaulting.","commit":"7655d9c","error":"\"knativebrokerttl\" not found"}
{"level":"info","ts":"2019-12-03T21:04:28.355Z","logger":"broker_ingress","caller":"ingress/ingress_handler.go:120","msg":"Error retrieving TTL, defaulting.","commit":"7655d9c","error":"\"knativebrokerttl\" not found"}
{"level":"info","ts":"2019-12-03T21:04:28.355Z","logger":"broker_ingress","caller":"ingress/ingress_handler.go:120","msg":"Error retrieving TTL, defaulting.","commit":"7655d9c","error":"\"knativebrokerttl\" not found"}
{"level":"info","ts":"2019-12-03T21:04:28.355Z","logger":"broker_ingress","caller":"ingress/ingress_handler.go:120","msg":"Error retrieving TTL, defaulting.","commit":"7655d9c","error":"\"knativebrokerttl\" not found"}
{"level":"info","ts":"2019-12-03T21:04:28.356Z","logger":"broker_ingress","caller":"ingress/ingress_handler.go:120","msg":"Error retrieving TTL, defaulting.","commit":"7655d9c","error":"\"knativebrokerttl\" not found"}
{"level":"info","ts":"2019-12-03T21:04:28.356Z","logger":"broker_ingress","caller":"ingress/ingress_handler.go:120","msg":"Error retrieving TTL, defaulting.","commit":"7655d9c","error":"\"knativebrokerttl\" not found"}
{"level":"info","ts":"2019-12-03T21:04:28.356Z","logger":"broker_ingress","caller":"ingress/ingress_handler.go:120","msg":"Error retrieving TTL, defaulting.","commit":"7655d9c","error":"\"knativebrokerttl\" not found"}
{"level":"info","ts":"2019-12-03T21:04:28.357Z","logger":"broker_ingress","caller":"ingress/ingress_handler.go:120","msg":"Error retrieving TTL, defaulting.","commit":"7655d9c","error":"\"knativebrokerttl\" not found"}
{"level":"info","ts":"2019-12-03T21:04:28.357Z","logger":"broker_ingress","caller":"ingress/ingress_handler.go:120","msg":"Error retrieving TTL, defaulting.","commit":"7655d9c","error":"\"knativebrokerttl\" not found"}
{"level":"info","ts":"2019-12-03T21:04:28.357Z","logger":"broker_ingress","caller":"ingress/ingress_handler.go:120","msg":"Error retrieving TTL, defaulting.","commit":"7655d9c","error":"\"knativebrokerttl\" not found"}
{"level":"info","ts":"2019-12-03T21:04:28.357Z","logger":"broker_ingress","caller":"ingress/ingress_handler.go:120","msg":"Error retrieving TTL, defaulting.","commit":"7655d9c","error":"\"knativebrokerttl\" not found"}
{"level":"info","ts":"2019-12-03T21:04:28.358Z","logger":"broker_ingress","caller":"ingress/ingress_handler.go:120","msg":"Error retrieving TTL, defaulting.","commit":"7655d9c","error":"\"knativebrokerttl\" not found"}
{"level":"info","ts":"2019-12-03T21:04:28.358Z","logger":"broker_ingress","caller":"ingress/ingress_handler.go:120","msg":"Error retrieving TTL, defaulting.","commit":"7655d9c","error":"\"knativebrokerttl\" not found"}
{"level":"info","ts":"2019-12-03T21:04:28.358Z","logger":"broker_ingress","caller":"ingress/ingress_handler.go:120","msg":"Error retrieving TTL, defaulting.","commit":"7655d9c","error":"\"knativebrokerttl\" not found"}
{"level":"info","ts":"2019-12-03T21:04:28.358Z","logger":"broker_ingress","caller":"ingress/ingress_handler.go:120","msg":"Error retrieving TTL, defaulting.","commit":"7655d9c","error":"\"knativebrokerttl\" not found"}
{"level":"info","ts":"2019-12-03T21:04:28.359Z","logger":"broker_ingress","caller":"ingress/ingress_handler.go:120","msg":"Error retrieving TTL, defaulting.","commit":"7655d9c","error":"\"knativebrokerttl\" not found"}
{"level":"info","ts":"2019-12-03T21:04:28.359Z","logger":"broker_ingress","caller":"ingress/ingress_handler.go:120","msg":"Error retrieving TTL, defaulting.","commit":"7655d9c","error":"\"knativebrokerttl\" not found"}
{"level":"info","ts":"2019-12-03T21:04:28.359Z","logger":"broker_ingress","caller":"ingress/ingress_handler.go:120","msg":"Error retrieving TTL, defaulting.","commit":"7655d9c","error":"\"knativebrokerttl\" not found"}
{"level":"info","ts":"2019-12-03T21:04:28.359Z","logger":"broker_ingress","caller":"ingress/ingress_handler.go:120","msg":"Error retrieving TTL, defaulting.","commit":"7655d9c","error":"\"knativebrokerttl\" not found"}
{"level":"info","ts":"2019-12-03T21:04:28.359Z","logger":"broker_ingress","caller":"ingress/ingress_handler.go:120","msg":"Error retrieving TTL, defaulting.","commit":"7655d9c","error":"\"knativebrokerttl\" not found"}
{"level":"info","ts":"2019-12-03T21:04:28.361Z","logger":"broker_ingress","caller":"ingress/ingress_handler.go:120","msg":"Error retrieving TTL, defaulting.","commit":"7655d9c","error":"\"knativebrokerttl\" not found"}
{"level":"info","ts":"2019-12-03T21:04:28.361Z","logger":"broker_ingress","caller":"ingress/ingress_handler.go:120","msg":"Error retrieving TTL, defaulting.","commit":"7655d9c","error":"\"knativebrokerttl\" not found"}
{"level":"info","ts":"2019-12-03T21:04:28.361Z","logger":"broker_ingress","caller":"ingress/ingress_handler.go:120","msg":"Error retrieving TTL, defaulting.","commit":"7655d9c","error":"\"knativebrokerttl\" not found"}
{"level":"info","ts":"2019-12-03T21:04:28.362Z","logger":"broker_ingress","caller":"ingress/ingress_handler.go:120","msg":"Error retrieving TTL, defaulting.","commit":"7655d9c","error":"\"knativebrokerttl\" not found"}
{"level":"info","ts":"2019-12-03T21:04:28.362Z","logger":"broker_ingress","caller":"ingress/ingress_handler.go:120","msg":"Error retrieving TTL, defaulting.","commit":"7655d9c","error":"\"knativebrokerttl\" not found"}
{"level":"info","ts":"2019-12-03T21:04:28.362Z","logger":"broker_ingress","caller":"ingress/ingress_handler.go:120","msg":"Error retrieving TTL, defaulting.","commit":"7655d9c","error":"\"knativebrokerttl\" not found"}
{"level":"info","ts":"2019-12-03T21:04:28.364Z","logger":"broker_ingress","caller":"ingress/ingress_handler.go:120","msg":"Error retrieving TTL, defaulting.","commit":"7655d9c","error":"\"knativebrokerttl\" not found"}
{"level":"info","ts":"2019-12-03T21:04:28.364Z","logger":"broker_ingress","caller":"ingress/ingress_handler.go:120","msg":"Error retrieving TTL, defaulting.","commit":"7655d9c","error":"\"knativebrokerttl\" not found"}
{"level":"info","ts":"2019-12-03T21:04:28.364Z","logger":"broker_ingress","caller":"ingress/ingress_handler.go:120","msg":"Error retrieving TTL, defaulting.","commit":"7655d9c","error":"\"knativebrokerttl\" not found"}
{"level":"info","ts":"2019-12-03T21:04:28.364Z","logger":"broker_ingress","caller":"ingress/ingress_handler.go:120","msg":"Error retrieving TTL, defaulting.","commit":"7655d9c","error":"\"knativebrokerttl\" not found"}
{"level":"info","ts":"2019-12-03T21:04:28.364Z","logger":"broker_ingress","caller":"ingress/ingress_handler.go:120","msg":"Error retrieving TTL, defaulting.","commit":"7655d9c","error":"\"knativebrokerttl\" not found"}
{"level":"info","ts":"2019-12-03T21:04:28.365Z","logger":"broker_ingress","caller":"ingress/ingress_handler.go:120","msg":"Error retrieving TTL, defaulting.","commit":"7655d9c","error":"\"knativebrokerttl\" not found"}
{"level":"info","ts":"2019-12-03T21:04:28.367Z","logger":"broker_ingress","caller":"ingress/ingress_handler.go:120","msg":"Error retrieving TTL, defaulting.","commit":"7655d9c","error":"\"knativebrokerttl\" not found"}
{"level":"info","ts":"2019-12-03T21:04:28.367Z","logger":"broker_ingress","caller":"ingress/ingress_handler.go:120","msg":"Error retrieving TTL, defaulting.","commit":"7655d9c","error":"\"knativebrokerttl\" not found"}
{"level":"info","ts":"2019-12-03T21:04:28.367Z","logger":"broker_ingress","caller":"ingress/ingress_handler.go:120","msg":"Error retrieving TTL, defaulting.","commit":"7655d9c","error":"\"knativebrokerttl\" not found"}
{"level":"info","ts":"2019-12-03T21:04:28.367Z","logger":"broker_ingress","caller":"ingress/ingress_handler.go:120","msg":"Error retrieving TTL, defaulting.","commit":"7655d9c","error":"\"knativebrokerttl\" not found"}
{"level":"info","ts":"2019-12-03T21:04:28.367Z","logger":"broker_ingress","caller":"ingress/ingress_handler.go:120","msg":"Error retrieving TTL, defaulting.","commit":"7655d9c","error":"\"knativebrokerttl\" not found"}
{"level":"info","ts":"2019-12-03T21:04:28.368Z","logger":"broker_ingress","caller":"ingress/ingress_handler.go:120","msg":"Error retrieving TTL, defaulting.","commit":"7655d9c","error":"\"knativebrokerttl\" not found"}
{"level":"info","ts":"2019-12-03T21:04:28.368Z","logger":"broker_ingress","caller":"ingress/ingress_handler.go:120","msg":"Error retrieving TTL, defaulting.","commit":"7655d9c","error":"\"knativebrokerttl\" not found"}
{"level":"info","ts":"2019-12-03T21:04:28.368Z","logger":"broker_ingress","caller":"ingress/ingress_handler.go:120","msg":"Error retrieving TTL, defaulting.","commit":"7655d9c","error":"\"knativebrokerttl\" not found"}
{"level":"info","ts":"2019-12-03T21:04:28.369Z","logger":"broker_ingress","caller":"ingress/ingress_handler.go:120","msg":"Error retrieving TTL, defaulting.","commit":"7655d9c","error":"\"knativebrokerttl\" not found"}
{"level":"info","ts":"2019-12-03T21:04:28.369Z","logger":"broker_ingress","caller":"ingress/ingress_handler.go:120","msg":"Error retrieving TTL, defaulting.","commit":"7655d9c","error":"\"knativebrokerttl\" not found"}
{"level":"info","ts":"2019-12-03T21:04:28.369Z","logger":"broker_ingress","caller":"ingress/ingress_handler.go:120","msg":"Error retrieving TTL, defaulting.","commit":"7655d9c","error":"\"knativebrokerttl\" not found"}
{"level":"info","ts":"2019-12-03T21:04:28.369Z","logger":"broker_ingress","caller":"ingress/ingress_handler.go:120","msg":"Error retrieving TTL, defaulting.","commit":"7655d9c","error":"\"knativebrokerttl\" not found"}
{"level":"info","ts":"2019-12-03T21:04:28.369Z","logger":"broker_ingress","caller":"ingress/ingress_handler.go:120","msg":"Error retrieving TTL, defaulting.","commit":"7655d9c","error":"\"knativebrokerttl\" not found"}
{"level":"info","ts":"2019-12-03T21:04:28.369Z","logger":"broker_ingress","caller":"ingress/ingress_handler.go:120","msg":"Error retrieving TTL, defaulting.","commit":"7655d9c","error":"\"knativebrokerttl\" not found"}
{"level":"info","ts":"2019-12-03T21:04:28.370Z","logger":"broker_ingress","caller":"ingress/ingress_handler.go:120","msg":"Error retrieving TTL, defaulting.","commit":"7655d9c","error":"\"knativebrokerttl\" not found"}
{"level":"info","ts":"2019-12-03T21:04:28.370Z","logger":"broker_ingress","caller":"ingress/ingress_handler.go:120","msg":"Error retrieving TTL, defaulting.","commit":"7655d9c","error":"\"knativebrokerttl\" not found"}
{"level":"info","ts":"2019-12-03T21:04:28.370Z","logger":"broker_ingress","caller":"ingress/ingress_handler.go:120","msg":"Error retrieving TTL, defaulting.","commit":"7655d9c","error":"\"knativebrokerttl\" not found"}
{"level":"info","ts":"2019-12-03T21:04:28.371Z","logger":"broker_ingress","caller":"ingress/ingress_handler.go:120","msg":"Error retrieving TTL, defaulting.","commit":"7655d9c","error":"\"knativebrokerttl\" not found"}
{"level":"info","ts":"2019-12-03T21:04:28.371Z","logger":"broker_ingress","caller":"ingress/ingress_handler.go:120","msg":"Error retrieving TTL, defaulting.","commit":"7655d9c","error":"\"knativebrokerttl\" not found"}
{"level":"info","ts":"2019-12-03T21:04:28.371Z","logger":"broker_ingress","caller":"ingress/ingress_handler.go:120","msg":"Error retrieving TTL, defaulting.","commit":"7655d9c","error":"\"knativebrokerttl\" not found"}
{"level":"info","ts":"2019-12-03T21:04:28.371Z","logger":"broker_ingress","caller":"ingress/ingress_handler.go:120","msg":"Error retrieving TTL, defaulting.","commit":"7655d9c","error":"\"knativebrokerttl\" not found"}
{"level":"info","ts":"2019-12-03T21:04:28.372Z","logger":"broker_ingress","caller":"ingress/ingress_handler.go:120","msg":"Error retrieving TTL, defaulting.","commit":"7655d9c","error":"\"knativebrokerttl\" not found"}
{"level":"info","ts":"2019-12-03T21:04:28.372Z","logger":"broker_ingress","caller":"ingress/ingress_handler.go:120","msg":"Error retrieving TTL, defaulting.","commit":"7655d9c","error":"\"knativebrokerttl\" not found"}
{"level":"info","ts":"2019-12-03T21:04:28.372Z","logger":"broker_ingress","caller":"ingress/ingress_handler.go:120","msg":"Error retrieving TTL, defaulting.","commit":"7655d9c","error":"\"knativebrokerttl\" not found"}
{"level":"info","ts":"2019-12-03T21:04:28.372Z","logger":"broker_ingress","caller":"ingress/ingress_handler.go:120","msg":"Error retrieving TTL, defaulting.","commit":"7655d9c","error":"\"knativebrokerttl\" not found"}
{"level":"info","ts":"2019-12-03T21:04:28.372Z","logger":"broker_ingress","caller":"ingress/ingress_handler.go:120","msg":"Error retrieving TTL, defaulting.","commit":"7655d9c","error":"\"knativebrokerttl\" not found"}
{"level":"info","ts":"2019-12-03T21:04:28.373Z","logger":"broker_ingress","caller":"ingress/ingress_handler.go:120","msg":"Error retrieving TTL, defaulting.","commit":"7655d9c","error":"\"knativebrokerttl\" not found"}
{"level":"info","ts":"2019-12-03T21:04:28.373Z","logger":"broker_ingress","caller":"ingress/ingress_handler.go:120","msg":"Error retrieving TTL, defaulting.","commit":"7655d9c","error":"\"knativebrokerttl\" not found"}
{"level":"info","ts":"2019-12-03T21:04:28.373Z","logger":"broker_ingress","caller":"ingress/ingress_handler.go:120","msg":"Error retrieving TTL, defaulting.","commit":"7655d9c","error":"\"knativebrokerttl\" not found"}
{"level":"info","ts":"2019-12-03T21:04:28.373Z","logger":"broker_ingress","caller":"ingress/ingress_handler.go:120","msg":"Error retrieving TTL, defaulting.","commit":"7655d9c","error":"\"knativebrokerttl\" not found"}
{"level":"info","ts":"2019-12-03T21:04:28.374Z","logger":"broker_ingress","caller":"ingress/ingress_handler.go:120","msg":"Error retrieving TTL, defaulting.","commit":"7655d9c","error":"\"knativebrokerttl\" not found"}
{"level":"info","ts":"2019-12-03T21:04:28.374Z","logger":"broker_ingress","caller":"ingress/ingress_handler.go:120","msg":"Error retrieving TTL, defaulting.","commit":"7655d9c","error":"\"knativebrokerttl\" not found"}
{"level":"info","ts":"2019-12-03T21:04:28.374Z","logger":"broker_ingress","caller":"ingress/ingress_handler.go:120","msg":"Error retrieving TTL, defaulting.","commit":"7655d9c","error":"\"knativebrokerttl\" not found"}
{"level":"info","ts":"2019-12-03T21:04:28.374Z","logger":"broker_ingress","caller":"ingress/ingress_handler.go:120","msg":"Error retrieving TTL, defaulting.","commit":"7655d9c","error":"\"knativebrokerttl\" not found"}
{"level":"info","ts":"2019-12-03T21:04:28.374Z","logger":"broker_ingress","caller":"ingress/ingress_handler.go:120","msg":"Error retrieving TTL, defaulting.","commit":"7655d9c","error":"\"knativebrokerttl\" not found"}
{"level":"info","ts":"2019-12-03T21:04:28.374Z","logger":"broker_ingress","caller":"ingress/ingress_handler.go:120","msg":"Error retrieving TTL, defaulting.","commit":"7655d9c","error":"\"knativebrokerttl\" not found"}
{"level":"info","ts":"2019-12-03T21:04:28.375Z","logger":"broker_ingress","caller":"ingress/ingress_handler.go:120","msg":"Error retrieving TTL, defaulting.","commit":"7655d9c","error":"\"knativebrokerttl\" not found"}
{"level":"info","ts":"2019-12-03T21:04:28.375Z","logger":"broker_ingress","caller":"ingress/ingress_handler.go:120","msg":"Error retrieving TTL, defaulting.","commit":"7655d9c","error":"\"knativebrokerttl\" not found"}
{"level":"info","ts":"2019-12-03T21:04:28.375Z","logger":"broker_ingress","caller":"ingress/ingress_handler.go:120","msg":"Error retrieving TTL, defaulting.","commit":"7655d9c","error":"\"knativebrokerttl\" not found"}
{"level":"info","ts":"2019-12-03T21:04:28.375Z","logger":"broker_ingress","caller":"ingress/ingress_handler.go:120","msg":"Error retrieving TTL, defaulting.","commit":"7655d9c","error":"\"knativebrokerttl\" not found"}
{"level":"info","ts":"2019-12-03T21:04:28.375Z","logger":"broker_ingress","caller":"ingress/ingress_handler.go:120","msg":"Error retrieving TTL, defaulting.","commit":"7655d9c","error":"\"knativebrokerttl\" not found"}
{"level":"info","ts":"2019-12-03T21:04:28.375Z","logger":"broker_ingress","caller":"ingress/ingress_handler.go:120","msg":"Error retrieving TTL, defaulting.","commit":"7655d9c","error":"\"knativebrokerttl\" not found"}
{"level":"info","ts":"2019-12-03T21:04:28.376Z","logger":"broker_ingress","caller":"ingress/ingress_handler.go:120","msg":"Error retrieving TTL, defaulting.","commit":"7655d9c","error":"\"knativebrokerttl\" not found"}
{"level":"info","ts":"2019-12-03T21:04:28.376Z","logger":"broker_ingress","caller":"ingress/ingress_handler.go:120","msg":"Error retrieving TTL, defaulting.","commit":"7655d9c","error":"\"knativebrokerttl\" not found"}
{"level":"info","ts":"2019-12-03T21:04:28.376Z","logger":"broker_ingress","caller":"ingress/ingress_handler.go:120","msg":"Error retrieving TTL, defaulting.","commit":"7655d9c","error":"\"knativebrokerttl\" not found"}
{"level":"info","ts":"2019-12-03T21:04:28.376Z","logger":"broker_ingress","caller":"ingress/ingress_handler.go:120","msg":"Error retrieving TTL, defaulting.","commit":"7655d9c","error":"\"knativebrokerttl\" not found"}
{"level":"info","ts":"2019-12-03T21:04:28.376Z","logger":"broker_ingress","caller":"ingress/ingress_handler.go:120","msg":"Error retrieving TTL, defaulting.","commit":"7655d9c","error":"\"knativebrokerttl\" not found"}
{"level":"info","ts":"2019-12-03T21:04:28.376Z","logger":"broker_ingress","caller":"ingress/ingress_handler.go:120","msg":"Error retrieving TTL, defaulting.","commit":"7655d9c","error":"\"knativebrokerttl\" not found"}
{"level":"info","ts":"2019-12-03T21:04:28.377Z","logger":"broker_ingress","caller":"ingress/ingress_handler.go:120","msg":"Error retrieving TTL, defaulting.","commit":"7655d9c","error":"\"knativebrokerttl\" not found"}
{"level":"info","ts":"2019-12-03T21:04:28.377Z","logger":"broker_ingress","caller":"ingress/ingress_handler.go:120","msg":"Error retrieving TTL, defaulting.","commit":"7655d9c","error":"\"knativebrokerttl\" not found"}
{"level":"info","ts":"2019-12-03T21:04:28.377Z","logger":"broker_ingress","caller":"ingress/ingress_handler.go:120","msg":"Error retrieving TTL, defaulting.","commit":"7655d9c","error":"\"knativebrokerttl\" not found"}
{"level":"info","ts":"2019-12-03T21:04:28.377Z","logger":"broker_ingress","caller":"ingress/ingress_handler.go:120","msg":"Error retrieving TTL, defaulting.","commit":"7655d9c","error":"\"knativebrokerttl\" not found"}
{"level":"info","ts":"2019-12-03T21:04:28.377Z","logger":"broker_ingress","caller":"ingress/ingress_handler.go:120","msg":"Error retrieving TTL, defaulting.","commit":"7655d9c","error":"\"knativebrokerttl\" not found"}
{"level":"info","ts":"2019-12-03T21:04:28.377Z","logger":"broker_ingress","caller":"ingress/ingress_handler.go:120","msg":"Error retrieving TTL, defaulting.","commit":"7655d9c","error":"\"knativebrokerttl\" not found"}
{"level":"info","ts":"2019-12-03T21:04:28.377Z","logger":"broker_ingress","caller":"ingress/ingress_handler.go:120","msg":"Error retrieving TTL, defaulting.","commit":"7655d9c","error":"\"knativebrokerttl\" not found"}
{"level":"info","ts":"2019-12-03T21:04:28.378Z","logger":"broker_ingress","caller":"ingress/ingress_handler.go:120","msg":"Error retrieving TTL, defaulting.","commit":"7655d9c","error":"\"knativebrokerttl\" not found"}
{"level":"info","ts":"2019-12-03T21:04:28.378Z","logger":"broker_ingress","caller":"ingress/ingress_handler.go:120","msg":"Error retrieving TTL, defaulting.","commit":"7655d9c","error":"\"knativebrokerttl\" not found"}
{"level":"info","ts":"2019-12-03T21:04:28.378Z","logger":"broker_ingress","caller":"ingress/ingress_handler.go:120","msg":"Error retrieving TTL, defaulting.","commit":"7655d9c","error":"\"knativebrokerttl\" not found"}
{"level":"info","ts":"2019-12-03T21:04:28.379Z","logger":"broker_ingress","caller":"ingress/ingress_handler.go:120","msg":"Error retrieving TTL, defaulting.","commit":"7655d9c","error":"\"knativebrokerttl\" not found"}
{"level":"info","ts":"2019-12-03T21:04:28.379Z","logger":"broker_ingress","caller":"ingress/ingress_handler.go:120","msg":"Error retrieving TTL, defaulting.","commit":"7655d9c","error":"\"knativebrokerttl\" not found"}
{"level":"info","ts":"2019-12-03T21:04:28.379Z","logger":"broker_ingress","caller":"ingress/ingress_handler.go:120","msg":"Error retrieving TTL, defaulting.","commit":"7655d9c","error":"\"knativebrokerttl\" not found"}
{"level":"info","ts":"2019-12-03T21:04:28.379Z","logger":"broker_ingress","caller":"ingress/ingress_handler.go:120","msg":"Error retrieving TTL, defaulting.","commit":"7655d9c","error":"\"knativebrokerttl\" not found"}
{"level":"info","ts":"2019-12-03T21:04:28.379Z","logger":"broker_ingress","caller":"ingress/ingress_handler.go:120","msg":"Error retrieving TTL, defaulting.","commit":"7655d9c","error":"\"knativebrokerttl\" not found"}
{"level":"info","ts":"2019-12-03T21:04:28.379Z","logger":"broker_ingress","caller":"ingress/ingress_handler.go:120","msg":"Error retrieving TTL, defaulting.","commit":"7655d9c","error":"\"knativebrokerttl\" not found"}
{"level":"info","ts":"2019-12-03T21:04:28.380Z","logger":"broker_ingress","caller":"ingress/ingress_handler.go:120","msg":"Error retrieving TTL, defaulting.","commit":"7655d9c","error":"\"knativebrokerttl\" not found"}
{"level":"info","ts":"2019-12-03T21:04:28.380Z","logger":"broker_ingress","caller":"ingress/ingress_handler.go:120","msg":"Error retrieving TTL, defaulting.","commit":"7655d9c","error":"\"knativebrokerttl\" not found"}
{"level":"info","ts":"2019-12-03T21:04:28.380Z","logger":"broker_ingress","caller":"ingress/ingress_handler.go:120","msg":"Error retrieving TTL, defaulting.","commit":"7655d9c","error":"\"knativebrokerttl\" not found"}
{"level":"info","ts":"2019-12-03T21:04:28.380Z","logger":"broker_ingress","caller":"ingress/ingress_handler.go:120","msg":"Error retrieving TTL, defaulting.","commit":"7655d9c","error":"\"knativebrokerttl\" not found"}
{"level":"info","ts":"2019-12-03T21:04:28.381Z","logger":"broker_ingress","caller":"ingress/ingress_handler.go:120","msg":"Error retrieving TTL, defaulting.","commit":"7655d9c","error":"\"knativebrokerttl\" not found"}
{"level":"info","ts":"2019-12-03T21:04:28.382Z","logger":"broker_ingress","caller":"ingress/ingress_handler.go:120","msg":"Error retrieving TTL, defaulting.","commit":"7655d9c","error":"\"knativebrokerttl\" not found"}
{"level":"info","ts":"2019-12-03T21:04:28.382Z","logger":"broker_ingress","caller":"ingress/ingress_handler.go:120","msg":"Error retrieving TTL, defaulting.","commit":"7655d9c","error":"\"knativebrokerttl\" not found"}
{"level":"info","ts":"2019-12-03T21:04:28.382Z","logger":"broker_ingress","caller":"ingress/ingress_handler.go:120","msg":"Error retrieving TTL, defaulting.","commit":"7655d9c","error":"\"knativebrokerttl\" not found"}
{"level":"info","ts":"2019-12-03T21:04:28.382Z","logger":"broker_ingress","caller":"ingress/ingress_handler.go:120","msg":"Error retrieving TTL, defaulting.","commit":"7655d9c","error":"\"knativebrokerttl\" not found"}
{"level":"info","ts":"2019-12-03T21:04:28.382Z","logger":"broker_ingress","caller":"ingress/ingress_handler.go:120","msg":"Error retrieving TTL, defaulting.","commit":"7655d9c","error":"\"knativebrokerttl\" not found"}
{"level":"info","ts":"2019-12-03T21:04:28.382Z","logger":"broker_ingress","caller":"ingress/ingress_handler.go:120","msg":"Error retrieving TTL, defaulting.","commit":"7655d9c","error":"\"knativebrokerttl\" not found"}
{"level":"info","ts":"2019-12-03T21:04:28.382Z","logger":"broker_ingress","caller":"ingress/ingress_handler.go:120","msg":"Error retrieving TTL, defaulting.","commit":"7655d9c","error":"\"knativebrokerttl\" not found"}
{"level":"info","ts":"2019-12-03T21:04:28.383Z","logger":"broker_ingress","caller":"ingress/ingress_handler.go:120","msg":"Error retrieving TTL, defaulting.","commit":"7655d9c","error":"\"knativebrokerttl\" not found"}
{"level":"info","ts":"2019-12-03T21:04:28.383Z","logger":"broker_ingress","caller":"ingress/ingress_handler.go:120","msg":"Error retrieving TTL, defaulting.","commit":"7655d9c","error":"\"knativebrokerttl\" not found"}
{"level":"info","ts":"2019-12-03T21:04:28.383Z","logger":"broker_ingress","caller":"ingress/ingress_handler.go:120","msg":"Error retrieving TTL, defaulting.","commit":"7655d9c","error":"\"knativebrokerttl\" not found"}
{"level":"info","ts":"2019-12-03T21:04:28.384Z","logger":"broker_ingress","caller":"ingress/ingress_handler.go:120","msg":"Error retrieving TTL, defaulting.","commit":"7655d9c","error":"\"knativebrokerttl\" not found"}
{"level":"info","ts":"2019-12-03T21:04:28.384Z","logger":"broker_ingress","caller":"ingress/ingress_handler.go:120","msg":"Error retrieving TTL, defaulting.","commit":"7655d9c","error":"\"knativebrokerttl\" not found"}
{"level":"info","ts":"2019-12-03T21:04:28.384Z","logger":"broker_ingress","caller":"ingress/ingress_handler.go:120","msg":"Error retrieving TTL, defaulting.","commit":"7655d9c","error":"\"knativebrokerttl\" not found"}
{"level":"info","ts":"2019-12-03T21:04:28.384Z","logger":"broker_ingress","caller":"ingress/ingress_handler.go:120","msg":"Error retrieving TTL, defaulting.","commit":"7655d9c","error":"\"knativebrokerttl\" not found"}
{"level":"info","ts":"2019-12-03T21:04:28.384Z","logger":"broker_ingress","caller":"ingress/ingress_handler.go:120","msg":"Error retrieving TTL, defaulting.","commit":"7655d9c","error":"\"knativebrokerttl\" not found"}
{"level":"info","ts":"2019-12-03T21:04:28.385Z","logger":"broker_ingress","caller":"ingress/ingress_handler.go:120","msg":"Error retrieving TTL, defaulting.","commit":"7655d9c","error":"\"knativebrokerttl\" not found"}
{"level":"info","ts":"2019-12-03T21:04:28.385Z","logger":"broker_ingress","caller":"ingress/ingress_handler.go:120","msg":"Error retrieving TTL, defaulting.","commit":"7655d9c","error":"\"knativebrokerttl\" not found"}
{"level":"info","ts":"2019-12-03T21:04:28.385Z","logger":"broker_ingress","caller":"ingress/ingress_handler.go:120","msg":"Error retrieving TTL, defaulting.","commit":"7655d9c","error":"\"knativebrokerttl\" not found"}
{"level":"info","ts":"2019-12-03T21:04:28.385Z","logger":"broker_ingress","caller":"ingress/ingress_handler.go:120","msg":"Error retrieving TTL, defaulting.","commit":"7655d9c","error":"\"knativebrokerttl\" not found"}
{"level":"info","ts":"2019-12-03T21:04:28.385Z","logger":"broker_ingress","caller":"ingress/ingress_handler.go:120","msg":"Error retrieving TTL, defaulting.","commit":"7655d9c","error":"\"knativebrokerttl\" not found"}
{"level":"info","ts":"2019-12-03T21:04:28.386Z","logger":"broker_ingress","caller":"ingress/ingress_handler.go:120","msg":"Error retrieving TTL, defaulting.","commit":"7655d9c","error":"\"knativebrokerttl\" not found"}
{"level":"info","ts":"2019-12-03T21:04:28.386Z","logger":"broker_ingress","caller":"ingress/ingress_handler.go:120","msg":"Error retrieving TTL, defaulting.","commit":"7655d9c","error":"\"knativebrokerttl\" not found"}
{"level":"info","ts":"2019-12-03T21:04:28.386Z","logger":"broker_ingress","caller":"ingress/ingress_handler.go:120","msg":"Error retrieving TTL, defaulting.","commit":"7655d9c","error":"\"knativebrokerttl\" not found"}
{"level":"info","ts":"2019-12-03T21:04:28.386Z","logger":"broker_ingress","caller":"ingress/ingress_handler.go:120","msg":"Error retrieving TTL, defaulting.","commit":"7655d9c","error":"\"knativebrokerttl\" not found"}
{"level":"info","ts":"2019-12-03T21:04:28.386Z","logger":"broker_ingress","caller":"ingress/ingress_handler.go:120","msg":"Error retrieving TTL, defaulting.","commit":"7655d9c","error":"\"knativebrokerttl\" not found"}
{"level":"info","ts":"2019-12-03T21:04:28.386Z","logger":"broker_ingress","caller":"ingress/ingress_handler.go:120","msg":"Error retrieving TTL, defaulting.","commit":"7655d9c","error":"\"knativebrokerttl\" not found"}
{"level":"info","ts":"2019-12-03T21:04:28.383Z","logger":"broker_ingress","caller":"ingress/ingress_handler.go:120","msg":"Error retrieving TTL, defaulting.","commit":"7655d9c","error":"\"knativebrokerttl\" not found"}
{"level":"info","ts":"2019-12-03T21:04:28.387Z","logger":"broker_ingress","caller":"ingress/ingress_handler.go:120","msg":"Error retrieving TTL, defaulting.","commit":"7655d9c","error":"\"knativebrokerttl\" not found"}
{"level":"info","ts":"2019-12-03T21:04:28.387Z","logger":"broker_ingress","caller":"ingress/ingress_handler.go:120","msg":"Error retrieving TTL, defaulting.","commit":"7655d9c","error":"\"knativebrokerttl\" not found"}
{"level":"info","ts":"2019-12-03T21:04:28.387Z","logger":"broker_ingress","caller":"ingress/ingress_handler.go:120","msg":"Error retrieving TTL, defaulting.","commit":"7655d9c","error":"\"knativebrokerttl\" not found"}
{"level":"info","ts":"2019-12-03T21:04:28.387Z","logger":"broker_ingress","caller":"ingress/ingress_handler.go:120","msg":"Error retrieving TTL, defaulting.","commit":"7655d9c","error":"\"knativebrokerttl\" not found"}
{"level":"info","ts":"2019-12-03T21:04:28.387Z","logger":"broker_ingress","caller":"ingress/ingress_handler.go:120","msg":"Error retrieving TTL, defaulting.","commit":"7655d9c","error":"\"knativebrokerttl\" not found"}
{"level":"info","ts":"2019-12-03T21:04:28.387Z","logger":"broker_ingress","caller":"ingress/ingress_handler.go:120","msg":"Error retrieving TTL, defaulting.","commit":"7655d9c","error":"\"knativebrokerttl\" not found"}
{"level":"info","ts":"2019-12-03T21:04:28.387Z","logger":"broker_ingress","caller":"ingress/ingress_handler.go:120","msg":"Error retrieving TTL, defaulting.","commit":"7655d9c","error":"\"knativebrokerttl\" not found"}
{"level":"info","ts":"2019-12-03T21:04:28.388Z","logger":"broker_ingress","caller":"ingress/ingress_handler.go:120","msg":"Error retrieving TTL, defaulting.","commit":"7655d9c","error":"\"knativebrokerttl\" not found"}
{"level":"info","ts":"2019-12-03T21:04:28.388Z","logger":"broker_ingress","caller":"ingress/ingress_handler.go:120","msg":"Error retrieving TTL, defaulting.","commit":"7655d9c","error":"\"knativebrokerttl\" not found"}
{"level":"info","ts":"2019-12-03T21:04:28.388Z","logger":"broker_ingress","caller":"ingress/ingress_handler.go:120","msg":"Error retrieving TTL, defaulting.","commit":"7655d9c","error":"\"knativebrokerttl\" not found"}
{"level":"info","ts":"2019-12-03T21:04:28.388Z","logger":"broker_ingress","caller":"ingress/ingress_handler.go:120","msg":"Error retrieving TTL, defaulting.","commit":"7655d9c","error":"\"knativebrokerttl\" not found"}
{"level":"info","ts":"2019-12-03T21:04:28.389Z","logger":"broker_ingress","caller":"ingress/ingress_handler.go:120","msg":"Error retrieving TTL, defaulting.","commit":"7655d9c","error":"\"knativebrokerttl\" not found"}
{"level":"info","ts":"2019-12-03T21:04:28.389Z","logger":"broker_ingress","caller":"ingress/ingress_handler.go:120","msg":"Error retrieving TTL, defaulting.","commit":"7655d9c","error":"\"knativebrokerttl\" not found"}
{"level":"info","ts":"2019-12-03T21:04:28.389Z","logger":"broker_ingress","caller":"ingress/ingress_handler.go:120","msg":"Error retrieving TTL, defaulting.","commit":"7655d9c","error":"\"knativebrokerttl\" not found"}
{"level":"info","ts":"2019-12-03T21:04:28.390Z","logger":"broker_ingress","caller":"ingress/ingress_handler.go:120","msg":"Error retrieving TTL, defaulting.","commit":"7655d9c","error":"\"knativebrokerttl\" not found"}
{"level":"info","ts":"2019-12-03T21:04:28.390Z","logger":"broker_ingress","caller":"ingress/ingress_handler.go:120","msg":"Error retrieving TTL, defaulting.","commit":"7655d9c","error":"\"knativebrokerttl\" not found"}
{"level":"info","ts":"2019-12-03T21:04:28.390Z","logger":"broker_ingress","caller":"ingress/ingress_handler.go:120","msg":"Error retrieving TTL, defaulting.","commit":"7655d9c","error":"\"knativebrokerttl\" not found"}
{"level":"info","ts":"2019-12-03T21:04:28.390Z","logger":"broker_ingress","caller":"ingress/ingress_handler.go:120","msg":"Error retrieving TTL, defaulting.","commit":"7655d9c","error":"\"knativebrokerttl\" not found"}
{"level":"info","ts":"2019-12-03T21:04:28.390Z","logger":"broker_ingress","caller":"ingress/ingress_handler.go:120","msg":"Error retrieving TTL, defaulting.","commit":"7655d9c","error":"\"knativebrokerttl\" not found"}
{"level":"info","ts":"2019-12-03T21:04:28.391Z","logger":"broker_ingress","caller":"ingress/ingress_handler.go:120","msg":"Error retrieving TTL, defaulting.","commit":"7655d9c","error":"\"knativebrokerttl\" not found"}
{"level":"info","ts":"2019-12-03T21:04:28.391Z","logger":"broker_ingress","caller":"ingress/ingress_handler.go:120","msg":"Error retrieving TTL, defaulting.","commit":"7655d9c","error":"\"knativebrokerttl\" not found"}
{"level":"info","ts":"2019-12-03T21:04:28.391Z","logger":"broker_ingress","caller":"ingress/ingress_handler.go:120","msg":"Error retrieving TTL, defaulting.","commit":"7655d9c","error":"\"knativebrokerttl\" not found"}
{"level":"info","ts":"2019-12-03T21:04:28.391Z","logger":"broker_ingress","caller":"ingress/ingress_handler.go:120","msg":"Error retrieving TTL, defaulting.","commit":"7655d9c","error":"\"knativebrokerttl\" not found"}
{"level":"info","ts":"2019-12-03T21:04:28.392Z","logger":"broker_ingress","caller":"ingress/ingress_handler.go:120","msg":"Error retrieving TTL, defaulting.","commit":"7655d9c","error":"\"knativebrokerttl\" not found"}
{"level":"info","ts":"2019-12-03T21:04:28.393Z","logger":"broker_ingress","caller":"ingress/ingress_handler.go:120","msg":"Error retrieving TTL, defaulting.","commit":"7655d9c","error":"\"knativebrokerttl\" not found"}
{"level":"info","ts":"2019-12-03T21:04:28.393Z","logger":"broker_ingress","caller":"ingress/ingress_handler.go:120","msg":"Error retrieving TTL, defaulting.","commit":"7655d9c","error":"\"knativebrokerttl\" not found"}
{"level":"info","ts":"2019-12-03T21:04:28.393Z","logger":"broker_ingress","caller":"ingress/ingress_handler.go:120","msg":"Error retrieving TTL, defaulting.","commit":"7655d9c","error":"\"knativebrokerttl\" not found"}
{"level":"info","ts":"2019-12-03T21:04:28.393Z","logger":"broker_ingress","caller":"ingress/ingress_handler.go:120","msg":"Error retrieving TTL, defaulting.","commit":"7655d9c","error":"\"knativebrokerttl\" not found"}
{"level":"info","ts":"2019-12-03T21:04:28.393Z","logger":"broker_ingress","caller":"ingress/ingress_handler.go:120","msg":"Error retrieving TTL, defaulting.","commit":"7655d9c","error":"\"knativebrokerttl\" not found"}
{"level":"info","ts":"2019-12-03T21:04:28.393Z","logger":"broker_ingress","caller":"ingress/ingress_handler.go:120","msg":"Error retrieving TTL, defaulting.","commit":"7655d9c","error":"\"knativebrokerttl\" not found"}
{"level":"info","ts":"2019-12-03T21:04:28.393Z","logger":"broker_ingress","caller":"ingress/ingress_handler.go:120","msg":"Error retrieving TTL, defaulting.","commit":"7655d9c","error":"\"knativebrokerttl\" not found"}
{"level":"info","ts":"2019-12-03T21:04:28.393Z","logger":"broker_ingress","caller":"ingress/ingress_handler.go:120","msg":"Error retrieving TTL, defaulting.","commit":"7655d9c","error":"\"knativebrokerttl\" not found"}
{"level":"info","ts":"2019-12-03T21:04:28.394Z","logger":"broker_ingress","caller":"ingress/ingress_handler.go:120","msg":"Error retrieving TTL, defaulting.","commit":"7655d9c","error":"\"knativebrokerttl\" not found"}
{"level":"info","ts":"2019-12-03T21:04:28.394Z","logger":"broker_ingress","caller":"ingress/ingress_handler.go:120","msg":"Error retrieving TTL, defaulting.","commit":"7655d9c","error":"\"knativebrokerttl\" not found"}
{"level":"info","ts":"2019-12-03T21:04:28.394Z","logger":"broker_ingress","caller":"ingress/ingress_handler.go:120","msg":"Error retrieving TTL, defaulting.","commit":"7655d9c","error":"\"knativebrokerttl\" not found"}
{"level":"info","ts":"2019-12-03T21:04:28.394Z","logger":"broker_ingress","caller":"ingress/ingress_handler.go:120","msg":"Error retrieving TTL, defaulting.","commit":"7655d9c","error":"\"knativebrokerttl\" not found"}
{"level":"info","ts":"2019-12-03T21:04:28.394Z","logger":"broker_ingress","caller":"ingress/ingress_handler.go:120","msg":"Error retrieving TTL, defaulting.","commit":"7655d9c","error":"\"knativebrokerttl\" not found"}
{"level":"info","ts":"2019-12-03T21:04:28.394Z","logger":"broker_ingress","caller":"ingress/ingress_handler.go:120","msg":"Error retrieving TTL, defaulting.","commit":"7655d9c","error":"\"knativebrokerttl\" not found"}
{"level":"info","ts":"2019-12-03T21:04:28.394Z","logger":"broker_ingress","caller":"ingress/ingress_handler.go:120","msg":"Error retrieving TTL, defaulting.","commit":"7655d9c","error":"\"knativebrokerttl\" not found"}
{"level":"info","ts":"2019-12-03T21:04:28.394Z","logger":"broker_ingress","caller":"ingress/ingress_handler.go:120","msg":"Error retrieving TTL, defaulting.","commit":"7655d9c","error":"\"knativebrokerttl\" not found"}
{"level":"info","ts":"2019-12-03T21:04:28.394Z","logger":"broker_ingress","caller":"ingress/ingress_handler.go:120","msg":"Error retrieving TTL, defaulting.","commit":"7655d9c","error":"\"knativebrokerttl\" not found"}
{"level":"info","ts":"2019-12-03T21:04:28.395Z","logger":"broker_ingress","caller":"ingress/ingress_handler.go:120","msg":"Error retrieving TTL, defaulting.","commit":"7655d9c","error":"\"knativebrokerttl\" not found"}
{"level":"info","ts":"2019-12-03T21:04:28.395Z","logger":"broker_ingress","caller":"ingress/ingress_handler.go:120","msg":"Error retrieving TTL, defaulting.","commit":"7655d9c","error":"\"knativebrokerttl\" not found"}
{"level":"info","ts":"2019-12-03T21:04:28.395Z","logger":"broker_ingress","caller":"ingress/ingress_handler.go:120","msg":"Error retrieving TTL, defaulting.","commit":"7655d9c","error":"\"knativebrokerttl\" not found"}
{"level":"info","ts":"2019-12-03T21:04:28.395Z","logger":"broker_ingress","caller":"ingress/ingress_handler.go:120","msg":"Error retrieving TTL, defaulting.","commit":"7655d9c","error":"\"knativebrokerttl\" not found"}
{"level":"info","ts":"2019-12-03T21:04:28.395Z","logger":"broker_ingress","caller":"ingress/ingress_handler.go:120","msg":"Error retrieving TTL, defaulting.","commit":"7655d9c","error":"\"knativebrokerttl\" not found"}
{"level":"info","ts":"2019-12-03T21:04:28.395Z","logger":"broker_ingress","caller":"ingress/ingress_handler.go:120","msg":"Error retrieving TTL, defaulting.","commit":"7655d9c","error":"\"knativebrokerttl\" not found"}
{"level":"info","ts":"2019-12-03T21:04:28.395Z","logger":"broker_ingress","caller":"ingress/ingress_handler.go:120","msg":"Error retrieving TTL, defaulting.","commit":"7655d9c","error":"\"knativebrokerttl\" not found"}
{"level":"info","ts":"2019-12-03T21:04:28.395Z","logger":"broker_ingress","caller":"ingress/ingress_handler.go:120","msg":"Error retrieving TTL, defaulting.","commit":"7655d9c","error":"\"knativebrokerttl\" not found"}
{"level":"info","ts":"2019-12-03T21:04:28.395Z","logger":"broker_ingress","caller":"ingress/ingress_handler.go:120","msg":"Error retrieving TTL, defaulting.","commit":"7655d9c","error":"\"knativebrokerttl\" not found"}
{"level":"info","ts":"2019-12-03T21:04:28.395Z","logger":"broker_ingress","caller":"ingress/ingress_handler.go:120","msg":"Error retrieving TTL, defaulting.","commit":"7655d9c","error":"\"knativebrokerttl\" not found"}
{"level":"info","ts":"2019-12-03T21:04:28.395Z","logger":"broker_ingress","caller":"ingress/ingress_handler.go:120","msg":"Error retrieving TTL, defaulting.","commit":"7655d9c","error":"\"knativebrokerttl\" not found"}
{"level":"info","ts":"2019-12-03T21:04:28.395Z","logger":"broker_ingress","caller":"ingress/ingress_handler.go:120","msg":"Error retrieving TTL, defaulting.","commit":"7655d9c","error":"\"knativebrokerttl\" not found"}
{"level":"info","ts":"2019-12-03T21:04:28.395Z","logger":"broker_ingress","caller":"ingress/ingress_handler.go:120","msg":"Error retrieving TTL, defaulting.","commit":"7655d9c","error":"\"knativebrokerttl\" not found"}
{"level":"info","ts":"2019-12-03T21:04:28.396Z","logger":"broker_ingress","caller":"ingress/ingress_handler.go:120","msg":"Error retrieving TTL, defaulting.","commit":"7655d9c","error":"\"knativebrokerttl\" not found"}
{"level":"info","ts":"2019-12-03T21:04:28.396Z","logger":"broker_ingress","caller":"ingress/ingress_handler.go:120","msg":"Error retrieving TTL, defaulting.","commit":"7655d9c","error":"\"knativebrokerttl\" not found"}
{"level":"info","ts":"2019-12-03T21:04:28.396Z","logger":"broker_ingress","caller":"ingress/ingress_handler.go:120","msg":"Error retrieving TTL, defaulting.","commit":"7655d9c","error":"\"knativebrokerttl\" not found"}
{"level":"info","ts":"2019-12-03T21:04:28.396Z","logger":"broker_ingress","caller":"ingress/ingress_handler.go:120","msg":"Error retrieving TTL, defaulting.","commit":"7655d9c","error":"\"knativebrokerttl\" not found"}
{"level":"info","ts":"2019-12-03T21:04:28.396Z","logger":"broker_ingress","caller":"ingress/ingress_handler.go:120","msg":"Error retrieving TTL, defaulting.","commit":"7655d9c","error":"\"knativebrokerttl\" not found"}
{"level":"info","ts":"2019-12-03T21:04:28.396Z","logger":"broker_ingress","caller":"ingress/ingress_handler.go:120","msg":"Error retrieving TTL, defaulting.","commit":"7655d9c","error":"\"knativebrokerttl\" not found"}
{"level":"info","ts":"2019-12-03T21:04:28.396Z","logger":"broker_ingress","caller":"ingress/ingress_handler.go:120","msg":"Error retrieving TTL, defaulting.","commit":"7655d9c","error":"\"knativebrokerttl\" not found"}
{"level":"info","ts":"2019-12-03T21:04:28.396Z","logger":"broker_ingress","caller":"ingress/ingress_handler.go:120","msg":"Error retrieving TTL, defaulting.","commit":"7655d9c","error":"\"knativebrokerttl\" not found"}
{"level":"info","ts":"2019-12-03T21:04:28.396Z","logger":"broker_ingress","caller":"ingress/ingress_handler.go:120","msg":"Error retrieving TTL, defaulting.","commit":"7655d9c","error":"\"knativebrokerttl\" not found"}
{"level":"info","ts":"2019-12-03T21:04:28.396Z","logger":"broker_ingress","caller":"ingress/ingress_handler.go:120","msg":"Error retrieving TTL, defaulting.","commit":"7655d9c","error":"\"knativebrokerttl\" not found"}
{"level":"info","ts":"2019-12-03T21:04:28.396Z","logger":"broker_ingress","caller":"ingress/ingress_handler.go:120","msg":"Error retrieving TTL, defaulting.","commit":"7655d9c","error":"\"knativebrokerttl\" not found"}
{"level":"info","ts":"2019-12-03T21:04:28.397Z","logger":"broker_ingress","caller":"ingress/ingress_handler.go:120","msg":"Error retrieving TTL, defaulting.","commit":"7655d9c","error":"\"knativebrokerttl\" not found"}
{"level":"info","ts":"2019-12-03T21:04:28.397Z","logger":"broker_ingress","caller":"ingress/ingress_handler.go:120","msg":"Error retrieving TTL, defaulting.","commit":"7655d9c","error":"\"knativebrokerttl\" not found"}
{"level":"info","ts":"2019-12-03T21:04:28.397Z","logger":"broker_ingress","caller":"ingress/ingress_handler.go:120","msg":"Error retrieving TTL, defaulting.","commit":"7655d9c","error":"\"knativebrokerttl\" not found"}
{"level":"info","ts":"2019-12-03T21:04:28.397Z","logger":"broker_ingress","caller":"ingress/ingress_handler.go:120","msg":"Error retrieving TTL, defaulting.","commit":"7655d9c","error":"\"knativebrokerttl\" not found"}
{"level":"info","ts":"2019-12-03T21:04:28.405Z","logger":"broker_ingress","caller":"ingress/ingress_handler.go:120","msg":"Error retrieving TTL, defaulting.","commit":"7655d9c","error":"\"knativebrokerttl\" not found"}
{"level":"info","ts":"2019-12-03T21:04:28.405Z","logger":"broker_ingress","caller":"ingress/ingress_handler.go:120","msg":"Error retrieving TTL, defaulting.","commit":"7655d9c","error":"\"knativebrokerttl\" not found"}
{"level":"info","ts":"2019-12-03T21:04:28.406Z","logger":"broker_ingress","caller":"ingress/ingress_handler.go:120","msg":"Error retrieving TTL, defaulting.","commit":"7655d9c","error":"\"knativebrokerttl\" not found"}
{"level":"info","ts":"2019-12-03T21:04:28.406Z","logger":"broker_ingress","caller":"ingress/ingress_handler.go:120","msg":"Error retrieving TTL, defaulting.","commit":"7655d9c","error":"\"knativebrokerttl\" not found"}
{"level":"info","ts":"2019-12-03T21:04:28.406Z","logger":"broker_ingress","caller":"ingress/ingress_handler.go:120","msg":"Error retrieving TTL, defaulting.","commit":"7655d9c","error":"\"knativebrokerttl\" not found"}
{"level":"info","ts":"2019-12-03T21:04:28.406Z","logger":"broker_ingress","caller":"ingress/ingress_handler.go:120","msg":"Error retrieving TTL, defaulting.","commit":"7655d9c","error":"\"knativebrokerttl\" not found"}
{"level":"info","ts":"2019-12-03T21:04:28.406Z","logger":"broker_ingress","caller":"ingress/ingress_handler.go:120","msg":"Error retrieving TTL, defaulting.","commit":"7655d9c","error":"\"knativebrokerttl\" not found"}
{"level":"info","ts":"2019-12-03T21:04:28.407Z","logger":"broker_ingress","caller":"ingress/ingress_handler.go:120","msg":"Error retrieving TTL, defaulting.","commit":"7655d9c","error":"\"knativebrokerttl\" not found"}
{"level":"info","ts":"2019-12-03T21:04:28.407Z","logger":"broker_ingress","caller":"ingress/ingress_handler.go:120","msg":"Error retrieving TTL, defaulting.","commit":"7655d9c","error":"\"knativebrokerttl\" not found"}
{"level":"info","ts":"2019-12-03T21:04:28.407Z","logger":"broker_ingress","caller":"ingress/ingress_handler.go:120","msg":"Error retrieving TTL, defaulting.","commit":"7655d9c","error":"\"knativebrokerttl\" not found"}
{"level":"info","ts":"2019-12-03T21:04:28.407Z","logger":"broker_ingress","caller":"ingress/ingress_handler.go:120","msg":"Error retrieving TTL, defaulting.","commit":"7655d9c","error":"\"knativebrokerttl\" not found"}
{"level":"info","ts":"2019-12-03T21:04:28.408Z","logger":"broker_ingress","caller":"ingress/ingress_handler.go:120","msg":"Error retrieving TTL, defaulting.","commit":"7655d9c","error":"\"knativebrokerttl\" not found"}
{"level":"info","ts":"2019-12-03T21:04:28.408Z","logger":"broker_ingress","caller":"ingress/ingress_handler.go:120","msg":"Error retrieving TTL, defaulting.","commit":"7655d9c","error":"\"knativebrokerttl\" not found"}
{"level":"info","ts":"2019-12-03T21:04:28.408Z","logger":"broker_ingress","caller":"ingress/ingress_handler.go:120","msg":"Error retrieving TTL, defaulting.","commit":"7655d9c","error":"\"knativebrokerttl\" not found"}
{"level":"info","ts":"2019-12-03T21:04:28.408Z","logger":"broker_ingress","caller":"ingress/ingress_handler.go:120","msg":"Error retrieving TTL, defaulting.","commit":"7655d9c","error":"\"knativebrokerttl\" not found"}
{"level":"info","ts":"2019-12-03T21:04:28.408Z","logger":"broker_ingress","caller":"ingress/ingress_handler.go:120","msg":"Error retrieving TTL, defaulting.","commit":"7655d9c","error":"\"knativebrokerttl\" not found"}
{"level":"info","ts":"2019-12-03T21:04:28.409Z","logger":"broker_ingress","caller":"ingress/ingress_handler.go:120","msg":"Error retrieving TTL, defaulting.","commit":"7655d9c","error":"\"knativebrokerttl\" not found"}
{"level":"info","ts":"2019-12-03T21:04:28.409Z","logger":"broker_ingress","caller":"ingress/ingress_handler.go:120","msg":"Error retrieving TTL, defaulting.","commit":"7655d9c","error":"\"knativebrokerttl\" not found"}
{"level":"info","ts":"2019-12-03T21:04:28.409Z","logger":"broker_ingress","caller":"ingress/ingress_handler.go:120","msg":"Error retrieving TTL, defaulting.","commit":"7655d9c","error":"\"knativebrokerttl\" not found"}
{"level":"info","ts":"2019-12-03T21:04:28.409Z","logger":"broker_ingress","caller":"ingress/ingress_handler.go:120","msg":"Error retrieving TTL, defaulting.","commit":"7655d9c","error":"\"knativebrokerttl\" not found"}
{"level":"info","ts":"2019-12-03T21:04:28.409Z","logger":"broker_ingress","caller":"ingress/ingress_handler.go:120","msg":"Error retrieving TTL, defaulting.","commit":"7655d9c","error":"\"knativebrokerttl\" not found"}
{"level":"info","ts":"2019-12-03T21:04:28.409Z","logger":"broker_ingress","caller":"ingress/ingress_handler.go:120","msg":"Error retrieving TTL, defaulting.","commit":"7655d9c","error":"\"knativebrokerttl\" not found"}
{"level":"info","ts":"2019-12-03T21:04:28.409Z","logger":"broker_ingress","caller":"ingress/ingress_handler.go:120","msg":"Error retrieving TTL, defaulting.","commit":"7655d9c","error":"\"knativebrokerttl\" not found"}
{"level":"info","ts":"2019-12-03T21:04:28.407Z","logger":"broker_ingress","caller":"ingress/ingress_handler.go:120","msg":"Error retrieving TTL, defaulting.","commit":"7655d9c","error":"\"knativebrokerttl\" not found"}
{"level":"info","ts":"2019-12-03T21:04:28.410Z","logger":"broker_ingress","caller":"ingress/ingress_handler.go:120","msg":"Error retrieving TTL, defaulting.","commit":"7655d9c","error":"\"knativebrokerttl\" not found"}
{"level":"info","ts":"2019-12-03T21:04:28.410Z","logger":"broker_ingress","caller":"ingress/ingress_handler.go:120","msg":"Error retrieving TTL, defaulting.","commit":"7655d9c","error":"\"knativebrokerttl\" not found"}
{"level":"info","ts":"2019-12-03T21:04:28.410Z","logger":"broker_ingress","caller":"ingress/ingress_handler.go:120","msg":"Error retrieving TTL, defaulting.","commit":"7655d9c","error":"\"knativebrokerttl\" not found"}
{"level":"info","ts":"2019-12-03T21:04:28.410Z","logger":"broker_ingress","caller":"ingress/ingress_handler.go:120","msg":"Error retrieving TTL, defaulting.","commit":"7655d9c","error":"\"knativebrokerttl\" not found"}
{"level":"info","ts":"2019-12-03T21:04:28.411Z","logger":"broker_ingress","caller":"ingress/ingress_handler.go:120","msg":"Error retrieving TTL, defaulting.","commit":"7655d9c","error":"\"knativebrokerttl\" not found"}
{"level":"info","ts":"2019-12-03T21:04:28.411Z","logger":"broker_ingress","caller":"ingress/ingress_handler.go:120","msg":"Error retrieving TTL, defaulting.","commit":"7655d9c","error":"\"knativebrokerttl\" not found"}
{"level":"info","ts":"2019-12-03T21:04:28.411Z","logger":"broker_ingress","caller":"ingress/ingress_handler.go:120","msg":"Error retrieving TTL, defaulting.","commit":"7655d9c","error":"\"knativebrokerttl\" not found"}
{"level":"info","ts":"2019-12-03T21:04:28.412Z","logger":"broker_ingress","caller":"ingress/ingress_handler.go:120","msg":"Error retrieving TTL, defaulting.","commit":"7655d9c","error":"\"knativebrokerttl\" not found"}
{"level":"info","ts":"2019-12-03T21:04:28.412Z","logger":"broker_ingress","caller":"ingress/ingress_handler.go:120","msg":"Error retrieving TTL, defaulting.","commit":"7655d9c","error":"\"knativebrokerttl\" not found"}
{"level":"info","ts":"2019-12-03T21:04:28.412Z","logger":"broker_ingress","caller":"ingress/ingress_handler.go:120","msg":"Error retrieving TTL, defaulting.","commit":"7655d9c","error":"\"knativebrokerttl\" not found"}
{"level":"info","ts":"2019-12-03T21:04:28.412Z","logger":"broker_ingress","caller":"ingress/ingress_handler.go:120","msg":"Error retrieving TTL, defaulting.","commit":"7655d9c","error":"\"knativebrokerttl\" not found"}
{"level":"info","ts":"2019-12-03T21:04:28.412Z","logger":"broker_ingress","caller":"ingress/ingress_handler.go:120","msg":"Error retrieving TTL, defaulting.","commit":"7655d9c","error":"\"knativebrokerttl\" not found"}
{"level":"info","ts":"2019-12-03T21:04:28.413Z","logger":"broker_ingress","caller":"ingress/ingress_handler.go:120","msg":"Error retrieving TTL, defaulting.","commit":"7655d9c","error":"\"knativebrokerttl\" not found"}
{"level":"info","ts":"2019-12-03T21:04:28.413Z","logger":"broker_ingress","caller":"ingress/ingress_handler.go:120","msg":"Error retrieving TTL, defaulting.","commit":"7655d9c","error":"\"knativebrokerttl\" not found"}
{"level":"info","ts":"2019-12-03T21:04:28.413Z","logger":"broker_ingress","caller":"ingress/ingress_handler.go:120","msg":"Error retrieving TTL, defaulting.","commit":"7655d9c","error":"\"knativebrokerttl\" not found"}
{"level":"info","ts":"2019-12-03T21:04:28.413Z","logger":"broker_ingress","caller":"ingress/ingress_handler.go:120","msg":"Error retrieving TTL, defaulting.","commit":"7655d9c","error":"\"knativebrokerttl\" not found"}
{"level":"info","ts":"2019-12-03T21:04:28.413Z","logger":"broker_ingress","caller":"ingress/ingress_handler.go:120","msg":"Error retrieving TTL, defaulting.","commit":"7655d9c","error":"\"knativebrokerttl\" not found"}
{"level":"info","ts":"2019-12-03T21:04:28.414Z","logger":"broker_ingress","caller":"ingress/ingress_handler.go:120","msg":"Error retrieving TTL, defaulting.","commit":"7655d9c","error":"\"knativebrokerttl\" not found"}
{"level":"info","ts":"2019-12-03T21:04:28.420Z","logger":"broker_ingress","caller":"ingress/ingress_handler.go:120","msg":"Error retrieving TTL, defaulting.","commit":"7655d9c","error":"\"knativebrokerttl\" not found"}
{"level":"info","ts":"2019-12-03T21:04:28.420Z","logger":"broker_ingress","caller":"ingress/ingress_handler.go:120","msg":"Error retrieving TTL, defaulting.","commit":"7655d9c","error":"\"knativebrokerttl\" not found"}
{"level":"info","ts":"2019-12-03T21:04:28.420Z","logger":"broker_ingress","caller":"ingress/ingress_handler.go:120","msg":"Error retrieving TTL, defaulting.","commit":"7655d9c","error":"\"knativebrokerttl\" not found"}
{"level":"info","ts":"2019-12-03T21:04:28.420Z","logger":"broker_ingress","caller":"ingress/ingress_handler.go:120","msg":"Error retrieving TTL, defaulting.","commit":"7655d9c","error":"\"knativebrokerttl\" not found"}
{"level":"info","ts":"2019-12-03T21:04:28.420Z","logger":"broker_ingress","caller":"ingress/ingress_handler.go:120","msg":"Error retrieving TTL, defaulting.","commit":"7655d9c","error":"\"knativebrokerttl\" not found"}
{"level":"info","ts":"2019-12-03T21:04:28.421Z","logger":"broker_ingress","caller":"ingress/ingress_handler.go:120","msg":"Error retrieving TTL, defaulting.","commit":"7655d9c","error":"\"knativebrokerttl\" not found"}
{"level":"info","ts":"2019-12-03T21:04:28.421Z","logger":"broker_ingress","caller":"ingress/ingress_handler.go:120","msg":"Error retrieving TTL, defaulting.","commit":"7655d9c","error":"\"knativebrokerttl\" not found"}
{"level":"info","ts":"2019-12-03T21:04:28.421Z","logger":"broker_ingress","caller":"ingress/ingress_handler.go:120","msg":"Error retrieving TTL, defaulting.","commit":"7655d9c","error":"\"knativebrokerttl\" not found"}
{"level":"info","ts":"2019-12-03T21:04:28.421Z","logger":"broker_ingress","caller":"ingress/ingress_handler.go:120","msg":"Error retrieving TTL, defaulting.","commit":"7655d9c","error":"\"knativebrokerttl\" not found"}
{"level":"info","ts":"2019-12-03T21:04:28.421Z","logger":"broker_ingress","caller":"ingress/ingress_handler.go:120","msg":"Error retrieving TTL, defaulting.","commit":"7655d9c","error":"\"knativebrokerttl\" not found"}
{"level":"info","ts":"2019-12-03T21:04:28.422Z","logger":"broker_ingress","caller":"ingress/ingress_handler.go:120","msg":"Error retrieving TTL, defaulting.","commit":"7655d9c","error":"\"knativebrokerttl\" not found"}
{"level":"info","ts":"2019-12-03T21:04:28.422Z","logger":"broker_ingress","caller":"ingress/ingress_handler.go:120","msg":"Error retrieving TTL, defaulting.","commit":"7655d9c","error":"\"knativebrokerttl\" not found"}
{"level":"info","ts":"2019-12-03T21:04:28.422Z","logger":"broker_ingress","caller":"ingress/ingress_handler.go:120","msg":"Error retrieving TTL, defaulting.","commit":"7655d9c","error":"\"knativebrokerttl\" not found"}
{"level":"info","ts":"2019-12-03T21:04:28.422Z","logger":"broker_ingress","caller":"ingress/ingress_handler.go:120","msg":"Error retrieving TTL, defaulting.","commit":"7655d9c","error":"\"knativebrokerttl\" not found"}
{"level":"info","ts":"2019-12-03T21:04:28.422Z","logger":"broker_ingress","caller":"ingress/ingress_handler.go:120","msg":"Error retrieving TTL, defaulting.","commit":"7655d9c","error":"\"knativebrokerttl\" not found"}
{"level":"info","ts":"2019-12-03T21:04:28.422Z","logger":"broker_ingress","caller":"ingress/ingress_handler.go:120","msg":"Error retrieving TTL, defaulting.","commit":"7655d9c","error":"\"knativebrokerttl\" not found"}
{"level":"info","ts":"2019-12-03T21:04:28.423Z","logger":"broker_ingress","caller":"ingress/ingress_handler.go:120","msg":"Error retrieving TTL, defaulting.","commit":"7655d9c","error":"\"knativebrokerttl\" not found"}
{"level":"info","ts":"2019-12-03T21:04:28.423Z","logger":"broker_ingress","caller":"ingress/ingress_handler.go:120","msg":"Error retrieving TTL, defaulting.","commit":"7655d9c","error":"\"knativebrokerttl\" not found"}
{"level":"info","ts":"2019-12-03T21:04:28.423Z","logger":"broker_ingress","caller":"ingress/ingress_handler.go:120","msg":"Error retrieving TTL, defaulting.","commit":"7655d9c","error":"\"knativebrokerttl\" not found"}
{"level":"info","ts":"2019-12-03T21:04:28.423Z","logger":"broker_ingress","caller":"ingress/ingress_handler.go:120","msg":"Error retrieving TTL, defaulting.","commit":"7655d9c","error":"\"knativebrokerttl\" not found"}
{"level":"info","ts":"2019-12-03T21:04:28.423Z","logger":"broker_ingress","caller":"ingress/ingress_handler.go:120","msg":"Error retrieving TTL, defaulting.","commit":"7655d9c","error":"\"knativebrokerttl\" not found"}
{"level":"info","ts":"2019-12-03T21:04:28.423Z","logger":"broker_ingress","caller":"ingress/ingress_handler.go:120","msg":"Error retrieving TTL, defaulting.","commit":"7655d9c","error":"\"knativebrokerttl\" not found"}
{"level":"info","ts":"2019-12-03T21:04:28.424Z","logger":"broker_ingress","caller":"ingress/ingress_handler.go:120","msg":"Error retrieving TTL, defaulting.","commit":"7655d9c","error":"\"knativebrokerttl\" not found"}
{"level":"info","ts":"2019-12-03T21:04:28.425Z","logger":"broker_ingress","caller":"ingress/ingress_handler.go:120","msg":"Error retrieving TTL, defaulting.","commit":"7655d9c","error":"\"knativebrokerttl\" not found"}
{"level":"info","ts":"2019-12-03T21:04:28.425Z","logger":"broker_ingress","caller":"ingress/ingress_handler.go:120","msg":"Error retrieving TTL, defaulting.","commit":"7655d9c","error":"\"knativebrokerttl\" not found"}
{"level":"info","ts":"2019-12-03T21:04:28.425Z","logger":"broker_ingress","caller":"ingress/ingress_handler.go:120","msg":"Error retrieving TTL, defaulting.","commit":"7655d9c","error":"\"knativebrokerttl\" not found"}
{"level":"info","ts":"2019-12-03T21:04:28.425Z","logger":"broker_ingress","caller":"ingress/ingress_handler.go:120","msg":"Error retrieving TTL, defaulting.","commit":"7655d9c","error":"\"knativebrokerttl\" not found"}
{"level":"info","ts":"2019-12-03T21:04:28.426Z","logger":"broker_ingress","caller":"ingress/ingress_handler.go:120","msg":"Error retrieving TTL, defaulting.","commit":"7655d9c","error":"\"knativebrokerttl\" not found"}
{"level":"info","ts":"2019-12-03T21:04:28.429Z","logger":"broker_ingress","caller":"ingress/ingress_handler.go:120","msg":"Error retrieving TTL, defaulting.","commit":"7655d9c","error":"\"knativebrokerttl\" not found"}
{"level":"info","ts":"2019-12-03T21:04:28.429Z","logger":"broker_ingress","caller":"ingress/ingress_handler.go:120","msg":"Error retrieving TTL, defaulting.","commit":"7655d9c","error":"\"knativebrokerttl\" not found"}
{"level":"info","ts":"2019-12-03T21:04:28.429Z","logger":"broker_ingress","caller":"ingress/ingress_handler.go:120","msg":"Error retrieving TTL, defaulting.","commit":"7655d9c","error":"\"knativebrokerttl\" not found"}
{"level":"info","ts":"2019-12-03T21:04:28.429Z","logger":"broker_ingress","caller":"ingress/ingress_handler.go:120","msg":"Error retrieving TTL, defaulting.","commit":"7655d9c","error":"\"knativebrokerttl\" not found"}
{"level":"info","ts":"2019-12-03T21:04:28.429Z","logger":"broker_ingress","caller":"ingress/ingress_handler.go:120","msg":"Error retrieving TTL, defaulting.","commit":"7655d9c","error":"\"knativebrokerttl\" not found"}
{"level":"info","ts":"2019-12-03T21:04:28.430Z","logger":"broker_ingress","caller":"ingress/ingress_handler.go:120","msg":"Error retrieving TTL, defaulting.","commit":"7655d9c","error":"\"knativebrokerttl\" not found"}
{"level":"info","ts":"2019-12-03T21:04:28.430Z","logger":"broker_ingress","caller":"ingress/ingress_handler.go:120","msg":"Error retrieving TTL, defaulting.","commit":"7655d9c","error":"\"knativebrokerttl\" not found"}
{"level":"info","ts":"2019-12-03T21:04:28.431Z","logger":"broker_ingress","caller":"ingress/ingress_handler.go:120","msg":"Error retrieving TTL, defaulting.","commit":"7655d9c","error":"\"knativebrokerttl\" not found"}
{"level":"info","ts":"2019-12-03T21:04:28.431Z","logger":"broker_ingress","caller":"ingress/ingress_handler.go:120","msg":"Error retrieving TTL, defaulting.","commit":"7655d9c","error":"\"knativebrokerttl\" not found"}
{"level":"info","ts":"2019-12-03T21:04:28.431Z","logger":"broker_ingress","caller":"ingress/ingress_handler.go:120","msg":"Error retrieving TTL, defaulting.","commit":"7655d9c","error":"\"knativebrokerttl\" not found"}
{"level":"info","ts":"2019-12-03T21:04:28.431Z","logger":"broker_ingress","caller":"ingress/ingress_handler.go:120","msg":"Error retrieving TTL, defaulting.","commit":"7655d9c","error":"\"knativebrokerttl\" not found"}
{"level":"info","ts":"2019-12-03T21:04:28.431Z","logger":"broker_ingress","caller":"ingress/ingress_handler.go:120","msg":"Error retrieving TTL, defaulting.","commit":"7655d9c","error":"\"knativebrokerttl\" not found"}
{"level":"info","ts":"2019-12-03T21:04:28.431Z","logger":"broker_ingress","caller":"ingress/ingress_handler.go:120","msg":"Error retrieving TTL, defaulting.","commit":"7655d9c","error":"\"knativebrokerttl\" not found"}
{"level":"info","ts":"2019-12-03T21:04:28.432Z","logger":"broker_ingress","caller":"ingress/ingress_handler.go:120","msg":"Error retrieving TTL, defaulting.","commit":"7655d9c","error":"\"knativebrokerttl\" not found"}
{"level":"info","ts":"2019-12-03T21:04:28.432Z","logger":"broker_ingress","caller":"ingress/ingress_handler.go:120","msg":"Error retrieving TTL, defaulting.","commit":"7655d9c","error":"\"knativebrokerttl\" not found"}
{"level":"info","ts":"2019-12-03T21:04:28.437Z","logger":"broker_ingress","caller":"ingress/ingress_handler.go:120","msg":"Error retrieving TTL, defaulting.","commit":"7655d9c","error":"\"knativebrokerttl\" not found"}
{"level":"info","ts":"2019-12-03T21:04:28.437Z","logger":"broker_ingress","caller":"ingress/ingress_handler.go:120","msg":"Error retrieving TTL, defaulting.","commit":"7655d9c","error":"\"knativebrokerttl\" not found"}
{"level":"info","ts":"2019-12-03T21:04:28.438Z","logger":"broker_ingress","caller":"ingress/ingress_handler.go:120","msg":"Error retrieving TTL, defaulting.","commit":"7655d9c","error":"\"knativebrokerttl\" not found"}
{"level":"info","ts":"2019-12-03T21:04:28.438Z","logger":"broker_ingress","caller":"ingress/ingress_handler.go:120","msg":"Error retrieving TTL, defaulting.","commit":"7655d9c","error":"\"knativebrokerttl\" not found"}
{"level":"info","ts":"2019-12-03T21:04:28.438Z","logger":"broker_ingress","caller":"ingress/ingress_handler.go:120","msg":"Error retrieving TTL, defaulting.","commit":"7655d9c","error":"\"knativebrokerttl\" not found"}
{"level":"info","ts":"2019-12-03T21:04:28.439Z","logger":"broker_ingress","caller":"ingress/ingress_handler.go:120","msg":"Error retrieving TTL, defaulting.","commit":"7655d9c","error":"\"knativebrokerttl\" not found"}
{"level":"info","ts":"2019-12-03T21:04:28.439Z","logger":"broker_ingress","caller":"ingress/ingress_handler.go:120","msg":"Error retrieving TTL, defaulting.","commit":"7655d9c","error":"\"knativebrokerttl\" not found"}
{"level":"info","ts":"2019-12-03T21:04:28.439Z","logger":"broker_ingress","caller":"ingress/ingress_handler.go:120","msg":"Error retrieving TTL, defaulting.","commit":"7655d9c","error":"\"knativebrokerttl\" not found"}
{"level":"info","ts":"2019-12-03T21:04:28.439Z","logger":"broker_ingress","caller":"ingress/ingress_handler.go:120","msg":"Error retrieving TTL, defaulting.","commit":"7655d9c","error":"\"knativebrokerttl\" not found"}
{"level":"info","ts":"2019-12-03T21:04:28.439Z","logger":"broker_ingress","caller":"ingress/ingress_handler.go:120","msg":"Error retrieving TTL, defaulting.","commit":"7655d9c","error":"\"knativebrokerttl\" not found"}
{"level":"info","ts":"2019-12-03T21:04:28.439Z","logger":"broker_ingress","caller":"ingress/ingress_handler.go:120","msg":"Error retrieving TTL, defaulting.","commit":"7655d9c","error":"\"knativebrokerttl\" not found"}
{"level":"info","ts":"2019-12-03T21:04:28.440Z","logger":"broker_ingress","caller":"ingress/ingress_handler.go:120","msg":"Error retrieving TTL, defaulting.","commit":"7655d9c","error":"\"knativebrokerttl\" not found"}
{"level":"info","ts":"2019-12-03T21:04:28.441Z","logger":"broker_ingress","caller":"ingress/ingress_handler.go:120","msg":"Error retrieving TTL, defaulting.","commit":"7655d9c","error":"\"knativebrokerttl\" not found"}
{"level":"info","ts":"2019-12-03T21:04:28.441Z","logger":"broker_ingress","caller":"ingress/ingress_handler.go:120","msg":"Error retrieving TTL, defaulting.","commit":"7655d9c","error":"\"knativebrokerttl\" not found"}
{"level":"info","ts":"2019-12-03T21:04:28.441Z","logger":"broker_ingress","caller":"ingress/ingress_handler.go:120","msg":"Error retrieving TTL, defaulting.","commit":"7655d9c","error":"\"knativebrokerttl\" not found"}
{"level":"info","ts":"2019-12-03T21:04:28.441Z","logger":"broker_ingress","caller":"ingress/ingress_handler.go:120","msg":"Error retrieving TTL, defaulting.","commit":"7655d9c","error":"\"knativebrokerttl\" not found"}
{"level":"info","ts":"2019-12-03T21:04:28.430Z","logger":"broker_ingress","caller":"ingress/ingress_handler.go:120","msg":"Error retrieving TTL, defaulting.","commit":"7655d9c","error":"\"knativebrokerttl\" not found"}
{"level":"info","ts":"2019-12-03T21:04:28.443Z","logger":"broker_ingress","caller":"ingress/ingress_handler.go:120","msg":"Error retrieving TTL, defaulting.","commit":"7655d9c","error":"\"knativebrokerttl\" not found"}
{"level":"info","ts":"2019-12-03T21:04:28.443Z","logger":"broker_ingress","caller":"ingress/ingress_handler.go:120","msg":"Error retrieving TTL, defaulting.","commit":"7655d9c","error":"\"knativebrokerttl\" not found"}
{"level":"info","ts":"2019-12-03T21:04:28.444Z","logger":"broker_ingress","caller":"ingress/ingress_handler.go:120","msg":"Error retrieving TTL, defaulting.","commit":"7655d9c","error":"\"knativebrokerttl\" not found"}
{"level":"info","ts":"2019-12-03T21:04:28.444Z","logger":"broker_ingress","caller":"ingress/ingress_handler.go:120","msg":"Error retrieving TTL, defaulting.","commit":"7655d9c","error":"\"knativebrokerttl\" not found"}
{"level":"info","ts":"2019-12-03T21:04:28.444Z","logger":"broker_ingress","caller":"ingress/ingress_handler.go:120","msg":"Error retrieving TTL, defaulting.","commit":"7655d9c","error":"\"knativebrokerttl\" not found"}
{"level":"info","ts":"2019-12-03T21:04:28.444Z","logger":"broker_ingress","caller":"ingress/ingress_handler.go:120","msg":"Error retrieving TTL, defaulting.","commit":"7655d9c","error":"\"knativebrokerttl\" not found"}
{"level":"info","ts":"2019-12-03T21:04:28.444Z","logger":"broker_ingress","caller":"ingress/ingress_handler.go:120","msg":"Error retrieving TTL, defaulting.","commit":"7655d9c","error":"\"knativebrokerttl\" not found"}
{"level":"info","ts":"2019-12-03T21:04:28.445Z","logger":"broker_ingress","caller":"ingress/ingress_handler.go:120","msg":"Error retrieving TTL, defaulting.","commit":"7655d9c","error":"\"knativebrokerttl\" not found"}
{"level":"info","ts":"2019-12-03T21:04:28.445Z","logger":"broker_ingress","caller":"ingress/ingress_handler.go:120","msg":"Error retrieving TTL, defaulting.","commit":"7655d9c","error":"\"knativebrokerttl\" not found"}
{"level":"info","ts":"2019-12-03T21:04:28.445Z","logger":"broker_ingress","caller":"ingress/ingress_handler.go:120","msg":"Error retrieving TTL, defaulting.","commit":"7655d9c","error":"\"knativebrokerttl\" not found"}
{"level":"info","ts":"2019-12-03T21:04:28.445Z","logger":"broker_ingress","caller":"ingress/ingress_handler.go:120","msg":"Error retrieving TTL, defaulting.","commit":"7655d9c","error":"\"knativebrokerttl\" not found"}
{"level":"info","ts":"2019-12-03T21:04:28.445Z","logger":"broker_ingress","caller":"ingress/ingress_handler.go:120","msg":"Error retrieving TTL, defaulting.","commit":"7655d9c","error":"\"knativebrokerttl\" not found"}
{"level":"info","ts":"2019-12-03T21:04:28.445Z","logger":"broker_ingress","caller":"ingress/ingress_handler.go:120","msg":"Error retrieving TTL, defaulting.","commit":"7655d9c","error":"\"knativebrokerttl\" not found"}
{"level":"info","ts":"2019-12-03T21:04:28.446Z","logger":"broker_ingress","caller":"ingress/ingress_handler.go:120","msg":"Error retrieving TTL, defaulting.","commit":"7655d9c","error":"\"knativebrokerttl\" not found"}
{"level":"info","ts":"2019-12-03T21:04:28.446Z","logger":"broker_ingress","caller":"ingress/ingress_handler.go:120","msg":"Error retrieving TTL, defaulting.","commit":"7655d9c","error":"\"knativebrokerttl\" not found"}
{"level":"info","ts":"2019-12-03T21:04:28.447Z","logger":"broker_ingress","caller":"ingress/ingress_handler.go:120","msg":"Error retrieving TTL, defaulting.","commit":"7655d9c","error":"\"knativebrokerttl\" not found"}
{"level":"info","ts":"2019-12-03T21:04:28.447Z","logger":"broker_ingress","caller":"ingress/ingress_handler.go:120","msg":"Error retrieving TTL, defaulting.","commit":"7655d9c","error":"\"knativebrokerttl\" not found"}
{"level":"info","ts":"2019-12-03T21:04:28.447Z","logger":"broker_ingress","caller":"ingress/ingress_handler.go:120","msg":"Error retrieving TTL, defaulting.","commit":"7655d9c","error":"\"knativebrokerttl\" not found"}
{"level":"info","ts":"2019-12-03T21:04:28.447Z","logger":"broker_ingress","caller":"ingress/ingress_handler.go:120","msg":"Error retrieving TTL, defaulting.","commit":"7655d9c","error":"\"knativebrokerttl\" not found"}
{"level":"info","ts":"2019-12-03T21:04:28.447Z","logger":"broker_ingress","caller":"ingress/ingress_handler.go:120","msg":"Error retrieving TTL, defaulting.","commit":"7655d9c","error":"\"knativebrokerttl\" not found"}
{"level":"info","ts":"2019-12-03T21:04:28.447Z","logger":"broker_ingress","caller":"ingress/ingress_handler.go:120","msg":"Error retrieving TTL, defaulting.","commit":"7655d9c","error":"\"knativebrokerttl\" not found"}
{"level":"info","ts":"2019-12-03T21:04:28.449Z","logger":"broker_ingress","caller":"ingress/ingress_handler.go:120","msg":"Error retrieving TTL, defaulting.","commit":"7655d9c","error":"\"knativebrokerttl\" not found"}
{"level":"info","ts":"2019-12-03T21:04:28.449Z","logger":"broker_ingress","caller":"ingress/ingress_handler.go:120","msg":"Error retrieving TTL, defaulting.","commit":"7655d9c","error":"\"knativebrokerttl\" not found"}
{"level":"info","ts":"2019-12-03T21:04:28.450Z","logger":"broker_ingress","caller":"ingress/ingress_handler.go:120","msg":"Error retrieving TTL, defaulting.","commit":"7655d9c","error":"\"knativebrokerttl\" not found"}
{"level":"info","ts":"2019-12-03T21:04:28.450Z","logger":"broker_ingress","caller":"ingress/ingress_handler.go:120","msg":"Error retrieving TTL, defaulting.","commit":"7655d9c","error":"\"knativebrokerttl\" not found"}
{"level":"info","ts":"2019-12-03T21:04:28.450Z","logger":"broker_ingress","caller":"ingress/ingress_handler.go:120","msg":"Error retrieving TTL, defaulting.","commit":"7655d9c","error":"\"knativebrokerttl\" not found"}
{"level":"info","ts":"2019-12-03T21:04:28.450Z","logger":"broker_ingress","caller":"ingress/ingress_handler.go:120","msg":"Error retrieving TTL, defaulting.","commit":"7655d9c","error":"\"knativebrokerttl\" not found"}
{"level":"info","ts":"2019-12-03T21:04:28.450Z","logger":"broker_ingress","caller":"ingress/ingress_handler.go:120","msg":"Error retrieving TTL, defaulting.","commit":"7655d9c","error":"\"knativebrokerttl\" not found"}
{"level":"info","ts":"2019-12-03T21:04:28.451Z","logger":"broker_ingress","caller":"ingress/ingress_handler.go:120","msg":"Error retrieving TTL, defaulting.","commit":"7655d9c","error":"\"knativebrokerttl\" not found"}
{"level":"info","ts":"2019-12-03T21:04:28.453Z","logger":"broker_ingress","caller":"ingress/ingress_handler.go:120","msg":"Error retrieving TTL, defaulting.","commit":"7655d9c","error":"\"knativebrokerttl\" not found"}
{"level":"info","ts":"2019-12-03T21:04:28.454Z","logger":"broker_ingress","caller":"ingress/ingress_handler.go:120","msg":"Error retrieving TTL, defaulting.","commit":"7655d9c","error":"\"knativebrokerttl\" not found"}
{"level":"info","ts":"2019-12-03T21:04:28.455Z","logger":"broker_ingress","caller":"ingress/ingress_handler.go:120","msg":"Error retrieving TTL, defaulting.","commit":"7655d9c","error":"\"knativebrokerttl\" not found"}
{"level":"info","ts":"2019-12-03T21:04:28.455Z","logger":"broker_ingress","caller":"ingress/ingress_handler.go:120","msg":"Error retrieving TTL, defaulting.","commit":"7655d9c","error":"\"knativebrokerttl\" not found"}
{"level":"info","ts":"2019-12-03T21:04:28.456Z","logger":"broker_ingress","caller":"ingress/ingress_handler.go:120","msg":"Error retrieving TTL, defaulting.","commit":"7655d9c","error":"\"knativebrokerttl\" not found"}
{"level":"info","ts":"2019-12-03T21:04:28.456Z","logger":"broker_ingress","caller":"ingress/ingress_handler.go:120","msg":"Error retrieving TTL, defaulting.","commit":"7655d9c","error":"\"knativebrokerttl\" not found"}
{"level":"info","ts":"2019-12-03T21:04:28.457Z","logger":"broker_ingress","caller":"ingress/ingress_handler.go:120","msg":"Error retrieving TTL, defaulting.","commit":"7655d9c","error":"\"knativebrokerttl\" not found"}
{"level":"info","ts":"2019-12-03T21:04:28.459Z","logger":"broker_ingress","caller":"ingress/ingress_handler.go:120","msg":"Error retrieving TTL, defaulting.","commit":"7655d9c","error":"\"knativebrokerttl\" not found"}
{"level":"info","ts":"2019-12-03T21:04:28.459Z","logger":"broker_ingress","caller":"ingress/ingress_handler.go:120","msg":"Error retrieving TTL, defaulting.","commit":"7655d9c","error":"\"knativebrokerttl\" not found"}
{"level":"info","ts":"2019-12-03T21:04:28.459Z","logger":"broker_ingress","caller":"ingress/ingress_handler.go:120","msg":"Error retrieving TTL, defaulting.","commit":"7655d9c","error":"\"knativebrokerttl\" not found"}
{"level":"info","ts":"2019-12-03T21:04:28.460Z","logger":"broker_ingress","caller":"ingress/ingress_handler.go:120","msg":"Error retrieving TTL, defaulting.","commit":"7655d9c","error":"\"knativebrokerttl\" not found"}
{"level":"info","ts":"2019-12-03T21:04:28.460Z","logger":"broker_ingress","caller":"ingress/ingress_handler.go:120","msg":"Error retrieving TTL, defaulting.","commit":"7655d9c","error":"\"knativebrokerttl\" not found"}
{"level":"info","ts":"2019-12-03T21:04:28.460Z","logger":"broker_ingress","caller":"ingress/ingress_handler.go:120","msg":"Error retrieving TTL, defaulting.","commit":"7655d9c","error":"\"knativebrokerttl\" not found"}
{"level":"info","ts":"2019-12-03T21:04:28.460Z","logger":"broker_ingress","caller":"ingress/ingress_handler.go:120","msg":"Error retrieving TTL, defaulting.","commit":"7655d9c","error":"\"knativebrokerttl\" not found"}
{"level":"info","ts":"2019-12-03T21:04:28.461Z","logger":"broker_ingress","caller":"ingress/ingress_handler.go:120","msg":"Error retrieving TTL, defaulting.","commit":"7655d9c","error":"\"knativebrokerttl\" not found"}
{"level":"info","ts":"2019-12-03T21:04:28.461Z","logger":"broker_ingress","caller":"ingress/ingress_handler.go:120","msg":"Error retrieving TTL, defaulting.","commit":"7655d9c","error":"\"knativebrokerttl\" not found"}
{"level":"info","ts":"2019-12-03T21:04:28.461Z","logger":"broker_ingress","caller":"ingress/ingress_handler.go:120","msg":"Error retrieving TTL, defaulting.","commit":"7655d9c","error":"\"knativebrokerttl\" not found"}
{"level":"info","ts":"2019-12-03T21:04:28.462Z","logger":"broker_ingress","caller":"ingress/ingress_handler.go:120","msg":"Error retrieving TTL, defaulting.","commit":"7655d9c","error":"\"knativebrokerttl\" not found"}
{"level":"info","ts":"2019-12-03T21:04:28.462Z","logger":"broker_ingress","caller":"ingress/ingress_handler.go:120","msg":"Error retrieving TTL, defaulting.","commit":"7655d9c","error":"\"knativebrokerttl\" not found"}
{"level":"info","ts":"2019-12-03T21:04:28.462Z","logger":"broker_ingress","caller":"ingress/ingress_handler.go:120","msg":"Error retrieving TTL, defaulting.","commit":"7655d9c","error":"\"knativebrokerttl\" not found"}
{"level":"info","ts":"2019-12-03T21:04:28.462Z","logger":"broker_ingress","caller":"ingress/ingress_handler.go:120","msg":"Error retrieving TTL, defaulting.","commit":"7655d9c","error":"\"knativebrokerttl\" not found"}
{"level":"info","ts":"2019-12-03T21:04:28.462Z","logger":"broker_ingress","caller":"ingress/ingress_handler.go:120","msg":"Error retrieving TTL, defaulting.","commit":"7655d9c","error":"\"knativebrokerttl\" not found"}
{"level":"info","ts":"2019-12-03T21:04:28.464Z","logger":"broker_ingress","caller":"ingress/ingress_handler.go:120","msg":"Error retrieving TTL, defaulting.","commit":"7655d9c","error":"\"knativebrokerttl\" not found"}
{"level":"info","ts":"2019-12-03T21:04:28.464Z","logger":"broker_ingress","caller":"ingress/ingress_handler.go:120","msg":"Error retrieving TTL, defaulting.","commit":"7655d9c","error":"\"knativebrokerttl\" not found"}
{"level":"info","ts":"2019-12-03T21:04:28.465Z","logger":"broker_ingress","caller":"ingress/ingress_handler.go:120","msg":"Error retrieving TTL, defaulting.","commit":"7655d9c","error":"\"knativebrokerttl\" not found"}
{"level":"info","ts":"2019-12-03T21:04:28.466Z","logger":"broker_ingress","caller":"ingress/ingress_handler.go:120","msg":"Error retrieving TTL, defaulting.","commit":"7655d9c","error":"\"knativebrokerttl\" not found"}
{"level":"info","ts":"2019-12-03T21:04:28.466Z","logger":"broker_ingress","caller":"ingress/ingress_handler.go:120","msg":"Error retrieving TTL, defaulting.","commit":"7655d9c","error":"\"knativebrokerttl\" not found"}
{"level":"info","ts":"2019-12-03T21:04:28.468Z","logger":"broker_ingress","caller":"ingress/ingress_handler.go:120","msg":"Error retrieving TTL, defaulting.","commit":"7655d9c","error":"\"knativebrokerttl\" not found"}
{"level":"info","ts":"2019-12-03T21:04:28.469Z","logger":"broker_ingress","caller":"ingress/ingress_handler.go:120","msg":"Error retrieving TTL, defaulting.","commit":"7655d9c","error":"\"knativebrokerttl\" not found"}
{"level":"info","ts":"2019-12-03T21:04:28.466Z","logger":"broker_ingress","caller":"ingress/ingress_handler.go:120","msg":"Error retrieving TTL, defaulting.","commit":"7655d9c","error":"\"knativebrokerttl\" not found"}
{"level":"info","ts":"2019-12-03T21:04:28.469Z","logger":"broker_ingress","caller":"ingress/ingress_handler.go:120","msg":"Error retrieving TTL, defaulting.","commit":"7655d9c","error":"\"knativebrokerttl\" not found"}
{"level":"info","ts":"2019-12-03T21:04:28.471Z","logger":"broker_ingress","caller":"ingress/ingress_handler.go:120","msg":"Error retrieving TTL, defaulting.","commit":"7655d9c","error":"\"knativebrokerttl\" not found"}
{"level":"info","ts":"2019-12-03T21:04:28.472Z","logger":"broker_ingress","caller":"ingress/ingress_handler.go:120","msg":"Error retrieving TTL, defaulting.","commit":"7655d9c","error":"\"knativebrokerttl\" not found"}
{"level":"info","ts":"2019-12-03T21:04:28.473Z","logger":"broker_ingress","caller":"ingress/ingress_handler.go:120","msg":"Error retrieving TTL, defaulting.","commit":"7655d9c","error":"\"knativebrokerttl\" not found"}
{"level":"info","ts":"2019-12-03T21:04:28.473Z","logger":"broker_ingress","caller":"ingress/ingress_handler.go:120","msg":"Error retrieving TTL, defaulting.","commit":"7655d9c","error":"\"knativebrokerttl\" not found"}
{"level":"info","ts":"2019-12-03T21:04:28.473Z","logger":"broker_ingress","caller":"ingress/ingress_handler.go:120","msg":"Error retrieving TTL, defaulting.","commit":"7655d9c","error":"\"knativebrokerttl\" not found"}
{"level":"info","ts":"2019-12-03T21:04:28.473Z","logger":"broker_ingress","caller":"ingress/ingress_handler.go:120","msg":"Error retrieving TTL, defaulting.","commit":"7655d9c","error":"\"knativebrokerttl\" not found"}
{"level":"info","ts":"2019-12-03T21:04:28.474Z","logger":"broker_ingress","caller":"ingress/ingress_handler.go:120","msg":"Error retrieving TTL, defaulting.","commit":"7655d9c","error":"\"knativebrokerttl\" not found"}
{"level":"info","ts":"2019-12-03T21:04:28.474Z","logger":"broker_ingress","caller":"ingress/ingress_handler.go:120","msg":"Error retrieving TTL, defaulting.","commit":"7655d9c","error":"\"knativebrokerttl\" not found"}
{"level":"info","ts":"2019-12-03T21:04:28.474Z","logger":"broker_ingress","caller":"ingress/ingress_handler.go:120","msg":"Error retrieving TTL, defaulting.","commit":"7655d9c","error":"\"knativebrokerttl\" not found"}
{"level":"info","ts":"2019-12-03T21:04:28.474Z","logger":"broker_ingress","caller":"ingress/ingress_handler.go:120","msg":"Error retrieving TTL, defaulting.","commit":"7655d9c","error":"\"knativebrokerttl\" not found"}
{"level":"info","ts":"2019-12-03T21:04:28.474Z","logger":"broker_ingress","caller":"ingress/ingress_handler.go:120","msg":"Error retrieving TTL, defaulting.","commit":"7655d9c","error":"\"knativebrokerttl\" not found"}
{"level":"info","ts":"2019-12-03T21:04:28.474Z","logger":"broker_ingress","caller":"ingress/ingress_handler.go:120","msg":"Error retrieving TTL, defaulting.","commit":"7655d9c","error":"\"knativebrokerttl\" not found"}
{"level":"info","ts":"2019-12-03T21:04:28.472Z","logger":"broker_ingress","caller":"ingress/ingress_handler.go:120","msg":"Error retrieving TTL, defaulting.","commit":"7655d9c","error":"\"knativebrokerttl\" not found"}
{"level":"info","ts":"2019-12-03T21:04:28.475Z","logger":"broker_ingress","caller":"ingress/ingress_handler.go:120","msg":"Error retrieving TTL, defaulting.","commit":"7655d9c","error":"\"knativebrokerttl\" not found"}
{"level":"info","ts":"2019-12-03T21:04:28.475Z","logger":"broker_ingress","caller":"ingress/ingress_handler.go:120","msg":"Error retrieving TTL, defaulting.","commit":"7655d9c","error":"\"knativebrokerttl\" not found"}
{"level":"info","ts":"2019-12-03T21:04:28.477Z","logger":"broker_ingress","caller":"ingress/ingress_handler.go:120","msg":"Error retrieving TTL, defaulting.","commit":"7655d9c","error":"\"knativebrokerttl\" not found"}
{"level":"info","ts":"2019-12-03T21:04:28.477Z","logger":"broker_ingress","caller":"ingress/ingress_handler.go:120","msg":"Error retrieving TTL, defaulting.","commit":"7655d9c","error":"\"knativebrokerttl\" not found"}
{"level":"info","ts":"2019-12-03T21:04:28.478Z","logger":"broker_ingress","caller":"ingress/ingress_handler.go:120","msg":"Error retrieving TTL, defaulting.","commit":"7655d9c","error":"\"knativebrokerttl\" not found"}
{"level":"info","ts":"2019-12-03T21:04:28.478Z","logger":"broker_ingress","caller":"ingress/ingress_handler.go:120","msg":"Error retrieving TTL, defaulting.","commit":"7655d9c","error":"\"knativebrokerttl\" not found"}
{"level":"info","ts":"2019-12-03T21:04:28.478Z","logger":"broker_ingress","caller":"ingress/ingress_handler.go:120","msg":"Error retrieving TTL, defaulting.","commit":"7655d9c","error":"\"knativebrokerttl\" not found"}
{"level":"info","ts":"2019-12-03T21:04:28.478Z","logger":"broker_ingress","caller":"ingress/ingress_handler.go:120","msg":"Error retrieving TTL, defaulting.","commit":"7655d9c","error":"\"knativebrokerttl\" not found"}
{"level":"info","ts":"2019-12-03T21:04:28.478Z","logger":"broker_ingress","caller":"ingress/ingress_handler.go:120","msg":"Error retrieving TTL, defaulting.","commit":"7655d9c","error":"\"knativebrokerttl\" not found"}
{"level":"info","ts":"2019-12-03T21:04:28.478Z","logger":"broker_ingress","caller":"ingress/ingress_handler.go:120","msg":"Error retrieving TTL, defaulting.","commit":"7655d9c","error":"\"knativebrokerttl\" not found"}
{"level":"info","ts":"2019-12-03T21:04:28.480Z","logger":"broker_ingress","caller":"ingress/ingress_handler.go:120","msg":"Error retrieving TTL, defaulting.","commit":"7655d9c","error":"\"knativebrokerttl\" not found"}
{"level":"info","ts":"2019-12-03T21:04:28.480Z","logger":"broker_ingress","caller":"ingress/ingress_handler.go:120","msg":"Error retrieving TTL, defaulting.","commit":"7655d9c","error":"\"knativebrokerttl\" not found"}
{"level":"info","ts":"2019-12-03T21:04:28.480Z","logger":"broker_ingress","caller":"ingress/ingress_handler.go:120","msg":"Error retrieving TTL, defaulting.","commit":"7655d9c","error":"\"knativebrokerttl\" not found"}
{"level":"info","ts":"2019-12-03T21:04:28.480Z","logger":"broker_ingress","caller":"ingress/ingress_handler.go:120","msg":"Error retrieving TTL, defaulting.","commit":"7655d9c","error":"\"knativebrokerttl\" not found"}
{"level":"info","ts":"2019-12-03T21:04:28.480Z","logger":"broker_ingress","caller":"ingress/ingress_handler.go:120","msg":"Error retrieving TTL, defaulting.","commit":"7655d9c","error":"\"knativebrokerttl\" not found"}
{"level":"info","ts":"2019-12-03T21:04:28.481Z","logger":"broker_ingress","caller":"ingress/ingress_handler.go:120","msg":"Error retrieving TTL, defaulting.","commit":"7655d9c","error":"\"knativebrokerttl\" not found"}
{"level":"info","ts":"2019-12-03T21:04:28.481Z","logger":"broker_ingress","caller":"ingress/ingress_handler.go:120","msg":"Error retrieving TTL, defaulting.","commit":"7655d9c","error":"\"knativebrokerttl\" not found"}
{"level":"info","ts":"2019-12-03T21:04:28.481Z","logger":"broker_ingress","caller":"ingress/ingress_handler.go:120","msg":"Error retrieving TTL, defaulting.","commit":"7655d9c","error":"\"knativebrokerttl\" not found"}
{"level":"info","ts":"2019-12-03T21:04:28.481Z","logger":"broker_ingress","caller":"ingress/ingress_handler.go:120","msg":"Error retrieving TTL, defaulting.","commit":"7655d9c","error":"\"knativebrokerttl\" not found"}
{"level":"info","ts":"2019-12-03T21:04:28.481Z","logger":"broker_ingress","caller":"ingress/ingress_handler.go:120","msg":"Error retrieving TTL, defaulting.","commit":"7655d9c","error":"\"knativebrokerttl\" not found"}
{"level":"info","ts":"2019-12-03T21:04:28.481Z","logger":"broker_ingress","caller":"ingress/ingress_handler.go:120","msg":"Error retrieving TTL, defaulting.","commit":"7655d9c","error":"\"knativebrokerttl\" not found"}
{"level":"info","ts":"2019-12-03T21:04:28.482Z","logger":"broker_ingress","caller":"ingress/ingress_handler.go:120","msg":"Error retrieving TTL, defaulting.","commit":"7655d9c","error":"\"knativebrokerttl\" not found"}
{"level":"info","ts":"2019-12-03T21:04:28.483Z","logger":"broker_ingress","caller":"ingress/ingress_handler.go:120","msg":"Error retrieving TTL, defaulting.","commit":"7655d9c","error":"\"knativebrokerttl\" not found"}
{"level":"info","ts":"2019-12-03T21:04:28.483Z","logger":"broker_ingress","caller":"ingress/ingress_handler.go:120","msg":"Error retrieving TTL, defaulting.","commit":"7655d9c","error":"\"knativebrokerttl\" not found"}
{"level":"info","ts":"2019-12-03T21:04:28.483Z","logger":"broker_ingress","caller":"ingress/ingress_handler.go:120","msg":"Error retrieving TTL, defaulting.","commit":"7655d9c","error":"\"knativebrokerttl\" not found"}
{"level":"info","ts":"2019-12-03T21:04:28.483Z","logger":"broker_ingress","caller":"ingress/ingress_handler.go:120","msg":"Error retrieving TTL, defaulting.","commit":"7655d9c","error":"\"knativebrokerttl\" not found"}
{"level":"info","ts":"2019-12-03T21:04:28.484Z","logger":"broker_ingress","caller":"ingress/ingress_handler.go:120","msg":"Error retrieving TTL, defaulting.","commit":"7655d9c","error":"\"knativebrokerttl\" not found"}
{"level":"info","ts":"2019-12-03T21:04:28.484Z","logger":"broker_ingress","caller":"ingress/ingress_handler.go:120","msg":"Error retrieving TTL, defaulting.","commit":"7655d9c","error":"\"knativebrokerttl\" not found"}
{"level":"info","ts":"2019-12-03T21:04:28.484Z","logger":"broker_ingress","caller":"ingress/ingress_handler.go:120","msg":"Error retrieving TTL, defaulting.","commit":"7655d9c","error":"\"knativebrokerttl\" not found"}
{"level":"info","ts":"2019-12-03T21:04:28.484Z","logger":"broker_ingress","caller":"ingress/ingress_handler.go:120","msg":"Error retrieving TTL, defaulting.","commit":"7655d9c","error":"\"knativebrokerttl\" not found"}
{"level":"info","ts":"2019-12-03T21:04:28.484Z","logger":"broker_ingress","caller":"ingress/ingress_handler.go:120","msg":"Error retrieving TTL, defaulting.","commit":"7655d9c","error":"\"knativebrokerttl\" not found"}
{"level":"info","ts":"2019-12-03T21:04:28.485Z","logger":"broker_ingress","caller":"ingress/ingress_handler.go:120","msg":"Error retrieving TTL, defaulting.","commit":"7655d9c","error":"\"knativebrokerttl\" not found"}
{"level":"info","ts":"2019-12-03T21:04:28.486Z","logger":"broker_ingress","caller":"ingress/ingress_handler.go:120","msg":"Error retrieving TTL, defaulting.","commit":"7655d9c","error":"\"knativebrokerttl\" not found"}
{"level":"info","ts":"2019-12-03T21:04:28.487Z","logger":"broker_ingress","caller":"ingress/ingress_handler.go:120","msg":"Error retrieving TTL, defaulting.","commit":"7655d9c","error":"\"knativebrokerttl\" not found"}
{"level":"info","ts":"2019-12-03T21:04:28.487Z","logger":"broker_ingress","caller":"ingress/ingress_handler.go:120","msg":"Error retrieving TTL, defaulting.","commit":"7655d9c","error":"\"knativebrokerttl\" not found"}
{"level":"info","ts":"2019-12-03T21:04:28.487Z","logger":"broker_ingress","caller":"ingress/ingress_handler.go:120","msg":"Error retrieving TTL, defaulting.","commit":"7655d9c","error":"\"knativebrokerttl\" not found"}
{"level":"info","ts":"2019-12-03T21:04:28.487Z","logger":"broker_ingress","caller":"ingress/ingress_handler.go:120","msg":"Error retrieving TTL, defaulting.","commit":"7655d9c","error":"\"knativebrokerttl\" not found"}
{"level":"info","ts":"2019-12-03T21:04:28.487Z","logger":"broker_ingress","caller":"ingress/ingress_handler.go:120","msg":"Error retrieving TTL, defaulting.","commit":"7655d9c","error":"\"knativebrokerttl\" not found"}
{"level":"info","ts":"2019-12-03T21:04:28.489Z","logger":"broker_ingress","caller":"ingress/ingress_handler.go:120","msg":"Error retrieving TTL, defaulting.","commit":"7655d9c","error":"\"knativebrokerttl\" not found"}
{"level":"info","ts":"2019-12-03T21:04:28.489Z","logger":"broker_ingress","caller":"ingress/ingress_handler.go:120","msg":"Error retrieving TTL, defaulting.","commit":"7655d9c","error":"\"knativebrokerttl\" not found"}
{"level":"info","ts":"2019-12-03T21:04:28.490Z","logger":"broker_ingress","caller":"ingress/ingress_handler.go:120","msg":"Error retrieving TTL, defaulting.","commit":"7655d9c","error":"\"knativebrokerttl\" not found"}
{"level":"info","ts":"2019-12-03T21:04:28.490Z","logger":"broker_ingress","caller":"ingress/ingress_handler.go:120","msg":"Error retrieving TTL, defaulting.","commit":"7655d9c","error":"\"knativebrokerttl\" not found"}
{"level":"info","ts":"2019-12-03T21:04:28.490Z","logger":"broker_ingress","caller":"ingress/ingress_handler.go:120","msg":"Error retrieving TTL, defaulting.","commit":"7655d9c","error":"\"knativebrokerttl\" not found"}
{"level":"info","ts":"2019-12-03T21:04:28.490Z","logger":"broker_ingress","caller":"ingress/ingress_handler.go:120","msg":"Error retrieving TTL, defaulting.","commit":"7655d9c","error":"\"knativebrokerttl\" not found"}
{"level":"info","ts":"2019-12-03T21:04:28.490Z","logger":"broker_ingress","caller":"ingress/ingress_handler.go:120","msg":"Error retrieving TTL, defaulting.","commit":"7655d9c","error":"\"knativebrokerttl\" not found"}
{"level":"info","ts":"2019-12-03T21:04:28.491Z","logger":"broker_ingress","caller":"ingress/ingress_handler.go:120","msg":"Error retrieving TTL, defaulting.","commit":"7655d9c","error":"\"knativebrokerttl\" not found"}
{"level":"info","ts":"2019-12-03T21:04:28.491Z","logger":"broker_ingress","caller":"ingress/ingress_handler.go:120","msg":"Error retrieving TTL, defaulting.","commit":"7655d9c","error":"\"knativebrokerttl\" not found"}
{"level":"info","ts":"2019-12-03T21:04:28.491Z","logger":"broker_ingress","caller":"ingress/ingress_handler.go:120","msg":"Error retrieving TTL, defaulting.","commit":"7655d9c","error":"\"knativebrokerttl\" not found"}
{"level":"info","ts":"2019-12-03T21:04:28.491Z","logger":"broker_ingress","caller":"ingress/ingress_handler.go:120","msg":"Error retrieving TTL, defaulting.","commit":"7655d9c","error":"\"knativebrokerttl\" not found"}
{"level":"info","ts":"2019-12-03T21:04:28.491Z","logger":"broker_ingress","caller":"ingress/ingress_handler.go:120","msg":"Error retrieving TTL, defaulting.","commit":"7655d9c","error":"\"knativebrokerttl\" not found"}
{"level":"info","ts":"2019-12-03T21:04:28.492Z","logger":"broker_ingress","caller":"ingress/ingress_handler.go:120","msg":"Error retrieving TTL, defaulting.","commit":"7655d9c","error":"\"knativebrokerttl\" not found"}
{"level":"info","ts":"2019-12-03T21:04:28.492Z","logger":"broker_ingress","caller":"ingress/ingress_handler.go:120","msg":"Error retrieving TTL, defaulting.","commit":"7655d9c","error":"\"knativebrokerttl\" not found"}
{"level":"info","ts":"2019-12-03T21:04:28.493Z","logger":"broker_ingress","caller":"ingress/ingress_handler.go:120","msg":"Error retrieving TTL, defaulting.","commit":"7655d9c","error":"\"knativebrokerttl\" not found"}
{"level":"info","ts":"2019-12-03T21:04:28.496Z","logger":"broker_ingress","caller":"ingress/ingress_handler.go:120","msg":"Error retrieving TTL, defaulting.","commit":"7655d9c","error":"\"knativebrokerttl\" not found"}
{"level":"info","ts":"2019-12-03T21:04:28.496Z","logger":"broker_ingress","caller":"ingress/ingress_handler.go:120","msg":"Error retrieving TTL, defaulting.","commit":"7655d9c","error":"\"knativebrokerttl\" not found"}
{"level":"info","ts":"2019-12-03T21:04:28.497Z","logger":"broker_ingress","caller":"ingress/ingress_handler.go:120","msg":"Error retrieving TTL, defaulting.","commit":"7655d9c","error":"\"knativebrokerttl\" not found"}
{"level":"info","ts":"2019-12-03T21:04:28.497Z","logger":"broker_ingress","caller":"ingress/ingress_handler.go:120","msg":"Error retrieving TTL, defaulting.","commit":"7655d9c","error":"\"knativebrokerttl\" not found"}
{"level":"info","ts":"2019-12-03T21:04:28.497Z","logger":"broker_ingress","caller":"ingress/ingress_handler.go:120","msg":"Error retrieving TTL, defaulting.","commit":"7655d9c","error":"\"knativebrokerttl\" not found"}
{"level":"info","ts":"2019-12-03T21:04:28.497Z","logger":"broker_ingress","caller":"ingress/ingress_handler.go:120","msg":"Error retrieving TTL, defaulting.","commit":"7655d9c","error":"\"knativebrokerttl\" not found"}
{"level":"info","ts":"2019-12-03T21:04:28.498Z","logger":"broker_ingress","caller":"ingress/ingress_handler.go:120","msg":"Error retrieving TTL, defaulting.","commit":"7655d9c","error":"\"knativebrokerttl\" not found"}
{"level":"info","ts":"2019-12-03T21:04:28.498Z","logger":"broker_ingress","caller":"ingress/ingress_handler.go:120","msg":"Error retrieving TTL, defaulting.","commit":"7655d9c","error":"\"knativebrokerttl\" not found"}
{"level":"info","ts":"2019-12-03T21:04:28.498Z","logger":"broker_ingress","caller":"ingress/ingress_handler.go:120","msg":"Error retrieving TTL, defaulting.","commit":"7655d9c","error":"\"knativebrokerttl\" not found"}
{"level":"info","ts":"2019-12-03T21:04:28.498Z","logger":"broker_ingress","caller":"ingress/ingress_handler.go:120","msg":"Error retrieving TTL, defaulting.","commit":"7655d9c","error":"\"knativebrokerttl\" not found"}
{"level":"info","ts":"2019-12-03T21:04:28.498Z","logger":"broker_ingress","caller":"ingress/ingress_handler.go:120","msg":"Error retrieving TTL, defaulting.","commit":"7655d9c","error":"\"knativebrokerttl\" not found"}
{"level":"info","ts":"2019-12-03T21:04:28.499Z","logger":"broker_ingress","caller":"ingress/ingress_handler.go:120","msg":"Error retrieving TTL, defaulting.","commit":"7655d9c","error":"\"knativebrokerttl\" not found"}
{"level":"info","ts":"2019-12-03T21:04:28.499Z","logger":"broker_ingress","caller":"ingress/ingress_handler.go:120","msg":"Error retrieving TTL, defaulting.","commit":"7655d9c","error":"\"knativebrokerttl\" not found"}
{"level":"info","ts":"2019-12-03T21:04:28.499Z","logger":"broker_ingress","caller":"ingress/ingress_handler.go:120","msg":"Error retrieving TTL, defaulting.","commit":"7655d9c","error":"\"knativebrokerttl\" not found"}
{"level":"info","ts":"2019-12-03T21:04:28.499Z","logger":"broker_ingress","caller":"ingress/ingress_handler.go:120","msg":"Error retrieving TTL, defaulting.","commit":"7655d9c","error":"\"knativebrokerttl\" not found"}
{"level":"info","ts":"2019-12-03T21:04:28.499Z","logger":"broker_ingress","caller":"ingress/ingress_handler.go:120","msg":"Error retrieving TTL, defaulting.","commit":"7655d9c","error":"\"knativebrokerttl\" not found"}
{"level":"info","ts":"2019-12-03T21:04:28.499Z","logger":"broker_ingress","caller":"ingress/ingress_handler.go:120","msg":"Error retrieving TTL, defaulting.","commit":"7655d9c","error":"\"knativebrokerttl\" not found"}
{"level":"info","ts":"2019-12-03T21:04:28.500Z","logger":"broker_ingress","caller":"ingress/ingress_handler.go:120","msg":"Error retrieving TTL, defaulting.","commit":"7655d9c","error":"\"knativebrokerttl\" not found"}
{"level":"info","ts":"2019-12-03T21:04:28.500Z","logger":"broker_ingress","caller":"ingress/ingress_handler.go:120","msg":"Error retrieving TTL, defaulting.","commit":"7655d9c","error":"\"knativebrokerttl\" not found"}
{"level":"info","ts":"2019-12-03T21:04:28.500Z","logger":"broker_ingress","caller":"ingress/ingress_handler.go:120","msg":"Error retrieving TTL, defaulting.","commit":"7655d9c","error":"\"knativebrokerttl\" not found"}
{"level":"info","ts":"2019-12-03T21:04:28.500Z","logger":"broker_ingress","caller":"ingress/ingress_handler.go:120","msg":"Error retrieving TTL, defaulting.","commit":"7655d9c","error":"\"knativebrokerttl\" not found"}
{"level":"info","ts":"2019-12-03T21:04:28.500Z","logger":"broker_ingress","caller":"ingress/ingress_handler.go:120","msg":"Error retrieving TTL, defaulting.","commit":"7655d9c","error":"\"knativebrokerttl\" not found"}
{"level":"info","ts":"2019-12-03T21:04:28.501Z","logger":"broker_ingress","caller":"ingress/ingress_handler.go:120","msg":"Error retrieving TTL, defaulting.","commit":"7655d9c","error":"\"knativebrokerttl\" not found"}
{"level":"info","ts":"2019-12-03T21:04:28.501Z","logger":"broker_ingress","caller":"ingress/ingress_handler.go:120","msg":"Error retrieving TTL, defaulting.","commit":"7655d9c","error":"\"knativebrokerttl\" not found"}
{"level":"info","ts":"2019-12-03T21:04:28.501Z","logger":"broker_ingress","caller":"ingress/ingress_handler.go:120","msg":"Error retrieving TTL, defaulting.","commit":"7655d9c","error":"\"knativebrokerttl\" not found"}
{"level":"info","ts":"2019-12-03T21:04:28.501Z","logger":"broker_ingress","caller":"ingress/ingress_handler.go:120","msg":"Error retrieving TTL, defaulting.","commit":"7655d9c","error":"\"knativebrokerttl\" not found"}
{"level":"info","ts":"2019-12-03T21:04:28.502Z","logger":"broker_ingress","caller":"ingress/ingress_handler.go:120","msg":"Error retrieving TTL, defaulting.","commit":"7655d9c","error":"\"knativebrokerttl\" not found"}
{"level":"info","ts":"2019-12-03T21:04:28.504Z","logger":"broker_ingress","caller":"ingress/ingress_handler.go:120","msg":"Error retrieving TTL, defaulting.","commit":"7655d9c","error":"\"knativebrokerttl\" not found"}
{"level":"info","ts":"2019-12-03T21:04:28.504Z","logger":"broker_ingress","caller":"ingress/ingress_handler.go:120","msg":"Error retrieving TTL, defaulting.","commit":"7655d9c","error":"\"knativebrokerttl\" not found"}
{"level":"info","ts":"2019-12-03T21:04:28.504Z","logger":"broker_ingress","caller":"ingress/ingress_handler.go:120","msg":"Error retrieving TTL, defaulting.","commit":"7655d9c","error":"\"knativebrokerttl\" not found"}
{"level":"info","ts":"2019-12-03T21:04:28.505Z","logger":"broker_ingress","caller":"ingress/ingress_handler.go:120","msg":"Error retrieving TTL, defaulting.","commit":"7655d9c","error":"\"knativebrokerttl\" not found"}
{"level":"info","ts":"2019-12-03T21:04:28.505Z","logger":"broker_ingress","caller":"ingress/ingress_handler.go:120","msg":"Error retrieving TTL, defaulting.","commit":"7655d9c","error":"\"knativebrokerttl\" not found"}
{"level":"info","ts":"2019-12-03T21:04:28.505Z","logger":"broker_ingress","caller":"ingress/ingress_handler.go:120","msg":"Error retrieving TTL, defaulting.","commit":"7655d9c","error":"\"knativebrokerttl\" not found"}
{"level":"info","ts":"2019-12-03T21:04:28.505Z","logger":"broker_ingress","caller":"ingress/ingress_handler.go:120","msg":"Error retrieving TTL, defaulting.","commit":"7655d9c","error":"\"knativebrokerttl\" not found"}
{"level":"info","ts":"2019-12-03T21:04:28.505Z","logger":"broker_ingress","caller":"ingress/ingress_handler.go:120","msg":"Error retrieving TTL, defaulting.","commit":"7655d9c","error":"\"knativebrokerttl\" not found"}
{"level":"info","ts":"2019-12-03T21:04:28.506Z","logger":"broker_ingress","caller":"ingress/ingress_handler.go:120","msg":"Error retrieving TTL, defaulting.","commit":"7655d9c","error":"\"knativebrokerttl\" not found"}
{"level":"info","ts":"2019-12-03T21:04:28.506Z","logger":"broker_ingress","caller":"ingress/ingress_handler.go:120","msg":"Error retrieving TTL, defaulting.","commit":"7655d9c","error":"\"knativebrokerttl\" not found"}
{"level":"info","ts":"2019-12-03T21:04:28.403Z","logger":"broker_ingress","caller":"ingress/ingress_handler.go:120","msg":"Error retrieving TTL, defaulting.","commit":"7655d9c","error":"\"knativebrokerttl\" not found"}
{"level":"info","ts":"2019-12-03T21:04:28.508Z","logger":"broker_ingress","caller":"ingress/ingress_handler.go:120","msg":"Error retrieving TTL, defaulting.","commit":"7655d9c","error":"\"knativebrokerttl\" not found"}
{"level":"info","ts":"2019-12-03T21:04:28.508Z","logger":"broker_ingress","caller":"ingress/ingress_handler.go:120","msg":"Error retrieving TTL, defaulting.","commit":"7655d9c","error":"\"knativebrokerttl\" not found"}
{"level":"info","ts":"2019-12-03T21:04:28.509Z","logger":"broker_ingress","caller":"ingress/ingress_handler.go:120","msg":"Error retrieving TTL, defaulting.","commit":"7655d9c","error":"\"knativebrokerttl\" not found"}
{"level":"info","ts":"2019-12-03T21:04:28.509Z","logger":"broker_ingress","caller":"ingress/ingress_handler.go:120","msg":"Error retrieving TTL, defaulting.","commit":"7655d9c","error":"\"knativebrokerttl\" not found"}
{"level":"info","ts":"2019-12-03T21:04:28.509Z","logger":"broker_ingress","caller":"ingress/ingress_handler.go:120","msg":"Error retrieving TTL, defaulting.","commit":"7655d9c","error":"\"knativebrokerttl\" not found"}
{"level":"info","ts":"2019-12-03T21:04:28.509Z","logger":"broker_ingress","caller":"ingress/ingress_handler.go:120","msg":"Error retrieving TTL, defaulting.","commit":"7655d9c","error":"\"knativebrokerttl\" not found"}
{"level":"info","ts":"2019-12-03T21:04:28.509Z","logger":"broker_ingress","caller":"ingress/ingress_handler.go:120","msg":"Error retrieving TTL, defaulting.","commit":"7655d9c","error":"\"knativebrokerttl\" not found"}
{"level":"info","ts":"2019-12-03T21:04:28.510Z","logger":"broker_ingress","caller":"ingress/ingress_handler.go:120","msg":"Error retrieving TTL, defaulting.","commit":"7655d9c","error":"\"knativebrokerttl\" not found"}
{"level":"info","ts":"2019-12-03T21:04:28.510Z","logger":"broker_ingress","caller":"ingress/ingress_handler.go:120","msg":"Error retrieving TTL, defaulting.","commit":"7655d9c","error":"\"knativebrokerttl\" not found"}
{"level":"info","ts":"2019-12-03T21:04:28.510Z","logger":"broker_ingress","caller":"ingress/ingress_handler.go:120","msg":"Error retrieving TTL, defaulting.","commit":"7655d9c","error":"\"knativebrokerttl\" not found"}
{"level":"info","ts":"2019-12-03T21:04:28.510Z","logger":"broker_ingress","caller":"ingress/ingress_handler.go:120","msg":"Error retrieving TTL, defaulting.","commit":"7655d9c","error":"\"knativebrokerttl\" not found"}
{"level":"info","ts":"2019-12-03T21:04:28.510Z","logger":"broker_ingress","caller":"ingress/ingress_handler.go:120","msg":"Error retrieving TTL, defaulting.","commit":"7655d9c","error":"\"knativebrokerttl\" not found"}
{"level":"info","ts":"2019-12-03T21:04:28.510Z","logger":"broker_ingress","caller":"ingress/ingress_handler.go:120","msg":"Error retrieving TTL, defaulting.","commit":"7655d9c","error":"\"knativebrokerttl\" not found"}
{"level":"info","ts":"2019-12-03T21:04:28.510Z","logger":"broker_ingress","caller":"ingress/ingress_handler.go:120","msg":"Error retrieving TTL, defaulting.","commit":"7655d9c","error":"\"knativebrokerttl\" not found"}
{"level":"info","ts":"2019-12-03T21:04:28.511Z","logger":"broker_ingress","caller":"ingress/ingress_handler.go:120","msg":"Error retrieving TTL, defaulting.","commit":"7655d9c","error":"\"knativebrokerttl\" not found"}
{"level":"info","ts":"2019-12-03T21:04:28.512Z","logger":"broker_ingress","caller":"ingress/ingress_handler.go:120","msg":"Error retrieving TTL, defaulting.","commit":"7655d9c","error":"\"knativebrokerttl\" not found"}
{"level":"info","ts":"2019-12-03T21:04:28.512Z","logger":"broker_ingress","caller":"ingress/ingress_handler.go:120","msg":"Error retrieving TTL, defaulting.","commit":"7655d9c","error":"\"knativebrokerttl\" not found"}
{"level":"info","ts":"2019-12-03T21:04:28.512Z","logger":"broker_ingress","caller":"ingress/ingress_handler.go:120","msg":"Error retrieving TTL, defaulting.","commit":"7655d9c","error":"\"knativebrokerttl\" not found"}
{"level":"info","ts":"2019-12-03T21:04:28.512Z","logger":"broker_ingress","caller":"ingress/ingress_handler.go:120","msg":"Error retrieving TTL, defaulting.","commit":"7655d9c","error":"\"knativebrokerttl\" not found"}
{"level":"info","ts":"2019-12-03T21:04:28.512Z","logger":"broker_ingress","caller":"ingress/ingress_handler.go:120","msg":"Error retrieving TTL, defaulting.","commit":"7655d9c","error":"\"knativebrokerttl\" not found"}
{"level":"info","ts":"2019-12-03T21:04:28.513Z","logger":"broker_ingress","caller":"ingress/ingress_handler.go:120","msg":"Error retrieving TTL, defaulting.","commit":"7655d9c","error":"\"knativebrokerttl\" not found"}
{"level":"info","ts":"2019-12-03T21:04:28.513Z","logger":"broker_ingress","caller":"ingress/ingress_handler.go:120","msg":"Error retrieving TTL, defaulting.","commit":"7655d9c","error":"\"knativebrokerttl\" not found"}
{"level":"info","ts":"2019-12-03T21:04:28.514Z","logger":"broker_ingress","caller":"ingress/ingress_handler.go:120","msg":"Error retrieving TTL, defaulting.","commit":"7655d9c","error":"\"knativebrokerttl\" not found"}
{"level":"info","ts":"2019-12-03T21:04:28.514Z","logger":"broker_ingress","caller":"ingress/ingress_handler.go:120","msg":"Error retrieving TTL, defaulting.","commit":"7655d9c","error":"\"knativebrokerttl\" not found"}
{"level":"info","ts":"2019-12-03T21:04:28.514Z","logger":"broker_ingress","caller":"ingress/ingress_handler.go:120","msg":"Error retrieving TTL, defaulting.","commit":"7655d9c","error":"\"knativebrokerttl\" not found"}
{"level":"info","ts":"2019-12-03T21:04:28.514Z","logger":"broker_ingress","caller":"ingress/ingress_handler.go:120","msg":"Error retrieving TTL, defaulting.","commit":"7655d9c","error":"\"knativebrokerttl\" not found"}
{"level":"info","ts":"2019-12-03T21:04:28.514Z","logger":"broker_ingress","caller":"ingress/ingress_handler.go:120","msg":"Error retrieving TTL, defaulting.","commit":"7655d9c","error":"\"knativebrokerttl\" not found"}
{"level":"info","ts":"2019-12-03T21:04:28.515Z","logger":"broker_ingress","caller":"ingress/ingress_handler.go:120","msg":"Error retrieving TTL, defaulting.","commit":"7655d9c","error":"\"knativebrokerttl\" not found"}
{"level":"info","ts":"2019-12-03T21:04:28.518Z","logger":"broker_ingress","caller":"ingress/ingress_handler.go:120","msg":"Error retrieving TTL, defaulting.","commit":"7655d9c","error":"\"knativebrokerttl\" not found"}
{"level":"info","ts":"2019-12-03T21:04:28.518Z","logger":"broker_ingress","caller":"ingress/ingress_handler.go:120","msg":"Error retrieving TTL, defaulting.","commit":"7655d9c","error":"\"knativebrokerttl\" not found"}
{"level":"info","ts":"2019-12-03T21:04:28.518Z","logger":"broker_ingress","caller":"ingress/ingress_handler.go:120","msg":"Error retrieving TTL, defaulting.","commit":"7655d9c","error":"\"knativebrokerttl\" not found"}
{"level":"info","ts":"2019-12-03T21:04:28.519Z","logger":"broker_ingress","caller":"ingress/ingress_handler.go:120","msg":"Error retrieving TTL, defaulting.","commit":"7655d9c","error":"\"knativebrokerttl\" not found"}
{"level":"info","ts":"2019-12-03T21:04:28.519Z","logger":"broker_ingress","caller":"ingress/ingress_handler.go:120","msg":"Error retrieving TTL, defaulting.","commit":"7655d9c","error":"\"knativebrokerttl\" not found"}
{"level":"info","ts":"2019-12-03T21:04:28.519Z","logger":"broker_ingress","caller":"ingress/ingress_handler.go:120","msg":"Error retrieving TTL, defaulting.","commit":"7655d9c","error":"\"knativebrokerttl\" not found"}
{"level":"info","ts":"2019-12-03T21:04:28.519Z","logger":"broker_ingress","caller":"ingress/ingress_handler.go:120","msg":"Error retrieving TTL, defaulting.","commit":"7655d9c","error":"\"knativebrokerttl\" not found"}
{"level":"info","ts":"2019-12-03T21:04:28.519Z","logger":"broker_ingress","caller":"ingress/ingress_handler.go:120","msg":"Error retrieving TTL, defaulting.","commit":"7655d9c","error":"\"knativebrokerttl\" not found"}
{"level":"info","ts":"2019-12-03T21:04:28.520Z","logger":"broker_ingress","caller":"ingress/ingress_handler.go:120","msg":"Error retrieving TTL, defaulting.","commit":"7655d9c","error":"\"knativebrokerttl\" not found"}
{"level":"info","ts":"2019-12-03T21:04:28.511Z","logger":"broker_ingress","caller":"ingress/ingress_handler.go:120","msg":"Error retrieving TTL, defaulting.","commit":"7655d9c","error":"\"knativebrokerttl\" not found"}
{"level":"info","ts":"2019-12-03T21:04:28.520Z","logger":"broker_ingress","caller":"ingress/ingress_handler.go:120","msg":"Error retrieving TTL, defaulting.","commit":"7655d9c","error":"\"knativebrokerttl\" not found"}
{"level":"info","ts":"2019-12-03T21:04:28.520Z","logger":"broker_ingress","caller":"ingress/ingress_handler.go:120","msg":"Error retrieving TTL, defaulting.","commit":"7655d9c","error":"\"knativebrokerttl\" not found"}
{"level":"info","ts":"2019-12-03T21:04:28.520Z","logger":"broker_ingress","caller":"ingress/ingress_handler.go:120","msg":"Error retrieving TTL, defaulting.","commit":"7655d9c","error":"\"knativebrokerttl\" not found"}
{"level":"info","ts":"2019-12-03T21:04:28.520Z","logger":"broker_ingress","caller":"ingress/ingress_handler.go:120","msg":"Error retrieving TTL, defaulting.","commit":"7655d9c","error":"\"knativebrokerttl\" not found"}
{"level":"info","ts":"2019-12-03T21:04:28.521Z","logger":"broker_ingress","caller":"ingress/ingress_handler.go:120","msg":"Error retrieving TTL, defaulting.","commit":"7655d9c","error":"\"knativebrokerttl\" not found"}
{"level":"info","ts":"2019-12-03T21:04:28.521Z","logger":"broker_ingress","caller":"ingress/ingress_handler.go:120","msg":"Error retrieving TTL, defaulting.","commit":"7655d9c","error":"\"knativebrokerttl\" not found"}
{"level":"info","ts":"2019-12-03T21:04:28.521Z","logger":"broker_ingress","caller":"ingress/ingress_handler.go:120","msg":"Error retrieving TTL, defaulting.","commit":"7655d9c","error":"\"knativebrokerttl\" not found"}
{"level":"info","ts":"2019-12-03T21:04:28.521Z","logger":"broker_ingress","caller":"ingress/ingress_handler.go:120","msg":"Error retrieving TTL, defaulting.","commit":"7655d9c","error":"\"knativebrokerttl\" not found"}
{"level":"info","ts":"2019-12-03T21:04:28.521Z","logger":"broker_ingress","caller":"ingress/ingress_handler.go:120","msg":"Error retrieving TTL, defaulting.","commit":"7655d9c","error":"\"knativebrokerttl\" not found"}
{"level":"info","ts":"2019-12-03T21:04:28.522Z","logger":"broker_ingress","caller":"ingress/ingress_handler.go:120","msg":"Error retrieving TTL, defaulting.","commit":"7655d9c","error":"\"knativebrokerttl\" not found"}
{"level":"info","ts":"2019-12-03T21:04:28.523Z","logger":"broker_ingress","caller":"ingress/ingress_handler.go:120","msg":"Error retrieving TTL, defaulting.","commit":"7655d9c","error":"\"knativebrokerttl\" not found"}
{"level":"info","ts":"2019-12-03T21:04:28.523Z","logger":"broker_ingress","caller":"ingress/ingress_handler.go:120","msg":"Error retrieving TTL, defaulting.","commit":"7655d9c","error":"\"knativebrokerttl\" not found"}
{"level":"info","ts":"2019-12-03T21:04:28.523Z","logger":"broker_ingress","caller":"ingress/ingress_handler.go:120","msg":"Error retrieving TTL, defaulting.","commit":"7655d9c","error":"\"knativebrokerttl\" not found"}
{"level":"info","ts":"2019-12-03T21:04:28.524Z","logger":"broker_ingress","caller":"ingress/ingress_handler.go:120","msg":"Error retrieving TTL, defaulting.","commit":"7655d9c","error":"\"knativebrokerttl\" not found"}
{"level":"info","ts":"2019-12-03T21:04:28.524Z","logger":"broker_ingress","caller":"ingress/ingress_handler.go:120","msg":"Error retrieving TTL, defaulting.","commit":"7655d9c","error":"\"knativebrokerttl\" not found"}
{"level":"info","ts":"2019-12-03T21:04:28.525Z","logger":"broker_ingress","caller":"ingress/ingress_handler.go:120","msg":"Error retrieving TTL, defaulting.","commit":"7655d9c","error":"\"knativebrokerttl\" not found"}
{"level":"info","ts":"2019-12-03T21:04:28.525Z","logger":"broker_ingress","caller":"ingress/ingress_handler.go:120","msg":"Error retrieving TTL, defaulting.","commit":"7655d9c","error":"\"knativebrokerttl\" not found"}
{"level":"info","ts":"2019-12-03T21:04:28.525Z","logger":"broker_ingress","caller":"ingress/ingress_handler.go:120","msg":"Error retrieving TTL, defaulting.","commit":"7655d9c","error":"\"knativebrokerttl\" not found"}
{"level":"info","ts":"2019-12-03T21:04:28.525Z","logger":"broker_ingress","caller":"ingress/ingress_handler.go:120","msg":"Error retrieving TTL, defaulting.","commit":"7655d9c","error":"\"knativebrokerttl\" not found"}
{"level":"info","ts":"2019-12-03T21:04:28.525Z","logger":"broker_ingress","caller":"ingress/ingress_handler.go:120","msg":"Error retrieving TTL, defaulting.","commit":"7655d9c","error":"\"knativebrokerttl\" not found"}
{"level":"info","ts":"2019-12-03T21:04:28.526Z","logger":"broker_ingress","caller":"ingress/ingress_handler.go:120","msg":"Error retrieving TTL, defaulting.","commit":"7655d9c","error":"\"knativebrokerttl\" not found"}
{"level":"info","ts":"2019-12-03T21:04:28.526Z","logger":"broker_ingress","caller":"ingress/ingress_handler.go:120","msg":"Error retrieving TTL, defaulting.","commit":"7655d9c","error":"\"knativebrokerttl\" not found"}
{"level":"info","ts":"2019-12-03T21:04:28.526Z","logger":"broker_ingress","caller":"ingress/ingress_handler.go:120","msg":"Error retrieving TTL, defaulting.","commit":"7655d9c","error":"\"knativebrokerttl\" not found"}
{"level":"info","ts":"2019-12-03T21:04:28.527Z","logger":"broker_ingress","caller":"ingress/ingress_handler.go:120","msg":"Error retrieving TTL, defaulting.","commit":"7655d9c","error":"\"knativebrokerttl\" not found"}
{"level":"info","ts":"2019-12-03T21:04:28.527Z","logger":"broker_ingress","caller":"ingress/ingress_handler.go:120","msg":"Error retrieving TTL, defaulting.","commit":"7655d9c","error":"\"knativebrokerttl\" not found"}
{"level":"info","ts":"2019-12-03T21:04:28.527Z","logger":"broker_ingress","caller":"ingress/ingress_handler.go:120","msg":"Error retrieving TTL, defaulting.","commit":"7655d9c","error":"\"knativebrokerttl\" not found"}
{"level":"info","ts":"2019-12-03T21:04:28.527Z","logger":"broker_ingress","caller":"ingress/ingress_handler.go:120","msg":"Error retrieving TTL, defaulting.","commit":"7655d9c","error":"\"knativebrokerttl\" not found"}
{"level":"info","ts":"2019-12-03T21:04:28.527Z","logger":"broker_ingress","caller":"ingress/ingress_handler.go:120","msg":"Error retrieving TTL, defaulting.","commit":"7655d9c","error":"\"knativebrokerttl\" not found"}
{"level":"info","ts":"2019-12-03T21:04:28.527Z","logger":"broker_ingress","caller":"ingress/ingress_handler.go:120","msg":"Error retrieving TTL, defaulting.","commit":"7655d9c","error":"\"knativebrokerttl\" not found"}
{"level":"info","ts":"2019-12-03T21:04:28.527Z","logger":"broker_ingress","caller":"ingress/ingress_handler.go:120","msg":"Error retrieving TTL, defaulting.","commit":"7655d9c","error":"\"knativebrokerttl\" not found"}
{"level":"info","ts":"2019-12-03T21:04:28.528Z","logger":"broker_ingress","caller":"ingress/ingress_handler.go:120","msg":"Error retrieving TTL, defaulting.","commit":"7655d9c","error":"\"knativebrokerttl\" not found"}
{"level":"info","ts":"2019-12-03T21:04:28.528Z","logger":"broker_ingress","caller":"ingress/ingress_handler.go:120","msg":"Error retrieving TTL, defaulting.","commit":"7655d9c","error":"\"knativebrokerttl\" not found"}
{"level":"info","ts":"2019-12-03T21:04:28.528Z","logger":"broker_ingress","caller":"ingress/ingress_handler.go:120","msg":"Error retrieving TTL, defaulting.","commit":"7655d9c","error":"\"knativebrokerttl\" not found"}
{"level":"info","ts":"2019-12-03T21:04:28.528Z","logger":"broker_ingress","caller":"ingress/ingress_handler.go:120","msg":"Error retrieving TTL, defaulting.","commit":"7655d9c","error":"\"knativebrokerttl\" not found"}
{"level":"info","ts":"2019-12-03T21:04:28.528Z","logger":"broker_ingress","caller":"ingress/ingress_handler.go:120","msg":"Error retrieving TTL, defaulting.","commit":"7655d9c","error":"\"knativebrokerttl\" not found"}
{"level":"info","ts":"2019-12-03T21:04:28.528Z","logger":"broker_ingress","caller":"ingress/ingress_handler.go:120","msg":"Error retrieving TTL, defaulting.","commit":"7655d9c","error":"\"knativebrokerttl\" not found"}
{"level":"info","ts":"2019-12-03T21:04:28.531Z","logger":"broker_ingress","caller":"ingress/ingress_handler.go:120","msg":"Error retrieving TTL, defaulting.","commit":"7655d9c","error":"\"knativebrokerttl\" not found"}
{"level":"info","ts":"2019-12-03T21:04:28.531Z","logger":"broker_ingress","caller":"ingress/ingress_handler.go:120","msg":"Error retrieving TTL, defaulting.","commit":"7655d9c","error":"\"knativebrokerttl\" not found"}
{"level":"info","ts":"2019-12-03T21:04:28.531Z","logger":"broker_ingress","caller":"ingress/ingress_handler.go:120","msg":"Error retrieving TTL, defaulting.","commit":"7655d9c","error":"\"knativebrokerttl\" not found"}
{"level":"info","ts":"2019-12-03T21:04:28.532Z","logger":"broker_ingress","caller":"ingress/ingress_handler.go:120","msg":"Error retrieving TTL, defaulting.","commit":"7655d9c","error":"\"knativebrokerttl\" not found"}
{"level":"info","ts":"2019-12-03T21:04:28.532Z","logger":"broker_ingress","caller":"ingress/ingress_handler.go:120","msg":"Error retrieving TTL, defaulting.","commit":"7655d9c","error":"\"knativebrokerttl\" not found"}
{"level":"info","ts":"2019-12-03T21:04:28.532Z","logger":"broker_ingress","caller":"ingress/ingress_handler.go:120","msg":"Error retrieving TTL, defaulting.","commit":"7655d9c","error":"\"knativebrokerttl\" not found"}
{"level":"info","ts":"2019-12-03T21:04:28.532Z","logger":"broker_ingress","caller":"ingress/ingress_handler.go:120","msg":"Error retrieving TTL, defaulting.","commit":"7655d9c","error":"\"knativebrokerttl\" not found"}
{"level":"info","ts":"2019-12-03T21:04:28.532Z","logger":"broker_ingress","caller":"ingress/ingress_handler.go:120","msg":"Error retrieving TTL, defaulting.","commit":"7655d9c","error":"\"knativebrokerttl\" not found"}
{"level":"info","ts":"2019-12-03T21:04:28.532Z","logger":"broker_ingress","caller":"ingress/ingress_handler.go:120","msg":"Error retrieving TTL, defaulting.","commit":"7655d9c","error":"\"knativebrokerttl\" not found"}
{"level":"info","ts":"2019-12-03T21:04:28.532Z","logger":"broker_ingress","caller":"ingress/ingress_handler.go:120","msg":"Error retrieving TTL, defaulting.","commit":"7655d9c","error":"\"knativebrokerttl\" not found"}
{"level":"info","ts":"2019-12-03T21:04:28.533Z","logger":"broker_ingress","caller":"ingress/ingress_handler.go:120","msg":"Error retrieving TTL, defaulting.","commit":"7655d9c","error":"\"knativebrokerttl\" not found"}
{"level":"info","ts":"2019-12-03T21:04:28.533Z","logger":"broker_ingress","caller":"ingress/ingress_handler.go:120","msg":"Error retrieving TTL, defaulting.","commit":"7655d9c","error":"\"knativebrokerttl\" not found"}
{"level":"info","ts":"2019-12-03T21:04:28.533Z","logger":"broker_ingress","caller":"ingress/ingress_handler.go:120","msg":"Error retrieving TTL, defaulting.","commit":"7655d9c","error":"\"knativebrokerttl\" not found"}
{"level":"info","ts":"2019-12-03T21:04:28.533Z","logger":"broker_ingress","caller":"ingress/ingress_handler.go:120","msg":"Error retrieving TTL, defaulting.","commit":"7655d9c","error":"\"knativebrokerttl\" not found"}
{"level":"info","ts":"2019-12-03T21:04:28.533Z","logger":"broker_ingress","caller":"ingress/ingress_handler.go:120","msg":"Error retrieving TTL, defaulting.","commit":"7655d9c","error":"\"knativebrokerttl\" not found"}
{"level":"info","ts":"2019-12-03T21:04:28.533Z","logger":"broker_ingress","caller":"ingress/ingress_handler.go:120","msg":"Error retrieving TTL, defaulting.","commit":"7655d9c","error":"\"knativebrokerttl\" not found"}
{"level":"info","ts":"2019-12-03T21:04:28.533Z","logger":"broker_ingress","caller":"ingress/ingress_handler.go:120","msg":"Error retrieving TTL, defaulting.","commit":"7655d9c","error":"\"knativebrokerttl\" not found"}
{"level":"info","ts":"2019-12-03T21:04:28.534Z","logger":"broker_ingress","caller":"ingress/ingress_handler.go:120","msg":"Error retrieving TTL, defaulting.","commit":"7655d9c","error":"\"knativebrokerttl\" not found"}
{"level":"info","ts":"2019-12-03T21:04:28.534Z","logger":"broker_ingress","caller":"ingress/ingress_handler.go:120","msg":"Error retrieving TTL, defaulting.","commit":"7655d9c","error":"\"knativebrokerttl\" not found"}
{"level":"info","ts":"2019-12-03T21:04:28.534Z","logger":"broker_ingress","caller":"ingress/ingress_handler.go:120","msg":"Error retrieving TTL, defaulting.","commit":"7655d9c","error":"\"knativebrokerttl\" not found"}
{"level":"info","ts":"2019-12-03T21:04:28.534Z","logger":"broker_ingress","caller":"ingress/ingress_handler.go:120","msg":"Error retrieving TTL, defaulting.","commit":"7655d9c","error":"\"knativebrokerttl\" not found"}
{"level":"info","ts":"2019-12-03T21:04:28.534Z","logger":"broker_ingress","caller":"ingress/ingress_handler.go:120","msg":"Error retrieving TTL, defaulting.","commit":"7655d9c","error":"\"knativebrokerttl\" not found"}
{"level":"info","ts":"2019-12-03T21:04:28.534Z","logger":"broker_ingress","caller":"ingress/ingress_handler.go:120","msg":"Error retrieving TTL, defaulting.","commit":"7655d9c","error":"\"knativebrokerttl\" not found"}
{"level":"info","ts":"2019-12-03T21:04:28.534Z","logger":"broker_ingress","caller":"ingress/ingress_handler.go:120","msg":"Error retrieving TTL, defaulting.","commit":"7655d9c","error":"\"knativebrokerttl\" not found"}
{"level":"info","ts":"2019-12-03T21:04:28.534Z","logger":"broker_ingress","caller":"ingress/ingress_handler.go:120","msg":"Error retrieving TTL, defaulting.","commit":"7655d9c","error":"\"knativebrokerttl\" not found"}
{"level":"info","ts":"2019-12-03T21:04:28.534Z","logger":"broker_ingress","caller":"ingress/ingress_handler.go:120","msg":"Error retrieving TTL, defaulting.","commit":"7655d9c","error":"\"knativebrokerttl\" not found"}
{"level":"info","ts":"2019-12-03T21:04:28.534Z","logger":"broker_ingress","caller":"ingress/ingress_handler.go:120","msg":"Error retrieving TTL, defaulting.","commit":"7655d9c","error":"\"knativebrokerttl\" not found"}
{"level":"info","ts":"2019-12-03T21:04:28.535Z","logger":"broker_ingress","caller":"ingress/ingress_handler.go:120","msg":"Error retrieving TTL, defaulting.","commit":"7655d9c","error":"\"knativebrokerttl\" not found"}
{"level":"info","ts":"2019-12-03T21:04:28.535Z","logger":"broker_ingress","caller":"ingress/ingress_handler.go:120","msg":"Error retrieving TTL, defaulting.","commit":"7655d9c","error":"\"knativebrokerttl\" not found"}
{"level":"info","ts":"2019-12-03T21:04:28.535Z","logger":"broker_ingress","caller":"ingress/ingress_handler.go:120","msg":"Error retrieving TTL, defaulting.","commit":"7655d9c","error":"\"knativebrokerttl\" not found"}
{"level":"info","ts":"2019-12-03T21:04:28.535Z","logger":"broker_ingress","caller":"ingress/ingress_handler.go:120","msg":"Error retrieving TTL, defaulting.","commit":"7655d9c","error":"\"knativebrokerttl\" not found"}
{"level":"info","ts":"2019-12-03T21:04:28.535Z","logger":"broker_ingress","caller":"ingress/ingress_handler.go:120","msg":"Error retrieving TTL, defaulting.","commit":"7655d9c","error":"\"knativebrokerttl\" not found"}
{"level":"info","ts":"2019-12-03T21:04:28.535Z","logger":"broker_ingress","caller":"ingress/ingress_handler.go:120","msg":"Error retrieving TTL, defaulting.","commit":"7655d9c","error":"\"knativebrokerttl\" not found"}
{"level":"info","ts":"2019-12-03T21:04:28.535Z","logger":"broker_ingress","caller":"ingress/ingress_handler.go:120","msg":"Error retrieving TTL, defaulting.","commit":"7655d9c","error":"\"knativebrokerttl\" not found"}
{"level":"info","ts":"2019-12-03T21:04:28.535Z","logger":"broker_ingress","caller":"ingress/ingress_handler.go:120","msg":"Error retrieving TTL, defaulting.","commit":"7655d9c","error":"\"knativebrokerttl\" not found"}
{"level":"info","ts":"2019-12-03T21:04:28.535Z","logger":"broker_ingress","caller":"ingress/ingress_handler.go:120","msg":"Error retrieving TTL, defaulting.","commit":"7655d9c","error":"\"knativebrokerttl\" not found"}
{"level":"info","ts":"2019-12-03T21:04:28.535Z","logger":"broker_ingress","caller":"ingress/ingress_handler.go:120","msg":"Error retrieving TTL, defaulting.","commit":"7655d9c","error":"\"knativebrokerttl\" not found"}
{"level":"info","ts":"2019-12-03T21:04:28.535Z","logger":"broker_ingress","caller":"ingress/ingress_handler.go:120","msg":"Error retrieving TTL, defaulting.","commit":"7655d9c","error":"\"knativebrokerttl\" not found"}
{"level":"info","ts":"2019-12-03T21:04:28.535Z","logger":"broker_ingress","caller":"ingress/ingress_handler.go:120","msg":"Error retrieving TTL, defaulting.","commit":"7655d9c","error":"\"knativebrokerttl\" not found"}
{"level":"info","ts":"2019-12-03T21:04:28.535Z","logger":"broker_ingress","caller":"ingress/ingress_handler.go:120","msg":"Error retrieving TTL, defaulting.","commit":"7655d9c","error":"\"knativebrokerttl\" not found"}
{"level":"info","ts":"2019-12-03T21:04:28.536Z","logger":"broker_ingress","caller":"ingress/ingress_handler.go:120","msg":"Error retrieving TTL, defaulting.","commit":"7655d9c","error":"\"knativebrokerttl\" not found"}
{"level":"info","ts":"2019-12-03T21:04:28.536Z","logger":"broker_ingress","caller":"ingress/ingress_handler.go:120","msg":"Error retrieving TTL, defaulting.","commit":"7655d9c","error":"\"knativebrokerttl\" not found"}
{"level":"info","ts":"2019-12-03T21:04:28.539Z","logger":"broker_ingress","caller":"ingress/ingress_handler.go:120","msg":"Error retrieving TTL, defaulting.","commit":"7655d9c","error":"\"knativebrokerttl\" not found"}
{"level":"info","ts":"2019-12-03T21:04:28.539Z","logger":"broker_ingress","caller":"ingress/ingress_handler.go:120","msg":"Error retrieving TTL, defaulting.","commit":"7655d9c","error":"\"knativebrokerttl\" not found"}
{"level":"info","ts":"2019-12-03T21:04:28.539Z","logger":"broker_ingress","caller":"ingress/ingress_handler.go:120","msg":"Error retrieving TTL, defaulting.","commit":"7655d9c","error":"\"knativebrokerttl\" not found"}
{"level":"info","ts":"2019-12-03T21:04:28.539Z","logger":"broker_ingress","caller":"ingress/ingress_handler.go:120","msg":"Error retrieving TTL, defaulting.","commit":"7655d9c","error":"\"knativebrokerttl\" not found"}
{"level":"info","ts":"2019-12-03T21:04:28.540Z","logger":"broker_ingress","caller":"ingress/ingress_handler.go:120","msg":"Error retrieving TTL, defaulting.","commit":"7655d9c","error":"\"knativebrokerttl\" not found"}
{"level":"info","ts":"2019-12-03T21:04:28.541Z","logger":"broker_ingress","caller":"ingress/ingress_handler.go:120","msg":"Error retrieving TTL, defaulting.","commit":"7655d9c","error":"\"knativebrokerttl\" not found"}
{"level":"info","ts":"2019-12-03T21:04:28.541Z","logger":"broker_ingress","caller":"ingress/ingress_handler.go:120","msg":"Error retrieving TTL, defaulting.","commit":"7655d9c","error":"\"knativebrokerttl\" not found"}
{"level":"info","ts":"2019-12-03T21:04:28.541Z","logger":"broker_ingress","caller":"ingress/ingress_handler.go:120","msg":"Error retrieving TTL, defaulting.","commit":"7655d9c","error":"\"knativebrokerttl\" not found"}
{"level":"info","ts":"2019-12-03T21:04:28.541Z","logger":"broker_ingress","caller":"ingress/ingress_handler.go:120","msg":"Error retrieving TTL, defaulting.","commit":"7655d9c","error":"\"knativebrokerttl\" not found"}
{"level":"info","ts":"2019-12-03T21:04:28.541Z","logger":"broker_ingress","caller":"ingress/ingress_handler.go:120","msg":"Error retrieving TTL, defaulting.","commit":"7655d9c","error":"\"knativebrokerttl\" not found"}
{"level":"info","ts":"2019-12-03T21:04:28.542Z","logger":"broker_ingress","caller":"ingress/ingress_handler.go:120","msg":"Error retrieving TTL, defaulting.","commit":"7655d9c","error":"\"knativebrokerttl\" not found"}
{"level":"info","ts":"2019-12-03T21:04:28.542Z","logger":"broker_ingress","caller":"ingress/ingress_handler.go:120","msg":"Error retrieving TTL, defaulting.","commit":"7655d9c","error":"\"knativebrokerttl\" not found"}
{"level":"info","ts":"2019-12-03T21:04:28.542Z","logger":"broker_ingress","caller":"ingress/ingress_handler.go:120","msg":"Error retrieving TTL, defaulting.","commit":"7655d9c","error":"\"knativebrokerttl\" not found"}
{"level":"info","ts":"2019-12-03T21:04:28.542Z","logger":"broker_ingress","caller":"ingress/ingress_handler.go:120","msg":"Error retrieving TTL, defaulting.","commit":"7655d9c","error":"\"knativebrokerttl\" not found"}
{"level":"info","ts":"2019-12-03T21:04:28.542Z","logger":"broker_ingress","caller":"ingress/ingress_handler.go:120","msg":"Error retrieving TTL, defaulting.","commit":"7655d9c","error":"\"knativebrokerttl\" not found"}
{"level":"info","ts":"2019-12-03T21:04:28.542Z","logger":"broker_ingress","caller":"ingress/ingress_handler.go:120","msg":"Error retrieving TTL, defaulting.","commit":"7655d9c","error":"\"knativebrokerttl\" not found"}
{"level":"info","ts":"2019-12-03T21:04:28.542Z","logger":"broker_ingress","caller":"ingress/ingress_handler.go:120","msg":"Error retrieving TTL, defaulting.","commit":"7655d9c","error":"\"knativebrokerttl\" not found"}
{"level":"info","ts":"2019-12-03T21:04:28.542Z","logger":"broker_ingress","caller":"ingress/ingress_handler.go:120","msg":"Error retrieving TTL, defaulting.","commit":"7655d9c","error":"\"knativebrokerttl\" not found"}
{"level":"info","ts":"2019-12-03T21:04:28.543Z","logger":"broker_ingress","caller":"ingress/ingress_handler.go:120","msg":"Error retrieving TTL, defaulting.","commit":"7655d9c","error":"\"knativebrokerttl\" not found"}
{"level":"info","ts":"2019-12-03T21:04:28.545Z","logger":"broker_ingress","caller":"ingress/ingress_handler.go:120","msg":"Error retrieving TTL, defaulting.","commit":"7655d9c","error":"\"knativebrokerttl\" not found"}
{"level":"info","ts":"2019-12-03T21:04:28.545Z","logger":"broker_ingress","caller":"ingress/ingress_handler.go:120","msg":"Error retrieving TTL, defaulting.","commit":"7655d9c","error":"\"knativebrokerttl\" not found"}
{"level":"info","ts":"2019-12-03T21:04:28.545Z","logger":"broker_ingress","caller":"ingress/ingress_handler.go:120","msg":"Error retrieving TTL, defaulting.","commit":"7655d9c","error":"\"knativebrokerttl\" not found"}
{"level":"info","ts":"2019-12-03T21:04:28.545Z","logger":"broker_ingress","caller":"ingress/ingress_handler.go:120","msg":"Error retrieving TTL, defaulting.","commit":"7655d9c","error":"\"knativebrokerttl\" not found"}
{"level":"info","ts":"2019-12-03T21:04:28.545Z","logger":"broker_ingress","caller":"ingress/ingress_handler.go:120","msg":"Error retrieving TTL, defaulting.","commit":"7655d9c","error":"\"knativebrokerttl\" not found"}
{"level":"info","ts":"2019-12-03T21:04:28.546Z","logger":"broker_ingress","caller":"ingress/ingress_handler.go:120","msg":"Error retrieving TTL, defaulting.","commit":"7655d9c","error":"\"knativebrokerttl\" not found"}
{"level":"info","ts":"2019-12-03T21:04:28.546Z","logger":"broker_ingress","caller":"ingress/ingress_handler.go:120","msg":"Error retrieving TTL, defaulting.","commit":"7655d9c","error":"\"knativebrokerttl\" not found"}
{"level":"info","ts":"2019-12-03T21:04:28.553Z","logger":"broker_ingress","caller":"ingress/ingress_handler.go:120","msg":"Error retrieving TTL, defaulting.","commit":"7655d9c","error":"\"knativebrokerttl\" not found"}
{"level":"info","ts":"2019-12-03T21:04:28.553Z","logger":"broker_ingress","caller":"ingress/ingress_handler.go:120","msg":"Error retrieving TTL, defaulting.","commit":"7655d9c","error":"\"knativebrokerttl\" not found"}
{"level":"info","ts":"2019-12-03T21:04:28.554Z","logger":"broker_ingress","caller":"ingress/ingress_handler.go:120","msg":"Error retrieving TTL, defaulting.","commit":"7655d9c","error":"\"knativebrokerttl\" not found"}
{"level":"info","ts":"2019-12-03T21:04:28.554Z","logger":"broker_ingress","caller":"ingress/ingress_handler.go:120","msg":"Error retrieving TTL, defaulting.","commit":"7655d9c","error":"\"knativebrokerttl\" not found"}
{"level":"info","ts":"2019-12-03T21:04:28.554Z","logger":"broker_ingress","caller":"ingress/ingress_handler.go:120","msg":"Error retrieving TTL, defaulting.","commit":"7655d9c","error":"\"knativebrokerttl\" not found"}
{"level":"info","ts":"2019-12-03T21:04:28.554Z","logger":"broker_ingress","caller":"ingress/ingress_handler.go:120","msg":"Error retrieving TTL, defaulting.","commit":"7655d9c","error":"\"knativebrokerttl\" not found"}
{"level":"info","ts":"2019-12-03T21:04:28.554Z","logger":"broker_ingress","caller":"ingress/ingress_handler.go:120","msg":"Error retrieving TTL, defaulting.","commit":"7655d9c","error":"\"knativebrokerttl\" not found"}
{"level":"info","ts":"2019-12-03T21:04:28.554Z","logger":"broker_ingress","caller":"ingress/ingress_handler.go:120","msg":"Error retrieving TTL, defaulting.","commit":"7655d9c","error":"\"knativebrokerttl\" not found"}
{"level":"info","ts":"2019-12-03T21:04:28.555Z","logger":"broker_ingress","caller":"ingress/ingress_handler.go:120","msg":"Error retrieving TTL, defaulting.","commit":"7655d9c","error":"\"knativebrokerttl\" not found"}
{"level":"info","ts":"2019-12-03T21:04:28.558Z","logger":"broker_ingress","caller":"ingress/ingress_handler.go:120","msg":"Error retrieving TTL, defaulting.","commit":"7655d9c","error":"\"knativebrokerttl\" not found"}
{"level":"info","ts":"2019-12-03T21:04:28.558Z","logger":"broker_ingress","caller":"ingress/ingress_handler.go:120","msg":"Error retrieving TTL, defaulting.","commit":"7655d9c","error":"\"knativebrokerttl\" not found"}
{"level":"info","ts":"2019-12-03T21:04:28.558Z","logger":"broker_ingress","caller":"ingress/ingress_handler.go:120","msg":"Error retrieving TTL, defaulting.","commit":"7655d9c","error":"\"knativebrokerttl\" not found"}
{"level":"info","ts":"2019-12-03T21:04:28.559Z","logger":"broker_ingress","caller":"ingress/ingress_handler.go:120","msg":"Error retrieving TTL, defaulting.","commit":"7655d9c","error":"\"knativebrokerttl\" not found"}
{"level":"info","ts":"2019-12-03T21:04:28.556Z","logger":"broker_ingress","caller":"ingress/ingress_handler.go:120","msg":"Error retrieving TTL, defaulting.","commit":"7655d9c","error":"\"knativebrokerttl\" not found"}
{"level":"info","ts":"2019-12-03T21:04:28.560Z","logger":"broker_ingress","caller":"ingress/ingress_handler.go:120","msg":"Error retrieving TTL, defaulting.","commit":"7655d9c","error":"\"knativebrokerttl\" not found"}
{"level":"info","ts":"2019-12-03T21:04:28.560Z","logger":"broker_ingress","caller":"ingress/ingress_handler.go:120","msg":"Error retrieving TTL, defaulting.","commit":"7655d9c","error":"\"knativebrokerttl\" not found"}
{"level":"info","ts":"2019-12-03T21:04:28.560Z","logger":"broker_ingress","caller":"ingress/ingress_handler.go:120","msg":"Error retrieving TTL, defaulting.","commit":"7655d9c","error":"\"knativebrokerttl\" not found"}
{"level":"info","ts":"2019-12-03T21:04:28.560Z","logger":"broker_ingress","caller":"ingress/ingress_handler.go:120","msg":"Error retrieving TTL, defaulting.","commit":"7655d9c","error":"\"knativebrokerttl\" not found"}
{"level":"info","ts":"2019-12-03T21:04:28.560Z","logger":"broker_ingress","caller":"ingress/ingress_handler.go:120","msg":"Error retrieving TTL, defaulting.","commit":"7655d9c","error":"\"knativebrokerttl\" not found"}
{"level":"info","ts":"2019-12-03T21:04:28.560Z","logger":"broker_ingress","caller":"ingress/ingress_handler.go:120","msg":"Error retrieving TTL, defaulting.","commit":"7655d9c","error":"\"knativebrokerttl\" not found"}
{"level":"info","ts":"2019-12-03T21:04:28.560Z","logger":"broker_ingress","caller":"ingress/ingress_handler.go:120","msg":"Error retrieving TTL, defaulting.","commit":"7655d9c","error":"\"knativebrokerttl\" not found"}
{"level":"info","ts":"2019-12-03T21:04:28.560Z","logger":"broker_ingress","caller":"ingress/ingress_handler.go:120","msg":"Error retrieving TTL, defaulting.","commit":"7655d9c","error":"\"knativebrokerttl\" not found"}
{"level":"info","ts":"2019-12-03T21:04:28.560Z","logger":"broker_ingress","caller":"ingress/ingress_handler.go:120","msg":"Error retrieving TTL, defaulting.","commit":"7655d9c","error":"\"knativebrokerttl\" not found"}
{"level":"info","ts":"2019-12-03T21:04:28.560Z","logger":"broker_ingress","caller":"ingress/ingress_handler.go:120","msg":"Error retrieving TTL, defaulting.","commit":"7655d9c","error":"\"knativebrokerttl\" not found"}
{"level":"info","ts":"2019-12-03T21:04:28.560Z","logger":"broker_ingress","caller":"ingress/ingress_handler.go:120","msg":"Error retrieving TTL, defaulting.","commit":"7655d9c","error":"\"knativebrokerttl\" not found"}
{"level":"info","ts":"2019-12-03T21:04:28.561Z","logger":"broker_ingress","caller":"ingress/ingress_handler.go:120","msg":"Error retrieving TTL, defaulting.","commit":"7655d9c","error":"\"knativebrokerttl\" not found"}
{"level":"info","ts":"2019-12-03T21:04:28.561Z","logger":"broker_ingress","caller":"ingress/ingress_handler.go:120","msg":"Error retrieving TTL, defaulting.","commit":"7655d9c","error":"\"knativebrokerttl\" not found"}
{"level":"info","ts":"2019-12-03T21:04:28.561Z","logger":"broker_ingress","caller":"ingress/ingress_handler.go:120","msg":"Error retrieving TTL, defaulting.","commit":"7655d9c","error":"\"knativebrokerttl\" not found"}
{"level":"info","ts":"2019-12-03T21:04:28.561Z","logger":"broker_ingress","caller":"ingress/ingress_handler.go:120","msg":"Error retrieving TTL, defaulting.","commit":"7655d9c","error":"\"knativebrokerttl\" not found"}
{"level":"info","ts":"2019-12-03T21:04:28.561Z","logger":"broker_ingress","caller":"ingress/ingress_handler.go:120","msg":"Error retrieving TTL, defaulting.","commit":"7655d9c","error":"\"knativebrokerttl\" not found"}
{"level":"info","ts":"2019-12-03T21:04:28.561Z","logger":"broker_ingress","caller":"ingress/ingress_handler.go:120","msg":"Error retrieving TTL, defaulting.","commit":"7655d9c","error":"\"knativebrokerttl\" not found"}
{"level":"info","ts":"2019-12-03T21:04:28.561Z","logger":"broker_ingress","caller":"ingress/ingress_handler.go:120","msg":"Error retrieving TTL, defaulting.","commit":"7655d9c","error":"\"knativebrokerttl\" not found"}
{"level":"info","ts":"2019-12-03T21:04:28.559Z","logger":"broker_ingress","caller":"ingress/ingress_handler.go:120","msg":"Error retrieving TTL, defaulting.","commit":"7655d9c","error":"\"knativebrokerttl\" not found"}
{"level":"info","ts":"2019-12-03T21:04:28.561Z","logger":"broker_ingress","caller":"ingress/ingress_handler.go:120","msg":"Error retrieving TTL, defaulting.","commit":"7655d9c","error":"\"knativebrokerttl\" not found"}
{"level":"info","ts":"2019-12-03T21:04:28.626Z","logger":"broker_ingress","caller":"ingress/ingress_handler.go:120","msg":"Error retrieving TTL, defaulting.","commit":"7655d9c","error":"\"knativebrokerttl\" not found"}
{"level":"info","ts":"2019-12-03T21:04:28.626Z","logger":"broker_ingress","caller":"ingress/ingress_handler.go:120","msg":"Error retrieving TTL, defaulting.","commit":"7655d9c","error":"\"knativebrokerttl\" not found"}
{"level":"info","ts":"2019-12-03T21:04:28.627Z","logger":"broker_ingress","caller":"ingress/ingress_handler.go:120","msg":"Error retrieving TTL, defaulting.","commit":"7655d9c","error":"\"knativebrokerttl\" not found"}
{"level":"info","ts":"2019-12-03T21:04:28.627Z","logger":"broker_ingress","caller":"ingress/ingress_handler.go:120","msg":"Error retrieving TTL, defaulting.","commit":"7655d9c","error":"\"knativebrokerttl\" not found"}
{"level":"info","ts":"2019-12-03T21:04:28.628Z","logger":"broker_ingress","caller":"ingress/ingress_handler.go:120","msg":"Error retrieving TTL, defaulting.","commit":"7655d9c","error":"\"knativebrokerttl\" not found"}
{"level":"info","ts":"2019-12-03T21:04:28.628Z","logger":"broker_ingress","caller":"ingress/ingress_handler.go:120","msg":"Error retrieving TTL, defaulting.","commit":"7655d9c","error":"\"knativebrokerttl\" not found"}
{"level":"info","ts":"2019-12-03T21:04:28.628Z","logger":"broker_ingress","caller":"ingress/ingress_handler.go:120","msg":"Error retrieving TTL, defaulting.","commit":"7655d9c","error":"\"knativebrokerttl\" not found"}
{"level":"info","ts":"2019-12-03T21:04:28.629Z","logger":"broker_ingress","caller":"ingress/ingress_handler.go:120","msg":"Error retrieving TTL, defaulting.","commit":"7655d9c","error":"\"knativebrokerttl\" not found"}
{"level":"info","ts":"2019-12-03T21:04:28.629Z","logger":"broker_ingress","caller":"ingress/ingress_handler.go:120","msg":"Error retrieving TTL, defaulting.","commit":"7655d9c","error":"\"knativebrokerttl\" not found"}
{"level":"info","ts":"2019-12-03T21:04:28.629Z","logger":"broker_ingress","caller":"ingress/ingress_handler.go:120","msg":"Error retrieving TTL, defaulting.","commit":"7655d9c","error":"\"knativebrokerttl\" not found"}
{"level":"info","ts":"2019-12-03T21:04:28.629Z","logger":"broker_ingress","caller":"ingress/ingress_handler.go:120","msg":"Error retrieving TTL, defaulting.","commit":"7655d9c","error":"\"knativebrokerttl\" not found"}
{"level":"info","ts":"2019-12-03T21:04:28.630Z","logger":"broker_ingress","caller":"ingress/ingress_handler.go:120","msg":"Error retrieving TTL, defaulting.","commit":"7655d9c","error":"\"knativebrokerttl\" not found"}
{"level":"info","ts":"2019-12-03T21:04:28.629Z","logger":"broker_ingress","caller":"ingress/ingress_handler.go:120","msg":"Error retrieving TTL, defaulting.","commit":"7655d9c","error":"\"knativebrokerttl\" not found"}
{"level":"info","ts":"2019-12-03T21:04:28.630Z","logger":"broker_ingress","caller":"ingress/ingress_handler.go:120","msg":"Error retrieving TTL, defaulting.","commit":"7655d9c","error":"\"knativebrokerttl\" not found"}
{"level":"info","ts":"2019-12-03T21:04:28.630Z","logger":"broker_ingress","caller":"ingress/ingress_handler.go:120","msg":"Error retrieving TTL, defaulting.","commit":"7655d9c","error":"\"knativebrokerttl\" not found"}
{"level":"info","ts":"2019-12-03T21:04:28.630Z","logger":"broker_ingress","caller":"ingress/ingress_handler.go:120","msg":"Error retrieving TTL, defaulting.","commit":"7655d9c","error":"\"knativebrokerttl\" not found"}
{"level":"info","ts":"2019-12-03T21:04:28.631Z","logger":"broker_ingress","caller":"ingress/ingress_handler.go:120","msg":"Error retrieving TTL, defaulting.","commit":"7655d9c","error":"\"knativebrokerttl\" not found"}
{"level":"info","ts":"2019-12-03T21:04:28.631Z","logger":"broker_ingress","caller":"ingress/ingress_handler.go:120","msg":"Error retrieving TTL, defaulting.","commit":"7655d9c","error":"\"knativebrokerttl\" not found"}
{"level":"info","ts":"2019-12-03T21:04:28.631Z","logger":"broker_ingress","caller":"ingress/ingress_handler.go:120","msg":"Error retrieving TTL, defaulting.","commit":"7655d9c","error":"\"knativebrokerttl\" not found"}
{"level":"info","ts":"2019-12-03T21:04:28.631Z","logger":"broker_ingress","caller":"ingress/ingress_handler.go:120","msg":"Error retrieving TTL, defaulting.","commit":"7655d9c","error":"\"knativebrokerttl\" not found"}
{"level":"info","ts":"2019-12-03T21:04:28.632Z","logger":"broker_ingress","caller":"ingress/ingress_handler.go:120","msg":"Error retrieving TTL, defaulting.","commit":"7655d9c","error":"\"knativebrokerttl\" not found"}
{"level":"info","ts":"2019-12-03T21:04:28.632Z","logger":"broker_ingress","caller":"ingress/ingress_handler.go:120","msg":"Error retrieving TTL, defaulting.","commit":"7655d9c","error":"\"knativebrokerttl\" not found"}
{"level":"info","ts":"2019-12-03T21:04:28.632Z","logger":"broker_ingress","caller":"ingress/ingress_handler.go:120","msg":"Error retrieving TTL, defaulting.","commit":"7655d9c","error":"\"knativebrokerttl\" not found"}
{"level":"info","ts":"2019-12-03T21:04:28.632Z","logger":"broker_ingress","caller":"ingress/ingress_handler.go:120","msg":"Error retrieving TTL, defaulting.","commit":"7655d9c","error":"\"knativebrokerttl\" not found"}
{"level":"info","ts":"2019-12-03T21:04:28.633Z","logger":"broker_ingress","caller":"ingress/ingress_handler.go:120","msg":"Error retrieving TTL, defaulting.","commit":"7655d9c","error":"\"knativebrokerttl\" not found"}
{"level":"info","ts":"2019-12-03T21:04:28.633Z","logger":"broker_ingress","caller":"ingress/ingress_handler.go:120","msg":"Error retrieving TTL, defaulting.","commit":"7655d9c","error":"\"knativebrokerttl\" not found"}
{"level":"info","ts":"2019-12-03T21:04:28.633Z","logger":"broker_ingress","caller":"ingress/ingress_handler.go:120","msg":"Error retrieving TTL, defaulting.","commit":"7655d9c","error":"\"knativebrokerttl\" not found"}
{"level":"info","ts":"2019-12-03T21:04:28.633Z","logger":"broker_ingress","caller":"ingress/ingress_handler.go:120","msg":"Error retrieving TTL, defaulting.","commit":"7655d9c","error":"\"knativebrokerttl\" not found"}
{"level":"info","ts":"2019-12-03T21:04:28.776Z","logger":"broker_ingress","caller":"ingress/ingress_handler.go:120","msg":"Error retrieving TTL, defaulting.","commit":"7655d9c","error":"\"knativebrokerttl\" not found"}
{"level":"info","ts":"2019-12-03T21:04:28.782Z","logger":"broker_ingress","caller":"ingress/ingress_handler.go:120","msg":"Error retrieving TTL, defaulting.","commit":"7655d9c","error":"\"knativebrokerttl\" not found"}
{"level":"info","ts":"2019-12-03T21:04:28.782Z","logger":"broker_ingress","caller":"ingress/ingress_handler.go:120","msg":"Error retrieving TTL, defaulting.","commit":"7655d9c","error":"\"knativebrokerttl\" not found"}
{"level":"info","ts":"2019-12-03T21:04:28.782Z","logger":"broker_ingress","caller":"ingress/ingress_handler.go:120","msg":"Error retrieving TTL, defaulting.","commit":"7655d9c","error":"\"knativebrokerttl\" not found"}
{"level":"info","ts":"2019-12-03T21:04:28.783Z","logger":"broker_ingress","caller":"ingress/ingress_handler.go:120","msg":"Error retrieving TTL, defaulting.","commit":"7655d9c","error":"\"knativebrokerttl\" not found"}
{"level":"info","ts":"2019-12-03T21:04:28.785Z","logger":"broker_ingress","caller":"ingress/ingress_handler.go:120","msg":"Error retrieving TTL, defaulting.","commit":"7655d9c","error":"\"knativebrokerttl\" not found"}
{"level":"info","ts":"2019-12-03T21:04:28.786Z","logger":"broker_ingress","caller":"ingress/ingress_handler.go:120","msg":"Error retrieving TTL, defaulting.","commit":"7655d9c","error":"\"knativebrokerttl\" not found"}
{"level":"info","ts":"2019-12-03T21:04:28.786Z","logger":"broker_ingress","caller":"ingress/ingress_handler.go:120","msg":"Error retrieving TTL, defaulting.","commit":"7655d9c","error":"\"knativebrokerttl\" not found"}
{"level":"info","ts":"2019-12-03T21:04:28.787Z","logger":"broker_ingress","caller":"ingress/ingress_handler.go:120","msg":"Error retrieving TTL, defaulting.","commit":"7655d9c","error":"\"knativebrokerttl\" not found"}
{"level":"info","ts":"2019-12-03T21:04:28.787Z","logger":"broker_ingress","caller":"ingress/ingress_handler.go:120","msg":"Error retrieving TTL, defaulting.","commit":"7655d9c","error":"\"knativebrokerttl\" not found"}
{"level":"info","ts":"2019-12-03T21:04:28.788Z","logger":"broker_ingress","caller":"ingress/ingress_handler.go:120","msg":"Error retrieving TTL, defaulting.","commit":"7655d9c","error":"\"knativebrokerttl\" not found"}
{"level":"info","ts":"2019-12-03T21:04:28.788Z","logger":"broker_ingress","caller":"ingress/ingress_handler.go:120","msg":"Error retrieving TTL, defaulting.","commit":"7655d9c","error":"\"knativebrokerttl\" not found"}
{"level":"info","ts":"2019-12-03T21:04:28.789Z","logger":"broker_ingress","caller":"ingress/ingress_handler.go:120","msg":"Error retrieving TTL, defaulting.","commit":"7655d9c","error":"\"knativebrokerttl\" not found"}
{"level":"info","ts":"2019-12-03T21:04:28.789Z","logger":"broker_ingress","caller":"ingress/ingress_handler.go:120","msg":"Error retrieving TTL, defaulting.","commit":"7655d9c","error":"\"knativebrokerttl\" not found"}
{"level":"info","ts":"2019-12-03T21:04:28.793Z","logger":"broker_ingress","caller":"ingress/ingress_handler.go:120","msg":"Error retrieving TTL, defaulting.","commit":"7655d9c","error":"\"knativebrokerttl\" not found"}
{"level":"info","ts":"2019-12-03T21:04:28.795Z","logger":"broker_ingress","caller":"ingress/ingress_handler.go:120","msg":"Error retrieving TTL, defaulting.","commit":"7655d9c","error":"\"knativebrokerttl\" not found"}
{"level":"info","ts":"2019-12-03T21:04:28.795Z","logger":"broker_ingress","caller":"ingress/ingress_handler.go:120","msg":"Error retrieving TTL, defaulting.","commit":"7655d9c","error":"\"knativebrokerttl\" not found"}
{"level":"info","ts":"2019-12-03T21:04:28.795Z","logger":"broker_ingress","caller":"ingress/ingress_handler.go:120","msg":"Error retrieving TTL, defaulting.","commit":"7655d9c","error":"\"knativebrokerttl\" not found"}
{"level":"info","ts":"2019-12-03T21:04:28.795Z","logger":"broker_ingress","caller":"ingress/ingress_handler.go:120","msg":"Error retrieving TTL, defaulting.","commit":"7655d9c","error":"\"knativebrokerttl\" not found"}
{"level":"info","ts":"2019-12-03T21:04:28.796Z","logger":"broker_ingress","caller":"ingress/ingress_handler.go:120","msg":"Error retrieving TTL, defaulting.","commit":"7655d9c","error":"\"knativebrokerttl\" not found"}
{"level":"info","ts":"2019-12-03T21:04:28.796Z","logger":"broker_ingress","caller":"ingress/ingress_handler.go:120","msg":"Error retrieving TTL, defaulting.","commit":"7655d9c","error":"\"knativebrokerttl\" not found"}
{"level":"info","ts":"2019-12-03T21:04:28.798Z","logger":"broker_ingress","caller":"ingress/ingress_handler.go:120","msg":"Error retrieving TTL, defaulting.","commit":"7655d9c","error":"\"knativebrokerttl\" not found"}
{"level":"info","ts":"2019-12-03T21:04:28.798Z","logger":"broker_ingress","caller":"ingress/ingress_handler.go:120","msg":"Error retrieving TTL, defaulting.","commit":"7655d9c","error":"\"knativebrokerttl\" not found"}
{"level":"info","ts":"2019-12-03T21:04:28.799Z","logger":"broker_ingress","caller":"ingress/ingress_handler.go:120","msg":"Error retrieving TTL, defaulting.","commit":"7655d9c","error":"\"knativebrokerttl\" not found"}
{"level":"info","ts":"2019-12-03T21:04:28.799Z","logger":"broker_ingress","caller":"ingress/ingress_handler.go:120","msg":"Error retrieving TTL, defaulting.","commit":"7655d9c","error":"\"knativebrokerttl\" not found"}
{"level":"info","ts":"2019-12-03T21:04:28.812Z","logger":"broker_ingress","caller":"ingress/ingress_handler.go:120","msg":"Error retrieving TTL, defaulting.","commit":"7655d9c","error":"\"knativebrokerttl\" not found"}
{"level":"info","ts":"2019-12-03T21:04:28.814Z","logger":"broker_ingress","caller":"ingress/ingress_handler.go:120","msg":"Error retrieving TTL, defaulting.","commit":"7655d9c","error":"\"knativebrokerttl\" not found"}
{"level":"info","ts":"2019-12-03T21:04:28.819Z","logger":"broker_ingress","caller":"ingress/ingress_handler.go:120","msg":"Error retrieving TTL, defaulting.","commit":"7655d9c","error":"\"knativebrokerttl\" not found"}
{"level":"info","ts":"2019-12-03T21:04:28.833Z","logger":"broker_ingress","caller":"ingress/ingress_handler.go:120","msg":"Error retrieving TTL, defaulting.","commit":"7655d9c","error":"\"knativebrokerttl\" not found"}
{"level":"info","ts":"2019-12-03T21:04:28.833Z","logger":"broker_ingress","caller":"ingress/ingress_handler.go:120","msg":"Error retrieving TTL, defaulting.","commit":"7655d9c","error":"\"knativebrokerttl\" not found"}
{"level":"info","ts":"2019-12-03T21:04:28.833Z","logger":"broker_ingress","caller":"ingress/ingress_handler.go:120","msg":"Error retrieving TTL, defaulting.","commit":"7655d9c","error":"\"knativebrokerttl\" not found"}
{"level":"info","ts":"2019-12-03T21:04:28.833Z","logger":"broker_ingress","caller":"ingress/ingress_handler.go:120","msg":"Error retrieving TTL, defaulting.","commit":"7655d9c","error":"\"knativebrokerttl\" not found"}
{"level":"info","ts":"2019-12-03T21:04:28.833Z","logger":"broker_ingress","caller":"ingress/ingress_handler.go:120","msg":"Error retrieving TTL, defaulting.","commit":"7655d9c","error":"\"knativebrokerttl\" not found"}
{"level":"info","ts":"2019-12-03T21:04:28.833Z","logger":"broker_ingress","caller":"ingress/ingress_handler.go:120","msg":"Error retrieving TTL, defaulting.","commit":"7655d9c","error":"\"knativebrokerttl\" not found"}
{"level":"info","ts":"2019-12-03T21:04:28.833Z","logger":"broker_ingress","caller":"ingress/ingress_handler.go:120","msg":"Error retrieving TTL, defaulting.","commit":"7655d9c","error":"\"knativebrokerttl\" not found"}
{"level":"info","ts":"2019-12-03T21:04:28.833Z","logger":"broker_ingress","caller":"ingress/ingress_handler.go:120","msg":"Error retrieving TTL, defaulting.","commit":"7655d9c","error":"\"knativebrokerttl\" not found"}
{"level":"info","ts":"2019-12-03T21:04:28.834Z","logger":"broker_ingress","caller":"ingress/ingress_handler.go:120","msg":"Error retrieving TTL, defaulting.","commit":"7655d9c","error":"\"knativebrokerttl\" not found"}
{"level":"info","ts":"2019-12-03T21:04:28.834Z","logger":"broker_ingress","caller":"ingress/ingress_handler.go:120","msg":"Error retrieving TTL, defaulting.","commit":"7655d9c","error":"\"knativebrokerttl\" not found"}
{"level":"info","ts":"2019-12-03T21:04:28.835Z","logger":"broker_ingress","caller":"ingress/ingress_handler.go:120","msg":"Error retrieving TTL, defaulting.","commit":"7655d9c","error":"\"knativebrokerttl\" not found"}
{"level":"info","ts":"2019-12-03T21:04:28.835Z","logger":"broker_ingress","caller":"ingress/ingress_handler.go:120","msg":"Error retrieving TTL, defaulting.","commit":"7655d9c","error":"\"knativebrokerttl\" not found"}
{"level":"info","ts":"2019-12-03T21:04:28.836Z","logger":"broker_ingress","caller":"ingress/ingress_handler.go:120","msg":"Error retrieving TTL, defaulting.","commit":"7655d9c","error":"\"knativebrokerttl\" not found"}
{"level":"info","ts":"2019-12-03T21:04:28.836Z","logger":"broker_ingress","caller":"ingress/ingress_handler.go:120","msg":"Error retrieving TTL, defaulting.","commit":"7655d9c","error":"\"knativebrokerttl\" not found"}
{"level":"info","ts":"2019-12-03T21:04:28.836Z","logger":"broker_ingress","caller":"ingress/ingress_handler.go:120","msg":"Error retrieving TTL, defaulting.","commit":"7655d9c","error":"\"knativebrokerttl\" not found"}
{"level":"info","ts":"2019-12-03T21:04:28.838Z","logger":"broker_ingress","caller":"ingress/ingress_handler.go:120","msg":"Error retrieving TTL, defaulting.","commit":"7655d9c","error":"\"knativebrokerttl\" not found"}
{"level":"info","ts":"2019-12-03T21:04:28.838Z","logger":"broker_ingress","caller":"ingress/ingress_handler.go:120","msg":"Error retrieving TTL, defaulting.","commit":"7655d9c","error":"\"knativebrokerttl\" not found"}
{"level":"info","ts":"2019-12-03T21:04:28.839Z","logger":"broker_ingress","caller":"ingress/ingress_handler.go:120","msg":"Error retrieving TTL, defaulting.","commit":"7655d9c","error":"\"knativebrokerttl\" not found"}
{"level":"info","ts":"2019-12-03T21:04:28.840Z","logger":"broker_ingress","caller":"ingress/ingress_handler.go:120","msg":"Error retrieving TTL, defaulting.","commit":"7655d9c","error":"\"knativebrokerttl\" not found"}
{"level":"info","ts":"2019-12-03T21:04:28.841Z","logger":"broker_ingress","caller":"ingress/ingress_handler.go:120","msg":"Error retrieving TTL, defaulting.","commit":"7655d9c","error":"\"knativebrokerttl\" not found"}
{"level":"info","ts":"2019-12-03T21:04:28.841Z","logger":"broker_ingress","caller":"ingress/ingress_handler.go:120","msg":"Error retrieving TTL, defaulting.","commit":"7655d9c","error":"\"knativebrokerttl\" not found"}
{"level":"info","ts":"2019-12-03T21:04:28.841Z","logger":"broker_ingress","caller":"ingress/ingress_handler.go:120","msg":"Error retrieving TTL, defaulting.","commit":"7655d9c","error":"\"knativebrokerttl\" not found"}
{"level":"info","ts":"2019-12-03T21:04:28.841Z","logger":"broker_ingress","caller":"ingress/ingress_handler.go:120","msg":"Error retrieving TTL, defaulting.","commit":"7655d9c","error":"\"knativebrokerttl\" not found"}
{"level":"info","ts":"2019-12-03T21:04:28.843Z","logger":"broker_ingress","caller":"ingress/ingress_handler.go:120","msg":"Error retrieving TTL, defaulting.","commit":"7655d9c","error":"\"knativebrokerttl\" not found"}
{"level":"info","ts":"2019-12-03T21:04:28.845Z","logger":"broker_ingress","caller":"ingress/ingress_handler.go:120","msg":"Error retrieving TTL, defaulting.","commit":"7655d9c","error":"\"knativebrokerttl\" not found"}
{"level":"info","ts":"2019-12-03T21:04:28.848Z","logger":"broker_ingress","caller":"ingress/ingress_handler.go:120","msg":"Error retrieving TTL, defaulting.","commit":"7655d9c","error":"\"knativebrokerttl\" not found"}
{"level":"info","ts":"2019-12-03T21:04:28.848Z","logger":"broker_ingress","caller":"ingress/ingress_handler.go:120","msg":"Error retrieving TTL, defaulting.","commit":"7655d9c","error":"\"knativebrokerttl\" not found"}
{"level":"info","ts":"2019-12-03T21:04:28.849Z","logger":"broker_ingress","caller":"ingress/ingress_handler.go:120","msg":"Error retrieving TTL, defaulting.","commit":"7655d9c","error":"\"knativebrokerttl\" not found"}
{"level":"info","ts":"2019-12-03T21:04:28.849Z","logger":"broker_ingress","caller":"ingress/ingress_handler.go:120","msg":"Error retrieving TTL, defaulting.","commit":"7655d9c","error":"\"knativebrokerttl\" not found"}
{"level":"info","ts":"2019-12-03T21:04:28.849Z","logger":"broker_ingress","caller":"ingress/ingress_handler.go:120","msg":"Error retrieving TTL, defaulting.","commit":"7655d9c","error":"\"knativebrokerttl\" not found"}
{"level":"info","ts":"2019-12-03T21:04:28.849Z","logger":"broker_ingress","caller":"ingress/ingress_handler.go:120","msg":"Error retrieving TTL, defaulting.","commit":"7655d9c","error":"\"knativebrokerttl\" not found"}
{"level":"info","ts":"2019-12-03T21:04:28.852Z","logger":"broker_ingress","caller":"ingress/ingress_handler.go:120","msg":"Error retrieving TTL, defaulting.","commit":"7655d9c","error":"\"knativebrokerttl\" not found"}
{"level":"info","ts":"2019-12-03T21:04:28.852Z","logger":"broker_ingress","caller":"ingress/ingress_handler.go:120","msg":"Error retrieving TTL, defaulting.","commit":"7655d9c","error":"\"knativebrokerttl\" not found"}
{"level":"info","ts":"2019-12-03T21:04:28.852Z","logger":"broker_ingress","caller":"ingress/ingress_handler.go:120","msg":"Error retrieving TTL, defaulting.","commit":"7655d9c","error":"\"knativebrokerttl\" not found"}
{"level":"info","ts":"2019-12-03T21:04:28.852Z","logger":"broker_ingress","caller":"ingress/ingress_handler.go:120","msg":"Error retrieving TTL, defaulting.","commit":"7655d9c","error":"\"knativebrokerttl\" not found"}
{"level":"info","ts":"2019-12-03T21:04:28.852Z","logger":"broker_ingress","caller":"ingress/ingress_handler.go:120","msg":"Error retrieving TTL, defaulting.","commit":"7655d9c","error":"\"knativebrokerttl\" not found"}
{"level":"info","ts":"2019-12-03T21:04:28.853Z","logger":"broker_ingress","caller":"ingress/ingress_handler.go:120","msg":"Error retrieving TTL, defaulting.","commit":"7655d9c","error":"\"knativebrokerttl\" not found"}
{"level":"info","ts":"2019-12-03T21:04:28.854Z","logger":"broker_ingress","caller":"ingress/ingress_handler.go:120","msg":"Error retrieving TTL, defaulting.","commit":"7655d9c","error":"\"knativebrokerttl\" not found"}
{"level":"info","ts":"2019-12-03T21:04:28.854Z","logger":"broker_ingress","caller":"ingress/ingress_handler.go:120","msg":"Error retrieving TTL, defaulting.","commit":"7655d9c","error":"\"knativebrokerttl\" not found"}
{"level":"info","ts":"2019-12-03T21:04:28.855Z","logger":"broker_ingress","caller":"ingress/ingress_handler.go:120","msg":"Error retrieving TTL, defaulting.","commit":"7655d9c","error":"\"knativebrokerttl\" not found"}
{"level":"info","ts":"2019-12-03T21:04:28.856Z","logger":"broker_ingress","caller":"ingress/ingress_handler.go:120","msg":"Error retrieving TTL, defaulting.","commit":"7655d9c","error":"\"knativebrokerttl\" not found"}
{"level":"info","ts":"2019-12-03T21:04:28.856Z","logger":"broker_ingress","caller":"ingress/ingress_handler.go:120","msg":"Error retrieving TTL, defaulting.","commit":"7655d9c","error":"\"knativebrokerttl\" not found"}
{"level":"info","ts":"2019-12-03T21:04:28.857Z","logger":"broker_ingress","caller":"ingress/ingress_handler.go:120","msg":"Error retrieving TTL, defaulting.","commit":"7655d9c","error":"\"knativebrokerttl\" not found"}
{"level":"info","ts":"2019-12-03T21:04:28.857Z","logger":"broker_ingress","caller":"ingress/ingress_handler.go:120","msg":"Error retrieving TTL, defaulting.","commit":"7655d9c","error":"\"knativebrokerttl\" not found"}
{"level":"info","ts":"2019-12-03T21:04:28.857Z","logger":"broker_ingress","caller":"ingress/ingress_handler.go:120","msg":"Error retrieving TTL, defaulting.","commit":"7655d9c","error":"\"knativebrokerttl\" not found"}
{"level":"info","ts":"2019-12-03T21:04:28.857Z","logger":"broker_ingress","caller":"ingress/ingress_handler.go:120","msg":"Error retrieving TTL, defaulting.","commit":"7655d9c","error":"\"knativebrokerttl\" not found"}
{"level":"info","ts":"2019-12-03T21:04:28.858Z","logger":"broker_ingress","caller":"ingress/ingress_handler.go:120","msg":"Error retrieving TTL, defaulting.","commit":"7655d9c","error":"\"knativebrokerttl\" not found"}
{"level":"info","ts":"2019-12-03T21:04:28.859Z","logger":"broker_ingress","caller":"ingress/ingress_handler.go:120","msg":"Error retrieving TTL, defaulting.","commit":"7655d9c","error":"\"knativebrokerttl\" not found"}
{"level":"info","ts":"2019-12-03T21:04:28.877Z","logger":"broker_ingress","caller":"ingress/ingress_handler.go:120","msg":"Error retrieving TTL, defaulting.","commit":"7655d9c","error":"\"knativebrokerttl\" not found"}
{"level":"info","ts":"2019-12-03T21:04:28.881Z","logger":"broker_ingress","caller":"ingress/ingress_handler.go:120","msg":"Error retrieving TTL, defaulting.","commit":"7655d9c","error":"\"knativebrokerttl\" not found"}
{"level":"info","ts":"2019-12-03T21:04:28.882Z","logger":"broker_ingress","caller":"ingress/ingress_handler.go:120","msg":"Error retrieving TTL, defaulting.","commit":"7655d9c","error":"\"knativebrokerttl\" not found"}
{"level":"info","ts":"2019-12-03T21:04:28.882Z","logger":"broker_ingress","caller":"ingress/ingress_handler.go:120","msg":"Error retrieving TTL, defaulting.","commit":"7655d9c","error":"\"knativebrokerttl\" not found"}
{"level":"info","ts":"2019-12-03T21:04:28.885Z","logger":"broker_ingress","caller":"ingress/ingress_handler.go:120","msg":"Error retrieving TTL, defaulting.","commit":"7655d9c","error":"\"knativebrokerttl\" not found"}
{"level":"info","ts":"2019-12-03T21:04:28.886Z","logger":"broker_ingress","caller":"ingress/ingress_handler.go:120","msg":"Error retrieving TTL, defaulting.","commit":"7655d9c","error":"\"knativebrokerttl\" not found"}
{"level":"info","ts":"2019-12-03T21:04:28.886Z","logger":"broker_ingress","caller":"ingress/ingress_handler.go:120","msg":"Error retrieving TTL, defaulting.","commit":"7655d9c","error":"\"knativebrokerttl\" not found"}
{"level":"info","ts":"2019-12-03T21:04:28.887Z","logger":"broker_ingress","caller":"ingress/ingress_handler.go:120","msg":"Error retrieving TTL, defaulting.","commit":"7655d9c","error":"\"knativebrokerttl\" not found"}
{"level":"info","ts":"2019-12-03T21:04:28.888Z","logger":"broker_ingress","caller":"ingress/ingress_handler.go:120","msg":"Error retrieving TTL, defaulting.","commit":"7655d9c","error":"\"knativebrokerttl\" not found"}
{"level":"info","ts":"2019-12-03T21:04:28.889Z","logger":"broker_ingress","caller":"ingress/ingress_handler.go:120","msg":"Error retrieving TTL, defaulting.","commit":"7655d9c","error":"\"knativebrokerttl\" not found"}
{"level":"info","ts":"2019-12-03T21:04:28.889Z","logger":"broker_ingress","caller":"ingress/ingress_handler.go:120","msg":"Error retrieving TTL, defaulting.","commit":"7655d9c","error":"\"knativebrokerttl\" not found"}
{"level":"info","ts":"2019-12-03T21:04:28.889Z","logger":"broker_ingress","caller":"ingress/ingress_handler.go:120","msg":"Error retrieving TTL, defaulting.","commit":"7655d9c","error":"\"knativebrokerttl\" not found"}
{"level":"info","ts":"2019-12-03T21:04:28.889Z","logger":"broker_ingress","caller":"ingress/ingress_handler.go:120","msg":"Error retrieving TTL, defaulting.","commit":"7655d9c","error":"\"knativebrokerttl\" not found"}
{"level":"info","ts":"2019-12-03T21:04:28.889Z","logger":"broker_ingress","caller":"ingress/ingress_handler.go:120","msg":"Error retrieving TTL, defaulting.","commit":"7655d9c","error":"\"knativebrokerttl\" not found"}
{"level":"info","ts":"2019-12-03T21:04:28.889Z","logger":"broker_ingress","caller":"ingress/ingress_handler.go:120","msg":"Error retrieving TTL, defaulting.","commit":"7655d9c","error":"\"knativebrokerttl\" not found"}
{"level":"info","ts":"2019-12-03T21:04:28.890Z","logger":"broker_ingress","caller":"ingress/ingress_handler.go:120","msg":"Error retrieving TTL, defaulting.","commit":"7655d9c","error":"\"knativebrokerttl\" not found"}
{"level":"info","ts":"2019-12-03T21:04:28.890Z","logger":"broker_ingress","caller":"ingress/ingress_handler.go:120","msg":"Error retrieving TTL, defaulting.","commit":"7655d9c","error":"\"knativebrokerttl\" not found"}
{"level":"info","ts":"2019-12-03T21:04:28.924Z","logger":"broker_ingress","caller":"ingress/ingress_handler.go:120","msg":"Error retrieving TTL, defaulting.","commit":"7655d9c","error":"\"knativebrokerttl\" not found"}
{"level":"info","ts":"2019-12-03T21:04:28.942Z","logger":"broker_ingress","caller":"ingress/ingress_handler.go:120","msg":"Error retrieving TTL, defaulting.","commit":"7655d9c","error":"\"knativebrokerttl\" not found"}
{"level":"info","ts":"2019-12-03T21:04:28.943Z","logger":"broker_ingress","caller":"ingress/ingress_handler.go:120","msg":"Error retrieving TTL, defaulting.","commit":"7655d9c","error":"\"knativebrokerttl\" not found"}
{"level":"info","ts":"2019-12-03T21:04:28.944Z","logger":"broker_ingress","caller":"ingress/ingress_handler.go:120","msg":"Error retrieving TTL, defaulting.","commit":"7655d9c","error":"\"knativebrokerttl\" not found"}
{"level":"info","ts":"2019-12-03T21:04:28.945Z","logger":"broker_ingress","caller":"ingress/ingress_handler.go:120","msg":"Error retrieving TTL, defaulting.","commit":"7655d9c","error":"\"knativebrokerttl\" not found"}
{"level":"info","ts":"2019-12-03T21:04:28.945Z","logger":"broker_ingress","caller":"ingress/ingress_handler.go:120","msg":"Error retrieving TTL, defaulting.","commit":"7655d9c","error":"\"knativebrokerttl\" not found"}
{"level":"info","ts":"2019-12-03T21:04:28.946Z","logger":"broker_ingress","caller":"ingress/ingress_handler.go:120","msg":"Error retrieving TTL, defaulting.","commit":"7655d9c","error":"\"knativebrokerttl\" not found"}
{"level":"info","ts":"2019-12-03T21:04:28.947Z","logger":"broker_ingress","caller":"ingress/ingress_handler.go:120","msg":"Error retrieving TTL, defaulting.","commit":"7655d9c","error":"\"knativebrokerttl\" not found"}
{"level":"info","ts":"2019-12-03T21:04:28.948Z","logger":"broker_ingress","caller":"ingress/ingress_handler.go:120","msg":"Error retrieving TTL, defaulting.","commit":"7655d9c","error":"\"knativebrokerttl\" not found"}
{"level":"info","ts":"2019-12-03T21:04:28.949Z","logger":"broker_ingress","caller":"ingress/ingress_handler.go:120","msg":"Error retrieving TTL, defaulting.","commit":"7655d9c","error":"\"knativebrokerttl\" not found"}
{"level":"info","ts":"2019-12-03T21:04:28.950Z","logger":"broker_ingress","caller":"ingress/ingress_handler.go:120","msg":"Error retrieving TTL, defaulting.","commit":"7655d9c","error":"\"knativebrokerttl\" not found"}
{"level":"info","ts":"2019-12-03T21:04:28.951Z","logger":"broker_ingress","caller":"ingress/ingress_handler.go:120","msg":"Error retrieving TTL, defaulting.","commit":"7655d9c","error":"\"knativebrokerttl\" not found"}
{"level":"info","ts":"2019-12-03T21:04:28.951Z","logger":"broker_ingress","caller":"ingress/ingress_handler.go:120","msg":"Error retrieving TTL, defaulting.","commit":"7655d9c","error":"\"knativebrokerttl\" not found"}
{"level":"info","ts":"2019-12-03T21:04:28.952Z","logger":"broker_ingress","caller":"ingress/ingress_handler.go:120","msg":"Error retrieving TTL, defaulting.","commit":"7655d9c","error":"\"knativebrokerttl\" not found"}
{"level":"info","ts":"2019-12-03T21:04:28.954Z","logger":"broker_ingress","caller":"ingress/ingress_handler.go:120","msg":"Error retrieving TTL, defaulting.","commit":"7655d9c","error":"\"knativebrokerttl\" not found"}
{"level":"info","ts":"2019-12-03T21:04:28.954Z","logger":"broker_ingress","caller":"ingress/ingress_handler.go:120","msg":"Error retrieving TTL, defaulting.","commit":"7655d9c","error":"\"knativebrokerttl\" not found"}
{"level":"info","ts":"2019-12-03T21:04:28.955Z","logger":"broker_ingress","caller":"ingress/ingress_handler.go:120","msg":"Error retrieving TTL, defaulting.","commit":"7655d9c","error":"\"knativebrokerttl\" not found"}
{"level":"info","ts":"2019-12-03T21:04:28.955Z","logger":"broker_ingress","caller":"ingress/ingress_handler.go:120","msg":"Error retrieving TTL, defaulting.","commit":"7655d9c","error":"\"knativebrokerttl\" not found"}
{"level":"info","ts":"2019-12-03T21:04:28.956Z","logger":"broker_ingress","caller":"ingress/ingress_handler.go:120","msg":"Error retrieving TTL, defaulting.","commit":"7655d9c","error":"\"knativebrokerttl\" not found"}
{"level":"info","ts":"2019-12-03T21:04:28.957Z","logger":"broker_ingress","caller":"ingress/ingress_handler.go:120","msg":"Error retrieving TTL, defaulting.","commit":"7655d9c","error":"\"knativebrokerttl\" not found"}
{"level":"info","ts":"2019-12-03T21:04:28.957Z","logger":"broker_ingress","caller":"ingress/ingress_handler.go:120","msg":"Error retrieving TTL, defaulting.","commit":"7655d9c","error":"\"knativebrokerttl\" not found"}
{"level":"info","ts":"2019-12-03T21:04:28.957Z","logger":"broker_ingress","caller":"ingress/ingress_handler.go:120","msg":"Error retrieving TTL, defaulting.","commit":"7655d9c","error":"\"knativebrokerttl\" not found"}
{"level":"info","ts":"2019-12-03T21:04:28.958Z","logger":"broker_ingress","caller":"ingress/ingress_handler.go:120","msg":"Error retrieving TTL, defaulting.","commit":"7655d9c","error":"\"knativebrokerttl\" not found"}
{"level":"info","ts":"2019-12-03T21:04:28.959Z","logger":"broker_ingress","caller":"ingress/ingress_handler.go:120","msg":"Error retrieving TTL, defaulting.","commit":"7655d9c","error":"\"knativebrokerttl\" not found"}
{"level":"info","ts":"2019-12-03T21:04:28.960Z","logger":"broker_ingress","caller":"ingress/ingress_handler.go:120","msg":"Error retrieving TTL, defaulting.","commit":"7655d9c","error":"\"knativebrokerttl\" not found"}
{"level":"info","ts":"2019-12-03T21:04:28.961Z","logger":"broker_ingress","caller":"ingress/ingress_handler.go:120","msg":"Error retrieving TTL, defaulting.","commit":"7655d9c","error":"\"knativebrokerttl\" not found"}
{"level":"info","ts":"2019-12-03T21:04:28.962Z","logger":"broker_ingress","caller":"ingress/ingress_handler.go:120","msg":"Error retrieving TTL, defaulting.","commit":"7655d9c","error":"\"knativebrokerttl\" not found"}
{"level":"info","ts":"2019-12-03T21:04:28.962Z","logger":"broker_ingress","caller":"ingress/ingress_handler.go:120","msg":"Error retrieving TTL, defaulting.","commit":"7655d9c","error":"\"knativebrokerttl\" not found"}
{"level":"info","ts":"2019-12-03T21:04:28.963Z","logger":"broker_ingress","caller":"ingress/ingress_handler.go:120","msg":"Error retrieving TTL, defaulting.","commit":"7655d9c","error":"\"knativebrokerttl\" not found"}
{"level":"info","ts":"2019-12-03T21:04:28.964Z","logger":"broker_ingress","caller":"ingress/ingress_handler.go:120","msg":"Error retrieving TTL, defaulting.","commit":"7655d9c","error":"\"knativebrokerttl\" not found"}
{"level":"info","ts":"2019-12-03T21:04:28.964Z","logger":"broker_ingress","caller":"ingress/ingress_handler.go:120","msg":"Error retrieving TTL, defaulting.","commit":"7655d9c","error":"\"knativebrokerttl\" not found"}
{"level":"info","ts":"2019-12-03T21:04:28.965Z","logger":"broker_ingress","caller":"ingress/ingress_handler.go:120","msg":"Error retrieving TTL, defaulting.","commit":"7655d9c","error":"\"knativebrokerttl\" not found"}
{"level":"info","ts":"2019-12-03T21:04:28.966Z","logger":"broker_ingress","caller":"ingress/ingress_handler.go:120","msg":"Error retrieving TTL, defaulting.","commit":"7655d9c","error":"\"knativebrokerttl\" not found"}
{"level":"info","ts":"2019-12-03T21:04:28.967Z","logger":"broker_ingress","caller":"ingress/ingress_handler.go:120","msg":"Error retrieving TTL, defaulting.","commit":"7655d9c","error":"\"knativebrokerttl\" not found"}
{"level":"info","ts":"2019-12-03T21:04:28.968Z","logger":"broker_ingress","caller":"ingress/ingress_handler.go:120","msg":"Error retrieving TTL, defaulting.","commit":"7655d9c","error":"\"knativebrokerttl\" not found"}
{"level":"info","ts":"2019-12-03T21:04:28.969Z","logger":"broker_ingress","caller":"ingress/ingress_handler.go:120","msg":"Error retrieving TTL, defaulting.","commit":"7655d9c","error":"\"knativebrokerttl\" not found"}
{"level":"info","ts":"2019-12-03T21:04:28.970Z","logger":"broker_ingress","caller":"ingress/ingress_handler.go:120","msg":"Error retrieving TTL, defaulting.","commit":"7655d9c","error":"\"knativebrokerttl\" not found"}
{"level":"info","ts":"2019-12-03T21:04:28.970Z","logger":"broker_ingress","caller":"ingress/ingress_handler.go:120","msg":"Error retrieving TTL, defaulting.","commit":"7655d9c","error":"\"knativebrokerttl\" not found"}
{"level":"info","ts":"2019-12-03T21:04:28.971Z","logger":"broker_ingress","caller":"ingress/ingress_handler.go:120","msg":"Error retrieving TTL, defaulting.","commit":"7655d9c","error":"\"knativebrokerttl\" not found"}
{"level":"info","ts":"2019-12-03T21:04:28.971Z","logger":"broker_ingress","caller":"ingress/ingress_handler.go:120","msg":"Error retrieving TTL, defaulting.","commit":"7655d9c","error":"\"knativebrokerttl\" not found"}
{"level":"info","ts":"2019-12-03T21:04:28.972Z","logger":"broker_ingress","caller":"ingress/ingress_handler.go:120","msg":"Error retrieving TTL, defaulting.","commit":"7655d9c","error":"\"knativebrokerttl\" not found"}
{"level":"info","ts":"2019-12-03T21:04:28.973Z","logger":"broker_ingress","caller":"ingress/ingress_handler.go:120","msg":"Error retrieving TTL, defaulting.","commit":"7655d9c","error":"\"knativebrokerttl\" not found"}
{"level":"info","ts":"2019-12-03T21:04:28.973Z","logger":"broker_ingress","caller":"ingress/ingress_handler.go:120","msg":"Error retrieving TTL, defaulting.","commit":"7655d9c","error":"\"knativebrokerttl\" not found"}
{"level":"info","ts":"2019-12-03T21:04:28.973Z","logger":"broker_ingress","caller":"ingress/ingress_handler.go:120","msg":"Error retrieving TTL, defaulting.","commit":"7655d9c","error":"\"knativebrokerttl\" not found"}
{"level":"info","ts":"2019-12-03T21:04:28.974Z","logger":"broker_ingress","caller":"ingress/ingress_handler.go:120","msg":"Error retrieving TTL, defaulting.","commit":"7655d9c","error":"\"knativebrokerttl\" not found"}
{"level":"info","ts":"2019-12-03T21:04:28.975Z","logger":"broker_ingress","caller":"ingress/ingress_handler.go:120","msg":"Error retrieving TTL, defaulting.","commit":"7655d9c","error":"\"knativebrokerttl\" not found"}
{"level":"info","ts":"2019-12-03T21:04:28.976Z","logger":"broker_ingress","caller":"ingress/ingress_handler.go:120","msg":"Error retrieving TTL, defaulting.","commit":"7655d9c","error":"\"knativebrokerttl\" not found"}
{"level":"info","ts":"2019-12-03T21:04:28.976Z","logger":"broker_ingress","caller":"ingress/ingress_handler.go:120","msg":"Error retrieving TTL, defaulting.","commit":"7655d9c","error":"\"knativebrokerttl\" not found"}
{"level":"info","ts":"2019-12-03T21:04:28.977Z","logger":"broker_ingress","caller":"ingress/ingress_handler.go:120","msg":"Error retrieving TTL, defaulting.","commit":"7655d9c","error":"\"knativebrokerttl\" not found"}
{"level":"info","ts":"2019-12-03T21:04:28.978Z","logger":"broker_ingress","caller":"ingress/ingress_handler.go:120","msg":"Error retrieving TTL, defaulting.","commit":"7655d9c","error":"\"knativebrokerttl\" not found"}
{"level":"info","ts":"2019-12-03T21:04:28.978Z","logger":"broker_ingress","caller":"ingress/ingress_handler.go:120","msg":"Error retrieving TTL, defaulting.","commit":"7655d9c","error":"\"knativebrokerttl\" not found"}
{"level":"info","ts":"2019-12-03T21:04:28.979Z","logger":"broker_ingress","caller":"ingress/ingress_handler.go:120","msg":"Error retrieving TTL, defaulting.","commit":"7655d9c","error":"\"knativebrokerttl\" not found"}
{"level":"info","ts":"2019-12-03T21:04:28.980Z","logger":"broker_ingress","caller":"ingress/ingress_handler.go:120","msg":"Error retrieving TTL, defaulting.","commit":"7655d9c","error":"\"knativebrokerttl\" not found"}
{"level":"info","ts":"2019-12-03T21:04:28.981Z","logger":"broker_ingress","caller":"ingress/ingress_handler.go:120","msg":"Error retrieving TTL, defaulting.","commit":"7655d9c","error":"\"knativebrokerttl\" not found"}
{"level":"info","ts":"2019-12-03T21:04:28.981Z","logger":"broker_ingress","caller":"ingress/ingress_handler.go:120","msg":"Error retrieving TTL, defaulting.","commit":"7655d9c","error":"\"knativebrokerttl\" not found"}
{"level":"info","ts":"2019-12-03T21:04:28.982Z","logger":"broker_ingress","caller":"ingress/ingress_handler.go:120","msg":"Error retrieving TTL, defaulting.","commit":"7655d9c","error":"\"knativebrokerttl\" not found"}
{"level":"info","ts":"2019-12-03T21:04:28.984Z","logger":"broker_ingress","caller":"ingress/ingress_handler.go:120","msg":"Error retrieving TTL, defaulting.","commit":"7655d9c","error":"\"knativebrokerttl\" not found"}
{"level":"info","ts":"2019-12-03T21:04:28.984Z","logger":"broker_ingress","caller":"ingress/ingress_handler.go:120","msg":"Error retrieving TTL, defaulting.","commit":"7655d9c","error":"\"knativebrokerttl\" not found"}
{"level":"info","ts":"2019-12-03T21:04:28.985Z","logger":"broker_ingress","caller":"ingress/ingress_handler.go:120","msg":"Error retrieving TTL, defaulting.","commit":"7655d9c","error":"\"knativebrokerttl\" not found"}
{"level":"info","ts":"2019-12-03T21:04:28.986Z","logger":"broker_ingress","caller":"ingress/ingress_handler.go:120","msg":"Error retrieving TTL, defaulting.","commit":"7655d9c","error":"\"knativebrokerttl\" not found"}
{"level":"info","ts":"2019-12-03T21:04:28.986Z","logger":"broker_ingress","caller":"ingress/ingress_handler.go:120","msg":"Error retrieving TTL, defaulting.","commit":"7655d9c","error":"\"knativebrokerttl\" not found"}
{"level":"info","ts":"2019-12-03T21:04:28.987Z","logger":"broker_ingress","caller":"ingress/ingress_handler.go:120","msg":"Error retrieving TTL, defaulting.","commit":"7655d9c","error":"\"knativebrokerttl\" not found"}
{"level":"info","ts":"2019-12-03T21:04:28.988Z","logger":"broker_ingress","caller":"ingress/ingress_handler.go:120","msg":"Error retrieving TTL, defaulting.","commit":"7655d9c","error":"\"knativebrokerttl\" not found"}
{"level":"info","ts":"2019-12-03T21:04:28.988Z","logger":"broker_ingress","caller":"ingress/ingress_handler.go:120","msg":"Error retrieving TTL, defaulting.","commit":"7655d9c","error":"\"knativebrokerttl\" not found"}
{"level":"info","ts":"2019-12-03T21:04:28.989Z","logger":"broker_ingress","caller":"ingress/ingress_handler.go:120","msg":"Error retrieving TTL, defaulting.","commit":"7655d9c","error":"\"knativebrokerttl\" not found"}
{"level":"info","ts":"2019-12-03T21:04:28.990Z","logger":"broker_ingress","caller":"ingress/ingress_handler.go:120","msg":"Error retrieving TTL, defaulting.","commit":"7655d9c","error":"\"knativebrokerttl\" not found"}
{"level":"info","ts":"2019-12-03T21:04:28.990Z","logger":"broker_ingress","caller":"ingress/ingress_handler.go:120","msg":"Error retrieving TTL, defaulting.","commit":"7655d9c","error":"\"knativebrokerttl\" not found"}
{"level":"info","ts":"2019-12-03T21:04:28.991Z","logger":"broker_ingress","caller":"ingress/ingress_handler.go:120","msg":"Error retrieving TTL, defaulting.","commit":"7655d9c","error":"\"knativebrokerttl\" not found"}
{"level":"info","ts":"2019-12-03T21:04:28.992Z","logger":"broker_ingress","caller":"ingress/ingress_handler.go:120","msg":"Error retrieving TTL, defaulting.","commit":"7655d9c","error":"\"knativebrokerttl\" not found"}
{"level":"info","ts":"2019-12-03T21:04:28.993Z","logger":"broker_ingress","caller":"ingress/ingress_handler.go:120","msg":"Error retrieving TTL, defaulting.","commit":"7655d9c","error":"\"knativebrokerttl\" not found"}
{"level":"info","ts":"2019-12-03T21:04:28.993Z","logger":"broker_ingress","caller":"ingress/ingress_handler.go:120","msg":"Error retrieving TTL, defaulting.","commit":"7655d9c","error":"\"knativebrokerttl\" not found"}
{"level":"info","ts":"2019-12-03T21:04:28.995Z","logger":"broker_ingress","caller":"ingress/ingress_handler.go:120","msg":"Error retrieving TTL, defaulting.","commit":"7655d9c","error":"\"knativebrokerttl\" not found"}
{"level":"info","ts":"2019-12-03T21:04:28.996Z","logger":"broker_ingress","caller":"ingress/ingress_handler.go:120","msg":"Error retrieving TTL, defaulting.","commit":"7655d9c","error":"\"knativebrokerttl\" not found"}
{"level":"info","ts":"2019-12-03T21:04:28.997Z","logger":"broker_ingress","caller":"ingress/ingress_handler.go:120","msg":"Error retrieving TTL, defaulting.","commit":"7655d9c","error":"\"knativebrokerttl\" not found"}
{"level":"info","ts":"2019-12-03T21:04:28.997Z","logger":"broker_ingress","caller":"ingress/ingress_handler.go:120","msg":"Error retrieving TTL, defaulting.","commit":"7655d9c","error":"\"knativebrokerttl\" not found"}
{"level":"info","ts":"2019-12-03T21:04:28.998Z","logger":"broker_ingress","caller":"ingress/ingress_handler.go:120","msg":"Error retrieving TTL, defaulting.","commit":"7655d9c","error":"\"knativebrokerttl\" not found"}
{"level":"info","ts":"2019-12-03T21:04:28.999Z","logger":"broker_ingress","caller":"ingress/ingress_handler.go:120","msg":"Error retrieving TTL, defaulting.","commit":"7655d9c","error":"\"knativebrokerttl\" not found"}
{"level":"info","ts":"2019-12-03T21:04:29.000Z","logger":"broker_ingress","caller":"ingress/ingress_handler.go:120","msg":"Error retrieving TTL, defaulting.","commit":"7655d9c","error":"\"knativebrokerttl\" not found"}
{"level":"info","ts":"2019-12-03T21:04:29.001Z","logger":"broker_ingress","caller":"ingress/ingress_handler.go:120","msg":"Error retrieving TTL, defaulting.","commit":"7655d9c","error":"\"knativebrokerttl\" not found"}
{"level":"info","ts":"2019-12-03T21:04:29.002Z","logger":"broker_ingress","caller":"ingress/ingress_handler.go:120","msg":"Error retrieving TTL, defaulting.","commit":"7655d9c","error":"\"knativebrokerttl\" not found"}
{"level":"info","ts":"2019-12-03T21:04:29.002Z","logger":"broker_ingress","caller":"ingress/ingress_handler.go:120","msg":"Error retrieving TTL, defaulting.","commit":"7655d9c","error":"\"knativebrokerttl\" not found"}
{"level":"info","ts":"2019-12-03T21:04:29.004Z","logger":"broker_ingress","caller":"ingress/ingress_handler.go:120","msg":"Error retrieving TTL, defaulting.","commit":"7655d9c","error":"\"knativebrokerttl\" not found"}
{"level":"info","ts":"2019-12-03T21:04:29.004Z","logger":"broker_ingress","caller":"ingress/ingress_handler.go:120","msg":"Error retrieving TTL, defaulting.","commit":"7655d9c","error":"\"knativebrokerttl\" not found"}
{"level":"info","ts":"2019-12-03T21:04:29.005Z","logger":"broker_ingress","caller":"ingress/ingress_handler.go:120","msg":"Error retrieving TTL, defaulting.","commit":"7655d9c","error":"\"knativebrokerttl\" not found"}
{"level":"info","ts":"2019-12-03T21:04:29.010Z","logger":"broker_ingress","caller":"ingress/ingress_handler.go:120","msg":"Error retrieving TTL, defaulting.","commit":"7655d9c","error":"\"knativebrokerttl\" not found"}
{"level":"info","ts":"2019-12-03T21:04:29.012Z","logger":"broker_ingress","caller":"ingress/ingress_handler.go:120","msg":"Error retrieving TTL, defaulting.","commit":"7655d9c","error":"\"knativebrokerttl\" not found"}
{"level":"info","ts":"2019-12-03T21:04:29.015Z","logger":"broker_ingress","caller":"ingress/ingress_handler.go:120","msg":"Error retrieving TTL, defaulting.","commit":"7655d9c","error":"\"knativebrokerttl\" not found"}
{"level":"info","ts":"2019-12-03T21:04:29.016Z","logger":"broker_ingress","caller":"ingress/ingress_handler.go:120","msg":"Error retrieving TTL, defaulting.","commit":"7655d9c","error":"\"knativebrokerttl\" not found"}
{"level":"info","ts":"2019-12-03T21:04:29.016Z","logger":"broker_ingress","caller":"ingress/ingress_handler.go:120","msg":"Error retrieving TTL, defaulting.","commit":"7655d9c","error":"\"knativebrokerttl\" not found"}
{"level":"info","ts":"2019-12-03T21:04:29.016Z","logger":"broker_ingress","caller":"ingress/ingress_handler.go:120","msg":"Error retrieving TTL, defaulting.","commit":"7655d9c","error":"\"knativebrokerttl\" not found"}
{"level":"info","ts":"2019-12-03T21:04:29.017Z","logger":"broker_ingress","caller":"ingress/ingress_handler.go:120","msg":"Error retrieving TTL, defaulting.","commit":"7655d9c","error":"\"knativebrokerttl\" not found"}
{"level":"info","ts":"2019-12-03T21:04:29.019Z","logger":"broker_ingress","caller":"ingress/ingress_handler.go:120","msg":"Error retrieving TTL, defaulting.","commit":"7655d9c","error":"\"knativebrokerttl\" not found"}
{"level":"info","ts":"2019-12-03T21:04:29.019Z","logger":"broker_ingress","caller":"ingress/ingress_handler.go:120","msg":"Error retrieving TTL, defaulting.","commit":"7655d9c","error":"\"knativebrokerttl\" not found"}
{"level":"info","ts":"2019-12-03T21:04:29.020Z","logger":"broker_ingress","caller":"ingress/ingress_handler.go:120","msg":"Error retrieving TTL, defaulting.","commit":"7655d9c","error":"\"knativebrokerttl\" not found"}
{"level":"info","ts":"2019-12-03T21:04:29.020Z","logger":"broker_ingress","caller":"ingress/ingress_handler.go:120","msg":"Error retrieving TTL, defaulting.","commit":"7655d9c","error":"\"knativebrokerttl\" not found"}
{"level":"info","ts":"2019-12-03T21:04:29.020Z","logger":"broker_ingress","caller":"ingress/ingress_handler.go:120","msg":"Error retrieving TTL, defaulting.","commit":"7655d9c","error":"\"knativebrokerttl\" not found"}
{"level":"info","ts":"2019-12-03T21:04:29.021Z","logger":"broker_ingress","caller":"ingress/ingress_handler.go:120","msg":"Error retrieving TTL, defaulting.","commit":"7655d9c","error":"\"knativebrokerttl\" not found"}
{"level":"info","ts":"2019-12-03T21:04:29.021Z","logger":"broker_ingress","caller":"ingress/ingress_handler.go:120","msg":"Error retrieving TTL, defaulting.","commit":"7655d9c","error":"\"knativebrokerttl\" not found"}
{"level":"info","ts":"2019-12-03T21:04:29.022Z","logger":"broker_ingress","caller":"ingress/ingress_handler.go:120","msg":"Error retrieving TTL, defaulting.","commit":"7655d9c","error":"\"knativebrokerttl\" not found"}
{"level":"info","ts":"2019-12-03T21:04:29.022Z","logger":"broker_ingress","caller":"ingress/ingress_handler.go:120","msg":"Error retrieving TTL, defaulting.","commit":"7655d9c","error":"\"knativebrokerttl\" not found"}
{"level":"info","ts":"2019-12-03T21:04:29.024Z","logger":"broker_ingress","caller":"ingress/ingress_handler.go:120","msg":"Error retrieving TTL, defaulting.","commit":"7655d9c","error":"\"knativebrokerttl\" not found"}
{"level":"info","ts":"2019-12-03T21:04:29.030Z","logger":"broker_ingress","caller":"ingress/ingress_handler.go:120","msg":"Error retrieving TTL, defaulting.","commit":"7655d9c","error":"\"knativebrokerttl\" not found"}
{"level":"info","ts":"2019-12-03T21:04:29.031Z","logger":"broker_ingress","caller":"ingress/ingress_handler.go:120","msg":"Error retrieving TTL, defaulting.","commit":"7655d9c","error":"\"knativebrokerttl\" not found"}
{"level":"info","ts":"2019-12-03T21:04:29.031Z","logger":"broker_ingress","caller":"ingress/ingress_handler.go:120","msg":"Error retrieving TTL, defaulting.","commit":"7655d9c","error":"\"knativebrokerttl\" not found"}
{"level":"info","ts":"2019-12-03T21:04:29.031Z","logger":"broker_ingress","caller":"ingress/ingress_handler.go:120","msg":"Error retrieving TTL, defaulting.","commit":"7655d9c","error":"\"knativebrokerttl\" not found"}
{"level":"info","ts":"2019-12-03T21:04:29.031Z","logger":"broker_ingress","caller":"ingress/ingress_handler.go:120","msg":"Error retrieving TTL, defaulting.","commit":"7655d9c","error":"\"knativebrokerttl\" not found"}
{"level":"info","ts":"2019-12-03T21:04:29.031Z","logger":"broker_ingress","caller":"ingress/ingress_handler.go:120","msg":"Error retrieving TTL, defaulting.","commit":"7655d9c","error":"\"knativebrokerttl\" not found"}
{"level":"info","ts":"2019-12-03T21:04:29.032Z","logger":"broker_ingress","caller":"ingress/ingress_handler.go:120","msg":"Error retrieving TTL, defaulting.","commit":"7655d9c","error":"\"knativebrokerttl\" not found"}
{"level":"info","ts":"2019-12-03T21:04:29.032Z","logger":"broker_ingress","caller":"ingress/ingress_handler.go:120","msg":"Error retrieving TTL, defaulting.","commit":"7655d9c","error":"\"knativebrokerttl\" not found"}
{"level":"info","ts":"2019-12-03T21:04:29.032Z","logger":"broker_ingress","caller":"ingress/ingress_handler.go:120","msg":"Error retrieving TTL, defaulting.","commit":"7655d9c","error":"\"knativebrokerttl\" not found"}
{"level":"info","ts":"2019-12-03T21:04:29.032Z","logger":"broker_ingress","caller":"ingress/ingress_handler.go:120","msg":"Error retrieving TTL, defaulting.","commit":"7655d9c","error":"\"knativebrokerttl\" not found"}
{"level":"info","ts":"2019-12-03T21:04:29.034Z","logger":"broker_ingress","caller":"ingress/ingress_handler.go:120","msg":"Error retrieving TTL, defaulting.","commit":"7655d9c","error":"\"knativebrokerttl\" not found"}
{"level":"info","ts":"2019-12-03T21:04:29.035Z","logger":"broker_ingress","caller":"ingress/ingress_handler.go:120","msg":"Error retrieving TTL, defaulting.","commit":"7655d9c","error":"\"knativebrokerttl\" not found"}
{"level":"info","ts":"2019-12-03T21:04:29.035Z","logger":"broker_ingress","caller":"ingress/ingress_handler.go:120","msg":"Error retrieving TTL, defaulting.","commit":"7655d9c","error":"\"knativebrokerttl\" not found"}
{"level":"info","ts":"2019-12-03T21:04:29.035Z","logger":"broker_ingress","caller":"ingress/ingress_handler.go:120","msg":"Error retrieving TTL, defaulting.","commit":"7655d9c","error":"\"knativebrokerttl\" not found"}
{"level":"info","ts":"2019-12-03T21:04:29.035Z","logger":"broker_ingress","caller":"ingress/ingress_handler.go:120","msg":"Error retrieving TTL, defaulting.","commit":"7655d9c","error":"\"knativebrokerttl\" not found"}
{"level":"info","ts":"2019-12-03T21:04:29.036Z","logger":"broker_ingress","caller":"ingress/ingress_handler.go:120","msg":"Error retrieving TTL, defaulting.","commit":"7655d9c","error":"\"knativebrokerttl\" not found"}
{"level":"info","ts":"2019-12-03T21:04:29.036Z","logger":"broker_ingress","caller":"ingress/ingress_handler.go:120","msg":"Error retrieving TTL, defaulting.","commit":"7655d9c","error":"\"knativebrokerttl\" not found"}
{"level":"info","ts":"2019-12-03T21:04:29.036Z","logger":"broker_ingress","caller":"ingress/ingress_handler.go:120","msg":"Error retrieving TTL, defaulting.","commit":"7655d9c","error":"\"knativebrokerttl\" not found"}
{"level":"info","ts":"2019-12-03T21:04:29.036Z","logger":"broker_ingress","caller":"ingress/ingress_handler.go:120","msg":"Error retrieving TTL, defaulting.","commit":"7655d9c","error":"\"knativebrokerttl\" not found"}
{"level":"info","ts":"2019-12-03T21:04:29.036Z","logger":"broker_ingress","caller":"ingress/ingress_handler.go:120","msg":"Error retrieving TTL, defaulting.","commit":"7655d9c","error":"\"knativebrokerttl\" not found"}
{"level":"info","ts":"2019-12-03T21:04:29.040Z","logger":"broker_ingress","caller":"ingress/ingress_handler.go:120","msg":"Error retrieving TTL, defaulting.","commit":"7655d9c","error":"\"knativebrokerttl\" not found"}
{"level":"info","ts":"2019-12-03T21:04:29.041Z","logger":"broker_ingress","caller":"ingress/ingress_handler.go:120","msg":"Error retrieving TTL, defaulting.","commit":"7655d9c","error":"\"knativebrokerttl\" not found"}
{"level":"info","ts":"2019-12-03T21:04:29.041Z","logger":"broker_ingress","caller":"ingress/ingress_handler.go:120","msg":"Error retrieving TTL, defaulting.","commit":"7655d9c","error":"\"knativebrokerttl\" not found"}
{"level":"info","ts":"2019-12-03T21:04:29.041Z","logger":"broker_ingress","caller":"ingress/ingress_handler.go:120","msg":"Error retrieving TTL, defaulting.","commit":"7655d9c","error":"\"knativebrokerttl\" not found"}
{"level":"info","ts":"2019-12-03T21:04:29.041Z","logger":"broker_ingress","caller":"ingress/ingress_handler.go:120","msg":"Error retrieving TTL, defaulting.","commit":"7655d9c","error":"\"knativebrokerttl\" not found"}
{"level":"info","ts":"2019-12-03T21:04:29.041Z","logger":"broker_ingress","caller":"ingress/ingress_handler.go:120","msg":"Error retrieving TTL, defaulting.","commit":"7655d9c","error":"\"knativebrokerttl\" not found"}
{"level":"info","ts":"2019-12-03T21:04:29.041Z","logger":"broker_ingress","caller":"ingress/ingress_handler.go:120","msg":"Error retrieving TTL, defaulting.","commit":"7655d9c","error":"\"knativebrokerttl\" not found"}
{"level":"info","ts":"2019-12-03T21:04:29.041Z","logger":"broker_ingress","caller":"ingress/ingress_handler.go:120","msg":"Error retrieving TTL, defaulting.","commit":"7655d9c","error":"\"knativebrokerttl\" not found"}
{"level":"info","ts":"2019-12-03T21:04:29.042Z","logger":"broker_ingress","caller":"ingress/ingress_handler.go:120","msg":"Error retrieving TTL, defaulting.","commit":"7655d9c","error":"\"knativebrokerttl\" not found"}
{"level":"info","ts":"2019-12-03T21:04:29.042Z","logger":"broker_ingress","caller":"ingress/ingress_handler.go:120","msg":"Error retrieving TTL, defaulting.","commit":"7655d9c","error":"\"knativebrokerttl\" not found"}
{"level":"info","ts":"2019-12-03T21:04:29.042Z","logger":"broker_ingress","caller":"ingress/ingress_handler.go:120","msg":"Error retrieving TTL, defaulting.","commit":"7655d9c","error":"\"knativebrokerttl\" not found"}
{"level":"info","ts":"2019-12-03T21:04:29.042Z","logger":"broker_ingress","caller":"ingress/ingress_handler.go:120","msg":"Error retrieving TTL, defaulting.","commit":"7655d9c","error":"\"knativebrokerttl\" not found"}
{"level":"info","ts":"2019-12-03T21:04:29.043Z","logger":"broker_ingress","caller":"ingress/ingress_handler.go:120","msg":"Error retrieving TTL, defaulting.","commit":"7655d9c","error":"\"knativebrokerttl\" not found"}
{"level":"info","ts":"2019-12-03T21:04:29.044Z","logger":"broker_ingress","caller":"ingress/ingress_handler.go:120","msg":"Error retrieving TTL, defaulting.","commit":"7655d9c","error":"\"knativebrokerttl\" not found"}
{"level":"info","ts":"2019-12-03T21:04:29.045Z","logger":"broker_ingress","caller":"ingress/ingress_handler.go:120","msg":"Error retrieving TTL, defaulting.","commit":"7655d9c","error":"\"knativebrokerttl\" not found"}
{"level":"info","ts":"2019-12-03T21:04:29.047Z","logger":"broker_ingress","caller":"ingress/ingress_handler.go:120","msg":"Error retrieving TTL, defaulting.","commit":"7655d9c","error":"\"knativebrokerttl\" not found"}
{"level":"info","ts":"2019-12-03T21:04:29.054Z","logger":"broker_ingress","caller":"ingress/ingress_handler.go:120","msg":"Error retrieving TTL, defaulting.","commit":"7655d9c","error":"\"knativebrokerttl\" not found"}
{"level":"info","ts":"2019-12-03T21:04:29.055Z","logger":"broker_ingress","caller":"ingress/ingress_handler.go:120","msg":"Error retrieving TTL, defaulting.","commit":"7655d9c","error":"\"knativebrokerttl\" not found"}
{"level":"info","ts":"2019-12-03T21:04:29.056Z","logger":"broker_ingress","caller":"ingress/ingress_handler.go:120","msg":"Error retrieving TTL, defaulting.","commit":"7655d9c","error":"\"knativebrokerttl\" not found"}
{"level":"info","ts":"2019-12-03T21:04:29.056Z","logger":"broker_ingress","caller":"ingress/ingress_handler.go:120","msg":"Error retrieving TTL, defaulting.","commit":"7655d9c","error":"\"knativebrokerttl\" not found"}
{"level":"info","ts":"2019-12-03T21:04:29.057Z","logger":"broker_ingress","caller":"ingress/ingress_handler.go:120","msg":"Error retrieving TTL, defaulting.","commit":"7655d9c","error":"\"knativebrokerttl\" not found"}
{"level":"info","ts":"2019-12-03T21:04:29.057Z","logger":"broker_ingress","caller":"ingress/ingress_handler.go:120","msg":"Error retrieving TTL, defaulting.","commit":"7655d9c","error":"\"knativebrokerttl\" not found"}
{"level":"info","ts":"2019-12-03T21:04:29.057Z","logger":"broker_ingress","caller":"ingress/ingress_handler.go:120","msg":"Error retrieving TTL, defaulting.","commit":"7655d9c","error":"\"knativebrokerttl\" not found"}
{"level":"info","ts":"2019-12-03T21:04:29.058Z","logger":"broker_ingress","caller":"ingress/ingress_handler.go:120","msg":"Error retrieving TTL, defaulting.","commit":"7655d9c","error":"\"knativebrokerttl\" not found"}
{"level":"info","ts":"2019-12-03T21:04:29.058Z","logger":"broker_ingress","caller":"ingress/ingress_handler.go:120","msg":"Error retrieving TTL, defaulting.","commit":"7655d9c","error":"\"knativebrokerttl\" not found"}
{"level":"info","ts":"2019-12-03T21:04:29.072Z","logger":"broker_ingress","caller":"ingress/ingress_handler.go:120","msg":"Error retrieving TTL, defaulting.","commit":"7655d9c","error":"\"knativebrokerttl\" not found"}
{"level":"info","ts":"2019-12-03T21:04:29.072Z","logger":"broker_ingress","caller":"ingress/ingress_handler.go:120","msg":"Error retrieving TTL, defaulting.","commit":"7655d9c","error":"\"knativebrokerttl\" not found"}
{"level":"info","ts":"2019-12-03T21:04:29.073Z","logger":"broker_ingress","caller":"ingress/ingress_handler.go:120","msg":"Error retrieving TTL, defaulting.","commit":"7655d9c","error":"\"knativebrokerttl\" not found"}
{"level":"info","ts":"2019-12-03T21:04:29.073Z","logger":"broker_ingress","caller":"ingress/ingress_handler.go:120","msg":"Error retrieving TTL, defaulting.","commit":"7655d9c","error":"\"knativebrokerttl\" not found"}
{"level":"info","ts":"2019-12-03T21:04:29.073Z","logger":"broker_ingress","caller":"ingress/ingress_handler.go:120","msg":"Error retrieving TTL, defaulting.","commit":"7655d9c","error":"\"knativebrokerttl\" not found"}
{"level":"info","ts":"2019-12-03T21:04:29.073Z","logger":"broker_ingress","caller":"ingress/ingress_handler.go:120","msg":"Error retrieving TTL, defaulting.","commit":"7655d9c","error":"\"knativebrokerttl\" not found"}
{"level":"info","ts":"2019-12-03T21:04:29.073Z","logger":"broker_ingress","caller":"ingress/ingress_handler.go:120","msg":"Error retrieving TTL, defaulting.","commit":"7655d9c","error":"\"knativebrokerttl\" not found"}
{"level":"info","ts":"2019-12-03T21:04:29.074Z","logger":"broker_ingress","caller":"ingress/ingress_handler.go:120","msg":"Error retrieving TTL, defaulting.","commit":"7655d9c","error":"\"knativebrokerttl\" not found"}
{"level":"info","ts":"2019-12-03T21:04:29.075Z","logger":"broker_ingress","caller":"ingress/ingress_handler.go:120","msg":"Error retrieving TTL, defaulting.","commit":"7655d9c","error":"\"knativebrokerttl\" not found"}
{"level":"info","ts":"2019-12-03T21:04:29.084Z","logger":"broker_ingress","caller":"ingress/ingress_handler.go:120","msg":"Error retrieving TTL, defaulting.","commit":"7655d9c","error":"\"knativebrokerttl\" not found"}
{"level":"info","ts":"2019-12-03T21:04:29.084Z","logger":"broker_ingress","caller":"ingress/ingress_handler.go:120","msg":"Error retrieving TTL, defaulting.","commit":"7655d9c","error":"\"knativebrokerttl\" not found"}
{"level":"info","ts":"2019-12-03T21:04:29.086Z","logger":"broker_ingress","caller":"ingress/ingress_handler.go:120","msg":"Error retrieving TTL, defaulting.","commit":"7655d9c","error":"\"knativebrokerttl\" not found"}
{"level":"info","ts":"2019-12-03T21:04:29.087Z","logger":"broker_ingress","caller":"ingress/ingress_handler.go:120","msg":"Error retrieving TTL, defaulting.","commit":"7655d9c","error":"\"knativebrokerttl\" not found"}
{"level":"info","ts":"2019-12-03T21:04:29.093Z","logger":"broker_ingress","caller":"ingress/ingress_handler.go:120","msg":"Error retrieving TTL, defaulting.","commit":"7655d9c","error":"\"knativebrokerttl\" not found"}
{"level":"info","ts":"2019-12-03T21:04:29.098Z","logger":"broker_ingress","caller":"ingress/ingress_handler.go:120","msg":"Error retrieving TTL, defaulting.","commit":"7655d9c","error":"\"knativebrokerttl\" not found"}
{"level":"info","ts":"2019-12-03T21:04:29.098Z","logger":"broker_ingress","caller":"ingress/ingress_handler.go:120","msg":"Error retrieving TTL, defaulting.","commit":"7655d9c","error":"\"knativebrokerttl\" not found"}
{"level":"info","ts":"2019-12-03T21:04:29.098Z","logger":"broker_ingress","caller":"ingress/ingress_handler.go:120","msg":"Error retrieving TTL, defaulting.","commit":"7655d9c","error":"\"knativebrokerttl\" not found"}
{"level":"info","ts":"2019-12-03T21:04:29.098Z","logger":"broker_ingress","caller":"ingress/ingress_handler.go:120","msg":"Error retrieving TTL, defaulting.","commit":"7655d9c","error":"\"knativebrokerttl\" not found"}
{"level":"info","ts":"2019-12-03T21:04:29.099Z","logger":"broker_ingress","caller":"ingress/ingress_handler.go:120","msg":"Error retrieving TTL, defaulting.","commit":"7655d9c","error":"\"knativebrokerttl\" not found"}
{"level":"info","ts":"2019-12-03T21:04:29.099Z","logger":"broker_ingress","caller":"ingress/ingress_handler.go:120","msg":"Error retrieving TTL, defaulting.","commit":"7655d9c","error":"\"knativebrokerttl\" not found"}
{"level":"info","ts":"2019-12-03T21:04:29.124Z","logger":"broker_ingress","caller":"ingress/ingress_handler.go:120","msg":"Error retrieving TTL, defaulting.","commit":"7655d9c","error":"\"knativebrokerttl\" not found"}
{"level":"info","ts":"2019-12-03T21:04:29.124Z","logger":"broker_ingress","caller":"ingress/ingress_handler.go:120","msg":"Error retrieving TTL, defaulting.","commit":"7655d9c","error":"\"knativebrokerttl\" not found"}
{"level":"info","ts":"2019-12-03T21:04:29.124Z","logger":"broker_ingress","caller":"ingress/ingress_handler.go:120","msg":"Error retrieving TTL, defaulting.","commit":"7655d9c","error":"\"knativebrokerttl\" not found"}
{"level":"info","ts":"2019-12-03T21:04:29.128Z","logger":"broker_ingress","caller":"ingress/ingress_handler.go:120","msg":"Error retrieving TTL, defaulting.","commit":"7655d9c","error":"\"knativebrokerttl\" not found"}
{"level":"info","ts":"2019-12-03T21:04:29.128Z","logger":"broker_ingress","caller":"ingress/ingress_handler.go:120","msg":"Error retrieving TTL, defaulting.","commit":"7655d9c","error":"\"knativebrokerttl\" not found"}
{"level":"info","ts":"2019-12-03T21:04:29.128Z","logger":"broker_ingress","caller":"ingress/ingress_handler.go:120","msg":"Error retrieving TTL, defaulting.","commit":"7655d9c","error":"\"knativebrokerttl\" not found"}
{"level":"info","ts":"2019-12-03T21:04:29.129Z","logger":"broker_ingress","caller":"ingress/ingress_handler.go:120","msg":"Error retrieving TTL, defaulting.","commit":"7655d9c","error":"\"knativebrokerttl\" not found"}
{"level":"info","ts":"2019-12-03T21:04:29.129Z","logger":"broker_ingress","caller":"ingress/ingress_handler.go:120","msg":"Error retrieving TTL, defaulting.","commit":"7655d9c","error":"\"knativebrokerttl\" not found"}
{"level":"info","ts":"2019-12-03T21:04:29.129Z","logger":"broker_ingress","caller":"ingress/ingress_handler.go:120","msg":"Error retrieving TTL, defaulting.","commit":"7655d9c","error":"\"knativebrokerttl\" not found"}
{"level":"info","ts":"2019-12-03T21:04:29.129Z","logger":"broker_ingress","caller":"ingress/ingress_handler.go:120","msg":"Error retrieving TTL, defaulting.","commit":"7655d9c","error":"\"knativebrokerttl\" not found"}
{"level":"info","ts":"2019-12-03T21:04:29.129Z","logger":"broker_ingress","caller":"ingress/ingress_handler.go:120","msg":"Error retrieving TTL, defaulting.","commit":"7655d9c","error":"\"knativebrokerttl\" not found"}
{"level":"info","ts":"2019-12-03T21:04:29.129Z","logger":"broker_ingress","caller":"ingress/ingress_handler.go:120","msg":"Error retrieving TTL, defaulting.","commit":"7655d9c","error":"\"knativebrokerttl\" not found"}
{"level":"info","ts":"2019-12-03T21:04:29.130Z","logger":"broker_ingress","caller":"ingress/ingress_handler.go:120","msg":"Error retrieving TTL, defaulting.","commit":"7655d9c","error":"\"knativebrokerttl\" not found"}
{"level":"info","ts":"2019-12-03T21:04:29.137Z","logger":"broker_ingress","caller":"ingress/ingress_handler.go:120","msg":"Error retrieving TTL, defaulting.","commit":"7655d9c","error":"\"knativebrokerttl\" not found"}
{"level":"info","ts":"2019-12-03T21:04:29.137Z","logger":"broker_ingress","caller":"ingress/ingress_handler.go:120","msg":"Error retrieving TTL, defaulting.","commit":"7655d9c","error":"\"knativebrokerttl\" not found"}
{"level":"info","ts":"2019-12-03T21:04:29.137Z","logger":"broker_ingress","caller":"ingress/ingress_handler.go:120","msg":"Error retrieving TTL, defaulting.","commit":"7655d9c","error":"\"knativebrokerttl\" not found"}
{"level":"info","ts":"2019-12-03T21:04:29.141Z","logger":"broker_ingress","caller":"ingress/ingress_handler.go:120","msg":"Error retrieving TTL, defaulting.","commit":"7655d9c","error":"\"knativebrokerttl\" not found"}
{"level":"info","ts":"2019-12-03T21:04:29.143Z","logger":"broker_ingress","caller":"ingress/ingress_handler.go:120","msg":"Error retrieving TTL, defaulting.","commit":"7655d9c","error":"\"knativebrokerttl\" not found"}
{"level":"info","ts":"2019-12-03T21:04:29.146Z","logger":"broker_ingress","caller":"ingress/ingress_handler.go:120","msg":"Error retrieving TTL, defaulting.","commit":"7655d9c","error":"\"knativebrokerttl\" not found"}
{"level":"info","ts":"2019-12-03T21:04:29.146Z","logger":"broker_ingress","caller":"ingress/ingress_handler.go:120","msg":"Error retrieving TTL, defaulting.","commit":"7655d9c","error":"\"knativebrokerttl\" not found"}
{"level":"info","ts":"2019-12-03T21:04:29.149Z","logger":"broker_ingress","caller":"ingress/ingress_handler.go:120","msg":"Error retrieving TTL, defaulting.","commit":"7655d9c","error":"\"knativebrokerttl\" not found"}
{"level":"info","ts":"2019-12-03T21:04:29.157Z","logger":"broker_ingress","caller":"ingress/ingress_handler.go:120","msg":"Error retrieving TTL, defaulting.","commit":"7655d9c","error":"\"knativebrokerttl\" not found"}
{"level":"info","ts":"2019-12-03T21:04:29.158Z","logger":"broker_ingress","caller":"ingress/ingress_handler.go:120","msg":"Error retrieving TTL, defaulting.","commit":"7655d9c","error":"\"knativebrokerttl\" not found"}
{"level":"info","ts":"2019-12-03T21:04:29.159Z","logger":"broker_ingress","caller":"ingress/ingress_handler.go:120","msg":"Error retrieving TTL, defaulting.","commit":"7655d9c","error":"\"knativebrokerttl\" not found"}
{"level":"info","ts":"2019-12-03T21:04:29.159Z","logger":"broker_ingress","caller":"ingress/ingress_handler.go:120","msg":"Error retrieving TTL, defaulting.","commit":"7655d9c","error":"\"knativebrokerttl\" not found"}
{"level":"info","ts":"2019-12-03T21:04:29.159Z","logger":"broker_ingress","caller":"ingress/ingress_handler.go:120","msg":"Error retrieving TTL, defaulting.","commit":"7655d9c","error":"\"knativebrokerttl\" not found"}
{"level":"info","ts":"2019-12-03T21:04:29.159Z","logger":"broker_ingress","caller":"ingress/ingress_handler.go:120","msg":"Error retrieving TTL, defaulting.","commit":"7655d9c","error":"\"knativebrokerttl\" not found"}
{"level":"info","ts":"2019-12-03T21:04:29.159Z","logger":"broker_ingress","caller":"ingress/ingress_handler.go:120","msg":"Error retrieving TTL, defaulting.","commit":"7655d9c","error":"\"knativebrokerttl\" not found"}
{"level":"info","ts":"2019-12-03T21:04:29.159Z","logger":"broker_ingress","caller":"ingress/ingress_handler.go:120","msg":"Error retrieving TTL, defaulting.","commit":"7655d9c","error":"\"knativebrokerttl\" not found"}
{"level":"info","ts":"2019-12-03T21:04:29.159Z","logger":"broker_ingress","caller":"ingress/ingress_handler.go:120","msg":"Error retrieving TTL, defaulting.","commit":"7655d9c","error":"\"knativebrokerttl\" not found"}
{"level":"info","ts":"2019-12-03T21:04:29.162Z","logger":"broker_ingress","caller":"ingress/ingress_handler.go:120","msg":"Error retrieving TTL, defaulting.","commit":"7655d9c","error":"\"knativebrokerttl\" not found"}
{"level":"info","ts":"2019-12-03T21:04:29.233Z","logger":"broker_ingress","caller":"ingress/ingress_handler.go:120","msg":"Error retrieving TTL, defaulting.","commit":"7655d9c","error":"\"knativebrokerttl\" not found"}
{"level":"info","ts":"2019-12-03T21:04:29.245Z","logger":"broker_ingress","caller":"ingress/ingress_handler.go:120","msg":"Error retrieving TTL, defaulting.","commit":"7655d9c","error":"\"knativebrokerttl\" not found"}
{"level":"info","ts":"2019-12-03T21:04:29.246Z","logger":"broker_ingress","caller":"ingress/ingress_handler.go:120","msg":"Error retrieving TTL, defaulting.","commit":"7655d9c","error":"\"knativebrokerttl\" not found"}
{"level":"info","ts":"2019-12-03T21:04:29.246Z","logger":"broker_ingress","caller":"ingress/ingress_handler.go:120","msg":"Error retrieving TTL, defaulting.","commit":"7655d9c","error":"\"knativebrokerttl\" not found"}
{"level":"info","ts":"2019-12-03T21:04:29.247Z","logger":"broker_ingress","caller":"ingress/ingress_handler.go:120","msg":"Error retrieving TTL, defaulting.","commit":"7655d9c","error":"\"knativebrokerttl\" not found"}
{"level":"info","ts":"2019-12-03T21:04:29.250Z","logger":"broker_ingress","caller":"ingress/ingress_handler.go:120","msg":"Error retrieving TTL, defaulting.","commit":"7655d9c","error":"\"knativebrokerttl\" not found"}
{"level":"info","ts":"2019-12-03T21:04:29.270Z","logger":"broker_ingress","caller":"ingress/ingress_handler.go:120","msg":"Error retrieving TTL, defaulting.","commit":"7655d9c","error":"\"knativebrokerttl\" not found"}
{"level":"info","ts":"2019-12-03T21:04:29.270Z","logger":"broker_ingress","caller":"ingress/ingress_handler.go:120","msg":"Error retrieving TTL, defaulting.","commit":"7655d9c","error":"\"knativebrokerttl\" not found"}
{"level":"info","ts":"2019-12-03T21:04:29.271Z","logger":"broker_ingress","caller":"ingress/ingress_handler.go:120","msg":"Error retrieving TTL, defaulting.","commit":"7655d9c","error":"\"knativebrokerttl\" not found"}
{"level":"info","ts":"2019-12-03T21:04:29.365Z","logger":"broker_ingress","caller":"ingress/ingress_handler.go:120","msg":"Error retrieving TTL, defaulting.","commit":"7655d9c","error":"\"knativebrokerttl\" not found"}
{"level":"info","ts":"2019-12-03T21:04:29.367Z","logger":"broker_ingress","caller":"ingress/ingress_handler.go:120","msg":"Error retrieving TTL, defaulting.","commit":"7655d9c","error":"\"knativebrokerttl\" not found"}
{"level":"info","ts":"2019-12-03T21:04:29.367Z","logger":"broker_ingress","caller":"ingress/ingress_handler.go:120","msg":"Error retrieving TTL, defaulting.","commit":"7655d9c","error":"\"knativebrokerttl\" not found"}
{"level":"info","ts":"2019-12-03T21:04:29.368Z","logger":"broker_ingress","caller":"ingress/ingress_handler.go:120","msg":"Error retrieving TTL, defaulting.","commit":"7655d9c","error":"\"knativebrokerttl\" not found"}
{"level":"info","ts":"2019-12-03T21:04:29.368Z","logger":"broker_ingress","caller":"ingress/ingress_handler.go:120","msg":"Error retrieving TTL, defaulting.","commit":"7655d9c","error":"\"knativebrokerttl\" not found"}
{"level":"info","ts":"2019-12-03T21:04:29.368Z","logger":"broker_ingress","caller":"ingress/ingress_handler.go:120","msg":"Error retrieving TTL, defaulting.","commit":"7655d9c","error":"\"knativebrokerttl\" not found"}
{"level":"info","ts":"2019-12-03T21:04:29.370Z","logger":"broker_ingress","caller":"ingress/ingress_handler.go:120","msg":"Error retrieving TTL, defaulting.","commit":"7655d9c","error":"\"knativebrokerttl\" not found"}
{"level":"info","ts":"2019-12-03T21:04:29.370Z","logger":"broker_ingress","caller":"ingress/ingress_handler.go:120","msg":"Error retrieving TTL, defaulting.","commit":"7655d9c","error":"\"knativebrokerttl\" not found"}
{"level":"info","ts":"2019-12-03T21:04:29.371Z","logger":"broker_ingress","caller":"ingress/ingress_handler.go:120","msg":"Error retrieving TTL, defaulting.","commit":"7655d9c","error":"\"knativebrokerttl\" not found"}
{"level":"info","ts":"2019-12-03T21:04:29.371Z","logger":"broker_ingress","caller":"ingress/ingress_handler.go:120","msg":"Error retrieving TTL, defaulting.","commit":"7655d9c","error":"\"knativebrokerttl\" not found"}
{"level":"info","ts":"2019-12-03T21:04:29.372Z","logger":"broker_ingress","caller":"ingress/ingress_handler.go:120","msg":"Error retrieving TTL, defaulting.","commit":"7655d9c","error":"\"knativebrokerttl\" not found"}
{"level":"info","ts":"2019-12-03T21:04:29.376Z","logger":"broker_ingress","caller":"ingress/ingress_handler.go:120","msg":"Error retrieving TTL, defaulting.","commit":"7655d9c","error":"\"knativebrokerttl\" not found"}
{"level":"info","ts":"2019-12-03T21:04:29.377Z","logger":"broker_ingress","caller":"ingress/ingress_handler.go:120","msg":"Error retrieving TTL, defaulting.","commit":"7655d9c","error":"\"knativebrokerttl\" not found"}
{"level":"info","ts":"2019-12-03T21:04:29.377Z","logger":"broker_ingress","caller":"ingress/ingress_handler.go:120","msg":"Error retrieving TTL, defaulting.","commit":"7655d9c","error":"\"knativebrokerttl\" not found"}
{"level":"info","ts":"2019-12-03T21:04:29.378Z","logger":"broker_ingress","caller":"ingress/ingress_handler.go:120","msg":"Error retrieving TTL, defaulting.","commit":"7655d9c","error":"\"knativebrokerttl\" not found"}
{"level":"info","ts":"2019-12-03T21:04:29.378Z","logger":"broker_ingress","caller":"ingress/ingress_handler.go:120","msg":"Error retrieving TTL, defaulting.","commit":"7655d9c","error":"\"knativebrokerttl\" not found"}
{"level":"info","ts":"2019-12-03T21:04:29.379Z","logger":"broker_ingress","caller":"ingress/ingress_handler.go:120","msg":"Error retrieving TTL, defaulting.","commit":"7655d9c","error":"\"knativebrokerttl\" not found"}
{"level":"info","ts":"2019-12-03T21:04:29.379Z","logger":"broker_ingress","caller":"ingress/ingress_handler.go:120","msg":"Error retrieving TTL, defaulting.","commit":"7655d9c","error":"\"knativebrokerttl\" not found"}
{"level":"info","ts":"2019-12-03T21:04:29.379Z","logger":"broker_ingress","caller":"ingress/ingress_handler.go:120","msg":"Error retrieving TTL, defaulting.","commit":"7655d9c","error":"\"knativebrokerttl\" not found"}
{"level":"info","ts":"2019-12-03T21:04:29.380Z","logger":"broker_ingress","caller":"ingress/ingress_handler.go:120","msg":"Error retrieving TTL, defaulting.","commit":"7655d9c","error":"\"knativebrokerttl\" not found"}
{"level":"info","ts":"2019-12-03T21:04:29.380Z","logger":"broker_ingress","caller":"ingress/ingress_handler.go:120","msg":"Error retrieving TTL, defaulting.","commit":"7655d9c","error":"\"knativebrokerttl\" not found"}
{"level":"info","ts":"2019-12-03T21:04:29.381Z","logger":"broker_ingress","caller":"ingress/ingress_handler.go:120","msg":"Error retrieving TTL, defaulting.","commit":"7655d9c","error":"\"knativebrokerttl\" not found"}
{"level":"info","ts":"2019-12-03T21:04:29.381Z","logger":"broker_ingress","caller":"ingress/ingress_handler.go:120","msg":"Error retrieving TTL, defaulting.","commit":"7655d9c","error":"\"knativebrokerttl\" not found"}
{"level":"info","ts":"2019-12-03T21:04:29.382Z","logger":"broker_ingress","caller":"ingress/ingress_handler.go:120","msg":"Error retrieving TTL, defaulting.","commit":"7655d9c","error":"\"knativebrokerttl\" not found"}
{"level":"info","ts":"2019-12-03T21:04:29.389Z","logger":"broker_ingress","caller":"ingress/ingress_handler.go:120","msg":"Error retrieving TTL, defaulting.","commit":"7655d9c","error":"\"knativebrokerttl\" not found"}
{"level":"info","ts":"2019-12-03T21:04:29.390Z","logger":"broker_ingress","caller":"ingress/ingress_handler.go:120","msg":"Error retrieving TTL, defaulting.","commit":"7655d9c","error":"\"knativebrokerttl\" not found"}
{"level":"info","ts":"2019-12-03T21:04:29.390Z","logger":"broker_ingress","caller":"ingress/ingress_handler.go:120","msg":"Error retrieving TTL, defaulting.","commit":"7655d9c","error":"\"knativebrokerttl\" not found"}
{"level":"info","ts":"2019-12-03T21:04:29.391Z","logger":"broker_ingress","caller":"ingress/ingress_handler.go:120","msg":"Error retrieving TTL, defaulting.","commit":"7655d9c","error":"\"knativebrokerttl\" not found"}
{"level":"info","ts":"2019-12-03T21:04:29.391Z","logger":"broker_ingress","caller":"ingress/ingress_handler.go:120","msg":"Error retrieving TTL, defaulting.","commit":"7655d9c","error":"\"knativebrokerttl\" not found"}
{"level":"info","ts":"2019-12-03T21:04:29.392Z","logger":"broker_ingress","caller":"ingress/ingress_handler.go:120","msg":"Error retrieving TTL, defaulting.","commit":"7655d9c","error":"\"knativebrokerttl\" not found"}
{"level":"info","ts":"2019-12-03T21:04:29.395Z","logger":"broker_ingress","caller":"ingress/ingress_handler.go:120","msg":"Error retrieving TTL, defaulting.","commit":"7655d9c","error":"\"knativebrokerttl\" not found"}
{"level":"info","ts":"2019-12-03T21:04:29.396Z","logger":"broker_ingress","caller":"ingress/ingress_handler.go:120","msg":"Error retrieving TTL, defaulting.","commit":"7655d9c","error":"\"knativebrokerttl\" not found"}
{"level":"info","ts":"2019-12-03T21:04:29.396Z","logger":"broker_ingress","caller":"ingress/ingress_handler.go:120","msg":"Error retrieving TTL, defaulting.","commit":"7655d9c","error":"\"knativebrokerttl\" not found"}
{"level":"info","ts":"2019-12-03T21:04:29.401Z","logger":"broker_ingress","caller":"ingress/ingress_handler.go:120","msg":"Error retrieving TTL, defaulting.","commit":"7655d9c","error":"\"knativebrokerttl\" not found"}
{"level":"info","ts":"2019-12-03T21:04:29.401Z","logger":"broker_ingress","caller":"ingress/ingress_handler.go:120","msg":"Error retrieving TTL, defaulting.","commit":"7655d9c","error":"\"knativebrokerttl\" not found"}
{"level":"info","ts":"2019-12-03T21:04:29.402Z","logger":"broker_ingress","caller":"ingress/ingress_handler.go:120","msg":"Error retrieving TTL, defaulting.","commit":"7655d9c","error":"\"knativebrokerttl\" not found"}
{"level":"info","ts":"2019-12-03T21:04:29.403Z","logger":"broker_ingress","caller":"ingress/ingress_handler.go:120","msg":"Error retrieving TTL, defaulting.","commit":"7655d9c","error":"\"knativebrokerttl\" not found"}
{"level":"info","ts":"2019-12-03T21:04:29.404Z","logger":"broker_ingress","caller":"ingress/ingress_handler.go:120","msg":"Error retrieving TTL, defaulting.","commit":"7655d9c","error":"\"knativebrokerttl\" not found"}
{"level":"info","ts":"2019-12-03T21:04:29.404Z","logger":"broker_ingress","caller":"ingress/ingress_handler.go:120","msg":"Error retrieving TTL, defaulting.","commit":"7655d9c","error":"\"knativebrokerttl\" not found"}
{"level":"info","ts":"2019-12-03T21:04:29.405Z","logger":"broker_ingress","caller":"ingress/ingress_handler.go:120","msg":"Error retrieving TTL, defaulting.","commit":"7655d9c","error":"\"knativebrokerttl\" not found"}
{"level":"info","ts":"2019-12-03T21:04:29.406Z","logger":"broker_ingress","caller":"ingress/ingress_handler.go:120","msg":"Error retrieving TTL, defaulting.","commit":"7655d9c","error":"\"knativebrokerttl\" not found"}
{"level":"info","ts":"2019-12-03T21:04:29.406Z","logger":"broker_ingress","caller":"ingress/ingress_handler.go:120","msg":"Error retrieving TTL, defaulting.","commit":"7655d9c","error":"\"knativebrokerttl\" not found"}
{"level":"info","ts":"2019-12-03T21:04:29.406Z","logger":"broker_ingress","caller":"ingress/ingress_handler.go:120","msg":"Error retrieving TTL, defaulting.","commit":"7655d9c","error":"\"knativebrokerttl\" not found"}
{"level":"info","ts":"2019-12-03T21:04:29.407Z","logger":"broker_ingress","caller":"ingress/ingress_handler.go:120","msg":"Error retrieving TTL, defaulting.","commit":"7655d9c","error":"\"knativebrokerttl\" not found"}
{"level":"info","ts":"2019-12-03T21:04:29.407Z","logger":"broker_ingress","caller":"ingress/ingress_handler.go:120","msg":"Error retrieving TTL, defaulting.","commit":"7655d9c","error":"\"knativebrokerttl\" not found"}
{"level":"info","ts":"2019-12-03T21:04:29.408Z","logger":"broker_ingress","caller":"ingress/ingress_handler.go:120","msg":"Error retrieving TTL, defaulting.","commit":"7655d9c","error":"\"knativebrokerttl\" not found"}
{"level":"info","ts":"2019-12-03T21:04:29.408Z","logger":"broker_ingress","caller":"ingress/ingress_handler.go:120","msg":"Error retrieving TTL, defaulting.","commit":"7655d9c","error":"\"knativebrokerttl\" not found"}
{"level":"info","ts":"2019-12-03T21:04:29.409Z","logger":"broker_ingress","caller":"ingress/ingress_handler.go:120","msg":"Error retrieving TTL, defaulting.","commit":"7655d9c","error":"\"knativebrokerttl\" not found"}
{"level":"info","ts":"2019-12-03T21:04:29.409Z","logger":"broker_ingress","caller":"ingress/ingress_handler.go:120","msg":"Error retrieving TTL, defaulting.","commit":"7655d9c","error":"\"knativebrokerttl\" not found"}
{"level":"info","ts":"2019-12-03T21:04:29.410Z","logger":"broker_ingress","caller":"ingress/ingress_handler.go:120","msg":"Error retrieving TTL, defaulting.","commit":"7655d9c","error":"\"knativebrokerttl\" not found"}
{"level":"info","ts":"2019-12-03T21:04:29.410Z","logger":"broker_ingress","caller":"ingress/ingress_handler.go:120","msg":"Error retrieving TTL, defaulting.","commit":"7655d9c","error":"\"knativebrokerttl\" not found"}
{"level":"info","ts":"2019-12-03T21:04:29.411Z","logger":"broker_ingress","caller":"ingress/ingress_handler.go:120","msg":"Error retrieving TTL, defaulting.","commit":"7655d9c","error":"\"knativebrokerttl\" not found"}
{"level":"info","ts":"2019-12-03T21:04:29.411Z","logger":"broker_ingress","caller":"ingress/ingress_handler.go:120","msg":"Error retrieving TTL, defaulting.","commit":"7655d9c","error":"\"knativebrokerttl\" not found"}
{"level":"info","ts":"2019-12-03T21:04:29.412Z","logger":"broker_ingress","caller":"ingress/ingress_handler.go:120","msg":"Error retrieving TTL, defaulting.","commit":"7655d9c","error":"\"knativebrokerttl\" not found"}
{"level":"info","ts":"2019-12-03T21:04:29.422Z","logger":"broker_ingress","caller":"ingress/ingress_handler.go:120","msg":"Error retrieving TTL, defaulting.","commit":"7655d9c","error":"\"knativebrokerttl\" not found"}
{"level":"info","ts":"2019-12-03T21:04:29.423Z","logger":"broker_ingress","caller":"ingress/ingress_handler.go:120","msg":"Error retrieving TTL, defaulting.","commit":"7655d9c","error":"\"knativebrokerttl\" not found"}
{"level":"info","ts":"2019-12-03T21:04:29.423Z","logger":"broker_ingress","caller":"ingress/ingress_handler.go:120","msg":"Error retrieving TTL, defaulting.","commit":"7655d9c","error":"\"knativebrokerttl\" not found"}
{"level":"info","ts":"2019-12-03T21:04:29.424Z","logger":"broker_ingress","caller":"ingress/ingress_handler.go:120","msg":"Error retrieving TTL, defaulting.","commit":"7655d9c","error":"\"knativebrokerttl\" not found"}
{"level":"info","ts":"2019-12-03T21:04:29.424Z","logger":"broker_ingress","caller":"ingress/ingress_handler.go:120","msg":"Error retrieving TTL, defaulting.","commit":"7655d9c","error":"\"knativebrokerttl\" not found"}
{"level":"info","ts":"2019-12-03T21:04:29.425Z","logger":"broker_ingress","caller":"ingress/ingress_handler.go:120","msg":"Error retrieving TTL, defaulting.","commit":"7655d9c","error":"\"knativebrokerttl\" not found"}
{"level":"info","ts":"2019-12-03T21:04:29.425Z","logger":"broker_ingress","caller":"ingress/ingress_handler.go:120","msg":"Error retrieving TTL, defaulting.","commit":"7655d9c","error":"\"knativebrokerttl\" not found"}
{"level":"info","ts":"2019-12-03T21:04:29.426Z","logger":"broker_ingress","caller":"ingress/ingress_handler.go:120","msg":"Error retrieving TTL, defaulting.","commit":"7655d9c","error":"\"knativebrokerttl\" not found"}
{"level":"info","ts":"2019-12-03T21:04:29.426Z","logger":"broker_ingress","caller":"ingress/ingress_handler.go:120","msg":"Error retrieving TTL, defaulting.","commit":"7655d9c","error":"\"knativebrokerttl\" not found"}
{"level":"info","ts":"2019-12-03T21:04:29.427Z","logger":"broker_ingress","caller":"ingress/ingress_handler.go:120","msg":"Error retrieving TTL, defaulting.","commit":"7655d9c","error":"\"knativebrokerttl\" not found"}
{"level":"info","ts":"2019-12-03T21:04:29.427Z","logger":"broker_ingress","caller":"ingress/ingress_handler.go:120","msg":"Error retrieving TTL, defaulting.","commit":"7655d9c","error":"\"knativebrokerttl\" not found"}
{"level":"info","ts":"2019-12-03T21:04:29.428Z","logger":"broker_ingress","caller":"ingress/ingress_handler.go:120","msg":"Error retrieving TTL, defaulting.","commit":"7655d9c","error":"\"knativebrokerttl\" not found"}
{"level":"info","ts":"2019-12-03T21:04:29.436Z","logger":"broker_ingress","caller":"ingress/ingress_handler.go:120","msg":"Error retrieving TTL, defaulting.","commit":"7655d9c","error":"\"knativebrokerttl\" not found"}
{"level":"info","ts":"2019-12-03T21:04:29.437Z","logger":"broker_ingress","caller":"ingress/ingress_handler.go:120","msg":"Error retrieving TTL, defaulting.","commit":"7655d9c","error":"\"knativebrokerttl\" not found"}
{"level":"info","ts":"2019-12-03T21:04:29.437Z","logger":"broker_ingress","caller":"ingress/ingress_handler.go:120","msg":"Error retrieving TTL, defaulting.","commit":"7655d9c","error":"\"knativebrokerttl\" not found"}
{"level":"info","ts":"2019-12-03T21:04:29.438Z","logger":"broker_ingress","caller":"ingress/ingress_handler.go:120","msg":"Error retrieving TTL, defaulting.","commit":"7655d9c","error":"\"knativebrokerttl\" not found"}
{"level":"info","ts":"2019-12-03T21:04:29.438Z","logger":"broker_ingress","caller":"ingress/ingress_handler.go:120","msg":"Error retrieving TTL, defaulting.","commit":"7655d9c","error":"\"knativebrokerttl\" not found"}
{"level":"info","ts":"2019-12-03T21:04:29.442Z","logger":"broker_ingress","caller":"ingress/ingress_handler.go:120","msg":"Error retrieving TTL, defaulting.","commit":"7655d9c","error":"\"knativebrokerttl\" not found"}
{"level":"info","ts":"2019-12-03T21:04:29.443Z","logger":"broker_ingress","caller":"ingress/ingress_handler.go:120","msg":"Error retrieving TTL, defaulting.","commit":"7655d9c","error":"\"knativebrokerttl\" not found"}
{"level":"info","ts":"2019-12-03T21:04:29.443Z","logger":"broker_ingress","caller":"ingress/ingress_handler.go:120","msg":"Error retrieving TTL, defaulting.","commit":"7655d9c","error":"\"knativebrokerttl\" not found"}
{"level":"info","ts":"2019-12-03T21:04:29.444Z","logger":"broker_ingress","caller":"ingress/ingress_handler.go:120","msg":"Error retrieving TTL, defaulting.","commit":"7655d9c","error":"\"knativebrokerttl\" not found"}
{"level":"info","ts":"2019-12-03T21:04:29.454Z","logger":"broker_ingress","caller":"ingress/ingress_handler.go:120","msg":"Error retrieving TTL, defaulting.","commit":"7655d9c","error":"\"knativebrokerttl\" not found"}
{"level":"info","ts":"2019-12-03T21:04:29.454Z","logger":"broker_ingress","caller":"ingress/ingress_handler.go:120","msg":"Error retrieving TTL, defaulting.","commit":"7655d9c","error":"\"knativebrokerttl\" not found"}
{"level":"info","ts":"2019-12-03T21:04:29.455Z","logger":"broker_ingress","caller":"ingress/ingress_handler.go:120","msg":"Error retrieving TTL, defaulting.","commit":"7655d9c","error":"\"knativebrokerttl\" not found"}
{"level":"info","ts":"2019-12-03T21:04:29.455Z","logger":"broker_ingress","caller":"ingress/ingress_handler.go:120","msg":"Error retrieving TTL, defaulting.","commit":"7655d9c","error":"\"knativebrokerttl\" not found"}
{"level":"info","ts":"2019-12-03T21:04:29.456Z","logger":"broker_ingress","caller":"ingress/ingress_handler.go:120","msg":"Error retrieving TTL, defaulting.","commit":"7655d9c","error":"\"knativebrokerttl\" not found"}
{"level":"info","ts":"2019-12-03T21:04:29.460Z","logger":"broker_ingress","caller":"ingress/ingress_handler.go:120","msg":"Error retrieving TTL, defaulting.","commit":"7655d9c","error":"\"knativebrokerttl\" not found"}
{"level":"info","ts":"2019-12-03T21:04:29.461Z","logger":"broker_ingress","caller":"ingress/ingress_handler.go:120","msg":"Error retrieving TTL, defaulting.","commit":"7655d9c","error":"\"knativebrokerttl\" not found"}
{"level":"info","ts":"2019-12-03T21:04:29.461Z","logger":"broker_ingress","caller":"ingress/ingress_handler.go:120","msg":"Error retrieving TTL, defaulting.","commit":"7655d9c","error":"\"knativebrokerttl\" not found"}
{"level":"info","ts":"2019-12-03T21:04:29.462Z","logger":"broker_ingress","caller":"ingress/ingress_handler.go:120","msg":"Error retrieving TTL, defaulting.","commit":"7655d9c","error":"\"knativebrokerttl\" not found"}
{"level":"info","ts":"2019-12-03T21:04:29.462Z","logger":"broker_ingress","caller":"ingress/ingress_handler.go:120","msg":"Error retrieving TTL, defaulting.","commit":"7655d9c","error":"\"knativebrokerttl\" not found"}
{"level":"info","ts":"2019-12-03T21:04:29.463Z","logger":"broker_ingress","caller":"ingress/ingress_handler.go:120","msg":"Error retrieving TTL, defaulting.","commit":"7655d9c","error":"\"knativebrokerttl\" not found"}
{"level":"info","ts":"2019-12-03T21:04:29.472Z","logger":"broker_ingress","caller":"ingress/ingress_handler.go:120","msg":"Error retrieving TTL, defaulting.","commit":"7655d9c","error":"\"knativebrokerttl\" not found"}
{"level":"info","ts":"2019-12-03T21:04:29.475Z","logger":"broker_ingress","caller":"ingress/ingress_handler.go:120","msg":"Error retrieving TTL, defaulting.","commit":"7655d9c","error":"\"knativebrokerttl\" not found"}
{"level":"info","ts":"2019-12-03T21:04:29.476Z","logger":"broker_ingress","caller":"ingress/ingress_handler.go:120","msg":"Error retrieving TTL, defaulting.","commit":"7655d9c","error":"\"knativebrokerttl\" not found"}
{"level":"info","ts":"2019-12-03T21:04:29.477Z","logger":"broker_ingress","caller":"ingress/ingress_handler.go:120","msg":"Error retrieving TTL, defaulting.","commit":"7655d9c","error":"\"knativebrokerttl\" not found"}
{"level":"info","ts":"2019-12-03T21:04:29.477Z","logger":"broker_ingress","caller":"ingress/ingress_handler.go:120","msg":"Error retrieving TTL, defaulting.","commit":"7655d9c","error":"\"knativebrokerttl\" not found"}
{"level":"info","ts":"2019-12-03T21:04:29.478Z","logger":"broker_ingress","caller":"ingress/ingress_handler.go:120","msg":"Error retrieving TTL, defaulting.","commit":"7655d9c","error":"\"knativebrokerttl\" not found"}
{"level":"info","ts":"2019-12-03T21:04:29.478Z","logger":"broker_ingress","caller":"ingress/ingress_handler.go:120","msg":"Error retrieving TTL, defaulting.","commit":"7655d9c","error":"\"knativebrokerttl\" not found"}
{"level":"info","ts":"2019-12-03T21:04:29.479Z","logger":"broker_ingress","caller":"ingress/ingress_handler.go:120","msg":"Error retrieving TTL, defaulting.","commit":"7655d9c","error":"\"knativebrokerttl\" not found"}
{"level":"info","ts":"2019-12-03T21:04:29.479Z","logger":"broker_ingress","caller":"ingress/ingress_handler.go:120","msg":"Error retrieving TTL, defaulting.","commit":"7655d9c","error":"\"knativebrokerttl\" not found"}
{"level":"info","ts":"2019-12-03T21:04:29.480Z","logger":"broker_ingress","caller":"ingress/ingress_handler.go:120","msg":"Error retrieving TTL, defaulting.","commit":"7655d9c","error":"\"knativebrokerttl\" not found"}
{"level":"info","ts":"2019-12-03T21:04:29.480Z","logger":"broker_ingress","caller":"ingress/ingress_handler.go:120","msg":"Error retrieving TTL, defaulting.","commit":"7655d9c","error":"\"knativebrokerttl\" not found"}
{"level":"info","ts":"2019-12-03T21:04:29.481Z","logger":"broker_ingress","caller":"ingress/ingress_handler.go:120","msg":"Error retrieving TTL, defaulting.","commit":"7655d9c","error":"\"knativebrokerttl\" not found"}
{"level":"info","ts":"2019-12-03T21:04:29.485Z","logger":"broker_ingress","caller":"ingress/ingress_handler.go:120","msg":"Error retrieving TTL, defaulting.","commit":"7655d9c","error":"\"knativebrokerttl\" not found"}
{"level":"info","ts":"2019-12-03T21:04:29.485Z","logger":"broker_ingress","caller":"ingress/ingress_handler.go:120","msg":"Error retrieving TTL, defaulting.","commit":"7655d9c","error":"\"knativebrokerttl\" not found"}
{"level":"info","ts":"2019-12-03T21:04:29.487Z","logger":"broker_ingress","caller":"ingress/ingress_handler.go:120","msg":"Error retrieving TTL, defaulting.","commit":"7655d9c","error":"\"knativebrokerttl\" not found"}
{"level":"info","ts":"2019-12-03T21:04:29.489Z","logger":"broker_ingress","caller":"ingress/ingress_handler.go:120","msg":"Error retrieving TTL, defaulting.","commit":"7655d9c","error":"\"knativebrokerttl\" not found"}
{"level":"info","ts":"2019-12-03T21:04:29.489Z","logger":"broker_ingress","caller":"ingress/ingress_handler.go:120","msg":"Error retrieving TTL, defaulting.","commit":"7655d9c","error":"\"knativebrokerttl\" not found"}
{"level":"info","ts":"2019-12-03T21:04:29.491Z","logger":"broker_ingress","caller":"ingress/ingress_handler.go:120","msg":"Error retrieving TTL, defaulting.","commit":"7655d9c","error":"\"knativebrokerttl\" not found"}
{"level":"info","ts":"2019-12-03T21:04:29.491Z","logger":"broker_ingress","caller":"ingress/ingress_handler.go:120","msg":"Error retrieving TTL, defaulting.","commit":"7655d9c","error":"\"knativebrokerttl\" not found"}
{"level":"info","ts":"2019-12-03T21:04:29.493Z","logger":"broker_ingress","caller":"ingress/ingress_handler.go:120","msg":"Error retrieving TTL, defaulting.","commit":"7655d9c","error":"\"knativebrokerttl\" not found"}
{"level":"info","ts":"2019-12-03T21:04:29.495Z","logger":"broker_ingress","caller":"ingress/ingress_handler.go:120","msg":"Error retrieving TTL, defaulting.","commit":"7655d9c","error":"\"knativebrokerttl\" not found"}
{"level":"info","ts":"2019-12-03T21:04:29.540Z","logger":"broker_ingress","caller":"ingress/ingress_handler.go:120","msg":"Error retrieving TTL, defaulting.","commit":"7655d9c","error":"\"knativebrokerttl\" not found"}
{"level":"info","ts":"2019-12-03T21:04:29.558Z","logger":"broker_ingress","caller":"ingress/ingress_handler.go:120","msg":"Error retrieving TTL, defaulting.","commit":"7655d9c","error":"\"knativebrokerttl\" not found"}
{"level":"info","ts":"2019-12-03T21:04:29.559Z","logger":"broker_ingress","caller":"ingress/ingress_handler.go:120","msg":"Error retrieving TTL, defaulting.","commit":"7655d9c","error":"\"knativebrokerttl\" not found"}
{"level":"info","ts":"2019-12-03T21:04:29.560Z","logger":"broker_ingress","caller":"ingress/ingress_handler.go:120","msg":"Error retrieving TTL, defaulting.","commit":"7655d9c","error":"\"knativebrokerttl\" not found"}
{"level":"info","ts":"2019-12-03T21:04:29.560Z","logger":"broker_ingress","caller":"ingress/ingress_handler.go:120","msg":"Error retrieving TTL, defaulting.","commit":"7655d9c","error":"\"knativebrokerttl\" not found"}
{"level":"info","ts":"2019-12-03T21:04:29.560Z","logger":"broker_ingress","caller":"ingress/ingress_handler.go:120","msg":"Error retrieving TTL, defaulting.","commit":"7655d9c","error":"\"knativebrokerttl\" not found"}
{"level":"info","ts":"2019-12-03T21:04:29.561Z","logger":"broker_ingress","caller":"ingress/ingress_handler.go:120","msg":"Error retrieving TTL, defaulting.","commit":"7655d9c","error":"\"knativebrokerttl\" not found"}
{"level":"info","ts":"2019-12-03T21:04:29.569Z","logger":"broker_ingress","caller":"ingress/ingress_handler.go:120","msg":"Error retrieving TTL, defaulting.","commit":"7655d9c","error":"\"knativebrokerttl\" not found"}
{"level":"info","ts":"2019-12-03T21:04:37.930Z","logger":"broker_ingress","caller":"ingress/ingress_handler.go:120","msg":"Error retrieving TTL, defaulting.","commit":"7655d9c","error":"\"knativebrokerttl\" not found"}
{"level":"info","ts":"2019-12-03T21:04:41.094Z","logger":"broker_ingress","caller":"ingress/ingress_handler.go:120","msg":"Error retrieving TTL, defaulting.","commit":"7655d9c","error":"\"knativebrokerttl\" not found"}
{"level":"info","ts":"2019-12-03T21:04:41.095Z","logger":"broker_ingress","caller":"ingress/ingress_handler.go:120","msg":"Error retrieving TTL, defaulting.","commit":"7655d9c","error":"\"knativebrokerttl\" not found"}
{"level":"info","ts":"2019-12-03T21:04:41.097Z","logger":"broker_ingress","caller":"ingress/ingress_handler.go:120","msg":"Error retrieving TTL, defaulting.","commit":"7655d9c","error":"\"knativebrokerttl\" not found"}
{"level":"info","ts":"2019-12-03T21:04:41.098Z","logger":"broker_ingress","caller":"ingress/ingress_handler.go:120","msg":"Error retrieving TTL, defaulting.","commit":"7655d9c","error":"\"knativebrokerttl\" not found"}
{"level":"info","ts":"2019-12-03T21:04:41.100Z","logger":"broker_ingress","caller":"ingress/ingress_handler.go:120","msg":"Error retrieving TTL, defaulting.","commit":"7655d9c","error":"\"knativebrokerttl\" not found"}
{"level":"info","ts":"2019-12-03T21:04:41.100Z","logger":"broker_ingress","caller":"ingress/ingress_handler.go:120","msg":"Error retrieving TTL, defaulting.","commit":"7655d9c","error":"\"knativebrokerttl\" not found"}
{"level":"info","ts":"2019-12-03T21:04:41.101Z","logger":"broker_ingress","caller":"ingress/ingress_handler.go:120","msg":"Error retrieving TTL, defaulting.","commit":"7655d9c","error":"\"knativebrokerttl\" not found"}
{"level":"info","ts":"2019-12-03T21:04:41.101Z","logger":"broker_ingress","caller":"ingress/ingress_handler.go:120","msg":"Error retrieving TTL, defaulting.","commit":"7655d9c","error":"\"knativebrokerttl\" not found"}
{"level":"info","ts":"2019-12-03T21:04:41.103Z","logger":"broker_ingress","caller":"ingress/ingress_handler.go:120","msg":"Error retrieving TTL, defaulting.","commit":"7655d9c","error":"\"knativebrokerttl\" not found"}
{"level":"info","ts":"2019-12-03T21:04:41.104Z","logger":"broker_ingress","caller":"ingress/ingress_handler.go:120","msg":"Error retrieving TTL, defaulting.","commit":"7655d9c","error":"\"knativebrokerttl\" not found"}
{"level":"info","ts":"2019-12-03T21:04:41.105Z","logger":"broker_ingress","caller":"ingress/ingress_handler.go:120","msg":"Error retrieving TTL, defaulting.","commit":"7655d9c","error":"\"knativebrokerttl\" not found"}
{"level":"info","ts":"2019-12-03T21:04:41.106Z","logger":"broker_ingress","caller":"ingress/ingress_handler.go:120","msg":"Error retrieving TTL, defaulting.","commit":"7655d9c","error":"\"knativebrokerttl\" not found"}
{"level":"info","ts":"2019-12-03T21:04:41.106Z","logger":"broker_ingress","caller":"ingress/ingress_handler.go:120","msg":"Error retrieving TTL, defaulting.","commit":"7655d9c","error":"\"knativebrokerttl\" not found"}
{"level":"info","ts":"2019-12-03T21:04:41.109Z","logger":"broker_ingress","caller":"ingress/ingress_handler.go:120","msg":"Error retrieving TTL, defaulting.","commit":"7655d9c","error":"\"knativebrokerttl\" not found"}
{"level":"info","ts":"2019-12-03T21:04:41.109Z","logger":"broker_ingress","caller":"ingress/ingress_handler.go:120","msg":"Error retrieving TTL, defaulting.","commit":"7655d9c","error":"\"knativebrokerttl\" not found"}
{"level":"info","ts":"2019-12-03T21:04:41.110Z","logger":"broker_ingress","caller":"ingress/ingress_handler.go:120","msg":"Error retrieving TTL, defaulting.","commit":"7655d9c","error":"\"knativebrokerttl\" not found"}
{"level":"info","ts":"2019-12-03T21:04:41.110Z","logger":"broker_ingress","caller":"ingress/ingress_handler.go:120","msg":"Error retrieving TTL, defaulting.","commit":"7655d9c","error":"\"knativebrokerttl\" not found"}
{"level":"info","ts":"2019-12-03T21:04:41.111Z","logger":"broker_ingress","caller":"ingress/ingress_handler.go:120","msg":"Error retrieving TTL, defaulting.","commit":"7655d9c","error":"\"knativebrokerttl\" not found"}
{"level":"info","ts":"2019-12-03T21:04:41.111Z","logger":"broker_ingress","caller":"ingress/ingress_handler.go:120","msg":"Error retrieving TTL, defaulting.","commit":"7655d9c","error":"\"knativebrokerttl\" not found"}
{"level":"info","ts":"2019-12-03T21:04:41.116Z","logger":"broker_ingress","caller":"ingress/ingress_handler.go:120","msg":"Error retrieving TTL, defaulting.","commit":"7655d9c","error":"\"knativebrokerttl\" not found"}
{"level":"info","ts":"2019-12-03T21:04:41.116Z","logger":"broker_ingress","caller":"ingress/ingress_handler.go:120","msg":"Error retrieving TTL, defaulting.","commit":"7655d9c","error":"\"knativebrokerttl\" not found"}
{"level":"info","ts":"2019-12-03T21:04:41.117Z","logger":"broker_ingress","caller":"ingress/ingress_handler.go:120","msg":"Error retrieving TTL, defaulting.","commit":"7655d9c","error":"\"knativebrokerttl\" not found"}
{"level":"info","ts":"2019-12-03T21:04:41.107Z","logger":"broker_ingress","caller":"ingress/ingress_handler.go:120","msg":"Error retrieving TTL, defaulting.","commit":"7655d9c","error":"\"knativebrokerttl\" not found"}
{"level":"info","ts":"2019-12-03T21:04:41.117Z","logger":"broker_ingress","caller":"ingress/ingress_handler.go:120","msg":"Error retrieving TTL, defaulting.","commit":"7655d9c","error":"\"knativebrokerttl\" not found"}
{"level":"info","ts":"2019-12-03T21:04:41.117Z","logger":"broker_ingress","caller":"ingress/ingress_handler.go:120","msg":"Error retrieving TTL, defaulting.","commit":"7655d9c","error":"\"knativebrokerttl\" not found"}
{"level":"info","ts":"2019-12-03T21:04:41.118Z","logger":"broker_ingress","caller":"ingress/ingress_handler.go:120","msg":"Error retrieving TTL, defaulting.","commit":"7655d9c","error":"\"knativebrokerttl\" not found"}
{"level":"info","ts":"2019-12-03T21:04:41.118Z","logger":"broker_ingress","caller":"ingress/ingress_handler.go:120","msg":"Error retrieving TTL, defaulting.","commit":"7655d9c","error":"\"knativebrokerttl\" not found"}
{"level":"info","ts":"2019-12-03T21:04:41.121Z","logger":"broker_ingress","caller":"ingress/ingress_handler.go:120","msg":"Error retrieving TTL, defaulting.","commit":"7655d9c","error":"\"knativebrokerttl\" not found"}
{"level":"info","ts":"2019-12-03T21:04:41.122Z","logger":"broker_ingress","caller":"ingress/ingress_handler.go:120","msg":"Error retrieving TTL, defaulting.","commit":"7655d9c","error":"\"knativebrokerttl\" not found"}
{"level":"info","ts":"2019-12-03T21:04:41.122Z","logger":"broker_ingress","caller":"ingress/ingress_handler.go:120","msg":"Error retrieving TTL, defaulting.","commit":"7655d9c","error":"\"knativebrokerttl\" not found"}
{"level":"info","ts":"2019-12-03T21:04:41.123Z","logger":"broker_ingress","caller":"ingress/ingress_handler.go:120","msg":"Error retrieving TTL, defaulting.","commit":"7655d9c","error":"\"knativebrokerttl\" not found"}
{"level":"info","ts":"2019-12-03T21:04:41.127Z","logger":"broker_ingress","caller":"ingress/ingress_handler.go:120","msg":"Error retrieving TTL, defaulting.","commit":"7655d9c","error":"\"knativebrokerttl\" not found"}
{"level":"info","ts":"2019-12-03T21:04:41.131Z","logger":"broker_ingress","caller":"ingress/ingress_handler.go:120","msg":"Error retrieving TTL, defaulting.","commit":"7655d9c","error":"\"knativebrokerttl\" not found"}
{"level":"info","ts":"2019-12-03T21:04:41.129Z","logger":"broker_ingress","caller":"ingress/ingress_handler.go:120","msg":"Error retrieving TTL, defaulting.","commit":"7655d9c","error":"\"knativebrokerttl\" not found"}
{"level":"info","ts":"2019-12-03T21:04:41.129Z","logger":"broker_ingress","caller":"ingress/ingress_handler.go:120","msg":"Error retrieving TTL, defaulting.","commit":"7655d9c","error":"\"knativebrokerttl\" not found"}
{"level":"info","ts":"2019-12-03T21:04:41.131Z","logger":"broker_ingress","caller":"ingress/ingress_handler.go:120","msg":"Error retrieving TTL, defaulting.","commit":"7655d9c","error":"\"knativebrokerttl\" not found"}
{"level":"info","ts":"2019-12-03T21:04:41.131Z","logger":"broker_ingress","caller":"ingress/ingress_handler.go:120","msg":"Error retrieving TTL, defaulting.","commit":"7655d9c","error":"\"knativebrokerttl\" not found"}
{"level":"info","ts":"2019-12-03T21:04:41.131Z","logger":"broker_ingress","caller":"ingress/ingress_handler.go:120","msg":"Error retrieving TTL, defaulting.","commit":"7655d9c","error":"\"knativebrokerttl\" not found"}
{"level":"info","ts":"2019-12-03T21:04:41.131Z","logger":"broker_ingress","caller":"ingress/ingress_handler.go:120","msg":"Error retrieving TTL, defaulting.","commit":"7655d9c","error":"\"knativebrokerttl\" not found"}
{"level":"info","ts":"2019-12-03T21:04:41.131Z","logger":"broker_ingress","caller":"ingress/ingress_handler.go:120","msg":"Error retrieving TTL, defaulting.","commit":"7655d9c","error":"\"knativebrokerttl\" not found"}
{"level":"info","ts":"2019-12-03T21:04:41.131Z","logger":"broker_ingress","caller":"ingress/ingress_handler.go:120","msg":"Error retrieving TTL, defaulting.","commit":"7655d9c","error":"\"knativebrokerttl\" not found"}
{"level":"info","ts":"2019-12-03T21:04:41.132Z","logger":"broker_ingress","caller":"ingress/ingress_handler.go:120","msg":"Error retrieving TTL, defaulting.","commit":"7655d9c","error":"\"knativebrokerttl\" not found"}
{"level":"info","ts":"2019-12-03T21:04:41.133Z","logger":"broker_ingress","caller":"ingress/ingress_handler.go:120","msg":"Error retrieving TTL, defaulting.","commit":"7655d9c","error":"\"knativebrokerttl\" not found"}
{"level":"info","ts":"2019-12-03T21:04:41.134Z","logger":"broker_ingress","caller":"ingress/ingress_handler.go:120","msg":"Error retrieving TTL, defaulting.","commit":"7655d9c","error":"\"knativebrokerttl\" not found"}
{"level":"info","ts":"2019-12-03T21:04:41.138Z","logger":"broker_ingress","caller":"ingress/ingress_handler.go:120","msg":"Error retrieving TTL, defaulting.","commit":"7655d9c","error":"\"knativebrokerttl\" not found"}
{"level":"info","ts":"2019-12-03T21:04:41.138Z","logger":"broker_ingress","caller":"ingress/ingress_handler.go:120","msg":"Error retrieving TTL, defaulting.","commit":"7655d9c","error":"\"knativebrokerttl\" not found"}
{"level":"info","ts":"2019-12-03T21:04:41.139Z","logger":"broker_ingress","caller":"ingress/ingress_handler.go:120","msg":"Error retrieving TTL, defaulting.","commit":"7655d9c","error":"\"knativebrokerttl\" not found"}
{"level":"info","ts":"2019-12-03T21:04:41.140Z","logger":"broker_ingress","caller":"ingress/ingress_handler.go:120","msg":"Error retrieving TTL, defaulting.","commit":"7655d9c","error":"\"knativebrokerttl\" not found"}
{"level":"info","ts":"2019-12-03T21:04:41.141Z","logger":"broker_ingress","caller":"ingress/ingress_handler.go:120","msg":"Error retrieving TTL, defaulting.","commit":"7655d9c","error":"\"knativebrokerttl\" not found"}
{"level":"info","ts":"2019-12-03T21:04:41.141Z","logger":"broker_ingress","caller":"ingress/ingress_handler.go:120","msg":"Error retrieving TTL, defaulting.","commit":"7655d9c","error":"\"knativebrokerttl\" not found"}
{"level":"info","ts":"2019-12-03T21:04:41.142Z","logger":"broker_ingress","caller":"ingress/ingress_handler.go:120","msg":"Error retrieving TTL, defaulting.","commit":"7655d9c","error":"\"knativebrokerttl\" not found"}
{"level":"info","ts":"2019-12-03T21:04:41.142Z","logger":"broker_ingress","caller":"ingress/ingress_handler.go:120","msg":"Error retrieving TTL, defaulting.","commit":"7655d9c","error":"\"knativebrokerttl\" not found"}
{"level":"info","ts":"2019-12-03T21:04:41.143Z","logger":"broker_ingress","caller":"ingress/ingress_handler.go:120","msg":"Error retrieving TTL, defaulting.","commit":"7655d9c","error":"\"knativebrokerttl\" not found"}
{"level":"info","ts":"2019-12-03T21:04:41.144Z","logger":"broker_ingress","caller":"ingress/ingress_handler.go:120","msg":"Error retrieving TTL, defaulting.","commit":"7655d9c","error":"\"knativebrokerttl\" not found"}
{"level":"info","ts":"2019-12-03T21:04:41.144Z","logger":"broker_ingress","caller":"ingress/ingress_handler.go:120","msg":"Error retrieving TTL, defaulting.","commit":"7655d9c","error":"\"knativebrokerttl\" not found"}
{"level":"info","ts":"2019-12-03T21:04:41.145Z","logger":"broker_ingress","caller":"ingress/ingress_handler.go:120","msg":"Error retrieving TTL, defaulting.","commit":"7655d9c","error":"\"knativebrokerttl\" not found"}
{"level":"info","ts":"2019-12-03T21:04:41.146Z","logger":"broker_ingress","caller":"ingress/ingress_handler.go:120","msg":"Error retrieving TTL, defaulting.","commit":"7655d9c","error":"\"knativebrokerttl\" not found"}
{"level":"info","ts":"2019-12-03T21:04:41.148Z","logger":"broker_ingress","caller":"ingress/ingress_handler.go:120","msg":"Error retrieving TTL, defaulting.","commit":"7655d9c","error":"\"knativebrokerttl\" not found"}
{"level":"info","ts":"2019-12-03T21:04:41.149Z","logger":"broker_ingress","caller":"ingress/ingress_handler.go:120","msg":"Error retrieving TTL, defaulting.","commit":"7655d9c","error":"\"knativebrokerttl\" not found"}
{"level":"info","ts":"2019-12-03T21:04:41.149Z","logger":"broker_ingress","caller":"ingress/ingress_handler.go:120","msg":"Error retrieving TTL, defaulting.","commit":"7655d9c","error":"\"knativebrokerttl\" not found"}
{"level":"info","ts":"2019-12-03T21:04:41.149Z","logger":"broker_ingress","caller":"ingress/ingress_handler.go:120","msg":"Error retrieving TTL, defaulting.","commit":"7655d9c","error":"\"knativebrokerttl\" not found"}
{"level":"info","ts":"2019-12-03T21:04:41.152Z","logger":"broker_ingress","caller":"ingress/ingress_handler.go:120","msg":"Error retrieving TTL, defaulting.","commit":"7655d9c","error":"\"knativebrokerttl\" not found"}
{"level":"info","ts":"2019-12-03T21:04:41.153Z","logger":"broker_ingress","caller":"ingress/ingress_handler.go:120","msg":"Error retrieving TTL, defaulting.","commit":"7655d9c","error":"\"knativebrokerttl\" not found"}
{"level":"info","ts":"2019-12-03T21:04:41.154Z","logger":"broker_ingress","caller":"ingress/ingress_handler.go:120","msg":"Error retrieving TTL, defaulting.","commit":"7655d9c","error":"\"knativebrokerttl\" not found"}
{"level":"info","ts":"2019-12-03T21:04:41.154Z","logger":"broker_ingress","caller":"ingress/ingress_handler.go:120","msg":"Error retrieving TTL, defaulting.","commit":"7655d9c","error":"\"knativebrokerttl\" not found"}
{"level":"info","ts":"2019-12-03T21:04:41.156Z","logger":"broker_ingress","caller":"ingress/ingress_handler.go:120","msg":"Error retrieving TTL, defaulting.","commit":"7655d9c","error":"\"knativebrokerttl\" not found"}
{"level":"info","ts":"2019-12-03T21:04:41.157Z","logger":"broker_ingress","caller":"ingress/ingress_handler.go:120","msg":"Error retrieving TTL, defaulting.","commit":"7655d9c","error":"\"knativebrokerttl\" not found"}
{"level":"info","ts":"2019-12-03T21:04:41.157Z","logger":"broker_ingress","caller":"ingress/ingress_handler.go:120","msg":"Error retrieving TTL, defaulting.","commit":"7655d9c","error":"\"knativebrokerttl\" not found"}
{"level":"info","ts":"2019-12-03T21:04:41.158Z","logger":"broker_ingress","caller":"ingress/ingress_handler.go:120","msg":"Error retrieving TTL, defaulting.","commit":"7655d9c","error":"\"knativebrokerttl\" not found"}
{"level":"info","ts":"2019-12-03T21:04:41.159Z","logger":"broker_ingress","caller":"ingress/ingress_handler.go:120","msg":"Error retrieving TTL, defaulting.","commit":"7655d9c","error":"\"knativebrokerttl\" not found"}
{"level":"info","ts":"2019-12-03T21:04:41.159Z","logger":"broker_ingress","caller":"ingress/ingress_handler.go:120","msg":"Error retrieving TTL, defaulting.","commit":"7655d9c","error":"\"knativebrokerttl\" not found"}
{"level":"info","ts":"2019-12-03T21:04:41.159Z","logger":"broker_ingress","caller":"ingress/ingress_handler.go:120","msg":"Error retrieving TTL, defaulting.","commit":"7655d9c","error":"\"knativebrokerttl\" not found"}
{"level":"info","ts":"2019-12-03T21:04:41.162Z","logger":"broker_ingress","caller":"ingress/ingress_handler.go:120","msg":"Error retrieving TTL, defaulting.","commit":"7655d9c","error":"\"knativebrokerttl\" not found"}
{"level":"info","ts":"2019-12-03T21:04:41.163Z","logger":"broker_ingress","caller":"ingress/ingress_handler.go:120","msg":"Error retrieving TTL, defaulting.","commit":"7655d9c","error":"\"knativebrokerttl\" not found"}
{"level":"info","ts":"2019-12-03T21:04:41.163Z","logger":"broker_ingress","caller":"ingress/ingress_handler.go:120","msg":"Error retrieving TTL, defaulting.","commit":"7655d9c","error":"\"knativebrokerttl\" not found"}
{"level":"info","ts":"2019-12-03T21:04:41.164Z","logger":"broker_ingress","caller":"ingress/ingress_handler.go:120","msg":"Error retrieving TTL, defaulting.","commit":"7655d9c","error":"\"knativebrokerttl\" not found"}
{"level":"info","ts":"2019-12-03T21:04:41.164Z","logger":"broker_ingress","caller":"ingress/ingress_handler.go:120","msg":"Error retrieving TTL, defaulting.","commit":"7655d9c","error":"\"knativebrokerttl\" not found"}
{"level":"info","ts":"2019-12-03T21:04:41.165Z","logger":"broker_ingress","caller":"ingress/ingress_handler.go:120","msg":"Error retrieving TTL, defaulting.","commit":"7655d9c","error":"\"knativebrokerttl\" not found"}
{"level":"info","ts":"2019-12-03T21:04:41.166Z","logger":"broker_ingress","caller":"ingress/ingress_handler.go:120","msg":"Error retrieving TTL, defaulting.","commit":"7655d9c","error":"\"knativebrokerttl\" not found"}
{"level":"info","ts":"2019-12-03T21:04:41.168Z","logger":"broker_ingress","caller":"ingress/ingress_handler.go:120","msg":"Error retrieving TTL, defaulting.","commit":"7655d9c","error":"\"knativebrokerttl\" not found"}
{"level":"info","ts":"2019-12-03T21:04:41.169Z","logger":"broker_ingress","caller":"ingress/ingress_handler.go:120","msg":"Error retrieving TTL, defaulting.","commit":"7655d9c","error":"\"knativebrokerttl\" not found"}
{"level":"info","ts":"2019-12-03T21:04:41.170Z","logger":"broker_ingress","caller":"ingress/ingress_handler.go:120","msg":"Error retrieving TTL, defaulting.","commit":"7655d9c","error":"\"knativebrokerttl\" not found"}
{"level":"info","ts":"2019-12-03T21:04:41.170Z","logger":"broker_ingress","caller":"ingress/ingress_handler.go:120","msg":"Error retrieving TTL, defaulting.","commit":"7655d9c","error":"\"knativebrokerttl\" not found"}
{"level":"info","ts":"2019-12-03T21:04:41.171Z","logger":"broker_ingress","caller":"ingress/ingress_handler.go:120","msg":"Error retrieving TTL, defaulting.","commit":"7655d9c","error":"\"knativebrokerttl\" not found"}
{"level":"info","ts":"2019-12-03T21:04:41.171Z","logger":"broker_ingress","caller":"ingress/ingress_handler.go:120","msg":"Error retrieving TTL, defaulting.","commit":"7655d9c","error":"\"knativebrokerttl\" not found"}
{"level":"info","ts":"2019-12-03T21:04:41.172Z","logger":"broker_ingress","caller":"ingress/ingress_handler.go:120","msg":"Error retrieving TTL, defaulting.","commit":"7655d9c","error":"\"knativebrokerttl\" not found"}
{"level":"info","ts":"2019-12-03T21:04:41.173Z","logger":"broker_ingress","caller":"ingress/ingress_handler.go:120","msg":"Error retrieving TTL, defaulting.","commit":"7655d9c","error":"\"knativebrokerttl\" not found"}
{"level":"info","ts":"2019-12-03T21:04:41.173Z","logger":"broker_ingress","caller":"ingress/ingress_handler.go:120","msg":"Error retrieving TTL, defaulting.","commit":"7655d9c","error":"\"knativebrokerttl\" not found"}
{"level":"info","ts":"2019-12-03T21:04:41.175Z","logger":"broker_ingress","caller":"ingress/ingress_handler.go:120","msg":"Error retrieving TTL, defaulting.","commit":"7655d9c","error":"\"knativebrokerttl\" not found"}
{"level":"info","ts":"2019-12-03T21:04:41.176Z","logger":"broker_ingress","caller":"ingress/ingress_handler.go:120","msg":"Error retrieving TTL, defaulting.","commit":"7655d9c","error":"\"knativebrokerttl\" not found"}
{"level":"info","ts":"2019-12-03T21:04:41.176Z","logger":"broker_ingress","caller":"ingress/ingress_handler.go:120","msg":"Error retrieving TTL, defaulting.","commit":"7655d9c","error":"\"knativebrokerttl\" not found"}
{"level":"info","ts":"2019-12-03T21:04:41.178Z","logger":"broker_ingress","caller":"ingress/ingress_handler.go:120","msg":"Error retrieving TTL, defaulting.","commit":"7655d9c","error":"\"knativebrokerttl\" not found"}
{"level":"info","ts":"2019-12-03T21:04:41.179Z","logger":"broker_ingress","caller":"ingress/ingress_handler.go:120","msg":"Error retrieving TTL, defaulting.","commit":"7655d9c","error":"\"knativebrokerttl\" not found"}
{"level":"info","ts":"2019-12-03T21:04:41.179Z","logger":"broker_ingress","caller":"ingress/ingress_handler.go:120","msg":"Error retrieving TTL, defaulting.","commit":"7655d9c","error":"\"knativebrokerttl\" not found"}
{"level":"info","ts":"2019-12-03T21:04:41.181Z","logger":"broker_ingress","caller":"ingress/ingress_handler.go:120","msg":"Error retrieving TTL, defaulting.","commit":"7655d9c","error":"\"knativebrokerttl\" not found"}
{"level":"info","ts":"2019-12-03T21:04:41.181Z","logger":"broker_ingress","caller":"ingress/ingress_handler.go:120","msg":"Error retrieving TTL, defaulting.","commit":"7655d9c","error":"\"knativebrokerttl\" not found"}
{"level":"info","ts":"2019-12-03T21:04:41.182Z","logger":"broker_ingress","caller":"ingress/ingress_handler.go:120","msg":"Error retrieving TTL, defaulting.","commit":"7655d9c","error":"\"knativebrokerttl\" not found"}
{"level":"info","ts":"2019-12-03T21:04:41.183Z","logger":"broker_ingress","caller":"ingress/ingress_handler.go:120","msg":"Error retrieving TTL, defaulting.","commit":"7655d9c","error":"\"knativebrokerttl\" not found"}
{"level":"info","ts":"2019-12-03T21:04:41.184Z","logger":"broker_ingress","caller":"ingress/ingress_handler.go:120","msg":"Error retrieving TTL, defaulting.","commit":"7655d9c","error":"\"knativebrokerttl\" not found"}
{"level":"info","ts":"2019-12-03T21:04:41.185Z","logger":"broker_ingress","caller":"ingress/ingress_handler.go:120","msg":"Error retrieving TTL, defaulting.","commit":"7655d9c","error":"\"knativebrokerttl\" not found"}
{"level":"info","ts":"2019-12-03T21:04:41.186Z","logger":"broker_ingress","caller":"ingress/ingress_handler.go:120","msg":"Error retrieving TTL, defaulting.","commit":"7655d9c","error":"\"knativebrokerttl\" not found"}
{"level":"info","ts":"2019-12-03T21:04:41.187Z","logger":"broker_ingress","caller":"ingress/ingress_handler.go:120","msg":"Error retrieving TTL, defaulting.","commit":"7655d9c","error":"\"knativebrokerttl\" not found"}
{"level":"info","ts":"2019-12-03T21:04:41.188Z","logger":"broker_ingress","caller":"ingress/ingress_handler.go:120","msg":"Error retrieving TTL, defaulting.","commit":"7655d9c","error":"\"knativebrokerttl\" not found"}
{"level":"info","ts":"2019-12-03T21:04:41.189Z","logger":"broker_ingress","caller":"ingress/ingress_handler.go:120","msg":"Error retrieving TTL, defaulting.","commit":"7655d9c","error":"\"knativebrokerttl\" not found"}
{"level":"info","ts":"2019-12-03T21:04:41.191Z","logger":"broker_ingress","caller":"ingress/ingress_handler.go:120","msg":"Error retrieving TTL, defaulting.","commit":"7655d9c","error":"\"knativebrokerttl\" not found"}
{"level":"info","ts":"2019-12-03T21:04:41.191Z","logger":"broker_ingress","caller":"ingress/ingress_handler.go:120","msg":"Error retrieving TTL, defaulting.","commit":"7655d9c","error":"\"knativebrokerttl\" not found"}
{"level":"info","ts":"2019-12-03T21:04:41.192Z","logger":"broker_ingress","caller":"ingress/ingress_handler.go:120","msg":"Error retrieving TTL, defaulting.","commit":"7655d9c","error":"\"knativebrokerttl\" not found"}
{"level":"info","ts":"2019-12-03T21:04:41.193Z","logger":"broker_ingress","caller":"ingress/ingress_handler.go:120","msg":"Error retrieving TTL, defaulting.","commit":"7655d9c","error":"\"knativebrokerttl\" not found"}
{"level":"info","ts":"2019-12-03T21:04:41.194Z","logger":"broker_ingress","caller":"ingress/ingress_handler.go:120","msg":"Error retrieving TTL, defaulting.","commit":"7655d9c","error":"\"knativebrokerttl\" not found"}
{"level":"info","ts":"2019-12-03T21:04:41.191Z","logger":"broker_ingress","caller":"ingress/ingress_handler.go:120","msg":"Error retrieving TTL, defaulting.","commit":"7655d9c","error":"\"knativebrokerttl\" not found"}
{"level":"info","ts":"2019-12-03T21:04:41.196Z","logger":"broker_ingress","caller":"ingress/ingress_handler.go:120","msg":"Error retrieving TTL, defaulting.","commit":"7655d9c","error":"\"knativebrokerttl\" not found"}
{"level":"info","ts":"2019-12-03T21:04:41.197Z","logger":"broker_ingress","caller":"ingress/ingress_handler.go:120","msg":"Error retrieving TTL, defaulting.","commit":"7655d9c","error":"\"knativebrokerttl\" not found"}
{"level":"info","ts":"2019-12-03T21:04:41.197Z","logger":"broker_ingress","caller":"ingress/ingress_handler.go:120","msg":"Error retrieving TTL, defaulting.","commit":"7655d9c","error":"\"knativebrokerttl\" not found"}
{"level":"info","ts":"2019-12-03T21:04:41.199Z","logger":"broker_ingress","caller":"ingress/ingress_handler.go:120","msg":"Error retrieving TTL, defaulting.","commit":"7655d9c","error":"\"knativebrokerttl\" not found"}
{"level":"info","ts":"2019-12-03T21:04:41.200Z","logger":"broker_ingress","caller":"ingress/ingress_handler.go:120","msg":"Error retrieving TTL, defaulting.","commit":"7655d9c","error":"\"knativebrokerttl\" not found"}
{"level":"info","ts":"2019-12-03T21:04:41.201Z","logger":"broker_ingress","caller":"ingress/ingress_handler.go:120","msg":"Error retrieving TTL, defaulting.","commit":"7655d9c","error":"\"knativebrokerttl\" not found"}
{"level":"info","ts":"2019-12-03T21:04:41.201Z","logger":"broker_ingress","caller":"ingress/ingress_handler.go:120","msg":"Error retrieving TTL, defaulting.","commit":"7655d9c","error":"\"knativebrokerttl\" not found"}
{"level":"info","ts":"2019-12-03T21:04:41.202Z","logger":"broker_ingress","caller":"ingress/ingress_handler.go:120","msg":"Error retrieving TTL, defaulting.","commit":"7655d9c","error":"\"knativebrokerttl\" not found"}
{"level":"info","ts":"2019-12-03T21:04:41.202Z","logger":"broker_ingress","caller":"ingress/ingress_handler.go:120","msg":"Error retrieving TTL, defaulting.","commit":"7655d9c","error":"\"knativebrokerttl\" not found"}
{"level":"info","ts":"2019-12-03T21:04:41.203Z","logger":"broker_ingress","caller":"ingress/ingress_handler.go:120","msg":"Error retrieving TTL, defaulting.","commit":"7655d9c","error":"\"knativebrokerttl\" not found"}
{"level":"info","ts":"2019-12-03T21:04:41.204Z","logger":"broker_ingress","caller":"ingress/ingress_handler.go:120","msg":"Error retrieving TTL, defaulting.","commit":"7655d9c","error":"\"knativebrokerttl\" not found"}
{"level":"info","ts":"2019-12-03T21:04:41.204Z","logger":"broker_ingress","caller":"ingress/ingress_handler.go:120","msg":"Error retrieving TTL, defaulting.","commit":"7655d9c","error":"\"knativebrokerttl\" not found"}
{"level":"info","ts":"2019-12-03T21:04:41.205Z","logger":"broker_ingress","caller":"ingress/ingress_handler.go:120","msg":"Error retrieving TTL, defaulting.","commit":"7655d9c","error":"\"knativebrokerttl\" not found"}
{"level":"info","ts":"2019-12-03T21:04:41.206Z","logger":"broker_ingress","caller":"ingress/ingress_handler.go:120","msg":"Error retrieving TTL, defaulting.","commit":"7655d9c","error":"\"knativebrokerttl\" not found"}
{"level":"info","ts":"2019-12-03T21:04:41.207Z","logger":"broker_ingress","caller":"ingress/ingress_handler.go:120","msg":"Error retrieving TTL, defaulting.","commit":"7655d9c","error":"\"knativebrokerttl\" not found"}
{"level":"info","ts":"2019-12-03T21:04:41.209Z","logger":"broker_ingress","caller":"ingress/ingress_handler.go:120","msg":"Error retrieving TTL, defaulting.","commit":"7655d9c","error":"\"knativebrokerttl\" not found"}
{"level":"info","ts":"2019-12-03T21:04:41.210Z","logger":"broker_ingress","caller":"ingress/ingress_handler.go:120","msg":"Error retrieving TTL, defaulting.","commit":"7655d9c","error":"\"knativebrokerttl\" not found"}
{"level":"info","ts":"2019-12-03T21:04:41.212Z","logger":"broker_ingress","caller":"ingress/ingress_handler.go:120","msg":"Error retrieving TTL, defaulting.","commit":"7655d9c","error":"\"knativebrokerttl\" not found"}
{"level":"info","ts":"2019-12-03T21:04:41.213Z","logger":"broker_ingress","caller":"ingress/ingress_handler.go:120","msg":"Error retrieving TTL, defaulting.","commit":"7655d9c","error":"\"knativebrokerttl\" not found"}
{"level":"info","ts":"2019-12-03T21:04:41.214Z","logger":"broker_ingress","caller":"ingress/ingress_handler.go:120","msg":"Error retrieving TTL, defaulting.","commit":"7655d9c","error":"\"knativebrokerttl\" not found"}
{"level":"info","ts":"2019-12-03T21:04:41.215Z","logger":"broker_ingress","caller":"ingress/ingress_handler.go:120","msg":"Error retrieving TTL, defaulting.","commit":"7655d9c","error":"\"knativebrokerttl\" not found"}
{"level":"info","ts":"2019-12-03T21:04:41.216Z","logger":"broker_ingress","caller":"ingress/ingress_handler.go:120","msg":"Error retrieving TTL, defaulting.","commit":"7655d9c","error":"\"knativebrokerttl\" not found"}
{"level":"info","ts":"2019-12-03T21:04:41.216Z","logger":"broker_ingress","caller":"ingress/ingress_handler.go:120","msg":"Error retrieving TTL, defaulting.","commit":"7655d9c","error":"\"knativebrokerttl\" not found"}
{"level":"info","ts":"2019-12-03T21:04:41.217Z","logger":"broker_ingress","caller":"ingress/ingress_handler.go:120","msg":"Error retrieving TTL, defaulting.","commit":"7655d9c","error":"\"knativebrokerttl\" not found"}
{"level":"info","ts":"2019-12-03T21:04:41.217Z","logger":"broker_ingress","caller":"ingress/ingress_handler.go:120","msg":"Error retrieving TTL, defaulting.","commit":"7655d9c","error":"\"knativebrokerttl\" not found"}
{"level":"info","ts":"2019-12-03T21:04:41.218Z","logger":"broker_ingress","caller":"ingress/ingress_handler.go:120","msg":"Error retrieving TTL, defaulting.","commit":"7655d9c","error":"\"knativebrokerttl\" not found"}
{"level":"info","ts":"2019-12-03T21:04:41.219Z","logger":"broker_ingress","caller":"ingress/ingress_handler.go:120","msg":"Error retrieving TTL, defaulting.","commit":"7655d9c","error":"\"knativebrokerttl\" not found"}
{"level":"info","ts":"2019-12-03T21:04:41.220Z","logger":"broker_ingress","caller":"ingress/ingress_handler.go:120","msg":"Error retrieving TTL, defaulting.","commit":"7655d9c","error":"\"knativebrokerttl\" not found"}
{"level":"info","ts":"2019-12-03T21:04:41.222Z","logger":"broker_ingress","caller":"ingress/ingress_handler.go:120","msg":"Error retrieving TTL, defaulting.","commit":"7655d9c","error":"\"knativebrokerttl\" not found"}
{"level":"info","ts":"2019-12-03T21:04:41.225Z","logger":"broker_ingress","caller":"ingress/ingress_handler.go:120","msg":"Error retrieving TTL, defaulting.","commit":"7655d9c","error":"\"knativebrokerttl\" not found"}
{"level":"info","ts":"2019-12-03T21:04:41.226Z","logger":"broker_ingress","caller":"ingress/ingress_handler.go:120","msg":"Error retrieving TTL, defaulting.","commit":"7655d9c","error":"\"knativebrokerttl\" not found"}
{"level":"info","ts":"2019-12-03T21:04:41.227Z","logger":"broker_ingress","caller":"ingress/ingress_handler.go:120","msg":"Error retrieving TTL, defaulting.","commit":"7655d9c","error":"\"knativebrokerttl\" not found"}
{"level":"info","ts":"2019-12-03T21:04:41.227Z","logger":"broker_ingress","caller":"ingress/ingress_handler.go:120","msg":"Error retrieving TTL, defaulting.","commit":"7655d9c","error":"\"knativebrokerttl\" not found"}
{"level":"info","ts":"2019-12-03T21:04:41.228Z","logger":"broker_ingress","caller":"ingress/ingress_handler.go:120","msg":"Error retrieving TTL, defaulting.","commit":"7655d9c","error":"\"knativebrokerttl\" not found"}
{"level":"info","ts":"2019-12-03T21:04:41.228Z","logger":"broker_ingress","caller":"ingress/ingress_handler.go:120","msg":"Error retrieving TTL, defaulting.","commit":"7655d9c","error":"\"knativebrokerttl\" not found"}
{"level":"info","ts":"2019-12-03T21:04:41.228Z","logger":"broker_ingress","caller":"ingress/ingress_handler.go:120","msg":"Error retrieving TTL, defaulting.","commit":"7655d9c","error":"\"knativebrokerttl\" not found"}
{"level":"info","ts":"2019-12-03T21:04:41.228Z","logger":"broker_ingress","caller":"ingress/ingress_handler.go:120","msg":"Error retrieving TTL, defaulting.","commit":"7655d9c","error":"\"knativebrokerttl\" not found"}
{"level":"info","ts":"2019-12-03T21:04:41.229Z","logger":"broker_ingress","caller":"ingress/ingress_handler.go:120","msg":"Error retrieving TTL, defaulting.","commit":"7655d9c","error":"\"knativebrokerttl\" not found"}
{"level":"info","ts":"2019-12-03T21:04:41.231Z","logger":"broker_ingress","caller":"ingress/ingress_handler.go:120","msg":"Error retrieving TTL, defaulting.","commit":"7655d9c","error":"\"knativebrokerttl\" not found"}
{"level":"info","ts":"2019-12-03T21:04:41.231Z","logger":"broker_ingress","caller":"ingress/ingress_handler.go:120","msg":"Error retrieving TTL, defaulting.","commit":"7655d9c","error":"\"knativebrokerttl\" not found"}
{"level":"info","ts":"2019-12-03T21:04:41.232Z","logger":"broker_ingress","caller":"ingress/ingress_handler.go:120","msg":"Error retrieving TTL, defaulting.","commit":"7655d9c","error":"\"knativebrokerttl\" not found"}
{"level":"info","ts":"2019-12-03T21:04:41.232Z","logger":"broker_ingress","caller":"ingress/ingress_handler.go:120","msg":"Error retrieving TTL, defaulting.","commit":"7655d9c","error":"\"knativebrokerttl\" not found"}
{"level":"info","ts":"2019-12-03T21:04:41.233Z","logger":"broker_ingress","caller":"ingress/ingress_handler.go:120","msg":"Error retrieving TTL, defaulting.","commit":"7655d9c","error":"\"knativebrokerttl\" not found"}
{"level":"info","ts":"2019-12-03T21:04:41.233Z","logger":"broker_ingress","caller":"ingress/ingress_handler.go:120","msg":"Error retrieving TTL, defaulting.","commit":"7655d9c","error":"\"knativebrokerttl\" not found"}
{"level":"info","ts":"2019-12-03T21:04:41.235Z","logger":"broker_ingress","caller":"ingress/ingress_handler.go:120","msg":"Error retrieving TTL, defaulting.","commit":"7655d9c","error":"\"knativebrokerttl\" not found"}
{"level":"info","ts":"2019-12-03T21:04:41.235Z","logger":"broker_ingress","caller":"ingress/ingress_handler.go:120","msg":"Error retrieving TTL, defaulting.","commit":"7655d9c","error":"\"knativebrokerttl\" not found"}
{"level":"info","ts":"2019-12-03T21:04:41.236Z","logger":"broker_ingress","caller":"ingress/ingress_handler.go:120","msg":"Error retrieving TTL, defaulting.","commit":"7655d9c","error":"\"knativebrokerttl\" not found"}
{"level":"info","ts":"2019-12-03T21:04:41.240Z","logger":"broker_ingress","caller":"ingress/ingress_handler.go:120","msg":"Error retrieving TTL, defaulting.","commit":"7655d9c","error":"\"knativebrokerttl\" not found"}
{"level":"info","ts":"2019-12-03T21:04:41.242Z","logger":"broker_ingress","caller":"ingress/ingress_handler.go:120","msg":"Error retrieving TTL, defaulting.","commit":"7655d9c","error":"\"knativebrokerttl\" not found"}
{"level":"info","ts":"2019-12-03T21:04:41.242Z","logger":"broker_ingress","caller":"ingress/ingress_handler.go:120","msg":"Error retrieving TTL, defaulting.","commit":"7655d9c","error":"\"knativebrokerttl\" not found"}
{"level":"info","ts":"2019-12-03T21:04:41.244Z","logger":"broker_ingress","caller":"ingress/ingress_handler.go:120","msg":"Error retrieving TTL, defaulting.","commit":"7655d9c","error":"\"knativebrokerttl\" not found"}
{"level":"info","ts":"2019-12-03T21:04:41.244Z","logger":"broker_ingress","caller":"ingress/ingress_handler.go:120","msg":"Error retrieving TTL, defaulting.","commit":"7655d9c","error":"\"knativebrokerttl\" not found"}
{"level":"info","ts":"2019-12-03T21:04:41.245Z","logger":"broker_ingress","caller":"ingress/ingress_handler.go:120","msg":"Error retrieving TTL, defaulting.","commit":"7655d9c","error":"\"knativebrokerttl\" not found"}
{"level":"info","ts":"2019-12-03T21:04:41.245Z","logger":"broker_ingress","caller":"ingress/ingress_handler.go:120","msg":"Error retrieving TTL, defaulting.","commit":"7655d9c","error":"\"knativebrokerttl\" not found"}
{"level":"info","ts":"2019-12-03T21:04:41.246Z","logger":"broker_ingress","caller":"ingress/ingress_handler.go:120","msg":"Error retrieving TTL, defaulting.","commit":"7655d9c","error":"\"knativebrokerttl\" not found"}
{"level":"info","ts":"2019-12-03T21:04:41.248Z","logger":"broker_ingress","caller":"ingress/ingress_handler.go:120","msg":"Error retrieving TTL, defaulting.","commit":"7655d9c","error":"\"knativebrokerttl\" not found"}
{"level":"info","ts":"2019-12-03T21:04:41.250Z","logger":"broker_ingress","caller":"ingress/ingress_handler.go:120","msg":"Error retrieving TTL, defaulting.","commit":"7655d9c","error":"\"knativebrokerttl\" not found"}
{"level":"info","ts":"2019-12-03T21:04:41.250Z","logger":"broker_ingress","caller":"ingress/ingress_handler.go:120","msg":"Error retrieving TTL, defaulting.","commit":"7655d9c","error":"\"knativebrokerttl\" not found"}
{"level":"info","ts":"2019-12-03T21:04:41.250Z","logger":"broker_ingress","caller":"ingress/ingress_handler.go:120","msg":"Error retrieving TTL, defaulting.","commit":"7655d9c","error":"\"knativebrokerttl\" not found"}
{"level":"info","ts":"2019-12-03T21:04:41.251Z","logger":"broker_ingress","caller":"ingress/ingress_handler.go:120","msg":"Error retrieving TTL, defaulting.","commit":"7655d9c","error":"\"knativebrokerttl\" not found"}
{"level":"info","ts":"2019-12-03T21:04:41.250Z","logger":"broker_ingress","caller":"ingress/ingress_handler.go:120","msg":"Error retrieving TTL, defaulting.","commit":"7655d9c","error":"\"knativebrokerttl\" not found"}
{"level":"info","ts":"2019-12-03T21:04:41.252Z","logger":"broker_ingress","caller":"ingress/ingress_handler.go:120","msg":"Error retrieving TTL, defaulting.","commit":"7655d9c","error":"\"knativebrokerttl\" not found"}
{"level":"info","ts":"2019-12-03T21:04:41.253Z","logger":"broker_ingress","caller":"ingress/ingress_handler.go:120","msg":"Error retrieving TTL, defaulting.","commit":"7655d9c","error":"\"knativebrokerttl\" not found"}
{"level":"info","ts":"2019-12-03T21:04:41.253Z","logger":"broker_ingress","caller":"ingress/ingress_handler.go:120","msg":"Error retrieving TTL, defaulting.","commit":"7655d9c","error":"\"knativebrokerttl\" not found"}
{"level":"info","ts":"2019-12-03T21:04:41.254Z","logger":"broker_ingress","caller":"ingress/ingress_handler.go:120","msg":"Error retrieving TTL, defaulting.","commit":"7655d9c","error":"\"knativebrokerttl\" not found"}
{"level":"info","ts":"2019-12-03T21:04:41.257Z","logger":"broker_ingress","caller":"ingress/ingress_handler.go:120","msg":"Error retrieving TTL, defaulting.","commit":"7655d9c","error":"\"knativebrokerttl\" not found"}
{"level":"info","ts":"2019-12-03T21:04:41.258Z","logger":"broker_ingress","caller":"ingress/ingress_handler.go:120","msg":"Error retrieving TTL, defaulting.","commit":"7655d9c","error":"\"knativebrokerttl\" not found"}
{"level":"info","ts":"2019-12-03T21:04:41.261Z","logger":"broker_ingress","caller":"ingress/ingress_handler.go:120","msg":"Error retrieving TTL, defaulting.","commit":"7655d9c","error":"\"knativebrokerttl\" not found"}
{"level":"info","ts":"2019-12-03T21:04:41.262Z","logger":"broker_ingress","caller":"ingress/ingress_handler.go:120","msg":"Error retrieving TTL, defaulting.","commit":"7655d9c","error":"\"knativebrokerttl\" not found"}
{"level":"info","ts":"2019-12-03T21:04:41.263Z","logger":"broker_ingress","caller":"ingress/ingress_handler.go:120","msg":"Error retrieving TTL, defaulting.","commit":"7655d9c","error":"\"knativebrokerttl\" not found"}
{"level":"info","ts":"2019-12-03T21:04:41.264Z","logger":"broker_ingress","caller":"ingress/ingress_handler.go:120","msg":"Error retrieving TTL, defaulting.","commit":"7655d9c","error":"\"knativebrokerttl\" not found"}
{"level":"info","ts":"2019-12-03T21:04:41.265Z","logger":"broker_ingress","caller":"ingress/ingress_handler.go:120","msg":"Error retrieving TTL, defaulting.","commit":"7655d9c","error":"\"knativebrokerttl\" not found"}
{"level":"info","ts":"2019-12-03T21:04:41.266Z","logger":"broker_ingress","caller":"ingress/ingress_handler.go:120","msg":"Error retrieving TTL, defaulting.","commit":"7655d9c","error":"\"knativebrokerttl\" not found"}
{"level":"info","ts":"2019-12-03T21:04:41.267Z","logger":"broker_ingress","caller":"ingress/ingress_handler.go:120","msg":"Error retrieving TTL, defaulting.","commit":"7655d9c","error":"\"knativebrokerttl\" not found"}
{"level":"info","ts":"2019-12-03T21:04:41.268Z","logger":"broker_ingress","caller":"ingress/ingress_handler.go:120","msg":"Error retrieving TTL, defaulting.","commit":"7655d9c","error":"\"knativebrokerttl\" not found"}
{"level":"info","ts":"2019-12-03T21:04:41.270Z","logger":"broker_ingress","caller":"ingress/ingress_handler.go:120","msg":"Error retrieving TTL, defaulting.","commit":"7655d9c","error":"\"knativebrokerttl\" not found"}
{"level":"info","ts":"2019-12-03T21:04:41.270Z","logger":"broker_ingress","caller":"ingress/ingress_handler.go:120","msg":"Error retrieving TTL, defaulting.","commit":"7655d9c","error":"\"knativebrokerttl\" not found"}
{"level":"info","ts":"2019-12-03T21:04:41.270Z","logger":"broker_ingress","caller":"ingress/ingress_handler.go:120","msg":"Error retrieving TTL, defaulting.","commit":"7655d9c","error":"\"knativebrokerttl\" not found"}
{"level":"info","ts":"2019-12-03T21:04:41.271Z","logger":"broker_ingress","caller":"ingress/ingress_handler.go:120","msg":"Error retrieving TTL, defaulting.","commit":"7655d9c","error":"\"knativebrokerttl\" not found"}
{"level":"info","ts":"2019-12-03T21:04:41.271Z","logger":"broker_ingress","caller":"ingress/ingress_handler.go:120","msg":"Error retrieving TTL, defaulting.","commit":"7655d9c","error":"\"knativebrokerttl\" not found"}
{"level":"info","ts":"2019-12-03T21:04:41.272Z","logger":"broker_ingress","caller":"ingress/ingress_handler.go:120","msg":"Error retrieving TTL, defaulting.","commit":"7655d9c","error":"\"knativebrokerttl\" not found"}
{"level":"info","ts":"2019-12-03T21:04:41.272Z","logger":"broker_ingress","caller":"ingress/ingress_handler.go:120","msg":"Error retrieving TTL, defaulting.","commit":"7655d9c","error":"\"knativebrokerttl\" not found"}
{"level":"info","ts":"2019-12-03T21:04:41.272Z","logger":"broker_ingress","caller":"ingress/ingress_handler.go:120","msg":"Error retrieving TTL, defaulting.","commit":"7655d9c","error":"\"knativebrokerttl\" not found"}
{"level":"info","ts":"2019-12-03T21:04:41.272Z","logger":"broker_ingress","caller":"ingress/ingress_handler.go:120","msg":"Error retrieving TTL, defaulting.","commit":"7655d9c","error":"\"knativebrokerttl\" not found"}
{"level":"info","ts":"2019-12-03T21:04:41.283Z","logger":"broker_ingress","caller":"ingress/ingress_handler.go:120","msg":"Error retrieving TTL, defaulting.","commit":"7655d9c","error":"\"knativebrokerttl\" not found"}
{"level":"info","ts":"2019-12-03T21:04:41.273Z","logger":"broker_ingress","caller":"ingress/ingress_handler.go:120","msg":"Error retrieving TTL, defaulting.","commit":"7655d9c","error":"\"knativebrokerttl\" not found"}
{"level":"info","ts":"2019-12-03T21:04:41.274Z","logger":"broker_ingress","caller":"ingress/ingress_handler.go:120","msg":"Error retrieving TTL, defaulting.","commit":"7655d9c","error":"\"knativebrokerttl\" not found"}
{"level":"info","ts":"2019-12-03T21:04:41.274Z","logger":"broker_ingress","caller":"ingress/ingress_handler.go:120","msg":"Error retrieving TTL, defaulting.","commit":"7655d9c","error":"\"knativebrokerttl\" not found"}
{"level":"info","ts":"2019-12-03T21:04:41.279Z","logger":"broker_ingress","caller":"ingress/ingress_handler.go:120","msg":"Error retrieving TTL, defaulting.","commit":"7655d9c","error":"\"knativebrokerttl\" not found"}
{"level":"info","ts":"2019-12-03T21:04:41.279Z","logger":"broker_ingress","caller":"ingress/ingress_handler.go:120","msg":"Error retrieving TTL, defaulting.","commit":"7655d9c","error":"\"knativebrokerttl\" not found"}
{"level":"info","ts":"2019-12-03T21:04:41.285Z","logger":"broker_ingress","caller":"ingress/ingress_handler.go:120","msg":"Error retrieving TTL, defaulting.","commit":"7655d9c","error":"\"knativebrokerttl\" not found"}
{"level":"info","ts":"2019-12-03T21:04:41.280Z","logger":"broker_ingress","caller":"ingress/ingress_handler.go:120","msg":"Error retrieving TTL, defaulting.","commit":"7655d9c","error":"\"knativebrokerttl\" not found"}
{"level":"info","ts":"2019-12-03T21:04:41.280Z","logger":"broker_ingress","caller":"ingress/ingress_handler.go:120","msg":"Error retrieving TTL, defaulting.","commit":"7655d9c","error":"\"knativebrokerttl\" not found"}
{"level":"info","ts":"2019-12-03T21:04:41.285Z","logger":"broker_ingress","caller":"ingress/ingress_handler.go:120","msg":"Error retrieving TTL, defaulting.","commit":"7655d9c","error":"\"knativebrokerttl\" not found"}
{"level":"info","ts":"2019-12-03T21:04:41.281Z","logger":"broker_ingress","caller":"ingress/ingress_handler.go:120","msg":"Error retrieving TTL, defaulting.","commit":"7655d9c","error":"\"knativebrokerttl\" not found"}
{"level":"info","ts":"2019-12-03T21:04:41.281Z","logger":"broker_ingress","caller":"ingress/ingress_handler.go:120","msg":"Error retrieving TTL, defaulting.","commit":"7655d9c","error":"\"knativebrokerttl\" not found"}
{"level":"info","ts":"2019-12-03T21:04:41.282Z","logger":"broker_ingress","caller":"ingress/ingress_handler.go:120","msg":"Error retrieving TTL, defaulting.","commit":"7655d9c","error":"\"knativebrokerttl\" not found"}
{"level":"info","ts":"2019-12-03T21:04:41.283Z","logger":"broker_ingress","caller":"ingress/ingress_handler.go:120","msg":"Error retrieving TTL, defaulting.","commit":"7655d9c","error":"\"knativebrokerttl\" not found"}
{"level":"info","ts":"2019-12-03T21:04:41.285Z","logger":"broker_ingress","caller":"ingress/ingress_handler.go:120","msg":"Error retrieving TTL, defaulting.","commit":"7655d9c","error":"\"knativebrokerttl\" not found"}
{"level":"info","ts":"2019-12-03T21:04:41.287Z","logger":"broker_ingress","caller":"ingress/ingress_handler.go:120","msg":"Error retrieving TTL, defaulting.","commit":"7655d9c","error":"\"knativebrokerttl\" not found"}
{"level":"info","ts":"2019-12-03T21:04:41.285Z","logger":"broker_ingress","caller":"ingress/ingress_handler.go:120","msg":"Error retrieving TTL, defaulting.","commit":"7655d9c","error":"\"knativebrokerttl\" not found"}
{"level":"info","ts":"2019-12-03T21:04:41.287Z","logger":"broker_ingress","caller":"ingress/ingress_handler.go:120","msg":"Error retrieving TTL, defaulting.","commit":"7655d9c","error":"\"knativebrokerttl\" not found"}
{"level":"info","ts":"2019-12-03T21:04:41.288Z","logger":"broker_ingress","caller":"ingress/ingress_handler.go:120","msg":"Error retrieving TTL, defaulting.","commit":"7655d9c","error":"\"knativebrokerttl\" not found"}
{"level":"info","ts":"2019-12-03T21:04:41.291Z","logger":"broker_ingress","caller":"ingress/ingress_handler.go:120","msg":"Error retrieving TTL, defaulting.","commit":"7655d9c","error":"\"knativebrokerttl\" not found"}
{"level":"info","ts":"2019-12-03T21:04:41.291Z","logger":"broker_ingress","caller":"ingress/ingress_handler.go:120","msg":"Error retrieving TTL, defaulting.","commit":"7655d9c","error":"\"knativebrokerttl\" not found"}
{"level":"info","ts":"2019-12-03T21:04:41.292Z","logger":"broker_ingress","caller":"ingress/ingress_handler.go:120","msg":"Error retrieving TTL, defaulting.","commit":"7655d9c","error":"\"knativebrokerttl\" not found"}
{"level":"info","ts":"2019-12-03T21:04:41.294Z","logger":"broker_ingress","caller":"ingress/ingress_handler.go:120","msg":"Error retrieving TTL, defaulting.","commit":"7655d9c","error":"\"knativebrokerttl\" not found"}
{"level":"info","ts":"2019-12-03T21:04:41.294Z","logger":"broker_ingress","caller":"ingress/ingress_handler.go:120","msg":"Error retrieving TTL, defaulting.","commit":"7655d9c","error":"\"knativebrokerttl\" not found"}
{"level":"info","ts":"2019-12-03T21:04:41.294Z","logger":"broker_ingress","caller":"ingress/ingress_handler.go:120","msg":"Error retrieving TTL, defaulting.","commit":"7655d9c","error":"\"knativebrokerttl\" not found"}
{"level":"info","ts":"2019-12-03T21:04:41.296Z","logger":"broker_ingress","caller":"ingress/ingress_handler.go:120","msg":"Error retrieving TTL, defaulting.","commit":"7655d9c","error":"\"knativebrokerttl\" not found"}
{"level":"info","ts":"2019-12-03T21:04:41.296Z","logger":"broker_ingress","caller":"ingress/ingress_handler.go:120","msg":"Error retrieving TTL, defaulting.","commit":"7655d9c","error":"\"knativebrokerttl\" not found"}
{"level":"info","ts":"2019-12-03T21:04:41.297Z","logger":"broker_ingress","caller":"ingress/ingress_handler.go:120","msg":"Error retrieving TTL, defaulting.","commit":"7655d9c","error":"\"knativebrokerttl\" not found"}
{"level":"info","ts":"2019-12-03T21:04:41.298Z","logger":"broker_ingress","caller":"ingress/ingress_handler.go:120","msg":"Error retrieving TTL, defaulting.","commit":"7655d9c","error":"\"knativebrokerttl\" not found"}
{"level":"info","ts":"2019-12-03T21:04:41.299Z","logger":"broker_ingress","caller":"ingress/ingress_handler.go:120","msg":"Error retrieving TTL, defaulting.","commit":"7655d9c","error":"\"knativebrokerttl\" not found"}
{"level":"info","ts":"2019-12-03T21:04:41.299Z","logger":"broker_ingress","caller":"ingress/ingress_handler.go:120","msg":"Error retrieving TTL, defaulting.","commit":"7655d9c","error":"\"knativebrokerttl\" not found"}
{"level":"info","ts":"2019-12-03T21:04:41.299Z","logger":"broker_ingress","caller":"ingress/ingress_handler.go:120","msg":"Error retrieving TTL, defaulting.","commit":"7655d9c","error":"\"knativebrokerttl\" not found"}
{"level":"info","ts":"2019-12-03T21:04:41.300Z","logger":"broker_ingress","caller":"ingress/ingress_handler.go:120","msg":"Error retrieving TTL, defaulting.","commit":"7655d9c","error":"\"knativebrokerttl\" not found"}
{"level":"info","ts":"2019-12-03T21:04:41.301Z","logger":"broker_ingress","caller":"ingress/ingress_handler.go:120","msg":"Error retrieving TTL, defaulting.","commit":"7655d9c","error":"\"knativebrokerttl\" not found"}
{"level":"info","ts":"2019-12-03T21:04:41.302Z","logger":"broker_ingress","caller":"ingress/ingress_handler.go:120","msg":"Error retrieving TTL, defaulting.","commit":"7655d9c","error":"\"knativebrokerttl\" not found"}
{"level":"info","ts":"2019-12-03T21:04:41.303Z","logger":"broker_ingress","caller":"ingress/ingress_handler.go:120","msg":"Error retrieving TTL, defaulting.","commit":"7655d9c","error":"\"knativebrokerttl\" not found"}
{"level":"info","ts":"2019-12-03T21:04:41.303Z","logger":"broker_ingress","caller":"ingress/ingress_handler.go:120","msg":"Error retrieving TTL, defaulting.","commit":"7655d9c","error":"\"knativebrokerttl\" not found"}
{"level":"info","ts":"2019-12-03T21:04:41.304Z","logger":"broker_ingress","caller":"ingress/ingress_handler.go:120","msg":"Error retrieving TTL, defaulting.","commit":"7655d9c","error":"\"knativebrokerttl\" not found"}
{"level":"info","ts":"2019-12-03T21:04:41.305Z","logger":"broker_ingress","caller":"ingress/ingress_handler.go:120","msg":"Error retrieving TTL, defaulting.","commit":"7655d9c","error":"\"knativebrokerttl\" not found"}
{"level":"info","ts":"2019-12-03T21:04:41.307Z","logger":"broker_ingress","caller":"ingress/ingress_handler.go:120","msg":"Error retrieving TTL, defaulting.","commit":"7655d9c","error":"\"knativebrokerttl\" not found"}
{"level":"info","ts":"2019-12-03T21:04:41.309Z","logger":"broker_ingress","caller":"ingress/ingress_handler.go:120","msg":"Error retrieving TTL, defaulting.","commit":"7655d9c","error":"\"knativebrokerttl\" not found"}
{"level":"info","ts":"2019-12-03T21:04:41.310Z","logger":"broker_ingress","caller":"ingress/ingress_handler.go:120","msg":"Error retrieving TTL, defaulting.","commit":"7655d9c","error":"\"knativebrokerttl\" not found"}
{"level":"info","ts":"2019-12-03T21:04:41.311Z","logger":"broker_ingress","caller":"ingress/ingress_handler.go:120","msg":"Error retrieving TTL, defaulting.","commit":"7655d9c","error":"\"knativebrokerttl\" not found"}
{"level":"info","ts":"2019-12-03T21:04:41.311Z","logger":"broker_ingress","caller":"ingress/ingress_handler.go:120","msg":"Error retrieving TTL, defaulting.","commit":"7655d9c","error":"\"knativebrokerttl\" not found"}
{"level":"info","ts":"2019-12-03T21:04:41.312Z","logger":"broker_ingress","caller":"ingress/ingress_handler.go:120","msg":"Error retrieving TTL, defaulting.","commit":"7655d9c","error":"\"knativebrokerttl\" not found"}
{"level":"info","ts":"2019-12-03T21:04:41.312Z","logger":"broker_ingress","caller":"ingress/ingress_handler.go:120","msg":"Error retrieving TTL, defaulting.","commit":"7655d9c","error":"\"knativebrokerttl\" not found"}
{"level":"info","ts":"2019-12-03T21:04:41.316Z","logger":"broker_ingress","caller":"ingress/ingress_handler.go:120","msg":"Error retrieving TTL, defaulting.","commit":"7655d9c","error":"\"knativebrokerttl\" not found"}
{"level":"info","ts":"2019-12-03T21:04:41.316Z","logger":"broker_ingress","caller":"ingress/ingress_handler.go:120","msg":"Error retrieving TTL, defaulting.","commit":"7655d9c","error":"\"knativebrokerttl\" not found"}
{"level":"info","ts":"2019-12-03T21:04:41.316Z","logger":"broker_ingress","caller":"ingress/ingress_handler.go:120","msg":"Error retrieving TTL, defaulting.","commit":"7655d9c","error":"\"knativebrokerttl\" not found"}
{"level":"info","ts":"2019-12-03T21:04:41.319Z","logger":"broker_ingress","caller":"ingress/ingress_handler.go:120","msg":"Error retrieving TTL, defaulting.","commit":"7655d9c","error":"\"knativebrokerttl\" not found"}
{"level":"info","ts":"2019-12-03T21:04:41.320Z","logger":"broker_ingress","caller":"ingress/ingress_handler.go:120","msg":"Error retrieving TTL, defaulting.","commit":"7655d9c","error":"\"knativebrokerttl\" not found"}
{"level":"info","ts":"2019-12-03T21:04:41.317Z","logger":"broker_ingress","caller":"ingress/ingress_handler.go:120","msg":"Error retrieving TTL, defaulting.","commit":"7655d9c","error":"\"knativebrokerttl\" not found"}
{"level":"info","ts":"2019-12-03T21:04:41.317Z","logger":"broker_ingress","caller":"ingress/ingress_handler.go:120","msg":"Error retrieving TTL, defaulting.","commit":"7655d9c","error":"\"knativebrokerttl\" not found"}
{"level":"info","ts":"2019-12-03T21:04:41.318Z","logger":"broker_ingress","caller":"ingress/ingress_handler.go:120","msg":"Error retrieving TTL, defaulting.","commit":"7655d9c","error":"\"knativebrokerttl\" not found"}
{"level":"info","ts":"2019-12-03T21:04:41.318Z","logger":"broker_ingress","caller":"ingress/ingress_handler.go:120","msg":"Error retrieving TTL, defaulting.","commit":"7655d9c","error":"\"knativebrokerttl\" not found"}
{"level":"info","ts":"2019-12-03T21:04:41.321Z","logger":"broker_ingress","caller":"ingress/ingress_handler.go:120","msg":"Error retrieving TTL, defaulting.","commit":"7655d9c","error":"\"knativebrokerttl\" not found"}
{"level":"info","ts":"2019-12-03T21:04:41.324Z","logger":"broker_ingress","caller":"ingress/ingress_handler.go:120","msg":"Error retrieving TTL, defaulting.","commit":"7655d9c","error":"\"knativebrokerttl\" not found"}
{"level":"info","ts":"2019-12-03T21:04:41.324Z","logger":"broker_ingress","caller":"ingress/ingress_handler.go:120","msg":"Error retrieving TTL, defaulting.","commit":"7655d9c","error":"\"knativebrokerttl\" not found"}
{"level":"info","ts":"2019-12-03T21:04:41.324Z","logger":"broker_ingress","caller":"ingress/ingress_handler.go:120","msg":"Error retrieving TTL, defaulting.","commit":"7655d9c","error":"\"knativebrokerttl\" not found"}
{"level":"info","ts":"2019-12-03T21:04:41.326Z","logger":"broker_ingress","caller":"ingress/ingress_handler.go:120","msg":"Error retrieving TTL, defaulting.","commit":"7655d9c","error":"\"knativebrokerttl\" not found"}
{"level":"info","ts":"2019-12-03T21:04:41.326Z","logger":"broker_ingress","caller":"ingress/ingress_handler.go:120","msg":"Error retrieving TTL, defaulting.","commit":"7655d9c","error":"\"knativebrokerttl\" not found"}
{"level":"info","ts":"2019-12-03T21:04:41.326Z","logger":"broker_ingress","caller":"ingress/ingress_handler.go:120","msg":"Error retrieving TTL, defaulting.","commit":"7655d9c","error":"\"knativebrokerttl\" not found"}
{"level":"info","ts":"2019-12-03T21:04:41.327Z","logger":"broker_ingress","caller":"ingress/ingress_handler.go:120","msg":"Error retrieving TTL, defaulting.","commit":"7655d9c","error":"\"knativebrokerttl\" not found"}
{"level":"info","ts":"2019-12-03T21:04:41.328Z","logger":"broker_ingress","caller":"ingress/ingress_handler.go:120","msg":"Error retrieving TTL, defaulting.","commit":"7655d9c","error":"\"knativebrokerttl\" not found"}
{"level":"info","ts":"2019-12-03T21:04:41.329Z","logger":"broker_ingress","caller":"ingress/ingress_handler.go:120","msg":"Error retrieving TTL, defaulting.","commit":"7655d9c","error":"\"knativebrokerttl\" not found"}
{"level":"info","ts":"2019-12-03T21:04:41.329Z","logger":"broker_ingress","caller":"ingress/ingress_handler.go:120","msg":"Error retrieving TTL, defaulting.","commit":"7655d9c","error":"\"knativebrokerttl\" not found"}
{"level":"info","ts":"2019-12-03T21:04:41.331Z","logger":"broker_ingress","caller":"ingress/ingress_handler.go:120","msg":"Error retrieving TTL, defaulting.","commit":"7655d9c","error":"\"knativebrokerttl\" not found"}
{"level":"info","ts":"2019-12-03T21:04:41.332Z","logger":"broker_ingress","caller":"ingress/ingress_handler.go:120","msg":"Error retrieving TTL, defaulting.","commit":"7655d9c","error":"\"knativebrokerttl\" not found"}
{"level":"info","ts":"2019-12-03T21:04:41.332Z","logger":"broker_ingress","caller":"ingress/ingress_handler.go:120","msg":"Error retrieving TTL, defaulting.","commit":"7655d9c","error":"\"knativebrokerttl\" not found"}
{"level":"info","ts":"2019-12-03T21:04:41.333Z","logger":"broker_ingress","caller":"ingress/ingress_handler.go:120","msg":"Error retrieving TTL, defaulting.","commit":"7655d9c","error":"\"knativebrokerttl\" not found"}
{"level":"info","ts":"2019-12-03T21:04:41.334Z","logger":"broker_ingress","caller":"ingress/ingress_handler.go:120","msg":"Error retrieving TTL, defaulting.","commit":"7655d9c","error":"\"knativebrokerttl\" not found"}
{"level":"info","ts":"2019-12-03T21:04:41.336Z","logger":"broker_ingress","caller":"ingress/ingress_handler.go:120","msg":"Error retrieving TTL, defaulting.","commit":"7655d9c","error":"\"knativebrokerttl\" not found"}
{"level":"info","ts":"2019-12-03T21:04:41.340Z","logger":"broker_ingress","caller":"ingress/ingress_handler.go:120","msg":"Error retrieving TTL, defaulting.","commit":"7655d9c","error":"\"knativebrokerttl\" not found"}
{"level":"info","ts":"2019-12-03T21:04:41.341Z","logger":"broker_ingress","caller":"ingress/ingress_handler.go:120","msg":"Error retrieving TTL, defaulting.","commit":"7655d9c","error":"\"knativebrokerttl\" not found"}
{"level":"info","ts":"2019-12-03T21:04:41.341Z","logger":"broker_ingress","caller":"ingress/ingress_handler.go:120","msg":"Error retrieving TTL, defaulting.","commit":"7655d9c","error":"\"knativebrokerttl\" not found"}
{"level":"info","ts":"2019-12-03T21:04:41.341Z","logger":"broker_ingress","caller":"ingress/ingress_handler.go:120","msg":"Error retrieving TTL, defaulting.","commit":"7655d9c","error":"\"knativebrokerttl\" not found"}
{"level":"info","ts":"2019-12-03T21:04:41.341Z","logger":"broker_ingress","caller":"ingress/ingress_handler.go:120","msg":"Error retrieving TTL, defaulting.","commit":"7655d9c","error":"\"knativebrokerttl\" not found"}
{"level":"info","ts":"2019-12-03T21:04:41.342Z","logger":"broker_ingress","caller":"ingress/ingress_handler.go:120","msg":"Error retrieving TTL, defaulting.","commit":"7655d9c","error":"\"knativebrokerttl\" not found"}
{"level":"info","ts":"2019-12-03T21:04:41.342Z","logger":"broker_ingress","caller":"ingress/ingress_handler.go:120","msg":"Error retrieving TTL, defaulting.","commit":"7655d9c","error":"\"knativebrokerttl\" not found"}
{"level":"info","ts":"2019-12-03T21:04:41.342Z","logger":"broker_ingress","caller":"ingress/ingress_handler.go:120","msg":"Error retrieving TTL, defaulting.","commit":"7655d9c","error":"\"knativebrokerttl\" not found"}
{"level":"info","ts":"2019-12-03T21:04:41.344Z","logger":"broker_ingress","caller":"ingress/ingress_handler.go:120","msg":"Error retrieving TTL, defaulting.","commit":"7655d9c","error":"\"knativebrokerttl\" not found"}
{"level":"info","ts":"2019-12-03T21:04:41.344Z","logger":"broker_ingress","caller":"ingress/ingress_handler.go:120","msg":"Error retrieving TTL, defaulting.","commit":"7655d9c","error":"\"knativebrokerttl\" not found"}
{"level":"info","ts":"2019-12-03T21:04:41.347Z","logger":"broker_ingress","caller":"ingress/ingress_handler.go:120","msg":"Error retrieving TTL, defaulting.","commit":"7655d9c","error":"\"knativebrokerttl\" not found"}
{"level":"info","ts":"2019-12-03T21:04:41.348Z","logger":"broker_ingress","caller":"ingress/ingress_handler.go:120","msg":"Error retrieving TTL, defaulting.","commit":"7655d9c","error":"\"knativebrokerttl\" not found"}
{"level":"info","ts":"2019-12-03T21:04:41.348Z","logger":"broker_ingress","caller":"ingress/ingress_handler.go:120","msg":"Error retrieving TTL, defaulting.","commit":"7655d9c","error":"\"knativebrokerttl\" not found"}
{"level":"info","ts":"2019-12-03T21:04:41.348Z","logger":"broker_ingress","caller":"ingress/ingress_handler.go:120","msg":"Error retrieving TTL, defaulting.","commit":"7655d9c","error":"\"knativebrokerttl\" not found"}
{"level":"info","ts":"2019-12-03T21:04:41.349Z","logger":"broker_ingress","caller":"ingress/ingress_handler.go:120","msg":"Error retrieving TTL, defaulting.","commit":"7655d9c","error":"\"knativebrokerttl\" not found"}
{"level":"info","ts":"2019-12-03T21:04:41.350Z","logger":"broker_ingress","caller":"ingress/ingress_handler.go:120","msg":"Error retrieving TTL, defaulting.","commit":"7655d9c","error":"\"knativebrokerttl\" not found"}
{"level":"info","ts":"2019-12-03T21:04:41.351Z","logger":"broker_ingress","caller":"ingress/ingress_handler.go:120","msg":"Error retrieving TTL, defaulting.","commit":"7655d9c","error":"\"knativebrokerttl\" not found"}
{"level":"info","ts":"2019-12-03T21:04:41.352Z","logger":"broker_ingress","caller":"ingress/ingress_handler.go:120","msg":"Error retrieving TTL, defaulting.","commit":"7655d9c","error":"\"knativebrokerttl\" not found"}
{"level":"info","ts":"2019-12-03T21:04:41.353Z","logger":"broker_ingress","caller":"ingress/ingress_handler.go:120","msg":"Error retrieving TTL, defaulting.","commit":"7655d9c","error":"\"knativebrokerttl\" not found"}
{"level":"info","ts":"2019-12-03T21:04:41.353Z","logger":"broker_ingress","caller":"ingress/ingress_handler.go:120","msg":"Error retrieving TTL, defaulting.","commit":"7655d9c","error":"\"knativebrokerttl\" not found"}
{"level":"info","ts":"2019-12-03T21:04:41.355Z","logger":"broker_ingress","caller":"ingress/ingress_handler.go:120","msg":"Error retrieving TTL, defaulting.","commit":"7655d9c","error":"\"knativebrokerttl\" not found"}
{"level":"info","ts":"2019-12-03T21:04:41.355Z","logger":"broker_ingress","caller":"ingress/ingress_handler.go:120","msg":"Error retrieving TTL, defaulting.","commit":"7655d9c","error":"\"knativebrokerttl\" not found"}
{"level":"info","ts":"2019-12-03T21:04:41.356Z","logger":"broker_ingress","caller":"ingress/ingress_handler.go:120","msg":"Error retrieving TTL, defaulting.","commit":"7655d9c","error":"\"knativebrokerttl\" not found"}
{"level":"info","ts":"2019-12-03T21:04:41.357Z","logger":"broker_ingress","caller":"ingress/ingress_handler.go:120","msg":"Error retrieving TTL, defaulting.","commit":"7655d9c","error":"\"knativebrokerttl\" not found"}
{"level":"info","ts":"2019-12-03T21:04:41.360Z","logger":"broker_ingress","caller":"ingress/ingress_handler.go:120","msg":"Error retrieving TTL, defaulting.","commit":"7655d9c","error":"\"knativebrokerttl\" not found"}
{"level":"info","ts":"2019-12-03T21:04:41.360Z","logger":"broker_ingress","caller":"ingress/ingress_handler.go:120","msg":"Error retrieving TTL, defaulting.","commit":"7655d9c","error":"\"knativebrokerttl\" not found"}
{"level":"info","ts":"2019-12-03T21:04:41.361Z","logger":"broker_ingress","caller":"ingress/ingress_handler.go:120","msg":"Error retrieving TTL, defaulting.","commit":"7655d9c","error":"\"knativebrokerttl\" not found"}
{"level":"info","ts":"2019-12-03T21:04:41.362Z","logger":"broker_ingress","caller":"ingress/ingress_handler.go:120","msg":"Error retrieving TTL, defaulting.","commit":"7655d9c","error":"\"knativebrokerttl\" not found"}
{"level":"info","ts":"2019-12-03T21:04:41.362Z","logger":"broker_ingress","caller":"ingress/ingress_handler.go:120","msg":"Error retrieving TTL, defaulting.","commit":"7655d9c","error":"\"knativebrokerttl\" not found"}
{"level":"info","ts":"2019-12-03T21:04:41.363Z","logger":"broker_ingress","caller":"ingress/ingress_handler.go:120","msg":"Error retrieving TTL, defaulting.","commit":"7655d9c","error":"\"knativebrokerttl\" not found"}
{"level":"info","ts":"2019-12-03T21:04:41.363Z","logger":"broker_ingress","caller":"ingress/ingress_handler.go:120","msg":"Error retrieving TTL, defaulting.","commit":"7655d9c","error":"\"knativebrokerttl\" not found"}
{"level":"info","ts":"2019-12-03T21:04:41.365Z","logger":"broker_ingress","caller":"ingress/ingress_handler.go:120","msg":"Error retrieving TTL, defaulting.","commit":"7655d9c","error":"\"knativebrokerttl\" not found"}
{"level":"info","ts":"2019-12-03T21:04:41.366Z","logger":"broker_ingress","caller":"ingress/ingress_handler.go:120","msg":"Error retrieving TTL, defaulting.","commit":"7655d9c","error":"\"knativebrokerttl\" not found"}
{"level":"info","ts":"2019-12-03T21:04:41.368Z","logger":"broker_ingress","caller":"ingress/ingress_handler.go:120","msg":"Error retrieving TTL, defaulting.","commit":"7655d9c","error":"\"knativebrokerttl\" not found"}
{"level":"info","ts":"2019-12-03T21:04:41.368Z","logger":"broker_ingress","caller":"ingress/ingress_handler.go:120","msg":"Error retrieving TTL, defaulting.","commit":"7655d9c","error":"\"knativebrokerttl\" not found"}
{"level":"info","ts":"2019-12-03T21:04:41.367Z","logger":"broker_ingress","caller":"ingress/ingress_handler.go:120","msg":"Error retrieving TTL, defaulting.","commit":"7655d9c","error":"\"knativebrokerttl\" not found"}
{"level":"info","ts":"2019-12-03T21:04:41.371Z","logger":"broker_ingress","caller":"ingress/ingress_handler.go:120","msg":"Error retrieving TTL, defaulting.","commit":"7655d9c","error":"\"knativebrokerttl\" not found"}
{"level":"info","ts":"2019-12-03T21:04:41.371Z","logger":"broker_ingress","caller":"ingress/ingress_handler.go:120","msg":"Error retrieving TTL, defaulting.","commit":"7655d9c","error":"\"knativebrokerttl\" not found"}
{"level":"info","ts":"2019-12-03T21:04:41.373Z","logger":"broker_ingress","caller":"ingress/ingress_handler.go:120","msg":"Error retrieving TTL, defaulting.","commit":"7655d9c","error":"\"knativebrokerttl\" not found"}
{"level":"info","ts":"2019-12-03T21:04:41.373Z","logger":"broker_ingress","caller":"ingress/ingress_handler.go:120","msg":"Error retrieving TTL, defaulting.","commit":"7655d9c","error":"\"knativebrokerttl\" not found"}
{"level":"info","ts":"2019-12-03T21:04:41.376Z","logger":"broker_ingress","caller":"ingress/ingress_handler.go:120","msg":"Error retrieving TTL, defaulting.","commit":"7655d9c","error":"\"knativebrokerttl\" not found"}
{"level":"info","ts":"2019-12-03T21:04:41.377Z","logger":"broker_ingress","caller":"ingress/ingress_handler.go:120","msg":"Error retrieving TTL, defaulting.","commit":"7655d9c","error":"\"knativebrokerttl\" not found"}
{"level":"info","ts":"2019-12-03T21:04:41.377Z","logger":"broker_ingress","caller":"ingress/ingress_handler.go:120","msg":"Error retrieving TTL, defaulting.","commit":"7655d9c","error":"\"knativebrokerttl\" not found"}
{"level":"info","ts":"2019-12-03T21:04:41.377Z","logger":"broker_ingress","caller":"ingress/ingress_handler.go:120","msg":"Error retrieving TTL, defaulting.","commit":"7655d9c","error":"\"knativebrokerttl\" not found"}
{"level":"info","ts":"2019-12-03T21:04:41.378Z","logger":"broker_ingress","caller":"ingress/ingress_handler.go:120","msg":"Error retrieving TTL, defaulting.","commit":"7655d9c","error":"\"knativebrokerttl\" not found"}
{"level":"info","ts":"2019-12-03T21:04:41.379Z","logger":"broker_ingress","caller":"ingress/ingress_handler.go:120","msg":"Error retrieving TTL, defaulting.","commit":"7655d9c","error":"\"knativebrokerttl\" not found"}
{"level":"info","ts":"2019-12-03T21:04:41.379Z","logger":"broker_ingress","caller":"ingress/ingress_handler.go:120","msg":"Error retrieving TTL, defaulting.","commit":"7655d9c","error":"\"knativebrokerttl\" not found"}
{"level":"info","ts":"2019-12-03T21:04:41.380Z","logger":"broker_ingress","caller":"ingress/ingress_handler.go:120","msg":"Error retrieving TTL, defaulting.","commit":"7655d9c","error":"\"knativebrokerttl\" not found"}
{"level":"info","ts":"2019-12-03T21:04:41.386Z","logger":"broker_ingress","caller":"ingress/ingress_handler.go:120","msg":"Error retrieving TTL, defaulting.","commit":"7655d9c","error":"\"knativebrokerttl\" not found"}
{"level":"info","ts":"2019-12-03T21:04:41.386Z","logger":"broker_ingress","caller":"ingress/ingress_handler.go:120","msg":"Error retrieving TTL, defaulting.","commit":"7655d9c","error":"\"knativebrokerttl\" not found"}
{"level":"info","ts":"2019-12-03T21:04:41.388Z","logger":"broker_ingress","caller":"ingress/ingress_handler.go:120","msg":"Error retrieving TTL, defaulting.","commit":"7655d9c","error":"\"knativebrokerttl\" not found"}
{"level":"info","ts":"2019-12-03T21:04:41.388Z","logger":"broker_ingress","caller":"ingress/ingress_handler.go:120","msg":"Error retrieving TTL, defaulting.","commit":"7655d9c","error":"\"knativebrokerttl\" not found"}
{"level":"info","ts":"2019-12-03T21:04:41.389Z","logger":"broker_ingress","caller":"ingress/ingress_handler.go:120","msg":"Error retrieving TTL, defaulting.","commit":"7655d9c","error":"\"knativebrokerttl\" not found"}
{"level":"info","ts":"2019-12-03T21:04:41.389Z","logger":"broker_ingress","caller":"ingress/ingress_handler.go:120","msg":"Error retrieving TTL, defaulting.","commit":"7655d9c","error":"\"knativebrokerttl\" not found"}
{"level":"info","ts":"2019-12-03T21:04:41.387Z","logger":"broker_ingress","caller":"ingress/ingress_handler.go:120","msg":"Error retrieving TTL, defaulting.","commit":"7655d9c","error":"\"knativebrokerttl\" not found"}
{"level":"info","ts":"2019-12-03T21:04:41.390Z","logger":"broker_ingress","caller":"ingress/ingress_handler.go:120","msg":"Error retrieving TTL, defaulting.","commit":"7655d9c","error":"\"knativebrokerttl\" not found"}
{"level":"info","ts":"2019-12-03T21:04:41.391Z","logger":"broker_ingress","caller":"ingress/ingress_handler.go:120","msg":"Error retrieving TTL, defaulting.","commit":"7655d9c","error":"\"knativebrokerttl\" not found"}
{"level":"info","ts":"2019-12-03T21:04:41.387Z","logger":"broker_ingress","caller":"ingress/ingress_handler.go:120","msg":"Error retrieving TTL, defaulting.","commit":"7655d9c","error":"\"knativebrokerttl\" not found"}
{"level":"info","ts":"2019-12-03T21:04:41.391Z","logger":"broker_ingress","caller":"ingress/ingress_handler.go:120","msg":"Error retrieving TTL, defaulting.","commit":"7655d9c","error":"\"knativebrokerttl\" not found"}
{"level":"info","ts":"2019-12-03T21:04:41.388Z","logger":"broker_ingress","caller":"ingress/ingress_handler.go:120","msg":"Error retrieving TTL, defaulting.","commit":"7655d9c","error":"\"knativebrokerttl\" not found"}
{"level":"info","ts":"2019-12-03T21:04:41.388Z","logger":"broker_ingress","caller":"ingress/ingress_handler.go:120","msg":"Error retrieving TTL, defaulting.","commit":"7655d9c","error":"\"knativebrokerttl\" not found"}
{"level":"info","ts":"2019-12-03T21:04:41.393Z","logger":"broker_ingress","caller":"ingress/ingress_handler.go:120","msg":"Error retrieving TTL, defaulting.","commit":"7655d9c","error":"\"knativebrokerttl\" not found"}
{"level":"info","ts":"2019-12-03T21:04:41.394Z","logger":"broker_ingress","caller":"ingress/ingress_handler.go:120","msg":"Error retrieving TTL, defaulting.","commit":"7655d9c","error":"\"knativebrokerttl\" not found"}
{"level":"info","ts":"2019-12-03T21:04:41.395Z","logger":"broker_ingress","caller":"ingress/ingress_handler.go:120","msg":"Error retrieving TTL, defaulting.","commit":"7655d9c","error":"\"knativebrokerttl\" not found"}
{"level":"info","ts":"2019-12-03T21:04:41.395Z","logger":"broker_ingress","caller":"ingress/ingress_handler.go:120","msg":"Error retrieving TTL, defaulting.","commit":"7655d9c","error":"\"knativebrokerttl\" not found"}
{"level":"info","ts":"2019-12-03T21:04:41.395Z","logger":"broker_ingress","caller":"ingress/ingress_handler.go:120","msg":"Error retrieving TTL, defaulting.","commit":"7655d9c","error":"\"knativebrokerttl\" not found"}
{"level":"info","ts":"2019-12-03T21:04:41.396Z","logger":"broker_ingress","caller":"ingress/ingress_handler.go:120","msg":"Error retrieving TTL, defaulting.","commit":"7655d9c","error":"\"knativebrokerttl\" not found"}
{"level":"info","ts":"2019-12-03T21:04:41.397Z","logger":"broker_ingress","caller":"ingress/ingress_handler.go:120","msg":"Error retrieving TTL, defaulting.","commit":"7655d9c","error":"\"knativebrokerttl\" not found"}
{"level":"info","ts":"2019-12-03T21:04:41.399Z","logger":"broker_ingress","caller":"ingress/ingress_handler.go:120","msg":"Error retrieving TTL, defaulting.","commit":"7655d9c","error":"\"knativebrokerttl\" not found"}
{"level":"info","ts":"2019-12-03T21:04:41.410Z","logger":"broker_ingress","caller":"ingress/ingress_handler.go:120","msg":"Error retrieving TTL, defaulting.","commit":"7655d9c","error":"\"knativebrokerttl\" not found"}
{"level":"info","ts":"2019-12-03T21:04:41.412Z","logger":"broker_ingress","caller":"ingress/ingress_handler.go:120","msg":"Error retrieving TTL, defaulting.","commit":"7655d9c","error":"\"knativebrokerttl\" not found"}
{"level":"info","ts":"2019-12-03T21:04:41.413Z","logger":"broker_ingress","caller":"ingress/ingress_handler.go:120","msg":"Error retrieving TTL, defaulting.","commit":"7655d9c","error":"\"knativebrokerttl\" not found"}
{"level":"info","ts":"2019-12-03T21:04:41.413Z","logger":"broker_ingress","caller":"ingress/ingress_handler.go:120","msg":"Error retrieving TTL, defaulting.","commit":"7655d9c","error":"\"knativebrokerttl\" not found"}
{"level":"info","ts":"2019-12-03T21:04:41.414Z","logger":"broker_ingress","caller":"ingress/ingress_handler.go:120","msg":"Error retrieving TTL, defaulting.","commit":"7655d9c","error":"\"knativebrokerttl\" not found"}
{"level":"info","ts":"2019-12-03T21:04:41.414Z","logger":"broker_ingress","caller":"ingress/ingress_handler.go:120","msg":"Error retrieving TTL, defaulting.","commit":"7655d9c","error":"\"knativebrokerttl\" not found"}
{"level":"info","ts":"2019-12-03T21:04:41.416Z","logger":"broker_ingress","caller":"ingress/ingress_handler.go:120","msg":"Error retrieving TTL, defaulting.","commit":"7655d9c","error":"\"knativebrokerttl\" not found"}
{"level":"info","ts":"2019-12-03T21:04:41.420Z","logger":"broker_ingress","caller":"ingress/ingress_handler.go:120","msg":"Error retrieving TTL, defaulting.","commit":"7655d9c","error":"\"knativebrokerttl\" not found"}
{"level":"info","ts":"2019-12-03T21:04:41.420Z","logger":"broker_ingress","caller":"ingress/ingress_handler.go:120","msg":"Error retrieving TTL, defaulting.","commit":"7655d9c","error":"\"knativebrokerttl\" not found"}
{"level":"info","ts":"2019-12-03T21:04:41.421Z","logger":"broker_ingress","caller":"ingress/ingress_handler.go:120","msg":"Error retrieving TTL, defaulting.","commit":"7655d9c","error":"\"knativebrokerttl\" not found"}
{"level":"info","ts":"2019-12-03T21:04:41.417Z","logger":"broker_ingress","caller":"ingress/ingress_handler.go:120","msg":"Error retrieving TTL, defaulting.","commit":"7655d9c","error":"\"knativebrokerttl\" not found"}
{"level":"info","ts":"2019-12-03T21:04:41.417Z","logger":"broker_ingress","caller":"ingress/ingress_handler.go:120","msg":"Error retrieving TTL, defaulting.","commit":"7655d9c","error":"\"knativebrokerttl\" not found"}
{"level":"info","ts":"2019-12-03T21:04:41.417Z","logger":"broker_ingress","caller":"ingress/ingress_handler.go:120","msg":"Error retrieving TTL, defaulting.","commit":"7655d9c","error":"\"knativebrokerttl\" not found"}
{"level":"info","ts":"2019-12-03T21:04:41.418Z","logger":"broker_ingress","caller":"ingress/ingress_handler.go:120","msg":"Error retrieving TTL, defaulting.","commit":"7655d9c","error":"\"knativebrokerttl\" not found"}
{"level":"info","ts":"2019-12-03T21:04:41.418Z","logger":"broker_ingress","caller":"ingress/ingress_handler.go:120","msg":"Error retrieving TTL, defaulting.","commit":"7655d9c","error":"\"knativebrokerttl\" not found"}
{"level":"info","ts":"2019-12-03T21:04:41.418Z","logger":"broker_ingress","caller":"ingress/ingress_handler.go:120","msg":"Error retrieving TTL, defaulting.","commit":"7655d9c","error":"\"knativebrokerttl\" not found"}
{"level":"info","ts":"2019-12-03T21:04:41.418Z","logger":"broker_ingress","caller":"ingress/ingress_handler.go:120","msg":"Error retrieving TTL, defaulting.","commit":"7655d9c","error":"\"knativebrokerttl\" not found"}
{"level":"info","ts":"2019-12-03T21:04:41.418Z","logger":"broker_ingress","caller":"ingress/ingress_handler.go:120","msg":"Error retrieving TTL, defaulting.","commit":"7655d9c","error":"\"knativebrokerttl\" not found"}
{"level":"info","ts":"2019-12-03T21:04:41.419Z","logger":"broker_ingress","caller":"ingress/ingress_handler.go:120","msg":"Error retrieving TTL, defaulting.","commit":"7655d9c","error":"\"knativebrokerttl\" not found"}
{"level":"info","ts":"2019-12-03T21:04:41.419Z","logger":"broker_ingress","caller":"ingress/ingress_handler.go:120","msg":"Error retrieving TTL, defaulting.","commit":"7655d9c","error":"\"knativebrokerttl\" not found"}
{"level":"info","ts":"2019-12-03T21:04:41.419Z","logger":"broker_ingress","caller":"ingress/ingress_handler.go:120","msg":"Error retrieving TTL, defaulting.","commit":"7655d9c","error":"\"knativebrokerttl\" not found"}
{"level":"info","ts":"2019-12-03T21:04:41.417Z","logger":"broker_ingress","caller":"ingress/ingress_handler.go:120","msg":"Error retrieving TTL, defaulting.","commit":"7655d9c","error":"\"knativebrokerttl\" not found"}
{"level":"info","ts":"2019-12-03T21:04:41.419Z","logger":"broker_ingress","caller":"ingress/ingress_handler.go:120","msg":"Error retrieving TTL, defaulting.","commit":"7655d9c","error":"\"knativebrokerttl\" not found"}
{"level":"info","ts":"2019-12-03T21:04:41.421Z","logger":"broker_ingress","caller":"ingress/ingress_handler.go:120","msg":"Error retrieving TTL, defaulting.","commit":"7655d9c","error":"\"knativebrokerttl\" not found"}
{"level":"info","ts":"2019-12-03T21:04:41.422Z","logger":"broker_ingress","caller":"ingress/ingress_handler.go:120","msg":"Error retrieving TTL, defaulting.","commit":"7655d9c","error":"\"knativebrokerttl\" not found"}
{"level":"info","ts":"2019-12-03T21:04:41.423Z","logger":"broker_ingress","caller":"ingress/ingress_handler.go:120","msg":"Error retrieving TTL, defaulting.","commit":"7655d9c","error":"\"knativebrokerttl\" not found"}
{"level":"info","ts":"2019-12-03T21:04:41.423Z","logger":"broker_ingress","caller":"ingress/ingress_handler.go:120","msg":"Error retrieving TTL, defaulting.","commit":"7655d9c","error":"\"knativebrokerttl\" not found"}
{"level":"info","ts":"2019-12-03T21:04:41.423Z","logger":"broker_ingress","caller":"ingress/ingress_handler.go:120","msg":"Error retrieving TTL, defaulting.","commit":"7655d9c","error":"\"knativebrokerttl\" not found"}
{"level":"info","ts":"2019-12-03T21:04:41.426Z","logger":"broker_ingress","caller":"ingress/ingress_handler.go:120","msg":"Error retrieving TTL, defaulting.","commit":"7655d9c","error":"\"knativebrokerttl\" not found"}
{"level":"info","ts":"2019-12-03T21:04:41.427Z","logger":"broker_ingress","caller":"ingress/ingress_handler.go:120","msg":"Error retrieving TTL, defaulting.","commit":"7655d9c","error":"\"knativebrokerttl\" not found"}
{"level":"info","ts":"2019-12-03T21:04:41.428Z","logger":"broker_ingress","caller":"ingress/ingress_handler.go:120","msg":"Error retrieving TTL, defaulting.","commit":"7655d9c","error":"\"knativebrokerttl\" not found"}
{"level":"info","ts":"2019-12-03T21:04:41.428Z","logger":"broker_ingress","caller":"ingress/ingress_handler.go:120","msg":"Error retrieving TTL, defaulting.","commit":"7655d9c","error":"\"knativebrokerttl\" not found"}
{"level":"info","ts":"2019-12-03T21:04:41.429Z","logger":"broker_ingress","caller":"ingress/ingress_handler.go:120","msg":"Error retrieving TTL, defaulting.","commit":"7655d9c","error":"\"knativebrokerttl\" not found"}
{"level":"info","ts":"2019-12-03T21:04:41.429Z","logger":"broker_ingress","caller":"ingress/ingress_handler.go:120","msg":"Error retrieving TTL, defaulting.","commit":"7655d9c","error":"\"knativebrokerttl\" not found"}
{"level":"info","ts":"2019-12-03T21:04:41.432Z","logger":"broker_ingress","caller":"ingress/ingress_handler.go:120","msg":"Error retrieving TTL, defaulting.","commit":"7655d9c","error":"\"knativebrokerttl\" not found"}
{"level":"info","ts":"2019-12-03T21:04:41.436Z","logger":"broker_ingress","caller":"ingress/ingress_handler.go:120","msg":"Error retrieving TTL, defaulting.","commit":"7655d9c","error":"\"knativebrokerttl\" not found"}
{"level":"info","ts":"2019-12-03T21:04:41.437Z","logger":"broker_ingress","caller":"ingress/ingress_handler.go:120","msg":"Error retrieving TTL, defaulting.","commit":"7655d9c","error":"\"knativebrokerttl\" not found"}
{"level":"info","ts":"2019-12-03T21:04:41.437Z","logger":"broker_ingress","caller":"ingress/ingress_handler.go:120","msg":"Error retrieving TTL, defaulting.","commit":"7655d9c","error":"\"knativebrokerttl\" not found"}
{"level":"info","ts":"2019-12-03T21:04:41.432Z","logger":"broker_ingress","caller":"ingress/ingress_handler.go:120","msg":"Error retrieving TTL, defaulting.","commit":"7655d9c","error":"\"knativebrokerttl\" not found"}
{"level":"info","ts":"2019-12-03T21:04:41.433Z","logger":"broker_ingress","caller":"ingress/ingress_handler.go:120","msg":"Error retrieving TTL, defaulting.","commit":"7655d9c","error":"\"knativebrokerttl\" not found"}
{"level":"info","ts":"2019-12-03T21:04:41.439Z","logger":"broker_ingress","caller":"ingress/ingress_handler.go:120","msg":"Error retrieving TTL, defaulting.","commit":"7655d9c","error":"\"knativebrokerttl\" not found"}
{"level":"info","ts":"2019-12-03T21:04:41.438Z","logger":"broker_ingress","caller":"ingress/ingress_handler.go:120","msg":"Error retrieving TTL, defaulting.","commit":"7655d9c","error":"\"knativebrokerttl\" not found"}
{"level":"info","ts":"2019-12-03T21:04:41.439Z","logger":"broker_ingress","caller":"ingress/ingress_handler.go:120","msg":"Error retrieving TTL, defaulting.","commit":"7655d9c","error":"\"knativebrokerttl\" not found"}
{"level":"info","ts":"2019-12-03T21:04:41.440Z","logger":"broker_ingress","caller":"ingress/ingress_handler.go:120","msg":"Error retrieving TTL, defaulting.","commit":"7655d9c","error":"\"knativebrokerttl\" not found"}
{"level":"info","ts":"2019-12-03T21:04:41.440Z","logger":"broker_ingress","caller":"ingress/ingress_handler.go:120","msg":"Error retrieving TTL, defaulting.","commit":"7655d9c","error":"\"knativebrokerttl\" not found"}
{"level":"info","ts":"2019-12-03T21:04:41.441Z","logger":"broker_ingress","caller":"ingress/ingress_handler.go:120","msg":"Error retrieving TTL, defaulting.","commit":"7655d9c","error":"\"knativebrokerttl\" not found"}
{"level":"info","ts":"2019-12-03T21:04:41.440Z","logger":"broker_ingress","caller":"ingress/ingress_handler.go:120","msg":"Error retrieving TTL, defaulting.","commit":"7655d9c","error":"\"knativebrokerttl\" not found"}
{"level":"info","ts":"2019-12-03T21:04:41.442Z","logger":"broker_ingress","caller":"ingress/ingress_handler.go:120","msg":"Error retrieving TTL, defaulting.","commit":"7655d9c","error":"\"knativebrokerttl\" not found"}
{"level":"info","ts":"2019-12-03T21:04:41.443Z","logger":"broker_ingress","caller":"ingress/ingress_handler.go:120","msg":"Error retrieving TTL, defaulting.","commit":"7655d9c","error":"\"knativebrokerttl\" not found"}
{"level":"info","ts":"2019-12-03T21:04:41.444Z","logger":"broker_ingress","caller":"ingress/ingress_handler.go:120","msg":"Error retrieving TTL, defaulting.","commit":"7655d9c","error":"\"knativebrokerttl\" not found"}
{"level":"info","ts":"2019-12-03T21:04:41.445Z","logger":"broker_ingress","caller":"ingress/ingress_handler.go:120","msg":"Error retrieving TTL, defaulting.","commit":"7655d9c","error":"\"knativebrokerttl\" not found"}
{"level":"info","ts":"2019-12-03T21:04:41.447Z","logger":"broker_ingress","caller":"ingress/ingress_handler.go:120","msg":"Error retrieving TTL, defaulting.","commit":"7655d9c","error":"\"knativebrokerttl\" not found"}
{"level":"info","ts":"2019-12-03T21:04:41.446Z","logger":"broker_ingress","caller":"ingress/ingress_handler.go:120","msg":"Error retrieving TTL, defaulting.","commit":"7655d9c","error":"\"knativebrokerttl\" not found"}
{"level":"info","ts":"2019-12-03T21:04:41.448Z","logger":"broker_ingress","caller":"ingress/ingress_handler.go:120","msg":"Error retrieving TTL, defaulting.","commit":"7655d9c","error":"\"knativebrokerttl\" not found"}
{"level":"info","ts":"2019-12-03T21:04:41.449Z","logger":"broker_ingress","caller":"ingress/ingress_handler.go:120","msg":"Error retrieving TTL, defaulting.","commit":"7655d9c","error":"\"knativebrokerttl\" not found"}
{"level":"info","ts":"2019-12-03T21:04:41.450Z","logger":"broker_ingress","caller":"ingress/ingress_handler.go:120","msg":"Error retrieving TTL, defaulting.","commit":"7655d9c","error":"\"knativebrokerttl\" not found"}
{"level":"info","ts":"2019-12-03T21:04:41.450Z","logger":"broker_ingress","caller":"ingress/ingress_handler.go:120","msg":"Error retrieving TTL, defaulting.","commit":"7655d9c","error":"\"knativebrokerttl\" not found"}
{"level":"info","ts":"2019-12-03T21:04:41.451Z","logger":"broker_ingress","caller":"ingress/ingress_handler.go:120","msg":"Error retrieving TTL, defaulting.","commit":"7655d9c","error":"\"knativebrokerttl\" not found"}
{"level":"info","ts":"2019-12-03T21:04:41.452Z","logger":"broker_ingress","caller":"ingress/ingress_handler.go:120","msg":"Error retrieving TTL, defaulting.","commit":"7655d9c","error":"\"knativebrokerttl\" not found"}
{"level":"info","ts":"2019-12-03T21:04:41.452Z","logger":"broker_ingress","caller":"ingress/ingress_handler.go:120","msg":"Error retrieving TTL, defaulting.","commit":"7655d9c","error":"\"knativebrokerttl\" not found"}
{"level":"info","ts":"2019-12-03T21:04:41.454Z","logger":"broker_ingress","caller":"ingress/ingress_handler.go:120","msg":"Error retrieving TTL, defaulting.","commit":"7655d9c","error":"\"knativebrokerttl\" not found"}
{"level":"info","ts":"2019-12-03T21:04:41.455Z","logger":"broker_ingress","caller":"ingress/ingress_handler.go:120","msg":"Error retrieving TTL, defaulting.","commit":"7655d9c","error":"\"knativebrokerttl\" not found"}
{"level":"info","ts":"2019-12-03T21:04:41.455Z","logger":"broker_ingress","caller":"ingress/ingress_handler.go:120","msg":"Error retrieving TTL, defaulting.","commit":"7655d9c","error":"\"knativebrokerttl\" not found"}
{"level":"info","ts":"2019-12-03T21:04:41.457Z","logger":"broker_ingress","caller":"ingress/ingress_handler.go:120","msg":"Error retrieving TTL, defaulting.","commit":"7655d9c","error":"\"knativebrokerttl\" not found"}
{"level":"info","ts":"2019-12-03T21:04:41.457Z","logger":"broker_ingress","caller":"ingress/ingress_handler.go:120","msg":"Error retrieving TTL, defaulting.","commit":"7655d9c","error":"\"knativebrokerttl\" not found"}
{"level":"info","ts":"2019-12-03T21:04:41.458Z","logger":"broker_ingress","caller":"ingress/ingress_handler.go:120","msg":"Error retrieving TTL, defaulting.","commit":"7655d9c","error":"\"knativebrokerttl\" not found"}
{"level":"info","ts":"2019-12-03T21:04:41.460Z","logger":"broker_ingress","caller":"ingress/ingress_handler.go:120","msg":"Error retrieving TTL, defaulting.","commit":"7655d9c","error":"\"knativebrokerttl\" not found"}
{"level":"info","ts":"2019-12-03T21:04:41.461Z","logger":"broker_ingress","caller":"ingress/ingress_handler.go:120","msg":"Error retrieving TTL, defaulting.","commit":"7655d9c","error":"\"knativebrokerttl\" not found"}
{"level":"info","ts":"2019-12-03T21:04:41.461Z","logger":"broker_ingress","caller":"ingress/ingress_handler.go:120","msg":"Error retrieving TTL, defaulting.","commit":"7655d9c","error":"\"knativebrokerttl\" not found"}
{"level":"info","ts":"2019-12-03T21:04:41.462Z","logger":"broker_ingress","caller":"ingress/ingress_handler.go:120","msg":"Error retrieving TTL, defaulting.","commit":"7655d9c","error":"\"knativebrokerttl\" not found"}
{"level":"info","ts":"2019-12-03T21:04:41.462Z","logger":"broker_ingress","caller":"ingress/ingress_handler.go:120","msg":"Error retrieving TTL, defaulting.","commit":"7655d9c","error":"\"knativebrokerttl\" not found"}
{"level":"info","ts":"2019-12-03T21:04:41.463Z","logger":"broker_ingress","caller":"ingress/ingress_handler.go:120","msg":"Error retrieving TTL, defaulting.","commit":"7655d9c","error":"\"knativebrokerttl\" not found"}
{"level":"info","ts":"2019-12-03T21:04:41.465Z","logger":"broker_ingress","caller":"ingress/ingress_handler.go:120","msg":"Error retrieving TTL, defaulting.","commit":"7655d9c","error":"\"knativebrokerttl\" not found"}
{"level":"info","ts":"2019-12-03T21:04:41.466Z","logger":"broker_ingress","caller":"ingress/ingress_handler.go:120","msg":"Error retrieving TTL, defaulting.","commit":"7655d9c","error":"\"knativebrokerttl\" not found"}
{"level":"info","ts":"2019-12-03T21:04:41.466Z","logger":"broker_ingress","caller":"ingress/ingress_handler.go:120","msg":"Error retrieving TTL, defaulting.","commit":"7655d9c","error":"\"knativebrokerttl\" not found"}
{"level":"info","ts":"2019-12-03T21:04:41.468Z","logger":"broker_ingress","caller":"ingress/ingress_handler.go:120","msg":"Error retrieving TTL, defaulting.","commit":"7655d9c","error":"\"knativebrokerttl\" not found"}
{"level":"info","ts":"2019-12-03T21:04:41.469Z","logger":"broker_ingress","caller":"ingress/ingress_handler.go:120","msg":"Error retrieving TTL, defaulting.","commit":"7655d9c","error":"\"knativebrokerttl\" not found"}
{"level":"info","ts":"2019-12-03T21:04:41.469Z","logger":"broker_ingress","caller":"ingress/ingress_handler.go:120","msg":"Error retrieving TTL, defaulting.","commit":"7655d9c","error":"\"knativebrokerttl\" not found"}
{"level":"info","ts":"2019-12-03T21:04:41.470Z","logger":"broker_ingress","caller":"ingress/ingress_handler.go:120","msg":"Error retrieving TTL, defaulting.","commit":"7655d9c","error":"\"knativebrokerttl\" not found"}
{"level":"info","ts":"2019-12-03T21:04:41.471Z","logger":"broker_ingress","caller":"ingress/ingress_handler.go:120","msg":"Error retrieving TTL, defaulting.","commit":"7655d9c","error":"\"knativebrokerttl\" not found"}
{"level":"info","ts":"2019-12-03T21:04:41.472Z","logger":"broker_ingress","caller":"ingress/ingress_handler.go:120","msg":"Error retrieving TTL, defaulting.","commit":"7655d9c","error":"\"knativebrokerttl\" not found"}
{"level":"info","ts":"2019-12-03T21:04:41.473Z","logger":"broker_ingress","caller":"ingress/ingress_handler.go:120","msg":"Error retrieving TTL, defaulting.","commit":"7655d9c","error":"\"knativebrokerttl\" not found"}
{"level":"info","ts":"2019-12-03T21:04:41.476Z","logger":"broker_ingress","caller":"ingress/ingress_handler.go:120","msg":"Error retrieving TTL, defaulting.","commit":"7655d9c","error":"\"knativebrokerttl\" not found"}
{"level":"info","ts":"2019-12-03T21:04:41.476Z","logger":"broker_ingress","caller":"ingress/ingress_handler.go:120","msg":"Error retrieving TTL, defaulting.","commit":"7655d9c","error":"\"knativebrokerttl\" not found"}
{"level":"info","ts":"2019-12-03T21:04:41.477Z","logger":"broker_ingress","caller":"ingress/ingress_handler.go:120","msg":"Error retrieving TTL, defaulting.","commit":"7655d9c","error":"\"knativebrokerttl\" not found"}
{"level":"info","ts":"2019-12-03T21:04:41.477Z","logger":"broker_ingress","caller":"ingress/ingress_handler.go:120","msg":"Error retrieving TTL, defaulting.","commit":"7655d9c","error":"\"knativebrokerttl\" not found"}
{"level":"info","ts":"2019-12-03T21:04:41.479Z","logger":"broker_ingress","caller":"ingress/ingress_handler.go:120","msg":"Error retrieving TTL, defaulting.","commit":"7655d9c","error":"\"knativebrokerttl\" not found"}
{"level":"info","ts":"2019-12-03T21:04:41.479Z","logger":"broker_ingress","caller":"ingress/ingress_handler.go:120","msg":"Error retrieving TTL, defaulting.","commit":"7655d9c","error":"\"knativebrokerttl\" not found"}
{"level":"info","ts":"2019-12-03T21:04:41.479Z","logger":"broker_ingress","caller":"ingress/ingress_handler.go:120","msg":"Error retrieving TTL, defaulting.","commit":"7655d9c","error":"\"knativebrokerttl\" not found"}
{"level":"info","ts":"2019-12-03T21:04:41.480Z","logger":"broker_ingress","caller":"ingress/ingress_handler.go:120","msg":"Error retrieving TTL, defaulting.","commit":"7655d9c","error":"\"knativebrokerttl\" not found"}
{"level":"info","ts":"2019-12-03T21:04:41.481Z","logger":"broker_ingress","caller":"ingress/ingress_handler.go:120","msg":"Error retrieving TTL, defaulting.","commit":"7655d9c","error":"\"knativebrokerttl\" not found"}
{"level":"info","ts":"2019-12-03T21:04:41.482Z","logger":"broker_ingress","caller":"ingress/ingress_handler.go:120","msg":"Error retrieving TTL, defaulting.","commit":"7655d9c","error":"\"knativebrokerttl\" not found"}
{"level":"info","ts":"2019-12-03T21:04:41.482Z","logger":"broker_ingress","caller":"ingress/ingress_handler.go:120","msg":"Error retrieving TTL, defaulting.","commit":"7655d9c","error":"\"knativebrokerttl\" not found"}
{"level":"info","ts":"2019-12-03T21:04:41.483Z","logger":"broker_ingress","caller":"ingress/ingress_handler.go:120","msg":"Error retrieving TTL, defaulting.","commit":"7655d9c","error":"\"knativebrokerttl\" not found"}
{"level":"info","ts":"2019-12-03T21:04:41.484Z","logger":"broker_ingress","caller":"ingress/ingress_handler.go:120","msg":"Error retrieving TTL, defaulting.","commit":"7655d9c","error":"\"knativebrokerttl\" not found"}
{"level":"info","ts":"2019-12-03T21:04:41.485Z","logger":"broker_ingress","caller":"ingress/ingress_handler.go:120","msg":"Error retrieving TTL, defaulting.","commit":"7655d9c","error":"\"knativebrokerttl\" not found"}
{"level":"info","ts":"2019-12-03T21:04:41.486Z","logger":"broker_ingress","caller":"ingress/ingress_handler.go:120","msg":"Error retrieving TTL, defaulting.","commit":"7655d9c","error":"\"knativebrokerttl\" not found"}
{"level":"info","ts":"2019-12-03T21:04:41.487Z","logger":"broker_ingress","caller":"ingress/ingress_handler.go:120","msg":"Error retrieving TTL, defaulting.","commit":"7655d9c","error":"\"knativebrokerttl\" not found"}
{"level":"info","ts":"2019-12-03T21:04:41.488Z","logger":"broker_ingress","caller":"ingress/ingress_handler.go:120","msg":"Error retrieving TTL, defaulting.","commit":"7655d9c","error":"\"knativebrokerttl\" not found"}
{"level":"info","ts":"2019-12-03T21:04:41.490Z","logger":"broker_ingress","caller":"ingress/ingress_handler.go:120","msg":"Error retrieving TTL, defaulting.","commit":"7655d9c","error":"\"knativebrokerttl\" not found"}
{"level":"info","ts":"2019-12-03T21:04:41.491Z","logger":"broker_ingress","caller":"ingress/ingress_handler.go:120","msg":"Error retrieving TTL, defaulting.","commit":"7655d9c","error":"\"knativebrokerttl\" not found"}
{"level":"info","ts":"2019-12-03T21:04:41.491Z","logger":"broker_ingress","caller":"ingress/ingress_handler.go:120","msg":"Error retrieving TTL, defaulting.","commit":"7655d9c","error":"\"knativebrokerttl\" not found"}
{"level":"info","ts":"2019-12-03T21:04:41.492Z","logger":"broker_ingress","caller":"ingress/ingress_handler.go:120","msg":"Error retrieving TTL, defaulting.","commit":"7655d9c","error":"\"knativebrokerttl\" not found"}
{"level":"info","ts":"2019-12-03T21:04:41.493Z","logger":"broker_ingress","caller":"ingress/ingress_handler.go:120","msg":"Error retrieving TTL, defaulting.","commit":"7655d9c","error":"\"knativebrokerttl\" not found"}
{"level":"info","ts":"2019-12-03T21:04:41.493Z","logger":"broker_ingress","caller":"ingress/ingress_handler.go:120","msg":"Error retrieving TTL, defaulting.","commit":"7655d9c","error":"\"knativebrokerttl\" not found"}
{"level":"info","ts":"2019-12-03T21:04:41.494Z","logger":"broker_ingress","caller":"ingress/ingress_handler.go:120","msg":"Error retrieving TTL, defaulting.","commit":"7655d9c","error":"\"knativebrokerttl\" not found"}
{"level":"info","ts":"2019-12-03T21:04:41.496Z","logger":"broker_ingress","caller":"ingress/ingress_handler.go:120","msg":"Error retrieving TTL, defaulting.","commit":"7655d9c","error":"\"knativebrokerttl\" not found"}
{"level":"info","ts":"2019-12-03T21:04:41.497Z","logger":"broker_ingress","caller":"ingress/ingress_handler.go:120","msg":"Error retrieving TTL, defaulting.","commit":"7655d9c","error":"\"knativebrokerttl\" not found"}
{"level":"info","ts":"2019-12-03T21:04:41.497Z","logger":"broker_ingress","caller":"ingress/ingress_handler.go:120","msg":"Error retrieving TTL, defaulting.","commit":"7655d9c","error":"\"knativebrokerttl\" not found"}
{"level":"info","ts":"2019-12-03T21:04:41.498Z","logger":"broker_ingress","caller":"ingress/ingress_handler.go:120","msg":"Error retrieving TTL, defaulting.","commit":"7655d9c","error":"\"knativebrokerttl\" not found"}
{"level":"info","ts":"2019-12-03T21:04:41.499Z","logger":"broker_ingress","caller":"ingress/ingress_handler.go:120","msg":"Error retrieving TTL, defaulting.","commit":"7655d9c","error":"\"knativebrokerttl\" not found"}
{"level":"info","ts":"2019-12-03T21:04:41.500Z","logger":"broker_ingress","caller":"ingress/ingress_handler.go:120","msg":"Error retrieving TTL, defaulting.","commit":"7655d9c","error":"\"knativebrokerttl\" not found"}
{"level":"info","ts":"2019-12-03T21:04:41.501Z","logger":"broker_ingress","caller":"ingress/ingress_handler.go:120","msg":"Error retrieving TTL, defaulting.","commit":"7655d9c","error":"\"knativebrokerttl\" not found"}
{"level":"info","ts":"2019-12-03T21:04:41.501Z","logger":"broker_ingress","caller":"ingress/ingress_handler.go:120","msg":"Error retrieving TTL, defaulting.","commit":"7655d9c","error":"\"knativebrokerttl\" not found"}
{"level":"info","ts":"2019-12-03T21:04:41.503Z","logger":"broker_ingress","caller":"ingress/ingress_handler.go:120","msg":"Error retrieving TTL, defaulting.","commit":"7655d9c","error":"\"knativebrokerttl\" not found"}
{"level":"info","ts":"2019-12-03T21:04:41.503Z","logger":"broker_ingress","caller":"ingress/ingress_handler.go:120","msg":"Error retrieving TTL, defaulting.","commit":"7655d9c","error":"\"knativebrokerttl\" not found"}
{"level":"info","ts":"2019-12-03T21:04:41.504Z","logger":"broker_ingress","caller":"ingress/ingress_handler.go:120","msg":"Error retrieving TTL, defaulting.","commit":"7655d9c","error":"\"knativebrokerttl\" not found"}
{"level":"info","ts":"2019-12-03T21:04:41.505Z","logger":"broker_ingress","caller":"ingress/ingress_handler.go:120","msg":"Error retrieving TTL, defaulting.","commit":"7655d9c","error":"\"knativebrokerttl\" not found"}
{"level":"info","ts":"2019-12-03T21:04:41.506Z","logger":"broker_ingress","caller":"ingress/ingress_handler.go:120","msg":"Error retrieving TTL, defaulting.","commit":"7655d9c","error":"\"knativebrokerttl\" not found"}
{"level":"info","ts":"2019-12-03T21:04:41.508Z","logger":"broker_ingress","caller":"ingress/ingress_handler.go:120","msg":"Error retrieving TTL, defaulting.","commit":"7655d9c","error":"\"knativebrokerttl\" not found"}
{"level":"info","ts":"2019-12-03T21:04:41.509Z","logger":"broker_ingress","caller":"ingress/ingress_handler.go:120","msg":"Error retrieving TTL, defaulting.","commit":"7655d9c","error":"\"knativebrokerttl\" not found"}
{"level":"info","ts":"2019-12-03T21:04:41.509Z","logger":"broker_ingress","caller":"ingress/ingress_handler.go:120","msg":"Error retrieving TTL, defaulting.","commit":"7655d9c","error":"\"knativebrokerttl\" not found"}
{"level":"info","ts":"2019-12-03T21:04:41.510Z","logger":"broker_ingress","caller":"ingress/ingress_handler.go:120","msg":"Error retrieving TTL, defaulting.","commit":"7655d9c","error":"\"knativebrokerttl\" not found"}
{"level":"info","ts":"2019-12-03T21:04:41.511Z","logger":"broker_ingress","caller":"ingress/ingress_handler.go:120","msg":"Error retrieving TTL, defaulting.","commit":"7655d9c","error":"\"knativebrokerttl\" not found"}
{"level":"info","ts":"2019-12-03T21:04:41.512Z","logger":"broker_ingress","caller":"ingress/ingress_handler.go:120","msg":"Error retrieving TTL, defaulting.","commit":"7655d9c","error":"\"knativebrokerttl\" not found"}
{"level":"info","ts":"2019-12-03T21:04:41.512Z","logger":"broker_ingress","caller":"ingress/ingress_handler.go:120","msg":"Error retrieving TTL, defaulting.","commit":"7655d9c","error":"\"knativebrokerttl\" not found"}
{"level":"info","ts":"2019-12-03T21:04:41.513Z","logger":"broker_ingress","caller":"ingress/ingress_handler.go:120","msg":"Error retrieving TTL, defaulting.","commit":"7655d9c","error":"\"knativebrokerttl\" not found"}
{"level":"info","ts":"2019-12-03T21:04:41.514Z","logger":"broker_ingress","caller":"ingress/ingress_handler.go:120","msg":"Error retrieving TTL, defaulting.","commit":"7655d9c","error":"\"knativebrokerttl\" not found"}
{"level":"info","ts":"2019-12-03T21:04:41.515Z","logger":"broker_ingress","caller":"ingress/ingress_handler.go:120","msg":"Error retrieving TTL, defaulting.","commit":"7655d9c","error":"\"knativebrokerttl\" not found"}
{"level":"info","ts":"2019-12-03T21:04:41.516Z","logger":"broker_ingress","caller":"ingress/ingress_handler.go:120","msg":"Error retrieving TTL, defaulting.","commit":"7655d9c","error":"\"knativebrokerttl\" not found"}
{"level":"info","ts":"2019-12-03T21:04:41.517Z","logger":"broker_ingress","caller":"ingress/ingress_handler.go:120","msg":"Error retrieving TTL, defaulting.","commit":"7655d9c","error":"\"knativebrokerttl\" not found"}
{"level":"info","ts":"2019-12-03T21:04:41.518Z","logger":"broker_ingress","caller":"ingress/ingress_handler.go:120","msg":"Error retrieving TTL, defaulting.","commit":"7655d9c","error":"\"knativebrokerttl\" not found"}
{"level":"info","ts":"2019-12-03T21:04:41.519Z","logger":"broker_ingress","caller":"ingress/ingress_handler.go:120","msg":"Error retrieving TTL, defaulting.","commit":"7655d9c","error":"\"knativebrokerttl\" not found"}
{"level":"info","ts":"2019-12-03T21:04:41.520Z","logger":"broker_ingress","caller":"ingress/ingress_handler.go:120","msg":"Error retrieving TTL, defaulting.","commit":"7655d9c","error":"\"knativebrokerttl\" not found"}
{"level":"info","ts":"2019-12-03T21:04:41.521Z","logger":"broker_ingress","caller":"ingress/ingress_handler.go:120","msg":"Error retrieving TTL, defaulting.","commit":"7655d9c","error":"\"knativebrokerttl\" not found"}
{"level":"info","ts":"2019-12-03T21:04:41.521Z","logger":"broker_ingress","caller":"ingress/ingress_handler.go:120","msg":"Error retrieving TTL, defaulting.","commit":"7655d9c","error":"\"knativebrokerttl\" not found"}
{"level":"info","ts":"2019-12-03T21:04:41.522Z","logger":"broker_ingress","caller":"ingress/ingress_handler.go:120","msg":"Error retrieving TTL, defaulting.","commit":"7655d9c","error":"\"knativebrokerttl\" not found"}
{"level":"info","ts":"2019-12-03T21:04:41.523Z","logger":"broker_ingress","caller":"ingress/ingress_handler.go:120","msg":"Error retrieving TTL, defaulting.","commit":"7655d9c","error":"\"knativebrokerttl\" not found"}
{"level":"info","ts":"2019-12-03T21:04:41.525Z","logger":"broker_ingress","caller":"ingress/ingress_handler.go:120","msg":"Error retrieving TTL, defaulting.","commit":"7655d9c","error":"\"knativebrokerttl\" not found"}
{"level":"info","ts":"2019-12-03T21:04:41.525Z","logger":"broker_ingress","caller":"ingress/ingress_handler.go:120","msg":"Error retrieving TTL, defaulting.","commit":"7655d9c","error":"\"knativebrokerttl\" not found"}
{"level":"info","ts":"2019-12-03T21:04:41.526Z","logger":"broker_ingress","caller":"ingress/ingress_handler.go:120","msg":"Error retrieving TTL, defaulting.","commit":"7655d9c","error":"\"knativebrokerttl\" not found"}
{"level":"info","ts":"2019-12-03T21:04:41.527Z","logger":"broker_ingress","caller":"ingress/ingress_handler.go:120","msg":"Error retrieving TTL, defaulting.","commit":"7655d9c","error":"\"knativebrokerttl\" not found"}
{"level":"info","ts":"2019-12-03T21:04:41.528Z","logger":"broker_ingress","caller":"ingress/ingress_handler.go:120","msg":"Error retrieving TTL, defaulting.","commit":"7655d9c","error":"\"knativebrokerttl\" not found"}
{"level":"info","ts":"2019-12-03T21:04:41.529Z","logger":"broker_ingress","caller":"ingress/ingress_handler.go:120","msg":"Error retrieving TTL, defaulting.","commit":"7655d9c","error":"\"knativebrokerttl\" not found"}
{"level":"info","ts":"2019-12-03T21:04:41.530Z","logger":"broker_ingress","caller":"ingress/ingress_handler.go:120","msg":"Error retrieving TTL, defaulting.","commit":"7655d9c","error":"\"knativebrokerttl\" not found"}
{"level":"info","ts":"2019-12-03T21:04:41.531Z","logger":"broker_ingress","caller":"ingress/ingress_handler.go:120","msg":"Error retrieving TTL, defaulting.","commit":"7655d9c","error":"\"knativebrokerttl\" not found"}
{"level":"info","ts":"2019-12-03T21:04:41.531Z","logger":"broker_ingress","caller":"ingress/ingress_handler.go:120","msg":"Error retrieving TTL, defaulting.","commit":"7655d9c","error":"\"knativebrokerttl\" not found"}
{"level":"info","ts":"2019-12-03T21:04:41.532Z","logger":"broker_ingress","caller":"ingress/ingress_handler.go:120","msg":"Error retrieving TTL, defaulting.","commit":"7655d9c","error":"\"knativebrokerttl\" not found"}
{"level":"info","ts":"2019-12-03T21:04:41.534Z","logger":"broker_ingress","caller":"ingress/ingress_handler.go:120","msg":"Error retrieving TTL, defaulting.","commit":"7655d9c","error":"\"knativebrokerttl\" not found"}
{"level":"info","ts":"2019-12-03T21:04:41.535Z","logger":"broker_ingress","caller":"ingress/ingress_handler.go:120","msg":"Error retrieving TTL, defaulting.","commit":"7655d9c","error":"\"knativebrokerttl\" not found"}
{"level":"info","ts":"2019-12-03T21:04:41.535Z","logger":"broker_ingress","caller":"ingress/ingress_handler.go:120","msg":"Error retrieving TTL, defaulting.","commit":"7655d9c","error":"\"knativebrokerttl\" not found"}
{"level":"info","ts":"2019-12-03T21:04:41.537Z","logger":"broker_ingress","caller":"ingress/ingress_handler.go:120","msg":"Error retrieving TTL, defaulting.","commit":"7655d9c","error":"\"knativebrokerttl\" not found"}
{"level":"info","ts":"2019-12-03T21:04:41.538Z","logger":"broker_ingress","caller":"ingress/ingress_handler.go:120","msg":"Error retrieving TTL, defaulting.","commit":"7655d9c","error":"\"knativebrokerttl\" not found"}
{"level":"info","ts":"2019-12-03T21:04:41.538Z","logger":"broker_ingress","caller":"ingress/ingress_handler.go:120","msg":"Error retrieving TTL, defaulting.","commit":"7655d9c","error":"\"knativebrokerttl\" not found"}
{"level":"info","ts":"2019-12-03T21:04:41.539Z","logger":"broker_ingress","caller":"ingress/ingress_handler.go:120","msg":"Error retrieving TTL, defaulting.","commit":"7655d9c","error":"\"knativebrokerttl\" not found"}
{"level":"info","ts":"2019-12-03T21:04:41.540Z","logger":"broker_ingress","caller":"ingress/ingress_handler.go:120","msg":"Error retrieving TTL, defaulting.","commit":"7655d9c","error":"\"knativebrokerttl\" not found"}
{"level":"info","ts":"2019-12-03T21:04:41.541Z","logger":"broker_ingress","caller":"ingress/ingress_handler.go:120","msg":"Error retrieving TTL, defaulting.","commit":"7655d9c","error":"\"knativebrokerttl\" not found"}
{"level":"info","ts":"2019-12-03T21:04:41.542Z","logger":"broker_ingress","caller":"ingress/ingress_handler.go:120","msg":"Error retrieving TTL, defaulting.","commit":"7655d9c","error":"\"knativebrokerttl\" not found"}
{"level":"info","ts":"2019-12-03T21:04:41.542Z","logger":"broker_ingress","caller":"ingress/ingress_handler.go:120","msg":"Error retrieving TTL, defaulting.","commit":"7655d9c","error":"\"knativebrokerttl\" not found"}
{"level":"info","ts":"2019-12-03T21:04:41.544Z","logger":"broker_ingress","caller":"ingress/ingress_handler.go:120","msg":"Error retrieving TTL, defaulting.","commit":"7655d9c","error":"\"knativebrokerttl\" not found"}
{"level":"info","ts":"2019-12-03T21:04:41.545Z","logger":"broker_ingress","caller":"ingress/ingress_handler.go:120","msg":"Error retrieving TTL, defaulting.","commit":"7655d9c","error":"\"knativebrokerttl\" not found"}
{"level":"info","ts":"2019-12-03T21:04:41.546Z","logger":"broker_ingress","caller":"ingress/ingress_handler.go:120","msg":"Error retrieving TTL, defaulting.","commit":"7655d9c","error":"\"knativebrokerttl\" not found"}
{"level":"info","ts":"2019-12-03T21:04:41.546Z","logger":"broker_ingress","caller":"ingress/ingress_handler.go:120","msg":"Error retrieving TTL, defaulting.","commit":"7655d9c","error":"\"knativebrokerttl\" not found"}
{"level":"info","ts":"2019-12-03T21:04:41.547Z","logger":"broker_ingress","caller":"ingress/ingress_handler.go:120","msg":"Error retrieving TTL, defaulting.","commit":"7655d9c","error":"\"knativebrokerttl\" not found"}
{"level":"info","ts":"2019-12-03T21:04:41.548Z","logger":"broker_ingress","caller":"ingress/ingress_handler.go:120","msg":"Error retrieving TTL, defaulting.","commit":"7655d9c","error":"\"knativebrokerttl\" not found"}
{"level":"info","ts":"2019-12-03T21:04:41.549Z","logger":"broker_ingress","caller":"ingress/ingress_handler.go:120","msg":"Error retrieving TTL, defaulting.","commit":"7655d9c","error":"\"knativebrokerttl\" not found"}
{"level":"info","ts":"2019-12-03T21:04:41.550Z","logger":"broker_ingress","caller":"ingress/ingress_handler.go:120","msg":"Error retrieving TTL, defaulting.","commit":"7655d9c","error":"\"knativebrokerttl\" not found"}
{"level":"info","ts":"2019-12-03T21:04:41.551Z","logger":"broker_ingress","caller":"ingress/ingress_handler.go:120","msg":"Error retrieving TTL, defaulting.","commit":"7655d9c","error":"\"knativebrokerttl\" not found"}
{"level":"info","ts":"2019-12-03T21:04:41.551Z","logger":"broker_ingress","caller":"ingress/ingress_handler.go:120","msg":"Error retrieving TTL, defaulting.","commit":"7655d9c","error":"\"knativebrokerttl\" not found"}
{"level":"info","ts":"2019-12-03T21:04:41.553Z","logger":"broker_ingress","caller":"ingress/ingress_handler.go:120","msg":"Error retrieving TTL, defaulting.","commit":"7655d9c","error":"\"knativebrokerttl\" not found"}
{"level":"info","ts":"2019-12-03T21:04:41.553Z","logger":"broker_ingress","caller":"ingress/ingress_handler.go:120","msg":"Error retrieving TTL, defaulting.","commit":"7655d9c","error":"\"knativebrokerttl\" not found"}
{"level":"info","ts":"2019-12-03T21:04:41.554Z","logger":"broker_ingress","caller":"ingress/ingress_handler.go:120","msg":"Error retrieving TTL, defaulting.","commit":"7655d9c","error":"\"knativebrokerttl\" not found"}
{"level":"info","ts":"2019-12-03T21:04:41.555Z","logger":"broker_ingress","caller":"ingress/ingress_handler.go:120","msg":"Error retrieving TTL, defaulting.","commit":"7655d9c","error":"\"knativebrokerttl\" not found"}
{"level":"info","ts":"2019-12-03T21:04:41.556Z","logger":"broker_ingress","caller":"ingress/ingress_handler.go:120","msg":"Error retrieving TTL, defaulting.","commit":"7655d9c","error":"\"knativebrokerttl\" not found"}
{"level":"info","ts":"2019-12-03T21:04:41.560Z","logger":"broker_ingress","caller":"ingress/ingress_handler.go:120","msg":"Error retrieving TTL, defaulting.","commit":"7655d9c","error":"\"knativebrokerttl\" not found"}
{"level":"info","ts":"2019-12-03T21:04:41.560Z","logger":"broker_ingress","caller":"ingress/ingress_handler.go:120","msg":"Error retrieving TTL, defaulting.","commit":"7655d9c","error":"\"knativebrokerttl\" not found"}
{"level":"info","ts":"2019-12-03T21:04:41.561Z","logger":"broker_ingress","caller":"ingress/ingress_handler.go:120","msg":"Error retrieving TTL, defaulting.","commit":"7655d9c","error":"\"knativebrokerttl\" not found"}
{"level":"info","ts":"2019-12-03T21:04:41.561Z","logger":"broker_ingress","caller":"ingress/ingress_handler.go:120","msg":"Error retrieving TTL, defaulting.","commit":"7655d9c","error":"\"knativebrokerttl\" not found"}
{"level":"info","ts":"2019-12-03T21:04:41.561Z","logger":"broker_ingress","caller":"ingress/ingress_handler.go:120","msg":"Error retrieving TTL, defaulting.","commit":"7655d9c","error":"\"knativebrokerttl\" not found"}
{"level":"info","ts":"2019-12-03T21:04:41.562Z","logger":"broker_ingress","caller":"ingress/ingress_handler.go:120","msg":"Error retrieving TTL, defaulting.","commit":"7655d9c","error":"\"knativebrokerttl\" not found"}
{"level":"info","ts":"2019-12-03T21:04:41.563Z","logger":"broker_ingress","caller":"ingress/ingress_handler.go:120","msg":"Error retrieving TTL, defaulting.","commit":"7655d9c","error":"\"knativebrokerttl\" not found"}
{"level":"info","ts":"2019-12-03T21:04:41.563Z","logger":"broker_ingress","caller":"ingress/ingress_handler.go:120","msg":"Error retrieving TTL, defaulting.","commit":"7655d9c","error":"\"knativebrokerttl\" not found"}
{"level":"info","ts":"2019-12-03T21:04:41.564Z","logger":"broker_ingress","caller":"ingress/ingress_handler.go:120","msg":"Error retrieving TTL, defaulting.","commit":"7655d9c","error":"\"knativebrokerttl\" not found"}
{"level":"info","ts":"2019-12-03T21:04:41.565Z","logger":"broker_ingress","caller":"ingress/ingress_handler.go:120","msg":"Error retrieving TTL, defaulting.","commit":"7655d9c","error":"\"knativebrokerttl\" not found"}
{"level":"info","ts":"2019-12-03T21:04:41.567Z","logger":"broker_ingress","caller":"ingress/ingress_handler.go:120","msg":"Error retrieving TTL, defaulting.","commit":"7655d9c","error":"\"knativebrokerttl\" not found"}
{"level":"info","ts":"2019-12-03T21:04:41.567Z","logger":"broker_ingress","caller":"ingress/ingress_handler.go:120","msg":"Error retrieving TTL, defaulting.","commit":"7655d9c","error":"\"knativebrokerttl\" not found"}
{"level":"info","ts":"2019-12-03T21:04:41.569Z","logger":"broker_ingress","caller":"ingress/ingress_handler.go:120","msg":"Error retrieving TTL, defaulting.","commit":"7655d9c","error":"\"knativebrokerttl\" not found"}
{"level":"info","ts":"2019-12-03T21:04:41.569Z","logger":"broker_ingress","caller":"ingress/ingress_handler.go:120","msg":"Error retrieving TTL, defaulting.","commit":"7655d9c","error":"\"knativebrokerttl\" not found"}
{"level":"info","ts":"2019-12-03T21:04:41.570Z","logger":"broker_ingress","caller":"ingress/ingress_handler.go:120","msg":"Error retrieving TTL, defaulting.","commit":"7655d9c","error":"\"knativebrokerttl\" not found"}
{"level":"info","ts":"2019-12-03T21:04:41.571Z","logger":"broker_ingress","caller":"ingress/ingress_handler.go:120","msg":"Error retrieving TTL, defaulting.","commit":"7655d9c","error":"\"knativebrokerttl\" not found"}
{"level":"info","ts":"2019-12-03T21:04:41.572Z","logger":"broker_ingress","caller":"ingress/ingress_handler.go:120","msg":"Error retrieving TTL, defaulting.","commit":"7655d9c","error":"\"knativebrokerttl\" not found"}
{"level":"info","ts":"2019-12-03T21:04:41.572Z","logger":"broker_ingress","caller":"ingress/ingress_handler.go:120","msg":"Error retrieving TTL, defaulting.","commit":"7655d9c","error":"\"knativebrokerttl\" not found"}
{"level":"info","ts":"2019-12-03T21:04:41.574Z","logger":"broker_ingress","caller":"ingress/ingress_handler.go:120","msg":"Error retrieving TTL, defaulting.","commit":"7655d9c","error":"\"knativebrokerttl\" not found"}
{"level":"info","ts":"2019-12-03T21:04:41.575Z","logger":"broker_ingress","caller":"ingress/ingress_handler.go:120","msg":"Error retrieving TTL, defaulting.","commit":"7655d9c","error":"\"knativebrokerttl\" not found"}
{"level":"info","ts":"2019-12-03T21:04:41.575Z","logger":"broker_ingress","caller":"ingress/ingress_handler.go:120","msg":"Error retrieving TTL, defaulting.","commit":"7655d9c","error":"\"knativebrokerttl\" not found"}
{"level":"info","ts":"2019-12-03T21:04:41.577Z","logger":"broker_ingress","caller":"ingress/ingress_handler.go:120","msg":"Error retrieving TTL, defaulting.","commit":"7655d9c","error":"\"knativebrokerttl\" not found"}
{"level":"info","ts":"2019-12-03T21:04:41.577Z","logger":"broker_ingress","caller":"ingress/ingress_handler.go:120","msg":"Error retrieving TTL, defaulting.","commit":"7655d9c","error":"\"knativebrokerttl\" not found"}
{"level":"info","ts":"2019-12-03T21:04:41.578Z","logger":"broker_ingress","caller":"ingress/ingress_handler.go:120","msg":"Error retrieving TTL, defaulting.","commit":"7655d9c","error":"\"knativebrokerttl\" not found"}
{"level":"info","ts":"2019-12-03T21:04:41.580Z","logger":"broker_ingress","caller":"ingress/ingress_handler.go:120","msg":"Error retrieving TTL, defaulting.","commit":"7655d9c","error":"\"knativebrokerttl\" not found"}
{"level":"info","ts":"2019-12-03T21:04:41.580Z","logger":"broker_ingress","caller":"ingress/ingress_handler.go:120","msg":"Error retrieving TTL, defaulting.","commit":"7655d9c","error":"\"knativebrokerttl\" not found"}
{"level":"info","ts":"2019-12-03T21:04:41.582Z","logger":"broker_ingress","caller":"ingress/ingress_handler.go:120","msg":"Error retrieving TTL, defaulting.","commit":"7655d9c","error":"\"knativebrokerttl\" not found"}
{"level":"info","ts":"2019-12-03T21:04:41.582Z","logger":"broker_ingress","caller":"ingress/ingress_handler.go:120","msg":"Error retrieving TTL, defaulting.","commit":"7655d9c","error":"\"knativebrokerttl\" not found"}
{"level":"info","ts":"2019-12-03T21:04:41.583Z","logger":"broker_ingress","caller":"ingress/ingress_handler.go:120","msg":"Error retrieving TTL, defaulting.","commit":"7655d9c","error":"\"knativebrokerttl\" not found"}
{"level":"info","ts":"2019-12-03T21:04:41.584Z","logger":"broker_ingress","caller":"ingress/ingress_handler.go:120","msg":"Error retrieving TTL, defaulting.","commit":"7655d9c","error":"\"knativebrokerttl\" not found"}
{"level":"info","ts":"2019-12-03T21:04:41.584Z","logger":"broker_ingress","caller":"ingress/ingress_handler.go:120","msg":"Error retrieving TTL, defaulting.","commit":"7655d9c","error":"\"knativebrokerttl\" not found"}
{"level":"info","ts":"2019-12-03T21:04:41.586Z","logger":"broker_ingress","caller":"ingress/ingress_handler.go:120","msg":"Error retrieving TTL, defaulting.","commit":"7655d9c","error":"\"knativebrokerttl\" not found"}
{"level":"info","ts":"2019-12-03T21:04:41.587Z","logger":"broker_ingress","caller":"ingress/ingress_handler.go:120","msg":"Error retrieving TTL, defaulting.","commit":"7655d9c","error":"\"knativebrokerttl\" not found"}
{"level":"info","ts":"2019-12-03T21:04:41.587Z","logger":"broker_ingress","caller":"ingress/ingress_handler.go:120","msg":"Error retrieving TTL, defaulting.","commit":"7655d9c","error":"\"knativebrokerttl\" not found"}
{"level":"info","ts":"2019-12-03T21:04:41.589Z","logger":"broker_ingress","caller":"ingress/ingress_handler.go:120","msg":"Error retrieving TTL, defaulting.","commit":"7655d9c","error":"\"knativebrokerttl\" not found"}
{"level":"info","ts":"2019-12-03T21:04:41.589Z","logger":"broker_ingress","caller":"ingress/ingress_handler.go:120","msg":"Error retrieving TTL, defaulting.","commit":"7655d9c","error":"\"knativebrokerttl\" not found"}
{"level":"info","ts":"2019-12-03T21:04:41.592Z","logger":"broker_ingress","caller":"ingress/ingress_handler.go:120","msg":"Error retrieving TTL, defaulting.","commit":"7655d9c","error":"\"knativebrokerttl\" not found"}
{"level":"info","ts":"2019-12-03T21:04:41.593Z","logger":"broker_ingress","caller":"ingress/ingress_handler.go:120","msg":"Error retrieving TTL, defaulting.","commit":"7655d9c","error":"\"knativebrokerttl\" not found"}
{"level":"info","ts":"2019-12-03T21:04:41.594Z","logger":"broker_ingress","caller":"ingress/ingress_handler.go:120","msg":"Error retrieving TTL, defaulting.","commit":"7655d9c","error":"\"knativebrokerttl\" not found"}
{"level":"info","ts":"2019-12-03T21:04:41.593Z","logger":"broker_ingress","caller":"ingress/ingress_handler.go:120","msg":"Error retrieving TTL, defaulting.","commit":"7655d9c","error":"\"knativebrokerttl\" not found"}
{"level":"info","ts":"2019-12-03T21:04:41.593Z","logger":"broker_ingress","caller":"ingress/ingress_handler.go:120","msg":"Error retrieving TTL, defaulting.","commit":"7655d9c","error":"\"knativebrokerttl\" not found"}
{"level":"info","ts":"2019-12-03T21:04:41.594Z","logger":"broker_ingress","caller":"ingress/ingress_handler.go:120","msg":"Error retrieving TTL, defaulting.","commit":"7655d9c","error":"\"knativebrokerttl\" not found"}
{"level":"info","ts":"2019-12-03T21:04:41.596Z","logger":"broker_ingress","caller":"ingress/ingress_handler.go:120","msg":"Error retrieving TTL, defaulting.","commit":"7655d9c","error":"\"knativebrokerttl\" not found"}
{"level":"info","ts":"2019-12-03T21:04:41.597Z","logger":"broker_ingress","caller":"ingress/ingress_handler.go:120","msg":"Error retrieving TTL, defaulting.","commit":"7655d9c","error":"\"knativebrokerttl\" not found"}
{"level":"info","ts":"2019-12-03T21:04:41.597Z","logger":"broker_ingress","caller":"ingress/ingress_handler.go:120","msg":"Error retrieving TTL, defaulting.","commit":"7655d9c","error":"\"knativebrokerttl\" not found"}
{"level":"info","ts":"2019-12-03T21:04:41.598Z","logger":"broker_ingress","caller":"ingress/ingress_handler.go:120","msg":"Error retrieving TTL, defaulting.","commit":"7655d9c","error":"\"knativebrokerttl\" not found"}
{"level":"info","ts":"2019-12-03T21:04:41.600Z","logger":"broker_ingress","caller":"ingress/ingress_handler.go:120","msg":"Error retrieving TTL, defaulting.","commit":"7655d9c","error":"\"knativebrokerttl\" not found"}
{"level":"info","ts":"2019-12-03T21:04:41.600Z","logger":"broker_ingress","caller":"ingress/ingress_handler.go:120","msg":"Error retrieving TTL, defaulting.","commit":"7655d9c","error":"\"knativebrokerttl\" not found"}
{"level":"info","ts":"2019-12-03T21:04:41.602Z","logger":"broker_ingress","caller":"ingress/ingress_handler.go:120","msg":"Error retrieving TTL, defaulting.","commit":"7655d9c","error":"\"knativebrokerttl\" not found"}
{"level":"info","ts":"2019-12-03T21:04:41.603Z","logger":"broker_ingress","caller":"ingress/ingress_handler.go:120","msg":"Error retrieving TTL, defaulting.","commit":"7655d9c","error":"\"knativebrokerttl\" not found"}
{"level":"info","ts":"2019-12-03T21:04:41.607Z","logger":"broker_ingress","caller":"ingress/ingress_handler.go:120","msg":"Error retrieving TTL, defaulting.","commit":"7655d9c","error":"\"knativebrokerttl\" not found"}
{"level":"info","ts":"2019-12-03T21:04:41.608Z","logger":"broker_ingress","caller":"ingress/ingress_handler.go:120","msg":"Error retrieving TTL, defaulting.","commit":"7655d9c","error":"\"knativebrokerttl\" not found"}
{"level":"info","ts":"2019-12-03T21:04:41.608Z","logger":"broker_ingress","caller":"ingress/ingress_handler.go:120","msg":"Error retrieving TTL, defaulting.","commit":"7655d9c","error":"\"knativebrokerttl\" not found"}
{"level":"info","ts":"2019-12-03T21:04:41.605Z","logger":"broker_ingress","caller":"ingress/ingress_handler.go:120","msg":"Error retrieving TTL, defaulting.","commit":"7655d9c","error":"\"knativebrokerttl\" not found"}
{"level":"info","ts":"2019-12-03T21:04:41.609Z","logger":"broker_ingress","caller":"ingress/ingress_handler.go:120","msg":"Error retrieving TTL, defaulting.","commit":"7655d9c","error":"\"knativebrokerttl\" not found"}
{"level":"info","ts":"2019-12-03T21:04:41.610Z","logger":"broker_ingress","caller":"ingress/ingress_handler.go:120","msg":"Error retrieving TTL, defaulting.","commit":"7655d9c","error":"\"knativebrokerttl\" not found"}
{"level":"info","ts":"2019-12-03T21:04:41.612Z","logger":"broker_ingress","caller":"ingress/ingress_handler.go:120","msg":"Error retrieving TTL, defaulting.","commit":"7655d9c","error":"\"knativebrokerttl\" not found"}
{"level":"info","ts":"2019-12-03T21:04:41.613Z","logger":"broker_ingress","caller":"ingress/ingress_handler.go:120","msg":"Error retrieving TTL, defaulting.","commit":"7655d9c","error":"\"knativebrokerttl\" not found"}
{"level":"info","ts":"2019-12-03T21:04:41.614Z","logger":"broker_ingress","caller":"ingress/ingress_handler.go:120","msg":"Error retrieving TTL, defaulting.","commit":"7655d9c","error":"\"knativebrokerttl\" not found"}
{"level":"info","ts":"2019-12-03T21:04:41.615Z","logger":"broker_ingress","caller":"ingress/ingress_handler.go:120","msg":"Error retrieving TTL, defaulting.","commit":"7655d9c","error":"\"knativebrokerttl\" not found"}
{"level":"info","ts":"2019-12-03T21:04:41.616Z","logger":"broker_ingress","caller":"ingress/ingress_handler.go:120","msg":"Error retrieving TTL, defaulting.","commit":"7655d9c","error":"\"knativebrokerttl\" not found"}
{"level":"info","ts":"2019-12-03T21:04:41.617Z","logger":"broker_ingress","caller":"ingress/ingress_handler.go:120","msg":"Error retrieving TTL, defaulting.","commit":"7655d9c","error":"\"knativebrokerttl\" not found"}
{"level":"info","ts":"2019-12-03T21:04:41.618Z","logger":"broker_ingress","caller":"ingress/ingress_handler.go:120","msg":"Error retrieving TTL, defaulting.","commit":"7655d9c","error":"\"knativebrokerttl\" not found"}
{"level":"info","ts":"2019-12-03T21:04:41.618Z","logger":"broker_ingress","caller":"ingress/ingress_handler.go:120","msg":"Error retrieving TTL, defaulting.","commit":"7655d9c","error":"\"knativebrokerttl\" not found"}
{"level":"info","ts":"2019-12-03T21:04:41.618Z","logger":"broker_ingress","caller":"ingress/ingress_handler.go:120","msg":"Error retrieving TTL, defaulting.","commit":"7655d9c","error":"\"knativebrokerttl\" not found"}
{"level":"info","ts":"2019-12-03T21:04:41.620Z","logger":"broker_ingress","caller":"ingress/ingress_handler.go:120","msg":"Error retrieving TTL, defaulting.","commit":"7655d9c","error":"\"knativebrokerttl\" not found"}
{"level":"info","ts":"2019-12-03T21:04:41.621Z","logger":"broker_ingress","caller":"ingress/ingress_handler.go:120","msg":"Error retrieving TTL, defaulting.","commit":"7655d9c","error":"\"knativebrokerttl\" not found"}
{"level":"info","ts":"2019-12-03T21:04:41.621Z","logger":"broker_ingress","caller":"ingress/ingress_handler.go:120","msg":"Error retrieving TTL, defaulting.","commit":"7655d9c","error":"\"knativebrokerttl\" not found"}
{"level":"info","ts":"2019-12-03T21:04:41.622Z","logger":"broker_ingress","caller":"ingress/ingress_handler.go:120","msg":"Error retrieving TTL, defaulting.","commit":"7655d9c","error":"\"knativebrokerttl\" not found"}
{"level":"info","ts":"2019-12-03T21:04:41.622Z","logger":"broker_ingress","caller":"ingress/ingress_handler.go:120","msg":"Error retrieving TTL, defaulting.","commit":"7655d9c","error":"\"knativebrokerttl\" not found"}
{"level":"info","ts":"2019-12-03T21:04:41.623Z","logger":"broker_ingress","caller":"ingress/ingress_handler.go:120","msg":"Error retrieving TTL, defaulting.","commit":"7655d9c","error":"\"knativebrokerttl\" not found"}
{"level":"info","ts":"2019-12-03T21:04:41.624Z","logger":"broker_ingress","caller":"ingress/ingress_handler.go:120","msg":"Error retrieving TTL, defaulting.","commit":"7655d9c","error":"\"knativebrokerttl\" not found"}
{"level":"info","ts":"2019-12-03T21:04:41.624Z","logger":"broker_ingress","caller":"ingress/ingress_handler.go:120","msg":"Error retrieving TTL, defaulting.","commit":"7655d9c","error":"\"knativebrokerttl\" not found"}
{"level":"info","ts":"2019-12-03T21:04:41.625Z","logger":"broker_ingress","caller":"ingress/ingress_handler.go:120","msg":"Error retrieving TTL, defaulting.","commit":"7655d9c","error":"\"knativebrokerttl\" not found"}
{"level":"info","ts":"2019-12-03T21:04:41.626Z","logger":"broker_ingress","caller":"ingress/ingress_handler.go:120","msg":"Error retrieving TTL, defaulting.","commit":"7655d9c","error":"\"knativebrokerttl\" not found"}
{"level":"info","ts":"2019-12-03T21:04:41.627Z","logger":"broker_ingress","caller":"ingress/ingress_handler.go:120","msg":"Error retrieving TTL, defaulting.","commit":"7655d9c","error":"\"knativebrokerttl\" not found"}
{"level":"info","ts":"2019-12-03T21:04:41.628Z","logger":"broker_ingress","caller":"ingress/ingress_handler.go:120","msg":"Error retrieving TTL, defaulting.","commit":"7655d9c","error":"\"knativebrokerttl\" not found"}
{"level":"info","ts":"2019-12-03T21:04:41.630Z","logger":"broker_ingress","caller":"ingress/ingress_handler.go:120","msg":"Error retrieving TTL, defaulting.","commit":"7655d9c","error":"\"knativebrokerttl\" not found"}
{"level":"info","ts":"2019-12-03T21:04:41.630Z","logger":"broker_ingress","caller":"ingress/ingress_handler.go:120","msg":"Error retrieving TTL, defaulting.","commit":"7655d9c","error":"\"knativebrokerttl\" not found"}
{"level":"info","ts":"2019-12-03T21:04:41.631Z","logger":"broker_ingress","caller":"ingress/ingress_handler.go:120","msg":"Error retrieving TTL, defaulting.","commit":"7655d9c","error":"\"knativebrokerttl\" not found"}
{"level":"info","ts":"2019-12-03T21:04:41.631Z","logger":"broker_ingress","caller":"ingress/ingress_handler.go:120","msg":"Error retrieving TTL, defaulting.","commit":"7655d9c","error":"\"knativebrokerttl\" not found"}
{"level":"info","ts":"2019-12-03T21:04:41.632Z","logger":"broker_ingress","caller":"ingress/ingress_handler.go:120","msg":"Error retrieving TTL, defaulting.","commit":"7655d9c","error":"\"knativebrokerttl\" not found"}
{"level":"info","ts":"2019-12-03T21:04:41.633Z","logger":"broker_ingress","caller":"ingress/ingress_handler.go:120","msg":"Error retrieving TTL, defaulting.","commit":"7655d9c","error":"\"knativebrokerttl\" not found"}
{"level":"info","ts":"2019-12-03T21:04:41.634Z","logger":"broker_ingress","caller":"ingress/ingress_handler.go:120","msg":"Error retrieving TTL, defaulting.","commit":"7655d9c","error":"\"knativebrokerttl\" not found"}
{"level":"info","ts":"2019-12-03T21:04:41.634Z","logger":"broker_ingress","caller":"ingress/ingress_handler.go:120","msg":"Error retrieving TTL, defaulting.","commit":"7655d9c","error":"\"knativebrokerttl\" not found"}
{"level":"info","ts":"2019-12-03T21:04:41.635Z","logger":"broker_ingress","caller":"ingress/ingress_handler.go:120","msg":"Error retrieving TTL, defaulting.","commit":"7655d9c","error":"\"knativebrokerttl\" not found"}
{"level":"info","ts":"2019-12-03T21:04:41.637Z","logger":"broker_ingress","caller":"ingress/ingress_handler.go:120","msg":"Error retrieving TTL, defaulting.","commit":"7655d9c","error":"\"knativebrokerttl\" not found"}
{"level":"info","ts":"2019-12-03T21:04:41.637Z","logger":"broker_ingress","caller":"ingress/ingress_handler.go:120","msg":"Error retrieving TTL, defaulting.","commit":"7655d9c","error":"\"knativebrokerttl\" not found"}
{"level":"info","ts":"2019-12-03T21:04:41.638Z","logger":"broker_ingress","caller":"ingress/ingress_handler.go:120","msg":"Error retrieving TTL, defaulting.","commit":"7655d9c","error":"\"knativebrokerttl\" not found"}
{"level":"info","ts":"2019-12-03T21:04:41.638Z","logger":"broker_ingress","caller":"ingress/ingress_handler.go:120","msg":"Error retrieving TTL, defaulting.","commit":"7655d9c","error":"\"knativebrokerttl\" not found"}
{"level":"info","ts":"2019-12-03T21:04:41.639Z","logger":"broker_ingress","caller":"ingress/ingress_handler.go:120","msg":"Error retrieving TTL, defaulting.","commit":"7655d9c","error":"\"knativebrokerttl\" not found"}
{"level":"info","ts":"2019-12-03T21:04:41.640Z","logger":"broker_ingress","caller":"ingress/ingress_handler.go:120","msg":"Error retrieving TTL, defaulting.","commit":"7655d9c","error":"\"knativebrokerttl\" not found"}
{"level":"info","ts":"2019-12-03T21:04:41.641Z","logger":"broker_ingress","caller":"ingress/ingress_handler.go:120","msg":"Error retrieving TTL, defaulting.","commit":"7655d9c","error":"\"knativebrokerttl\" not found"}
{"level":"info","ts":"2019-12-03T21:04:41.641Z","logger":"broker_ingress","caller":"ingress/ingress_handler.go:120","msg":"Error retrieving TTL, defaulting.","commit":"7655d9c","error":"\"knativebrokerttl\" not found"}
{"level":"info","ts":"2019-12-03T21:04:41.646Z","logger":"broker_ingress","caller":"ingress/ingress_handler.go:120","msg":"Error retrieving TTL, defaulting.","commit":"7655d9c","error":"\"knativebrokerttl\" not found"}
{"level":"info","ts":"2019-12-03T21:04:41.647Z","logger":"broker_ingress","caller":"ingress/ingress_handler.go:120","msg":"Error retrieving TTL, defaulting.","commit":"7655d9c","error":"\"knativebrokerttl\" not found"}
{"level":"info","ts":"2019-12-03T21:04:41.649Z","logger":"broker_ingress","caller":"ingress/ingress_handler.go:120","msg":"Error retrieving TTL, defaulting.","commit":"7655d9c","error":"\"knativebrokerttl\" not found"}
{"level":"info","ts":"2019-12-03T21:04:41.647Z","logger":"broker_ingress","caller":"ingress/ingress_handler.go:120","msg":"Error retrieving TTL, defaulting.","commit":"7655d9c","error":"\"knativebrokerttl\" not found"}
{"level":"info","ts":"2019-12-03T21:04:41.648Z","logger":"broker_ingress","caller":"ingress/ingress_handler.go:120","msg":"Error retrieving TTL, defaulting.","commit":"7655d9c","error":"\"knativebrokerttl\" not found"}
{"level":"info","ts":"2019-12-03T21:04:41.648Z","logger":"broker_ingress","caller":"ingress/ingress_handler.go:120","msg":"Error retrieving TTL, defaulting.","commit":"7655d9c","error":"\"knativebrokerttl\" not found"}
{"level":"info","ts":"2019-12-03T21:04:41.648Z","logger":"broker_ingress","caller":"ingress/ingress_handler.go:120","msg":"Error retrieving TTL, defaulting.","commit":"7655d9c","error":"\"knativebrokerttl\" not found"}
{"level":"info","ts":"2019-12-03T21:04:41.649Z","logger":"broker_ingress","caller":"ingress/ingress_handler.go:120","msg":"Error retrieving TTL, defaulting.","commit":"7655d9c","error":"\"knativebrokerttl\" not found"}
{"level":"info","ts":"2019-12-03T21:04:41.650Z","logger":"broker_ingress","caller":"ingress/ingress_handler.go:120","msg":"Error retrieving TTL, defaulting.","commit":"7655d9c","error":"\"knativebrokerttl\" not found"}
{"level":"info","ts":"2019-12-03T21:04:41.652Z","logger":"broker_ingress","caller":"ingress/ingress_handler.go:120","msg":"Error retrieving TTL, defaulting.","commit":"7655d9c","error":"\"knativebrokerttl\" not found"}
{"level":"info","ts":"2019-12-03T21:04:41.653Z","logger":"broker_ingress","caller":"ingress/ingress_handler.go:120","msg":"Error retrieving TTL, defaulting.","commit":"7655d9c","error":"\"knativebrokerttl\" not found"}
{"level":"info","ts":"2019-12-03T21:04:41.655Z","logger":"broker_ingress","caller":"ingress/ingress_handler.go:120","msg":"Error retrieving TTL, defaulting.","commit":"7655d9c","error":"\"knativebrokerttl\" not found"}
{"level":"info","ts":"2019-12-03T21:04:41.656Z","logger":"broker_ingress","caller":"ingress/ingress_handler.go:120","msg":"Error retrieving TTL, defaulting.","commit":"7655d9c","error":"\"knativebrokerttl\" not found"}
{"level":"info","ts":"2019-12-03T21:04:41.657Z","logger":"broker_ingress","caller":"ingress/ingress_handler.go:120","msg":"Error retrieving TTL, defaulting.","commit":"7655d9c","error":"\"knativebrokerttl\" not found"}
{"level":"info","ts":"2019-12-03T21:04:41.658Z","logger":"broker_ingress","caller":"ingress/ingress_handler.go:120","msg":"Error retrieving TTL, defaulting.","commit":"7655d9c","error":"\"knativebrokerttl\" not found"}
{"level":"info","ts":"2019-12-03T21:04:41.659Z","logger":"broker_ingress","caller":"ingress/ingress_handler.go:120","msg":"Error retrieving TTL, defaulting.","commit":"7655d9c","error":"\"knativebrokerttl\" not found"}
{"level":"info","ts":"2019-12-03T21:04:41.661Z","logger":"broker_ingress","caller":"ingress/ingress_handler.go:120","msg":"Error retrieving TTL, defaulting.","commit":"7655d9c","error":"\"knativebrokerttl\" not found"}
{"level":"info","ts":"2019-12-03T21:04:41.662Z","logger":"broker_ingress","caller":"ingress/ingress_handler.go:120","msg":"Error retrieving TTL, defaulting.","commit":"7655d9c","error":"\"knativebrokerttl\" not found"}
{"level":"info","ts":"2019-12-03T21:04:41.663Z","logger":"broker_ingress","caller":"ingress/ingress_handler.go:120","msg":"Error retrieving TTL, defaulting.","commit":"7655d9c","error":"\"knativebrokerttl\" not found"}
{"level":"info","ts":"2019-12-03T21:04:41.665Z","logger":"broker_ingress","caller":"ingress/ingress_handler.go:120","msg":"Error retrieving TTL, defaulting.","commit":"7655d9c","error":"\"knativebrokerttl\" not found"}
{"level":"info","ts":"2019-12-03T21:04:41.665Z","logger":"broker_ingress","caller":"ingress/ingress_handler.go:120","msg":"Error retrieving TTL, defaulting.","commit":"7655d9c","error":"\"knativebrokerttl\" not found"}
{"level":"info","ts":"2019-12-03T21:04:41.666Z","logger":"broker_ingress","caller":"ingress/ingress_handler.go:120","msg":"Error retrieving TTL, defaulting.","commit":"7655d9c","error":"\"knativebrokerttl\" not found"}
{"level":"info","ts":"2019-12-03T21:04:41.667Z","logger":"broker_ingress","caller":"ingress/ingress_handler.go:120","msg":"Error retrieving TTL, defaulting.","commit":"7655d9c","error":"\"knativebrokerttl\" not found"}
{"level":"info","ts":"2019-12-03T21:04:41.667Z","logger":"broker_ingress","caller":"ingress/ingress_handler.go:120","msg":"Error retrieving TTL, defaulting.","commit":"7655d9c","error":"\"knativebrokerttl\" not found"}
{"level":"info","ts":"2019-12-03T21:04:41.668Z","logger":"broker_ingress","caller":"ingress/ingress_handler.go:120","msg":"Error retrieving TTL, defaulting.","commit":"7655d9c","error":"\"knativebrokerttl\" not found"}
{"level":"info","ts":"2019-12-03T21:04:41.669Z","logger":"broker_ingress","caller":"ingress/ingress_handler.go:120","msg":"Error retrieving TTL, defaulting.","commit":"7655d9c","error":"\"knativebrokerttl\" not found"}
{"level":"info","ts":"2019-12-03T21:04:41.670Z","logger":"broker_ingress","caller":"ingress/ingress_handler.go:120","msg":"Error retrieving TTL, defaulting.","commit":"7655d9c","error":"\"knativebrokerttl\" not found"}
{"level":"info","ts":"2019-12-03T21:04:41.670Z","logger":"broker_ingress","caller":"ingress/ingress_handler.go:120","msg":"Error retrieving TTL, defaulting.","commit":"7655d9c","error":"\"knativebrokerttl\" not found"}
{"level":"info","ts":"2019-12-03T21:04:41.672Z","logger":"broker_ingress","caller":"ingress/ingress_handler.go:120","msg":"Error retrieving TTL, defaulting.","commit":"7655d9c","error":"\"knativebrokerttl\" not found"}
{"level":"info","ts":"2019-12-03T21:04:41.670Z","logger":"broker_ingress","caller":"ingress/ingress_handler.go:120","msg":"Error retrieving TTL, defaulting.","commit":"7655d9c","error":"\"knativebrokerttl\" not found"}
{"level":"info","ts":"2019-12-03T21:04:41.674Z","logger":"broker_ingress","caller":"ingress/ingress_handler.go:120","msg":"Error retrieving TTL, defaulting.","commit":"7655d9c","error":"\"knativebrokerttl\" not found"}
{"level":"info","ts":"2019-12-03T21:04:41.675Z","logger":"broker_ingress","caller":"ingress/ingress_handler.go:120","msg":"Error retrieving TTL, defaulting.","commit":"7655d9c","error":"\"knativebrokerttl\" not found"}
{"level":"info","ts":"2019-12-03T21:04:41.676Z","logger":"broker_ingress","caller":"ingress/ingress_handler.go:120","msg":"Error retrieving TTL, defaulting.","commit":"7655d9c","error":"\"knativebrokerttl\" not found"}
{"level":"info","ts":"2019-12-03T21:04:41.677Z","logger":"broker_ingress","caller":"ingress/ingress_handler.go:120","msg":"Error retrieving TTL, defaulting.","commit":"7655d9c","error":"\"knativebrokerttl\" not found"}
{"level":"info","ts":"2019-12-03T21:04:41.677Z","logger":"broker_ingress","caller":"ingress/ingress_handler.go:120","msg":"Error retrieving TTL, defaulting.","commit":"7655d9c","error":"\"knativebrokerttl\" not found"}
{"level":"info","ts":"2019-12-03T21:04:41.678Z","logger":"broker_ingress","caller":"ingress/ingress_handler.go:120","msg":"Error retrieving TTL, defaulting.","commit":"7655d9c","error":"\"knativebrokerttl\" not found"}
{"level":"info","ts":"2019-12-03T21:04:41.679Z","logger":"broker_ingress","caller":"ingress/ingress_handler.go:120","msg":"Error retrieving TTL, defaulting.","commit":"7655d9c","error":"\"knativebrokerttl\" not found"}
{"level":"info","ts":"2019-12-03T21:04:41.679Z","logger":"broker_ingress","caller":"ingress/ingress_handler.go:120","msg":"Error retrieving TTL, defaulting.","commit":"7655d9c","error":"\"knativebrokerttl\" not found"}
{"level":"info","ts":"2019-12-03T21:04:41.680Z","logger":"broker_ingress","caller":"ingress/ingress_handler.go:120","msg":"Error retrieving TTL, defaulting.","commit":"7655d9c","error":"\"knativebrokerttl\" not found"}
{"level":"info","ts":"2019-12-03T21:04:41.681Z","logger":"broker_ingress","caller":"ingress/ingress_handler.go:120","msg":"Error retrieving TTL, defaulting.","commit":"7655d9c","error":"\"knativebrokerttl\" not found"}
{"level":"info","ts":"2019-12-03T21:04:41.681Z","logger":"broker_ingress","caller":"ingress/ingress_handler.go:120","msg":"Error retrieving TTL, defaulting.","commit":"7655d9c","error":"\"knativebrokerttl\" not found"}
{"level":"info","ts":"2019-12-03T21:04:41.682Z","logger":"broker_ingress","caller":"ingress/ingress_handler.go:120","msg":"Error retrieving TTL, defaulting.","commit":"7655d9c","error":"\"knativebrokerttl\" not found"}
{"level":"info","ts":"2019-12-03T21:04:41.683Z","logger":"broker_ingress","caller":"ingress/ingress_handler.go:120","msg":"Error retrieving TTL, defaulting.","commit":"7655d9c","error":"\"knativebrokerttl\" not found"}
{"level":"info","ts":"2019-12-03T21:04:41.683Z","logger":"broker_ingress","caller":"ingress/ingress_handler.go:120","msg":"Error retrieving TTL, defaulting.","commit":"7655d9c","error":"\"knativebrokerttl\" not found"}
{"level":"info","ts":"2019-12-03T21:04:41.684Z","logger":"broker_ingress","caller":"ingress/ingress_handler.go:120","msg":"Error retrieving TTL, defaulting.","commit":"7655d9c","error":"\"knativebrokerttl\" not found"}
{"level":"info","ts":"2019-12-03T21:04:41.684Z","logger":"broker_ingress","caller":"ingress/ingress_handler.go:120","msg":"Error retrieving TTL, defaulting.","commit":"7655d9c","error":"\"knativebrokerttl\" not found"}
{"level":"info","ts":"2019-12-03T21:04:41.685Z","logger":"broker_ingress","caller":"ingress/ingress_handler.go:120","msg":"Error retrieving TTL, defaulting.","commit":"7655d9c","error":"\"knativebrokerttl\" not found"}
{"level":"info","ts":"2019-12-03T21:04:41.686Z","logger":"broker_ingress","caller":"ingress/ingress_handler.go:120","msg":"Error retrieving TTL, defaulting.","commit":"7655d9c","error":"\"knativebrokerttl\" not found"}
{"level":"info","ts":"2019-12-03T21:04:41.686Z","logger":"broker_ingress","caller":"ingress/ingress_handler.go:120","msg":"Error retrieving TTL, defaulting.","commit":"7655d9c","error":"\"knativebrokerttl\" not found"}
{"level":"info","ts":"2019-12-03T21:04:41.687Z","logger":"broker_ingress","caller":"ingress/ingress_handler.go:120","msg":"Error retrieving TTL, defaulting.","commit":"7655d9c","error":"\"knativebrokerttl\" not found"}
{"level":"info","ts":"2019-12-03T21:04:41.688Z","logger":"broker_ingress","caller":"ingress/ingress_handler.go:120","msg":"Error retrieving TTL, defaulting.","commit":"7655d9c","error":"\"knativebrokerttl\" not found"}
{"level":"info","ts":"2019-12-03T21:04:41.689Z","logger":"broker_ingress","caller":"ingress/ingress_handler.go:120","msg":"Error retrieving TTL, defaulting.","commit":"7655d9c","error":"\"knativebrokerttl\" not found"}
{"level":"info","ts":"2019-12-03T21:04:41.691Z","logger":"broker_ingress","caller":"ingress/ingress_handler.go:120","msg":"Error retrieving TTL, defaulting.","commit":"7655d9c","error":"\"knativebrokerttl\" not found"}
{"level":"info","ts":"2019-12-03T21:04:41.691Z","logger":"broker_ingress","caller":"ingress/ingress_handler.go:120","msg":"Error retrieving TTL, defaulting.","commit":"7655d9c","error":"\"knativebrokerttl\" not found"}
{"level":"info","ts":"2019-12-03T21:04:41.692Z","logger":"broker_ingress","caller":"ingress/ingress_handler.go:120","msg":"Error retrieving TTL, defaulting.","commit":"7655d9c","error":"\"knativebrokerttl\" not found"}
{"level":"info","ts":"2019-12-03T21:04:41.693Z","logger":"broker_ingress","caller":"ingress/ingress_handler.go:120","msg":"Error retrieving TTL, defaulting.","commit":"7655d9c","error":"\"knativebrokerttl\" not found"}
{"level":"info","ts":"2019-12-03T21:04:41.694Z","logger":"broker_ingress","caller":"ingress/ingress_handler.go:120","msg":"Error retrieving TTL, defaulting.","commit":"7655d9c","error":"\"knativebrokerttl\" not found"}
{"level":"info","ts":"2019-12-03T21:04:41.695Z","logger":"broker_ingress","caller":"ingress/ingress_handler.go:120","msg":"Error retrieving TTL, defaulting.","commit":"7655d9c","error":"\"knativebrokerttl\" not found"}
{"level":"info","ts":"2019-12-03T21:04:41.695Z","logger":"broker_ingress","caller":"ingress/ingress_handler.go:120","msg":"Error retrieving TTL, defaulting.","commit":"7655d9c","error":"\"knativebrokerttl\" not found"}
{"level":"info","ts":"2019-12-03T21:04:41.696Z","logger":"broker_ingress","caller":"ingress/ingress_handler.go:120","msg":"Error retrieving TTL, defaulting.","commit":"7655d9c","error":"\"knativebrokerttl\" not found"}
{"level":"info","ts":"2019-12-03T21:04:41.697Z","logger":"broker_ingress","caller":"ingress/ingress_handler.go:120","msg":"Error retrieving TTL, defaulting.","commit":"7655d9c","error":"\"knativebrokerttl\" not found"}
{"level":"info","ts":"2019-12-03T21:04:41.698Z","logger":"broker_ingress","caller":"ingress/ingress_handler.go:120","msg":"Error retrieving TTL, defaulting.","commit":"7655d9c","error":"\"knativebrokerttl\" not found"}
{"level":"info","ts":"2019-12-03T21:04:41.699Z","logger":"broker_ingress","caller":"ingress/ingress_handler.go:120","msg":"Error retrieving TTL, defaulting.","commit":"7655d9c","error":"\"knativebrokerttl\" not found"}
{"level":"info","ts":"2019-12-03T21:04:41.700Z","logger":"broker_ingress","caller":"ingress/ingress_handler.go:120","msg":"Error retrieving TTL, defaulting.","commit":"7655d9c","error":"\"knativebrokerttl\" not found"}
{"level":"info","ts":"2019-12-03T21:04:41.701Z","logger":"broker_ingress","caller":"ingress/ingress_handler.go:120","msg":"Error retrieving TTL, defaulting.","commit":"7655d9c","error":"\"knativebrokerttl\" not found"}
{"level":"info","ts":"2019-12-03T21:04:41.701Z","logger":"broker_ingress","caller":"ingress/ingress_handler.go:120","msg":"Error retrieving TTL, defaulting.","commit":"7655d9c","error":"\"knativebrokerttl\" not found"}
{"level":"info","ts":"2019-12-03T21:04:41.702Z","logger":"broker_ingress","caller":"ingress/ingress_handler.go:120","msg":"Error retrieving TTL, defaulting.","commit":"7655d9c","error":"\"knativebrokerttl\" not found"}
{"level":"info","ts":"2019-12-03T21:04:41.703Z","logger":"broker_ingress","caller":"ingress/ingress_handler.go:120","msg":"Error retrieving TTL, defaulting.","commit":"7655d9c","error":"\"knativebrokerttl\" not found"}
{"level":"info","ts":"2019-12-03T21:04:41.704Z","logger":"broker_ingress","caller":"ingress/ingress_handler.go:120","msg":"Error retrieving TTL, defaulting.","commit":"7655d9c","error":"\"knativebrokerttl\" not found"}
{"level":"info","ts":"2019-12-03T21:04:41.705Z","logger":"broker_ingress","caller":"ingress/ingress_handler.go:120","msg":"Error retrieving TTL, defaulting.","commit":"7655d9c","error":"\"knativebrokerttl\" not found"}
{"level":"info","ts":"2019-12-03T21:04:41.706Z","logger":"broker_ingress","caller":"ingress/ingress_handler.go:120","msg":"Error retrieving TTL, defaulting.","commit":"7655d9c","error":"\"knativebrokerttl\" not found"}
{"level":"info","ts":"2019-12-03T21:04:41.707Z","logger":"broker_ingress","caller":"ingress/ingress_handler.go:120","msg":"Error retrieving TTL, defaulting.","commit":"7655d9c","error":"\"knativebrokerttl\" not found"}
{"level":"info","ts":"2019-12-03T21:04:41.708Z","logger":"broker_ingress","caller":"ingress/ingress_handler.go:120","msg":"Error retrieving TTL, defaulting.","commit":"7655d9c","error":"\"knativebrokerttl\" not found"}
{"level":"info","ts":"2019-12-03T21:04:41.709Z","logger":"broker_ingress","caller":"ingress/ingress_handler.go:120","msg":"Error retrieving TTL, defaulting.","commit":"7655d9c","error":"\"knativebrokerttl\" not found"}
{"level":"info","ts":"2019-12-03T21:04:41.709Z","logger":"broker_ingress","caller":"ingress/ingress_handler.go:120","msg":"Error retrieving TTL, defaulting.","commit":"7655d9c","error":"\"knativebrokerttl\" not found"}
{"level":"info","ts":"2019-12-03T21:04:41.711Z","logger":"broker_ingress","caller":"ingress/ingress_handler.go:120","msg":"Error retrieving TTL, defaulting.","commit":"7655d9c","error":"\"knativebrokerttl\" not found"}
{"level":"info","ts":"2019-12-03T21:04:41.711Z","logger":"broker_ingress","caller":"ingress/ingress_handler.go:120","msg":"Error retrieving TTL, defaulting.","commit":"7655d9c","error":"\"knativebrokerttl\" not found"}
{"level":"info","ts":"2019-12-03T21:04:41.712Z","logger":"broker_ingress","caller":"ingress/ingress_handler.go:120","msg":"Error retrieving TTL, defaulting.","commit":"7655d9c","error":"\"knativebrokerttl\" not found"}
{"level":"info","ts":"2019-12-03T21:04:41.713Z","logger":"broker_ingress","caller":"ingress/ingress_handler.go:120","msg":"Error retrieving TTL, defaulting.","commit":"7655d9c","error":"\"knativebrokerttl\" not found"}
{"level":"info","ts":"2019-12-03T21:04:41.714Z","logger":"broker_ingress","caller":"ingress/ingress_handler.go:120","msg":"Error retrieving TTL, defaulting.","commit":"7655d9c","error":"\"knativebrokerttl\" not found"}
{"level":"info","ts":"2019-12-03T21:04:41.715Z","logger":"broker_ingress","caller":"ingress/ingress_handler.go:120","msg":"Error retrieving TTL, defaulting.","commit":"7655d9c","error":"\"knativebrokerttl\" not found"}
{"level":"info","ts":"2019-12-03T21:04:41.716Z","logger":"broker_ingress","caller":"ingress/ingress_handler.go:120","msg":"Error retrieving TTL, defaulting.","commit":"7655d9c","error":"\"knativebrokerttl\" not found"}
{"level":"info","ts":"2019-12-03T21:04:41.717Z","logger":"broker_ingress","caller":"ingress/ingress_handler.go:120","msg":"Error retrieving TTL, defaulting.","commit":"7655d9c","error":"\"knativebrokerttl\" not found"}
{"level":"info","ts":"2019-12-03T21:04:41.718Z","logger":"broker_ingress","caller":"ingress/ingress_handler.go:120","msg":"Error retrieving TTL, defaulting.","commit":"7655d9c","error":"\"knativebrokerttl\" not found"}
{"level":"info","ts":"2019-12-03T21:04:41.750Z","logger":"broker_ingress","caller":"ingress/ingress_handler.go:120","msg":"Error retrieving TTL, defaulting.","commit":"7655d9c","error":"\"knativebrokerttl\" not found"}
{"level":"info","ts":"2019-12-03T21:04:41.814Z","logger":"broker_ingress","caller":"ingress/ingress_handler.go:120","msg":"Error retrieving TTL, defaulting.","commit":"7655d9c","error":"\"knativebrokerttl\" not found"}
{"level":"info","ts":"2019-12-03T21:04:41.817Z","logger":"broker_ingress","caller":"ingress/ingress_handler.go:120","msg":"Error retrieving TTL, defaulting.","commit":"7655d9c","error":"\"knativebrokerttl\" not found"}
{"level":"info","ts":"2019-12-03T21:04:41.819Z","logger":"broker_ingress","caller":"ingress/ingress_handler.go:120","msg":"Error retrieving TTL, defaulting.","commit":"7655d9c","error":"\"knativebrokerttl\" not found"}
{"level":"info","ts":"2019-12-03T21:04:41.821Z","logger":"broker_ingress","caller":"ingress/ingress_handler.go:120","msg":"Error retrieving TTL, defaulting.","commit":"7655d9c","error":"\"knativebrokerttl\" not found"}
{"level":"info","ts":"2019-12-03T21:04:41.822Z","logger":"broker_ingress","caller":"ingress/ingress_handler.go:120","msg":"Error retrieving TTL, defaulting.","commit":"7655d9c","error":"\"knativebrokerttl\" not found"}
{"level":"info","ts":"2019-12-03T21:04:41.824Z","logger":"broker_ingress","caller":"ingress/ingress_handler.go:120","msg":"Error retrieving TTL, defaulting.","commit":"7655d9c","error":"\"knativebrokerttl\" not found"}
{"level":"info","ts":"2019-12-03T21:04:41.825Z","logger":"broker_ingress","caller":"ingress/ingress_handler.go:120","msg":"Error retrieving TTL, defaulting.","commit":"7655d9c","error":"\"knativebrokerttl\" not found"}
{"level":"info","ts":"2019-12-03T21:04:41.827Z","logger":"broker_ingress","caller":"ingress/ingress_handler.go:120","msg":"Error retrieving TTL, defaulting.","commit":"7655d9c","error":"\"knativebrokerttl\" not found"}
{"level":"info","ts":"2019-12-03T21:04:41.827Z","logger":"broker_ingress","caller":"ingress/ingress_handler.go:120","msg":"Error retrieving TTL, defaulting.","commit":"7655d9c","error":"\"knativebrokerttl\" not found"}
{"level":"info","ts":"2019-12-03T21:04:41.830Z","logger":"broker_ingress","caller":"ingress/ingress_handler.go:120","msg":"Error retrieving TTL, defaulting.","commit":"7655d9c","error":"\"knativebrokerttl\" not found"}
{"level":"info","ts":"2019-12-03T21:04:41.831Z","logger":"broker_ingress","caller":"ingress/ingress_handler.go:120","msg":"Error retrieving TTL, defaulting.","commit":"7655d9c","error":"\"knativebrokerttl\" not found"}
{"level":"info","ts":"2019-12-03T21:04:41.832Z","logger":"broker_ingress","caller":"ingress/ingress_handler.go:120","msg":"Error retrieving TTL, defaulting.","commit":"7655d9c","error":"\"knativebrokerttl\" not found"}
{"level":"info","ts":"2019-12-03T21:04:41.833Z","logger":"broker_ingress","caller":"ingress/ingress_handler.go:120","msg":"Error retrieving TTL, defaulting.","commit":"7655d9c","error":"\"knativebrokerttl\" not found"}
{"level":"info","ts":"2019-12-03T21:04:41.835Z","logger":"broker_ingress","caller":"ingress/ingress_handler.go:120","msg":"Error retrieving TTL, defaulting.","commit":"7655d9c","error":"\"knativebrokerttl\" not found"}
{"level":"info","ts":"2019-12-03T21:04:41.836Z","logger":"broker_ingress","caller":"ingress/ingress_handler.go:120","msg":"Error retrieving TTL, defaulting.","commit":"7655d9c","error":"\"knativebrokerttl\" not found"}
{"level":"info","ts":"2019-12-03T21:04:41.837Z","logger":"broker_ingress","caller":"ingress/ingress_handler.go:120","msg":"Error retrieving TTL, defaulting.","commit":"7655d9c","error":"\"knativebrokerttl\" not found"}
{"level":"info","ts":"2019-12-03T21:04:41.838Z","logger":"broker_ingress","caller":"ingress/ingress_handler.go:120","msg":"Error retrieving TTL, defaulting.","commit":"7655d9c","error":"\"knativebrokerttl\" not found"}
{"level":"info","ts":"2019-12-03T21:04:41.840Z","logger":"broker_ingress","caller":"ingress/ingress_handler.go:120","msg":"Error retrieving TTL, defaulting.","commit":"7655d9c","error":"\"knativebrokerttl\" not found"}
{"level":"info","ts":"2019-12-03T21:04:41.841Z","logger":"broker_ingress","caller":"ingress/ingress_handler.go:120","msg":"Error retrieving TTL, defaulting.","commit":"7655d9c","error":"\"knativebrokerttl\" not found"}
{"level":"info","ts":"2019-12-03T21:04:41.844Z","logger":"broker_ingress","caller":"ingress/ingress_handler.go:120","msg":"Error retrieving TTL, defaulting.","commit":"7655d9c","error":"\"knativebrokerttl\" not found"}
{"level":"info","ts":"2019-12-03T21:04:41.846Z","logger":"broker_ingress","caller":"ingress/ingress_handler.go:120","msg":"Error retrieving TTL, defaulting.","commit":"7655d9c","error":"\"knativebrokerttl\" not found"}
{"level":"info","ts":"2019-12-03T21:04:41.848Z","logger":"broker_ingress","caller":"ingress/ingress_handler.go:120","msg":"Error retrieving TTL, defaulting.","commit":"7655d9c","error":"\"knativebrokerttl\" not found"}
{"level":"info","ts":"2019-12-03T21:04:41.849Z","logger":"broker_ingress","caller":"ingress/ingress_handler.go:120","msg":"Error retrieving TTL, defaulting.","commit":"7655d9c","error":"\"knativebrokerttl\" not found"}
{"level":"info","ts":"2019-12-03T21:04:41.859Z","logger":"broker_ingress","caller":"ingress/ingress_handler.go:120","msg":"Error retrieving TTL, defaulting.","commit":"7655d9c","error":"\"knativebrokerttl\" not found"}
{"level":"info","ts":"2019-12-03T21:04:41.865Z","logger":"broker_ingress","caller":"ingress/ingress_handler.go:120","msg":"Error retrieving TTL, defaulting.","commit":"7655d9c","error":"\"knativebrokerttl\" not found"}
{"level":"info","ts":"2019-12-03T21:04:41.872Z","logger":"broker_ingress","caller":"ingress/ingress_handler.go:120","msg":"Error retrieving TTL, defaulting.","commit":"7655d9c","error":"\"knativebrokerttl\" not found"}
{"level":"info","ts":"2019-12-03T21:04:41.877Z","logger":"broker_ingress","caller":"ingress/ingress_handler.go:120","msg":"Error retrieving TTL, defaulting.","commit":"7655d9c","error":"\"knativebrokerttl\" not found"}
{"level":"info","ts":"2019-12-03T21:04:41.883Z","logger":"broker_ingress","caller":"ingress/ingress_handler.go:120","msg":"Error retrieving TTL, defaulting.","commit":"7655d9c","error":"\"knativebrokerttl\" not found"}
{"level":"info","ts":"2019-12-03T21:04:41.751Z","logger":"broker_ingress","caller":"ingress/ingress_handler.go:120","msg":"Error retrieving TTL, defaulting.","commit":"7655d9c","error":"\"knativebrokerttl\" not found"}
{"level":"info","ts":"2019-12-03T21:04:41.753Z","logger":"broker_ingress","caller":"ingress/ingress_handler.go:120","msg":"Error retrieving TTL, defaulting.","commit":"7655d9c","error":"\"knativebrokerttl\" not found"}
{"level":"info","ts":"2019-12-03T21:04:41.756Z","logger":"broker_ingress","caller":"ingress/ingress_handler.go:120","msg":"Error retrieving TTL, defaulting.","commit":"7655d9c","error":"\"knativebrokerttl\" not found"}
{"level":"info","ts":"2019-12-03T21:04:41.884Z","logger":"broker_ingress","caller":"ingress/ingress_handler.go:120","msg":"Error retrieving TTL, defaulting.","commit":"7655d9c","error":"\"knativebrokerttl\" not found"}
{"level":"info","ts":"2019-12-03T21:04:41.885Z","logger":"broker_ingress","caller":"ingress/ingress_handler.go:120","msg":"Error retrieving TTL, defaulting.","commit":"7655d9c","error":"\"knativebrokerttl\" not found"}
{"level":"info","ts":"2019-12-03T21:04:41.890Z","logger":"broker_ingress","caller":"ingress/ingress_handler.go:120","msg":"Error retrieving TTL, defaulting.","commit":"7655d9c","error":"\"knativebrokerttl\" not found"}
{"level":"info","ts":"2019-12-03T21:04:41.885Z","logger":"broker_ingress","caller":"ingress/ingress_handler.go:120","msg":"Error retrieving TTL, defaulting.","commit":"7655d9c","error":"\"knativebrokerttl\" not found"}
{"level":"info","ts":"2019-12-03T21:04:41.875Z","logger":"broker_ingress","caller":"ingress/ingress_handler.go:120","msg":"Error retrieving TTL, defaulting.","commit":"7655d9c","error":"\"knativebrokerttl\" not found"}
{"level":"info","ts":"2019-12-03T21:04:41.885Z","logger":"broker_ingress","caller":"ingress/ingress_handler.go:120","msg":"Error retrieving TTL, defaulting.","commit":"7655d9c","error":"\"knativebrokerttl\" not found"}
{"level":"info","ts":"2019-12-03T21:04:41.892Z","logger":"broker_ingress","caller":"ingress/ingress_handler.go:120","msg":"Error retrieving TTL, defaulting.","commit":"7655d9c","error":"\"knativebrokerttl\" not found"}
{"level":"info","ts":"2019-12-03T21:04:41.765Z","logger":"broker_ingress","caller":"ingress/ingress_handler.go:120","msg":"Error retrieving TTL, defaulting.","commit":"7655d9c","error":"\"knativebrokerttl\" not found"}
{"level":"info","ts":"2019-12-03T21:04:41.760Z","logger":"broker_ingress","caller":"ingress/ingress_handler.go:120","msg":"Error retrieving TTL, defaulting.","commit":"7655d9c","error":"\"knativebrokerttl\" not found"}
{"level":"info","ts":"2019-12-03T21:04:41.769Z","logger":"broker_ingress","caller":"ingress/ingress_handler.go:120","msg":"Error retrieving TTL, defaulting.","commit":"7655d9c","error":"\"knativebrokerttl\" not found"}
{"level":"info","ts":"2019-12-03T21:04:41.775Z","logger":"broker_ingress","caller":"ingress/ingress_handler.go:120","msg":"Error retrieving TTL, defaulting.","commit":"7655d9c","error":"\"knativebrokerttl\" not found"}
{"level":"info","ts":"2019-12-03T21:04:41.777Z","logger":"broker_ingress","caller":"ingress/ingress_handler.go:120","msg":"Error retrieving TTL, defaulting.","commit":"7655d9c","error":"\"knativebrokerttl\" not found"}
{"level":"info","ts":"2019-12-03T21:04:41.780Z","logger":"broker_ingress","caller":"ingress/ingress_handler.go:120","msg":"Error retrieving TTL, defaulting.","commit":"7655d9c","error":"\"knativebrokerttl\" not found"}
{"level":"info","ts":"2019-12-03T21:04:41.783Z","logger":"broker_ingress","caller":"ingress/ingress_handler.go:120","msg":"Error retrieving TTL, defaulting.","commit":"7655d9c","error":"\"knativebrokerttl\" not found"}
{"level":"info","ts":"2019-12-03T21:04:41.796Z","logger":"broker_ingress","caller":"ingress/ingress_handler.go:120","msg":"Error retrieving TTL, defaulting.","commit":"7655d9c","error":"\"knativebrokerttl\" not found"}
{"level":"info","ts":"2019-12-03T21:04:41.777Z","logger":"broker_ingress","caller":"ingress/ingress_handler.go:120","msg":"Error retrieving TTL, defaulting.","commit":"7655d9c","error":"\"knativebrokerttl\" not found"}
{"level":"info","ts":"2019-12-03T21:04:41.796Z","logger":"broker_ingress","caller":"ingress/ingress_handler.go:120","msg":"Error retrieving TTL, defaulting.","commit":"7655d9c","error":"\"knativebrokerttl\" not found"}
{"level":"info","ts":"2019-12-03T21:04:41.797Z","logger":"broker_ingress","caller":"ingress/ingress_handler.go:120","msg":"Error retrieving TTL, defaulting.","commit":"7655d9c","error":"\"knativebrokerttl\" not found"}
{"level":"info","ts":"2019-12-03T21:04:41.797Z","logger":"broker_ingress","caller":"ingress/ingress_handler.go:120","msg":"Error retrieving TTL, defaulting.","commit":"7655d9c","error":"\"knativebrokerttl\" not found"}
{"level":"info","ts":"2019-12-03T21:04:41.797Z","logger":"broker_ingress","caller":"ingress/ingress_handler.go:120","msg":"Error retrieving TTL, defaulting.","commit":"7655d9c","error":"\"knativebrokerttl\" not found"}
{"level":"info","ts":"2019-12-03T21:04:41.796Z","logger":"broker_ingress","caller":"ingress/ingress_handler.go:120","msg":"Error retrieving TTL, defaulting.","commit":"7655d9c","error":"\"knativebrokerttl\" not found"}
{"level":"info","ts":"2019-12-03T21:04:41.798Z","logger":"broker_ingress","caller":"ingress/ingress_handler.go:120","msg":"Error retrieving TTL, defaulting.","commit":"7655d9c","error":"\"knativebrokerttl\" not found"}
{"level":"info","ts":"2019-12-03T21:04:41.798Z","logger":"broker_ingress","caller":"ingress/ingress_handler.go:120","msg":"Error retrieving TTL, defaulting.","commit":"7655d9c","error":"\"knativebrokerttl\" not found"}
{"level":"info","ts":"2019-12-03T21:04:41.798Z","logger":"broker_ingress","caller":"ingress/ingress_handler.go:120","msg":"Error retrieving TTL, defaulting.","commit":"7655d9c","error":"\"knativebrokerttl\" not found"}
{"level":"info","ts":"2019-12-03T21:04:41.799Z","logger":"broker_ingress","caller":"ingress/ingress_handler.go:120","msg":"Error retrieving TTL, defaulting.","commit":"7655d9c","error":"\"knativebrokerttl\" not found"}
{"level":"info","ts":"2019-12-03T21:04:41.799Z","logger":"broker_ingress","caller":"ingress/ingress_handler.go:120","msg":"Error retrieving TTL, defaulting.","commit":"7655d9c","error":"\"knativebrokerttl\" not found"}
{"level":"info","ts":"2019-12-03T21:04:41.925Z","logger":"broker_ingress","caller":"ingress/ingress_handler.go:120","msg":"Error retrieving TTL, defaulting.","commit":"7655d9c","error":"\"knativebrokerttl\" not found"}
{"level":"info","ts":"2019-12-03T21:04:41.799Z","logger":"broker_ingress","caller":"ingress/ingress_handler.go:120","msg":"Error retrieving TTL, defaulting.","commit":"7655d9c","error":"\"knativebrokerttl\" not found"}
{"level":"info","ts":"2019-12-03T21:04:41.800Z","logger":"broker_ingress","caller":"ingress/ingress_handler.go:120","msg":"Error retrieving TTL, defaulting.","commit":"7655d9c","error":"\"knativebrokerttl\" not found"}
{"level":"info","ts":"2019-12-03T21:04:41.800Z","logger":"broker_ingress","caller":"ingress/ingress_handler.go:120","msg":"Error retrieving TTL, defaulting.","commit":"7655d9c","error":"\"knativebrokerttl\" not found"}
{"level":"info","ts":"2019-12-03T21:04:41.902Z","logger":"broker_ingress","caller":"ingress/ingress_handler.go:120","msg":"Error retrieving TTL, defaulting.","commit":"7655d9c","error":"\"knativebrokerttl\" not found"}
{"level":"info","ts":"2019-12-03T21:04:41.928Z","logger":"broker_ingress","caller":"ingress/ingress_handler.go:120","msg":"Error retrieving TTL, defaulting.","commit":"7655d9c","error":"\"knativebrokerttl\" not found"}
{"level":"info","ts":"2019-12-03T21:04:41.801Z","logger":"broker_ingress","caller":"ingress/ingress_handler.go:120","msg":"Error retrieving TTL, defaulting.","commit":"7655d9c","error":"\"knativebrokerttl\" not found"}
{"level":"info","ts":"2019-12-03T21:04:41.802Z","logger":"broker_ingress","caller":"ingress/ingress_handler.go:120","msg":"Error retrieving TTL, defaulting.","commit":"7655d9c","error":"\"knativebrokerttl\" not found"}
{"level":"info","ts":"2019-12-03T21:04:41.802Z","logger":"broker_ingress","caller":"ingress/ingress_handler.go:120","msg":"Error retrieving TTL, defaulting.","commit":"7655d9c","error":"\"knativebrokerttl\" not found"}
{"level":"info","ts":"2019-12-03T21:04:41.803Z","logger":"broker_ingress","caller":"ingress/ingress_handler.go:120","msg":"Error retrieving TTL, defaulting.","commit":"7655d9c","error":"\"knativebrokerttl\" not found"}
{"level":"info","ts":"2019-12-03T21:04:41.803Z","logger":"broker_ingress","caller":"ingress/ingress_handler.go:120","msg":"Error retrieving TTL, defaulting.","commit":"7655d9c","error":"\"knativebrokerttl\" not found"}
{"level":"info","ts":"2019-12-03T21:04:41.803Z","logger":"broker_ingress","caller":"ingress/ingress_handler.go:120","msg":"Error retrieving TTL, defaulting.","commit":"7655d9c","error":"\"knativebrokerttl\" not found"}
{"level":"info","ts":"2019-12-03T21:04:41.803Z","logger":"broker_ingress","caller":"ingress/ingress_handler.go:120","msg":"Error retrieving TTL, defaulting.","commit":"7655d9c","error":"\"knativebrokerttl\" not found"}
{"level":"info","ts":"2019-12-03T21:04:41.804Z","logger":"broker_ingress","caller":"ingress/ingress_handler.go:120","msg":"Error retrieving TTL, defaulting.","commit":"7655d9c","error":"\"knativebrokerttl\" not found"}
{"level":"info","ts":"2019-12-03T21:04:41.806Z","logger":"broker_ingress","caller":"ingress/ingress_handler.go:120","msg":"Error retrieving TTL, defaulting.","commit":"7655d9c","error":"\"knativebrokerttl\" not found"}
{"level":"info","ts":"2019-12-03T21:04:41.807Z","logger":"broker_ingress","caller":"ingress/ingress_handler.go:120","msg":"Error retrieving TTL, defaulting.","commit":"7655d9c","error":"\"knativebrokerttl\" not found"}
{"level":"info","ts":"2019-12-03T21:04:41.807Z","logger":"broker_ingress","caller":"ingress/ingress_handler.go:120","msg":"Error retrieving TTL, defaulting.","commit":"7655d9c","error":"\"knativebrokerttl\" not found"}
{"level":"info","ts":"2019-12-03T21:04:41.808Z","logger":"broker_ingress","caller":"ingress/ingress_handler.go:120","msg":"Error retrieving TTL, defaulting.","commit":"7655d9c","error":"\"knativebrokerttl\" not found"}
{"level":"info","ts":"2019-12-03T21:04:41.809Z","logger":"broker_ingress","caller":"ingress/ingress_handler.go:120","msg":"Error retrieving TTL, defaulting.","commit":"7655d9c","error":"\"knativebrokerttl\" not found"}
{"level":"info","ts":"2019-12-03T21:04:41.810Z","logger":"broker_ingress","caller":"ingress/ingress_handler.go:120","msg":"Error retrieving TTL, defaulting.","commit":"7655d9c","error":"\"knativebrokerttl\" not found"}
{"level":"info","ts":"2019-12-03T21:04:41.810Z","logger":"broker_ingress","caller":"ingress/ingress_handler.go:120","msg":"Error retrieving TTL, defaulting.","commit":"7655d9c","error":"\"knativebrokerttl\" not found"}
{"level":"info","ts":"2019-12-03T21:04:41.885Z","logger":"broker_ingress","caller":"ingress/ingress_handler.go:120","msg":"Error retrieving TTL, defaulting.","commit":"7655d9c","error":"\"knativebrokerttl\" not found"}
{"level":"info","ts":"2019-12-03T21:04:41.885Z","logger":"broker_ingress","caller":"ingress/ingress_handler.go:120","msg":"Error retrieving TTL, defaulting.","commit":"7655d9c","error":"\"knativebrokerttl\" not found"}
{"level":"info","ts":"2019-12-03T21:04:41.885Z","logger":"broker_ingress","caller":"ingress/ingress_handler.go:120","msg":"Error retrieving TTL, defaulting.","commit":"7655d9c","error":"\"knativebrokerttl\" not found"}
{"level":"info","ts":"2019-12-03T21:04:41.885Z","logger":"broker_ingress","caller":"ingress/ingress_handler.go:120","msg":"Error retrieving TTL, defaulting.","commit":"7655d9c","error":"\"knativebrokerttl\" not found"}
{"level":"info","ts":"2019-12-03T21:04:41.886Z","logger":"broker_ingress","caller":"ingress/ingress_handler.go:120","msg":"Error retrieving TTL, defaulting.","commit":"7655d9c","error":"\"knativebrokerttl\" not found"}
{"level":"info","ts":"2019-12-03T21:04:41.886Z","logger":"broker_ingress","caller":"ingress/ingress_handler.go:120","msg":"Error retrieving TTL, defaulting.","commit":"7655d9c","error":"\"knativebrokerttl\" not found"}
{"level":"info","ts":"2019-12-03T21:04:41.886Z","logger":"broker_ingress","caller":"ingress/ingress_handler.go:120","msg":"Error retrieving TTL, defaulting.","commit":"7655d9c","error":"\"knativebrokerttl\" not found"}
{"level":"info","ts":"2019-12-03T21:04:41.886Z","logger":"broker_ingress","caller":"ingress/ingress_handler.go:120","msg":"Error retrieving TTL, defaulting.","commit":"7655d9c","error":"\"knativebrokerttl\" not found"}
{"level":"info","ts":"2019-12-03T21:04:41.887Z","logger":"broker_ingress","caller":"ingress/ingress_handler.go:120","msg":"Error retrieving TTL, defaulting.","commit":"7655d9c","error":"\"knativebrokerttl\" not found"}
{"level":"info","ts":"2019-12-03T21:04:41.887Z","logger":"broker_ingress","caller":"ingress/ingress_handler.go:120","msg":"Error retrieving TTL, defaulting.","commit":"7655d9c","error":"\"knativebrokerttl\" not found"}
{"level":"info","ts":"2019-12-03T21:04:41.887Z","logger":"broker_ingress","caller":"ingress/ingress_handler.go:120","msg":"Error retrieving TTL, defaulting.","commit":"7655d9c","error":"\"knativebrokerttl\" not found"}
{"level":"info","ts":"2019-12-03T21:04:41.887Z","logger":"broker_ingress","caller":"ingress/ingress_handler.go:120","msg":"Error retrieving TTL, defaulting.","commit":"7655d9c","error":"\"knativebrokerttl\" not found"}
{"level":"info","ts":"2019-12-03T21:04:41.886Z","logger":"broker_ingress","caller":"ingress/ingress_handler.go:120","msg":"Error retrieving TTL, defaulting.","commit":"7655d9c","error":"\"knativebrokerttl\" not found"}
{"level":"info","ts":"2019-12-03T21:04:41.888Z","logger":"broker_ingress","caller":"ingress/ingress_handler.go:120","msg":"Error retrieving TTL, defaulting.","commit":"7655d9c","error":"\"knativebrokerttl\" not found"}
{"level":"info","ts":"2019-12-03T21:04:41.890Z","logger":"broker_ingress","caller":"ingress/ingress_handler.go:120","msg":"Error retrieving TTL, defaulting.","commit":"7655d9c","error":"\"knativebrokerttl\" not found"}
{"level":"info","ts":"2019-12-03T21:04:41.890Z","logger":"broker_ingress","caller":"ingress/ingress_handler.go:120","msg":"Error retrieving TTL, defaulting.","commit":"7655d9c","error":"\"knativebrokerttl\" not found"}
{"level":"info","ts":"2019-12-03T21:04:41.883Z","logger":"broker_ingress","caller":"ingress/ingress_handler.go:120","msg":"Error retrieving TTL, defaulting.","commit":"7655d9c","error":"\"knativebrokerttl\" not found"}
{"level":"info","ts":"2019-12-03T21:04:41.758Z","logger":"broker_ingress","caller":"ingress/ingress_handler.go:120","msg":"Error retrieving TTL, defaulting.","commit":"7655d9c","error":"\"knativebrokerttl\" not found"}
{"level":"info","ts":"2019-12-03T21:04:41.907Z","logger":"broker_ingress","caller":"ingress/ingress_handler.go:120","msg":"Error retrieving TTL, defaulting.","commit":"7655d9c","error":"\"knativebrokerttl\" not found"}
{"level":"info","ts":"2019-12-03T21:04:41.907Z","logger":"broker_ingress","caller":"ingress/ingress_handler.go:120","msg":"Error retrieving TTL, defaulting.","commit":"7655d9c","error":"\"knativebrokerttl\" not found"}
{"level":"info","ts":"2019-12-03T21:04:41.908Z","logger":"broker_ingress","caller":"ingress/ingress_handler.go:120","msg":"Error retrieving TTL, defaulting.","commit":"7655d9c","error":"\"knativebrokerttl\" not found"}
{"level":"info","ts":"2019-12-03T21:04:41.908Z","logger":"broker_ingress","caller":"ingress/ingress_handler.go:120","msg":"Error retrieving TTL, defaulting.","commit":"7655d9c","error":"\"knativebrokerttl\" not found"}
{"level":"info","ts":"2019-12-03T21:04:41.909Z","logger":"broker_ingress","caller":"ingress/ingress_handler.go:120","msg":"Error retrieving TTL, defaulting.","commit":"7655d9c","error":"\"knativebrokerttl\" not found"}
{"level":"info","ts":"2019-12-03T21:04:41.909Z","logger":"broker_ingress","caller":"ingress/ingress_handler.go:120","msg":"Error retrieving TTL, defaulting.","commit":"7655d9c","error":"\"knativebrokerttl\" not found"}
{"level":"info","ts":"2019-12-03T21:04:41.913Z","logger":"broker_ingress","caller":"ingress/ingress_handler.go:120","msg":"Error retrieving TTL, defaulting.","commit":"7655d9c","error":"\"knativebrokerttl\" not found"}
{"level":"info","ts":"2019-12-03T21:04:41.913Z","logger":"broker_ingress","caller":"ingress/ingress_handler.go:120","msg":"Error retrieving TTL, defaulting.","commit":"7655d9c","error":"\"knativebrokerttl\" not found"}
{"level":"info","ts":"2019-12-03T21:04:41.914Z","logger":"broker_ingress","caller":"ingress/ingress_handler.go:120","msg":"Error retrieving TTL, defaulting.","commit":"7655d9c","error":"\"knativebrokerttl\" not found"}
{"level":"info","ts":"2019-12-03T21:04:41.914Z","logger":"broker_ingress","caller":"ingress/ingress_handler.go:120","msg":"Error retrieving TTL, defaulting.","commit":"7655d9c","error":"\"knativebrokerttl\" not found"}
{"level":"info","ts":"2019-12-03T21:04:41.917Z","logger":"broker_ingress","caller":"ingress/ingress_handler.go:120","msg":"Error retrieving TTL, defaulting.","commit":"7655d9c","error":"\"knativebrokerttl\" not found"}
{"level":"info","ts":"2019-12-03T21:04:41.917Z","logger":"broker_ingress","caller":"ingress/ingress_handler.go:120","msg":"Error retrieving TTL, defaulting.","commit":"7655d9c","error":"\"knativebrokerttl\" not found"}
{"level":"info","ts":"2019-12-03T21:04:41.917Z","logger":"broker_ingress","caller":"ingress/ingress_handler.go:120","msg":"Error retrieving TTL, defaulting.","commit":"7655d9c","error":"\"knativebrokerttl\" not found"}
{"level":"info","ts":"2019-12-03T21:04:41.917Z","logger":"broker_ingress","caller":"ingress/ingress_handler.go:120","msg":"Error retrieving TTL, defaulting.","commit":"7655d9c","error":"\"knativebrokerttl\" not found"}
{"level":"info","ts":"2019-12-03T21:04:41.917Z","logger":"broker_ingress","caller":"ingress/ingress_handler.go:120","msg":"Error retrieving TTL, defaulting.","commit":"7655d9c","error":"\"knativebrokerttl\" not found"}
{"level":"info","ts":"2019-12-03T21:04:41.918Z","logger":"broker_ingress","caller":"ingress/ingress_handler.go:120","msg":"Error retrieving TTL, defaulting.","commit":"7655d9c","error":"\"knativebrokerttl\" not found"}
{"level":"info","ts":"2019-12-03T21:04:41.918Z","logger":"broker_ingress","caller":"ingress/ingress_handler.go:120","msg":"Error retrieving TTL, defaulting.","commit":"7655d9c","error":"\"knativebrokerttl\" not found"}
{"level":"info","ts":"2019-12-03T21:04:41.918Z","logger":"broker_ingress","caller":"ingress/ingress_handler.go:120","msg":"Error retrieving TTL, defaulting.","commit":"7655d9c","error":"\"knativebrokerttl\" not found"}
{"level":"info","ts":"2019-12-03T21:04:41.918Z","logger":"broker_ingress","caller":"ingress/ingress_handler.go:120","msg":"Error retrieving TTL, defaulting.","commit":"7655d9c","error":"\"knativebrokerttl\" not found"}
{"level":"info","ts":"2019-12-03T21:04:41.918Z","logger":"broker_ingress","caller":"ingress/ingress_handler.go:120","msg":"Error retrieving TTL, defaulting.","commit":"7655d9c","error":"\"knativebrokerttl\" not found"}
{"level":"info","ts":"2019-12-03T21:04:41.918Z","logger":"broker_ingress","caller":"ingress/ingress_handler.go:120","msg":"Error retrieving TTL, defaulting.","commit":"7655d9c","error":"\"knativebrokerttl\" not found"}
{"level":"info","ts":"2019-12-03T21:04:41.918Z","logger":"broker_ingress","caller":"ingress/ingress_handler.go:120","msg":"Error retrieving TTL, defaulting.","commit":"7655d9c","error":"\"knativebrokerttl\" not found"}
{"level":"info","ts":"2019-12-03T21:04:41.919Z","logger":"broker_ingress","caller":"ingress/ingress_handler.go:120","msg":"Error retrieving TTL, defaulting.","commit":"7655d9c","error":"\"knativebrokerttl\" not found"}
{"level":"info","ts":"2019-12-03T21:04:41.919Z","logger":"broker_ingress","caller":"ingress/ingress_handler.go:120","msg":"Error retrieving TTL, defaulting.","commit":"7655d9c","error":"\"knativebrokerttl\" not found"}
{"level":"info","ts":"2019-12-03T21:04:41.919Z","logger":"broker_ingress","caller":"ingress/ingress_handler.go:120","msg":"Error retrieving TTL, defaulting.","commit":"7655d9c","error":"\"knativebrokerttl\" not found"}
{"level":"info","ts":"2019-12-03T21:04:41.919Z","logger":"broker_ingress","caller":"ingress/ingress_handler.go:120","msg":"Error retrieving TTL, defaulting.","commit":"7655d9c","error":"\"knativebrokerttl\" not found"}
{"level":"info","ts":"2019-12-03T21:04:41.919Z","logger":"broker_ingress","caller":"ingress/ingress_handler.go:120","msg":"Error retrieving TTL, defaulting.","commit":"7655d9c","error":"\"knativebrokerttl\" not found"}
{"level":"info","ts":"2019-12-03T21:04:41.920Z","logger":"broker_ingress","caller":"ingress/ingress_handler.go:120","msg":"Error retrieving TTL, defaulting.","commit":"7655d9c","error":"\"knativebrokerttl\" not found"}
{"level":"info","ts":"2019-12-03T21:04:41.921Z","logger":"broker_ingress","caller":"ingress/ingress_handler.go:120","msg":"Error retrieving TTL, defaulting.","commit":"7655d9c","error":"\"knativebrokerttl\" not found"}
{"level":"info","ts":"2019-12-03T21:04:41.921Z","logger":"broker_ingress","caller":"ingress/ingress_handler.go:120","msg":"Error retrieving TTL, defaulting.","commit":"7655d9c","error":"\"knativebrokerttl\" not found"}
{"level":"info","ts":"2019-12-03T21:04:41.921Z","logger":"broker_ingress","caller":"ingress/ingress_handler.go:120","msg":"Error retrieving TTL, defaulting.","commit":"7655d9c","error":"\"knativebrokerttl\" not found"}
{"level":"info","ts":"2019-12-03T21:04:41.923Z","logger":"broker_ingress","caller":"ingress/ingress_handler.go:120","msg":"Error retrieving TTL, defaulting.","commit":"7655d9c","error":"\"knativebrokerttl\" not found"}
{"level":"info","ts":"2019-12-03T21:04:41.801Z","logger":"broker_ingress","caller":"ingress/ingress_handler.go:120","msg":"Error retrieving TTL, defaulting.","commit":"7655d9c","error":"\"knativebrokerttl\" not found"}
{"level":"info","ts":"2019-12-03T21:04:41.929Z","logger":"broker_ingress","caller":"ingress/ingress_handler.go:120","msg":"Error retrieving TTL, defaulting.","commit":"7655d9c","error":"\"knativebrokerttl\" not found"}
{"level":"info","ts":"2019-12-03T21:04:41.929Z","logger":"broker_ingress","caller":"ingress/ingress_handler.go:120","msg":"Error retrieving TTL, defaulting.","commit":"7655d9c","error":"\"knativebrokerttl\" not found"}
{"level":"info","ts":"2019-12-03T21:04:41.930Z","logger":"broker_ingress","caller":"ingress/ingress_handler.go:120","msg":"Error retrieving TTL, defaulting.","commit":"7655d9c","error":"\"knativebrokerttl\" not found"}
{"level":"info","ts":"2019-12-03T21:04:41.930Z","logger":"broker_ingress","caller":"ingress/ingress_handler.go:120","msg":"Error retrieving TTL, defaulting.","commit":"7655d9c","error":"\"knativebrokerttl\" not found"}
{"level":"info","ts":"2019-12-03T21:04:41.930Z","logger":"broker_ingress","caller":"ingress/ingress_handler.go:120","msg":"Error retrieving TTL, defaulting.","commit":"7655d9c","error":"\"knativebrokerttl\" not found"}
{"level":"info","ts":"2019-12-03T21:04:41.930Z","logger":"broker_ingress","caller":"ingress/ingress_handler.go:120","msg":"Error retrieving TTL, defaulting.","commit":"7655d9c","error":"\"knativebrokerttl\" not found"}
{"level":"info","ts":"2019-12-03T21:04:41.930Z","logger":"broker_ingress","caller":"ingress/ingress_handler.go:120","msg":"Error retrieving TTL, defaulting.","commit":"7655d9c","error":"\"knativebrokerttl\" not found"}
{"level":"info","ts":"2019-12-03T21:04:41.931Z","logger":"broker_ingress","caller":"ingress/ingress_handler.go:120","msg":"Error retrieving TTL, defaulting.","commit":"7655d9c","error":"\"knativebrokerttl\" not found"}
{"level":"info","ts":"2019-12-03T21:04:41.931Z","logger":"broker_ingress","caller":"ingress/ingress_handler.go:120","msg":"Error retrieving TTL, defaulting.","commit":"7655d9c","error":"\"knativebrokerttl\" not found"}
{"level":"info","ts":"2019-12-03T21:04:41.931Z","logger":"broker_ingress","caller":"ingress/ingress_handler.go:120","msg":"Error retrieving TTL, defaulting.","commit":"7655d9c","error":"\"knativebrokerttl\" not found"}
{"level":"info","ts":"2019-12-03T21:04:41.931Z","logger":"broker_ingress","caller":"ingress/ingress_handler.go:120","msg":"Error retrieving TTL, defaulting.","commit":"7655d9c","error":"\"knativebrokerttl\" not found"}
{"level":"info","ts":"2019-12-03T21:04:41.931Z","logger":"broker_ingress","caller":"ingress/ingress_handler.go:120","msg":"Error retrieving TTL, defaulting.","commit":"7655d9c","error":"\"knativebrokerttl\" not found"}
{"level":"info","ts":"2019-12-03T21:04:41.931Z","logger":"broker_ingress","caller":"ingress/ingress_handler.go:120","msg":"Error retrieving TTL, defaulting.","commit":"7655d9c","error":"\"knativebrokerttl\" not found"}
{"level":"info","ts":"2019-12-03T21:04:41.932Z","logger":"broker_ingress","caller":"ingress/ingress_handler.go:120","msg":"Error retrieving TTL, defaulting.","commit":"7655d9c","error":"\"knativebrokerttl\" not found"}
{"level":"info","ts":"2019-12-03T21:04:41.933Z","logger":"broker_ingress","caller":"ingress/ingress_handler.go:120","msg":"Error retrieving TTL, defaulting.","commit":"7655d9c","error":"\"knativebrokerttl\" not found"}
{"level":"info","ts":"2019-12-03T21:04:41.933Z","logger":"broker_ingress","caller":"ingress/ingress_handler.go:120","msg":"Error retrieving TTL, defaulting.","commit":"7655d9c","error":"\"knativebrokerttl\" not found"}
{"level":"info","ts":"2019-12-03T21:04:41.935Z","logger":"broker_ingress","caller":"ingress/ingress_handler.go:120","msg":"Error retrieving TTL, defaulting.","commit":"7655d9c","error":"\"knativebrokerttl\" not found"}
{"level":"info","ts":"2019-12-03T21:04:41.935Z","logger":"broker_ingress","caller":"ingress/ingress_handler.go:120","msg":"Error retrieving TTL, defaulting.","commit":"7655d9c","error":"\"knativebrokerttl\" not found"}
{"level":"info","ts":"2019-12-03T21:04:41.935Z","logger":"broker_ingress","caller":"ingress/ingress_handler.go:120","msg":"Error retrieving TTL, defaulting.","commit":"7655d9c","error":"\"knativebrokerttl\" not found"}
{"level":"info","ts":"2019-12-03T21:04:41.935Z","logger":"broker_ingress","caller":"ingress/ingress_handler.go:120","msg":"Error retrieving TTL, defaulting.","commit":"7655d9c","error":"\"knativebrokerttl\" not found"}
{"level":"info","ts":"2019-12-03T21:04:41.936Z","logger":"broker_ingress","caller":"ingress/ingress_handler.go:120","msg":"Error retrieving TTL, defaulting.","commit":"7655d9c","error":"\"knativebrokerttl\" not found"}
{"level":"info","ts":"2019-12-03T21:04:41.938Z","logger":"broker_ingress","caller":"ingress/ingress_handler.go:120","msg":"Error retrieving TTL, defaulting.","commit":"7655d9c","error":"\"knativebrokerttl\" not found"}
{"level":"info","ts":"2019-12-03T21:04:41.938Z","logger":"broker_ingress","caller":"ingress/ingress_handler.go:120","msg":"Error retrieving TTL, defaulting.","commit":"7655d9c","error":"\"knativebrokerttl\" not found"}
{"level":"info","ts":"2019-12-03T21:04:41.938Z","logger":"broker_ingress","caller":"ingress/ingress_handler.go:120","msg":"Error retrieving TTL, defaulting.","commit":"7655d9c","error":"\"knativebrokerttl\" not found"}
{"level":"info","ts":"2019-12-03T21:04:41.938Z","logger":"broker_ingress","caller":"ingress/ingress_handler.go:120","msg":"Error retrieving TTL, defaulting.","commit":"7655d9c","error":"\"knativebrokerttl\" not found"}
{"level":"info","ts":"2019-12-03T21:04:41.939Z","logger":"broker_ingress","caller":"ingress/ingress_handler.go:120","msg":"Error retrieving TTL, defaulting.","commit":"7655d9c","error":"\"knativebrokerttl\" not found"}
{"level":"info","ts":"2019-12-03T21:04:41.939Z","logger":"broker_ingress","caller":"ingress/ingress_handler.go:120","msg":"Error retrieving TTL, defaulting.","commit":"7655d9c","error":"\"knativebrokerttl\" not found"}
{"level":"info","ts":"2019-12-03T21:04:41.939Z","logger":"broker_ingress","caller":"ingress/ingress_handler.go:120","msg":"Error retrieving TTL, defaulting.","commit":"7655d9c","error":"\"knativebrokerttl\" not found"}
{"level":"info","ts":"2019-12-03T21:04:41.939Z","logger":"broker_ingress","caller":"ingress/ingress_handler.go:120","msg":"Error retrieving TTL, defaulting.","commit":"7655d9c","error":"\"knativebrokerttl\" not found"}
{"level":"info","ts":"2019-12-03T21:04:41.939Z","logger":"broker_ingress","caller":"ingress/ingress_handler.go:120","msg":"Error retrieving TTL, defaulting.","commit":"7655d9c","error":"\"knativebrokerttl\" not found"}
{"level":"info","ts":"2019-12-03T21:04:41.940Z","logger":"broker_ingress","caller":"ingress/ingress_handler.go:120","msg":"Error retrieving TTL, defaulting.","commit":"7655d9c","error":"\"knativebrokerttl\" not found"}
{"level":"info","ts":"2019-12-03T21:04:41.940Z","logger":"broker_ingress","caller":"ingress/ingress_handler.go:120","msg":"Error retrieving TTL, defaulting.","commit":"7655d9c","error":"\"knativebrokerttl\" not found"}
{"level":"info","ts":"2019-12-03T21:04:41.940Z","logger":"broker_ingress","caller":"ingress/ingress_handler.go:120","msg":"Error retrieving TTL, defaulting.","commit":"7655d9c","error":"\"knativebrokerttl\" not found"}
{"level":"info","ts":"2019-12-03T21:04:41.940Z","logger":"broker_ingress","caller":"ingress/ingress_handler.go:120","msg":"Error retrieving TTL, defaulting.","commit":"7655d9c","error":"\"knativebrokerttl\" not found"}
{"level":"info","ts":"2019-12-03T21:04:41.940Z","logger":"broker_ingress","caller":"ingress/ingress_handler.go:120","msg":"Error retrieving TTL, defaulting.","commit":"7655d9c","error":"\"knativebrokerttl\" not found"}
{"level":"info","ts":"2019-12-03T21:04:41.941Z","logger":"broker_ingress","caller":"ingress/ingress_handler.go:120","msg":"Error retrieving TTL, defaulting.","commit":"7655d9c","error":"\"knativebrokerttl\" not found"}
{"level":"info","ts":"2019-12-03T21:04:41.942Z","logger":"broker_ingress","caller":"ingress/ingress_handler.go:120","msg":"Error retrieving TTL, defaulting.","commit":"7655d9c","error":"\"knativebrokerttl\" not found"}
{"level":"info","ts":"2019-12-03T21:04:41.942Z","logger":"broker_ingress","caller":"ingress/ingress_handler.go:120","msg":"Error retrieving TTL, defaulting.","commit":"7655d9c","error":"\"knativebrokerttl\" not found"}
{"level":"info","ts":"2019-12-03T21:04:41.942Z","logger":"broker_ingress","caller":"ingress/ingress_handler.go:120","msg":"Error retrieving TTL, defaulting.","commit":"7655d9c","error":"\"knativebrokerttl\" not found"}
{"level":"info","ts":"2019-12-03T21:04:41.943Z","logger":"broker_ingress","caller":"ingress/ingress_handler.go:120","msg":"Error retrieving TTL, defaulting.","commit":"7655d9c","error":"\"knativebrokerttl\" not found"}
{"level":"info","ts":"2019-12-03T21:04:41.943Z","logger":"broker_ingress","caller":"ingress/ingress_handler.go:120","msg":"Error retrieving TTL, defaulting.","commit":"7655d9c","error":"\"knativebrokerttl\" not found"}
{"level":"info","ts":"2019-12-03T21:04:41.943Z","logger":"broker_ingress","caller":"ingress/ingress_handler.go:120","msg":"Error retrieving TTL, defaulting.","commit":"7655d9c","error":"\"knativebrokerttl\" not found"}
{"level":"info","ts":"2019-12-03T21:04:41.943Z","logger":"broker_ingress","caller":"ingress/ingress_handler.go:120","msg":"Error retrieving TTL, defaulting.","commit":"7655d9c","error":"\"knativebrokerttl\" not found"}
{"level":"info","ts":"2019-12-03T21:04:41.944Z","logger":"broker_ingress","caller":"ingress/ingress_handler.go:120","msg":"Error retrieving TTL, defaulting.","commit":"7655d9c","error":"\"knativebrokerttl\" not found"}
{"level":"info","ts":"2019-12-03T21:04:41.944Z","logger":"broker_ingress","caller":"ingress/ingress_handler.go:120","msg":"Error retrieving TTL, defaulting.","commit":"7655d9c","error":"\"knativebrokerttl\" not found"}
{"level":"info","ts":"2019-12-03T21:04:41.944Z","logger":"broker_ingress","caller":"ingress/ingress_handler.go:120","msg":"Error retrieving TTL, defaulting.","commit":"7655d9c","error":"\"knativebrokerttl\" not found"}
{"level":"info","ts":"2019-12-03T21:04:41.944Z","logger":"broker_ingress","caller":"ingress/ingress_handler.go:120","msg":"Error retrieving TTL, defaulting.","commit":"7655d9c","error":"\"knativebrokerttl\" not found"}
{"level":"info","ts":"2019-12-03T21:04:41.944Z","logger":"broker_ingress","caller":"ingress/ingress_handler.go:120","msg":"Error retrieving TTL, defaulting.","commit":"7655d9c","error":"\"knativebrokerttl\" not found"}
{"level":"info","ts":"2019-12-03T21:04:41.944Z","logger":"broker_ingress","caller":"ingress/ingress_handler.go:120","msg":"Error retrieving TTL, defaulting.","commit":"7655d9c","error":"\"knativebrokerttl\" not found"}
{"level":"info","ts":"2019-12-03T21:04:41.945Z","logger":"broker_ingress","caller":"ingress/ingress_handler.go:120","msg":"Error retrieving TTL, defaulting.","commit":"7655d9c","error":"\"knativebrokerttl\" not found"}
{"level":"info","ts":"2019-12-03T21:04:41.932Z","logger":"broker_ingress","caller":"ingress/ingress_handler.go:120","msg":"Error retrieving TTL, defaulting.","commit":"7655d9c","error":"\"knativebrokerttl\" not found"}
{"level":"info","ts":"2019-12-03T21:04:41.945Z","logger":"broker_ingress","caller":"ingress/ingress_handler.go:120","msg":"Error retrieving TTL, defaulting.","commit":"7655d9c","error":"\"knativebrokerttl\" not found"}
{"level":"info","ts":"2019-12-03T21:04:41.946Z","logger":"broker_ingress","caller":"ingress/ingress_handler.go:120","msg":"Error retrieving TTL, defaulting.","commit":"7655d9c","error":"\"knativebrokerttl\" not found"}
{"level":"info","ts":"2019-12-03T21:04:41.946Z","logger":"broker_ingress","caller":"ingress/ingress_handler.go:120","msg":"Error retrieving TTL, defaulting.","commit":"7655d9c","error":"\"knativebrokerttl\" not found"}
{"level":"info","ts":"2019-12-03T21:04:41.946Z","logger":"broker_ingress","caller":"ingress/ingress_handler.go:120","msg":"Error retrieving TTL, defaulting.","commit":"7655d9c","error":"\"knativebrokerttl\" not found"}
{"level":"info","ts":"2019-12-03T21:04:41.947Z","logger":"broker_ingress","caller":"ingress/ingress_handler.go:120","msg":"Error retrieving TTL, defaulting.","commit":"7655d9c","error":"\"knativebrokerttl\" not found"}
{"level":"info","ts":"2019-12-03T21:04:41.947Z","logger":"broker_ingress","caller":"ingress/ingress_handler.go:120","msg":"Error retrieving TTL, defaulting.","commit":"7655d9c","error":"\"knativebrokerttl\" not found"}
{"level":"info","ts":"2019-12-03T21:04:41.947Z","logger":"broker_ingress","caller":"ingress/ingress_handler.go:120","msg":"Error retrieving TTL, defaulting.","commit":"7655d9c","error":"\"knativebrokerttl\" not found"}
{"level":"info","ts":"2019-12-03T21:04:41.947Z","logger":"broker_ingress","caller":"ingress/ingress_handler.go:120","msg":"Error retrieving TTL, defaulting.","commit":"7655d9c","error":"\"knativebrokerttl\" not found"}
{"level":"info","ts":"2019-12-03T21:04:41.947Z","logger":"broker_ingress","caller":"ingress/ingress_handler.go:120","msg":"Error retrieving TTL, defaulting.","commit":"7655d9c","error":"\"knativebrokerttl\" not found"}
{"level":"info","ts":"2019-12-03T21:04:41.948Z","logger":"broker_ingress","caller":"ingress/ingress_handler.go:120","msg":"Error retrieving TTL, defaulting.","commit":"7655d9c","error":"\"knativebrokerttl\" not found"}
{"level":"info","ts":"2019-12-03T21:04:41.948Z","logger":"broker_ingress","caller":"ingress/ingress_handler.go:120","msg":"Error retrieving TTL, defaulting.","commit":"7655d9c","error":"\"knativebrokerttl\" not found"}
{"level":"info","ts":"2019-12-03T21:04:41.948Z","logger":"broker_ingress","caller":"ingress/ingress_handler.go:120","msg":"Error retrieving TTL, defaulting.","commit":"7655d9c","error":"\"knativebrokerttl\" not found"}
{"level":"info","ts":"2019-12-03T21:04:41.948Z","logger":"broker_ingress","caller":"ingress/ingress_handler.go:120","msg":"Error retrieving TTL, defaulting.","commit":"7655d9c","error":"\"knativebrokerttl\" not found"}
{"level":"info","ts":"2019-12-03T21:04:41.948Z","logger":"broker_ingress","caller":"ingress/ingress_handler.go:120","msg":"Error retrieving TTL, defaulting.","commit":"7655d9c","error":"\"knativebrokerttl\" not found"}
{"level":"info","ts":"2019-12-03T21:04:41.949Z","logger":"broker_ingress","caller":"ingress/ingress_handler.go:120","msg":"Error retrieving TTL, defaulting.","commit":"7655d9c","error":"\"knativebrokerttl\" not found"}
{"level":"info","ts":"2019-12-03T21:04:41.949Z","logger":"broker_ingress","caller":"ingress/ingress_handler.go:120","msg":"Error retrieving TTL, defaulting.","commit":"7655d9c","error":"\"knativebrokerttl\" not found"}
{"level":"info","ts":"2019-12-03T21:04:41.949Z","logger":"broker_ingress","caller":"ingress/ingress_handler.go:120","msg":"Error retrieving TTL, defaulting.","commit":"7655d9c","error":"\"knativebrokerttl\" not found"}
{"level":"info","ts":"2019-12-03T21:04:41.949Z","logger":"broker_ingress","caller":"ingress/ingress_handler.go:120","msg":"Error retrieving TTL, defaulting.","commit":"7655d9c","error":"\"knativebrokerttl\" not found"}
{"level":"info","ts":"2019-12-03T21:04:41.949Z","logger":"broker_ingress","caller":"ingress/ingress_handler.go:120","msg":"Error retrieving TTL, defaulting.","commit":"7655d9c","error":"\"knativebrokerttl\" not found"}
{"level":"info","ts":"2019-12-03T21:04:41.949Z","logger":"broker_ingress","caller":"ingress/ingress_handler.go:120","msg":"Error retrieving TTL, defaulting.","commit":"7655d9c","error":"\"knativebrokerttl\" not found"}
{"level":"info","ts":"2019-12-03T21:04:41.949Z","logger":"broker_ingress","caller":"ingress/ingress_handler.go:120","msg":"Error retrieving TTL, defaulting.","commit":"7655d9c","error":"\"knativebrokerttl\" not found"}
{"level":"info","ts":"2019-12-03T21:04:41.950Z","logger":"broker_ingress","caller":"ingress/ingress_handler.go:120","msg":"Error retrieving TTL, defaulting.","commit":"7655d9c","error":"\"knativebrokerttl\" not found"}
{"level":"info","ts":"2019-12-03T21:04:41.950Z","logger":"broker_ingress","caller":"ingress/ingress_handler.go:120","msg":"Error retrieving TTL, defaulting.","commit":"7655d9c","error":"\"knativebrokerttl\" not found"}
{"level":"info","ts":"2019-12-03T21:04:41.950Z","logger":"broker_ingress","caller":"ingress/ingress_handler.go:120","msg":"Error retrieving TTL, defaulting.","commit":"7655d9c","error":"\"knativebrokerttl\" not found"}
{"level":"info","ts":"2019-12-03T21:04:41.950Z","logger":"broker_ingress","caller":"ingress/ingress_handler.go:120","msg":"Error retrieving TTL, defaulting.","commit":"7655d9c","error":"\"knativebrokerttl\" not found"}
{"level":"info","ts":"2019-12-03T21:04:41.950Z","logger":"broker_ingress","caller":"ingress/ingress_handler.go:120","msg":"Error retrieving TTL, defaulting.","commit":"7655d9c","error":"\"knativebrokerttl\" not found"}
{"level":"info","ts":"2019-12-03T21:04:41.950Z","logger":"broker_ingress","caller":"ingress/ingress_handler.go:120","msg":"Error retrieving TTL, defaulting.","commit":"7655d9c","error":"\"knativebrokerttl\" not found"}
{"level":"info","ts":"2019-12-03T21:04:41.951Z","logger":"broker_ingress","caller":"ingress/ingress_handler.go:120","msg":"Error retrieving TTL, defaulting.","commit":"7655d9c","error":"\"knativebrokerttl\" not found"}
{"level":"info","ts":"2019-12-03T21:04:41.954Z","logger":"broker_ingress","caller":"ingress/ingress_handler.go:120","msg":"Error retrieving TTL, defaulting.","commit":"7655d9c","error":"\"knativebrokerttl\" not found"}
{"level":"info","ts":"2019-12-03T21:04:41.954Z","logger":"broker_ingress","caller":"ingress/ingress_handler.go:120","msg":"Error retrieving TTL, defaulting.","commit":"7655d9c","error":"\"knativebrokerttl\" not found"}
{"level":"info","ts":"2019-12-03T21:04:41.954Z","logger":"broker_ingress","caller":"ingress/ingress_handler.go:120","msg":"Error retrieving TTL, defaulting.","commit":"7655d9c","error":"\"knativebrokerttl\" not found"}
{"level":"info","ts":"2019-12-03T21:04:41.954Z","logger":"broker_ingress","caller":"ingress/ingress_handler.go:120","msg":"Error retrieving TTL, defaulting.","commit":"7655d9c","error":"\"knativebrokerttl\" not found"}
{"level":"info","ts":"2019-12-03T21:04:41.955Z","logger":"broker_ingress","caller":"ingress/ingress_handler.go:120","msg":"Error retrieving TTL, defaulting.","commit":"7655d9c","error":"\"knativebrokerttl\" not found"}
{"level":"info","ts":"2019-12-03T21:04:41.955Z","logger":"broker_ingress","caller":"ingress/ingress_handler.go:120","msg":"Error retrieving TTL, defaulting.","commit":"7655d9c","error":"\"knativebrokerttl\" not found"}
{"level":"info","ts":"2019-12-03T21:04:41.955Z","logger":"broker_ingress","caller":"ingress/ingress_handler.go:120","msg":"Error retrieving TTL, defaulting.","commit":"7655d9c","error":"\"knativebrokerttl\" not found"}
{"level":"info","ts":"2019-12-03T21:04:41.956Z","logger":"broker_ingress","caller":"ingress/ingress_handler.go:120","msg":"Error retrieving TTL, defaulting.","commit":"7655d9c","error":"\"knativebrokerttl\" not found"}
{"level":"info","ts":"2019-12-03T21:04:41.961Z","logger":"broker_ingress","caller":"ingress/ingress_handler.go:120","msg":"Error retrieving TTL, defaulting.","commit":"7655d9c","error":"\"knativebrokerttl\" not found"}
{"level":"info","ts":"2019-12-03T21:04:41.962Z","logger":"broker_ingress","caller":"ingress/ingress_handler.go:120","msg":"Error retrieving TTL, defaulting.","commit":"7655d9c","error":"\"knativebrokerttl\" not found"}
{"level":"info","ts":"2019-12-03T21:04:41.962Z","logger":"broker_ingress","caller":"ingress/ingress_handler.go:120","msg":"Error retrieving TTL, defaulting.","commit":"7655d9c","error":"\"knativebrokerttl\" not found"}
{"level":"info","ts":"2019-12-03T21:04:41.962Z","logger":"broker_ingress","caller":"ingress/ingress_handler.go:120","msg":"Error retrieving TTL, defaulting.","commit":"7655d9c","error":"\"knativebrokerttl\" not found"}
{"level":"info","ts":"2019-12-03T21:04:41.962Z","logger":"broker_ingress","caller":"ingress/ingress_handler.go:120","msg":"Error retrieving TTL, defaulting.","commit":"7655d9c","error":"\"knativebrokerttl\" not found"}
{"level":"info","ts":"2019-12-03T21:04:41.962Z","logger":"broker_ingress","caller":"ingress/ingress_handler.go:120","msg":"Error retrieving TTL, defaulting.","commit":"7655d9c","error":"\"knativebrokerttl\" not found"}
{"level":"info","ts":"2019-12-03T21:04:41.962Z","logger":"broker_ingress","caller":"ingress/ingress_handler.go:120","msg":"Error retrieving TTL, defaulting.","commit":"7655d9c","error":"\"knativebrokerttl\" not found"}
{"level":"info","ts":"2019-12-03T21:04:41.963Z","logger":"broker_ingress","caller":"ingress/ingress_handler.go:120","msg":"Error retrieving TTL, defaulting.","commit":"7655d9c","error":"\"knativebrokerttl\" not found"}
{"level":"info","ts":"2019-12-03T21:04:41.963Z","logger":"broker_ingress","caller":"ingress/ingress_handler.go:120","msg":"Error retrieving TTL, defaulting.","commit":"7655d9c","error":"\"knativebrokerttl\" not found"}
{"level":"info","ts":"2019-12-03T21:04:41.963Z","logger":"broker_ingress","caller":"ingress/ingress_handler.go:120","msg":"Error retrieving TTL, defaulting.","commit":"7655d9c","error":"\"knativebrokerttl\" not found"}
{"level":"info","ts":"2019-12-03T21:04:41.964Z","logger":"broker_ingress","caller":"ingress/ingress_handler.go:120","msg":"Error retrieving TTL, defaulting.","commit":"7655d9c","error":"\"knativebrokerttl\" not found"}
{"level":"info","ts":"2019-12-03T21:04:41.964Z","logger":"broker_ingress","caller":"ingress/ingress_handler.go:120","msg":"Error retrieving TTL, defaulting.","commit":"7655d9c","error":"\"knativebrokerttl\" not found"}
{"level":"info","ts":"2019-12-03T21:04:41.964Z","logger":"broker_ingress","caller":"ingress/ingress_handler.go:120","msg":"Error retrieving TTL, defaulting.","commit":"7655d9c","error":"\"knativebrokerttl\" not found"}
{"level":"info","ts":"2019-12-03T21:04:41.964Z","logger":"broker_ingress","caller":"ingress/ingress_handler.go:120","msg":"Error retrieving TTL, defaulting.","commit":"7655d9c","error":"\"knativebrokerttl\" not found"}
{"level":"info","ts":"2019-12-03T21:04:41.964Z","logger":"broker_ingress","caller":"ingress/ingress_handler.go:120","msg":"Error retrieving TTL, defaulting.","commit":"7655d9c","error":"\"knativebrokerttl\" not found"}
{"level":"info","ts":"2019-12-03T21:04:41.967Z","logger":"broker_ingress","caller":"ingress/ingress_handler.go:120","msg":"Error retrieving TTL, defaulting.","commit":"7655d9c","error":"\"knativebrokerttl\" not found"}
{"level":"info","ts":"2019-12-03T21:04:41.967Z","logger":"broker_ingress","caller":"ingress/ingress_handler.go:120","msg":"Error retrieving TTL, defaulting.","commit":"7655d9c","error":"\"knativebrokerttl\" not found"}
{"level":"info","ts":"2019-12-03T21:04:41.967Z","logger":"broker_ingress","caller":"ingress/ingress_handler.go:120","msg":"Error retrieving TTL, defaulting.","commit":"7655d9c","error":"\"knativebrokerttl\" not found"}
{"level":"info","ts":"2019-12-03T21:04:41.967Z","logger":"broker_ingress","caller":"ingress/ingress_handler.go:120","msg":"Error retrieving TTL, defaulting.","commit":"7655d9c","error":"\"knativebrokerttl\" not found"}
{"level":"info","ts":"2019-12-03T21:04:41.968Z","logger":"broker_ingress","caller":"ingress/ingress_handler.go:120","msg":"Error retrieving TTL, defaulting.","commit":"7655d9c","error":"\"knativebrokerttl\" not found"}
{"level":"info","ts":"2019-12-03T21:04:41.968Z","logger":"broker_ingress","caller":"ingress/ingress_handler.go:120","msg":"Error retrieving TTL, defaulting.","commit":"7655d9c","error":"\"knativebrokerttl\" not found"}
{"level":"info","ts":"2019-12-03T21:04:41.968Z","logger":"broker_ingress","caller":"ingress/ingress_handler.go:120","msg":"Error retrieving TTL, defaulting.","commit":"7655d9c","error":"\"knativebrokerttl\" not found"}
{"level":"info","ts":"2019-12-03T21:04:41.968Z","logger":"broker_ingress","caller":"ingress/ingress_handler.go:120","msg":"Error retrieving TTL, defaulting.","commit":"7655d9c","error":"\"knativebrokerttl\" not found"}
{"level":"info","ts":"2019-12-03T21:04:41.968Z","logger":"broker_ingress","caller":"ingress/ingress_handler.go:120","msg":"Error retrieving TTL, defaulting.","commit":"7655d9c","error":"\"knativebrokerttl\" not found"}
{"level":"info","ts":"2019-12-03T21:04:41.968Z","logger":"broker_ingress","caller":"ingress/ingress_handler.go:120","msg":"Error retrieving TTL, defaulting.","commit":"7655d9c","error":"\"knativebrokerttl\" not found"}
{"level":"info","ts":"2019-12-03T21:04:41.968Z","logger":"broker_ingress","caller":"ingress/ingress_handler.go:120","msg":"Error retrieving TTL, defaulting.","commit":"7655d9c","error":"\"knativebrokerttl\" not found"}
{"level":"info","ts":"2019-12-03T21:04:41.965Z","logger":"broker_ingress","caller":"ingress/ingress_handler.go:120","msg":"Error retrieving TTL, defaulting.","commit":"7655d9c","error":"\"knativebrokerttl\" not found"}
{"level":"info","ts":"2019-12-03T21:04:41.969Z","logger":"broker_ingress","caller":"ingress/ingress_handler.go:120","msg":"Error retrieving TTL, defaulting.","commit":"7655d9c","error":"\"knativebrokerttl\" not found"}
{"level":"info","ts":"2019-12-03T21:04:41.970Z","logger":"broker_ingress","caller":"ingress/ingress_handler.go:120","msg":"Error retrieving TTL, defaulting.","commit":"7655d9c","error":"\"knativebrokerttl\" not found"}
{"level":"info","ts":"2019-12-03T21:04:41.970Z","logger":"broker_ingress","caller":"ingress/ingress_handler.go:120","msg":"Error retrieving TTL, defaulting.","commit":"7655d9c","error":"\"knativebrokerttl\" not found"}
{"level":"info","ts":"2019-12-03T21:04:41.970Z","logger":"broker_ingress","caller":"ingress/ingress_handler.go:120","msg":"Error retrieving TTL, defaulting.","commit":"7655d9c","error":"\"knativebrokerttl\" not found"}
{"level":"info","ts":"2019-12-03T21:04:41.970Z","logger":"broker_ingress","caller":"ingress/ingress_handler.go:120","msg":"Error retrieving TTL, defaulting.","commit":"7655d9c","error":"\"knativebrokerttl\" not found"}
{"level":"info","ts":"2019-12-03T21:04:41.970Z","logger":"broker_ingress","caller":"ingress/ingress_handler.go:120","msg":"Error retrieving TTL, defaulting.","commit":"7655d9c","error":"\"knativebrokerttl\" not found"}
{"level":"info","ts":"2019-12-03T21:04:41.970Z","logger":"broker_ingress","caller":"ingress/ingress_handler.go:120","msg":"Error retrieving TTL, defaulting.","commit":"7655d9c","error":"\"knativebrokerttl\" not found"}
{"level":"info","ts":"2019-12-03T21:04:41.971Z","logger":"broker_ingress","caller":"ingress/ingress_handler.go:120","msg":"Error retrieving TTL, defaulting.","commit":"7655d9c","error":"\"knativebrokerttl\" not found"}
{"level":"info","ts":"2019-12-03T21:04:41.971Z","logger":"broker_ingress","caller":"ingress/ingress_handler.go:120","msg":"Error retrieving TTL, defaulting.","commit":"7655d9c","error":"\"knativebrokerttl\" not found"}
{"level":"info","ts":"2019-12-03T21:04:41.971Z","logger":"broker_ingress","caller":"ingress/ingress_handler.go:120","msg":"Error retrieving TTL, defaulting.","commit":"7655d9c","error":"\"knativebrokerttl\" not found"}
{"level":"info","ts":"2019-12-03T21:04:41.971Z","logger":"broker_ingress","caller":"ingress/ingress_handler.go:120","msg":"Error retrieving TTL, defaulting.","commit":"7655d9c","error":"\"knativebrokerttl\" not found"}
{"level":"info","ts":"2019-12-03T21:04:41.971Z","logger":"broker_ingress","caller":"ingress/ingress_handler.go:120","msg":"Error retrieving TTL, defaulting.","commit":"7655d9c","error":"\"knativebrokerttl\" not found"}
{"level":"info","ts":"2019-12-03T21:04:41.972Z","logger":"broker_ingress","caller":"ingress/ingress_handler.go:120","msg":"Error retrieving TTL, defaulting.","commit":"7655d9c","error":"\"knativebrokerttl\" not found"}
{"level":"info","ts":"2019-12-03T21:04:41.972Z","logger":"broker_ingress","caller":"ingress/ingress_handler.go:120","msg":"Error retrieving TTL, defaulting.","commit":"7655d9c","error":"\"knativebrokerttl\" not found"}
{"level":"info","ts":"2019-12-03T21:04:41.973Z","logger":"broker_ingress","caller":"ingress/ingress_handler.go:120","msg":"Error retrieving TTL, defaulting.","commit":"7655d9c","error":"\"knativebrokerttl\" not found"}
{"level":"info","ts":"2019-12-03T21:04:41.973Z","logger":"broker_ingress","caller":"ingress/ingress_handler.go:120","msg":"Error retrieving TTL, defaulting.","commit":"7655d9c","error":"\"knativebrokerttl\" not found"}
{"level":"info","ts":"2019-12-03T21:04:41.973Z","logger":"broker_ingress","caller":"ingress/ingress_handler.go:120","msg":"Error retrieving TTL, defaulting.","commit":"7655d9c","error":"\"knativebrokerttl\" not found"}
{"level":"info","ts":"2019-12-03T21:04:41.973Z","logger":"broker_ingress","caller":"ingress/ingress_handler.go:120","msg":"Error retrieving TTL, defaulting.","commit":"7655d9c","error":"\"knativebrokerttl\" not found"}
{"level":"info","ts":"2019-12-03T21:04:41.973Z","logger":"broker_ingress","caller":"ingress/ingress_handler.go:120","msg":"Error retrieving TTL, defaulting.","commit":"7655d9c","error":"\"knativebrokerttl\" not found"}
{"level":"info","ts":"2019-12-03T21:04:41.973Z","logger":"broker_ingress","caller":"ingress/ingress_handler.go:120","msg":"Error retrieving TTL, defaulting.","commit":"7655d9c","error":"\"knativebrokerttl\" not found"}
{"level":"info","ts":"2019-12-03T21:04:41.974Z","logger":"broker_ingress","caller":"ingress/ingress_handler.go:120","msg":"Error retrieving TTL, defaulting.","commit":"7655d9c","error":"\"knativebrokerttl\" not found"}
{"level":"info","ts":"2019-12-03T21:04:41.969Z","logger":"broker_ingress","caller":"ingress/ingress_handler.go:120","msg":"Error retrieving TTL, defaulting.","commit":"7655d9c","error":"\"knativebrokerttl\" not found"}
{"level":"info","ts":"2019-12-03T21:04:41.976Z","logger":"broker_ingress","caller":"ingress/ingress_handler.go:120","msg":"Error retrieving TTL, defaulting.","commit":"7655d9c","error":"\"knativebrokerttl\" not found"}
{"level":"info","ts":"2019-12-03T21:04:41.977Z","logger":"broker_ingress","caller":"ingress/ingress_handler.go:120","msg":"Error retrieving TTL, defaulting.","commit":"7655d9c","error":"\"knativebrokerttl\" not found"}
{"level":"info","ts":"2019-12-03T21:04:41.978Z","logger":"broker_ingress","caller":"ingress/ingress_handler.go:120","msg":"Error retrieving TTL, defaulting.","commit":"7655d9c","error":"\"knativebrokerttl\" not found"}
{"level":"info","ts":"2019-12-03T21:04:41.978Z","logger":"broker_ingress","caller":"ingress/ingress_handler.go:120","msg":"Error retrieving TTL, defaulting.","commit":"7655d9c","error":"\"knativebrokerttl\" not found"}
{"level":"info","ts":"2019-12-03T21:04:41.978Z","logger":"broker_ingress","caller":"ingress/ingress_handler.go:120","msg":"Error retrieving TTL, defaulting.","commit":"7655d9c","error":"\"knativebrokerttl\" not found"}
{"level":"info","ts":"2019-12-03T21:04:41.978Z","logger":"broker_ingress","caller":"ingress/ingress_handler.go:120","msg":"Error retrieving TTL, defaulting.","commit":"7655d9c","error":"\"knativebrokerttl\" not found"}
{"level":"info","ts":"2019-12-03T21:04:41.980Z","logger":"broker_ingress","caller":"ingress/ingress_handler.go:120","msg":"Error retrieving TTL, defaulting.","commit":"7655d9c","error":"\"knativebrokerttl\" not found"}
{"level":"info","ts":"2019-12-03T21:04:41.980Z","logger":"broker_ingress","caller":"ingress/ingress_handler.go:120","msg":"Error retrieving TTL, defaulting.","commit":"7655d9c","error":"\"knativebrokerttl\" not found"}
{"level":"info","ts":"2019-12-03T21:04:41.980Z","logger":"broker_ingress","caller":"ingress/ingress_handler.go:120","msg":"Error retrieving TTL, defaulting.","commit":"7655d9c","error":"\"knativebrokerttl\" not found"}
{"level":"info","ts":"2019-12-03T21:04:41.980Z","logger":"broker_ingress","caller":"ingress/ingress_handler.go:120","msg":"Error retrieving TTL, defaulting.","commit":"7655d9c","error":"\"knativebrokerttl\" not found"}
{"level":"info","ts":"2019-12-03T21:04:41.980Z","logger":"broker_ingress","caller":"ingress/ingress_handler.go:120","msg":"Error retrieving TTL, defaulting.","commit":"7655d9c","error":"\"knativebrokerttl\" not found"}
{"level":"info","ts":"2019-12-03T21:04:41.980Z","logger":"broker_ingress","caller":"ingress/ingress_handler.go:120","msg":"Error retrieving TTL, defaulting.","commit":"7655d9c","error":"\"knativebrokerttl\" not found"}
{"level":"info","ts":"2019-12-03T21:04:41.981Z","logger":"broker_ingress","caller":"ingress/ingress_handler.go:120","msg":"Error retrieving TTL, defaulting.","commit":"7655d9c","error":"\"knativebrokerttl\" not found"}
{"level":"info","ts":"2019-12-03T21:04:41.981Z","logger":"broker_ingress","caller":"ingress/ingress_handler.go:120","msg":"Error retrieving TTL, defaulting.","commit":"7655d9c","error":"\"knativebrokerttl\" not found"}
{"level":"info","ts":"2019-12-03T21:04:41.981Z","logger":"broker_ingress","caller":"ingress/ingress_handler.go:120","msg":"Error retrieving TTL, defaulting.","commit":"7655d9c","error":"\"knativebrokerttl\" not found"}
{"level":"info","ts":"2019-12-03T21:04:41.981Z","logger":"broker_ingress","caller":"ingress/ingress_handler.go:120","msg":"Error retrieving TTL, defaulting.","commit":"7655d9c","error":"\"knativebrokerttl\" not found"}
{"level":"info","ts":"2019-12-03T21:04:41.981Z","logger":"broker_ingress","caller":"ingress/ingress_handler.go:120","msg":"Error retrieving TTL, defaulting.","commit":"7655d9c","error":"\"knativebrokerttl\" not found"}
{"level":"info","ts":"2019-12-03T21:04:41.981Z","logger":"broker_ingress","caller":"ingress/ingress_handler.go:120","msg":"Error retrieving TTL, defaulting.","commit":"7655d9c","error":"\"knativebrokerttl\" not found"}
{"level":"info","ts":"2019-12-03T21:04:41.990Z","logger":"broker_ingress","caller":"ingress/ingress_handler.go:120","msg":"Error retrieving TTL, defaulting.","commit":"7655d9c","error":"\"knativebrokerttl\" not found"}
{"level":"info","ts":"2019-12-03T21:04:41.990Z","logger":"broker_ingress","caller":"ingress/ingress_handler.go:120","msg":"Error retrieving TTL, defaulting.","commit":"7655d9c","error":"\"knativebrokerttl\" not found"}
{"level":"info","ts":"2019-12-03T21:04:41.990Z","logger":"broker_ingress","caller":"ingress/ingress_handler.go:120","msg":"Error retrieving TTL, defaulting.","commit":"7655d9c","error":"\"knativebrokerttl\" not found"}
{"level":"info","ts":"2019-12-03T21:04:41.992Z","logger":"broker_ingress","caller":"ingress/ingress_handler.go:120","msg":"Error retrieving TTL, defaulting.","commit":"7655d9c","error":"\"knativebrokerttl\" not found"}
{"level":"info","ts":"2019-12-03T21:04:41.992Z","logger":"broker_ingress","caller":"ingress/ingress_handler.go:120","msg":"Error retrieving TTL, defaulting.","commit":"7655d9c","error":"\"knativebrokerttl\" not found"}
{"level":"info","ts":"2019-12-03T21:04:41.992Z","logger":"broker_ingress","caller":"ingress/ingress_handler.go:120","msg":"Error retrieving TTL, defaulting.","commit":"7655d9c","error":"\"knativebrokerttl\" not found"}
{"level":"info","ts":"2019-12-03T21:04:41.993Z","logger":"broker_ingress","caller":"ingress/ingress_handler.go:120","msg":"Error retrieving TTL, defaulting.","commit":"7655d9c","error":"\"knativebrokerttl\" not found"}
{"level":"info","ts":"2019-12-03T21:04:41.993Z","logger":"broker_ingress","caller":"ingress/ingress_handler.go:120","msg":"Error retrieving TTL, defaulting.","commit":"7655d9c","error":"\"knativebrokerttl\" not found"}
{"level":"info","ts":"2019-12-03T21:04:41.993Z","logger":"broker_ingress","caller":"ingress/ingress_handler.go:120","msg":"Error retrieving TTL, defaulting.","commit":"7655d9c","error":"\"knativebrokerttl\" not found"}
{"level":"info","ts":"2019-12-03T21:04:41.993Z","logger":"broker_ingress","caller":"ingress/ingress_handler.go:120","msg":"Error retrieving TTL, defaulting.","commit":"7655d9c","error":"\"knativebrokerttl\" not found"}
{"level":"info","ts":"2019-12-03T21:04:41.993Z","logger":"broker_ingress","caller":"ingress/ingress_handler.go:120","msg":"Error retrieving TTL, defaulting.","commit":"7655d9c","error":"\"knativebrokerttl\" not found"}
{"level":"info","ts":"2019-12-03T21:04:41.993Z","logger":"broker_ingress","caller":"ingress/ingress_handler.go:120","msg":"Error retrieving TTL, defaulting.","commit":"7655d9c","error":"\"knativebrokerttl\" not found"}
{"level":"info","ts":"2019-12-03T21:04:41.994Z","logger":"broker_ingress","caller":"ingress/ingress_handler.go:120","msg":"Error retrieving TTL, defaulting.","commit":"7655d9c","error":"\"knativebrokerttl\" not found"}
{"level":"info","ts":"2019-12-03T21:04:42.001Z","logger":"broker_ingress","caller":"ingress/ingress_handler.go:120","msg":"Error retrieving TTL, defaulting.","commit":"7655d9c","error":"\"knativebrokerttl\" not found"}
{"level":"info","ts":"2019-12-03T21:04:42.001Z","logger":"broker_ingress","caller":"ingress/ingress_handler.go:120","msg":"Error retrieving TTL, defaulting.","commit":"7655d9c","error":"\"knativebrokerttl\" not found"}
{"level":"info","ts":"2019-12-03T21:04:42.001Z","logger":"broker_ingress","caller":"ingress/ingress_handler.go:120","msg":"Error retrieving TTL, defaulting.","commit":"7655d9c","error":"\"knativebrokerttl\" not found"}
{"level":"info","ts":"2019-12-03T21:04:42.001Z","logger":"broker_ingress","caller":"ingress/ingress_handler.go:120","msg":"Error retrieving TTL, defaulting.","commit":"7655d9c","error":"\"knativebrokerttl\" not found"}
{"level":"info","ts":"2019-12-03T21:04:42.001Z","logger":"broker_ingress","caller":"ingress/ingress_handler.go:120","msg":"Error retrieving TTL, defaulting.","commit":"7655d9c","error":"\"knativebrokerttl\" not found"}
{"level":"info","ts":"2019-12-03T21:04:41.980Z","logger":"broker_ingress","caller":"ingress/ingress_handler.go:120","msg":"Error retrieving TTL, defaulting.","commit":"7655d9c","error":"\"knativebrokerttl\" not found"}
{"level":"info","ts":"2019-12-03T21:04:42.002Z","logger":"broker_ingress","caller":"ingress/ingress_handler.go:120","msg":"Error retrieving TTL, defaulting.","commit":"7655d9c","error":"\"knativebrokerttl\" not found"}
{"level":"info","ts":"2019-12-03T21:04:42.002Z","logger":"broker_ingress","caller":"ingress/ingress_handler.go:120","msg":"Error retrieving TTL, defaulting.","commit":"7655d9c","error":"\"knativebrokerttl\" not found"}
{"level":"info","ts":"2019-12-03T21:04:42.002Z","logger":"broker_ingress","caller":"ingress/ingress_handler.go:120","msg":"Error retrieving TTL, defaulting.","commit":"7655d9c","error":"\"knativebrokerttl\" not found"}
{"level":"info","ts":"2019-12-03T21:04:42.002Z","logger":"broker_ingress","caller":"ingress/ingress_handler.go:120","msg":"Error retrieving TTL, defaulting.","commit":"7655d9c","error":"\"knativebrokerttl\" not found"}
{"level":"info","ts":"2019-12-03T21:04:42.002Z","logger":"broker_ingress","caller":"ingress/ingress_handler.go:120","msg":"Error retrieving TTL, defaulting.","commit":"7655d9c","error":"\"knativebrokerttl\" not found"}
{"level":"info","ts":"2019-12-03T21:04:42.002Z","logger":"broker_ingress","caller":"ingress/ingress_handler.go:120","msg":"Error retrieving TTL, defaulting.","commit":"7655d9c","error":"\"knativebrokerttl\" not found"}
{"level":"info","ts":"2019-12-03T21:04:42.002Z","logger":"broker_ingress","caller":"ingress/ingress_handler.go:120","msg":"Error retrieving TTL, defaulting.","commit":"7655d9c","error":"\"knativebrokerttl\" not found"}
{"level":"info","ts":"2019-12-03T21:04:42.003Z","logger":"broker_ingress","caller":"ingress/ingress_handler.go:120","msg":"Error retrieving TTL, defaulting.","commit":"7655d9c","error":"\"knativebrokerttl\" not found"}
{"level":"info","ts":"2019-12-03T21:04:42.005Z","logger":"broker_ingress","caller":"ingress/ingress_handler.go:120","msg":"Error retrieving TTL, defaulting.","commit":"7655d9c","error":"\"knativebrokerttl\" not found"}
{"level":"info","ts":"2019-12-03T21:04:42.006Z","logger":"broker_ingress","caller":"ingress/ingress_handler.go:120","msg":"Error retrieving TTL, defaulting.","commit":"7655d9c","error":"\"knativebrokerttl\" not found"}
{"level":"info","ts":"2019-12-03T21:04:42.006Z","logger":"broker_ingress","caller":"ingress/ingress_handler.go:120","msg":"Error retrieving TTL, defaulting.","commit":"7655d9c","error":"\"knativebrokerttl\" not found"}
{"level":"info","ts":"2019-12-03T21:04:42.006Z","logger":"broker_ingress","caller":"ingress/ingress_handler.go:120","msg":"Error retrieving TTL, defaulting.","commit":"7655d9c","error":"\"knativebrokerttl\" not found"}
{"level":"info","ts":"2019-12-03T21:04:42.007Z","logger":"broker_ingress","caller":"ingress/ingress_handler.go:120","msg":"Error retrieving TTL, defaulting.","commit":"7655d9c","error":"\"knativebrokerttl\" not found"}
{"level":"info","ts":"2019-12-03T21:04:42.008Z","logger":"broker_ingress","caller":"ingress/ingress_handler.go:120","msg":"Error retrieving TTL, defaulting.","commit":"7655d9c","error":"\"knativebrokerttl\" not found"}
{"level":"info","ts":"2019-12-03T21:04:42.012Z","logger":"broker_ingress","caller":"ingress/ingress_handler.go:120","msg":"Error retrieving TTL, defaulting.","commit":"7655d9c","error":"\"knativebrokerttl\" not found"}
{"level":"info","ts":"2019-12-03T21:04:42.012Z","logger":"broker_ingress","caller":"ingress/ingress_handler.go:120","msg":"Error retrieving TTL, defaulting.","commit":"7655d9c","error":"\"knativebrokerttl\" not found"}
{"level":"info","ts":"2019-12-03T21:04:42.012Z","logger":"broker_ingress","caller":"ingress/ingress_handler.go:120","msg":"Error retrieving TTL, defaulting.","commit":"7655d9c","error":"\"knativebrokerttl\" not found"}
{"level":"info","ts":"2019-12-03T21:04:42.012Z","logger":"broker_ingress","caller":"ingress/ingress_handler.go:120","msg":"Error retrieving TTL, defaulting.","commit":"7655d9c","error":"\"knativebrokerttl\" not found"}
{"level":"info","ts":"2019-12-03T21:04:42.013Z","logger":"broker_ingress","caller":"ingress/ingress_handler.go:120","msg":"Error retrieving TTL, defaulting.","commit":"7655d9c","error":"\"knativebrokerttl\" not found"}
{"level":"info","ts":"2019-12-03T21:04:42.022Z","logger":"broker_ingress","caller":"ingress/ingress_handler.go:120","msg":"Error retrieving TTL, defaulting.","commit":"7655d9c","error":"\"knativebrokerttl\" not found"}
{"level":"info","ts":"2019-12-03T21:04:42.022Z","logger":"broker_ingress","caller":"ingress/ingress_handler.go:120","msg":"Error retrieving TTL, defaulting.","commit":"7655d9c","error":"\"knativebrokerttl\" not found"}
{"level":"info","ts":"2019-12-03T21:04:42.022Z","logger":"broker_ingress","caller":"ingress/ingress_handler.go:120","msg":"Error retrieving TTL, defaulting.","commit":"7655d9c","error":"\"knativebrokerttl\" not found"}
{"level":"info","ts":"2019-12-03T21:04:42.022Z","logger":"broker_ingress","caller":"ingress/ingress_handler.go:120","msg":"Error retrieving TTL, defaulting.","commit":"7655d9c","error":"\"knativebrokerttl\" not found"}
{"level":"info","ts":"2019-12-03T21:04:42.023Z","logger":"broker_ingress","caller":"ingress/ingress_handler.go:120","msg":"Error retrieving TTL, defaulting.","commit":"7655d9c","error":"\"knativebrokerttl\" not found"}
{"level":"info","ts":"2019-12-03T21:04:42.024Z","logger":"broker_ingress","caller":"ingress/ingress_handler.go:120","msg":"Error retrieving TTL, defaulting.","commit":"7655d9c","error":"\"knativebrokerttl\" not found"}
{"level":"info","ts":"2019-12-03T21:04:42.024Z","logger":"broker_ingress","caller":"ingress/ingress_handler.go:120","msg":"Error retrieving TTL, defaulting.","commit":"7655d9c","error":"\"knativebrokerttl\" not found"}
{"level":"info","ts":"2019-12-03T21:04:42.024Z","logger":"broker_ingress","caller":"ingress/ingress_handler.go:120","msg":"Error retrieving TTL, defaulting.","commit":"7655d9c","error":"\"knativebrokerttl\" not found"}
{"level":"info","ts":"2019-12-03T21:04:42.026Z","logger":"broker_ingress","caller":"ingress/ingress_handler.go:120","msg":"Error retrieving TTL, defaulting.","commit":"7655d9c","error":"\"knativebrokerttl\" not found"}
{"level":"info","ts":"2019-12-03T21:04:42.027Z","logger":"broker_ingress","caller":"ingress/ingress_handler.go:120","msg":"Error retrieving TTL, defaulting.","commit":"7655d9c","error":"\"knativebrokerttl\" not found"}
{"level":"info","ts":"2019-12-03T21:04:42.028Z","logger":"broker_ingress","caller":"ingress/ingress_handler.go:120","msg":"Error retrieving TTL, defaulting.","commit":"7655d9c","error":"\"knativebrokerttl\" not found"}
{"level":"info","ts":"2019-12-03T21:04:42.028Z","logger":"broker_ingress","caller":"ingress/ingress_handler.go:120","msg":"Error retrieving TTL, defaulting.","commit":"7655d9c","error":"\"knativebrokerttl\" not found"}
{"level":"info","ts":"2019-12-03T21:04:42.028Z","logger":"broker_ingress","caller":"ingress/ingress_handler.go:120","msg":"Error retrieving TTL, defaulting.","commit":"7655d9c","error":"\"knativebrokerttl\" not found"}
{"level":"info","ts":"2019-12-03T21:04:42.028Z","logger":"broker_ingress","caller":"ingress/ingress_handler.go:120","msg":"Error retrieving TTL, defaulting.","commit":"7655d9c","error":"\"knativebrokerttl\" not found"}
{"level":"info","ts":"2019-12-03T21:04:42.028Z","logger":"broker_ingress","caller":"ingress/ingress_handler.go:120","msg":"Error retrieving TTL, defaulting.","commit":"7655d9c","error":"\"knativebrokerttl\" not found"}
{"level":"info","ts":"2019-12-03T21:04:42.028Z","logger":"broker_ingress","caller":"ingress/ingress_handler.go:120","msg":"Error retrieving TTL, defaulting.","commit":"7655d9c","error":"\"knativebrokerttl\" not found"}
{"level":"info","ts":"2019-12-03T21:04:42.030Z","logger":"broker_ingress","caller":"ingress/ingress_handler.go:120","msg":"Error retrieving TTL, defaulting.","commit":"7655d9c","error":"\"knativebrokerttl\" not found"}
{"level":"info","ts":"2019-12-03T21:04:42.059Z","logger":"broker_ingress","caller":"ingress/ingress_handler.go:120","msg":"Error retrieving TTL, defaulting.","commit":"7655d9c","error":"\"knativebrokerttl\" not found"}
{"level":"info","ts":"2019-12-03T21:04:42.060Z","logger":"broker_ingress","caller":"ingress/ingress_handler.go:120","msg":"Error retrieving TTL, defaulting.","commit":"7655d9c","error":"\"knativebrokerttl\" not found"}
{"level":"info","ts":"2019-12-03T21:04:42.064Z","logger":"broker_ingress","caller":"ingress/ingress_handler.go:120","msg":"Error retrieving TTL, defaulting.","commit":"7655d9c","error":"\"knativebrokerttl\" not found"}
{"level":"info","ts":"2019-12-03T21:04:42.064Z","logger":"broker_ingress","caller":"ingress/ingress_handler.go:120","msg":"Error retrieving TTL, defaulting.","commit":"7655d9c","error":"\"knativebrokerttl\" not found"}
{"level":"info","ts":"2019-12-03T21:04:42.064Z","logger":"broker_ingress","caller":"ingress/ingress_handler.go:120","msg":"Error retrieving TTL, defaulting.","commit":"7655d9c","error":"\"knativebrokerttl\" not found"}
{"level":"info","ts":"2019-12-03T21:04:42.064Z","logger":"broker_ingress","caller":"ingress/ingress_handler.go:120","msg":"Error retrieving TTL, defaulting.","commit":"7655d9c","error":"\"knativebrokerttl\" not found"}
{"level":"info","ts":"2019-12-03T21:04:42.065Z","logger":"broker_ingress","caller":"ingress/ingress_handler.go:120","msg":"Error retrieving TTL, defaulting.","commit":"7655d9c","error":"\"knativebrokerttl\" not found"}
{"level":"info","ts":"2019-12-03T21:04:42.065Z","logger":"broker_ingress","caller":"ingress/ingress_handler.go:120","msg":"Error retrieving TTL, defaulting.","commit":"7655d9c","error":"\"knativebrokerttl\" not found"}
{"level":"info","ts":"2019-12-03T21:04:42.065Z","logger":"broker_ingress","caller":"ingress/ingress_handler.go:120","msg":"Error retrieving TTL, defaulting.","commit":"7655d9c","error":"\"knativebrokerttl\" not found"}
{"level":"info","ts":"2019-12-03T21:04:42.065Z","logger":"broker_ingress","caller":"ingress/ingress_handler.go:120","msg":"Error retrieving TTL, defaulting.","commit":"7655d9c","error":"\"knativebrokerttl\" not found"}
{"level":"info","ts":"2019-12-03T21:04:42.065Z","logger":"broker_ingress","caller":"ingress/ingress_handler.go:120","msg":"Error retrieving TTL, defaulting.","commit":"7655d9c","error":"\"knativebrokerttl\" not found"}
{"level":"info","ts":"2019-12-03T21:04:42.065Z","logger":"broker_ingress","caller":"ingress/ingress_handler.go:120","msg":"Error retrieving TTL, defaulting.","commit":"7655d9c","error":"\"knativebrokerttl\" not found"}
{"level":"info","ts":"2019-12-03T21:04:42.065Z","logger":"broker_ingress","caller":"ingress/ingress_handler.go:120","msg":"Error retrieving TTL, defaulting.","commit":"7655d9c","error":"\"knativebrokerttl\" not found"}
{"level":"info","ts":"2019-12-03T21:04:42.065Z","logger":"broker_ingress","caller":"ingress/ingress_handler.go:120","msg":"Error retrieving TTL, defaulting.","commit":"7655d9c","error":"\"knativebrokerttl\" not found"}
{"level":"info","ts":"2019-12-03T21:04:42.066Z","logger":"broker_ingress","caller":"ingress/ingress_handler.go:120","msg":"Error retrieving TTL, defaulting.","commit":"7655d9c","error":"\"knativebrokerttl\" not found"}
{"level":"info","ts":"2019-12-03T21:04:42.067Z","logger":"broker_ingress","caller":"ingress/ingress_handler.go:120","msg":"Error retrieving TTL, defaulting.","commit":"7655d9c","error":"\"knativebrokerttl\" not found"}
{"level":"info","ts":"2019-12-03T21:04:42.067Z","logger":"broker_ingress","caller":"ingress/ingress_handler.go:120","msg":"Error retrieving TTL, defaulting.","commit":"7655d9c","error":"\"knativebrokerttl\" not found"}
{"level":"info","ts":"2019-12-03T21:04:42.067Z","logger":"broker_ingress","caller":"ingress/ingress_handler.go:120","msg":"Error retrieving TTL, defaulting.","commit":"7655d9c","error":"\"knativebrokerttl\" not found"}
{"level":"info","ts":"2019-12-03T21:04:42.067Z","logger":"broker_ingress","caller":"ingress/ingress_handler.go:120","msg":"Error retrieving TTL, defaulting.","commit":"7655d9c","error":"\"knativebrokerttl\" not found"}
{"level":"info","ts":"2019-12-03T21:04:42.067Z","logger":"broker_ingress","caller":"ingress/ingress_handler.go:120","msg":"Error retrieving TTL, defaulting.","commit":"7655d9c","error":"\"knativebrokerttl\" not found"}
{"level":"info","ts":"2019-12-03T21:04:42.068Z","logger":"broker_ingress","caller":"ingress/ingress_handler.go:120","msg":"Error retrieving TTL, defaulting.","commit":"7655d9c","error":"\"knativebrokerttl\" not found"}
{"level":"info","ts":"2019-12-03T21:04:42.071Z","logger":"broker_ingress","caller":"ingress/ingress_handler.go:120","msg":"Error retrieving TTL, defaulting.","commit":"7655d9c","error":"\"knativebrokerttl\" not found"}
{"level":"info","ts":"2019-12-03T21:04:42.076Z","logger":"broker_ingress","caller":"ingress/ingress_handler.go:120","msg":"Error retrieving TTL, defaulting.","commit":"7655d9c","error":"\"knativebrokerttl\" not found"}
{"level":"info","ts":"2019-12-03T21:04:42.076Z","logger":"broker_ingress","caller":"ingress/ingress_handler.go:120","msg":"Error retrieving TTL, defaulting.","commit":"7655d9c","error":"\"knativebrokerttl\" not found"}
{"level":"info","ts":"2019-12-03T21:04:42.076Z","logger":"broker_ingress","caller":"ingress/ingress_handler.go:120","msg":"Error retrieving TTL, defaulting.","commit":"7655d9c","error":"\"knativebrokerttl\" not found"}
{"level":"info","ts":"2019-12-03T21:04:42.077Z","logger":"broker_ingress","caller":"ingress/ingress_handler.go:120","msg":"Error retrieving TTL, defaulting.","commit":"7655d9c","error":"\"knativebrokerttl\" not found"}
{"level":"info","ts":"2019-12-03T21:04:42.077Z","logger":"broker_ingress","caller":"ingress/ingress_handler.go:120","msg":"Error retrieving TTL, defaulting.","commit":"7655d9c","error":"\"knativebrokerttl\" not found"}
{"level":"info","ts":"2019-12-03T21:04:42.077Z","logger":"broker_ingress","caller":"ingress/ingress_handler.go:120","msg":"Error retrieving TTL, defaulting.","commit":"7655d9c","error":"\"knativebrokerttl\" not found"}
{"level":"info","ts":"2019-12-03T21:04:42.077Z","logger":"broker_ingress","caller":"ingress/ingress_handler.go:120","msg":"Error retrieving TTL, defaulting.","commit":"7655d9c","error":"\"knativebrokerttl\" not found"}
{"level":"info","ts":"2019-12-03T21:04:42.077Z","logger":"broker_ingress","caller":"ingress/ingress_handler.go:120","msg":"Error retrieving TTL, defaulting.","commit":"7655d9c","error":"\"knativebrokerttl\" not found"}
{"level":"info","ts":"2019-12-03T21:04:42.077Z","logger":"broker_ingress","caller":"ingress/ingress_handler.go:120","msg":"Error retrieving TTL, defaulting.","commit":"7655d9c","error":"\"knativebrokerttl\" not found"}
{"level":"info","ts":"2019-12-03T21:04:42.077Z","logger":"broker_ingress","caller":"ingress/ingress_handler.go:120","msg":"Error retrieving TTL, defaulting.","commit":"7655d9c","error":"\"knativebrokerttl\" not found"}
{"level":"info","ts":"2019-12-03T21:04:42.078Z","logger":"broker_ingress","caller":"ingress/ingress_handler.go:120","msg":"Error retrieving TTL, defaulting.","commit":"7655d9c","error":"\"knativebrokerttl\" not found"}
{"level":"info","ts":"2019-12-03T21:04:42.080Z","logger":"broker_ingress","caller":"ingress/ingress_handler.go:120","msg":"Error retrieving TTL, defaulting.","commit":"7655d9c","error":"\"knativebrokerttl\" not found"}
{"level":"info","ts":"2019-12-03T21:04:42.080Z","logger":"broker_ingress","caller":"ingress/ingress_handler.go:120","msg":"Error retrieving TTL, defaulting.","commit":"7655d9c","error":"\"knativebrokerttl\" not found"}
{"level":"info","ts":"2019-12-03T21:04:42.081Z","logger":"broker_ingress","caller":"ingress/ingress_handler.go:120","msg":"Error retrieving TTL, defaulting.","commit":"7655d9c","error":"\"knativebrokerttl\" not found"}
{"level":"info","ts":"2019-12-03T21:04:42.081Z","logger":"broker_ingress","caller":"ingress/ingress_handler.go:120","msg":"Error retrieving TTL, defaulting.","commit":"7655d9c","error":"\"knativebrokerttl\" not found"}
{"level":"info","ts":"2019-12-03T21:04:42.081Z","logger":"broker_ingress","caller":"ingress/ingress_handler.go:120","msg":"Error retrieving TTL, defaulting.","commit":"7655d9c","error":"\"knativebrokerttl\" not found"}
{"level":"info","ts":"2019-12-03T21:04:42.084Z","logger":"broker_ingress","caller":"ingress/ingress_handler.go:120","msg":"Error retrieving TTL, defaulting.","commit":"7655d9c","error":"\"knativebrokerttl\" not found"}
{"level":"info","ts":"2019-12-03T21:04:42.084Z","logger":"broker_ingress","caller":"ingress/ingress_handler.go:120","msg":"Error retrieving TTL, defaulting.","commit":"7655d9c","error":"\"knativebrokerttl\" not found"}
{"level":"info","ts":"2019-12-03T21:04:42.084Z","logger":"broker_ingress","caller":"ingress/ingress_handler.go:120","msg":"Error retrieving TTL, defaulting.","commit":"7655d9c","error":"\"knativebrokerttl\" not found"}
{"level":"info","ts":"2019-12-03T21:04:42.085Z","logger":"broker_ingress","caller":"ingress/ingress_handler.go:120","msg":"Error retrieving TTL, defaulting.","commit":"7655d9c","error":"\"knativebrokerttl\" not found"}
{"level":"info","ts":"2019-12-03T21:04:42.085Z","logger":"broker_ingress","caller":"ingress/ingress_handler.go:120","msg":"Error retrieving TTL, defaulting.","commit":"7655d9c","error":"\"knativebrokerttl\" not found"}
{"level":"info","ts":"2019-12-03T21:04:42.085Z","logger":"broker_ingress","caller":"ingress/ingress_handler.go:120","msg":"Error retrieving TTL, defaulting.","commit":"7655d9c","error":"\"knativebrokerttl\" not found"}
{"level":"info","ts":"2019-12-03T21:04:42.085Z","logger":"broker_ingress","caller":"ingress/ingress_handler.go:120","msg":"Error retrieving TTL, defaulting.","commit":"7655d9c","error":"\"knativebrokerttl\" not found"}
{"level":"info","ts":"2019-12-03T21:04:42.085Z","logger":"broker_ingress","caller":"ingress/ingress_handler.go:120","msg":"Error retrieving TTL, defaulting.","commit":"7655d9c","error":"\"knativebrokerttl\" not found"}
{"level":"info","ts":"2019-12-03T21:04:42.085Z","logger":"broker_ingress","caller":"ingress/ingress_handler.go:120","msg":"Error retrieving TTL, defaulting.","commit":"7655d9c","error":"\"knativebrokerttl\" not found"}
{"level":"info","ts":"2019-12-03T21:04:42.085Z","logger":"broker_ingress","caller":"ingress/ingress_handler.go:120","msg":"Error retrieving TTL, defaulting.","commit":"7655d9c","error":"\"knativebrokerttl\" not found"}
{"level":"info","ts":"2019-12-03T21:04:42.085Z","logger":"broker_ingress","caller":"ingress/ingress_handler.go:120","msg":"Error retrieving TTL, defaulting.","commit":"7655d9c","error":"\"knativebrokerttl\" not found"}
{"level":"info","ts":"2019-12-03T21:04:42.086Z","logger":"broker_ingress","caller":"ingress/ingress_handler.go:120","msg":"Error retrieving TTL, defaulting.","commit":"7655d9c","error":"\"knativebrokerttl\" not found"}
{"level":"info","ts":"2019-12-03T21:04:42.086Z","logger":"broker_ingress","caller":"ingress/ingress_handler.go:120","msg":"Error retrieving TTL, defaulting.","commit":"7655d9c","error":"\"knativebrokerttl\" not found"}
{"level":"info","ts":"2019-12-03T21:04:42.086Z","logger":"broker_ingress","caller":"ingress/ingress_handler.go:120","msg":"Error retrieving TTL, defaulting.","commit":"7655d9c","error":"\"knativebrokerttl\" not found"}
{"level":"info","ts":"2019-12-03T21:04:42.086Z","logger":"broker_ingress","caller":"ingress/ingress_handler.go:120","msg":"Error retrieving TTL, defaulting.","commit":"7655d9c","error":"\"knativebrokerttl\" not found"}
{"level":"info","ts":"2019-12-03T21:04:42.086Z","logger":"broker_ingress","caller":"ingress/ingress_handler.go:120","msg":"Error retrieving TTL, defaulting.","commit":"7655d9c","error":"\"knativebrokerttl\" not found"}
{"level":"info","ts":"2019-12-03T21:04:42.086Z","logger":"broker_ingress","caller":"ingress/ingress_handler.go:120","msg":"Error retrieving TTL, defaulting.","commit":"7655d9c","error":"\"knativebrokerttl\" not found"}
{"level":"info","ts":"2019-12-03T21:04:42.086Z","logger":"broker_ingress","caller":"ingress/ingress_handler.go:120","msg":"Error retrieving TTL, defaulting.","commit":"7655d9c","error":"\"knativebrokerttl\" not found"}
{"level":"info","ts":"2019-12-03T21:04:42.086Z","logger":"broker_ingress","caller":"ingress/ingress_handler.go:120","msg":"Error retrieving TTL, defaulting.","commit":"7655d9c","error":"\"knativebrokerttl\" not found"}
{"level":"info","ts":"2019-12-03T21:04:42.086Z","logger":"broker_ingress","caller":"ingress/ingress_handler.go:120","msg":"Error retrieving TTL, defaulting.","commit":"7655d9c","error":"\"knativebrokerttl\" not found"}
{"level":"info","ts":"2019-12-03T21:04:42.087Z","logger":"broker_ingress","caller":"ingress/ingress_handler.go:120","msg":"Error retrieving TTL, defaulting.","commit":"7655d9c","error":"\"knativebrokerttl\" not found"}
{"level":"info","ts":"2019-12-03T21:04:42.088Z","logger":"broker_ingress","caller":"ingress/ingress_handler.go:120","msg":"Error retrieving TTL, defaulting.","commit":"7655d9c","error":"\"knativebrokerttl\" not found"}
{"level":"info","ts":"2019-12-03T21:04:42.088Z","logger":"broker_ingress","caller":"ingress/ingress_handler.go:120","msg":"Error retrieving TTL, defaulting.","commit":"7655d9c","error":"\"knativebrokerttl\" not found"}
{"level":"info","ts":"2019-12-03T21:04:42.090Z","logger":"broker_ingress","caller":"ingress/ingress_handler.go:120","msg":"Error retrieving TTL, defaulting.","commit":"7655d9c","error":"\"knativebrokerttl\" not found"}
{"level":"info","ts":"2019-12-03T21:04:42.090Z","logger":"broker_ingress","caller":"ingress/ingress_handler.go:120","msg":"Error retrieving TTL, defaulting.","commit":"7655d9c","error":"\"knativebrokerttl\" not found"}
{"level":"info","ts":"2019-12-03T21:04:42.090Z","logger":"broker_ingress","caller":"ingress/ingress_handler.go:120","msg":"Error retrieving TTL, defaulting.","commit":"7655d9c","error":"\"knativebrokerttl\" not found"}
{"level":"info","ts":"2019-12-03T21:04:42.090Z","logger":"broker_ingress","caller":"ingress/ingress_handler.go:120","msg":"Error retrieving TTL, defaulting.","commit":"7655d9c","error":"\"knativebrokerttl\" not found"}
{"level":"info","ts":"2019-12-03T21:04:42.091Z","logger":"broker_ingress","caller":"ingress/ingress_handler.go:120","msg":"Error retrieving TTL, defaulting.","commit":"7655d9c","error":"\"knativebrokerttl\" not found"}
{"level":"info","ts":"2019-12-03T21:04:42.091Z","logger":"broker_ingress","caller":"ingress/ingress_handler.go:120","msg":"Error retrieving TTL, defaulting.","commit":"7655d9c","error":"\"knativebrokerttl\" not found"}
{"level":"info","ts":"2019-12-03T21:04:42.091Z","logger":"broker_ingress","caller":"ingress/ingress_handler.go:120","msg":"Error retrieving TTL, defaulting.","commit":"7655d9c","error":"\"knativebrokerttl\" not found"}
{"level":"info","ts":"2019-12-03T21:04:42.091Z","logger":"broker_ingress","caller":"ingress/ingress_handler.go:120","msg":"Error retrieving TTL, defaulting.","commit":"7655d9c","error":"\"knativebrokerttl\" not found"}
{"level":"info","ts":"2019-12-03T21:04:42.092Z","logger":"broker_ingress","caller":"ingress/ingress_handler.go:120","msg":"Error retrieving TTL, defaulting.","commit":"7655d9c","error":"\"knativebrokerttl\" not found"}
{"level":"info","ts":"2019-12-03T21:04:42.093Z","logger":"broker_ingress","caller":"ingress/ingress_handler.go:120","msg":"Error retrieving TTL, defaulting.","commit":"7655d9c","error":"\"knativebrokerttl\" not found"}
{"level":"info","ts":"2019-12-03T21:04:42.094Z","logger":"broker_ingress","caller":"ingress/ingress_handler.go:120","msg":"Error retrieving TTL, defaulting.","commit":"7655d9c","error":"\"knativebrokerttl\" not found"}
{"level":"info","ts":"2019-12-03T21:04:42.094Z","logger":"broker_ingress","caller":"ingress/ingress_handler.go:120","msg":"Error retrieving TTL, defaulting.","commit":"7655d9c","error":"\"knativebrokerttl\" not found"}
{"level":"info","ts":"2019-12-03T21:04:42.094Z","logger":"broker_ingress","caller":"ingress/ingress_handler.go:120","msg":"Error retrieving TTL, defaulting.","commit":"7655d9c","error":"\"knativebrokerttl\" not found"}
{"level":"info","ts":"2019-12-03T21:04:42.103Z","logger":"broker_ingress","caller":"ingress/ingress_handler.go:120","msg":"Error retrieving TTL, defaulting.","commit":"7655d9c","error":"\"knativebrokerttl\" not found"}
{"level":"info","ts":"2019-12-03T21:04:42.103Z","logger":"broker_ingress","caller":"ingress/ingress_handler.go:120","msg":"Error retrieving TTL, defaulting.","commit":"7655d9c","error":"\"knativebrokerttl\" not found"}
{"level":"info","ts":"2019-12-03T21:04:42.103Z","logger":"broker_ingress","caller":"ingress/ingress_handler.go:120","msg":"Error retrieving TTL, defaulting.","commit":"7655d9c","error":"\"knativebrokerttl\" not found"}
{"level":"info","ts":"2019-12-03T21:04:42.103Z","logger":"broker_ingress","caller":"ingress/ingress_handler.go:120","msg":"Error retrieving TTL, defaulting.","commit":"7655d9c","error":"\"knativebrokerttl\" not found"}
{"level":"info","ts":"2019-12-03T21:04:42.103Z","logger":"broker_ingress","caller":"ingress/ingress_handler.go:120","msg":"Error retrieving TTL, defaulting.","commit":"7655d9c","error":"\"knativebrokerttl\" not found"}
{"level":"info","ts":"2019-12-03T21:04:42.103Z","logger":"broker_ingress","caller":"ingress/ingress_handler.go:120","msg":"Error retrieving TTL, defaulting.","commit":"7655d9c","error":"\"knativebrokerttl\" not found"}
{"level":"info","ts":"2019-12-03T21:04:42.103Z","logger":"broker_ingress","caller":"ingress/ingress_handler.go:120","msg":"Error retrieving TTL, defaulting.","commit":"7655d9c","error":"\"knativebrokerttl\" not found"}
{"level":"info","ts":"2019-12-03T21:04:42.104Z","logger":"broker_ingress","caller":"ingress/ingress_handler.go:120","msg":"Error retrieving TTL, defaulting.","commit":"7655d9c","error":"\"knativebrokerttl\" not found"}
{"level":"info","ts":"2019-12-03T21:04:42.105Z","logger":"broker_ingress","caller":"ingress/ingress_handler.go:120","msg":"Error retrieving TTL, defaulting.","commit":"7655d9c","error":"\"knativebrokerttl\" not found"}
{"level":"info","ts":"2019-12-03T21:04:42.105Z","logger":"broker_ingress","caller":"ingress/ingress_handler.go:120","msg":"Error retrieving TTL, defaulting.","commit":"7655d9c","error":"\"knativebrokerttl\" not found"}
{"level":"info","ts":"2019-12-03T21:04:42.105Z","logger":"broker_ingress","caller":"ingress/ingress_handler.go:120","msg":"Error retrieving TTL, defaulting.","commit":"7655d9c","error":"\"knativebrokerttl\" not found"}
{"level":"info","ts":"2019-12-03T21:04:42.108Z","logger":"broker_ingress","caller":"ingress/ingress_handler.go:120","msg":"Error retrieving TTL, defaulting.","commit":"7655d9c","error":"\"knativebrokerttl\" not found"}
{"level":"info","ts":"2019-12-03T21:04:42.108Z","logger":"broker_ingress","caller":"ingress/ingress_handler.go:120","msg":"Error retrieving TTL, defaulting.","commit":"7655d9c","error":"\"knativebrokerttl\" not found"}
{"level":"info","ts":"2019-12-03T21:04:42.114Z","logger":"broker_ingress","caller":"ingress/ingress_handler.go:120","msg":"Error retrieving TTL, defaulting.","commit":"7655d9c","error":"\"knativebrokerttl\" not found"}
{"level":"info","ts":"2019-12-03T21:04:42.114Z","logger":"broker_ingress","caller":"ingress/ingress_handler.go:120","msg":"Error retrieving TTL, defaulting.","commit":"7655d9c","error":"\"knativebrokerttl\" not found"}
{"level":"info","ts":"2019-12-03T21:04:42.119Z","logger":"broker_ingress","caller":"ingress/ingress_handler.go:120","msg":"Error retrieving TTL, defaulting.","commit":"7655d9c","error":"\"knativebrokerttl\" not found"}
{"level":"info","ts":"2019-12-03T21:04:42.119Z","logger":"broker_ingress","caller":"ingress/ingress_handler.go:120","msg":"Error retrieving TTL, defaulting.","commit":"7655d9c","error":"\"knativebrokerttl\" not found"}
{"level":"info","ts":"2019-12-03T21:04:42.119Z","logger":"broker_ingress","caller":"ingress/ingress_handler.go:120","msg":"Error retrieving TTL, defaulting.","commit":"7655d9c","error":"\"knativebrokerttl\" not found"}
{"level":"info","ts":"2019-12-03T21:04:42.119Z","logger":"broker_ingress","caller":"ingress/ingress_handler.go:120","msg":"Error retrieving TTL, defaulting.","commit":"7655d9c","error":"\"knativebrokerttl\" not found"}
{"level":"info","ts":"2019-12-03T21:04:42.119Z","logger":"broker_ingress","caller":"ingress/ingress_handler.go:120","msg":"Error retrieving TTL, defaulting.","commit":"7655d9c","error":"\"knativebrokerttl\" not found"}
{"level":"info","ts":"2019-12-03T21:04:42.122Z","logger":"broker_ingress","caller":"ingress/ingress_handler.go:120","msg":"Error retrieving TTL, defaulting.","commit":"7655d9c","error":"\"knativebrokerttl\" not found"}
{"level":"info","ts":"2019-12-03T21:04:42.122Z","logger":"broker_ingress","caller":"ingress/ingress_handler.go:120","msg":"Error retrieving TTL, defaulting.","commit":"7655d9c","error":"\"knativebrokerttl\" not found"}
{"level":"info","ts":"2019-12-03T21:04:42.122Z","logger":"broker_ingress","caller":"ingress/ingress_handler.go:120","msg":"Error retrieving TTL, defaulting.","commit":"7655d9c","error":"\"knativebrokerttl\" not found"}
{"level":"info","ts":"2019-12-03T21:04:42.123Z","logger":"broker_ingress","caller":"ingress/ingress_handler.go:120","msg":"Error retrieving TTL, defaulting.","commit":"7655d9c","error":"\"knativebrokerttl\" not found"}
{"level":"info","ts":"2019-12-03T21:04:42.123Z","logger":"broker_ingress","caller":"ingress/ingress_handler.go:120","msg":"Error retrieving TTL, defaulting.","commit":"7655d9c","error":"\"knativebrokerttl\" not found"}
{"level":"info","ts":"2019-12-03T21:04:42.123Z","logger":"broker_ingress","caller":"ingress/ingress_handler.go:120","msg":"Error retrieving TTL, defaulting.","commit":"7655d9c","error":"\"knativebrokerttl\" not found"}
{"level":"info","ts":"2019-12-03T21:04:42.124Z","logger":"broker_ingress","caller":"ingress/ingress_handler.go:120","msg":"Error retrieving TTL, defaulting.","commit":"7655d9c","error":"\"knativebrokerttl\" not found"}
{"level":"info","ts":"2019-12-03T21:04:42.124Z","logger":"broker_ingress","caller":"ingress/ingress_handler.go:120","msg":"Error retrieving TTL, defaulting.","commit":"7655d9c","error":"\"knativebrokerttl\" not found"}
{"level":"info","ts":"2019-12-03T21:04:42.124Z","logger":"broker_ingress","caller":"ingress/ingress_handler.go:120","msg":"Error retrieving TTL, defaulting.","commit":"7655d9c","error":"\"knativebrokerttl\" not found"}
{"level":"info","ts":"2019-12-03T21:04:42.124Z","logger":"broker_ingress","caller":"ingress/ingress_handler.go:120","msg":"Error retrieving TTL, defaulting.","commit":"7655d9c","error":"\"knativebrokerttl\" not found"}
{"level":"info","ts":"2019-12-03T21:04:42.124Z","logger":"broker_ingress","caller":"ingress/ingress_handler.go:120","msg":"Error retrieving TTL, defaulting.","commit":"7655d9c","error":"\"knativebrokerttl\" not found"}
{"level":"info","ts":"2019-12-03T21:04:42.157Z","logger":"broker_ingress","caller":"ingress/ingress_handler.go:120","msg":"Error retrieving TTL, defaulting.","commit":"7655d9c","error":"\"knativebrokerttl\" not found"}
{"level":"info","ts":"2019-12-03T21:04:42.157Z","logger":"broker_ingress","caller":"ingress/ingress_handler.go:120","msg":"Error retrieving TTL, defaulting.","commit":"7655d9c","error":"\"knativebrokerttl\" not found"}
{"level":"info","ts":"2019-12-03T21:04:42.161Z","logger":"broker_ingress","caller":"ingress/ingress_handler.go:120","msg":"Error retrieving TTL, defaulting.","commit":"7655d9c","error":"\"knativebrokerttl\" not found"}
{"level":"info","ts":"2019-12-03T21:04:42.162Z","logger":"broker_ingress","caller":"ingress/ingress_handler.go:120","msg":"Error retrieving TTL, defaulting.","commit":"7655d9c","error":"\"knativebrokerttl\" not found"}
{"level":"info","ts":"2019-12-03T21:04:42.162Z","logger":"broker_ingress","caller":"ingress/ingress_handler.go:120","msg":"Error retrieving TTL, defaulting.","commit":"7655d9c","error":"\"knativebrokerttl\" not found"}
{"level":"info","ts":"2019-12-03T21:04:42.162Z","logger":"broker_ingress","caller":"ingress/ingress_handler.go:120","msg":"Error retrieving TTL, defaulting.","commit":"7655d9c","error":"\"knativebrokerttl\" not found"}
{"level":"info","ts":"2019-12-03T21:04:42.162Z","logger":"broker_ingress","caller":"ingress/ingress_handler.go:120","msg":"Error retrieving TTL, defaulting.","commit":"7655d9c","error":"\"knativebrokerttl\" not found"}
{"level":"info","ts":"2019-12-03T21:04:42.162Z","logger":"broker_ingress","caller":"ingress/ingress_handler.go:120","msg":"Error retrieving TTL, defaulting.","commit":"7655d9c","error":"\"knativebrokerttl\" not found"}
{"level":"info","ts":"2019-12-03T21:04:42.162Z","logger":"broker_ingress","caller":"ingress/ingress_handler.go:120","msg":"Error retrieving TTL, defaulting.","commit":"7655d9c","error":"\"knativebrokerttl\" not found"}
{"level":"info","ts":"2019-12-03T21:04:42.163Z","logger":"broker_ingress","caller":"ingress/ingress_handler.go:120","msg":"Error retrieving TTL, defaulting.","commit":"7655d9c","error":"\"knativebrokerttl\" not found"}
{"level":"info","ts":"2019-12-03T21:04:42.163Z","logger":"broker_ingress","caller":"ingress/ingress_handler.go:120","msg":"Error retrieving TTL, defaulting.","commit":"7655d9c","error":"\"knativebrokerttl\" not found"}
{"level":"info","ts":"2019-12-03T21:04:42.163Z","logger":"broker_ingress","caller":"ingress/ingress_handler.go:120","msg":"Error retrieving TTL, defaulting.","commit":"7655d9c","error":"\"knativebrokerttl\" not found"}
{"level":"info","ts":"2019-12-03T21:04:42.163Z","logger":"broker_ingress","caller":"ingress/ingress_handler.go:120","msg":"Error retrieving TTL, defaulting.","commit":"7655d9c","error":"\"knativebrokerttl\" not found"}
{"level":"info","ts":"2019-12-03T21:04:42.163Z","logger":"broker_ingress","caller":"ingress/ingress_handler.go:120","msg":"Error retrieving TTL, defaulting.","commit":"7655d9c","error":"\"knativebrokerttl\" not found"}
{"level":"info","ts":"2019-12-03T21:04:42.171Z","logger":"broker_ingress","caller":"ingress/ingress_handler.go:120","msg":"Error retrieving TTL, defaulting.","commit":"7655d9c","error":"\"knativebrokerttl\" not found"}
{"level":"info","ts":"2019-12-03T21:04:42.171Z","logger":"broker_ingress","caller":"ingress/ingress_handler.go:120","msg":"Error retrieving TTL, defaulting.","commit":"7655d9c","error":"\"knativebrokerttl\" not found"}
{"level":"info","ts":"2019-12-03T21:04:42.171Z","logger":"broker_ingress","caller":"ingress/ingress_handler.go:120","msg":"Error retrieving TTL, defaulting.","commit":"7655d9c","error":"\"knativebrokerttl\" not found"}
{"level":"info","ts":"2019-12-03T21:04:42.171Z","logger":"broker_ingress","caller":"ingress/ingress_handler.go:120","msg":"Error retrieving TTL, defaulting.","commit":"7655d9c","error":"\"knativebrokerttl\" not found"}
{"level":"info","ts":"2019-12-03T21:04:42.172Z","logger":"broker_ingress","caller":"ingress/ingress_handler.go:120","msg":"Error retrieving TTL, defaulting.","commit":"7655d9c","error":"\"knativebrokerttl\" not found"}
{"level":"info","ts":"2019-12-03T21:04:42.172Z","logger":"broker_ingress","caller":"ingress/ingress_handler.go:120","msg":"Error retrieving TTL, defaulting.","commit":"7655d9c","error":"\"knativebrokerttl\" not found"}
{"level":"info","ts":"2019-12-03T21:04:42.172Z","logger":"broker_ingress","caller":"ingress/ingress_handler.go:120","msg":"Error retrieving TTL, defaulting.","commit":"7655d9c","error":"\"knativebrokerttl\" not found"}
{"level":"info","ts":"2019-12-03T21:04:42.172Z","logger":"broker_ingress","caller":"ingress/ingress_handler.go:120","msg":"Error retrieving TTL, defaulting.","commit":"7655d9c","error":"\"knativebrokerttl\" not found"}
{"level":"info","ts":"2019-12-03T21:04:42.173Z","logger":"broker_ingress","caller":"ingress/ingress_handler.go:120","msg":"Error retrieving TTL, defaulting.","commit":"7655d9c","error":"\"knativebrokerttl\" not found"}
{"level":"info","ts":"2019-12-03T21:04:42.173Z","logger":"broker_ingress","caller":"ingress/ingress_handler.go:120","msg":"Error retrieving TTL, defaulting.","commit":"7655d9c","error":"\"knativebrokerttl\" not found"}
{"level":"info","ts":"2019-12-03T21:04:42.173Z","logger":"broker_ingress","caller":"ingress/ingress_handler.go:120","msg":"Error retrieving TTL, defaulting.","commit":"7655d9c","error":"\"knativebrokerttl\" not found"}
{"level":"info","ts":"2019-12-03T21:04:42.173Z","logger":"broker_ingress","caller":"ingress/ingress_handler.go:120","msg":"Error retrieving TTL, defaulting.","commit":"7655d9c","error":"\"knativebrokerttl\" not found"}
{"level":"info","ts":"2019-12-03T21:04:42.174Z","logger":"broker_ingress","caller":"ingress/ingress_handler.go:120","msg":"Error retrieving TTL, defaulting.","commit":"7655d9c","error":"\"knativebrokerttl\" not found"}
{"level":"info","ts":"2019-12-03T21:04:42.174Z","logger":"broker_ingress","caller":"ingress/ingress_handler.go:120","msg":"Error retrieving TTL, defaulting.","commit":"7655d9c","error":"\"knativebrokerttl\" not found"}
{"level":"info","ts":"2019-12-03T21:04:42.174Z","logger":"broker_ingress","caller":"ingress/ingress_handler.go:120","msg":"Error retrieving TTL, defaulting.","commit":"7655d9c","error":"\"knativebrokerttl\" not found"}
{"level":"info","ts":"2019-12-03T21:04:42.174Z","logger":"broker_ingress","caller":"ingress/ingress_handler.go:120","msg":"Error retrieving TTL, defaulting.","commit":"7655d9c","error":"\"knativebrokerttl\" not found"}
{"level":"info","ts":"2019-12-03T21:04:42.175Z","logger":"broker_ingress","caller":"ingress/ingress_handler.go:120","msg":"Error retrieving TTL, defaulting.","commit":"7655d9c","error":"\"knativebrokerttl\" not found"}
{"level":"info","ts":"2019-12-03T21:04:42.175Z","logger":"broker_ingress","caller":"ingress/ingress_handler.go:120","msg":"Error retrieving TTL, defaulting.","commit":"7655d9c","error":"\"knativebrokerttl\" not found"}
{"level":"info","ts":"2019-12-03T21:04:42.175Z","logger":"broker_ingress","caller":"ingress/ingress_handler.go:120","msg":"Error retrieving TTL, defaulting.","commit":"7655d9c","error":"\"knativebrokerttl\" not found"}
{"level":"info","ts":"2019-12-03T21:04:42.175Z","logger":"broker_ingress","caller":"ingress/ingress_handler.go:120","msg":"Error retrieving TTL, defaulting.","commit":"7655d9c","error":"\"knativebrokerttl\" not found"}
{"level":"info","ts":"2019-12-03T21:04:42.175Z","logger":"broker_ingress","caller":"ingress/ingress_handler.go:120","msg":"Error retrieving TTL, defaulting.","commit":"7655d9c","error":"\"knativebrokerttl\" not found"}
{"level":"info","ts":"2019-12-03T21:04:42.175Z","logger":"broker_ingress","caller":"ingress/ingress_handler.go:120","msg":"Error retrieving TTL, defaulting.","commit":"7655d9c","error":"\"knativebrokerttl\" not found"}
{"level":"info","ts":"2019-12-03T21:04:42.176Z","logger":"broker_ingress","caller":"ingress/ingress_handler.go:120","msg":"Error retrieving TTL, defaulting.","commit":"7655d9c","error":"\"knativebrokerttl\" not found"}
{"level":"info","ts":"2019-12-03T21:04:42.176Z","logger":"broker_ingress","caller":"ingress/ingress_handler.go:120","msg":"Error retrieving TTL, defaulting.","commit":"7655d9c","error":"\"knativebrokerttl\" not found"}
{"level":"info","ts":"2019-12-03T21:04:42.176Z","logger":"broker_ingress","caller":"ingress/ingress_handler.go:120","msg":"Error retrieving TTL, defaulting.","commit":"7655d9c","error":"\"knativebrokerttl\" not found"}
{"level":"info","ts":"2019-12-03T21:04:42.176Z","logger":"broker_ingress","caller":"ingress/ingress_handler.go:120","msg":"Error retrieving TTL, defaulting.","commit":"7655d9c","error":"\"knativebrokerttl\" not found"}
{"level":"info","ts":"2019-12-03T21:04:42.177Z","logger":"broker_ingress","caller":"ingress/ingress_handler.go:120","msg":"Error retrieving TTL, defaulting.","commit":"7655d9c","error":"\"knativebrokerttl\" not found"}
{"level":"info","ts":"2019-12-03T21:04:42.177Z","logger":"broker_ingress","caller":"ingress/ingress_handler.go:120","msg":"Error retrieving TTL, defaulting.","commit":"7655d9c","error":"\"knativebrokerttl\" not found"}
{"level":"info","ts":"2019-12-03T21:04:42.177Z","logger":"broker_ingress","caller":"ingress/ingress_handler.go:120","msg":"Error retrieving TTL, defaulting.","commit":"7655d9c","error":"\"knativebrokerttl\" not found"}
{"level":"info","ts":"2019-12-03T21:04:42.177Z","logger":"broker_ingress","caller":"ingress/ingress_handler.go:120","msg":"Error retrieving TTL, defaulting.","commit":"7655d9c","error":"\"knativebrokerttl\" not found"}
{"level":"info","ts":"2019-12-03T21:04:42.177Z","logger":"broker_ingress","caller":"ingress/ingress_handler.go:120","msg":"Error retrieving TTL, defaulting.","commit":"7655d9c","error":"\"knativebrokerttl\" not found"}
{"level":"info","ts":"2019-12-03T21:04:42.177Z","logger":"broker_ingress","caller":"ingress/ingress_handler.go:120","msg":"Error retrieving TTL, defaulting.","commit":"7655d9c","error":"\"knativebrokerttl\" not found"}
{"level":"info","ts":"2019-12-03T21:04:42.177Z","logger":"broker_ingress","caller":"ingress/ingress_handler.go:120","msg":"Error retrieving TTL, defaulting.","commit":"7655d9c","error":"\"knativebrokerttl\" not found"}
{"level":"info","ts":"2019-12-03T21:04:42.177Z","logger":"broker_ingress","caller":"ingress/ingress_handler.go:120","msg":"Error retrieving TTL, defaulting.","commit":"7655d9c","error":"\"knativebrokerttl\" not found"}
{"level":"info","ts":"2019-12-03T21:04:42.177Z","logger":"broker_ingress","caller":"ingress/ingress_handler.go:120","msg":"Error retrieving TTL, defaulting.","commit":"7655d9c","error":"\"knativebrokerttl\" not found"}
{"level":"info","ts":"2019-12-03T21:04:42.178Z","logger":"broker_ingress","caller":"ingress/ingress_handler.go:120","msg":"Error retrieving TTL, defaulting.","commit":"7655d9c","error":"\"knativebrokerttl\" not found"}
{"level":"info","ts":"2019-12-03T21:04:42.178Z","logger":"broker_ingress","caller":"ingress/ingress_handler.go:120","msg":"Error retrieving TTL, defaulting.","commit":"7655d9c","error":"\"knativebrokerttl\" not found"}
{"level":"info","ts":"2019-12-03T21:04:42.178Z","logger":"broker_ingress","caller":"ingress/ingress_handler.go:120","msg":"Error retrieving TTL, defaulting.","commit":"7655d9c","error":"\"knativebrokerttl\" not found"}
{"level":"info","ts":"2019-12-03T21:04:42.178Z","logger":"broker_ingress","caller":"ingress/ingress_handler.go:120","msg":"Error retrieving TTL, defaulting.","commit":"7655d9c","error":"\"knativebrokerttl\" not found"}
{"level":"info","ts":"2019-12-03T21:04:42.178Z","logger":"broker_ingress","caller":"ingress/ingress_handler.go:120","msg":"Error retrieving TTL, defaulting.","commit":"7655d9c","error":"\"knativebrokerttl\" not found"}
{"level":"info","ts":"2019-12-03T21:04:42.178Z","logger":"broker_ingress","caller":"ingress/ingress_handler.go:120","msg":"Error retrieving TTL, defaulting.","commit":"7655d9c","error":"\"knativebrokerttl\" not found"}
{"level":"info","ts":"2019-12-03T21:04:42.178Z","logger":"broker_ingress","caller":"ingress/ingress_handler.go:120","msg":"Error retrieving TTL, defaulting.","commit":"7655d9c","error":"\"knativebrokerttl\" not found"}
{"level":"info","ts":"2019-12-03T21:04:42.178Z","logger":"broker_ingress","caller":"ingress/ingress_handler.go:120","msg":"Error retrieving TTL, defaulting.","commit":"7655d9c","error":"\"knativebrokerttl\" not found"}
{"level":"info","ts":"2019-12-03T21:04:42.178Z","logger":"broker_ingress","caller":"ingress/ingress_handler.go:120","msg":"Error retrieving TTL, defaulting.","commit":"7655d9c","error":"\"knativebrokerttl\" not found"}
{"level":"info","ts":"2019-12-03T21:04:42.179Z","logger":"broker_ingress","caller":"ingress/ingress_handler.go:120","msg":"Error retrieving TTL, defaulting.","commit":"7655d9c","error":"\"knativebrokerttl\" not found"}
{"level":"info","ts":"2019-12-03T21:04:42.179Z","logger":"broker_ingress","caller":"ingress/ingress_handler.go:120","msg":"Error retrieving TTL, defaulting.","commit":"7655d9c","error":"\"knativebrokerttl\" not found"}
{"level":"info","ts":"2019-12-03T21:04:42.179Z","logger":"broker_ingress","caller":"ingress/ingress_handler.go:120","msg":"Error retrieving TTL, defaulting.","commit":"7655d9c","error":"\"knativebrokerttl\" not found"}
{"level":"info","ts":"2019-12-03T21:04:42.180Z","logger":"broker_ingress","caller":"ingress/ingress_handler.go:120","msg":"Error retrieving TTL, defaulting.","commit":"7655d9c","error":"\"knativebrokerttl\" not found"}
{"level":"info","ts":"2019-12-03T21:04:42.180Z","logger":"broker_ingress","caller":"ingress/ingress_handler.go:120","msg":"Error retrieving TTL, defaulting.","commit":"7655d9c","error":"\"knativebrokerttl\" not found"}
{"level":"info","ts":"2019-12-03T21:04:42.181Z","logger":"broker_ingress","caller":"ingress/ingress_handler.go:120","msg":"Error retrieving TTL, defaulting.","commit":"7655d9c","error":"\"knativebrokerttl\" not found"}
{"level":"info","ts":"2019-12-03T21:04:42.185Z","logger":"broker_ingress","caller":"ingress/ingress_handler.go:120","msg":"Error retrieving TTL, defaulting.","commit":"7655d9c","error":"\"knativebrokerttl\" not found"}
{"level":"info","ts":"2019-12-03T21:04:42.185Z","logger":"broker_ingress","caller":"ingress/ingress_handler.go:120","msg":"Error retrieving TTL, defaulting.","commit":"7655d9c","error":"\"knativebrokerttl\" not found"}
{"level":"info","ts":"2019-12-03T21:04:42.185Z","logger":"broker_ingress","caller":"ingress/ingress_handler.go:120","msg":"Error retrieving TTL, defaulting.","commit":"7655d9c","error":"\"knativebrokerttl\" not found"}
{"level":"info","ts":"2019-12-03T21:04:42.185Z","logger":"broker_ingress","caller":"ingress/ingress_handler.go:120","msg":"Error retrieving TTL, defaulting.","commit":"7655d9c","error":"\"knativebrokerttl\" not found"}
{"level":"info","ts":"2019-12-03T21:04:42.185Z","logger":"broker_ingress","caller":"ingress/ingress_handler.go:120","msg":"Error retrieving TTL, defaulting.","commit":"7655d9c","error":"\"knativebrokerttl\" not found"}
{"level":"info","ts":"2019-12-03T21:04:42.187Z","logger":"broker_ingress","caller":"ingress/ingress_handler.go:120","msg":"Error retrieving TTL, defaulting.","commit":"7655d9c","error":"\"knativebrokerttl\" not found"}
{"level":"info","ts":"2019-12-03T21:04:42.187Z","logger":"broker_ingress","caller":"ingress/ingress_handler.go:120","msg":"Error retrieving TTL, defaulting.","commit":"7655d9c","error":"\"knativebrokerttl\" not found"}
{"level":"info","ts":"2019-12-03T21:04:42.188Z","logger":"broker_ingress","caller":"ingress/ingress_handler.go:120","msg":"Error retrieving TTL, defaulting.","commit":"7655d9c","error":"\"knativebrokerttl\" not found"}
{"level":"info","ts":"2019-12-03T21:04:42.198Z","logger":"broker_ingress","caller":"ingress/ingress_handler.go:120","msg":"Error retrieving TTL, defaulting.","commit":"7655d9c","error":"\"knativebrokerttl\" not found"}
{"level":"info","ts":"2019-12-03T21:04:42.198Z","logger":"broker_ingress","caller":"ingress/ingress_handler.go:120","msg":"Error retrieving TTL, defaulting.","commit":"7655d9c","error":"\"knativebrokerttl\" not found"}
{"level":"info","ts":"2019-12-03T21:04:42.198Z","logger":"broker_ingress","caller":"ingress/ingress_handler.go:120","msg":"Error retrieving TTL, defaulting.","commit":"7655d9c","error":"\"knativebrokerttl\" not found"}
{"level":"info","ts":"2019-12-03T21:04:42.198Z","logger":"broker_ingress","caller":"ingress/ingress_handler.go:120","msg":"Error retrieving TTL, defaulting.","commit":"7655d9c","error":"\"knativebrokerttl\" not found"}
{"level":"info","ts":"2019-12-03T21:04:42.198Z","logger":"broker_ingress","caller":"ingress/ingress_handler.go:120","msg":"Error retrieving TTL, defaulting.","commit":"7655d9c","error":"\"knativebrokerttl\" not found"}
{"level":"info","ts":"2019-12-03T21:04:42.199Z","logger":"broker_ingress","caller":"ingress/ingress_handler.go:120","msg":"Error retrieving TTL, defaulting.","commit":"7655d9c","error":"\"knativebrokerttl\" not found"}
{"level":"info","ts":"2019-12-03T21:04:42.199Z","logger":"broker_ingress","caller":"ingress/ingress_handler.go:120","msg":"Error retrieving TTL, defaulting.","commit":"7655d9c","error":"\"knativebrokerttl\" not found"}
{"level":"info","ts":"2019-12-03T21:04:42.199Z","logger":"broker_ingress","caller":"ingress/ingress_handler.go:120","msg":"Error retrieving TTL, defaulting.","commit":"7655d9c","error":"\"knativebrokerttl\" not found"}
{"level":"info","ts":"2019-12-03T21:04:42.200Z","logger":"broker_ingress","caller":"ingress/ingress_handler.go:120","msg":"Error retrieving TTL, defaulting.","commit":"7655d9c","error":"\"knativebrokerttl\" not found"}
{"level":"info","ts":"2019-12-03T21:04:42.200Z","logger":"broker_ingress","caller":"ingress/ingress_handler.go:120","msg":"Error retrieving TTL, defaulting.","commit":"7655d9c","error":"\"knativebrokerttl\" not found"}
{"level":"info","ts":"2019-12-03T21:04:42.200Z","logger":"broker_ingress","caller":"ingress/ingress_handler.go:120","msg":"Error retrieving TTL, defaulting.","commit":"7655d9c","error":"\"knativebrokerttl\" not found"}
{"level":"info","ts":"2019-12-03T21:04:42.202Z","logger":"broker_ingress","caller":"ingress/ingress_handler.go:120","msg":"Error retrieving TTL, defaulting.","commit":"7655d9c","error":"\"knativebrokerttl\" not found"}
{"level":"info","ts":"2019-12-03T21:04:42.202Z","logger":"broker_ingress","caller":"ingress/ingress_handler.go:120","msg":"Error retrieving TTL, defaulting.","commit":"7655d9c","error":"\"knativebrokerttl\" not found"}
{"level":"info","ts":"2019-12-03T21:04:42.202Z","logger":"broker_ingress","caller":"ingress/ingress_handler.go:120","msg":"Error retrieving TTL, defaulting.","commit":"7655d9c","error":"\"knativebrokerttl\" not found"}
{"level":"info","ts":"2019-12-03T21:04:42.203Z","logger":"broker_ingress","caller":"ingress/ingress_handler.go:120","msg":"Error retrieving TTL, defaulting.","commit":"7655d9c","error":"\"knativebrokerttl\" not found"}
{"level":"info","ts":"2019-12-03T21:04:42.203Z","logger":"broker_ingress","caller":"ingress/ingress_handler.go:120","msg":"Error retrieving TTL, defaulting.","commit":"7655d9c","error":"\"knativebrokerttl\" not found"}
{"level":"info","ts":"2019-12-03T21:04:42.203Z","logger":"broker_ingress","caller":"ingress/ingress_handler.go:120","msg":"Error retrieving TTL, defaulting.","commit":"7655d9c","error":"\"knativebrokerttl\" not found"}
{"level":"info","ts":"2019-12-03T21:04:42.205Z","logger":"broker_ingress","caller":"ingress/ingress_handler.go:120","msg":"Error retrieving TTL, defaulting.","commit":"7655d9c","error":"\"knativebrokerttl\" not found"}
{"level":"info","ts":"2019-12-03T21:04:42.206Z","logger":"broker_ingress","caller":"ingress/ingress_handler.go:120","msg":"Error retrieving TTL, defaulting.","commit":"7655d9c","error":"\"knativebrokerttl\" not found"}
{"level":"info","ts":"2019-12-03T21:04:42.206Z","logger":"broker_ingress","caller":"ingress/ingress_handler.go:120","msg":"Error retrieving TTL, defaulting.","commit":"7655d9c","error":"\"knativebrokerttl\" not found"}
{"level":"info","ts":"2019-12-03T21:04:42.215Z","logger":"broker_ingress","caller":"ingress/ingress_handler.go:120","msg":"Error retrieving TTL, defaulting.","commit":"7655d9c","error":"\"knativebrokerttl\" not found"}
{"level":"info","ts":"2019-12-03T21:04:42.215Z","logger":"broker_ingress","caller":"ingress/ingress_handler.go:120","msg":"Error retrieving TTL, defaulting.","commit":"7655d9c","error":"\"knativebrokerttl\" not found"}
{"level":"info","ts":"2019-12-03T21:04:42.215Z","logger":"broker_ingress","caller":"ingress/ingress_handler.go:120","msg":"Error retrieving TTL, defaulting.","commit":"7655d9c","error":"\"knativebrokerttl\" not found"}
{"level":"info","ts":"2019-12-03T21:04:42.215Z","logger":"broker_ingress","caller":"ingress/ingress_handler.go:120","msg":"Error retrieving TTL, defaulting.","commit":"7655d9c","error":"\"knativebrokerttl\" not found"}
{"level":"info","ts":"2019-12-03T21:04:42.216Z","logger":"broker_ingress","caller":"ingress/ingress_handler.go:120","msg":"Error retrieving TTL, defaulting.","commit":"7655d9c","error":"\"knativebrokerttl\" not found"}
{"level":"info","ts":"2019-12-03T21:04:42.216Z","logger":"broker_ingress","caller":"ingress/ingress_handler.go:120","msg":"Error retrieving TTL, defaulting.","commit":"7655d9c","error":"\"knativebrokerttl\" not found"}
{"level":"info","ts":"2019-12-03T21:04:42.216Z","logger":"broker_ingress","caller":"ingress/ingress_handler.go:120","msg":"Error retrieving TTL, defaulting.","commit":"7655d9c","error":"\"knativebrokerttl\" not found"}
{"level":"info","ts":"2019-12-03T21:04:42.217Z","logger":"broker_ingress","caller":"ingress/ingress_handler.go:120","msg":"Error retrieving TTL, defaulting.","commit":"7655d9c","error":"\"knativebrokerttl\" not found"}
{"level":"info","ts":"2019-12-03T21:04:42.217Z","logger":"broker_ingress","caller":"ingress/ingress_handler.go:120","msg":"Error retrieving TTL, defaulting.","commit":"7655d9c","error":"\"knativebrokerttl\" not found"}
{"level":"info","ts":"2019-12-03T21:04:42.217Z","logger":"broker_ingress","caller":"ingress/ingress_handler.go:120","msg":"Error retrieving TTL, defaulting.","commit":"7655d9c","error":"\"knativebrokerttl\" not found"}
{"level":"info","ts":"2019-12-03T21:04:42.217Z","logger":"broker_ingress","caller":"ingress/ingress_handler.go:120","msg":"Error retrieving TTL, defaulting.","commit":"7655d9c","error":"\"knativebrokerttl\" not found"}
{"level":"info","ts":"2019-12-03T21:04:42.218Z","logger":"broker_ingress","caller":"ingress/ingress_handler.go:120","msg":"Error retrieving TTL, defaulting.","commit":"7655d9c","error":"\"knativebrokerttl\" not found"}
{"level":"info","ts":"2019-12-03T21:04:42.219Z","logger":"broker_ingress","caller":"ingress/ingress_handler.go:120","msg":"Error retrieving TTL, defaulting.","commit":"7655d9c","error":"\"knativebrokerttl\" not found"}
{"level":"info","ts":"2019-12-03T21:04:42.220Z","logger":"broker_ingress","caller":"ingress/ingress_handler.go:120","msg":"Error retrieving TTL, defaulting.","commit":"7655d9c","error":"\"knativebrokerttl\" not found"}
{"level":"info","ts":"2019-12-03T21:04:42.220Z","logger":"broker_ingress","caller":"ingress/ingress_handler.go:120","msg":"Error retrieving TTL, defaulting.","commit":"7655d9c","error":"\"knativebrokerttl\" not found"}
{"level":"info","ts":"2019-12-03T21:04:42.222Z","logger":"broker_ingress","caller":"ingress/ingress_handler.go:120","msg":"Error retrieving TTL, defaulting.","commit":"7655d9c","error":"\"knativebrokerttl\" not found"}
{"level":"info","ts":"2019-12-03T21:04:42.223Z","logger":"broker_ingress","caller":"ingress/ingress_handler.go:120","msg":"Error retrieving TTL, defaulting.","commit":"7655d9c","error":"\"knativebrokerttl\" not found"}
{"level":"info","ts":"2019-12-03T21:04:42.223Z","logger":"broker_ingress","caller":"ingress/ingress_handler.go:120","msg":"Error retrieving TTL, defaulting.","commit":"7655d9c","error":"\"knativebrokerttl\" not found"}
{"level":"info","ts":"2019-12-03T21:04:42.223Z","logger":"broker_ingress","caller":"ingress/ingress_handler.go:120","msg":"Error retrieving TTL, defaulting.","commit":"7655d9c","error":"\"knativebrokerttl\" not found"}
{"level":"info","ts":"2019-12-03T21:04:42.226Z","logger":"broker_ingress","caller":"ingress/ingress_handler.go:120","msg":"Error retrieving TTL, defaulting.","commit":"7655d9c","error":"\"knativebrokerttl\" not found"}
{"level":"info","ts":"2019-12-03T21:04:42.228Z","logger":"broker_ingress","caller":"ingress/ingress_handler.go:120","msg":"Error retrieving TTL, defaulting.","commit":"7655d9c","error":"\"knativebrokerttl\" not found"}
{"level":"info","ts":"2019-12-03T21:04:42.228Z","logger":"broker_ingress","caller":"ingress/ingress_handler.go:120","msg":"Error retrieving TTL, defaulting.","commit":"7655d9c","error":"\"knativebrokerttl\" not found"}
{"level":"info","ts":"2019-12-03T21:04:42.229Z","logger":"broker_ingress","caller":"ingress/ingress_handler.go:120","msg":"Error retrieving TTL, defaulting.","commit":"7655d9c","error":"\"knativebrokerttl\" not found"}
{"level":"info","ts":"2019-12-03T21:04:42.228Z","logger":"broker_ingress","caller":"ingress/ingress_handler.go:120","msg":"Error retrieving TTL, defaulting.","commit":"7655d9c","error":"\"knativebrokerttl\" not found"}
{"level":"info","ts":"2019-12-03T21:04:42.230Z","logger":"broker_ingress","caller":"ingress/ingress_handler.go:120","msg":"Error retrieving TTL, defaulting.","commit":"7655d9c","error":"\"knativebrokerttl\" not found"}
{"level":"info","ts":"2019-12-03T21:04:42.230Z","logger":"broker_ingress","caller":"ingress/ingress_handler.go:120","msg":"Error retrieving TTL, defaulting.","commit":"7655d9c","error":"\"knativebrokerttl\" not found"}
{"level":"info","ts":"2019-12-03T21:04:42.230Z","logger":"broker_ingress","caller":"ingress/ingress_handler.go:120","msg":"Error retrieving TTL, defaulting.","commit":"7655d9c","error":"\"knativebrokerttl\" not found"}
{"level":"info","ts":"2019-12-03T21:04:42.231Z","logger":"broker_ingress","caller":"ingress/ingress_handler.go:120","msg":"Error retrieving TTL, defaulting.","commit":"7655d9c","error":"\"knativebrokerttl\" not found"}
{"level":"info","ts":"2019-12-03T21:04:42.234Z","logger":"broker_ingress","caller":"ingress/ingress_handler.go:120","msg":"Error retrieving TTL, defaulting.","commit":"7655d9c","error":"\"knativebrokerttl\" not found"}
{"level":"info","ts":"2019-12-03T21:04:42.235Z","logger":"broker_ingress","caller":"ingress/ingress_handler.go:120","msg":"Error retrieving TTL, defaulting.","commit":"7655d9c","error":"\"knativebrokerttl\" not found"}
{"level":"info","ts":"2019-12-03T21:04:42.236Z","logger":"broker_ingress","caller":"ingress/ingress_handler.go:120","msg":"Error retrieving TTL, defaulting.","commit":"7655d9c","error":"\"knativebrokerttl\" not found"}
{"level":"info","ts":"2019-12-03T21:04:42.237Z","logger":"broker_ingress","caller":"ingress/ingress_handler.go:120","msg":"Error retrieving TTL, defaulting.","commit":"7655d9c","error":"\"knativebrokerttl\" not found"}
{"level":"info","ts":"2019-12-03T21:04:42.237Z","logger":"broker_ingress","caller":"ingress/ingress_handler.go:120","msg":"Error retrieving TTL, defaulting.","commit":"7655d9c","error":"\"knativebrokerttl\" not found"}
{"level":"info","ts":"2019-12-03T21:04:42.238Z","logger":"broker_ingress","caller":"ingress/ingress_handler.go:120","msg":"Error retrieving TTL, defaulting.","commit":"7655d9c","error":"\"knativebrokerttl\" not found"}
{"level":"info","ts":"2019-12-03T21:04:42.239Z","logger":"broker_ingress","caller":"ingress/ingress_handler.go:120","msg":"Error retrieving TTL, defaulting.","commit":"7655d9c","error":"\"knativebrokerttl\" not found"}
{"level":"info","ts":"2019-12-03T21:04:42.239Z","logger":"broker_ingress","caller":"ingress/ingress_handler.go:120","msg":"Error retrieving TTL, defaulting.","commit":"7655d9c","error":"\"knativebrokerttl\" not found"}
{"level":"info","ts":"2019-12-03T21:04:42.239Z","logger":"broker_ingress","caller":"ingress/ingress_handler.go:120","msg":"Error retrieving TTL, defaulting.","commit":"7655d9c","error":"\"knativebrokerttl\" not found"}
{"level":"info","ts":"2019-12-03T21:04:42.256Z","logger":"broker_ingress","caller":"ingress/ingress_handler.go:120","msg":"Error retrieving TTL, defaulting.","commit":"7655d9c","error":"\"knativebrokerttl\" not found"}
{"level":"info","ts":"2019-12-03T21:04:42.256Z","logger":"broker_ingress","caller":"ingress/ingress_handler.go:120","msg":"Error retrieving TTL, defaulting.","commit":"7655d9c","error":"\"knativebrokerttl\" not found"}
{"level":"info","ts":"2019-12-03T21:04:42.257Z","logger":"broker_ingress","caller":"ingress/ingress_handler.go:120","msg":"Error retrieving TTL, defaulting.","commit":"7655d9c","error":"\"knativebrokerttl\" not found"}
{"level":"info","ts":"2019-12-03T21:04:42.257Z","logger":"broker_ingress","caller":"ingress/ingress_handler.go:120","msg":"Error retrieving TTL, defaulting.","commit":"7655d9c","error":"\"knativebrokerttl\" not found"}
{"level":"info","ts":"2019-12-03T21:04:42.257Z","logger":"broker_ingress","caller":"ingress/ingress_handler.go:120","msg":"Error retrieving TTL, defaulting.","commit":"7655d9c","error":"\"knativebrokerttl\" not found"}
{"level":"info","ts":"2019-12-03T21:04:42.257Z","logger":"broker_ingress","caller":"ingress/ingress_handler.go:120","msg":"Error retrieving TTL, defaulting.","commit":"7655d9c","error":"\"knativebrokerttl\" not found"}
{"level":"info","ts":"2019-12-03T21:04:42.258Z","logger":"broker_ingress","caller":"ingress/ingress_handler.go:120","msg":"Error retrieving TTL, defaulting.","commit":"7655d9c","error":"\"knativebrokerttl\" not found"}
{"level":"info","ts":"2019-12-03T21:04:42.258Z","logger":"broker_ingress","caller":"ingress/ingress_handler.go:120","msg":"Error retrieving TTL, defaulting.","commit":"7655d9c","error":"\"knativebrokerttl\" not found"}
{"level":"info","ts":"2019-12-03T21:04:42.258Z","logger":"broker_ingress","caller":"ingress/ingress_handler.go:120","msg":"Error retrieving TTL, defaulting.","commit":"7655d9c","error":"\"knativebrokerttl\" not found"}
{"level":"info","ts":"2019-12-03T21:04:42.259Z","logger":"broker_ingress","caller":"ingress/ingress_handler.go:120","msg":"Error retrieving TTL, defaulting.","commit":"7655d9c","error":"\"knativebrokerttl\" not found"}
{"level":"info","ts":"2019-12-03T21:04:42.258Z","logger":"broker_ingress","caller":"ingress/ingress_handler.go:120","msg":"Error retrieving TTL, defaulting.","commit":"7655d9c","error":"\"knativebrokerttl\" not found"}
{"level":"info","ts":"2019-12-03T21:04:42.259Z","logger":"broker_ingress","caller":"ingress/ingress_handler.go:120","msg":"Error retrieving TTL, defaulting.","commit":"7655d9c","error":"\"knativebrokerttl\" not found"}
{"level":"info","ts":"2019-12-03T21:04:42.260Z","logger":"broker_ingress","caller":"ingress/ingress_handler.go:120","msg":"Error retrieving TTL, defaulting.","commit":"7655d9c","error":"\"knativebrokerttl\" not found"}
{"level":"info","ts":"2019-12-03T21:04:42.260Z","logger":"broker_ingress","caller":"ingress/ingress_handler.go:120","msg":"Error retrieving TTL, defaulting.","commit":"7655d9c","error":"\"knativebrokerttl\" not found"}
{"level":"info","ts":"2019-12-03T21:04:42.260Z","logger":"broker_ingress","caller":"ingress/ingress_handler.go:120","msg":"Error retrieving TTL, defaulting.","commit":"7655d9c","error":"\"knativebrokerttl\" not found"}
{"level":"info","ts":"2019-12-03T21:04:42.259Z","logger":"broker_ingress","caller":"ingress/ingress_handler.go:120","msg":"Error retrieving TTL, defaulting.","commit":"7655d9c","error":"\"knativebrokerttl\" not found"}
{"level":"info","ts":"2019-12-03T21:04:42.261Z","logger":"broker_ingress","caller":"ingress/ingress_handler.go:120","msg":"Error retrieving TTL, defaulting.","commit":"7655d9c","error":"\"knativebrokerttl\" not found"}
{"level":"info","ts":"2019-12-03T21:04:42.261Z","logger":"broker_ingress","caller":"ingress/ingress_handler.go:120","msg":"Error retrieving TTL, defaulting.","commit":"7655d9c","error":"\"knativebrokerttl\" not found"}
{"level":"info","ts":"2019-12-03T21:04:42.261Z","logger":"broker_ingress","caller":"ingress/ingress_handler.go:120","msg":"Error retrieving TTL, defaulting.","commit":"7655d9c","error":"\"knativebrokerttl\" not found"}
{"level":"info","ts":"2019-12-03T21:04:42.262Z","logger":"broker_ingress","caller":"ingress/ingress_handler.go:120","msg":"Error retrieving TTL, defaulting.","commit":"7655d9c","error":"\"knativebrokerttl\" not found"}
{"level":"info","ts":"2019-12-03T21:04:42.262Z","logger":"broker_ingress","caller":"ingress/ingress_handler.go:120","msg":"Error retrieving TTL, defaulting.","commit":"7655d9c","error":"\"knativebrokerttl\" not found"}
{"level":"info","ts":"2019-12-03T21:04:42.263Z","logger":"broker_ingress","caller":"ingress/ingress_handler.go:120","msg":"Error retrieving TTL, defaulting.","commit":"7655d9c","error":"\"knativebrokerttl\" not found"}
{"level":"info","ts":"2019-12-03T21:04:42.262Z","logger":"broker_ingress","caller":"ingress/ingress_handler.go:120","msg":"Error retrieving TTL, defaulting.","commit":"7655d9c","error":"\"knativebrokerttl\" not found"}
{"level":"info","ts":"2019-12-03T21:04:42.263Z","logger":"broker_ingress","caller":"ingress/ingress_handler.go:120","msg":"Error retrieving TTL, defaulting.","commit":"7655d9c","error":"\"knativebrokerttl\" not found"}
{"level":"info","ts":"2019-12-03T21:04:42.263Z","logger":"broker_ingress","caller":"ingress/ingress_handler.go:120","msg":"Error retrieving TTL, defaulting.","commit":"7655d9c","error":"\"knativebrokerttl\" not found"}
{"level":"info","ts":"2019-12-03T21:04:42.264Z","logger":"broker_ingress","caller":"ingress/ingress_handler.go:120","msg":"Error retrieving TTL, defaulting.","commit":"7655d9c","error":"\"knativebrokerttl\" not found"}
{"level":"info","ts":"2019-12-03T21:04:42.264Z","logger":"broker_ingress","caller":"ingress/ingress_handler.go:120","msg":"Error retrieving TTL, defaulting.","commit":"7655d9c","error":"\"knativebrokerttl\" not found"}
{"level":"info","ts":"2019-12-03T21:04:42.266Z","logger":"broker_ingress","caller":"ingress/ingress_handler.go:120","msg":"Error retrieving TTL, defaulting.","commit":"7655d9c","error":"\"knativebrokerttl\" not found"}
{"level":"info","ts":"2019-12-03T21:04:42.266Z","logger":"broker_ingress","caller":"ingress/ingress_handler.go:120","msg":"Error retrieving TTL, defaulting.","commit":"7655d9c","error":"\"knativebrokerttl\" not found"}
{"level":"info","ts":"2019-12-03T21:04:42.267Z","logger":"broker_ingress","caller":"ingress/ingress_handler.go:120","msg":"Error retrieving TTL, defaulting.","commit":"7655d9c","error":"\"knativebrokerttl\" not found"}
{"level":"info","ts":"2019-12-03T21:04:42.268Z","logger":"broker_ingress","caller":"ingress/ingress_handler.go:120","msg":"Error retrieving TTL, defaulting.","commit":"7655d9c","error":"\"knativebrokerttl\" not found"}
{"level":"info","ts":"2019-12-03T21:04:42.269Z","logger":"broker_ingress","caller":"ingress/ingress_handler.go:120","msg":"Error retrieving TTL, defaulting.","commit":"7655d9c","error":"\"knativebrokerttl\" not found"}
{"level":"info","ts":"2019-12-03T21:04:42.271Z","logger":"broker_ingress","caller":"ingress/ingress_handler.go:120","msg":"Error retrieving TTL, defaulting.","commit":"7655d9c","error":"\"knativebrokerttl\" not found"}
{"level":"info","ts":"2019-12-03T21:04:42.272Z","logger":"broker_ingress","caller":"ingress/ingress_handler.go:120","msg":"Error retrieving TTL, defaulting.","commit":"7655d9c","error":"\"knativebrokerttl\" not found"}
{"level":"info","ts":"2019-12-03T21:04:42.274Z","logger":"broker_ingress","caller":"ingress/ingress_handler.go:120","msg":"Error retrieving TTL, defaulting.","commit":"7655d9c","error":"\"knativebrokerttl\" not found"}
{"level":"info","ts":"2019-12-03T21:04:42.274Z","logger":"broker_ingress","caller":"ingress/ingress_handler.go:120","msg":"Error retrieving TTL, defaulting.","commit":"7655d9c","error":"\"knativebrokerttl\" not found"}
{"level":"info","ts":"2019-12-03T21:04:42.274Z","logger":"broker_ingress","caller":"ingress/ingress_handler.go:120","msg":"Error retrieving TTL, defaulting.","commit":"7655d9c","error":"\"knativebrokerttl\" not found"}
{"level":"info","ts":"2019-12-03T21:04:42.274Z","logger":"broker_ingress","caller":"ingress/ingress_handler.go:120","msg":"Error retrieving TTL, defaulting.","commit":"7655d9c","error":"\"knativebrokerttl\" not found"}
{"level":"info","ts":"2019-12-03T21:04:42.276Z","logger":"broker_ingress","caller":"ingress/ingress_handler.go:120","msg":"Error retrieving TTL, defaulting.","commit":"7655d9c","error":"\"knativebrokerttl\" not found"}
{"level":"info","ts":"2019-12-03T21:04:42.276Z","logger":"broker_ingress","caller":"ingress/ingress_handler.go:120","msg":"Error retrieving TTL, defaulting.","commit":"7655d9c","error":"\"knativebrokerttl\" not found"}
{"level":"info","ts":"2019-12-03T21:04:42.277Z","logger":"broker_ingress","caller":"ingress/ingress_handler.go:120","msg":"Error retrieving TTL, defaulting.","commit":"7655d9c","error":"\"knativebrokerttl\" not found"}
{"level":"info","ts":"2019-12-03T21:04:42.290Z","logger":"broker_ingress","caller":"ingress/ingress_handler.go:120","msg":"Error retrieving TTL, defaulting.","commit":"7655d9c","error":"\"knativebrokerttl\" not found"}
{"level":"info","ts":"2019-12-03T21:04:42.290Z","logger":"broker_ingress","caller":"ingress/ingress_handler.go:120","msg":"Error retrieving TTL, defaulting.","commit":"7655d9c","error":"\"knativebrokerttl\" not found"}
{"level":"info","ts":"2019-12-03T21:04:42.290Z","logger":"broker_ingress","caller":"ingress/ingress_handler.go:120","msg":"Error retrieving TTL, defaulting.","commit":"7655d9c","error":"\"knativebrokerttl\" not found"}
{"level":"info","ts":"2019-12-03T21:04:42.291Z","logger":"broker_ingress","caller":"ingress/ingress_handler.go:120","msg":"Error retrieving TTL, defaulting.","commit":"7655d9c","error":"\"knativebrokerttl\" not found"}
{"level":"info","ts":"2019-12-03T21:04:42.291Z","logger":"broker_ingress","caller":"ingress/ingress_handler.go:120","msg":"Error retrieving TTL, defaulting.","commit":"7655d9c","error":"\"knativebrokerttl\" not found"}
{"level":"info","ts":"2019-12-03T21:04:42.291Z","logger":"broker_ingress","caller":"ingress/ingress_handler.go:120","msg":"Error retrieving TTL, defaulting.","commit":"7655d9c","error":"\"knativebrokerttl\" not found"}
{"level":"info","ts":"2019-12-03T21:04:42.298Z","logger":"broker_ingress","caller":"ingress/ingress_handler.go:120","msg":"Error retrieving TTL, defaulting.","commit":"7655d9c","error":"\"knativebrokerttl\" not found"}
{"level":"info","ts":"2019-12-03T21:04:42.298Z","logger":"broker_ingress","caller":"ingress/ingress_handler.go:120","msg":"Error retrieving TTL, defaulting.","commit":"7655d9c","error":"\"knativebrokerttl\" not found"}
{"level":"info","ts":"2019-12-03T21:04:42.299Z","logger":"broker_ingress","caller":"ingress/ingress_handler.go:120","msg":"Error retrieving TTL, defaulting.","commit":"7655d9c","error":"\"knativebrokerttl\" not found"}
{"level":"info","ts":"2019-12-03T21:04:42.312Z","logger":"broker_ingress","caller":"ingress/ingress_handler.go:120","msg":"Error retrieving TTL, defaulting.","commit":"7655d9c","error":"\"knativebrokerttl\" not found"}
{"level":"info","ts":"2019-12-03T21:04:42.312Z","logger":"broker_ingress","caller":"ingress/ingress_handler.go:120","msg":"Error retrieving TTL, defaulting.","commit":"7655d9c","error":"\"knativebrokerttl\" not found"}
{"level":"info","ts":"2019-12-03T21:04:42.312Z","logger":"broker_ingress","caller":"ingress/ingress_handler.go:120","msg":"Error retrieving TTL, defaulting.","commit":"7655d9c","error":"\"knativebrokerttl\" not found"}
{"level":"info","ts":"2019-12-03T21:04:42.312Z","logger":"broker_ingress","caller":"ingress/ingress_handler.go:120","msg":"Error retrieving TTL, defaulting.","commit":"7655d9c","error":"\"knativebrokerttl\" not found"}
{"level":"info","ts":"2019-12-03T21:04:42.313Z","logger":"broker_ingress","caller":"ingress/ingress_handler.go:120","msg":"Error retrieving TTL, defaulting.","commit":"7655d9c","error":"\"knativebrokerttl\" not found"}
{"level":"info","ts":"2019-12-03T21:04:42.313Z","logger":"broker_ingress","caller":"ingress/ingress_handler.go:120","msg":"Error retrieving TTL, defaulting.","commit":"7655d9c","error":"\"knativebrokerttl\" not found"}
{"level":"info","ts":"2019-12-03T21:04:42.313Z","logger":"broker_ingress","caller":"ingress/ingress_handler.go:120","msg":"Error retrieving TTL, defaulting.","commit":"7655d9c","error":"\"knativebrokerttl\" not found"}
{"level":"info","ts":"2019-12-03T21:04:42.313Z","logger":"broker_ingress","caller":"ingress/ingress_handler.go:120","msg":"Error retrieving TTL, defaulting.","commit":"7655d9c","error":"\"knativebrokerttl\" not found"}
{"level":"info","ts":"2019-12-03T21:04:42.299Z","logger":"broker_ingress","caller":"ingress/ingress_handler.go:120","msg":"Error retrieving TTL, defaulting.","commit":"7655d9c","error":"\"knativebrokerttl\" not found"}
{"level":"info","ts":"2019-12-03T21:04:42.313Z","logger":"broker_ingress","caller":"ingress/ingress_handler.go:120","msg":"Error retrieving TTL, defaulting.","commit":"7655d9c","error":"\"knativebrokerttl\" not found"}
{"level":"info","ts":"2019-12-03T21:04:42.313Z","logger":"broker_ingress","caller":"ingress/ingress_handler.go:120","msg":"Error retrieving TTL, defaulting.","commit":"7655d9c","error":"\"knativebrokerttl\" not found"}
{"level":"info","ts":"2019-12-03T21:04:42.314Z","logger":"broker_ingress","caller":"ingress/ingress_handler.go:120","msg":"Error retrieving TTL, defaulting.","commit":"7655d9c","error":"\"knativebrokerttl\" not found"}
{"level":"info","ts":"2019-12-03T21:04:42.314Z","logger":"broker_ingress","caller":"ingress/ingress_handler.go:120","msg":"Error retrieving TTL, defaulting.","commit":"7655d9c","error":"\"knativebrokerttl\" not found"}
{"level":"info","ts":"2019-12-03T21:04:42.314Z","logger":"broker_ingress","caller":"ingress/ingress_handler.go:120","msg":"Error retrieving TTL, defaulting.","commit":"7655d9c","error":"\"knativebrokerttl\" not found"}
{"level":"info","ts":"2019-12-03T21:04:42.314Z","logger":"broker_ingress","caller":"ingress/ingress_handler.go:120","msg":"Error retrieving TTL, defaulting.","commit":"7655d9c","error":"\"knativebrokerttl\" not found"}
{"level":"info","ts":"2019-12-03T21:04:42.314Z","logger":"broker_ingress","caller":"ingress/ingress_handler.go:120","msg":"Error retrieving TTL, defaulting.","commit":"7655d9c","error":"\"knativebrokerttl\" not found"}
{"level":"info","ts":"2019-12-03T21:04:42.314Z","logger":"broker_ingress","caller":"ingress/ingress_handler.go:120","msg":"Error retrieving TTL, defaulting.","commit":"7655d9c","error":"\"knativebrokerttl\" not found"}
{"level":"info","ts":"2019-12-03T21:04:42.315Z","logger":"broker_ingress","caller":"ingress/ingress_handler.go:120","msg":"Error retrieving TTL, defaulting.","commit":"7655d9c","error":"\"knativebrokerttl\" not found"}
{"level":"info","ts":"2019-12-03T21:04:42.315Z","logger":"broker_ingress","caller":"ingress/ingress_handler.go:120","msg":"Error retrieving TTL, defaulting.","commit":"7655d9c","error":"\"knativebrokerttl\" not found"}
{"level":"info","ts":"2019-12-03T21:04:42.314Z","logger":"broker_ingress","caller":"ingress/ingress_handler.go:120","msg":"Error retrieving TTL, defaulting.","commit":"7655d9c","error":"\"knativebrokerttl\" not found"}
{"level":"info","ts":"2019-12-03T21:04:42.315Z","logger":"broker_ingress","caller":"ingress/ingress_handler.go:120","msg":"Error retrieving TTL, defaulting.","commit":"7655d9c","error":"\"knativebrokerttl\" not found"}
{"level":"info","ts":"2019-12-03T21:04:42.315Z","logger":"broker_ingress","caller":"ingress/ingress_handler.go:120","msg":"Error retrieving TTL, defaulting.","commit":"7655d9c","error":"\"knativebrokerttl\" not found"}
{"level":"info","ts":"2019-12-03T21:04:42.316Z","logger":"broker_ingress","caller":"ingress/ingress_handler.go:120","msg":"Error retrieving TTL, defaulting.","commit":"7655d9c","error":"\"knativebrokerttl\" not found"}
{"level":"info","ts":"2019-12-03T21:04:42.316Z","logger":"broker_ingress","caller":"ingress/ingress_handler.go:120","msg":"Error retrieving TTL, defaulting.","commit":"7655d9c","error":"\"knativebrokerttl\" not found"}
{"level":"info","ts":"2019-12-03T21:04:42.316Z","logger":"broker_ingress","caller":"ingress/ingress_handler.go:120","msg":"Error retrieving TTL, defaulting.","commit":"7655d9c","error":"\"knativebrokerttl\" not found"}
{"level":"info","ts":"2019-12-03T21:04:42.316Z","logger":"broker_ingress","caller":"ingress/ingress_handler.go:120","msg":"Error retrieving TTL, defaulting.","commit":"7655d9c","error":"\"knativebrokerttl\" not found"}
{"level":"info","ts":"2019-12-03T21:04:42.316Z","logger":"broker_ingress","caller":"ingress/ingress_handler.go:120","msg":"Error retrieving TTL, defaulting.","commit":"7655d9c","error":"\"knativebrokerttl\" not found"}
{"level":"info","ts":"2019-12-03T21:04:42.316Z","logger":"broker_ingress","caller":"ingress/ingress_handler.go:120","msg":"Error retrieving TTL, defaulting.","commit":"7655d9c","error":"\"knativebrokerttl\" not found"}
{"level":"info","ts":"2019-12-03T21:04:42.317Z","logger":"broker_ingress","caller":"ingress/ingress_handler.go:120","msg":"Error retrieving TTL, defaulting.","commit":"7655d9c","error":"\"knativebrokerttl\" not found"}
{"level":"info","ts":"2019-12-03T21:04:42.317Z","logger":"broker_ingress","caller":"ingress/ingress_handler.go:120","msg":"Error retrieving TTL, defaulting.","commit":"7655d9c","error":"\"knativebrokerttl\" not found"}
{"level":"info","ts":"2019-12-03T21:04:42.317Z","logger":"broker_ingress","caller":"ingress/ingress_handler.go:120","msg":"Error retrieving TTL, defaulting.","commit":"7655d9c","error":"\"knativebrokerttl\" not found"}
{"level":"info","ts":"2019-12-03T21:04:42.317Z","logger":"broker_ingress","caller":"ingress/ingress_handler.go:120","msg":"Error retrieving TTL, defaulting.","commit":"7655d9c","error":"\"knativebrokerttl\" not found"}
{"level":"info","ts":"2019-12-03T21:04:42.318Z","logger":"broker_ingress","caller":"ingress/ingress_handler.go:120","msg":"Error retrieving TTL, defaulting.","commit":"7655d9c","error":"\"knativebrokerttl\" not found"}
{"level":"info","ts":"2019-12-03T21:04:42.319Z","logger":"broker_ingress","caller":"ingress/ingress_handler.go:120","msg":"Error retrieving TTL, defaulting.","commit":"7655d9c","error":"\"knativebrokerttl\" not found"}
{"level":"info","ts":"2019-12-03T21:04:42.319Z","logger":"broker_ingress","caller":"ingress/ingress_handler.go:120","msg":"Error retrieving TTL, defaulting.","commit":"7655d9c","error":"\"knativebrokerttl\" not found"}
{"level":"info","ts":"2019-12-03T21:04:42.319Z","logger":"broker_ingress","caller":"ingress/ingress_handler.go:120","msg":"Error retrieving TTL, defaulting.","commit":"7655d9c","error":"\"knativebrokerttl\" not found"}
{"level":"info","ts":"2019-12-03T21:04:42.320Z","logger":"broker_ingress","caller":"ingress/ingress_handler.go:120","msg":"Error retrieving TTL, defaulting.","commit":"7655d9c","error":"\"knativebrokerttl\" not found"}
{"level":"info","ts":"2019-12-03T21:04:42.302Z","logger":"broker_ingress","caller":"ingress/ingress_handler.go:120","msg":"Error retrieving TTL, defaulting.","commit":"7655d9c","error":"\"knativebrokerttl\" not found"}
{"level":"info","ts":"2019-12-03T21:04:42.320Z","logger":"broker_ingress","caller":"ingress/ingress_handler.go:120","msg":"Error retrieving TTL, defaulting.","commit":"7655d9c","error":"\"knativebrokerttl\" not found"}
{"level":"info","ts":"2019-12-03T21:04:42.321Z","logger":"broker_ingress","caller":"ingress/ingress_handler.go:120","msg":"Error retrieving TTL, defaulting.","commit":"7655d9c","error":"\"knativebrokerttl\" not found"}
{"level":"info","ts":"2019-12-03T21:04:42.326Z","logger":"broker_ingress","caller":"ingress/ingress_handler.go:120","msg":"Error retrieving TTL, defaulting.","commit":"7655d9c","error":"\"knativebrokerttl\" not found"}
{"level":"info","ts":"2019-12-03T21:04:42.327Z","logger":"broker_ingress","caller":"ingress/ingress_handler.go:120","msg":"Error retrieving TTL, defaulting.","commit":"7655d9c","error":"\"knativebrokerttl\" not found"}
{"level":"info","ts":"2019-12-03T21:04:42.327Z","logger":"broker_ingress","caller":"ingress/ingress_handler.go:120","msg":"Error retrieving TTL, defaulting.","commit":"7655d9c","error":"\"knativebrokerttl\" not found"}
{"level":"info","ts":"2019-12-03T21:04:42.327Z","logger":"broker_ingress","caller":"ingress/ingress_handler.go:120","msg":"Error retrieving TTL, defaulting.","commit":"7655d9c","error":"\"knativebrokerttl\" not found"}
{"level":"info","ts":"2019-12-03T21:04:42.327Z","logger":"broker_ingress","caller":"ingress/ingress_handler.go:120","msg":"Error retrieving TTL, defaulting.","commit":"7655d9c","error":"\"knativebrokerttl\" not found"}
{"level":"info","ts":"2019-12-03T21:04:42.327Z","logger":"broker_ingress","caller":"ingress/ingress_handler.go:120","msg":"Error retrieving TTL, defaulting.","commit":"7655d9c","error":"\"knativebrokerttl\" not found"}
{"level":"info","ts":"2019-12-03T21:04:42.330Z","logger":"broker_ingress","caller":"ingress/ingress_handler.go:120","msg":"Error retrieving TTL, defaulting.","commit":"7655d9c","error":"\"knativebrokerttl\" not found"}
{"level":"info","ts":"2019-12-03T21:04:42.331Z","logger":"broker_ingress","caller":"ingress/ingress_handler.go:120","msg":"Error retrieving TTL, defaulting.","commit":"7655d9c","error":"\"knativebrokerttl\" not found"}
{"level":"info","ts":"2019-12-03T21:04:42.332Z","logger":"broker_ingress","caller":"ingress/ingress_handler.go:120","msg":"Error retrieving TTL, defaulting.","commit":"7655d9c","error":"\"knativebrokerttl\" not found"}
{"level":"info","ts":"2019-12-03T21:04:42.336Z","logger":"broker_ingress","caller":"ingress/ingress_handler.go:120","msg":"Error retrieving TTL, defaulting.","commit":"7655d9c","error":"\"knativebrokerttl\" not found"}
{"level":"info","ts":"2019-12-03T21:04:42.337Z","logger":"broker_ingress","caller":"ingress/ingress_handler.go:120","msg":"Error retrieving TTL, defaulting.","commit":"7655d9c","error":"\"knativebrokerttl\" not found"}
{"level":"info","ts":"2019-12-03T21:04:42.337Z","logger":"broker_ingress","caller":"ingress/ingress_handler.go:120","msg":"Error retrieving TTL, defaulting.","commit":"7655d9c","error":"\"knativebrokerttl\" not found"}
{"level":"info","ts":"2019-12-03T21:04:42.338Z","logger":"broker_ingress","caller":"ingress/ingress_handler.go:120","msg":"Error retrieving TTL, defaulting.","commit":"7655d9c","error":"\"knativebrokerttl\" not found"}
{"level":"info","ts":"2019-12-03T21:04:42.338Z","logger":"broker_ingress","caller":"ingress/ingress_handler.go:120","msg":"Error retrieving TTL, defaulting.","commit":"7655d9c","error":"\"knativebrokerttl\" not found"}
{"level":"info","ts":"2019-12-03T21:04:42.339Z","logger":"broker_ingress","caller":"ingress/ingress_handler.go:120","msg":"Error retrieving TTL, defaulting.","commit":"7655d9c","error":"\"knativebrokerttl\" not found"}
{"level":"info","ts":"2019-12-03T21:04:42.339Z","logger":"broker_ingress","caller":"ingress/ingress_handler.go:120","msg":"Error retrieving TTL, defaulting.","commit":"7655d9c","error":"\"knativebrokerttl\" not found"}
{"level":"info","ts":"2019-12-03T21:04:42.340Z","logger":"broker_ingress","caller":"ingress/ingress_handler.go:120","msg":"Error retrieving TTL, defaulting.","commit":"7655d9c","error":"\"knativebrokerttl\" not found"}
{"level":"info","ts":"2019-12-03T21:04:42.340Z","logger":"broker_ingress","caller":"ingress/ingress_handler.go:120","msg":"Error retrieving TTL, defaulting.","commit":"7655d9c","error":"\"knativebrokerttl\" not found"}
{"level":"info","ts":"2019-12-03T21:04:42.340Z","logger":"broker_ingress","caller":"ingress/ingress_handler.go:120","msg":"Error retrieving TTL, defaulting.","commit":"7655d9c","error":"\"knativebrokerttl\" not found"}
{"level":"info","ts":"2019-12-03T21:04:42.341Z","logger":"broker_ingress","caller":"ingress/ingress_handler.go:120","msg":"Error retrieving TTL, defaulting.","commit":"7655d9c","error":"\"knativebrokerttl\" not found"}
{"level":"info","ts":"2019-12-03T21:04:42.341Z","logger":"broker_ingress","caller":"ingress/ingress_handler.go:120","msg":"Error retrieving TTL, defaulting.","commit":"7655d9c","error":"\"knativebrokerttl\" not found"}
{"level":"info","ts":"2019-12-03T21:04:42.342Z","logger":"broker_ingress","caller":"ingress/ingress_handler.go:120","msg":"Error retrieving TTL, defaulting.","commit":"7655d9c","error":"\"knativebrokerttl\" not found"}
{"level":"info","ts":"2019-12-03T21:04:42.342Z","logger":"broker_ingress","caller":"ingress/ingress_handler.go:120","msg":"Error retrieving TTL, defaulting.","commit":"7655d9c","error":"\"knativebrokerttl\" not found"}
{"level":"info","ts":"2019-12-03T21:04:42.343Z","logger":"broker_ingress","caller":"ingress/ingress_handler.go:120","msg":"Error retrieving TTL, defaulting.","commit":"7655d9c","error":"\"knativebrokerttl\" not found"}
{"level":"info","ts":"2019-12-03T21:04:42.346Z","logger":"broker_ingress","caller":"ingress/ingress_handler.go:120","msg":"Error retrieving TTL, defaulting.","commit":"7655d9c","error":"\"knativebrokerttl\" not found"}
{"level":"info","ts":"2019-12-03T21:04:42.347Z","logger":"broker_ingress","caller":"ingress/ingress_handler.go:120","msg":"Error retrieving TTL, defaulting.","commit":"7655d9c","error":"\"knativebrokerttl\" not found"}
{"level":"info","ts":"2019-12-03T21:04:42.347Z","logger":"broker_ingress","caller":"ingress/ingress_handler.go:120","msg":"Error retrieving TTL, defaulting.","commit":"7655d9c","error":"\"knativebrokerttl\" not found"}
{"level":"info","ts":"2019-12-03T21:04:42.348Z","logger":"broker_ingress","caller":"ingress/ingress_handler.go:120","msg":"Error retrieving TTL, defaulting.","commit":"7655d9c","error":"\"knativebrokerttl\" not found"}
{"level":"info","ts":"2019-12-03T21:04:42.349Z","logger":"broker_ingress","caller":"ingress/ingress_handler.go:120","msg":"Error retrieving TTL, defaulting.","commit":"7655d9c","error":"\"knativebrokerttl\" not found"}
{"level":"info","ts":"2019-12-03T21:04:42.349Z","logger":"broker_ingress","caller":"ingress/ingress_handler.go:120","msg":"Error retrieving TTL, defaulting.","commit":"7655d9c","error":"\"knativebrokerttl\" not found"}
{"level":"info","ts":"2019-12-03T21:04:42.350Z","logger":"broker_ingress","caller":"ingress/ingress_handler.go:120","msg":"Error retrieving TTL, defaulting.","commit":"7655d9c","error":"\"knativebrokerttl\" not found"}
{"level":"info","ts":"2019-12-03T21:04:42.351Z","logger":"broker_ingress","caller":"ingress/ingress_handler.go:120","msg":"Error retrieving TTL, defaulting.","commit":"7655d9c","error":"\"knativebrokerttl\" not found"}
{"level":"info","ts":"2019-12-03T21:04:42.362Z","logger":"broker_ingress","caller":"ingress/ingress_handler.go:120","msg":"Error retrieving TTL, defaulting.","commit":"7655d9c","error":"\"knativebrokerttl\" not found"}
{"level":"info","ts":"2019-12-03T21:04:42.364Z","logger":"broker_ingress","caller":"ingress/ingress_handler.go:120","msg":"Error retrieving TTL, defaulting.","commit":"7655d9c","error":"\"knativebrokerttl\" not found"}
{"level":"info","ts":"2019-12-03T21:04:42.365Z","logger":"broker_ingress","caller":"ingress/ingress_handler.go:120","msg":"Error retrieving TTL, defaulting.","commit":"7655d9c","error":"\"knativebrokerttl\" not found"}
{"level":"info","ts":"2019-12-03T21:04:42.366Z","logger":"broker_ingress","caller":"ingress/ingress_handler.go:120","msg":"Error retrieving TTL, defaulting.","commit":"7655d9c","error":"\"knativebrokerttl\" not found"}
{"level":"info","ts":"2019-12-03T21:04:42.367Z","logger":"broker_ingress","caller":"ingress/ingress_handler.go:120","msg":"Error retrieving TTL, defaulting.","commit":"7655d9c","error":"\"knativebrokerttl\" not found"}
{"level":"info","ts":"2019-12-03T21:04:42.367Z","logger":"broker_ingress","caller":"ingress/ingress_handler.go:120","msg":"Error retrieving TTL, defaulting.","commit":"7655d9c","error":"\"knativebrokerttl\" not found"}
{"level":"info","ts":"2019-12-03T21:04:42.368Z","logger":"broker_ingress","caller":"ingress/ingress_handler.go:120","msg":"Error retrieving TTL, defaulting.","commit":"7655d9c","error":"\"knativebrokerttl\" not found"}
{"level":"info","ts":"2019-12-03T21:04:42.369Z","logger":"broker_ingress","caller":"ingress/ingress_handler.go:120","msg":"Error retrieving TTL, defaulting.","commit":"7655d9c","error":"\"knativebrokerttl\" not found"}
{"level":"info","ts":"2019-12-03T21:04:42.370Z","logger":"broker_ingress","caller":"ingress/ingress_handler.go:120","msg":"Error retrieving TTL, defaulting.","commit":"7655d9c","error":"\"knativebrokerttl\" not found"}
{"level":"info","ts":"2019-12-03T21:04:42.370Z","logger":"broker_ingress","caller":"ingress/ingress_handler.go:120","msg":"Error retrieving TTL, defaulting.","commit":"7655d9c","error":"\"knativebrokerttl\" not found"}
{"level":"info","ts":"2019-12-03T21:04:42.371Z","logger":"broker_ingress","caller":"ingress/ingress_handler.go:120","msg":"Error retrieving TTL, defaulting.","commit":"7655d9c","error":"\"knativebrokerttl\" not found"}
{"level":"info","ts":"2019-12-03T21:04:42.372Z","logger":"broker_ingress","caller":"ingress/ingress_handler.go:120","msg":"Error retrieving TTL, defaulting.","commit":"7655d9c","error":"\"knativebrokerttl\" not found"}
{"level":"info","ts":"2019-12-03T21:04:42.373Z","logger":"broker_ingress","caller":"ingress/ingress_handler.go:120","msg":"Error retrieving TTL, defaulting.","commit":"7655d9c","error":"\"knativebrokerttl\" not found"}
{"level":"info","ts":"2019-12-03T21:04:42.373Z","logger":"broker_ingress","caller":"ingress/ingress_handler.go:120","msg":"Error retrieving TTL, defaulting.","commit":"7655d9c","error":"\"knativebrokerttl\" not found"}
{"level":"info","ts":"2019-12-03T21:04:42.373Z","logger":"broker_ingress","caller":"ingress/ingress_handler.go:120","msg":"Error retrieving TTL, defaulting.","commit":"7655d9c","error":"\"knativebrokerttl\" not found"}
{"level":"info","ts":"2019-12-03T21:04:42.374Z","logger":"broker_ingress","caller":"ingress/ingress_handler.go:120","msg":"Error retrieving TTL, defaulting.","commit":"7655d9c","error":"\"knativebrokerttl\" not found"}
{"level":"info","ts":"2019-12-03T21:04:42.374Z","logger":"broker_ingress","caller":"ingress/ingress_handler.go:120","msg":"Error retrieving TTL, defaulting.","commit":"7655d9c","error":"\"knativebrokerttl\" not found"}
{"level":"info","ts":"2019-12-03T21:04:42.374Z","logger":"broker_ingress","caller":"ingress/ingress_handler.go:120","msg":"Error retrieving TTL, defaulting.","commit":"7655d9c","error":"\"knativebrokerttl\" not found"}
{"level":"info","ts":"2019-12-03T21:04:42.375Z","logger":"broker_ingress","caller":"ingress/ingress_handler.go:120","msg":"Error retrieving TTL, defaulting.","commit":"7655d9c","error":"\"knativebrokerttl\" not found"}
{"level":"info","ts":"2019-12-03T21:04:42.375Z","logger":"broker_ingress","caller":"ingress/ingress_handler.go:120","msg":"Error retrieving TTL, defaulting.","commit":"7655d9c","error":"\"knativebrokerttl\" not found"}
{"level":"info","ts":"2019-12-03T21:04:42.376Z","logger":"broker_ingress","caller":"ingress/ingress_handler.go:120","msg":"Error retrieving TTL, defaulting.","commit":"7655d9c","error":"\"knativebrokerttl\" not found"}
{"level":"info","ts":"2019-12-03T21:04:42.376Z","logger":"broker_ingress","caller":"ingress/ingress_handler.go:120","msg":"Error retrieving TTL, defaulting.","commit":"7655d9c","error":"\"knativebrokerttl\" not found"}
{"level":"info","ts":"2019-12-03T21:04:42.376Z","logger":"broker_ingress","caller":"ingress/ingress_handler.go:120","msg":"Error retrieving TTL, defaulting.","commit":"7655d9c","error":"\"knativebrokerttl\" not found"}
{"level":"info","ts":"2019-12-03T21:04:42.376Z","logger":"broker_ingress","caller":"ingress/ingress_handler.go:120","msg":"Error retrieving TTL, defaulting.","commit":"7655d9c","error":"\"knativebrokerttl\" not found"}
{"level":"info","ts":"2019-12-03T21:04:42.378Z","logger":"broker_ingress","caller":"ingress/ingress_handler.go:120","msg":"Error retrieving TTL, defaulting.","commit":"7655d9c","error":"\"knativebrokerttl\" not found"}
{"level":"info","ts":"2019-12-03T21:04:42.378Z","logger":"broker_ingress","caller":"ingress/ingress_handler.go:120","msg":"Error retrieving TTL, defaulting.","commit":"7655d9c","error":"\"knativebrokerttl\" not found"}
{"level":"info","ts":"2019-12-03T21:04:42.378Z","logger":"broker_ingress","caller":"ingress/ingress_handler.go:120","msg":"Error retrieving TTL, defaulting.","commit":"7655d9c","error":"\"knativebrokerttl\" not found"}
{"level":"info","ts":"2019-12-03T21:04:42.374Z","logger":"broker_ingress","caller":"ingress/ingress_handler.go:120","msg":"Error retrieving TTL, defaulting.","commit":"7655d9c","error":"\"knativebrokerttl\" not found"}
{"level":"info","ts":"2019-12-03T21:04:42.379Z","logger":"broker_ingress","caller":"ingress/ingress_handler.go:120","msg":"Error retrieving TTL, defaulting.","commit":"7655d9c","error":"\"knativebrokerttl\" not found"}
{"level":"info","ts":"2019-12-03T21:04:42.380Z","logger":"broker_ingress","caller":"ingress/ingress_handler.go:120","msg":"Error retrieving TTL, defaulting.","commit":"7655d9c","error":"\"knativebrokerttl\" not found"}
{"level":"info","ts":"2019-12-03T21:04:42.380Z","logger":"broker_ingress","caller":"ingress/ingress_handler.go:120","msg":"Error retrieving TTL, defaulting.","commit":"7655d9c","error":"\"knativebrokerttl\" not found"}
{"level":"info","ts":"2019-12-03T21:04:42.381Z","logger":"broker_ingress","caller":"ingress/ingress_handler.go:120","msg":"Error retrieving TTL, defaulting.","commit":"7655d9c","error":"\"knativebrokerttl\" not found"}
{"level":"info","ts":"2019-12-03T21:04:42.382Z","logger":"broker_ingress","caller":"ingress/ingress_handler.go:120","msg":"Error retrieving TTL, defaulting.","commit":"7655d9c","error":"\"knativebrokerttl\" not found"}
{"level":"info","ts":"2019-12-03T21:04:42.382Z","logger":"broker_ingress","caller":"ingress/ingress_handler.go:120","msg":"Error retrieving TTL, defaulting.","commit":"7655d9c","error":"\"knativebrokerttl\" not found"}
{"level":"info","ts":"2019-12-03T21:04:42.383Z","logger":"broker_ingress","caller":"ingress/ingress_handler.go:120","msg":"Error retrieving TTL, defaulting.","commit":"7655d9c","error":"\"knativebrokerttl\" not found"}
{"level":"info","ts":"2019-12-03T21:04:42.384Z","logger":"broker_ingress","caller":"ingress/ingress_handler.go:120","msg":"Error retrieving TTL, defaulting.","commit":"7655d9c","error":"\"knativebrokerttl\" not found"}
{"level":"info","ts":"2019-12-03T21:04:42.384Z","logger":"broker_ingress","caller":"ingress/ingress_handler.go:120","msg":"Error retrieving TTL, defaulting.","commit":"7655d9c","error":"\"knativebrokerttl\" not found"}
{"level":"info","ts":"2019-12-03T21:04:42.385Z","logger":"broker_ingress","caller":"ingress/ingress_handler.go:120","msg":"Error retrieving TTL, defaulting.","commit":"7655d9c","error":"\"knativebrokerttl\" not found"}
{"level":"info","ts":"2019-12-03T21:04:42.386Z","logger":"broker_ingress","caller":"ingress/ingress_handler.go:120","msg":"Error retrieving TTL, defaulting.","commit":"7655d9c","error":"\"knativebrokerttl\" not found"}
{"level":"info","ts":"2019-12-03T21:04:42.387Z","logger":"broker_ingress","caller":"ingress/ingress_handler.go:120","msg":"Error retrieving TTL, defaulting.","commit":"7655d9c","error":"\"knativebrokerttl\" not found"}
{"level":"info","ts":"2019-12-03T21:04:42.388Z","logger":"broker_ingress","caller":"ingress/ingress_handler.go:120","msg":"Error retrieving TTL, defaulting.","commit":"7655d9c","error":"\"knativebrokerttl\" not found"}
{"level":"info","ts":"2019-12-03T21:04:42.388Z","logger":"broker_ingress","caller":"ingress/ingress_handler.go:120","msg":"Error retrieving TTL, defaulting.","commit":"7655d9c","error":"\"knativebrokerttl\" not found"}
{"level":"info","ts":"2019-12-03T21:04:42.390Z","logger":"broker_ingress","caller":"ingress/ingress_handler.go:120","msg":"Error retrieving TTL, defaulting.","commit":"7655d9c","error":"\"knativebrokerttl\" not found"}
{"level":"info","ts":"2019-12-03T21:04:42.391Z","logger":"broker_ingress","caller":"ingress/ingress_handler.go:120","msg":"Error retrieving TTL, defaulting.","commit":"7655d9c","error":"\"knativebrokerttl\" not found"}
{"level":"info","ts":"2019-12-03T21:04:42.392Z","logger":"broker_ingress","caller":"ingress/ingress_handler.go:120","msg":"Error retrieving TTL, defaulting.","commit":"7655d9c","error":"\"knativebrokerttl\" not found"}
{"level":"info","ts":"2019-12-03T21:04:42.392Z","logger":"broker_ingress","caller":"ingress/ingress_handler.go:120","msg":"Error retrieving TTL, defaulting.","commit":"7655d9c","error":"\"knativebrokerttl\" not found"}
{"level":"info","ts":"2019-12-03T21:04:42.393Z","logger":"broker_ingress","caller":"ingress/ingress_handler.go:120","msg":"Error retrieving TTL, defaulting.","commit":"7655d9c","error":"\"knativebrokerttl\" not found"}
{"level":"info","ts":"2019-12-03T21:04:42.394Z","logger":"broker_ingress","caller":"ingress/ingress_handler.go:120","msg":"Error retrieving TTL, defaulting.","commit":"7655d9c","error":"\"knativebrokerttl\" not found"}
{"level":"info","ts":"2019-12-03T21:04:42.395Z","logger":"broker_ingress","caller":"ingress/ingress_handler.go:120","msg":"Error retrieving TTL, defaulting.","commit":"7655d9c","error":"\"knativebrokerttl\" not found"}
{"level":"info","ts":"2019-12-03T21:04:42.396Z","logger":"broker_ingress","caller":"ingress/ingress_handler.go:120","msg":"Error retrieving TTL, defaulting.","commit":"7655d9c","error":"\"knativebrokerttl\" not found"}
{"level":"info","ts":"2019-12-03T21:04:42.398Z","logger":"broker_ingress","caller":"ingress/ingress_handler.go:120","msg":"Error retrieving TTL, defaulting.","commit":"7655d9c","error":"\"knativebrokerttl\" not found"}
{"level":"info","ts":"2019-12-03T21:04:42.398Z","logger":"broker_ingress","caller":"ingress/ingress_handler.go:120","msg":"Error retrieving TTL, defaulting.","commit":"7655d9c","error":"\"knativebrokerttl\" not found"}
{"level":"info","ts":"2019-12-03T21:04:42.399Z","logger":"broker_ingress","caller":"ingress/ingress_handler.go:120","msg":"Error retrieving TTL, defaulting.","commit":"7655d9c","error":"\"knativebrokerttl\" not found"}
{"level":"info","ts":"2019-12-03T21:04:42.400Z","logger":"broker_ingress","caller":"ingress/ingress_handler.go:120","msg":"Error retrieving TTL, defaulting.","commit":"7655d9c","error":"\"knativebrokerttl\" not found"}
{"level":"info","ts":"2019-12-03T21:04:42.400Z","logger":"broker_ingress","caller":"ingress/ingress_handler.go:120","msg":"Error retrieving TTL, defaulting.","commit":"7655d9c","error":"\"knativebrokerttl\" not found"}
{"level":"info","ts":"2019-12-03T21:04:42.406Z","logger":"broker_ingress","caller":"ingress/ingress_handler.go:120","msg":"Error retrieving TTL, defaulting.","commit":"7655d9c","error":"\"knativebrokerttl\" not found"}
{"level":"info","ts":"2019-12-03T21:04:42.406Z","logger":"broker_ingress","caller":"ingress/ingress_handler.go:120","msg":"Error retrieving TTL, defaulting.","commit":"7655d9c","error":"\"knativebrokerttl\" not found"}
{"level":"info","ts":"2019-12-03T21:04:42.407Z","logger":"broker_ingress","caller":"ingress/ingress_handler.go:120","msg":"Error retrieving TTL, defaulting.","commit":"7655d9c","error":"\"knativebrokerttl\" not found"}
{"level":"info","ts":"2019-12-03T21:04:42.406Z","logger":"broker_ingress","caller":"ingress/ingress_handler.go:120","msg":"Error retrieving TTL, defaulting.","commit":"7655d9c","error":"\"knativebrokerttl\" not found"}
{"level":"info","ts":"2019-12-03T21:04:42.406Z","logger":"broker_ingress","caller":"ingress/ingress_handler.go:120","msg":"Error retrieving TTL, defaulting.","commit":"7655d9c","error":"\"knativebrokerttl\" not found"}
{"level":"info","ts":"2019-12-03T21:04:42.408Z","logger":"broker_ingress","caller":"ingress/ingress_handler.go:120","msg":"Error retrieving TTL, defaulting.","commit":"7655d9c","error":"\"knativebrokerttl\" not found"}
{"level":"info","ts":"2019-12-03T21:04:42.406Z","logger":"broker_ingress","caller":"ingress/ingress_handler.go:120","msg":"Error retrieving TTL, defaulting.","commit":"7655d9c","error":"\"knativebrokerttl\" not found"}
{"level":"info","ts":"2019-12-03T21:04:42.407Z","logger":"broker_ingress","caller":"ingress/ingress_handler.go:120","msg":"Error retrieving TTL, defaulting.","commit":"7655d9c","error":"\"knativebrokerttl\" not found"}
{"level":"info","ts":"2019-12-03T21:04:42.407Z","logger":"broker_ingress","caller":"ingress/ingress_handler.go:120","msg":"Error retrieving TTL, defaulting.","commit":"7655d9c","error":"\"knativebrokerttl\" not found"}
{"level":"info","ts":"2019-12-03T21:04:42.416Z","logger":"broker_ingress","caller":"ingress/ingress_handler.go:120","msg":"Error retrieving TTL, defaulting.","commit":"7655d9c","error":"\"knativebrokerttl\" not found"}
{"level":"info","ts":"2019-12-03T21:04:42.418Z","logger":"broker_ingress","caller":"ingress/ingress_handler.go:120","msg":"Error retrieving TTL, defaulting.","commit":"7655d9c","error":"\"knativebrokerttl\" not found"}
{"level":"info","ts":"2019-12-03T21:04:42.416Z","logger":"broker_ingress","caller":"ingress/ingress_handler.go:120","msg":"Error retrieving TTL, defaulting.","commit":"7655d9c","error":"\"knativebrokerttl\" not found"}
{"level":"info","ts":"2019-12-03T21:04:42.421Z","logger":"broker_ingress","caller":"ingress/ingress_handler.go:120","msg":"Error retrieving TTL, defaulting.","commit":"7655d9c","error":"\"knativebrokerttl\" not found"}
{"level":"info","ts":"2019-12-03T21:04:42.423Z","logger":"broker_ingress","caller":"ingress/ingress_handler.go:120","msg":"Error retrieving TTL, defaulting.","commit":"7655d9c","error":"\"knativebrokerttl\" not found"}
{"level":"info","ts":"2019-12-03T21:04:42.424Z","logger":"broker_ingress","caller":"ingress/ingress_handler.go:120","msg":"Error retrieving TTL, defaulting.","commit":"7655d9c","error":"\"knativebrokerttl\" not found"}
{"level":"info","ts":"2019-12-03T21:04:42.422Z","logger":"broker_ingress","caller":"ingress/ingress_handler.go:120","msg":"Error retrieving TTL, defaulting.","commit":"7655d9c","error":"\"knativebrokerttl\" not found"}
{"level":"info","ts":"2019-12-03T21:04:42.425Z","logger":"broker_ingress","caller":"ingress/ingress_handler.go:120","msg":"Error retrieving TTL, defaulting.","commit":"7655d9c","error":"\"knativebrokerttl\" not found"}
{"level":"info","ts":"2019-12-03T21:04:42.423Z","logger":"broker_ingress","caller":"ingress/ingress_handler.go:120","msg":"Error retrieving TTL, defaulting.","commit":"7655d9c","error":"\"knativebrokerttl\" not found"}
{"level":"info","ts":"2019-12-03T21:04:42.423Z","logger":"broker_ingress","caller":"ingress/ingress_handler.go:120","msg":"Error retrieving TTL, defaulting.","commit":"7655d9c","error":"\"knativebrokerttl\" not found"}
{"level":"info","ts":"2019-12-03T21:04:42.423Z","logger":"broker_ingress","caller":"ingress/ingress_handler.go:120","msg":"Error retrieving TTL, defaulting.","commit":"7655d9c","error":"\"knativebrokerttl\" not found"}
{"level":"info","ts":"2019-12-03T21:04:42.421Z","logger":"broker_ingress","caller":"ingress/ingress_handler.go:120","msg":"Error retrieving TTL, defaulting.","commit":"7655d9c","error":"\"knativebrokerttl\" not found"}
{"level":"info","ts":"2019-12-03T21:04:42.424Z","logger":"broker_ingress","caller":"ingress/ingress_handler.go:120","msg":"Error retrieving TTL, defaulting.","commit":"7655d9c","error":"\"knativebrokerttl\" not found"}
{"level":"info","ts":"2019-12-03T21:04:42.425Z","logger":"broker_ingress","caller":"ingress/ingress_handler.go:120","msg":"Error retrieving TTL, defaulting.","commit":"7655d9c","error":"\"knativebrokerttl\" not found"}
{"level":"info","ts":"2019-12-03T21:04:42.425Z","logger":"broker_ingress","caller":"ingress/ingress_handler.go:120","msg":"Error retrieving TTL, defaulting.","commit":"7655d9c","error":"\"knativebrokerttl\" not found"}
{"level":"info","ts":"2019-12-03T21:04:42.426Z","logger":"broker_ingress","caller":"ingress/ingress_handler.go:120","msg":"Error retrieving TTL, defaulting.","commit":"7655d9c","error":"\"knativebrokerttl\" not found"}
{"level":"info","ts":"2019-12-03T21:04:42.426Z","logger":"broker_ingress","caller":"ingress/ingress_handler.go:120","msg":"Error retrieving TTL, defaulting.","commit":"7655d9c","error":"\"knativebrokerttl\" not found"}
{"level":"info","ts":"2019-12-03T21:04:42.426Z","logger":"broker_ingress","caller":"ingress/ingress_handler.go:120","msg":"Error retrieving TTL, defaulting.","commit":"7655d9c","error":"\"knativebrokerttl\" not found"}
{"level":"info","ts":"2019-12-03T21:04:42.428Z","logger":"broker_ingress","caller":"ingress/ingress_handler.go:120","msg":"Error retrieving TTL, defaulting.","commit":"7655d9c","error":"\"knativebrokerttl\" not found"}
{"level":"info","ts":"2019-12-03T21:04:42.428Z","logger":"broker_ingress","caller":"ingress/ingress_handler.go:120","msg":"Error retrieving TTL, defaulting.","commit":"7655d9c","error":"\"knativebrokerttl\" not found"}
{"level":"info","ts":"2019-12-03T21:04:42.430Z","logger":"broker_ingress","caller":"ingress/ingress_handler.go:120","msg":"Error retrieving TTL, defaulting.","commit":"7655d9c","error":"\"knativebrokerttl\" not found"}
{"level":"info","ts":"2019-12-03T21:04:42.430Z","logger":"broker_ingress","caller":"ingress/ingress_handler.go:120","msg":"Error retrieving TTL, defaulting.","commit":"7655d9c","error":"\"knativebrokerttl\" not found"}
{"level":"info","ts":"2019-12-03T21:04:42.431Z","logger":"broker_ingress","caller":"ingress/ingress_handler.go:120","msg":"Error retrieving TTL, defaulting.","commit":"7655d9c","error":"\"knativebrokerttl\" not found"}
{"level":"info","ts":"2019-12-03T21:04:42.431Z","logger":"broker_ingress","caller":"ingress/ingress_handler.go:120","msg":"Error retrieving TTL, defaulting.","commit":"7655d9c","error":"\"knativebrokerttl\" not found"}
{"level":"info","ts":"2019-12-03T21:04:42.432Z","logger":"broker_ingress","caller":"ingress/ingress_handler.go:120","msg":"Error retrieving TTL, defaulting.","commit":"7655d9c","error":"\"knativebrokerttl\" not found"}
{"level":"info","ts":"2019-12-03T21:04:42.433Z","logger":"broker_ingress","caller":"ingress/ingress_handler.go:120","msg":"Error retrieving TTL, defaulting.","commit":"7655d9c","error":"\"knativebrokerttl\" not found"}
{"level":"info","ts":"2019-12-03T21:04:42.433Z","logger":"broker_ingress","caller":"ingress/ingress_handler.go:120","msg":"Error retrieving TTL, defaulting.","commit":"7655d9c","error":"\"knativebrokerttl\" not found"}
{"level":"info","ts":"2019-12-03T21:04:42.436Z","logger":"broker_ingress","caller":"ingress/ingress_handler.go:120","msg":"Error retrieving TTL, defaulting.","commit":"7655d9c","error":"\"knativebrokerttl\" not found"}
{"level":"info","ts":"2019-12-03T21:04:42.437Z","logger":"broker_ingress","caller":"ingress/ingress_handler.go:120","msg":"Error retrieving TTL, defaulting.","commit":"7655d9c","error":"\"knativebrokerttl\" not found"}
{"level":"info","ts":"2019-12-03T21:04:42.437Z","logger":"broker_ingress","caller":"ingress/ingress_handler.go:120","msg":"Error retrieving TTL, defaulting.","commit":"7655d9c","error":"\"knativebrokerttl\" not found"}
{"level":"info","ts":"2019-12-03T21:04:42.437Z","logger":"broker_ingress","caller":"ingress/ingress_handler.go:120","msg":"Error retrieving TTL, defaulting.","commit":"7655d9c","error":"\"knativebrokerttl\" not found"}
{"level":"info","ts":"2019-12-03T21:04:42.438Z","logger":"broker_ingress","caller":"ingress/ingress_handler.go:120","msg":"Error retrieving TTL, defaulting.","commit":"7655d9c","error":"\"knativebrokerttl\" not found"}
{"level":"info","ts":"2019-12-03T21:04:42.440Z","logger":"broker_ingress","caller":"ingress/ingress_handler.go:120","msg":"Error retrieving TTL, defaulting.","commit":"7655d9c","error":"\"knativebrokerttl\" not found"}
{"level":"info","ts":"2019-12-03T21:04:42.440Z","logger":"broker_ingress","caller":"ingress/ingress_handler.go:120","msg":"Error retrieving TTL, defaulting.","commit":"7655d9c","error":"\"knativebrokerttl\" not found"}
{"level":"info","ts":"2019-12-03T21:04:42.441Z","logger":"broker_ingress","caller":"ingress/ingress_handler.go:120","msg":"Error retrieving TTL, defaulting.","commit":"7655d9c","error":"\"knativebrokerttl\" not found"}
{"level":"info","ts":"2019-12-03T21:04:42.442Z","logger":"broker_ingress","caller":"ingress/ingress_handler.go:120","msg":"Error retrieving TTL, defaulting.","commit":"7655d9c","error":"\"knativebrokerttl\" not found"}
{"level":"info","ts":"2019-12-03T21:04:42.442Z","logger":"broker_ingress","caller":"ingress/ingress_handler.go:120","msg":"Error retrieving TTL, defaulting.","commit":"7655d9c","error":"\"knativebrokerttl\" not found"}
{"level":"info","ts":"2019-12-03T21:04:42.444Z","logger":"broker_ingress","caller":"ingress/ingress_handler.go:120","msg":"Error retrieving TTL, defaulting.","commit":"7655d9c","error":"\"knativebrokerttl\" not found"}
{"level":"info","ts":"2019-12-03T21:04:42.445Z","logger":"broker_ingress","caller":"ingress/ingress_handler.go:120","msg":"Error retrieving TTL, defaulting.","commit":"7655d9c","error":"\"knativebrokerttl\" not found"}
{"level":"info","ts":"2019-12-03T21:04:42.445Z","logger":"broker_ingress","caller":"ingress/ingress_handler.go:120","msg":"Error retrieving TTL, defaulting.","commit":"7655d9c","error":"\"knativebrokerttl\" not found"}
{"level":"info","ts":"2019-12-03T21:04:42.446Z","logger":"broker_ingress","caller":"ingress/ingress_handler.go:120","msg":"Error retrieving TTL, defaulting.","commit":"7655d9c","error":"\"knativebrokerttl\" not found"}
{"level":"info","ts":"2019-12-03T21:04:42.447Z","logger":"broker_ingress","caller":"ingress/ingress_handler.go:120","msg":"Error retrieving TTL, defaulting.","commit":"7655d9c","error":"\"knativebrokerttl\" not found"}
{"level":"info","ts":"2019-12-03T21:04:42.449Z","logger":"broker_ingress","caller":"ingress/ingress_handler.go:120","msg":"Error retrieving TTL, defaulting.","commit":"7655d9c","error":"\"knativebrokerttl\" not found"}
{"level":"info","ts":"2019-12-03T21:04:42.448Z","logger":"broker_ingress","caller":"ingress/ingress_handler.go:120","msg":"Error retrieving TTL, defaulting.","commit":"7655d9c","error":"\"knativebrokerttl\" not found"}
{"level":"info","ts":"2019-12-03T21:04:42.450Z","logger":"broker_ingress","caller":"ingress/ingress_handler.go:120","msg":"Error retrieving TTL, defaulting.","commit":"7655d9c","error":"\"knativebrokerttl\" not found"}
{"level":"info","ts":"2019-12-03T21:04:42.450Z","logger":"broker_ingress","caller":"ingress/ingress_handler.go:120","msg":"Error retrieving TTL, defaulting.","commit":"7655d9c","error":"\"knativebrokerttl\" not found"}
{"level":"info","ts":"2019-12-03T21:04:42.452Z","logger":"broker_ingress","caller":"ingress/ingress_handler.go:120","msg":"Error retrieving TTL, defaulting.","commit":"7655d9c","error":"\"knativebrokerttl\" not found"}
{"level":"info","ts":"2019-12-03T21:04:42.453Z","logger":"broker_ingress","caller":"ingress/ingress_handler.go:120","msg":"Error retrieving TTL, defaulting.","commit":"7655d9c","error":"\"knativebrokerttl\" not found"}
{"level":"info","ts":"2019-12-03T21:04:42.453Z","logger":"broker_ingress","caller":"ingress/ingress_handler.go:120","msg":"Error retrieving TTL, defaulting.","commit":"7655d9c","error":"\"knativebrokerttl\" not found"}
{"level":"info","ts":"2019-12-03T21:04:42.453Z","logger":"broker_ingress","caller":"ingress/ingress_handler.go:120","msg":"Error retrieving TTL, defaulting.","commit":"7655d9c","error":"\"knativebrokerttl\" not found"}
{"level":"info","ts":"2019-12-03T21:04:42.456Z","logger":"broker_ingress","caller":"ingress/ingress_handler.go:120","msg":"Error retrieving TTL, defaulting.","commit":"7655d9c","error":"\"knativebrokerttl\" not found"}
{"level":"info","ts":"2019-12-03T21:04:42.456Z","logger":"broker_ingress","caller":"ingress/ingress_handler.go:120","msg":"Error retrieving TTL, defaulting.","commit":"7655d9c","error":"\"knativebrokerttl\" not found"}
{"level":"info","ts":"2019-12-03T21:04:42.458Z","logger":"broker_ingress","caller":"ingress/ingress_handler.go:120","msg":"Error retrieving TTL, defaulting.","commit":"7655d9c","error":"\"knativebrokerttl\" not found"}
{"level":"info","ts":"2019-12-03T21:04:42.459Z","logger":"broker_ingress","caller":"ingress/ingress_handler.go:120","msg":"Error retrieving TTL, defaulting.","commit":"7655d9c","error":"\"knativebrokerttl\" not found"}
{"level":"info","ts":"2019-12-03T21:04:42.460Z","logger":"broker_ingress","caller":"ingress/ingress_handler.go:120","msg":"Error retrieving TTL, defaulting.","commit":"7655d9c","error":"\"knativebrokerttl\" not found"}
{"level":"info","ts":"2019-12-03T21:04:42.460Z","logger":"broker_ingress","caller":"ingress/ingress_handler.go:120","msg":"Error retrieving TTL, defaulting.","commit":"7655d9c","error":"\"knativebrokerttl\" not found"}
{"level":"info","ts":"2019-12-03T21:04:42.461Z","logger":"broker_ingress","caller":"ingress/ingress_handler.go:120","msg":"Error retrieving TTL, defaulting.","commit":"7655d9c","error":"\"knativebrokerttl\" not found"}
{"level":"info","ts":"2019-12-03T21:04:42.462Z","logger":"broker_ingress","caller":"ingress/ingress_handler.go:120","msg":"Error retrieving TTL, defaulting.","commit":"7655d9c","error":"\"knativebrokerttl\" not found"}
{"level":"info","ts":"2019-12-03T21:04:42.462Z","logger":"broker_ingress","caller":"ingress/ingress_handler.go:120","msg":"Error retrieving TTL, defaulting.","commit":"7655d9c","error":"\"knativebrokerttl\" not found"}
{"level":"info","ts":"2019-12-03T21:04:42.463Z","logger":"broker_ingress","caller":"ingress/ingress_handler.go:120","msg":"Error retrieving TTL, defaulting.","commit":"7655d9c","error":"\"knativebrokerttl\" not found"}
{"level":"info","ts":"2019-12-03T21:04:42.464Z","logger":"broker_ingress","caller":"ingress/ingress_handler.go:120","msg":"Error retrieving TTL, defaulting.","commit":"7655d9c","error":"\"knativebrokerttl\" not found"}
{"level":"info","ts":"2019-12-03T21:04:42.466Z","logger":"broker_ingress","caller":"ingress/ingress_handler.go:120","msg":"Error retrieving TTL, defaulting.","commit":"7655d9c","error":"\"knativebrokerttl\" not found"}
{"level":"info","ts":"2019-12-03T21:04:42.466Z","logger":"broker_ingress","caller":"ingress/ingress_handler.go:120","msg":"Error retrieving TTL, defaulting.","commit":"7655d9c","error":"\"knativebrokerttl\" not found"}
{"level":"info","ts":"2019-12-03T21:04:42.467Z","logger":"broker_ingress","caller":"ingress/ingress_handler.go:120","msg":"Error retrieving TTL, defaulting.","commit":"7655d9c","error":"\"knativebrokerttl\" not found"}
{"level":"info","ts":"2019-12-03T21:04:42.468Z","logger":"broker_ingress","caller":"ingress/ingress_handler.go:120","msg":"Error retrieving TTL, defaulting.","commit":"7655d9c","error":"\"knativebrokerttl\" not found"}
{"level":"info","ts":"2019-12-03T21:04:42.469Z","logger":"broker_ingress","caller":"ingress/ingress_handler.go:120","msg":"Error retrieving TTL, defaulting.","commit":"7655d9c","error":"\"knativebrokerttl\" not found"}
{"level":"info","ts":"2019-12-03T21:04:42.470Z","logger":"broker_ingress","caller":"ingress/ingress_handler.go:120","msg":"Error retrieving TTL, defaulting.","commit":"7655d9c","error":"\"knativebrokerttl\" not found"}
{"level":"info","ts":"2019-12-03T21:04:42.470Z","logger":"broker_ingress","caller":"ingress/ingress_handler.go:120","msg":"Error retrieving TTL, defaulting.","commit":"7655d9c","error":"\"knativebrokerttl\" not found"}
{"level":"info","ts":"2019-12-03T21:04:42.473Z","logger":"broker_ingress","caller":"ingress/ingress_handler.go:120","msg":"Error retrieving TTL, defaulting.","commit":"7655d9c","error":"\"knativebrokerttl\" not found"}
{"level":"info","ts":"2019-12-03T21:04:42.473Z","logger":"broker_ingress","caller":"ingress/ingress_handler.go:120","msg":"Error retrieving TTL, defaulting.","commit":"7655d9c","error":"\"knativebrokerttl\" not found"}
{"level":"info","ts":"2019-12-03T21:04:42.475Z","logger":"broker_ingress","caller":"ingress/ingress_handler.go:120","msg":"Error retrieving TTL, defaulting.","commit":"7655d9c","error":"\"knativebrokerttl\" not found"}
{"level":"info","ts":"2019-12-03T21:04:42.477Z","logger":"broker_ingress","caller":"ingress/ingress_handler.go:120","msg":"Error retrieving TTL, defaulting.","commit":"7655d9c","error":"\"knativebrokerttl\" not found"}
{"level":"info","ts":"2019-12-03T21:04:42.479Z","logger":"broker_ingress","caller":"ingress/ingress_handler.go:120","msg":"Error retrieving TTL, defaulting.","commit":"7655d9c","error":"\"knativebrokerttl\" not found"}
{"level":"info","ts":"2019-12-03T21:04:42.484Z","logger":"broker_ingress","caller":"ingress/ingress_handler.go:120","msg":"Error retrieving TTL, defaulting.","commit":"7655d9c","error":"\"knativebrokerttl\" not found"}
{"level":"info","ts":"2019-12-03T21:04:42.493Z","logger":"broker_ingress","caller":"ingress/ingress_handler.go:120","msg":"Error retrieving TTL, defaulting.","commit":"7655d9c","error":"\"knativebrokerttl\" not found"}
{"level":"info","ts":"2019-12-03T21:04:42.499Z","logger":"broker_ingress","caller":"ingress/ingress_handler.go:120","msg":"Error retrieving TTL, defaulting.","commit":"7655d9c","error":"\"knativebrokerttl\" not found"}
{"level":"info","ts":"2019-12-03T21:04:42.493Z","logger":"broker_ingress","caller":"ingress/ingress_handler.go:120","msg":"Error retrieving TTL, defaulting.","commit":"7655d9c","error":"\"knativebrokerttl\" not found"}
{"level":"info","ts":"2019-12-03T21:04:42.506Z","logger":"broker_ingress","caller":"ingress/ingress_handler.go:120","msg":"Error retrieving TTL, defaulting.","commit":"7655d9c","error":"\"knativebrokerttl\" not found"}
{"level":"info","ts":"2019-12-03T21:04:42.494Z","logger":"broker_ingress","caller":"ingress/ingress_handler.go:120","msg":"Error retrieving TTL, defaulting.","commit":"7655d9c","error":"\"knativebrokerttl\" not found"}
{"level":"info","ts":"2019-12-03T21:04:42.511Z","logger":"broker_ingress","caller":"ingress/ingress_handler.go:120","msg":"Error retrieving TTL, defaulting.","commit":"7655d9c","error":"\"knativebrokerttl\" not found"}
{"level":"info","ts":"2019-12-03T21:04:42.517Z","logger":"broker_ingress","caller":"ingress/ingress_handler.go:120","msg":"Error retrieving TTL, defaulting.","commit":"7655d9c","error":"\"knativebrokerttl\" not found"}
{"level":"info","ts":"2019-12-03T21:04:42.525Z","logger":"broker_ingress","caller":"ingress/ingress_handler.go:120","msg":"Error retrieving TTL, defaulting.","commit":"7655d9c","error":"\"knativebrokerttl\" not found"}
{"level":"info","ts":"2019-12-03T21:04:42.526Z","logger":"broker_ingress","caller":"ingress/ingress_handler.go:120","msg":"Error retrieving TTL, defaulting.","commit":"7655d9c","error":"\"knativebrokerttl\" not found"}
{"level":"info","ts":"2019-12-03T21:04:42.532Z","logger":"broker_ingress","caller":"ingress/ingress_handler.go:120","msg":"Error retrieving TTL, defaulting.","commit":"7655d9c","error":"\"knativebrokerttl\" not found"}
{"level":"info","ts":"2019-12-03T21:04:42.522Z","logger":"broker_ingress","caller":"ingress/ingress_handler.go:120","msg":"Error retrieving TTL, defaulting.","commit":"7655d9c","error":"\"knativebrokerttl\" not found"}
{"level":"info","ts":"2019-12-03T21:04:42.522Z","logger":"broker_ingress","caller":"ingress/ingress_handler.go:120","msg":"Error retrieving TTL, defaulting.","commit":"7655d9c","error":"\"knativebrokerttl\" not found"}
{"level":"info","ts":"2019-12-03T21:04:42.529Z","logger":"broker_ingress","caller":"ingress/ingress_handler.go:120","msg":"Error retrieving TTL, defaulting.","commit":"7655d9c","error":"\"knativebrokerttl\" not found"}
{"level":"info","ts":"2019-12-03T21:04:42.529Z","logger":"broker_ingress","caller":"ingress/ingress_handler.go:120","msg":"Error retrieving TTL, defaulting.","commit":"7655d9c","error":"\"knativebrokerttl\" not found"}
{"level":"info","ts":"2019-12-03T21:04:42.537Z","logger":"broker_ingress","caller":"ingress/ingress_handler.go:120","msg":"Error retrieving TTL, defaulting.","commit":"7655d9c","error":"\"knativebrokerttl\" not found"}
{"level":"info","ts":"2019-12-03T21:04:42.518Z","logger":"broker_ingress","caller":"ingress/ingress_handler.go:120","msg":"Error retrieving TTL, defaulting.","commit":"7655d9c","error":"\"knativebrokerttl\" not found"}
{"level":"info","ts":"2019-12-03T21:04:42.541Z","logger":"broker_ingress","caller":"ingress/ingress_handler.go:120","msg":"Error retrieving TTL, defaulting.","commit":"7655d9c","error":"\"knativebrokerttl\" not found"}
{"level":"info","ts":"2019-12-03T21:04:42.541Z","logger":"broker_ingress","caller":"ingress/ingress_handler.go:120","msg":"Error retrieving TTL, defaulting.","commit":"7655d9c","error":"\"knativebrokerttl\" not found"}
{"level":"info","ts":"2019-12-03T21:04:42.574Z","logger":"broker_ingress","caller":"ingress/ingress_handler.go:120","msg":"Error retrieving TTL, defaulting.","commit":"7655d9c","error":"\"knativebrokerttl\" not found"}
{"level":"info","ts":"2019-12-03T21:04:42.542Z","logger":"broker_ingress","caller":"ingress/ingress_handler.go:120","msg":"Error retrieving TTL, defaulting.","commit":"7655d9c","error":"\"knativebrokerttl\" not found"}
{"level":"info","ts":"2019-12-03T21:04:42.542Z","logger":"broker_ingress","caller":"ingress/ingress_handler.go:120","msg":"Error retrieving TTL, defaulting.","commit":"7655d9c","error":"\"knativebrokerttl\" not found"}
{"level":"info","ts":"2019-12-03T21:04:42.543Z","logger":"broker_ingress","caller":"ingress/ingress_handler.go:120","msg":"Error retrieving TTL, defaulting.","commit":"7655d9c","error":"\"knativebrokerttl\" not found"}
{"level":"info","ts":"2019-12-03T21:04:42.543Z","logger":"broker_ingress","caller":"ingress/ingress_handler.go:120","msg":"Error retrieving TTL, defaulting.","commit":"7655d9c","error":"\"knativebrokerttl\" not found"}
{"level":"info","ts":"2019-12-03T21:04:42.544Z","logger":"broker_ingress","caller":"ingress/ingress_handler.go:120","msg":"Error retrieving TTL, defaulting.","commit":"7655d9c","error":"\"knativebrokerttl\" not found"}
{"level":"info","ts":"2019-12-03T21:04:42.545Z","logger":"broker_ingress","caller":"ingress/ingress_handler.go:120","msg":"Error retrieving TTL, defaulting.","commit":"7655d9c","error":"\"knativebrokerttl\" not found"}
{"level":"info","ts":"2019-12-03T21:04:42.545Z","logger":"broker_ingress","caller":"ingress/ingress_handler.go:120","msg":"Error retrieving TTL, defaulting.","commit":"7655d9c","error":"\"knativebrokerttl\" not found"}
{"level":"info","ts":"2019-12-03T21:04:42.549Z","logger":"broker_ingress","caller":"ingress/ingress_handler.go:120","msg":"Error retrieving TTL, defaulting.","commit":"7655d9c","error":"\"knativebrokerttl\" not found"}
{"level":"info","ts":"2019-12-03T21:04:42.554Z","logger":"broker_ingress","caller":"ingress/ingress_handler.go:120","msg":"Error retrieving TTL, defaulting.","commit":"7655d9c","error":"\"knativebrokerttl\" not found"}
{"level":"info","ts":"2019-12-03T21:04:42.557Z","logger":"broker_ingress","caller":"ingress/ingress_handler.go:120","msg":"Error retrieving TTL, defaulting.","commit":"7655d9c","error":"\"knativebrokerttl\" not found"}
{"level":"info","ts":"2019-12-03T21:04:42.565Z","logger":"broker_ingress","caller":"ingress/ingress_handler.go:120","msg":"Error retrieving TTL, defaulting.","commit":"7655d9c","error":"\"knativebrokerttl\" not found"}
{"level":"info","ts":"2019-12-03T21:04:42.568Z","logger":"broker_ingress","caller":"ingress/ingress_handler.go:120","msg":"Error retrieving TTL, defaulting.","commit":"7655d9c","error":"\"knativebrokerttl\" not found"}
{"level":"info","ts":"2019-12-03T21:04:42.569Z","logger":"broker_ingress","caller":"ingress/ingress_handler.go:120","msg":"Error retrieving TTL, defaulting.","commit":"7655d9c","error":"\"knativebrokerttl\" not found"}
{"level":"info","ts":"2019-12-03T21:04:42.569Z","logger":"broker_ingress","caller":"ingress/ingress_handler.go:120","msg":"Error retrieving TTL, defaulting.","commit":"7655d9c","error":"\"knativebrokerttl\" not found"}
{"level":"info","ts":"2019-12-03T21:04:42.570Z","logger":"broker_ingress","caller":"ingress/ingress_handler.go:120","msg":"Error retrieving TTL, defaulting.","commit":"7655d9c","error":"\"knativebrokerttl\" not found"}
{"level":"info","ts":"2019-12-03T21:04:42.577Z","logger":"broker_ingress","caller":"ingress/ingress_handler.go:120","msg":"Error retrieving TTL, defaulting.","commit":"7655d9c","error":"\"knativebrokerttl\" not found"}
{"level":"info","ts":"2019-12-03T21:04:42.578Z","logger":"broker_ingress","caller":"ingress/ingress_handler.go:120","msg":"Error retrieving TTL, defaulting.","commit":"7655d9c","error":"\"knativebrokerttl\" not found"}
{"level":"info","ts":"2019-12-03T21:04:42.578Z","logger":"broker_ingress","caller":"ingress/ingress_handler.go:120","msg":"Error retrieving TTL, defaulting.","commit":"7655d9c","error":"\"knativebrokerttl\" not found"}
{"level":"info","ts":"2019-12-03T21:04:42.579Z","logger":"broker_ingress","caller":"ingress/ingress_handler.go:120","msg":"Error retrieving TTL, defaulting.","commit":"7655d9c","error":"\"knativebrokerttl\" not found"}
{"level":"info","ts":"2019-12-03T21:04:42.580Z","logger":"broker_ingress","caller":"ingress/ingress_handler.go:120","msg":"Error retrieving TTL, defaulting.","commit":"7655d9c","error":"\"knativebrokerttl\" not found"}
{"level":"info","ts":"2019-12-03T21:04:42.580Z","logger":"broker_ingress","caller":"ingress/ingress_handler.go:120","msg":"Error retrieving TTL, defaulting.","commit":"7655d9c","error":"\"knativebrokerttl\" not found"}
{"level":"info","ts":"2019-12-03T21:04:42.588Z","logger":"broker_ingress","caller":"ingress/ingress_handler.go:120","msg":"Error retrieving TTL, defaulting.","commit":"7655d9c","error":"\"knativebrokerttl\" not found"}
{"level":"info","ts":"2019-12-03T21:04:42.588Z","logger":"broker_ingress","caller":"ingress/ingress_handler.go:120","msg":"Error retrieving TTL, defaulting.","commit":"7655d9c","error":"\"knativebrokerttl\" not found"}
{"level":"info","ts":"2019-12-03T21:04:42.589Z","logger":"broker_ingress","caller":"ingress/ingress_handler.go:120","msg":"Error retrieving TTL, defaulting.","commit":"7655d9c","error":"\"knativebrokerttl\" not found"}
{"level":"info","ts":"2019-12-03T21:04:42.590Z","logger":"broker_ingress","caller":"ingress/ingress_handler.go:120","msg":"Error retrieving TTL, defaulting.","commit":"7655d9c","error":"\"knativebrokerttl\" not found"}
{"level":"info","ts":"2019-12-03T21:04:42.593Z","logger":"broker_ingress","caller":"ingress/ingress_handler.go:120","msg":"Error retrieving TTL, defaulting.","commit":"7655d9c","error":"\"knativebrokerttl\" not found"}
{"level":"info","ts":"2019-12-03T21:04:42.594Z","logger":"broker_ingress","caller":"ingress/ingress_handler.go:120","msg":"Error retrieving TTL, defaulting.","commit":"7655d9c","error":"\"knativebrokerttl\" not found"}
{"level":"info","ts":"2019-12-03T21:04:42.594Z","logger":"broker_ingress","caller":"ingress/ingress_handler.go:120","msg":"Error retrieving TTL, defaulting.","commit":"7655d9c","error":"\"knativebrokerttl\" not found"}
{"level":"info","ts":"2019-12-03T21:04:42.594Z","logger":"broker_ingress","caller":"ingress/ingress_handler.go:120","msg":"Error retrieving TTL, defaulting.","commit":"7655d9c","error":"\"knativebrokerttl\" not found"}
{"level":"info","ts":"2019-12-03T21:04:42.596Z","logger":"broker_ingress","caller":"ingress/ingress_handler.go:120","msg":"Error retrieving TTL, defaulting.","commit":"7655d9c","error":"\"knativebrokerttl\" not found"}
{"level":"info","ts":"2019-12-03T21:04:42.596Z","logger":"broker_ingress","caller":"ingress/ingress_handler.go:120","msg":"Error retrieving TTL, defaulting.","commit":"7655d9c","error":"\"knativebrokerttl\" not found"}
{"level":"info","ts":"2019-12-03T21:04:42.597Z","logger":"broker_ingress","caller":"ingress/ingress_handler.go:120","msg":"Error retrieving TTL, defaulting.","commit":"7655d9c","error":"\"knativebrokerttl\" not found"}
{"level":"info","ts":"2019-12-03T21:04:42.597Z","logger":"broker_ingress","caller":"ingress/ingress_handler.go:120","msg":"Error retrieving TTL, defaulting.","commit":"7655d9c","error":"\"knativebrokerttl\" not found"}
{"level":"info","ts":"2019-12-03T21:04:42.598Z","logger":"broker_ingress","caller":"ingress/ingress_handler.go:120","msg":"Error retrieving TTL, defaulting.","commit":"7655d9c","error":"\"knativebrokerttl\" not found"}
{"level":"info","ts":"2019-12-03T21:04:42.599Z","logger":"broker_ingress","caller":"ingress/ingress_handler.go:120","msg":"Error retrieving TTL, defaulting.","commit":"7655d9c","error":"\"knativebrokerttl\" not found"}
{"level":"info","ts":"2019-12-03T21:04:42.600Z","logger":"broker_ingress","caller":"ingress/ingress_handler.go:120","msg":"Error retrieving TTL, defaulting.","commit":"7655d9c","error":"\"knativebrokerttl\" not found"}
{"level":"info","ts":"2019-12-03T21:04:42.601Z","logger":"broker_ingress","caller":"ingress/ingress_handler.go:120","msg":"Error retrieving TTL, defaulting.","commit":"7655d9c","error":"\"knativebrokerttl\" not found"}
{"level":"info","ts":"2019-12-03T21:04:42.602Z","logger":"broker_ingress","caller":"ingress/ingress_handler.go:120","msg":"Error retrieving TTL, defaulting.","commit":"7655d9c","error":"\"knativebrokerttl\" not found"}
{"level":"info","ts":"2019-12-03T21:04:42.603Z","logger":"broker_ingress","caller":"ingress/ingress_handler.go:120","msg":"Error retrieving TTL, defaulting.","commit":"7655d9c","error":"\"knativebrokerttl\" not found"}
{"level":"info","ts":"2019-12-03T21:04:42.604Z","logger":"broker_ingress","caller":"ingress/ingress_handler.go:120","msg":"Error retrieving TTL, defaulting.","commit":"7655d9c","error":"\"knativebrokerttl\" not found"}
{"level":"info","ts":"2019-12-03T21:04:42.604Z","logger":"broker_ingress","caller":"ingress/ingress_handler.go:120","msg":"Error retrieving TTL, defaulting.","commit":"7655d9c","error":"\"knativebrokerttl\" not found"}
{"level":"info","ts":"2019-12-03T21:04:42.606Z","logger":"broker_ingress","caller":"ingress/ingress_handler.go:120","msg":"Error retrieving TTL, defaulting.","commit":"7655d9c","error":"\"knativebrokerttl\" not found"}
{"level":"info","ts":"2019-12-03T21:04:42.596Z","logger":"broker_ingress","caller":"ingress/ingress_handler.go:120","msg":"Error retrieving TTL, defaulting.","commit":"7655d9c","error":"\"knativebrokerttl\" not found"}
{"level":"info","ts":"2019-12-03T21:04:42.607Z","logger":"broker_ingress","caller":"ingress/ingress_handler.go:120","msg":"Error retrieving TTL, defaulting.","commit":"7655d9c","error":"\"knativebrokerttl\" not found"}
{"level":"info","ts":"2019-12-03T21:04:42.607Z","logger":"broker_ingress","caller":"ingress/ingress_handler.go:120","msg":"Error retrieving TTL, defaulting.","commit":"7655d9c","error":"\"knativebrokerttl\" not found"}
{"level":"info","ts":"2019-12-03T21:04:42.609Z","logger":"broker_ingress","caller":"ingress/ingress_handler.go:120","msg":"Error retrieving TTL, defaulting.","commit":"7655d9c","error":"\"knativebrokerttl\" not found"}
{"level":"info","ts":"2019-12-03T21:04:42.610Z","logger":"broker_ingress","caller":"ingress/ingress_handler.go:120","msg":"Error retrieving TTL, defaulting.","commit":"7655d9c","error":"\"knativebrokerttl\" not found"}
{"level":"info","ts":"2019-12-03T21:04:42.611Z","logger":"broker_ingress","caller":"ingress/ingress_handler.go:120","msg":"Error retrieving TTL, defaulting.","commit":"7655d9c","error":"\"knativebrokerttl\" not found"}
{"level":"info","ts":"2019-12-03T21:04:42.611Z","logger":"broker_ingress","caller":"ingress/ingress_handler.go:120","msg":"Error retrieving TTL, defaulting.","commit":"7655d9c","error":"\"knativebrokerttl\" not found"}
{"level":"info","ts":"2019-12-03T21:04:42.612Z","logger":"broker_ingress","caller":"ingress/ingress_handler.go:120","msg":"Error retrieving TTL, defaulting.","commit":"7655d9c","error":"\"knativebrokerttl\" not found"}
{"level":"info","ts":"2019-12-03T21:04:42.613Z","logger":"broker_ingress","caller":"ingress/ingress_handler.go:120","msg":"Error retrieving TTL, defaulting.","commit":"7655d9c","error":"\"knativebrokerttl\" not found"}
{"level":"info","ts":"2019-12-03T21:04:42.613Z","logger":"broker_ingress","caller":"ingress/ingress_handler.go:120","msg":"Error retrieving TTL, defaulting.","commit":"7655d9c","error":"\"knativebrokerttl\" not found"}
{"level":"info","ts":"2019-12-03T21:04:42.614Z","logger":"broker_ingress","caller":"ingress/ingress_handler.go:120","msg":"Error retrieving TTL, defaulting.","commit":"7655d9c","error":"\"knativebrokerttl\" not found"}
{"level":"info","ts":"2019-12-03T21:04:42.614Z","logger":"broker_ingress","caller":"ingress/ingress_handler.go:120","msg":"Error retrieving TTL, defaulting.","commit":"7655d9c","error":"\"knativebrokerttl\" not found"}
{"level":"info","ts":"2019-12-03T21:04:42.615Z","logger":"broker_ingress","caller":"ingress/ingress_handler.go:120","msg":"Error retrieving TTL, defaulting.","commit":"7655d9c","error":"\"knativebrokerttl\" not found"}
{"level":"info","ts":"2019-12-03T21:04:42.616Z","logger":"broker_ingress","caller":"ingress/ingress_handler.go:120","msg":"Error retrieving TTL, defaulting.","commit":"7655d9c","error":"\"knativebrokerttl\" not found"}
{"level":"info","ts":"2019-12-03T21:04:42.616Z","logger":"broker_ingress","caller":"ingress/ingress_handler.go:120","msg":"Error retrieving TTL, defaulting.","commit":"7655d9c","error":"\"knativebrokerttl\" not found"}
{"level":"info","ts":"2019-12-03T21:04:42.617Z","logger":"broker_ingress","caller":"ingress/ingress_handler.go:120","msg":"Error retrieving TTL, defaulting.","commit":"7655d9c","error":"\"knativebrokerttl\" not found"}
{"level":"info","ts":"2019-12-03T21:04:42.618Z","logger":"broker_ingress","caller":"ingress/ingress_handler.go:120","msg":"Error retrieving TTL, defaulting.","commit":"7655d9c","error":"\"knativebrokerttl\" not found"}
{"level":"info","ts":"2019-12-03T21:04:42.618Z","logger":"broker_ingress","caller":"ingress/ingress_handler.go:120","msg":"Error retrieving TTL, defaulting.","commit":"7655d9c","error":"\"knativebrokerttl\" not found"}
{"level":"info","ts":"2019-12-03T21:04:42.619Z","logger":"broker_ingress","caller":"ingress/ingress_handler.go:120","msg":"Error retrieving TTL, defaulting.","commit":"7655d9c","error":"\"knativebrokerttl\" not found"}
{"level":"info","ts":"2019-12-03T21:04:42.620Z","logger":"broker_ingress","caller":"ingress/ingress_handler.go:120","msg":"Error retrieving TTL, defaulting.","commit":"7655d9c","error":"\"knativebrokerttl\" not found"}
{"level":"info","ts":"2019-12-03T21:04:42.620Z","logger":"broker_ingress","caller":"ingress/ingress_handler.go:120","msg":"Error retrieving TTL, defaulting.","commit":"7655d9c","error":"\"knativebrokerttl\" not found"}
{"level":"info","ts":"2019-12-03T21:04:42.622Z","logger":"broker_ingress","caller":"ingress/ingress_handler.go:120","msg":"Error retrieving TTL, defaulting.","commit":"7655d9c","error":"\"knativebrokerttl\" not found"}
{"level":"info","ts":"2019-12-03T21:04:42.622Z","logger":"broker_ingress","caller":"ingress/ingress_handler.go:120","msg":"Error retrieving TTL, defaulting.","commit":"7655d9c","error":"\"knativebrokerttl\" not found"}
{"level":"info","ts":"2019-12-03T21:04:42.624Z","logger":"broker_ingress","caller":"ingress/ingress_handler.go:120","msg":"Error retrieving TTL, defaulting.","commit":"7655d9c","error":"\"knativebrokerttl\" not found"}
{"level":"info","ts":"2019-12-03T21:04:42.624Z","logger":"broker_ingress","caller":"ingress/ingress_handler.go:120","msg":"Error retrieving TTL, defaulting.","commit":"7655d9c","error":"\"knativebrokerttl\" not found"}
{"level":"info","ts":"2019-12-03T21:04:42.625Z","logger":"broker_ingress","caller":"ingress/ingress_handler.go:120","msg":"Error retrieving TTL, defaulting.","commit":"7655d9c","error":"\"knativebrokerttl\" not found"}
{"level":"info","ts":"2019-12-03T21:04:42.626Z","logger":"broker_ingress","caller":"ingress/ingress_handler.go:120","msg":"Error retrieving TTL, defaulting.","commit":"7655d9c","error":"\"knativebrokerttl\" not found"}
{"level":"info","ts":"2019-12-03T21:04:42.626Z","logger":"broker_ingress","caller":"ingress/ingress_handler.go:120","msg":"Error retrieving TTL, defaulting.","commit":"7655d9c","error":"\"knativebrokerttl\" not found"}
{"level":"info","ts":"2019-12-03T21:04:42.627Z","logger":"broker_ingress","caller":"ingress/ingress_handler.go:120","msg":"Error retrieving TTL, defaulting.","commit":"7655d9c","error":"\"knativebrokerttl\" not found"}
{"level":"info","ts":"2019-12-03T21:04:42.623Z","logger":"broker_ingress","caller":"ingress/ingress_handler.go:120","msg":"Error retrieving TTL, defaulting.","commit":"7655d9c","error":"\"knativebrokerttl\" not found"}
{"level":"info","ts":"2019-12-03T21:04:42.628Z","logger":"broker_ingress","caller":"ingress/ingress_handler.go:120","msg":"Error retrieving TTL, defaulting.","commit":"7655d9c","error":"\"knativebrokerttl\" not found"}
{"level":"info","ts":"2019-12-03T21:04:42.628Z","logger":"broker_ingress","caller":"ingress/ingress_handler.go:120","msg":"Error retrieving TTL, defaulting.","commit":"7655d9c","error":"\"knativebrokerttl\" not found"}
{"level":"info","ts":"2019-12-03T21:04:42.629Z","logger":"broker_ingress","caller":"ingress/ingress_handler.go:120","msg":"Error retrieving TTL, defaulting.","commit":"7655d9c","error":"\"knativebrokerttl\" not found"}
{"level":"info","ts":"2019-12-03T21:04:42.630Z","logger":"broker_ingress","caller":"ingress/ingress_handler.go:120","msg":"Error retrieving TTL, defaulting.","commit":"7655d9c","error":"\"knativebrokerttl\" not found"}
{"level":"info","ts":"2019-12-03T21:04:42.630Z","logger":"broker_ingress","caller":"ingress/ingress_handler.go:120","msg":"Error retrieving TTL, defaulting.","commit":"7655d9c","error":"\"knativebrokerttl\" not found"}
{"level":"info","ts":"2019-12-03T21:04:42.631Z","logger":"broker_ingress","caller":"ingress/ingress_handler.go:120","msg":"Error retrieving TTL, defaulting.","commit":"7655d9c","error":"\"knativebrokerttl\" not found"}
{"level":"info","ts":"2019-12-03T21:04:42.632Z","logger":"broker_ingress","caller":"ingress/ingress_handler.go:120","msg":"Error retrieving TTL, defaulting.","commit":"7655d9c","error":"\"knativebrokerttl\" not found"}
{"level":"info","ts":"2019-12-03T21:04:42.633Z","logger":"broker_ingress","caller":"ingress/ingress_handler.go:120","msg":"Error retrieving TTL, defaulting.","commit":"7655d9c","error":"\"knativebrokerttl\" not found"}
{"level":"info","ts":"2019-12-03T21:04:42.631Z","logger":"broker_ingress","caller":"ingress/ingress_handler.go:120","msg":"Error retrieving TTL, defaulting.","commit":"7655d9c","error":"\"knativebrokerttl\" not found"}
{"level":"info","ts":"2019-12-03T21:04:42.634Z","logger":"broker_ingress","caller":"ingress/ingress_handler.go:120","msg":"Error retrieving TTL, defaulting.","commit":"7655d9c","error":"\"knativebrokerttl\" not found"}
{"level":"info","ts":"2019-12-03T21:04:42.632Z","logger":"broker_ingress","caller":"ingress/ingress_handler.go:120","msg":"Error retrieving TTL, defaulting.","commit":"7655d9c","error":"\"knativebrokerttl\" not found"}
{"level":"info","ts":"2019-12-03T21:04:42.636Z","logger":"broker_ingress","caller":"ingress/ingress_handler.go:120","msg":"Error retrieving TTL, defaulting.","commit":"7655d9c","error":"\"knativebrokerttl\" not found"}
{"level":"info","ts":"2019-12-03T21:04:42.635Z","logger":"broker_ingress","caller":"ingress/ingress_handler.go:120","msg":"Error retrieving TTL, defaulting.","commit":"7655d9c","error":"\"knativebrokerttl\" not found"}
{"level":"info","ts":"2019-12-03T21:04:42.637Z","logger":"broker_ingress","caller":"ingress/ingress_handler.go:120","msg":"Error retrieving TTL, defaulting.","commit":"7655d9c","error":"\"knativebrokerttl\" not found"}
{"level":"info","ts":"2019-12-03T21:04:42.638Z","logger":"broker_ingress","caller":"ingress/ingress_handler.go:120","msg":"Error retrieving TTL, defaulting.","commit":"7655d9c","error":"\"knativebrokerttl\" not found"}
{"level":"info","ts":"2019-12-03T21:04:42.639Z","logger":"broker_ingress","caller":"ingress/ingress_handler.go:120","msg":"Error retrieving TTL, defaulting.","commit":"7655d9c","error":"\"knativebrokerttl\" not found"}
{"level":"info","ts":"2019-12-03T21:04:42.639Z","logger":"broker_ingress","caller":"ingress/ingress_handler.go:120","msg":"Error retrieving TTL, defaulting.","commit":"7655d9c","error":"\"knativebrokerttl\" not found"}
{"level":"info","ts":"2019-12-03T21:04:42.640Z","logger":"broker_ingress","caller":"ingress/ingress_handler.go:120","msg":"Error retrieving TTL, defaulting.","commit":"7655d9c","error":"\"knativebrokerttl\" not found"}
{"level":"info","ts":"2019-12-03T21:04:42.640Z","logger":"broker_ingress","caller":"ingress/ingress_handler.go:120","msg":"Error retrieving TTL, defaulting.","commit":"7655d9c","error":"\"knativebrokerttl\" not found"}
{"level":"info","ts":"2019-12-03T21:04:42.640Z","logger":"broker_ingress","caller":"ingress/ingress_handler.go:120","msg":"Error retrieving TTL, defaulting.","commit":"7655d9c","error":"\"knativebrokerttl\" not found"}
{"level":"info","ts":"2019-12-03T21:04:42.642Z","logger":"broker_ingress","caller":"ingress/ingress_handler.go:120","msg":"Error retrieving TTL, defaulting.","commit":"7655d9c","error":"\"knativebrokerttl\" not found"}
{"level":"info","ts":"2019-12-03T21:04:42.642Z","logger":"broker_ingress","caller":"ingress/ingress_handler.go:120","msg":"Error retrieving TTL, defaulting.","commit":"7655d9c","error":"\"knativebrokerttl\" not found"}
{"level":"info","ts":"2019-12-03T21:04:42.642Z","logger":"broker_ingress","caller":"ingress/ingress_handler.go:120","msg":"Error retrieving TTL, defaulting.","commit":"7655d9c","error":"\"knativebrokerttl\" not found"}
{"level":"info","ts":"2019-12-03T21:04:42.644Z","logger":"broker_ingress","caller":"ingress/ingress_handler.go:120","msg":"Error retrieving TTL, defaulting.","commit":"7655d9c","error":"\"knativebrokerttl\" not found"}
{"level":"info","ts":"2019-12-03T21:04:42.645Z","logger":"broker_ingress","caller":"ingress/ingress_handler.go:120","msg":"Error retrieving TTL, defaulting.","commit":"7655d9c","error":"\"knativebrokerttl\" not found"}
{"level":"info","ts":"2019-12-03T21:04:42.645Z","logger":"broker_ingress","caller":"ingress/ingress_handler.go:120","msg":"Error retrieving TTL, defaulting.","commit":"7655d9c","error":"\"knativebrokerttl\" not found"}
{"level":"info","ts":"2019-12-03T21:04:42.646Z","logger":"broker_ingress","caller":"ingress/ingress_handler.go:120","msg":"Error retrieving TTL, defaulting.","commit":"7655d9c","error":"\"knativebrokerttl\" not found"}
{"level":"info","ts":"2019-12-03T21:04:42.647Z","logger":"broker_ingress","caller":"ingress/ingress_handler.go:120","msg":"Error retrieving TTL, defaulting.","commit":"7655d9c","error":"\"knativebrokerttl\" not found"}
{"level":"info","ts":"2019-12-03T21:04:42.646Z","logger":"broker_ingress","caller":"ingress/ingress_handler.go:120","msg":"Error retrieving TTL, defaulting.","commit":"7655d9c","error":"\"knativebrokerttl\" not found"}
{"level":"info","ts":"2019-12-03T21:04:42.648Z","logger":"broker_ingress","caller":"ingress/ingress_handler.go:120","msg":"Error retrieving TTL, defaulting.","commit":"7655d9c","error":"\"knativebrokerttl\" not found"}
{"level":"info","ts":"2019-12-03T21:04:42.649Z","logger":"broker_ingress","caller":"ingress/ingress_handler.go:120","msg":"Error retrieving TTL, defaulting.","commit":"7655d9c","error":"\"knativebrokerttl\" not found"}
{"level":"info","ts":"2019-12-03T21:04:42.649Z","logger":"broker_ingress","caller":"ingress/ingress_handler.go:120","msg":"Error retrieving TTL, defaulting.","commit":"7655d9c","error":"\"knativebrokerttl\" not found"}
{"level":"info","ts":"2019-12-03T21:04:42.649Z","logger":"broker_ingress","caller":"ingress/ingress_handler.go:120","msg":"Error retrieving TTL, defaulting.","commit":"7655d9c","error":"\"knativebrokerttl\" not found"}
{"level":"info","ts":"2019-12-03T21:04:42.650Z","logger":"broker_ingress","caller":"ingress/ingress_handler.go:120","msg":"Error retrieving TTL, defaulting.","commit":"7655d9c","error":"\"knativebrokerttl\" not found"}
{"level":"info","ts":"2019-12-03T21:04:42.651Z","logger":"broker_ingress","caller":"ingress/ingress_handler.go:120","msg":"Error retrieving TTL, defaulting.","commit":"7655d9c","error":"\"knativebrokerttl\" not found"}
{"level":"info","ts":"2019-12-03T21:04:42.651Z","logger":"broker_ingress","caller":"ingress/ingress_handler.go:120","msg":"Error retrieving TTL, defaulting.","commit":"7655d9c","error":"\"knativebrokerttl\" not found"}
{"level":"info","ts":"2019-12-03T21:04:42.651Z","logger":"broker_ingress","caller":"ingress/ingress_handler.go:120","msg":"Error retrieving TTL, defaulting.","commit":"7655d9c","error":"\"knativebrokerttl\" not found"}
{"level":"info","ts":"2019-12-03T21:04:42.652Z","logger":"broker_ingress","caller":"ingress/ingress_handler.go:120","msg":"Error retrieving TTL, defaulting.","commit":"7655d9c","error":"\"knativebrokerttl\" not found"}
{"level":"info","ts":"2019-12-03T21:04:42.653Z","logger":"broker_ingress","caller":"ingress/ingress_handler.go:120","msg":"Error retrieving TTL, defaulting.","commit":"7655d9c","error":"\"knativebrokerttl\" not found"}
{"level":"info","ts":"2019-12-03T21:04:42.653Z","logger":"broker_ingress","caller":"ingress/ingress_handler.go:120","msg":"Error retrieving TTL, defaulting.","commit":"7655d9c","error":"\"knativebrokerttl\" not found"}
{"level":"info","ts":"2019-12-03T21:04:42.650Z","logger":"broker_ingress","caller":"ingress/ingress_handler.go:120","msg":"Error retrieving TTL, defaulting.","commit":"7655d9c","error":"\"knativebrokerttl\" not found"}
{"level":"info","ts":"2019-12-03T21:04:42.654Z","logger":"broker_ingress","caller":"ingress/ingress_handler.go:120","msg":"Error retrieving TTL, defaulting.","commit":"7655d9c","error":"\"knativebrokerttl\" not found"}
{"level":"info","ts":"2019-12-03T21:04:42.655Z","logger":"broker_ingress","caller":"ingress/ingress_handler.go:120","msg":"Error retrieving TTL, defaulting.","commit":"7655d9c","error":"\"knativebrokerttl\" not found"}
{"level":"info","ts":"2019-12-03T21:04:42.655Z","logger":"broker_ingress","caller":"ingress/ingress_handler.go:120","msg":"Error retrieving TTL, defaulting.","commit":"7655d9c","error":"\"knativebrokerttl\" not found"}
{"level":"info","ts":"2019-12-03T21:04:42.655Z","logger":"broker_ingress","caller":"ingress/ingress_handler.go:120","msg":"Error retrieving TTL, defaulting.","commit":"7655d9c","error":"\"knativebrokerttl\" not found"}
{"level":"info","ts":"2019-12-03T21:04:42.656Z","logger":"broker_ingress","caller":"ingress/ingress_handler.go:120","msg":"Error retrieving TTL, defaulting.","commit":"7655d9c","error":"\"knativebrokerttl\" not found"}
{"level":"info","ts":"2019-12-03T21:04:42.652Z","logger":"broker_ingress","caller":"ingress/ingress_handler.go:120","msg":"Error retrieving TTL, defaulting.","commit":"7655d9c","error":"\"knativebrokerttl\" not found"}
{"level":"info","ts":"2019-12-03T21:04:42.656Z","logger":"broker_ingress","caller":"ingress/ingress_handler.go:120","msg":"Error retrieving TTL, defaulting.","commit":"7655d9c","error":"\"knativebrokerttl\" not found"}
{"level":"info","ts":"2019-12-03T21:04:42.656Z","logger":"broker_ingress","caller":"ingress/ingress_handler.go:120","msg":"Error retrieving TTL, defaulting.","commit":"7655d9c","error":"\"knativebrokerttl\" not found"}
{"level":"info","ts":"2019-12-03T21:04:42.657Z","logger":"broker_ingress","caller":"ingress/ingress_handler.go:120","msg":"Error retrieving TTL, defaulting.","commit":"7655d9c","error":"\"knativebrokerttl\" not found"}
{"level":"info","ts":"2019-12-03T21:04:42.657Z","logger":"broker_ingress","caller":"ingress/ingress_handler.go:120","msg":"Error retrieving TTL, defaulting.","commit":"7655d9c","error":"\"knativebrokerttl\" not found"}
{"level":"info","ts":"2019-12-03T21:04:42.658Z","logger":"broker_ingress","caller":"ingress/ingress_handler.go:120","msg":"Error retrieving TTL, defaulting.","commit":"7655d9c","error":"\"knativebrokerttl\" not found"}
{"level":"info","ts":"2019-12-03T21:04:42.659Z","logger":"broker_ingress","caller":"ingress/ingress_handler.go:120","msg":"Error retrieving TTL, defaulting.","commit":"7655d9c","error":"\"knativebrokerttl\" not found"}
{"level":"info","ts":"2019-12-03T21:04:42.659Z","logger":"broker_ingress","caller":"ingress/ingress_handler.go:120","msg":"Error retrieving TTL, defaulting.","commit":"7655d9c","error":"\"knativebrokerttl\" not found"}
{"level":"info","ts":"2019-12-03T21:04:42.660Z","logger":"broker_ingress","caller":"ingress/ingress_handler.go:120","msg":"Error retrieving TTL, defaulting.","commit":"7655d9c","error":"\"knativebrokerttl\" not found"}
{"level":"info","ts":"2019-12-03T21:04:42.660Z","logger":"broker_ingress","caller":"ingress/ingress_handler.go:120","msg":"Error retrieving TTL, defaulting.","commit":"7655d9c","error":"\"knativebrokerttl\" not found"}
{"level":"info","ts":"2019-12-03T21:04:42.660Z","logger":"broker_ingress","caller":"ingress/ingress_handler.go:120","msg":"Error retrieving TTL, defaulting.","commit":"7655d9c","error":"\"knativebrokerttl\" not found"}
{"level":"info","ts":"2019-12-03T21:04:42.661Z","logger":"broker_ingress","caller":"ingress/ingress_handler.go:120","msg":"Error retrieving TTL, defaulting.","commit":"7655d9c","error":"\"knativebrokerttl\" not found"}
{"level":"info","ts":"2019-12-03T21:04:42.661Z","logger":"broker_ingress","caller":"ingress/ingress_handler.go:120","msg":"Error retrieving TTL, defaulting.","commit":"7655d9c","error":"\"knativebrokerttl\" not found"}
{"level":"info","ts":"2019-12-03T21:04:42.661Z","logger":"broker_ingress","caller":"ingress/ingress_handler.go:120","msg":"Error retrieving TTL, defaulting.","commit":"7655d9c","error":"\"knativebrokerttl\" not found"}
{"level":"info","ts":"2019-12-03T21:04:42.662Z","logger":"broker_ingress","caller":"ingress/ingress_handler.go:120","msg":"Error retrieving TTL, defaulting.","commit":"7655d9c","error":"\"knativebrokerttl\" not found"}
{"level":"info","ts":"2019-12-03T21:04:42.662Z","logger":"broker_ingress","caller":"ingress/ingress_handler.go:120","msg":"Error retrieving TTL, defaulting.","commit":"7655d9c","error":"\"knativebrokerttl\" not found"}
{"level":"info","ts":"2019-12-03T21:04:42.662Z","logger":"broker_ingress","caller":"ingress/ingress_handler.go:120","msg":"Error retrieving TTL, defaulting.","commit":"7655d9c","error":"\"knativebrokerttl\" not found"}
{"level":"info","ts":"2019-12-03T21:04:42.663Z","logger":"broker_ingress","caller":"ingress/ingress_handler.go:120","msg":"Error retrieving TTL, defaulting.","commit":"7655d9c","error":"\"knativebrokerttl\" not found"}
{"level":"info","ts":"2019-12-03T21:04:42.664Z","logger":"broker_ingress","caller":"ingress/ingress_handler.go:120","msg":"Error retrieving TTL, defaulting.","commit":"7655d9c","error":"\"knativebrokerttl\" not found"}
{"level":"info","ts":"2019-12-03T21:04:42.665Z","logger":"broker_ingress","caller":"ingress/ingress_handler.go:120","msg":"Error retrieving TTL, defaulting.","commit":"7655d9c","error":"\"knativebrokerttl\" not found"}
{"level":"info","ts":"2019-12-03T21:04:42.665Z","logger":"broker_ingress","caller":"ingress/ingress_handler.go:120","msg":"Error retrieving TTL, defaulting.","commit":"7655d9c","error":"\"knativebrokerttl\" not found"}
{"level":"info","ts":"2019-12-03T21:04:42.666Z","logger":"broker_ingress","caller":"ingress/ingress_handler.go:120","msg":"Error retrieving TTL, defaulting.","commit":"7655d9c","error":"\"knativebrokerttl\" not found"}
{"level":"info","ts":"2019-12-03T21:04:42.666Z","logger":"broker_ingress","caller":"ingress/ingress_handler.go:120","msg":"Error retrieving TTL, defaulting.","commit":"7655d9c","error":"\"knativebrokerttl\" not found"}
{"level":"info","ts":"2019-12-03T21:04:42.666Z","logger":"broker_ingress","caller":"ingress/ingress_handler.go:120","msg":"Error retrieving TTL, defaulting.","commit":"7655d9c","error":"\"knativebrokerttl\" not found"}
{"level":"info","ts":"2019-12-03T21:04:42.663Z","logger":"broker_ingress","caller":"ingress/ingress_handler.go:120","msg":"Error retrieving TTL, defaulting.","commit":"7655d9c","error":"\"knativebrokerttl\" not found"}
{"level":"info","ts":"2019-12-03T21:04:42.667Z","logger":"broker_ingress","caller":"ingress/ingress_handler.go:120","msg":"Error retrieving TTL, defaulting.","commit":"7655d9c","error":"\"knativebrokerttl\" not found"}
{"level":"info","ts":"2019-12-03T21:04:42.667Z","logger":"broker_ingress","caller":"ingress/ingress_handler.go:120","msg":"Error retrieving TTL, defaulting.","commit":"7655d9c","error":"\"knativebrokerttl\" not found"}
{"level":"info","ts":"2019-12-03T21:04:42.668Z","logger":"broker_ingress","caller":"ingress/ingress_handler.go:120","msg":"Error retrieving TTL, defaulting.","commit":"7655d9c","error":"\"knativebrokerttl\" not found"}
{"level":"info","ts":"2019-12-03T21:04:42.668Z","logger":"broker_ingress","caller":"ingress/ingress_handler.go:120","msg":"Error retrieving TTL, defaulting.","commit":"7655d9c","error":"\"knativebrokerttl\" not found"}
{"level":"info","ts":"2019-12-03T21:04:42.668Z","logger":"broker_ingress","caller":"ingress/ingress_handler.go:120","msg":"Error retrieving TTL, defaulting.","commit":"7655d9c","error":"\"knativebrokerttl\" not found"}
{"level":"info","ts":"2019-12-03T21:04:42.669Z","logger":"broker_ingress","caller":"ingress/ingress_handler.go:120","msg":"Error retrieving TTL, defaulting.","commit":"7655d9c","error":"\"knativebrokerttl\" not found"}
{"level":"info","ts":"2019-12-03T21:04:42.669Z","logger":"broker_ingress","caller":"ingress/ingress_handler.go:120","msg":"Error retrieving TTL, defaulting.","commit":"7655d9c","error":"\"knativebrokerttl\" not found"}
{"level":"info","ts":"2019-12-03T21:04:42.670Z","logger":"broker_ingress","caller":"ingress/ingress_handler.go:120","msg":"Error retrieving TTL, defaulting.","commit":"7655d9c","error":"\"knativebrokerttl\" not found"}
{"level":"info","ts":"2019-12-03T21:04:42.670Z","logger":"broker_ingress","caller":"ingress/ingress_handler.go:120","msg":"Error retrieving TTL, defaulting.","commit":"7655d9c","error":"\"knativebrokerttl\" not found"}
{"level":"info","ts":"2019-12-03T21:04:42.671Z","logger":"broker_ingress","caller":"ingress/ingress_handler.go:120","msg":"Error retrieving TTL, defaulting.","commit":"7655d9c","error":"\"knativebrokerttl\" not found"}
{"level":"info","ts":"2019-12-03T21:04:42.671Z","logger":"broker_ingress","caller":"ingress/ingress_handler.go:120","msg":"Error retrieving TTL, defaulting.","commit":"7655d9c","error":"\"knativebrokerttl\" not found"}
{"level":"info","ts":"2019-12-03T21:04:42.671Z","logger":"broker_ingress","caller":"ingress/ingress_handler.go:120","msg":"Error retrieving TTL, defaulting.","commit":"7655d9c","error":"\"knativebrokerttl\" not found"}
{"level":"info","ts":"2019-12-03T21:04:42.672Z","logger":"broker_ingress","caller":"ingress/ingress_handler.go:120","msg":"Error retrieving TTL, defaulting.","commit":"7655d9c","error":"\"knativebrokerttl\" not found"}
{"level":"info","ts":"2019-12-03T21:04:42.672Z","logger":"broker_ingress","caller":"ingress/ingress_handler.go:120","msg":"Error retrieving TTL, defaulting.","commit":"7655d9c","error":"\"knativebrokerttl\" not found"}
{"level":"info","ts":"2019-12-03T21:04:42.672Z","logger":"broker_ingress","caller":"ingress/ingress_handler.go:120","msg":"Error retrieving TTL, defaulting.","commit":"7655d9c","error":"\"knativebrokerttl\" not found"}
{"level":"info","ts":"2019-12-03T21:04:42.673Z","logger":"broker_ingress","caller":"ingress/ingress_handler.go:120","msg":"Error retrieving TTL, defaulting.","commit":"7655d9c","error":"\"knativebrokerttl\" not found"}
{"level":"info","ts":"2019-12-03T21:04:42.674Z","logger":"broker_ingress","caller":"ingress/ingress_handler.go:120","msg":"Error retrieving TTL, defaulting.","commit":"7655d9c","error":"\"knativebrokerttl\" not found"}
{"level":"info","ts":"2019-12-03T21:04:42.674Z","logger":"broker_ingress","caller":"ingress/ingress_handler.go:120","msg":"Error retrieving TTL, defaulting.","commit":"7655d9c","error":"\"knativebrokerttl\" not found"}
{"level":"info","ts":"2019-12-03T21:04:42.675Z","logger":"broker_ingress","caller":"ingress/ingress_handler.go:120","msg":"Error retrieving TTL, defaulting.","commit":"7655d9c","error":"\"knativebrokerttl\" not found"}
{"level":"info","ts":"2019-12-03T21:04:42.675Z","logger":"broker_ingress","caller":"ingress/ingress_handler.go:120","msg":"Error retrieving TTL, defaulting.","commit":"7655d9c","error":"\"knativebrokerttl\" not found"}
{"level":"info","ts":"2019-12-03T21:04:42.676Z","logger":"broker_ingress","caller":"ingress/ingress_handler.go:120","msg":"Error retrieving TTL, defaulting.","commit":"7655d9c","error":"\"knativebrokerttl\" not found"}
{"level":"info","ts":"2019-12-03T21:04:42.676Z","logger":"broker_ingress","caller":"ingress/ingress_handler.go:120","msg":"Error retrieving TTL, defaulting.","commit":"7655d9c","error":"\"knativebrokerttl\" not found"}
{"level":"info","ts":"2019-12-03T21:04:42.676Z","logger":"broker_ingress","caller":"ingress/ingress_handler.go:120","msg":"Error retrieving TTL, defaulting.","commit":"7655d9c","error":"\"knativebrokerttl\" not found"}
{"level":"info","ts":"2019-12-03T21:04:42.677Z","logger":"broker_ingress","caller":"ingress/ingress_handler.go:120","msg":"Error retrieving TTL, defaulting.","commit":"7655d9c","error":"\"knativebrokerttl\" not found"}
{"level":"info","ts":"2019-12-03T21:04:42.677Z","logger":"broker_ingress","caller":"ingress/ingress_handler.go:120","msg":"Error retrieving TTL, defaulting.","commit":"7655d9c","error":"\"knativebrokerttl\" not found"}
{"level":"info","ts":"2019-12-03T21:04:42.678Z","logger":"broker_ingress","caller":"ingress/ingress_handler.go:120","msg":"Error retrieving TTL, defaulting.","commit":"7655d9c","error":"\"knativebrokerttl\" not found"}
{"level":"info","ts":"2019-12-03T21:04:42.678Z","logger":"broker_ingress","caller":"ingress/ingress_handler.go:120","msg":"Error retrieving TTL, defaulting.","commit":"7655d9c","error":"\"knativebrokerttl\" not found"}
{"level":"info","ts":"2019-12-03T21:04:42.679Z","logger":"broker_ingress","caller":"ingress/ingress_handler.go:120","msg":"Error retrieving TTL, defaulting.","commit":"7655d9c","error":"\"knativebrokerttl\" not found"}
{"level":"info","ts":"2019-12-03T21:04:42.679Z","logger":"broker_ingress","caller":"ingress/ingress_handler.go:120","msg":"Error retrieving TTL, defaulting.","commit":"7655d9c","error":"\"knativebrokerttl\" not found"}
{"level":"info","ts":"2019-12-03T21:04:42.680Z","logger":"broker_ingress","caller":"ingress/ingress_handler.go:120","msg":"Error retrieving TTL, defaulting.","commit":"7655d9c","error":"\"knativebrokerttl\" not found"}
{"level":"info","ts":"2019-12-03T21:04:42.680Z","logger":"broker_ingress","caller":"ingress/ingress_handler.go:120","msg":"Error retrieving TTL, defaulting.","commit":"7655d9c","error":"\"knativebrokerttl\" not found"}
{"level":"info","ts":"2019-12-03T21:04:42.681Z","logger":"broker_ingress","caller":"ingress/ingress_handler.go:120","msg":"Error retrieving TTL, defaulting.","commit":"7655d9c","error":"\"knativebrokerttl\" not found"}
{"level":"info","ts":"2019-12-03T21:04:42.681Z","logger":"broker_ingress","caller":"ingress/ingress_handler.go:120","msg":"Error retrieving TTL, defaulting.","commit":"7655d9c","error":"\"knativebrokerttl\" not found"}
{"level":"info","ts":"2019-12-03T21:04:42.682Z","logger":"broker_ingress","caller":"ingress/ingress_handler.go:120","msg":"Error retrieving TTL, defaulting.","commit":"7655d9c","error":"\"knativebrokerttl\" not found"}
{"level":"info","ts":"2019-12-03T21:04:42.682Z","logger":"broker_ingress","caller":"ingress/ingress_handler.go:120","msg":"Error retrieving TTL, defaulting.","commit":"7655d9c","error":"\"knativebrokerttl\" not found"}
{"level":"info","ts":"2019-12-03T21:04:42.683Z","logger":"broker_ingress","caller":"ingress/ingress_handler.go:120","msg":"Error retrieving TTL, defaulting.","commit":"7655d9c","error":"\"knativebrokerttl\" not found"}
{"level":"info","ts":"2019-12-03T21:04:42.683Z","logger":"broker_ingress","caller":"ingress/ingress_handler.go:120","msg":"Error retrieving TTL, defaulting.","commit":"7655d9c","error":"\"knativebrokerttl\" not found"}
{"level":"info","ts":"2019-12-03T21:04:42.684Z","logger":"broker_ingress","caller":"ingress/ingress_handler.go:120","msg":"Error retrieving TTL, defaulting.","commit":"7655d9c","error":"\"knativebrokerttl\" not found"}
{"level":"info","ts":"2019-12-03T21:04:42.684Z","logger":"broker_ingress","caller":"ingress/ingress_handler.go:120","msg":"Error retrieving TTL, defaulting.","commit":"7655d9c","error":"\"knativebrokerttl\" not found"}
{"level":"info","ts":"2019-12-03T21:04:42.684Z","logger":"broker_ingress","caller":"ingress/ingress_handler.go:120","msg":"Error retrieving TTL, defaulting.","commit":"7655d9c","error":"\"knativebrokerttl\" not found"}
{"level":"info","ts":"2019-12-03T21:04:42.685Z","logger":"broker_ingress","caller":"ingress/ingress_handler.go:120","msg":"Error retrieving TTL, defaulting.","commit":"7655d9c","error":"\"knativebrokerttl\" not found"}
{"level":"info","ts":"2019-12-03T21:04:42.685Z","logger":"broker_ingress","caller":"ingress/ingress_handler.go:120","msg":"Error retrieving TTL, defaulting.","commit":"7655d9c","error":"\"knativebrokerttl\" not found"}
{"level":"info","ts":"2019-12-03T21:04:42.685Z","logger":"broker_ingress","caller":"ingress/ingress_handler.go:120","msg":"Error retrieving TTL, defaulting.","commit":"7655d9c","error":"\"knativebrokerttl\" not found"}
{"level":"info","ts":"2019-12-03T21:04:42.686Z","logger":"broker_ingress","caller":"ingress/ingress_handler.go:120","msg":"Error retrieving TTL, defaulting.","commit":"7655d9c","error":"\"knativebrokerttl\" not found"}
{"level":"info","ts":"2019-12-03T21:04:42.686Z","logger":"broker_ingress","caller":"ingress/ingress_handler.go:120","msg":"Error retrieving TTL, defaulting.","commit":"7655d9c","error":"\"knativebrokerttl\" not found"}
{"level":"info","ts":"2019-12-03T21:04:42.686Z","logger":"broker_ingress","caller":"ingress/ingress_handler.go:120","msg":"Error retrieving TTL, defaulting.","commit":"7655d9c","error":"\"knativebrokerttl\" not found"}
{"level":"info","ts":"2019-12-03T21:04:42.687Z","logger":"broker_ingress","caller":"ingress/ingress_handler.go:120","msg":"Error retrieving TTL, defaulting.","commit":"7655d9c","error":"\"knativebrokerttl\" not found"}
{"level":"info","ts":"2019-12-03T21:04:42.688Z","logger":"broker_ingress","caller":"ingress/ingress_handler.go:120","msg":"Error retrieving TTL, defaulting.","commit":"7655d9c","error":"\"knativebrokerttl\" not found"}
{"level":"info","ts":"2019-12-03T21:04:42.688Z","logger":"broker_ingress","caller":"ingress/ingress_handler.go:120","msg":"Error retrieving TTL, defaulting.","commit":"7655d9c","error":"\"knativebrokerttl\" not found"}
{"level":"info","ts":"2019-12-03T21:04:42.688Z","logger":"broker_ingress","caller":"ingress/ingress_handler.go:120","msg":"Error retrieving TTL, defaulting.","commit":"7655d9c","error":"\"knativebrokerttl\" not found"}
{"level":"info","ts":"2019-12-03T21:04:42.689Z","logger":"broker_ingress","caller":"ingress/ingress_handler.go:120","msg":"Error retrieving TTL, defaulting.","commit":"7655d9c","error":"\"knativebrokerttl\" not found"}
{"level":"info","ts":"2019-12-03T21:04:42.690Z","logger":"broker_ingress","caller":"ingress/ingress_handler.go:120","msg":"Error retrieving TTL, defaulting.","commit":"7655d9c","error":"\"knativebrokerttl\" not found"}
{"level":"info","ts":"2019-12-03T21:04:42.691Z","logger":"broker_ingress","caller":"ingress/ingress_handler.go:120","msg":"Error retrieving TTL, defaulting.","commit":"7655d9c","error":"\"knativebrokerttl\" not found"}
{"level":"info","ts":"2019-12-03T21:04:42.692Z","logger":"broker_ingress","caller":"ingress/ingress_handler.go:120","msg":"Error retrieving TTL, defaulting.","commit":"7655d9c","error":"\"knativebrokerttl\" not found"}
{"level":"info","ts":"2019-12-03T21:04:42.693Z","logger":"broker_ingress","caller":"ingress/ingress_handler.go:120","msg":"Error retrieving TTL, defaulting.","commit":"7655d9c","error":"\"knativebrokerttl\" not found"}
{"level":"info","ts":"2019-12-03T21:04:42.693Z","logger":"broker_ingress","caller":"ingress/ingress_handler.go:120","msg":"Error retrieving TTL, defaulting.","commit":"7655d9c","error":"\"knativebrokerttl\" not found"}
{"level":"info","ts":"2019-12-03T21:04:42.693Z","logger":"broker_ingress","caller":"ingress/ingress_handler.go:120","msg":"Error retrieving TTL, defaulting.","commit":"7655d9c","error":"\"knativebrokerttl\" not found"}
{"level":"info","ts":"2019-12-03T21:04:42.694Z","logger":"broker_ingress","caller":"ingress/ingress_handler.go:120","msg":"Error retrieving TTL, defaulting.","commit":"7655d9c","error":"\"knativebrokerttl\" not found"}
{"level":"info","ts":"2019-12-03T21:04:42.695Z","logger":"broker_ingress","caller":"ingress/ingress_handler.go:120","msg":"Error retrieving TTL, defaulting.","commit":"7655d9c","error":"\"knativebrokerttl\" not found"}
{"level":"info","ts":"2019-12-03T21:04:42.695Z","logger":"broker_ingress","caller":"ingress/ingress_handler.go:120","msg":"Error retrieving TTL, defaulting.","commit":"7655d9c","error":"\"knativebrokerttl\" not found"}
{"level":"info","ts":"2019-12-03T21:04:42.694Z","logger":"broker_ingress","caller":"ingress/ingress_handler.go:120","msg":"Error retrieving TTL, defaulting.","commit":"7655d9c","error":"\"knativebrokerttl\" not found"}
{"level":"info","ts":"2019-12-03T21:04:42.697Z","logger":"broker_ingress","caller":"ingress/ingress_handler.go:120","msg":"Error retrieving TTL, defaulting.","commit":"7655d9c","error":"\"knativebrokerttl\" not found"}
{"level":"info","ts":"2019-12-03T21:04:42.697Z","logger":"broker_ingress","caller":"ingress/ingress_handler.go:120","msg":"Error retrieving TTL, defaulting.","commit":"7655d9c","error":"\"knativebrokerttl\" not found"}
{"level":"info","ts":"2019-12-03T21:04:42.700Z","logger":"broker_ingress","caller":"ingress/ingress_handler.go:120","msg":"Error retrieving TTL, defaulting.","commit":"7655d9c","error":"\"knativebrokerttl\" not found"}
{"level":"info","ts":"2019-12-03T21:04:42.701Z","logger":"broker_ingress","caller":"ingress/ingress_handler.go:120","msg":"Error retrieving TTL, defaulting.","commit":"7655d9c","error":"\"knativebrokerttl\" not found"}
{"level":"info","ts":"2019-12-03T21:04:42.701Z","logger":"broker_ingress","caller":"ingress/ingress_handler.go:120","msg":"Error retrieving TTL, defaulting.","commit":"7655d9c","error":"\"knativebrokerttl\" not found"}
{"level":"info","ts":"2019-12-03T21:04:42.702Z","logger":"broker_ingress","caller":"ingress/ingress_handler.go:120","msg":"Error retrieving TTL, defaulting.","commit":"7655d9c","error":"\"knativebrokerttl\" not found"}
{"level":"info","ts":"2019-12-03T21:04:42.702Z","logger":"broker_ingress","caller":"ingress/ingress_handler.go:120","msg":"Error retrieving TTL, defaulting.","commit":"7655d9c","error":"\"knativebrokerttl\" not found"}
{"level":"info","ts":"2019-12-03T21:04:42.703Z","logger":"broker_ingress","caller":"ingress/ingress_handler.go:120","msg":"Error retrieving TTL, defaulting.","commit":"7655d9c","error":"\"knativebrokerttl\" not found"}
{"level":"info","ts":"2019-12-03T21:04:42.704Z","logger":"broker_ingress","caller":"ingress/ingress_handler.go:120","msg":"Error retrieving TTL, defaulting.","commit":"7655d9c","error":"\"knativebrokerttl\" not found"}
{"level":"info","ts":"2019-12-03T21:04:42.704Z","logger":"broker_ingress","caller":"ingress/ingress_handler.go:120","msg":"Error retrieving TTL, defaulting.","commit":"7655d9c","error":"\"knativebrokerttl\" not found"}
{"level":"info","ts":"2019-12-03T21:04:42.705Z","logger":"broker_ingress","caller":"ingress/ingress_handler.go:120","msg":"Error retrieving TTL, defaulting.","commit":"7655d9c","error":"\"knativebrokerttl\" not found"}
{"level":"info","ts":"2019-12-03T21:04:42.706Z","logger":"broker_ingress","caller":"ingress/ingress_handler.go:120","msg":"Error retrieving TTL, defaulting.","commit":"7655d9c","error":"\"knativebrokerttl\" not found"}
{"level":"info","ts":"2019-12-03T21:04:42.706Z","logger":"broker_ingress","caller":"ingress/ingress_handler.go:120","msg":"Error retrieving TTL, defaulting.","commit":"7655d9c","error":"\"knativebrokerttl\" not found"}
{"level":"info","ts":"2019-12-03T21:04:42.709Z","logger":"broker_ingress","caller":"ingress/ingress_handler.go:120","msg":"Error retrieving TTL, defaulting.","commit":"7655d9c","error":"\"knativebrokerttl\" not found"}
{"level":"info","ts":"2019-12-03T21:04:42.710Z","logger":"broker_ingress","caller":"ingress/ingress_handler.go:120","msg":"Error retrieving TTL, defaulting.","commit":"7655d9c","error":"\"knativebrokerttl\" not found"}
{"level":"info","ts":"2019-12-03T21:04:42.710Z","logger":"broker_ingress","caller":"ingress/ingress_handler.go:120","msg":"Error retrieving TTL, defaulting.","commit":"7655d9c","error":"\"knativebrokerttl\" not found"}
{"level":"info","ts":"2019-12-03T21:04:42.711Z","logger":"broker_ingress","caller":"ingress/ingress_handler.go:120","msg":"Error retrieving TTL, defaulting.","commit":"7655d9c","error":"\"knativebrokerttl\" not found"}
{"level":"info","ts":"2019-12-03T21:04:42.711Z","logger":"broker_ingress","caller":"ingress/ingress_handler.go:120","msg":"Error retrieving TTL, defaulting.","commit":"7655d9c","error":"\"knativebrokerttl\" not found"}
{"level":"info","ts":"2019-12-03T21:04:42.713Z","logger":"broker_ingress","caller":"ingress/ingress_handler.go:120","msg":"Error retrieving TTL, defaulting.","commit":"7655d9c","error":"\"knativebrokerttl\" not found"}
{"level":"info","ts":"2019-12-03T21:04:42.714Z","logger":"broker_ingress","caller":"ingress/ingress_handler.go:120","msg":"Error retrieving TTL, defaulting.","commit":"7655d9c","error":"\"knativebrokerttl\" not found"}
{"level":"info","ts":"2019-12-03T21:04:42.716Z","logger":"broker_ingress","caller":"ingress/ingress_handler.go:120","msg":"Error retrieving TTL, defaulting.","commit":"7655d9c","error":"\"knativebrokerttl\" not found"}
{"level":"info","ts":"2019-12-03T21:04:42.726Z","logger":"broker_ingress","caller":"ingress/ingress_handler.go:120","msg":"Error retrieving TTL, defaulting.","commit":"7655d9c","error":"\"knativebrokerttl\" not found"}
{"level":"info","ts":"2019-12-03T21:04:42.726Z","logger":"broker_ingress","caller":"ingress/ingress_handler.go:120","msg":"Error retrieving TTL, defaulting.","commit":"7655d9c","error":"\"knativebrokerttl\" not found"}
{"level":"info","ts":"2019-12-03T21:04:42.733Z","logger":"broker_ingress","caller":"ingress/ingress_handler.go:120","msg":"Error retrieving TTL, defaulting.","commit":"7655d9c","error":"\"knativebrokerttl\" not found"}
{"level":"info","ts":"2019-12-03T21:04:42.733Z","logger":"broker_ingress","caller":"ingress/ingress_handler.go:120","msg":"Error retrieving TTL, defaulting.","commit":"7655d9c","error":"\"knativebrokerttl\" not found"}
{"level":"info","ts":"2019-12-03T21:04:42.734Z","logger":"broker_ingress","caller":"ingress/ingress_handler.go:120","msg":"Error retrieving TTL, defaulting.","commit":"7655d9c","error":"\"knativebrokerttl\" not found"}
{"level":"info","ts":"2019-12-03T21:04:42.734Z","logger":"broker_ingress","caller":"ingress/ingress_handler.go:120","msg":"Error retrieving TTL, defaulting.","commit":"7655d9c","error":"\"knativebrokerttl\" not found"}
{"level":"info","ts":"2019-12-03T21:04:42.734Z","logger":"broker_ingress","caller":"ingress/ingress_handler.go:120","msg":"Error retrieving TTL, defaulting.","commit":"7655d9c","error":"\"knativebrokerttl\" not found"}
{"level":"info","ts":"2019-12-03T21:04:42.734Z","logger":"broker_ingress","caller":"ingress/ingress_handler.go:120","msg":"Error retrieving TTL, defaulting.","commit":"7655d9c","error":"\"knativebrokerttl\" not found"}
{"level":"info","ts":"2019-12-03T21:04:42.734Z","logger":"broker_ingress","caller":"ingress/ingress_handler.go:120","msg":"Error retrieving TTL, defaulting.","commit":"7655d9c","error":"\"knativebrokerttl\" not found"}
{"level":"info","ts":"2019-12-03T21:04:42.749Z","logger":"broker_ingress","caller":"ingress/ingress_handler.go:120","msg":"Error retrieving TTL, defaulting.","commit":"7655d9c","error":"\"knativebrokerttl\" not found"}
{"level":"info","ts":"2019-12-03T21:04:42.749Z","logger":"broker_ingress","caller":"ingress/ingress_handler.go:120","msg":"Error retrieving TTL, defaulting.","commit":"7655d9c","error":"\"knativebrokerttl\" not found"}
{"level":"info","ts":"2019-12-03T21:04:42.750Z","logger":"broker_ingress","caller":"ingress/ingress_handler.go:120","msg":"Error retrieving TTL, defaulting.","commit":"7655d9c","error":"\"knativebrokerttl\" not found"}
{"level":"info","ts":"2019-12-03T21:04:42.750Z","logger":"broker_ingress","caller":"ingress/ingress_handler.go:120","msg":"Error retrieving TTL, defaulting.","commit":"7655d9c","error":"\"knativebrokerttl\" not found"}
{"level":"info","ts":"2019-12-03T21:04:42.750Z","logger":"broker_ingress","caller":"ingress/ingress_handler.go:120","msg":"Error retrieving TTL, defaulting.","commit":"7655d9c","error":"\"knativebrokerttl\" not found"}
{"level":"info","ts":"2019-12-03T21:04:42.751Z","logger":"broker_ingress","caller":"ingress/ingress_handler.go:120","msg":"Error retrieving TTL, defaulting.","commit":"7655d9c","error":"\"knativebrokerttl\" not found"}
{"level":"info","ts":"2019-12-03T21:04:42.751Z","logger":"broker_ingress","caller":"ingress/ingress_handler.go:120","msg":"Error retrieving TTL, defaulting.","commit":"7655d9c","error":"\"knativebrokerttl\" not found"}
{"level":"info","ts":"2019-12-03T21:04:42.751Z","logger":"broker_ingress","caller":"ingress/ingress_handler.go:120","msg":"Error retrieving TTL, defaulting.","commit":"7655d9c","error":"\"knativebrokerttl\" not found"}
{"level":"info","ts":"2019-12-03T21:04:42.749Z","logger":"broker_ingress","caller":"ingress/ingress_handler.go:120","msg":"Error retrieving TTL, defaulting.","commit":"7655d9c","error":"\"knativebrokerttl\" not found"}
{"level":"info","ts":"2019-12-03T21:04:42.751Z","logger":"broker_ingress","caller":"ingress/ingress_handler.go:120","msg":"Error retrieving TTL, defaulting.","commit":"7655d9c","error":"\"knativebrokerttl\" not found"}
{"level":"info","ts":"2019-12-03T21:04:42.752Z","logger":"broker_ingress","caller":"ingress/ingress_handler.go:120","msg":"Error retrieving TTL, defaulting.","commit":"7655d9c","error":"\"knativebrokerttl\" not found"}
{"level":"info","ts":"2019-12-03T21:04:42.752Z","logger":"broker_ingress","caller":"ingress/ingress_handler.go:120","msg":"Error retrieving TTL, defaulting.","commit":"7655d9c","error":"\"knativebrokerttl\" not found"}
{"level":"info","ts":"2019-12-03T21:04:42.763Z","logger":"broker_ingress","caller":"ingress/ingress_handler.go:120","msg":"Error retrieving TTL, defaulting.","commit":"7655d9c","error":"\"knativebrokerttl\" not found"}
{"level":"info","ts":"2019-12-03T21:04:42.764Z","logger":"broker_ingress","caller":"ingress/ingress_handler.go:120","msg":"Error retrieving TTL, defaulting.","commit":"7655d9c","error":"\"knativebrokerttl\" not found"}
{"level":"info","ts":"2019-12-03T21:04:42.764Z","logger":"broker_ingress","caller":"ingress/ingress_handler.go:120","msg":"Error retrieving TTL, defaulting.","commit":"7655d9c","error":"\"knativebrokerttl\" not found"}
{"level":"info","ts":"2019-12-03T21:04:42.764Z","logger":"broker_ingress","caller":"ingress/ingress_handler.go:120","msg":"Error retrieving TTL, defaulting.","commit":"7655d9c","error":"\"knativebrokerttl\" not found"}
{"level":"info","ts":"2019-12-03T21:04:42.764Z","logger":"broker_ingress","caller":"ingress/ingress_handler.go:120","msg":"Error retrieving TTL, defaulting.","commit":"7655d9c","error":"\"knativebrokerttl\" not found"}
{"level":"info","ts":"2019-12-03T21:04:42.765Z","logger":"broker_ingress","caller":"ingress/ingress_handler.go:120","msg":"Error retrieving TTL, defaulting.","commit":"7655d9c","error":"\"knativebrokerttl\" not found"}
{"level":"info","ts":"2019-12-03T21:04:42.765Z","logger":"broker_ingress","caller":"ingress/ingress_handler.go:120","msg":"Error retrieving TTL, defaulting.","commit":"7655d9c","error":"\"knativebrokerttl\" not found"}
{"level":"info","ts":"2019-12-03T21:04:42.765Z","logger":"broker_ingress","caller":"ingress/ingress_handler.go:120","msg":"Error retrieving TTL, defaulting.","commit":"7655d9c","error":"\"knativebrokerttl\" not found"}
{"level":"info","ts":"2019-12-03T21:04:42.766Z","logger":"broker_ingress","caller":"ingress/ingress_handler.go:120","msg":"Error retrieving TTL, defaulting.","commit":"7655d9c","error":"\"knativebrokerttl\" not found"}
{"level":"info","ts":"2019-12-03T21:04:42.766Z","logger":"broker_ingress","caller":"ingress/ingress_handler.go:120","msg":"Error retrieving TTL, defaulting.","commit":"7655d9c","error":"\"knativebrokerttl\" not found"}
{"level":"info","ts":"2019-12-03T21:04:42.766Z","logger":"broker_ingress","caller":"ingress/ingress_handler.go:120","msg":"Error retrieving TTL, defaulting.","commit":"7655d9c","error":"\"knativebrokerttl\" not found"}
{"level":"info","ts":"2019-12-03T21:04:42.766Z","logger":"broker_ingress","caller":"ingress/ingress_handler.go:120","msg":"Error retrieving TTL, defaulting.","commit":"7655d9c","error":"\"knativebrokerttl\" not found"}
{"level":"info","ts":"2019-12-03T21:04:42.766Z","logger":"broker_ingress","caller":"ingress/ingress_handler.go:120","msg":"Error retrieving TTL, defaulting.","commit":"7655d9c","error":"\"knativebrokerttl\" not found"}
{"level":"info","ts":"2019-12-03T21:04:42.766Z","logger":"broker_ingress","caller":"ingress/ingress_handler.go:120","msg":"Error retrieving TTL, defaulting.","commit":"7655d9c","error":"\"knativebrokerttl\" not found"}
{"level":"info","ts":"2019-12-03T21:04:42.772Z","logger":"broker_ingress","caller":"ingress/ingress_handler.go:120","msg":"Error retrieving TTL, defaulting.","commit":"7655d9c","error":"\"knativebrokerttl\" not found"}
{"level":"info","ts":"2019-12-03T21:04:42.772Z","logger":"broker_ingress","caller":"ingress/ingress_handler.go:120","msg":"Error retrieving TTL, defaulting.","commit":"7655d9c","error":"\"knativebrokerttl\" not found"}
{"level":"info","ts":"2019-12-03T21:04:42.773Z","logger":"broker_ingress","caller":"ingress/ingress_handler.go:120","msg":"Error retrieving TTL, defaulting.","commit":"7655d9c","error":"\"knativebrokerttl\" not found"}
{"level":"info","ts":"2019-12-03T21:04:42.773Z","logger":"broker_ingress","caller":"ingress/ingress_handler.go:120","msg":"Error retrieving TTL, defaulting.","commit":"7655d9c","error":"\"knativebrokerttl\" not found"}
{"level":"info","ts":"2019-12-03T21:04:42.773Z","logger":"broker_ingress","caller":"ingress/ingress_handler.go:120","msg":"Error retrieving TTL, defaulting.","commit":"7655d9c","error":"\"knativebrokerttl\" not found"}
{"level":"info","ts":"2019-12-03T21:04:42.774Z","logger":"broker_ingress","caller":"ingress/ingress_handler.go:120","msg":"Error retrieving TTL, defaulting.","commit":"7655d9c","error":"\"knativebrokerttl\" not found"}
{"level":"info","ts":"2019-12-03T21:04:42.775Z","logger":"broker_ingress","caller":"ingress/ingress_handler.go:120","msg":"Error retrieving TTL, defaulting.","commit":"7655d9c","error":"\"knativebrokerttl\" not found"}
{"level":"info","ts":"2019-12-03T21:04:42.775Z","logger":"broker_ingress","caller":"ingress/ingress_handler.go:120","msg":"Error retrieving TTL, defaulting.","commit":"7655d9c","error":"\"knativebrokerttl\" not found"}
{"level":"info","ts":"2019-12-03T21:04:42.776Z","logger":"broker_ingress","caller":"ingress/ingress_handler.go:120","msg":"Error retrieving TTL, defaulting.","commit":"7655d9c","error":"\"knativebrokerttl\" not found"}
{"level":"info","ts":"2019-12-03T21:04:42.777Z","logger":"broker_ingress","caller":"ingress/ingress_handler.go:120","msg":"Error retrieving TTL, defaulting.","commit":"7655d9c","error":"\"knativebrokerttl\" not found"}
{"level":"info","ts":"2019-12-03T21:04:42.780Z","logger":"broker_ingress","caller":"ingress/ingress_handler.go:120","msg":"Error retrieving TTL, defaulting.","commit":"7655d9c","error":"\"knativebrokerttl\" not found"}
{"level":"info","ts":"2019-12-03T21:04:42.780Z","logger":"broker_ingress","caller":"ingress/ingress_handler.go:120","msg":"Error retrieving TTL, defaulting.","commit":"7655d9c","error":"\"knativebrokerttl\" not found"}
{"level":"info","ts":"2019-12-03T21:04:42.781Z","logger":"broker_ingress","caller":"ingress/ingress_handler.go:120","msg":"Error retrieving TTL, defaulting.","commit":"7655d9c","error":"\"knativebrokerttl\" not found"}
{"level":"info","ts":"2019-12-03T21:04:42.782Z","logger":"broker_ingress","caller":"ingress/ingress_handler.go:120","msg":"Error retrieving TTL, defaulting.","commit":"7655d9c","error":"\"knativebrokerttl\" not found"}
{"level":"info","ts":"2019-12-03T21:04:42.782Z","logger":"broker_ingress","caller":"ingress/ingress_handler.go:120","msg":"Error retrieving TTL, defaulting.","commit":"7655d9c","error":"\"knativebrokerttl\" not found"}
{"level":"info","ts":"2019-12-03T21:04:42.782Z","logger":"broker_ingress","caller":"ingress/ingress_handler.go:120","msg":"Error retrieving TTL, defaulting.","commit":"7655d9c","error":"\"knativebrokerttl\" not found"}
{"level":"info","ts":"2019-12-03T21:04:42.782Z","logger":"broker_ingress","caller":"ingress/ingress_handler.go:120","msg":"Error retrieving TTL, defaulting.","commit":"7655d9c","error":"\"knativebrokerttl\" not found"}
{"level":"info","ts":"2019-12-03T21:04:42.782Z","logger":"broker_ingress","caller":"ingress/ingress_handler.go:120","msg":"Error retrieving TTL, defaulting.","commit":"7655d9c","error":"\"knativebrokerttl\" not found"}
{"level":"info","ts":"2019-12-03T21:04:42.782Z","logger":"broker_ingress","caller":"ingress/ingress_handler.go:120","msg":"Error retrieving TTL, defaulting.","commit":"7655d9c","error":"\"knativebrokerttl\" not found"}
{"level":"info","ts":"2019-12-03T21:04:42.782Z","logger":"broker_ingress","caller":"ingress/ingress_handler.go:120","msg":"Error retrieving TTL, defaulting.","commit":"7655d9c","error":"\"knativebrokerttl\" not found"}
{"level":"info","ts":"2019-12-03T21:04:42.783Z","logger":"broker_ingress","caller":"ingress/ingress_handler.go:120","msg":"Error retrieving TTL, defaulting.","commit":"7655d9c","error":"\"knativebrokerttl\" not found"}
{"level":"info","ts":"2019-12-03T21:04:42.783Z","logger":"broker_ingress","caller":"ingress/ingress_handler.go:120","msg":"Error retrieving TTL, defaulting.","commit":"7655d9c","error":"\"knativebrokerttl\" not found"}
{"level":"info","ts":"2019-12-03T21:04:42.784Z","logger":"broker_ingress","caller":"ingress/ingress_handler.go:120","msg":"Error retrieving TTL, defaulting.","commit":"7655d9c","error":"\"knativebrokerttl\" not found"}
{"level":"info","ts":"2019-12-03T21:04:42.785Z","logger":"broker_ingress","caller":"ingress/ingress_handler.go:120","msg":"Error retrieving TTL, defaulting.","commit":"7655d9c","error":"\"knativebrokerttl\" not found"}
{"level":"info","ts":"2019-12-03T21:04:42.785Z","logger":"broker_ingress","caller":"ingress/ingress_handler.go:120","msg":"Error retrieving TTL, defaulting.","commit":"7655d9c","error":"\"knativebrokerttl\" not found"}
{"level":"info","ts":"2019-12-03T21:04:42.785Z","logger":"broker_ingress","caller":"ingress/ingress_handler.go:120","msg":"Error retrieving TTL, defaulting.","commit":"7655d9c","error":"\"knativebrokerttl\" not found"}
{"level":"info","ts":"2019-12-03T21:04:42.785Z","logger":"broker_ingress","caller":"ingress/ingress_handler.go:120","msg":"Error retrieving TTL, defaulting.","commit":"7655d9c","error":"\"knativebrokerttl\" not found"}
{"level":"info","ts":"2019-12-03T21:04:42.785Z","logger":"broker_ingress","caller":"ingress/ingress_handler.go:120","msg":"Error retrieving TTL, defaulting.","commit":"7655d9c","error":"\"knativebrokerttl\" not found"}
{"level":"info","ts":"2019-12-03T21:04:42.785Z","logger":"broker_ingress","caller":"ingress/ingress_handler.go:120","msg":"Error retrieving TTL, defaulting.","commit":"7655d9c","error":"\"knativebrokerttl\" not found"}
{"level":"info","ts":"2019-12-03T21:04:42.785Z","logger":"broker_ingress","caller":"ingress/ingress_handler.go:120","msg":"Error retrieving TTL, defaulting.","commit":"7655d9c","error":"\"knativebrokerttl\" not found"}
{"level":"info","ts":"2019-12-03T21:04:42.785Z","logger":"broker_ingress","caller":"ingress/ingress_handler.go:120","msg":"Error retrieving TTL, defaulting.","commit":"7655d9c","error":"\"knativebrokerttl\" not found"}
{"level":"info","ts":"2019-12-03T21:04:42.785Z","logger":"broker_ingress","caller":"ingress/ingress_handler.go:120","msg":"Error retrieving TTL, defaulting.","commit":"7655d9c","error":"\"knativebrokerttl\" not found"}
{"level":"info","ts":"2019-12-03T21:04:42.786Z","logger":"broker_ingress","caller":"ingress/ingress_handler.go:120","msg":"Error retrieving TTL, defaulting.","commit":"7655d9c","error":"\"knativebrokerttl\" not found"}
{"level":"info","ts":"2019-12-03T21:04:42.786Z","logger":"broker_ingress","caller":"ingress/ingress_handler.go:120","msg":"Error retrieving TTL, defaulting.","commit":"7655d9c","error":"\"knativebrokerttl\" not found"}
{"level":"info","ts":"2019-12-03T21:04:42.786Z","logger":"broker_ingress","caller":"ingress/ingress_handler.go:120","msg":"Error retrieving TTL, defaulting.","commit":"7655d9c","error":"\"knativebrokerttl\" not found"}
{"level":"info","ts":"2019-12-03T21:04:42.786Z","logger":"broker_ingress","caller":"ingress/ingress_handler.go:120","msg":"Error retrieving TTL, defaulting.","commit":"7655d9c","error":"\"knativebrokerttl\" not found"}
{"level":"info","ts":"2019-12-03T21:04:42.786Z","logger":"broker_ingress","caller":"ingress/ingress_handler.go:120","msg":"Error retrieving TTL, defaulting.","commit":"7655d9c","error":"\"knativebrokerttl\" not found"}
{"level":"info","ts":"2019-12-03T21:04:42.787Z","logger":"broker_ingress","caller":"ingress/ingress_handler.go:120","msg":"Error retrieving TTL, defaulting.","commit":"7655d9c","error":"\"knativebrokerttl\" not found"}
{"level":"info","ts":"2019-12-03T21:04:42.787Z","logger":"broker_ingress","caller":"ingress/ingress_handler.go:120","msg":"Error retrieving TTL, defaulting.","commit":"7655d9c","error":"\"knativebrokerttl\" not found"}
{"level":"info","ts":"2019-12-03T21:04:42.787Z","logger":"broker_ingress","caller":"ingress/ingress_handler.go:120","msg":"Error retrieving TTL, defaulting.","commit":"7655d9c","error":"\"knativebrokerttl\" not found"}
{"level":"info","ts":"2019-12-03T21:04:42.787Z","logger":"broker_ingress","caller":"ingress/ingress_handler.go:120","msg":"Error retrieving TTL, defaulting.","commit":"7655d9c","error":"\"knativebrokerttl\" not found"}
{"level":"info","ts":"2019-12-03T21:04:42.787Z","logger":"broker_ingress","caller":"ingress/ingress_handler.go:120","msg":"Error retrieving TTL, defaulting.","commit":"7655d9c","error":"\"knativebrokerttl\" not found"}
{"level":"info","ts":"2019-12-03T21:04:42.787Z","logger":"broker_ingress","caller":"ingress/ingress_handler.go:120","msg":"Error retrieving TTL, defaulting.","commit":"7655d9c","error":"\"knativebrokerttl\" not found"}
{"level":"info","ts":"2019-12-03T21:04:42.787Z","logger":"broker_ingress","caller":"ingress/ingress_handler.go:120","msg":"Error retrieving TTL, defaulting.","commit":"7655d9c","error":"\"knativebrokerttl\" not found"}
{"level":"info","ts":"2019-12-03T21:04:42.787Z","logger":"broker_ingress","caller":"ingress/ingress_handler.go:120","msg":"Error retrieving TTL, defaulting.","commit":"7655d9c","error":"\"knativebrokerttl\" not found"}
{"level":"info","ts":"2019-12-03T21:04:42.787Z","logger":"broker_ingress","caller":"ingress/ingress_handler.go:120","msg":"Error retrieving TTL, defaulting.","commit":"7655d9c","error":"\"knativebrokerttl\" not found"}
{"level":"info","ts":"2019-12-03T21:04:42.788Z","logger":"broker_ingress","caller":"ingress/ingress_handler.go:120","msg":"Error retrieving TTL, defaulting.","commit":"7655d9c","error":"\"knativebrokerttl\" not found"}
{"level":"info","ts":"2019-12-03T21:04:42.788Z","logger":"broker_ingress","caller":"ingress/ingress_handler.go:120","msg":"Error retrieving TTL, defaulting.","commit":"7655d9c","error":"\"knativebrokerttl\" not found"}
{"level":"info","ts":"2019-12-03T21:04:42.788Z","logger":"broker_ingress","caller":"ingress/ingress_handler.go:120","msg":"Error retrieving TTL, defaulting.","commit":"7655d9c","error":"\"knativebrokerttl\" not found"}
{"level":"info","ts":"2019-12-03T21:04:42.788Z","logger":"broker_ingress","caller":"ingress/ingress_handler.go:120","msg":"Error retrieving TTL, defaulting.","commit":"7655d9c","error":"\"knativebrokerttl\" not found"}
{"level":"info","ts":"2019-12-03T21:04:42.788Z","logger":"broker_ingress","caller":"ingress/ingress_handler.go:120","msg":"Error retrieving TTL, defaulting.","commit":"7655d9c","error":"\"knativebrokerttl\" not found"}
{"level":"info","ts":"2019-12-03T21:04:42.788Z","logger":"broker_ingress","caller":"ingress/ingress_handler.go:120","msg":"Error retrieving TTL, defaulting.","commit":"7655d9c","error":"\"knativebrokerttl\" not found"}
{"level":"info","ts":"2019-12-03T21:04:42.788Z","logger":"broker_ingress","caller":"ingress/ingress_handler.go:120","msg":"Error retrieving TTL, defaulting.","commit":"7655d9c","error":"\"knativebrokerttl\" not found"}
{"level":"info","ts":"2019-12-03T21:04:42.789Z","logger":"broker_ingress","caller":"ingress/ingress_handler.go:120","msg":"Error retrieving TTL, defaulting.","commit":"7655d9c","error":"\"knativebrokerttl\" not found"}
{"level":"info","ts":"2019-12-03T21:04:42.789Z","logger":"broker_ingress","caller":"ingress/ingress_handler.go:120","msg":"Error retrieving TTL, defaulting.","commit":"7655d9c","error":"\"knativebrokerttl\" not found"}
{"level":"info","ts":"2019-12-03T21:04:42.789Z","logger":"broker_ingress","caller":"ingress/ingress_handler.go:120","msg":"Error retrieving TTL, defaulting.","commit":"7655d9c","error":"\"knativebrokerttl\" not found"}
{"level":"info","ts":"2019-12-03T21:04:42.789Z","logger":"broker_ingress","caller":"ingress/ingress_handler.go:120","msg":"Error retrieving TTL, defaulting.","commit":"7655d9c","error":"\"knativebrokerttl\" not found"}
{"level":"info","ts":"2019-12-03T21:04:42.789Z","logger":"broker_ingress","caller":"ingress/ingress_handler.go:120","msg":"Error retrieving TTL, defaulting.","commit":"7655d9c","error":"\"knativebrokerttl\" not found"}
{"level":"info","ts":"2019-12-03T21:04:42.791Z","logger":"broker_ingress","caller":"ingress/ingress_handler.go:120","msg":"Error retrieving TTL, defaulting.","commit":"7655d9c","error":"\"knativebrokerttl\" not found"}
{"level":"info","ts":"2019-12-03T21:04:42.791Z","logger":"broker_ingress","caller":"ingress/ingress_handler.go:120","msg":"Error retrieving TTL, defaulting.","commit":"7655d9c","error":"\"knativebrokerttl\" not found"}
{"level":"info","ts":"2019-12-03T21:04:42.791Z","logger":"broker_ingress","caller":"ingress/ingress_handler.go:120","msg":"Error retrieving TTL, defaulting.","commit":"7655d9c","error":"\"knativebrokerttl\" not found"}
{"level":"info","ts":"2019-12-03T21:04:42.792Z","logger":"broker_ingress","caller":"ingress/ingress_handler.go:120","msg":"Error retrieving TTL, defaulting.","commit":"7655d9c","error":"\"knativebrokerttl\" not found"}
{"level":"info","ts":"2019-12-03T21:04:42.788Z","logger":"broker_ingress","caller":"ingress/ingress_handler.go:120","msg":"Error retrieving TTL, defaulting.","commit":"7655d9c","error":"\"knativebrokerttl\" not found"}
{"level":"info","ts":"2019-12-03T21:04:42.794Z","logger":"broker_ingress","caller":"ingress/ingress_handler.go:120","msg":"Error retrieving TTL, defaulting.","commit":"7655d9c","error":"\"knativebrokerttl\" not found"}
{"level":"info","ts":"2019-12-03T21:04:42.794Z","logger":"broker_ingress","caller":"ingress/ingress_handler.go:120","msg":"Error retrieving TTL, defaulting.","commit":"7655d9c","error":"\"knativebrokerttl\" not found"}
{"level":"info","ts":"2019-12-03T21:04:42.794Z","logger":"broker_ingress","caller":"ingress/ingress_handler.go:120","msg":"Error retrieving TTL, defaulting.","commit":"7655d9c","error":"\"knativebrokerttl\" not found"}
{"level":"info","ts":"2019-12-03T21:04:42.794Z","logger":"broker_ingress","caller":"ingress/ingress_handler.go:120","msg":"Error retrieving TTL, defaulting.","commit":"7655d9c","error":"\"knativebrokerttl\" not found"}
{"level":"info","ts":"2019-12-03T21:04:42.795Z","logger":"broker_ingress","caller":"ingress/ingress_handler.go:120","msg":"Error retrieving TTL, defaulting.","commit":"7655d9c","error":"\"knativebrokerttl\" not found"}
{"level":"info","ts":"2019-12-03T21:04:42.796Z","logger":"broker_ingress","caller":"ingress/ingress_handler.go:120","msg":"Error retrieving TTL, defaulting.","commit":"7655d9c","error":"\"knativebrokerttl\" not found"}
{"level":"info","ts":"2019-12-03T21:04:42.797Z","logger":"broker_ingress","caller":"ingress/ingress_handler.go:120","msg":"Error retrieving TTL, defaulting.","commit":"7655d9c","error":"\"knativebrokerttl\" not found"}
{"level":"info","ts":"2019-12-03T21:04:42.797Z","logger":"broker_ingress","caller":"ingress/ingress_handler.go:120","msg":"Error retrieving TTL, defaulting.","commit":"7655d9c","error":"\"knativebrokerttl\" not found"}
{"level":"info","ts":"2019-12-03T21:04:42.797Z","logger":"broker_ingress","caller":"ingress/ingress_handler.go:120","msg":"Error retrieving TTL, defaulting.","commit":"7655d9c","error":"\"knativebrokerttl\" not found"}
{"level":"info","ts":"2019-12-03T21:04:42.797Z","logger":"broker_ingress","caller":"ingress/ingress_handler.go:120","msg":"Error retrieving TTL, defaulting.","commit":"7655d9c","error":"\"knativebrokerttl\" not found"}
{"level":"info","ts":"2019-12-03T21:04:42.797Z","logger":"broker_ingress","caller":"ingress/ingress_handler.go:120","msg":"Error retrieving TTL, defaulting.","commit":"7655d9c","error":"\"knativebrokerttl\" not found"}
{"level":"info","ts":"2019-12-03T21:04:42.800Z","logger":"broker_ingress","caller":"ingress/ingress_handler.go:120","msg":"Error retrieving TTL, defaulting.","commit":"7655d9c","error":"\"knativebrokerttl\" not found"}
{"level":"info","ts":"2019-12-03T21:04:42.800Z","logger":"broker_ingress","caller":"ingress/ingress_handler.go:120","msg":"Error retrieving TTL, defaulting.","commit":"7655d9c","error":"\"knativebrokerttl\" not found"}
{"level":"info","ts":"2019-12-03T21:04:42.800Z","logger":"broker_ingress","caller":"ingress/ingress_handler.go:120","msg":"Error retrieving TTL, defaulting.","commit":"7655d9c","error":"\"knativebrokerttl\" not found"}
{"level":"info","ts":"2019-12-03T21:04:42.801Z","logger":"broker_ingress","caller":"ingress/ingress_handler.go:120","msg":"Error retrieving TTL, defaulting.","commit":"7655d9c","error":"\"knativebrokerttl\" not found"}
{"level":"info","ts":"2019-12-03T21:04:42.802Z","logger":"broker_ingress","caller":"ingress/ingress_handler.go:120","msg":"Error retrieving TTL, defaulting.","commit":"7655d9c","error":"\"knativebrokerttl\" not found"}
{"level":"info","ts":"2019-12-03T21:04:42.802Z","logger":"broker_ingress","caller":"ingress/ingress_handler.go:120","msg":"Error retrieving TTL, defaulting.","commit":"7655d9c","error":"\"knativebrokerttl\" not found"}
{"level":"info","ts":"2019-12-03T21:04:42.807Z","logger":"broker_ingress","caller":"ingress/ingress_handler.go:120","msg":"Error retrieving TTL, defaulting.","commit":"7655d9c","error":"\"knativebrokerttl\" not found"}
{"level":"info","ts":"2019-12-03T21:04:42.807Z","logger":"broker_ingress","caller":"ingress/ingress_handler.go:120","msg":"Error retrieving TTL, defaulting.","commit":"7655d9c","error":"\"knativebrokerttl\" not found"}
{"level":"info","ts":"2019-12-03T21:04:42.808Z","logger":"broker_ingress","caller":"ingress/ingress_handler.go:120","msg":"Error retrieving TTL, defaulting.","commit":"7655d9c","error":"\"knativebrokerttl\" not found"}
{"level":"info","ts":"2019-12-03T21:04:42.808Z","logger":"broker_ingress","caller":"ingress/ingress_handler.go:120","msg":"Error retrieving TTL, defaulting.","commit":"7655d9c","error":"\"knativebrokerttl\" not found"}
{"level":"info","ts":"2019-12-03T21:04:42.808Z","logger":"broker_ingress","caller":"ingress/ingress_handler.go:120","msg":"Error retrieving TTL, defaulting.","commit":"7655d9c","error":"\"knativebrokerttl\" not found"}
{"level":"info","ts":"2019-12-03T21:04:42.813Z","logger":"broker_ingress","caller":"ingress/ingress_handler.go:120","msg":"Error retrieving TTL, defaulting.","commit":"7655d9c","error":"\"knativebrokerttl\" not found"}
{"level":"info","ts":"2019-12-03T21:04:42.813Z","logger":"broker_ingress","caller":"ingress/ingress_handler.go:120","msg":"Error retrieving TTL, defaulting.","commit":"7655d9c","error":"\"knativebrokerttl\" not found"}
{"level":"info","ts":"2019-12-03T21:04:42.813Z","logger":"broker_ingress","caller":"ingress/ingress_handler.go:120","msg":"Error retrieving TTL, defaulting.","commit":"7655d9c","error":"\"knativebrokerttl\" not found"}
{"level":"info","ts":"2019-12-03T21:04:42.813Z","logger":"broker_ingress","caller":"ingress/ingress_handler.go:120","msg":"Error retrieving TTL, defaulting.","commit":"7655d9c","error":"\"knativebrokerttl\" not found"}
{"level":"info","ts":"2019-12-03T21:04:42.813Z","logger":"broker_ingress","caller":"ingress/ingress_handler.go:120","msg":"Error retrieving TTL, defaulting.","commit":"7655d9c","error":"\"knativebrokerttl\" not found"}
{"level":"info","ts":"2019-12-03T21:04:42.814Z","logger":"broker_ingress","caller":"ingress/ingress_handler.go:120","msg":"Error retrieving TTL, defaulting.","commit":"7655d9c","error":"\"knativebrokerttl\" not found"}
{"level":"info","ts":"2019-12-03T21:04:42.815Z","logger":"broker_ingress","caller":"ingress/ingress_handler.go:120","msg":"Error retrieving TTL, defaulting.","commit":"7655d9c","error":"\"knativebrokerttl\" not found"}
{"level":"info","ts":"2019-12-03T21:04:42.815Z","logger":"broker_ingress","caller":"ingress/ingress_handler.go:120","msg":"Error retrieving TTL, defaulting.","commit":"7655d9c","error":"\"knativebrokerttl\" not found"}
{"level":"info","ts":"2019-12-03T21:04:42.816Z","logger":"broker_ingress","caller":"ingress/ingress_handler.go:120","msg":"Error retrieving TTL, defaulting.","commit":"7655d9c","error":"\"knativebrokerttl\" not found"}
{"level":"info","ts":"2019-12-03T21:04:42.817Z","logger":"broker_ingress","caller":"ingress/ingress_handler.go:120","msg":"Error retrieving TTL, defaulting.","commit":"7655d9c","error":"\"knativebrokerttl\" not found"}
{"level":"info","ts":"2019-12-03T21:04:42.814Z","logger":"broker_ingress","caller":"ingress/ingress_handler.go:120","msg":"Error retrieving TTL, defaulting.","commit":"7655d9c","error":"\"knativebrokerttl\" not found"}
{"level":"info","ts":"2019-12-03T21:04:42.818Z","logger":"broker_ingress","caller":"ingress/ingress_handler.go:120","msg":"Error retrieving TTL, defaulting.","commit":"7655d9c","error":"\"knativebrokerttl\" not found"}
{"level":"info","ts":"2019-12-03T21:04:42.819Z","logger":"broker_ingress","caller":"ingress/ingress_handler.go:120","msg":"Error retrieving TTL, defaulting.","commit":"7655d9c","error":"\"knativebrokerttl\" not found"}
{"level":"info","ts":"2019-12-03T21:04:42.820Z","logger":"broker_ingress","caller":"ingress/ingress_handler.go:120","msg":"Error retrieving TTL, defaulting.","commit":"7655d9c","error":"\"knativebrokerttl\" not found"}
{"level":"info","ts":"2019-12-03T21:04:42.820Z","logger":"broker_ingress","caller":"ingress/ingress_handler.go:120","msg":"Error retrieving TTL, defaulting.","commit":"7655d9c","error":"\"knativebrokerttl\" not found"}
{"level":"info","ts":"2019-12-03T21:04:42.821Z","logger":"broker_ingress","caller":"ingress/ingress_handler.go:120","msg":"Error retrieving TTL, defaulting.","commit":"7655d9c","error":"\"knativebrokerttl\" not found"}
{"level":"info","ts":"2019-12-03T21:04:42.822Z","logger":"broker_ingress","caller":"ingress/ingress_handler.go:120","msg":"Error retrieving TTL, defaulting.","commit":"7655d9c","error":"\"knativebrokerttl\" not found"}
{"level":"info","ts":"2019-12-03T21:04:42.824Z","logger":"broker_ingress","caller":"ingress/ingress_handler.go:120","msg":"Error retrieving TTL, defaulting.","commit":"7655d9c","error":"\"knativebrokerttl\" not found"}
{"level":"info","ts":"2019-12-03T21:04:42.824Z","logger":"broker_ingress","caller":"ingress/ingress_handler.go:120","msg":"Error retrieving TTL, defaulting.","commit":"7655d9c","error":"\"knativebrokerttl\" not found"}
{"level":"info","ts":"2019-12-03T21:04:42.825Z","logger":"broker_ingress","caller":"ingress/ingress_handler.go:120","msg":"Error retrieving TTL, defaulting.","commit":"7655d9c","error":"\"knativebrokerttl\" not found"}
{"level":"info","ts":"2019-12-03T21:04:42.826Z","logger":"broker_ingress","caller":"ingress/ingress_handler.go:120","msg":"Error retrieving TTL, defaulting.","commit":"7655d9c","error":"\"knativebrokerttl\" not found"}
{"level":"info","ts":"2019-12-03T21:04:42.829Z","logger":"broker_ingress","caller":"ingress/ingress_handler.go:120","msg":"Error retrieving TTL, defaulting.","commit":"7655d9c","error":"\"knativebrokerttl\" not found"}
{"level":"info","ts":"2019-12-03T21:04:42.830Z","logger":"broker_ingress","caller":"ingress/ingress_handler.go:120","msg":"Error retrieving TTL, defaulting.","commit":"7655d9c","error":"\"knativebrokerttl\" not found"}
{"level":"info","ts":"2019-12-03T21:04:42.830Z","logger":"broker_ingress","caller":"ingress/ingress_handler.go:120","msg":"Error retrieving TTL, defaulting.","commit":"7655d9c","error":"\"knativebrokerttl\" not found"}
{"level":"info","ts":"2019-12-03T21:04:42.830Z","logger":"broker_ingress","caller":"ingress/ingress_handler.go:120","msg":"Error retrieving TTL, defaulting.","commit":"7655d9c","error":"\"knativebrokerttl\" not found"}
{"level":"info","ts":"2019-12-03T21:04:42.831Z","logger":"broker_ingress","caller":"ingress/ingress_handler.go:120","msg":"Error retrieving TTL, defaulting.","commit":"7655d9c","error":"\"knativebrokerttl\" not found"}
{"level":"info","ts":"2019-12-03T21:04:42.834Z","logger":"broker_ingress","caller":"ingress/ingress_handler.go:120","msg":"Error retrieving TTL, defaulting.","commit":"7655d9c","error":"\"knativebrokerttl\" not found"}
{"level":"info","ts":"2019-12-03T21:04:42.834Z","logger":"broker_ingress","caller":"ingress/ingress_handler.go:120","msg":"Error retrieving TTL, defaulting.","commit":"7655d9c","error":"\"knativebrokerttl\" not found"}
{"level":"info","ts":"2019-12-03T21:04:42.834Z","logger":"broker_ingress","caller":"ingress/ingress_handler.go:120","msg":"Error retrieving TTL, defaulting.","commit":"7655d9c","error":"\"knativebrokerttl\" not found"}
{"level":"info","ts":"2019-12-03T21:04:42.835Z","logger":"broker_ingress","caller":"ingress/ingress_handler.go:120","msg":"Error retrieving TTL, defaulting.","commit":"7655d9c","error":"\"knativebrokerttl\" not found"}
{"level":"info","ts":"2019-12-03T21:04:42.837Z","logger":"broker_ingress","caller":"ingress/ingress_handler.go:120","msg":"Error retrieving TTL, defaulting.","commit":"7655d9c","error":"\"knativebrokerttl\" not found"}
{"level":"info","ts":"2019-12-03T21:04:42.838Z","logger":"broker_ingress","caller":"ingress/ingress_handler.go:120","msg":"Error retrieving TTL, defaulting.","commit":"7655d9c","error":"\"knativebrokerttl\" not found"}
{"level":"info","ts":"2019-12-03T21:04:42.838Z","logger":"broker_ingress","caller":"ingress/ingress_handler.go:120","msg":"Error retrieving TTL, defaulting.","commit":"7655d9c","error":"\"knativebrokerttl\" not found"}
{"level":"info","ts":"2019-12-03T21:04:42.838Z","logger":"broker_ingress","caller":"ingress/ingress_handler.go:120","msg":"Error retrieving TTL, defaulting.","commit":"7655d9c","error":"\"knativebrokerttl\" not found"}
{"level":"info","ts":"2019-12-03T21:04:42.839Z","logger":"broker_ingress","caller":"ingress/ingress_handler.go:120","msg":"Error retrieving TTL, defaulting.","commit":"7655d9c","error":"\"knativebrokerttl\" not found"}
{"level":"info","ts":"2019-12-03T21:04:42.840Z","logger":"broker_ingress","caller":"ingress/ingress_handler.go:120","msg":"Error retrieving TTL, defaulting.","commit":"7655d9c","error":"\"knativebrokerttl\" not found"}
{"level":"info","ts":"2019-12-03T21:04:42.842Z","logger":"broker_ingress","caller":"ingress/ingress_handler.go:120","msg":"Error retrieving TTL, defaulting.","commit":"7655d9c","error":"\"knativebrokerttl\" not found"}
{"level":"info","ts":"2019-12-03T21:04:42.843Z","logger":"broker_ingress","caller":"ingress/ingress_handler.go:120","msg":"Error retrieving TTL, defaulting.","commit":"7655d9c","error":"\"knativebrokerttl\" not found"}
{"level":"info","ts":"2019-12-03T21:04:42.843Z","logger":"broker_ingress","caller":"ingress/ingress_handler.go:120","msg":"Error retrieving TTL, defaulting.","commit":"7655d9c","error":"\"knativebrokerttl\" not found"}
{"level":"info","ts":"2019-12-03T21:04:42.847Z","logger":"broker_ingress","caller":"ingress/ingress_handler.go:120","msg":"Error retrieving TTL, defaulting.","commit":"7655d9c","error":"\"knativebrokerttl\" not found"}
{"level":"info","ts":"2019-12-03T21:04:42.847Z","logger":"broker_ingress","caller":"ingress/ingress_handler.go:120","msg":"Error retrieving TTL, defaulting.","commit":"7655d9c","error":"\"knativebrokerttl\" not found"}
{"level":"info","ts":"2019-12-03T21:04:42.847Z","logger":"broker_ingress","caller":"ingress/ingress_handler.go:120","msg":"Error retrieving TTL, defaulting.","commit":"7655d9c","error":"\"knativebrokerttl\" not found"}
{"level":"info","ts":"2019-12-03T21:04:42.848Z","logger":"broker_ingress","caller":"ingress/ingress_handler.go:120","msg":"Error retrieving TTL, defaulting.","commit":"7655d9c","error":"\"knativebrokerttl\" not found"}
{"level":"info","ts":"2019-12-03T21:04:42.848Z","logger":"broker_ingress","caller":"ingress/ingress_handler.go:120","msg":"Error retrieving TTL, defaulting.","commit":"7655d9c","error":"\"knativebrokerttl\" not found"}
{"level":"info","ts":"2019-12-03T21:04:42.848Z","logger":"broker_ingress","caller":"ingress/ingress_handler.go:120","msg":"Error retrieving TTL, defaulting.","commit":"7655d9c","error":"\"knativebrokerttl\" not found"}
{"level":"info","ts":"2019-12-03T21:04:42.851Z","logger":"broker_ingress","caller":"ingress/ingress_handler.go:120","msg":"Error retrieving TTL, defaulting.","commit":"7655d9c","error":"\"knativebrokerttl\" not found"}
{"level":"info","ts":"2019-12-03T21:04:42.851Z","logger":"broker_ingress","caller":"ingress/ingress_handler.go:120","msg":"Error retrieving TTL, defaulting.","commit":"7655d9c","error":"\"knativebrokerttl\" not found"}
{"level":"info","ts":"2019-12-03T21:04:42.851Z","logger":"broker_ingress","caller":"ingress/ingress_handler.go:120","msg":"Error retrieving TTL, defaulting.","commit":"7655d9c","error":"\"knativebrokerttl\" not found"}
{"level":"info","ts":"2019-12-03T21:04:42.852Z","logger":"broker_ingress","caller":"ingress/ingress_handler.go:120","msg":"Error retrieving TTL, defaulting.","commit":"7655d9c","error":"\"knativebrokerttl\" not found"}
{"level":"info","ts":"2019-12-03T21:04:42.866Z","logger":"broker_ingress","caller":"ingress/ingress_handler.go:120","msg":"Error retrieving TTL, defaulting.","commit":"7655d9c","error":"\"knativebrokerttl\" not found"}
{"level":"info","ts":"2019-12-03T21:04:42.866Z","logger":"broker_ingress","caller":"ingress/ingress_handler.go:120","msg":"Error retrieving TTL, defaulting.","commit":"7655d9c","error":"\"knativebrokerttl\" not found"}
{"level":"info","ts":"2019-12-03T21:04:42.866Z","logger":"broker_ingress","caller":"ingress/ingress_handler.go:120","msg":"Error retrieving TTL, defaulting.","commit":"7655d9c","error":"\"knativebrokerttl\" not found"}
{"level":"info","ts":"2019-12-03T21:04:42.867Z","logger":"broker_ingress","caller":"ingress/ingress_handler.go:120","msg":"Error retrieving TTL, defaulting.","commit":"7655d9c","error":"\"knativebrokerttl\" not found"}
{"level":"info","ts":"2019-12-03T21:04:42.867Z","logger":"broker_ingress","caller":"ingress/ingress_handler.go:120","msg":"Error retrieving TTL, defaulting.","commit":"7655d9c","error":"\"knativebrokerttl\" not found"}
{"level":"info","ts":"2019-12-03T21:04:42.867Z","logger":"broker_ingress","caller":"ingress/ingress_handler.go:120","msg":"Error retrieving TTL, defaulting.","commit":"7655d9c","error":"\"knativebrokerttl\" not found"}
{"level":"info","ts":"2019-12-03T21:04:42.867Z","logger":"broker_ingress","caller":"ingress/ingress_handler.go:120","msg":"Error retrieving TTL, defaulting.","commit":"7655d9c","error":"\"knativebrokerttl\" not found"}
{"level":"info","ts":"2019-12-03T21:04:42.867Z","logger":"broker_ingress","caller":"ingress/ingress_handler.go:120","msg":"Error retrieving TTL, defaulting.","commit":"7655d9c","error":"\"knativebrokerttl\" not found"}
{"level":"info","ts":"2019-12-03T21:04:42.867Z","logger":"broker_ingress","caller":"ingress/ingress_handler.go:120","msg":"Error retrieving TTL, defaulting.","commit":"7655d9c","error":"\"knativebrokerttl\" not found"}
{"level":"info","ts":"2019-12-03T21:04:42.867Z","logger":"broker_ingress","caller":"ingress/ingress_handler.go:120","msg":"Error retrieving TTL, defaulting.","commit":"7655d9c","error":"\"knativebrokerttl\" not found"}
{"level":"info","ts":"2019-12-03T21:04:42.867Z","logger":"broker_ingress","caller":"ingress/ingress_handler.go:120","msg":"Error retrieving TTL, defaulting.","commit":"7655d9c","error":"\"knativebrokerttl\" not found"}
{"level":"info","ts":"2019-12-03T21:04:42.868Z","logger":"broker_ingress","caller":"ingress/ingress_handler.go:120","msg":"Error retrieving TTL, defaulting.","commit":"7655d9c","error":"\"knativebrokerttl\" not found"}
{"level":"info","ts":"2019-12-03T21:04:42.869Z","logger":"broker_ingress","caller":"ingress/ingress_handler.go:120","msg":"Error retrieving TTL, defaulting.","commit":"7655d9c","error":"\"knativebrokerttl\" not found"}
{"level":"info","ts":"2019-12-03T21:04:42.869Z","logger":"broker_ingress","caller":"ingress/ingress_handler.go:120","msg":"Error retrieving TTL, defaulting.","commit":"7655d9c","error":"\"knativebrokerttl\" not found"}
{"level":"info","ts":"2019-12-03T21:04:42.869Z","logger":"broker_ingress","caller":"ingress/ingress_handler.go:120","msg":"Error retrieving TTL, defaulting.","commit":"7655d9c","error":"\"knativebrokerttl\" not found"}
{"level":"info","ts":"2019-12-03T21:04:42.869Z","logger":"broker_ingress","caller":"ingress/ingress_handler.go:120","msg":"Error retrieving TTL, defaulting.","commit":"7655d9c","error":"\"knativebrokerttl\" not found"}
{"level":"info","ts":"2019-12-03T21:04:42.870Z","logger":"broker_ingress","caller":"ingress/ingress_handler.go:120","msg":"Error retrieving TTL, defaulting.","commit":"7655d9c","error":"\"knativebrokerttl\" not found"}
{"level":"info","ts":"2019-12-03T21:04:42.871Z","logger":"broker_ingress","caller":"ingress/ingress_handler.go:120","msg":"Error retrieving TTL, defaulting.","commit":"7655d9c","error":"\"knativebrokerttl\" not found"}
{"level":"info","ts":"2019-12-03T21:04:42.871Z","logger":"broker_ingress","caller":"ingress/ingress_handler.go:120","msg":"Error retrieving TTL, defaulting.","commit":"7655d9c","error":"\"knativebrokerttl\" not found"}
{"level":"info","ts":"2019-12-03T21:04:42.871Z","logger":"broker_ingress","caller":"ingress/ingress_handler.go:120","msg":"Error retrieving TTL, defaulting.","commit":"7655d9c","error":"\"knativebrokerttl\" not found"}
{"level":"info","ts":"2019-12-03T21:04:42.872Z","logger":"broker_ingress","caller":"ingress/ingress_handler.go:120","msg":"Error retrieving TTL, defaulting.","commit":"7655d9c","error":"\"knativebrokerttl\" not found"}
{"level":"info","ts":"2019-12-03T21:04:42.875Z","logger":"broker_ingress","caller":"ingress/ingress_handler.go:120","msg":"Error retrieving TTL, defaulting.","commit":"7655d9c","error":"\"knativebrokerttl\" not found"}
{"level":"info","ts":"2019-12-03T21:04:42.875Z","logger":"broker_ingress","caller":"ingress/ingress_handler.go:120","msg":"Error retrieving TTL, defaulting.","commit":"7655d9c","error":"\"knativebrokerttl\" not found"}
{"level":"info","ts":"2019-12-03T21:04:42.875Z","logger":"broker_ingress","caller":"ingress/ingress_handler.go:120","msg":"Error retrieving TTL, defaulting.","commit":"7655d9c","error":"\"knativebrokerttl\" not found"}
{"level":"info","ts":"2019-12-03T21:04:42.875Z","logger":"broker_ingress","caller":"ingress/ingress_handler.go:120","msg":"Error retrieving TTL, defaulting.","commit":"7655d9c","error":"\"knativebrokerttl\" not found"}
{"level":"info","ts":"2019-12-03T21:04:42.876Z","logger":"broker_ingress","caller":"ingress/ingress_handler.go:120","msg":"Error retrieving TTL, defaulting.","commit":"7655d9c","error":"\"knativebrokerttl\" not found"}
{"level":"info","ts":"2019-12-03T21:04:42.876Z","logger":"broker_ingress","caller":"ingress/ingress_handler.go:120","msg":"Error retrieving TTL, defaulting.","commit":"7655d9c","error":"\"knativebrokerttl\" not found"}
{"level":"info","ts":"2019-12-03T21:04:42.877Z","logger":"broker_ingress","caller":"ingress/ingress_handler.go:120","msg":"Error retrieving TTL, defaulting.","commit":"7655d9c","error":"\"knativebrokerttl\" not found"}
{"level":"info","ts":"2019-12-03T21:04:42.884Z","logger":"broker_ingress","caller":"ingress/ingress_handler.go:120","msg":"Error retrieving TTL, defaulting.","commit":"7655d9c","error":"\"knativebrokerttl\" not found"}
{"level":"info","ts":"2019-12-03T21:04:42.884Z","logger":"broker_ingress","caller":"ingress/ingress_handler.go:120","msg":"Error retrieving TTL, defaulting.","commit":"7655d9c","error":"\"knativebrokerttl\" not found"}
{"level":"info","ts":"2019-12-03T21:04:42.884Z","logger":"broker_ingress","caller":"ingress/ingress_handler.go:120","msg":"Error retrieving TTL, defaulting.","commit":"7655d9c","error":"\"knativebrokerttl\" not found"}
{"level":"info","ts":"2019-12-03T21:04:42.884Z","logger":"broker_ingress","caller":"ingress/ingress_handler.go:120","msg":"Error retrieving TTL, defaulting.","commit":"7655d9c","error":"\"knativebrokerttl\" not found"}
{"level":"info","ts":"2019-12-03T21:04:42.884Z","logger":"broker_ingress","caller":"ingress/ingress_handler.go:120","msg":"Error retrieving TTL, defaulting.","commit":"7655d9c","error":"\"knativebrokerttl\" not found"}
{"level":"info","ts":"2019-12-03T21:04:42.885Z","logger":"broker_ingress","caller":"ingress/ingress_handler.go:120","msg":"Error retrieving TTL, defaulting.","commit":"7655d9c","error":"\"knativebrokerttl\" not found"}
{"level":"info","ts":"2019-12-03T21:04:42.885Z","logger":"broker_ingress","caller":"ingress/ingress_handler.go:120","msg":"Error retrieving TTL, defaulting.","commit":"7655d9c","error":"\"knativebrokerttl\" not found"}
{"level":"info","ts":"2019-12-03T21:04:42.885Z","logger":"broker_ingress","caller":"ingress/ingress_handler.go:120","msg":"Error retrieving TTL, defaulting.","commit":"7655d9c","error":"\"knativebrokerttl\" not found"}
{"level":"info","ts":"2019-12-03T21:04:42.885Z","logger":"broker_ingress","caller":"ingress/ingress_handler.go:120","msg":"Error retrieving TTL, defaulting.","commit":"7655d9c","error":"\"knativebrokerttl\" not found"}
{"level":"info","ts":"2019-12-03T21:04:42.887Z","logger":"broker_ingress","caller":"ingress/ingress_handler.go:120","msg":"Error retrieving TTL, defaulting.","commit":"7655d9c","error":"\"knativebrokerttl\" not found"}
{"level":"info","ts":"2019-12-03T21:04:42.887Z","logger":"broker_ingress","caller":"ingress/ingress_handler.go:120","msg":"Error retrieving TTL, defaulting.","commit":"7655d9c","error":"\"knativebrokerttl\" not found"}
{"level":"info","ts":"2019-12-03T21:04:42.888Z","logger":"broker_ingress","caller":"ingress/ingress_handler.go:120","msg":"Error retrieving TTL, defaulting.","commit":"7655d9c","error":"\"knativebrokerttl\" not found"}
{"level":"info","ts":"2019-12-03T21:04:42.889Z","logger":"broker_ingress","caller":"ingress/ingress_handler.go:120","msg":"Error retrieving TTL, defaulting.","commit":"7655d9c","error":"\"knativebrokerttl\" not found"}
{"level":"info","ts":"2019-12-03T21:04:42.893Z","logger":"broker_ingress","caller":"ingress/ingress_handler.go:120","msg":"Error retrieving TTL, defaulting.","commit":"7655d9c","error":"\"knativebrokerttl\" not found"}
{"level":"info","ts":"2019-12-03T21:04:42.893Z","logger":"broker_ingress","caller":"ingress/ingress_handler.go:120","msg":"Error retrieving TTL, defaulting.","commit":"7655d9c","error":"\"knativebrokerttl\" not found"}
{"level":"info","ts":"2019-12-03T21:04:42.893Z","logger":"broker_ingress","caller":"ingress/ingress_handler.go:120","msg":"Error retrieving TTL, defaulting.","commit":"7655d9c","error":"\"knativebrokerttl\" not found"}
{"level":"info","ts":"2019-12-03T21:04:42.893Z","logger":"broker_ingress","caller":"ingress/ingress_handler.go:120","msg":"Error retrieving TTL, defaulting.","commit":"7655d9c","error":"\"knativebrokerttl\" not found"}
{"level":"info","ts":"2019-12-03T21:04:42.893Z","logger":"broker_ingress","caller":"ingress/ingress_handler.go:120","msg":"Error retrieving TTL, defaulting.","commit":"7655d9c","error":"\"knativebrokerttl\" not found"}
{"level":"info","ts":"2019-12-03T21:04:42.897Z","logger":"broker_ingress","caller":"ingress/ingress_handler.go:120","msg":"Error retrieving TTL, defaulting.","commit":"7655d9c","error":"\"knativebrokerttl\" not found"}
{"level":"info","ts":"2019-12-03T21:04:42.897Z","logger":"broker_ingress","caller":"ingress/ingress_handler.go:120","msg":"Error retrieving TTL, defaulting.","commit":"7655d9c","error":"\"knativebrokerttl\" not found"}
{"level":"info","ts":"2019-12-03T21:04:42.897Z","logger":"broker_ingress","caller":"ingress/ingress_handler.go:120","msg":"Error retrieving TTL, defaulting.","commit":"7655d9c","error":"\"knativebrokerttl\" not found"}
{"level":"info","ts":"2019-12-03T21:04:42.906Z","logger":"broker_ingress","caller":"ingress/ingress_handler.go:120","msg":"Error retrieving TTL, defaulting.","commit":"7655d9c","error":"\"knativebrokerttl\" not found"}
{"level":"info","ts":"2019-12-03T21:04:42.907Z","logger":"broker_ingress","caller":"ingress/ingress_handler.go:120","msg":"Error retrieving TTL, defaulting.","commit":"7655d9c","error":"\"knativebrokerttl\" not found"}
{"level":"info","ts":"2019-12-03T21:04:42.907Z","logger":"broker_ingress","caller":"ingress/ingress_handler.go:120","msg":"Error retrieving TTL, defaulting.","commit":"7655d9c","error":"\"knativebrokerttl\" not found"}
{"level":"info","ts":"2019-12-03T21:04:42.907Z","logger":"broker_ingress","caller":"ingress/ingress_handler.go:120","msg":"Error retrieving TTL, defaulting.","commit":"7655d9c","error":"\"knativebrokerttl\" not found"}
{"level":"info","ts":"2019-12-03T21:04:42.907Z","logger":"broker_ingress","caller":"ingress/ingress_handler.go:120","msg":"Error retrieving TTL, defaulting.","commit":"7655d9c","error":"\"knativebrokerttl\" not found"}
{"level":"info","ts":"2019-12-03T21:04:42.907Z","logger":"broker_ingress","caller":"ingress/ingress_handler.go:120","msg":"Error retrieving TTL, defaulting.","commit":"7655d9c","error":"\"knativebrokerttl\" not found"}
{"level":"info","ts":"2019-12-03T21:04:42.907Z","logger":"broker_ingress","caller":"ingress/ingress_handler.go:120","msg":"Error retrieving TTL, defaulting.","commit":"7655d9c","error":"\"knativebrokerttl\" not found"}
{"level":"info","ts":"2019-12-03T21:04:42.907Z","logger":"broker_ingress","caller":"ingress/ingress_handler.go:120","msg":"Error retrieving TTL, defaulting.","commit":"7655d9c","error":"\"knativebrokerttl\" not found"}
{"level":"info","ts":"2019-12-03T21:04:42.908Z","logger":"broker_ingress","caller":"ingress/ingress_handler.go:120","msg":"Error retrieving TTL, defaulting.","commit":"7655d9c","error":"\"knativebrokerttl\" not found"}
{"level":"info","ts":"2019-12-03T21:04:42.912Z","logger":"broker_ingress","caller":"ingress/ingress_handler.go:120","msg":"Error retrieving TTL, defaulting.","commit":"7655d9c","error":"\"knativebrokerttl\" not found"}
{"level":"info","ts":"2019-12-03T21:04:42.912Z","logger":"broker_ingress","caller":"ingress/ingress_handler.go:120","msg":"Error retrieving TTL, defaulting.","commit":"7655d9c","error":"\"knativebrokerttl\" not found"}
{"level":"info","ts":"2019-12-03T21:04:42.912Z","logger":"broker_ingress","caller":"ingress/ingress_handler.go:120","msg":"Error retrieving TTL, defaulting.","commit":"7655d9c","error":"\"knativebrokerttl\" not found"}
{"level":"info","ts":"2019-12-03T21:04:42.913Z","logger":"broker_ingress","caller":"ingress/ingress_handler.go:120","msg":"Error retrieving TTL, defaulting.","commit":"7655d9c","error":"\"knativebrokerttl\" not found"}
{"level":"info","ts":"2019-12-03T21:04:42.913Z","logger":"broker_ingress","caller":"ingress/ingress_handler.go:120","msg":"Error retrieving TTL, defaulting.","commit":"7655d9c","error":"\"knativebrokerttl\" not found"}
{"level":"info","ts":"2019-12-03T21:04:42.913Z","logger":"broker_ingress","caller":"ingress/ingress_handler.go:120","msg":"Error retrieving TTL, defaulting.","commit":"7655d9c","error":"\"knativebrokerttl\" not found"}
{"level":"info","ts":"2019-12-03T21:04:42.913Z","logger":"broker_ingress","caller":"ingress/ingress_handler.go:120","msg":"Error retrieving TTL, defaulting.","commit":"7655d9c","error":"\"knativebrokerttl\" not found"}
{"level":"info","ts":"2019-12-03T21:04:42.913Z","logger":"broker_ingress","caller":"ingress/ingress_handler.go:120","msg":"Error retrieving TTL, defaulting.","commit":"7655d9c","error":"\"knativebrokerttl\" not found"}
{"level":"info","ts":"2019-12-03T21:04:42.916Z","logger":"broker_ingress","caller":"ingress/ingress_handler.go:120","msg":"Error retrieving TTL, defaulting.","commit":"7655d9c","error":"\"knativebrokerttl\" not found"}
{"level":"info","ts":"2019-12-03T21:04:42.917Z","logger":"broker_ingress","caller":"ingress/ingress_handler.go:120","msg":"Error retrieving TTL, defaulting.","commit":"7655d9c","error":"\"knativebrokerttl\" not found"}
{"level":"info","ts":"2019-12-03T21:04:42.917Z","logger":"broker_ingress","caller":"ingress/ingress_handler.go:120","msg":"Error retrieving TTL, defaulting.","commit":"7655d9c","error":"\"knativebrokerttl\" not found"}
{"level":"info","ts":"2019-12-03T21:04:42.917Z","logger":"broker_ingress","caller":"ingress/ingress_handler.go:120","msg":"Error retrieving TTL, defaulting.","commit":"7655d9c","error":"\"knativebrokerttl\" not found"}
{"level":"info","ts":"2019-12-03T21:04:42.917Z","logger":"broker_ingress","caller":"ingress/ingress_handler.go:120","msg":"Error retrieving TTL, defaulting.","commit":"7655d9c","error":"\"knativebrokerttl\" not found"}
{"level":"info","ts":"2019-12-03T21:04:42.917Z","logger":"broker_ingress","caller":"ingress/ingress_handler.go:120","msg":"Error retrieving TTL, defaulting.","commit":"7655d9c","error":"\"knativebrokerttl\" not found"}
{"level":"info","ts":"2019-12-03T21:04:42.996Z","logger":"broker_ingress","caller":"ingress/ingress_handler.go:120","msg":"Error retrieving TTL, defaulting.","commit":"7655d9c","error":"\"knativebrokerttl\" not found"}
{"level":"info","ts":"2019-12-03T21:04:42.922Z","logger":"broker_ingress","caller":"ingress/ingress_handler.go:120","msg":"Error retrieving TTL, defaulting.","commit":"7655d9c","error":"\"knativebrokerttl\" not found"}
{"level":"info","ts":"2019-12-03T21:04:42.922Z","logger":"broker_ingress","caller":"ingress/ingress_handler.go:120","msg":"Error retrieving TTL, defaulting.","commit":"7655d9c","error":"\"knativebrokerttl\" not found"}
{"level":"info","ts":"2019-12-03T21:04:42.997Z","logger":"broker_ingress","caller":"ingress/ingress_handler.go:120","msg":"Error retrieving TTL, defaulting.","commit":"7655d9c","error":"\"knativebrokerttl\" not found"}
{"level":"info","ts":"2019-12-03T21:04:42.922Z","logger":"broker_ingress","caller":"ingress/ingress_handler.go:120","msg":"Error retrieving TTL, defaulting.","commit":"7655d9c","error":"\"knativebrokerttl\" not found"}
{"level":"info","ts":"2019-12-03T21:04:42.998Z","logger":"broker_ingress","caller":"ingress/ingress_handler.go:120","msg":"Error retrieving TTL, defaulting.","commit":"7655d9c","error":"\"knativebrokerttl\" not found"}
{"level":"info","ts":"2019-12-03T21:04:42.923Z","logger":"broker_ingress","caller":"ingress/ingress_handler.go:120","msg":"Error retrieving TTL, defaulting.","commit":"7655d9c","error":"\"knativebrokerttl\" not found"}
{"level":"info","ts":"2019-12-03T21:04:42.923Z","logger":"broker_ingress","caller":"ingress/ingress_handler.go:120","msg":"Error retrieving TTL, defaulting.","commit":"7655d9c","error":"\"knativebrokerttl\" not found"}
{"level":"info","ts":"2019-12-03T21:04:42.923Z","logger":"broker_ingress","caller":"ingress/ingress_handler.go:120","msg":"Error retrieving TTL, defaulting.","commit":"7655d9c","error":"\"knativebrokerttl\" not found"}
{"level":"info","ts":"2019-12-03T21:04:42.927Z","logger":"broker_ingress","caller":"ingress/ingress_handler.go:120","msg":"Error retrieving TTL, defaulting.","commit":"7655d9c","error":"\"knativebrokerttl\" not found"}
{"level":"info","ts":"2019-12-03T21:04:42.927Z","logger":"broker_ingress","caller":"ingress/ingress_handler.go:120","msg":"Error retrieving TTL, defaulting.","commit":"7655d9c","error":"\"knativebrokerttl\" not found"}
{"level":"info","ts":"2019-12-03T21:04:42.927Z","logger":"broker_ingress","caller":"ingress/ingress_handler.go:120","msg":"Error retrieving TTL, defaulting.","commit":"7655d9c","error":"\"knativebrokerttl\" not found"}
{"level":"info","ts":"2019-12-03T21:04:42.927Z","logger":"broker_ingress","caller":"ingress/ingress_handler.go:120","msg":"Error retrieving TTL, defaulting.","commit":"7655d9c","error":"\"knativebrokerttl\" not found"}
{"level":"info","ts":"2019-12-03T21:04:42.928Z","logger":"broker_ingress","caller":"ingress/ingress_handler.go:120","msg":"Error retrieving TTL, defaulting.","commit":"7655d9c","error":"\"knativebrokerttl\" not found"}
{"level":"info","ts":"2019-12-03T21:04:42.928Z","logger":"broker_ingress","caller":"ingress/ingress_handler.go:120","msg":"Error retrieving TTL, defaulting.","commit":"7655d9c","error":"\"knativebrokerttl\" not found"}
{"level":"info","ts":"2019-12-03T21:04:42.934Z","logger":"broker_ingress","caller":"ingress/ingress_handler.go:120","msg":"Error retrieving TTL, defaulting.","commit":"7655d9c","error":"\"knativebrokerttl\" not found"}
{"level":"info","ts":"2019-12-03T21:04:42.934Z","logger":"broker_ingress","caller":"ingress/ingress_handler.go:120","msg":"Error retrieving TTL, defaulting.","commit":"7655d9c","error":"\"knativebrokerttl\" not found"}
{"level":"info","ts":"2019-12-03T21:04:42.935Z","logger":"broker_ingress","caller":"ingress/ingress_handler.go:120","msg":"Error retrieving TTL, defaulting.","commit":"7655d9c","error":"\"knativebrokerttl\" not found"}
{"level":"info","ts":"2019-12-03T21:04:42.940Z","logger":"broker_ingress","caller":"ingress/ingress_handler.go:120","msg":"Error retrieving TTL, defaulting.","commit":"7655d9c","error":"\"knativebrokerttl\" not found"}
{"level":"info","ts":"2019-12-03T21:04:42.940Z","logger":"broker_ingress","caller":"ingress/ingress_handler.go:120","msg":"Error retrieving TTL, defaulting.","commit":"7655d9c","error":"\"knativebrokerttl\" not found"}
{"level":"info","ts":"2019-12-03T21:04:42.942Z","logger":"broker_ingress","caller":"ingress/ingress_handler.go:120","msg":"Error retrieving TTL, defaulting.","commit":"7655d9c","error":"\"knativebrokerttl\" not found"}
{"level":"info","ts":"2019-12-03T21:04:42.941Z","logger":"broker_ingress","caller":"ingress/ingress_handler.go:120","msg":"Error retrieving TTL, defaulting.","commit":"7655d9c","error":"\"knativebrokerttl\" not found"}
{"level":"info","ts":"2019-12-03T21:04:42.942Z","logger":"broker_ingress","caller":"ingress/ingress_handler.go:120","msg":"Error retrieving TTL, defaulting.","commit":"7655d9c","error":"\"knativebrokerttl\" not found"}
{"level":"info","ts":"2019-12-03T21:04:42.942Z","logger":"broker_ingress","caller":"ingress/ingress_handler.go:120","msg":"Error retrieving TTL, defaulting.","commit":"7655d9c","error":"\"knativebrokerttl\" not found"}
{"level":"info","ts":"2019-12-03T21:04:42.942Z","logger":"broker_ingress","caller":"ingress/ingress_handler.go:120","msg":"Error retrieving TTL, defaulting.","commit":"7655d9c","error":"\"knativebrokerttl\" not found"}
{"level":"info","ts":"2019-12-03T21:04:42.943Z","logger":"broker_ingress","caller":"ingress/ingress_handler.go:120","msg":"Error retrieving TTL, defaulting.","commit":"7655d9c","error":"\"knativebrokerttl\" not found"}
{"level":"info","ts":"2019-12-03T21:04:42.943Z","logger":"broker_ingress","caller":"ingress/ingress_handler.go:120","msg":"Error retrieving TTL, defaulting.","commit":"7655d9c","error":"\"knativebrokerttl\" not found"}
{"level":"info","ts":"2019-12-03T21:04:42.943Z","logger":"broker_ingress","caller":"ingress/ingress_handler.go:120","msg":"Error retrieving TTL, defaulting.","commit":"7655d9c","error":"\"knativebrokerttl\" not found"}
{"level":"info","ts":"2019-12-03T21:04:42.943Z","logger":"broker_ingress","caller":"ingress/ingress_handler.go:120","msg":"Error retrieving TTL, defaulting.","commit":"7655d9c","error":"\"knativebrokerttl\" not found"}
{"level":"info","ts":"2019-12-03T21:04:42.943Z","logger":"broker_ingress","caller":"ingress/ingress_handler.go:120","msg":"Error retrieving TTL, defaulting.","commit":"7655d9c","error":"\"knativebrokerttl\" not found"}
{"level":"info","ts":"2019-12-03T21:04:42.943Z","logger":"broker_ingress","caller":"ingress/ingress_handler.go:120","msg":"Error retrieving TTL, defaulting.","commit":"7655d9c","error":"\"knativebrokerttl\" not found"}
{"level":"info","ts":"2019-12-03T21:04:42.950Z","logger":"broker_ingress","caller":"ingress/ingress_handler.go:120","msg":"Error retrieving TTL, defaulting.","commit":"7655d9c","error":"\"knativebrokerttl\" not found"}
{"level":"info","ts":"2019-12-03T21:04:42.951Z","logger":"broker_ingress","caller":"ingress/ingress_handler.go:120","msg":"Error retrieving TTL, defaulting.","commit":"7655d9c","error":"\"knativebrokerttl\" not found"}
{"level":"info","ts":"2019-12-03T21:04:42.951Z","logger":"broker_ingress","caller":"ingress/ingress_handler.go:120","msg":"Error retrieving TTL, defaulting.","commit":"7655d9c","error":"\"knativebrokerttl\" not found"}
{"level":"info","ts":"2019-12-03T21:04:42.951Z","logger":"broker_ingress","caller":"ingress/ingress_handler.go:120","msg":"Error retrieving TTL, defaulting.","commit":"7655d9c","error":"\"knativebrokerttl\" not found"}
{"level":"info","ts":"2019-12-03T21:04:42.951Z","logger":"broker_ingress","caller":"ingress/ingress_handler.go:120","msg":"Error retrieving TTL, defaulting.","commit":"7655d9c","error":"\"knativebrokerttl\" not found"}
{"level":"info","ts":"2019-12-03T21:04:42.951Z","logger":"broker_ingress","caller":"ingress/ingress_handler.go:120","msg":"Error retrieving TTL, defaulting.","commit":"7655d9c","error":"\"knativebrokerttl\" not found"}
{"level":"info","ts":"2019-12-03T21:04:42.952Z","logger":"broker_ingress","caller":"ingress/ingress_handler.go:120","msg":"Error retrieving TTL, defaulting.","commit":"7655d9c","error":"\"knativebrokerttl\" not found"}
{"level":"info","ts":"2019-12-03T21:04:42.952Z","logger":"broker_ingress","caller":"ingress/ingress_handler.go:120","msg":"Error retrieving TTL, defaulting.","commit":"7655d9c","error":"\"knativebrokerttl\" not found"}
{"level":"info","ts":"2019-12-03T21:04:42.957Z","logger":"broker_ingress","caller":"ingress/ingress_handler.go:120","msg":"Error retrieving TTL, defaulting.","commit":"7655d9c","error":"\"knativebrokerttl\" not found"}
{"level":"info","ts":"2019-12-03T21:04:42.957Z","logger":"broker_ingress","caller":"ingress/ingress_handler.go:120","msg":"Error retrieving TTL, defaulting.","commit":"7655d9c","error":"\"knativebrokerttl\" not found"}
{"level":"info","ts":"2019-12-03T21:04:42.957Z","logger":"broker_ingress","caller":"ingress/ingress_handler.go:120","msg":"Error retrieving TTL, defaulting.","commit":"7655d9c","error":"\"knativebrokerttl\" not found"}
{"level":"info","ts":"2019-12-03T21:04:43.007Z","logger":"broker_ingress","caller":"ingress/ingress_handler.go:120","msg":"Error retrieving TTL, defaulting.","commit":"7655d9c","error":"\"knativebrokerttl\" not found"}
{"level":"info","ts":"2019-12-03T21:04:43.007Z","logger":"broker_ingress","caller":"ingress/ingress_handler.go:120","msg":"Error retrieving TTL, defaulting.","commit":"7655d9c","error":"\"knativebrokerttl\" not found"}
{"level":"info","ts":"2019-12-03T21:04:42.957Z","logger":"broker_ingress","caller":"ingress/ingress_handler.go:120","msg":"Error retrieving TTL, defaulting.","commit":"7655d9c","error":"\"knativebrokerttl\" not found"}
{"level":"info","ts":"2019-12-03T21:04:43.008Z","logger":"broker_ingress","caller":"ingress/ingress_handler.go:120","msg":"Error retrieving TTL, defaulting.","commit":"7655d9c","error":"\"knativebrokerttl\" not found"}
{"level":"info","ts":"2019-12-03T21:04:42.957Z","logger":"broker_ingress","caller":"ingress/ingress_handler.go:120","msg":"Error retrieving TTL, defaulting.","commit":"7655d9c","error":"\"knativebrokerttl\" not found"}
{"level":"info","ts":"2019-12-03T21:04:42.957Z","logger":"broker_ingress","caller":"ingress/ingress_handler.go:120","msg":"Error retrieving TTL, defaulting.","commit":"7655d9c","error":"\"knativebrokerttl\" not found"}
{"level":"info","ts":"2019-12-03T21:04:43.011Z","logger":"broker_ingress","caller":"ingress/ingress_handler.go:120","msg":"Error retrieving TTL, defaulting.","commit":"7655d9c","error":"\"knativebrokerttl\" not found"}
{"level":"info","ts":"2019-12-03T21:04:42.958Z","logger":"broker_ingress","caller":"ingress/ingress_handler.go:120","msg":"Error retrieving TTL, defaulting.","commit":"7655d9c","error":"\"knativebrokerttl\" not found"}
{"level":"info","ts":"2019-12-03T21:04:42.958Z","logger":"broker_ingress","caller":"ingress/ingress_handler.go:120","msg":"Error retrieving TTL, defaulting.","commit":"7655d9c","error":"\"knativebrokerttl\" not found"}
{"level":"info","ts":"2019-12-03T21:04:43.011Z","logger":"broker_ingress","caller":"ingress/ingress_handler.go:120","msg":"Error retrieving TTL, defaulting.","commit":"7655d9c","error":"\"knativebrokerttl\" not found"}
{"level":"info","ts":"2019-12-03T21:04:42.960Z","logger":"broker_ingress","caller":"ingress/ingress_handler.go:120","msg":"Error retrieving TTL, defaulting.","commit":"7655d9c","error":"\"knativebrokerttl\" not found"}
{"level":"info","ts":"2019-12-03T21:04:42.960Z","logger":"broker_ingress","caller":"ingress/ingress_handler.go:120","msg":"Error retrieving TTL, defaulting.","commit":"7655d9c","error":"\"knativebrokerttl\" not found"}
{"level":"info","ts":"2019-12-03T21:04:43.012Z","logger":"broker_ingress","caller":"ingress/ingress_handler.go:120","msg":"Error retrieving TTL, defaulting.","commit":"7655d9c","error":"\"knativebrokerttl\" not found"}
{"level":"info","ts":"2019-12-03T21:04:42.961Z","logger":"broker_ingress","caller":"ingress/ingress_handler.go:120","msg":"Error retrieving TTL, defaulting.","commit":"7655d9c","error":"\"knativebrokerttl\" not found"}
{"level":"info","ts":"2019-12-03T21:04:42.962Z","logger":"broker_ingress","caller":"ingress/ingress_handler.go:120","msg":"Error retrieving TTL, defaulting.","commit":"7655d9c","error":"\"knativebrokerttl\" not found"}
{"level":"info","ts":"2019-12-03T21:04:43.012Z","logger":"broker_ingress","caller":"ingress/ingress_handler.go:120","msg":"Error retrieving TTL, defaulting.","commit":"7655d9c","error":"\"knativebrokerttl\" not found"}
{"level":"info","ts":"2019-12-03T21:04:43.013Z","logger":"broker_ingress","caller":"ingress/ingress_handler.go:120","msg":"Error retrieving TTL, defaulting.","commit":"7655d9c","error":"\"knativebrokerttl\" not found"}
{"level":"info","ts":"2019-12-03T21:04:42.962Z","logger":"broker_ingress","caller":"ingress/ingress_handler.go:120","msg":"Error retrieving TTL, defaulting.","commit":"7655d9c","error":"\"knativebrokerttl\" not found"}
{"level":"info","ts":"2019-12-03T21:04:42.966Z","logger":"broker_ingress","caller":"ingress/ingress_handler.go:120","msg":"Error retrieving TTL, defaulting.","commit":"7655d9c","error":"\"knativebrokerttl\" not found"}
{"level":"info","ts":"2019-12-03T21:04:43.017Z","logger":"broker_ingress","caller":"ingress/ingress_handler.go:120","msg":"Error retrieving TTL, defaulting.","commit":"7655d9c","error":"\"knativebrokerttl\" not found"}
{"level":"info","ts":"2019-12-03T21:04:42.967Z","logger":"broker_ingress","caller":"ingress/ingress_handler.go:120","msg":"Error retrieving TTL, defaulting.","commit":"7655d9c","error":"\"knativebrokerttl\" not found"}
{"level":"info","ts":"2019-12-03T21:04:42.969Z","logger":"broker_ingress","caller":"ingress/ingress_handler.go:120","msg":"Error retrieving TTL, defaulting.","commit":"7655d9c","error":"\"knativebrokerttl\" not found"}
{"level":"info","ts":"2019-12-03T21:04:42.971Z","logger":"broker_ingress","caller":"ingress/ingress_handler.go:120","msg":"Error retrieving TTL, defaulting.","commit":"7655d9c","error":"\"knativebrokerttl\" not found"}
{"level":"info","ts":"2019-12-03T21:04:42.973Z","logger":"broker_ingress","caller":"ingress/ingress_handler.go:120","msg":"Error retrieving TTL, defaulting.","commit":"7655d9c","error":"\"knativebrokerttl\" not found"}
{"level":"info","ts":"2019-12-03T21:04:43.018Z","logger":"broker_ingress","caller":"ingress/ingress_handler.go:120","msg":"Error retrieving TTL, defaulting.","commit":"7655d9c","error":"\"knativebrokerttl\" not found"}
{"level":"info","ts":"2019-12-03T21:04:42.973Z","logger":"broker_ingress","caller":"ingress/ingress_handler.go:120","msg":"Error retrieving TTL, defaulting.","commit":"7655d9c","error":"\"knativebrokerttl\" not found"}
{"level":"info","ts":"2019-12-03T21:04:42.973Z","logger":"broker_ingress","caller":"ingress/ingress_handler.go:120","msg":"Error retrieving TTL, defaulting.","commit":"7655d9c","error":"\"knativebrokerttl\" not found"}
{"level":"info","ts":"2019-12-03T21:04:42.975Z","logger":"broker_ingress","caller":"ingress/ingress_handler.go:120","msg":"Error retrieving TTL, defaulting.","commit":"7655d9c","error":"\"knativebrokerttl\" not found"}
{"level":"info","ts":"2019-12-03T21:04:42.975Z","logger":"broker_ingress","caller":"ingress/ingress_handler.go:120","msg":"Error retrieving TTL, defaulting.","commit":"7655d9c","error":"\"knativebrokerttl\" not found"}
{"level":"info","ts":"2019-12-03T21:04:42.975Z","logger":"broker_ingress","caller":"ingress/ingress_handler.go:120","msg":"Error retrieving TTL, defaulting.","commit":"7655d9c","error":"\"knativebrokerttl\" not found"}
{"level":"info","ts":"2019-12-03T21:04:42.975Z","logger":"broker_ingress","caller":"ingress/ingress_handler.go:120","msg":"Error retrieving TTL, defaulting.","commit":"7655d9c","error":"\"knativebrokerttl\" not found"}
{"level":"info","ts":"2019-12-03T21:04:42.976Z","logger":"broker_ingress","caller":"ingress/ingress_handler.go:120","msg":"Error retrieving TTL, defaulting.","commit":"7655d9c","error":"\"knativebrokerttl\" not found"}
{"level":"info","ts":"2019-12-03T21:04:42.976Z","logger":"broker_ingress","caller":"ingress/ingress_handler.go:120","msg":"Error retrieving TTL, defaulting.","commit":"7655d9c","error":"\"knativebrokerttl\" not found"}
{"level":"info","ts":"2019-12-03T21:04:42.976Z","logger":"broker_ingress","caller":"ingress/ingress_handler.go:120","msg":"Error retrieving TTL, defaulting.","commit":"7655d9c","error":"\"knativebrokerttl\" not found"}
{"level":"info","ts":"2019-12-03T21:04:42.977Z","logger":"broker_ingress","caller":"ingress/ingress_handler.go:120","msg":"Error retrieving TTL, defaulting.","commit":"7655d9c","error":"\"knativebrokerttl\" not found"}
{"level":"info","ts":"2019-12-03T21:04:42.977Z","logger":"broker_ingress","caller":"ingress/ingress_handler.go:120","msg":"Error retrieving TTL, defaulting.","commit":"7655d9c","error":"\"knativebrokerttl\" not found"}
{"level":"info","ts":"2019-12-03T21:04:42.978Z","logger":"broker_ingress","caller":"ingress/ingress_handler.go:120","msg":"Error retrieving TTL, defaulting.","commit":"7655d9c","error":"\"knativebrokerttl\" not found"}
{"level":"info","ts":"2019-12-03T21:04:42.979Z","logger":"broker_ingress","caller":"ingress/ingress_handler.go:120","msg":"Error retrieving TTL, defaulting.","commit":"7655d9c","error":"\"knativebrokerttl\" not found"}
{"level":"info","ts":"2019-12-03T21:04:42.983Z","logger":"broker_ingress","caller":"ingress/ingress_handler.go:120","msg":"Error retrieving TTL, defaulting.","commit":"7655d9c","error":"\"knativebrokerttl\" not found"}
{"level":"info","ts":"2019-12-03T21:04:42.985Z","logger":"broker_ingress","caller":"ingress/ingress_handler.go:120","msg":"Error retrieving TTL, defaulting.","commit":"7655d9c","error":"\"knativebrokerttl\" not found"}
{"level":"info","ts":"2019-12-03T21:04:42.985Z","logger":"broker_ingress","caller":"ingress/ingress_handler.go:120","msg":"Error retrieving TTL, defaulting.","commit":"7655d9c","error":"\"knativebrokerttl\" not found"}
{"level":"info","ts":"2019-12-03T21:04:42.985Z","logger":"broker_ingress","caller":"ingress/ingress_handler.go:120","msg":"Error retrieving TTL, defaulting.","commit":"7655d9c","error":"\"knativebrokerttl\" not found"}
{"level":"info","ts":"2019-12-03T21:04:42.985Z","logger":"broker_ingress","caller":"ingress/ingress_handler.go:120","msg":"Error retrieving TTL, defaulting.","commit":"7655d9c","error":"\"knativebrokerttl\" not found"}
{"level":"info","ts":"2019-12-03T21:04:42.989Z","logger":"broker_ingress","caller":"ingress/ingress_handler.go:120","msg":"Error retrieving TTL, defaulting.","commit":"7655d9c","error":"\"knativebrokerttl\" not found"}
{"level":"info","ts":"2019-12-03T21:04:42.987Z","logger":"broker_ingress","caller":"ingress/ingress_handler.go:120","msg":"Error retrieving TTL, defaulting.","commit":"7655d9c","error":"\"knativebrokerttl\" not found"}
{"level":"info","ts":"2019-12-03T21:04:42.990Z","logger":"broker_ingress","caller":"ingress/ingress_handler.go:120","msg":"Error retrieving TTL, defaulting.","commit":"7655d9c","error":"\"knativebrokerttl\" not found"}
{"level":"info","ts":"2019-12-03T21:04:42.990Z","logger":"broker_ingress","caller":"ingress/ingress_handler.go:120","msg":"Error retrieving TTL, defaulting.","commit":"7655d9c","error":"\"knativebrokerttl\" not found"}
{"level":"info","ts":"2019-12-03T21:04:42.990Z","logger":"broker_ingress","caller":"ingress/ingress_handler.go:120","msg":"Error retrieving TTL, defaulting.","commit":"7655d9c","error":"\"knativebrokerttl\" not found"}
{"level":"info","ts":"2019-12-03T21:04:42.990Z","logger":"broker_ingress","caller":"ingress/ingress_handler.go:120","msg":"Error retrieving TTL, defaulting.","commit":"7655d9c","error":"\"knativebrokerttl\" not found"}
{"level":"info","ts":"2019-12-03T21:04:42.991Z","logger":"broker_ingress","caller":"ingress/ingress_handler.go:120","msg":"Error retrieving TTL, defaulting.","commit":"7655d9c","error":"\"knativebrokerttl\" not found"}
{"level":"info","ts":"2019-12-03T21:04:42.992Z","logger":"broker_ingress","caller":"ingress/ingress_handler.go:120","msg":"Error retrieving TTL, defaulting.","commit":"7655d9c","error":"\"knativebrokerttl\" not found"}
{"level":"info","ts":"2019-12-03T21:04:42.992Z","logger":"broker_ingress","caller":"ingress/ingress_handler.go:120","msg":"Error retrieving TTL, defaulting.","commit":"7655d9c","error":"\"knativebrokerttl\" not found"}
{"level":"info","ts":"2019-12-03T21:04:42.993Z","logger":"broker_ingress","caller":"ingress/ingress_handler.go:120","msg":"Error retrieving TTL, defaulting.","commit":"7655d9c","error":"\"knativebrokerttl\" not found"}
{"level":"info","ts":"2019-12-03T21:04:42.994Z","logger":"broker_ingress","caller":"ingress/ingress_handler.go:120","msg":"Error retrieving TTL, defaulting.","commit":"7655d9c","error":"\"knativebrokerttl\" not found"}
{"level":"info","ts":"2019-12-03T21:04:42.994Z","logger":"broker_ingress","caller":"ingress/ingress_handler.go:120","msg":"Error retrieving TTL, defaulting.","commit":"7655d9c","error":"\"knativebrokerttl\" not found"}
{"level":"info","ts":"2019-12-03T21:04:42.951Z","logger":"broker_ingress","caller":"ingress/ingress_handler.go:120","msg":"Error retrieving TTL, defaulting.","commit":"7655d9c","error":"\"knativebrokerttl\" not found"}
{"level":"info","ts":"2019-12-03T21:04:43.006Z","logger":"broker_ingress","caller":"ingress/ingress_handler.go:120","msg":"Error retrieving TTL, defaulting.","commit":"7655d9c","error":"\"knativebrokerttl\" not found"}
{"level":"info","ts":"2019-12-03T21:04:43.008Z","logger":"broker_ingress","caller":"ingress/ingress_handler.go:120","msg":"Error retrieving TTL, defaulting.","commit":"7655d9c","error":"\"knativebrokerttl\" not found"}
{"level":"info","ts":"2019-12-03T21:04:43.008Z","logger":"broker_ingress","caller":"ingress/ingress_handler.go:120","msg":"Error retrieving TTL, defaulting.","commit":"7655d9c","error":"\"knativebrokerttl\" not found"}
{"level":"info","ts":"2019-12-03T21:04:43.009Z","logger":"broker_ingress","caller":"ingress/ingress_handler.go:120","msg":"Error retrieving TTL, defaulting.","commit":"7655d9c","error":"\"knativebrokerttl\" not found"}
{"level":"info","ts":"2019-12-03T21:04:43.009Z","logger":"broker_ingress","caller":"ingress/ingress_handler.go:120","msg":"Error retrieving TTL, defaulting.","commit":"7655d9c","error":"\"knativebrokerttl\" not found"}
{"level":"info","ts":"2019-12-03T21:04:43.009Z","logger":"broker_ingress","caller":"ingress/ingress_handler.go:120","msg":"Error retrieving TTL, defaulting.","commit":"7655d9c","error":"\"knativebrokerttl\" not found"}
{"level":"info","ts":"2019-12-03T21:04:43.010Z","logger":"broker_ingress","caller":"ingress/ingress_handler.go:120","msg":"Error retrieving TTL, defaulting.","commit":"7655d9c","error":"\"knativebrokerttl\" not found"}
{"level":"info","ts":"2019-12-03T21:04:43.010Z","logger":"broker_ingress","caller":"ingress/ingress_handler.go:120","msg":"Error retrieving TTL, defaulting.","commit":"7655d9c","error":"\"knativebrokerttl\" not found"}
{"level":"info","ts":"2019-12-03T21:04:43.010Z","logger":"broker_ingress","caller":"ingress/ingress_handler.go:120","msg":"Error retrieving TTL, defaulting.","commit":"7655d9c","error":"\"knativebrokerttl\" not found"}
{"level":"info","ts":"2019-12-03T21:04:43.015Z","logger":"broker_ingress","caller":"ingress/ingress_handler.go:120","msg":"Error retrieving TTL, defaulting.","commit":"7655d9c","error":"\"knativebrokerttl\" not found"}
{"level":"info","ts":"2019-12-03T21:04:43.015Z","logger":"broker_ingress","caller":"ingress/ingress_handler.go:120","msg":"Error retrieving TTL, defaulting.","commit":"7655d9c","error":"\"knativebrokerttl\" not found"}
{"level":"info","ts":"2019-12-03T21:04:43.015Z","logger":"broker_ingress","caller":"ingress/ingress_handler.go:120","msg":"Error retrieving TTL, defaulting.","commit":"7655d9c","error":"\"knativebrokerttl\" not found"}
{"level":"info","ts":"2019-12-03T21:04:43.016Z","logger":"broker_ingress","caller":"ingress/ingress_handler.go:120","msg":"Error retrieving TTL, defaulting.","commit":"7655d9c","error":"\"knativebrokerttl\" not found"}
{"level":"info","ts":"2019-12-03T21:04:43.019Z","logger":"broker_ingress","caller":"ingress/ingress_handler.go:120","msg":"Error retrieving TTL, defaulting.","commit":"7655d9c","error":"\"knativebrokerttl\" not found"}
{"level":"info","ts":"2019-12-03T21:04:43.020Z","logger":"broker_ingress","caller":"ingress/ingress_handler.go:120","msg":"Error retrieving TTL, defaulting.","commit":"7655d9c","error":"\"knativebrokerttl\" not found"}
{"level":"info","ts":"2019-12-03T21:04:43.021Z","logger":"broker_ingress","caller":"ingress/ingress_handler.go:120","msg":"Error retrieving TTL, defaulting.","commit":"7655d9c","error":"\"knativebrokerttl\" not found"}
{"level":"info","ts":"2019-12-03T21:04:43.021Z","logger":"broker_ingress","caller":"ingress/ingress_handler.go:120","msg":"Error retrieving TTL, defaulting.","commit":"7655d9c","error":"\"knativebrokerttl\" not found"}
{"level":"info","ts":"2019-12-03T21:04:43.022Z","logger":"broker_ingress","caller":"ingress/ingress_handler.go:120","msg":"Error retrieving TTL, defaulting.","commit":"7655d9c","error":"\"knativebrokerttl\" not found"}
{"level":"info","ts":"2019-12-03T21:04:43.023Z","logger":"broker_ingress","caller":"ingress/ingress_handler.go:120","msg":"Error retrieving TTL, defaulting.","commit":"7655d9c","error":"\"knativebrokerttl\" not found"}
{"level":"info","ts":"2019-12-03T21:04:43.024Z","logger":"broker_ingress","caller":"ingress/ingress_handler.go:120","msg":"Error retrieving TTL, defaulting.","commit":"7655d9c","error":"\"knativebrokerttl\" not found"}
{"level":"info","ts":"2019-12-03T21:04:43.037Z","logger":"broker_ingress","caller":"ingress/ingress_handler.go:120","msg":"Error retrieving TTL, defaulting.","commit":"7655d9c","error":"\"knativebrokerttl\" not found"}
{"level":"info","ts":"2019-12-03T21:04:43.038Z","logger":"broker_ingress","caller":"ingress/ingress_handler.go:120","msg":"Error retrieving TTL, defaulting.","commit":"7655d9c","error":"\"knativebrokerttl\" not found"}
{"level":"info","ts":"2019-12-03T21:04:43.040Z","logger":"broker_ingress","caller":"ingress/ingress_handler.go:120","msg":"Error retrieving TTL, defaulting.","commit":"7655d9c","error":"\"knativebrokerttl\" not found"}
{"level":"info","ts":"2019-12-03T21:04:43.041Z","logger":"broker_ingress","caller":"ingress/ingress_handler.go:120","msg":"Error retrieving TTL, defaulting.","commit":"7655d9c","error":"\"knativebrokerttl\" not found"}
{"level":"info","ts":"2019-12-03T21:04:43.041Z","logger":"broker_ingress","caller":"ingress/ingress_handler.go:120","msg":"Error retrieving TTL, defaulting.","commit":"7655d9c","error":"\"knativebrokerttl\" not found"}
{"level":"info","ts":"2019-12-03T21:04:43.042Z","logger":"broker_ingress","caller":"ingress/ingress_handler.go:120","msg":"Error retrieving TTL, defaulting.","commit":"7655d9c","error":"\"knativebrokerttl\" not found"}
{"level":"info","ts":"2019-12-03T21:04:43.043Z","logger":"broker_ingress","caller":"ingress/ingress_handler.go:120","msg":"Error retrieving TTL, defaulting.","commit":"7655d9c","error":"\"knativebrokerttl\" not found"}
{"level":"info","ts":"2019-12-03T21:04:43.043Z","logger":"broker_ingress","caller":"ingress/ingress_handler.go:120","msg":"Error retrieving TTL, defaulting.","commit":"7655d9c","error":"\"knativebrokerttl\" not found"}
{"level":"info","ts":"2019-12-03T21:04:43.044Z","logger":"broker_ingress","caller":"ingress/ingress_handler.go:120","msg":"Error retrieving TTL, defaulting.","commit":"7655d9c","error":"\"knativebrokerttl\" not found"}
{"level":"info","ts":"2019-12-03T21:04:43.044Z","logger":"broker_ingress","caller":"ingress/ingress_handler.go:120","msg":"Error retrieving TTL, defaulting.","commit":"7655d9c","error":"\"knativebrokerttl\" not found"}
{"level":"info","ts":"2019-12-03T21:04:43.044Z","logger":"broker_ingress","caller":"ingress/ingress_handler.go:120","msg":"Error retrieving TTL, defaulting.","commit":"7655d9c","error":"\"knativebrokerttl\" not found"}
{"level":"info","ts":"2019-12-03T21:04:43.044Z","logger":"broker_ingress","caller":"ingress/ingress_handler.go:120","msg":"Error retrieving TTL, defaulting.","commit":"7655d9c","error":"\"knativebrokerttl\" not found"}
{"level":"info","ts":"2019-12-03T21:04:43.046Z","logger":"broker_ingress","caller":"ingress/ingress_handler.go:120","msg":"Error retrieving TTL, defaulting.","commit":"7655d9c","error":"\"knativebrokerttl\" not found"}
{"level":"info","ts":"2019-12-03T21:04:43.046Z","logger":"broker_ingress","caller":"ingress/ingress_handler.go:120","msg":"Error retrieving TTL, defaulting.","commit":"7655d9c","error":"\"knativebrokerttl\" not found"}
{"level":"info","ts":"2019-12-03T21:04:43.046Z","logger":"broker_ingress","caller":"ingress/ingress_handler.go:120","msg":"Error retrieving TTL, defaulting.","commit":"7655d9c","error":"\"knativebrokerttl\" not found"}
{"level":"info","ts":"2019-12-03T21:04:43.046Z","logger":"broker_ingress","caller":"ingress/ingress_handler.go:120","msg":"Error retrieving TTL, defaulting.","commit":"7655d9c","error":"\"knativebrokerttl\" not found"}
{"level":"info","ts":"2019-12-03T21:04:43.046Z","logger":"broker_ingress","caller":"ingress/ingress_handler.go:120","msg":"Error retrieving TTL, defaulting.","commit":"7655d9c","error":"\"knativebrokerttl\" not found"}
{"level":"info","ts":"2019-12-03T21:04:43.048Z","logger":"broker_ingress","caller":"ingress/ingress_handler.go:120","msg":"Error retrieving TTL, defaulting.","commit":"7655d9c","error":"\"knativebrokerttl\" not found"}
{"level":"info","ts":"2019-12-03T21:04:43.048Z","logger":"broker_ingress","caller":"ingress/ingress_handler.go:120","msg":"Error retrieving TTL, defaulting.","commit":"7655d9c","error":"\"knativebrokerttl\" not found"}
{"level":"info","ts":"2019-12-03T21:04:43.049Z","logger":"broker_ingress","caller":"ingress/ingress_handler.go:120","msg":"Error retrieving TTL, defaulting.","commit":"7655d9c","error":"\"knativebrokerttl\" not found"}
{"level":"info","ts":"2019-12-03T21:04:43.049Z","logger":"broker_ingress","caller":"ingress/ingress_handler.go:120","msg":"Error retrieving TTL, defaulting.","commit":"7655d9c","error":"\"knativebrokerttl\" not found"}
{"level":"info","ts":"2019-12-03T21:04:43.051Z","logger":"broker_ingress","caller":"ingress/ingress_handler.go:120","msg":"Error retrieving TTL, defaulting.","commit":"7655d9c","error":"\"knativebrokerttl\" not found"}
{"level":"info","ts":"2019-12-03T21:04:43.051Z","logger":"broker_ingress","caller":"ingress/ingress_handler.go:120","msg":"Error retrieving TTL, defaulting.","commit":"7655d9c","error":"\"knativebrokerttl\" not found"}
{"level":"info","ts":"2019-12-03T21:04:43.053Z","logger":"broker_ingress","caller":"ingress/ingress_handler.go:120","msg":"Error retrieving TTL, defaulting.","commit":"7655d9c","error":"\"knativebrokerttl\" not found"}
{"level":"info","ts":"2019-12-03T21:04:43.054Z","logger":"broker_ingress","caller":"ingress/ingress_handler.go:120","msg":"Error retrieving TTL, defaulting.","commit":"7655d9c","error":"\"knativebrokerttl\" not found"}
{"level":"info","ts":"2019-12-03T21:04:43.054Z","logger":"broker_ingress","caller":"ingress/ingress_handler.go:120","msg":"Error retrieving TTL, defaulting.","commit":"7655d9c","error":"\"knativebrokerttl\" not found"}
{"level":"info","ts":"2019-12-03T21:04:43.054Z","logger":"broker_ingress","caller":"ingress/ingress_handler.go:120","msg":"Error retrieving TTL, defaulting.","commit":"7655d9c","error":"\"knativebrokerttl\" not found"}
{"level":"info","ts":"2019-12-03T21:04:43.054Z","logger":"broker_ingress","caller":"ingress/ingress_handler.go:120","msg":"Error retrieving TTL, defaulting.","commit":"7655d9c","error":"\"knativebrokerttl\" not found"}
{"level":"info","ts":"2019-12-03T21:04:43.055Z","logger":"broker_ingress","caller":"ingress/ingress_handler.go:120","msg":"Error retrieving TTL, defaulting.","commit":"7655d9c","error":"\"knativebrokerttl\" not found"}
{"level":"info","ts":"2019-12-03T21:04:43.056Z","logger":"broker_ingress","caller":"ingress/ingress_handler.go:120","msg":"Error retrieving TTL, defaulting.","commit":"7655d9c","error":"\"knativebrokerttl\" not found"}
{"level":"info","ts":"2019-12-03T21:04:43.057Z","logger":"broker_ingress","caller":"ingress/ingress_handler.go:120","msg":"Error retrieving TTL, defaulting.","commit":"7655d9c","error":"\"knativebrokerttl\" not found"}
{"level":"info","ts":"2019-12-03T21:04:43.057Z","logger":"broker_ingress","caller":"ingress/ingress_handler.go:120","msg":"Error retrieving TTL, defaulting.","commit":"7655d9c","error":"\"knativebrokerttl\" not found"}
{"level":"info","ts":"2019-12-03T21:04:43.057Z","logger":"broker_ingress","caller":"ingress/ingress_handler.go:120","msg":"Error retrieving TTL, defaulting.","commit":"7655d9c","error":"\"knativebrokerttl\" not found"}
{"level":"info","ts":"2019-12-03T21:04:43.058Z","logger":"broker_ingress","caller":"ingress/ingress_handler.go:120","msg":"Error retrieving TTL, defaulting.","commit":"7655d9c","error":"\"knativebrokerttl\" not found"}
{"level":"info","ts":"2019-12-03T21:04:43.058Z","logger":"broker_ingress","caller":"ingress/ingress_handler.go:120","msg":"Error retrieving TTL, defaulting.","commit":"7655d9c","error":"\"knativebrokerttl\" not found"}
{"level":"info","ts":"2019-12-03T21:04:43.062Z","logger":"broker_ingress","caller":"ingress/ingress_handler.go:120","msg":"Error retrieving TTL, defaulting.","commit":"7655d9c","error":"\"knativebrokerttl\" not found"}
{"level":"info","ts":"2019-12-03T21:04:43.062Z","logger":"broker_ingress","caller":"ingress/ingress_handler.go:120","msg":"Error retrieving TTL, defaulting.","commit":"7655d9c","error":"\"knativebrokerttl\" not found"}
{"level":"info","ts":"2019-12-03T21:04:43.062Z","logger":"broker_ingress","caller":"ingress/ingress_handler.go:120","msg":"Error retrieving TTL, defaulting.","commit":"7655d9c","error":"\"knativebrokerttl\" not found"}
{"level":"info","ts":"2019-12-03T21:04:43.062Z","logger":"broker_ingress","caller":"ingress/ingress_handler.go:120","msg":"Error retrieving TTL, defaulting.","commit":"7655d9c","error":"\"knativebrokerttl\" not found"}
{"level":"info","ts":"2019-12-03T21:04:43.063Z","logger":"broker_ingress","caller":"ingress/ingress_handler.go:120","msg":"Error retrieving TTL, defaulting.","commit":"7655d9c","error":"\"knativebrokerttl\" not found"}
{"level":"info","ts":"2019-12-03T21:04:43.065Z","logger":"broker_ingress","caller":"ingress/ingress_handler.go:120","msg":"Error retrieving TTL, defaulting.","commit":"7655d9c","error":"\"knativebrokerttl\" not found"}
{"level":"info","ts":"2019-12-03T21:04:43.067Z","logger":"broker_ingress","caller":"ingress/ingress_handler.go:120","msg":"Error retrieving TTL, defaulting.","commit":"7655d9c","error":"\"knativebrokerttl\" not found"}
{"level":"info","ts":"2019-12-03T21:04:43.069Z","logger":"broker_ingress","caller":"ingress/ingress_handler.go:120","msg":"Error retrieving TTL, defaulting.","commit":"7655d9c","error":"\"knativebrokerttl\" not found"}
{"level":"info","ts":"2019-12-03T21:04:43.070Z","logger":"broker_ingress","caller":"ingress/ingress_handler.go:120","msg":"Error retrieving TTL, defaulting.","commit":"7655d9c","error":"\"knativebrokerttl\" not found"}
{"level":"info","ts":"2019-12-03T21:04:43.076Z","logger":"broker_ingress","caller":"ingress/ingress_handler.go:120","msg":"Error retrieving TTL, defaulting.","commit":"7655d9c","error":"\"knativebrokerttl\" not found"}
{"level":"info","ts":"2019-12-03T21:04:43.076Z","logger":"broker_ingress","caller":"ingress/ingress_handler.go:120","msg":"Error retrieving TTL, defaulting.","commit":"7655d9c","error":"\"knativebrokerttl\" not found"}
{"level":"info","ts":"2019-12-03T21:04:43.076Z","logger":"broker_ingress","caller":"ingress/ingress_handler.go:120","msg":"Error retrieving TTL, defaulting.","commit":"7655d9c","error":"\"knativebrokerttl\" not found"}
{"level":"info","ts":"2019-12-03T21:04:43.077Z","logger":"broker_ingress","caller":"ingress/ingress_handler.go:120","msg":"Error retrieving TTL, defaulting.","commit":"7655d9c","error":"\"knativebrokerttl\" not found"}
{"level":"info","ts":"2019-12-03T21:04:43.077Z","logger":"broker_ingress","caller":"ingress/ingress_handler.go:120","msg":"Error retrieving TTL, defaulting.","commit":"7655d9c","error":"\"knativebrokerttl\" not found"}
{"level":"info","ts":"2019-12-03T21:04:43.079Z","logger":"broker_ingress","caller":"ingress/ingress_handler.go:120","msg":"Error retrieving TTL, defaulting.","commit":"7655d9c","error":"\"knativebrokerttl\" not found"}
{"level":"info","ts":"2019-12-03T21:04:43.077Z","logger":"broker_ingress","caller":"ingress/ingress_handler.go:120","msg":"Error retrieving TTL, defaulting.","commit":"7655d9c","error":"\"knativebrokerttl\" not found"}
{"level":"info","ts":"2019-12-03T21:04:43.078Z","logger":"broker_ingress","caller":"ingress/ingress_handler.go:120","msg":"Error retrieving TTL, defaulting.","commit":"7655d9c","error":"\"knativebrokerttl\" not found"}
{"level":"info","ts":"2019-12-03T21:04:43.078Z","logger":"broker_ingress","caller":"ingress/ingress_handler.go:120","msg":"Error retrieving TTL, defaulting.","commit":"7655d9c","error":"\"knativebrokerttl\" not found"}
{"level":"info","ts":"2019-12-03T21:04:43.078Z","logger":"broker_ingress","caller":"ingress/ingress_handler.go:120","msg":"Error retrieving TTL, defaulting.","commit":"7655d9c","error":"\"knativebrokerttl\" not found"}
{"level":"info","ts":"2019-12-03T21:04:43.078Z","logger":"broker_ingress","caller":"ingress/ingress_handler.go:120","msg":"Error retrieving TTL, defaulting.","commit":"7655d9c","error":"\"knativebrokerttl\" not found"}
{"level":"info","ts":"2019-12-03T21:04:43.078Z","logger":"broker_ingress","caller":"ingress/ingress_handler.go:120","msg":"Error retrieving TTL, defaulting.","commit":"7655d9c","error":"\"knativebrokerttl\" not found"}
{"level":"info","ts":"2019-12-03T21:04:43.078Z","logger":"broker_ingress","caller":"ingress/ingress_handler.go:120","msg":"Error retrieving TTL, defaulting.","commit":"7655d9c","error":"\"knativebrokerttl\" not found"}
{"level":"info","ts":"2019-12-03T21:04:43.079Z","logger":"broker_ingress","caller":"ingress/ingress_handler.go:120","msg":"Error retrieving TTL, defaulting.","commit":"7655d9c","error":"\"knativebrokerttl\" not found"}
{"level":"info","ts":"2019-12-03T21:04:43.079Z","logger":"broker_ingress","caller":"ingress/ingress_handler.go:120","msg":"Error retrieving TTL, defaulting.","commit":"7655d9c","error":"\"knativebrokerttl\" not found"}
{"level":"info","ts":"2019-12-03T21:04:43.080Z","logger":"broker_ingress","caller":"ingress/ingress_handler.go:120","msg":"Error retrieving TTL, defaulting.","commit":"7655d9c","error":"\"knativebrokerttl\" not found"}
{"level":"info","ts":"2019-12-03T21:04:43.081Z","logger":"broker_ingress","caller":"ingress/ingress_handler.go:120","msg":"Error retrieving TTL, defaulting.","commit":"7655d9c","error":"\"knativebrokerttl\" not found"}
{"level":"info","ts":"2019-12-03T21:04:43.082Z","logger":"broker_ingress","caller":"ingress/ingress_handler.go:120","msg":"Error retrieving TTL, defaulting.","commit":"7655d9c","error":"\"knativebrokerttl\" not found"}
{"level":"info","ts":"2019-12-03T21:04:43.082Z","logger":"broker_ingress","caller":"ingress/ingress_handler.go:120","msg":"Error retrieving TTL, defaulting.","commit":"7655d9c","error":"\"knativebrokerttl\" not found"}
{"level":"info","ts":"2019-12-03T21:04:43.090Z","logger":"broker_ingress","caller":"ingress/ingress_handler.go:120","msg":"Error retrieving TTL, defaulting.","commit":"7655d9c","error":"\"knativebrokerttl\" not found"}
{"level":"info","ts":"2019-12-03T21:04:43.091Z","logger":"broker_ingress","caller":"ingress/ingress_handler.go:120","msg":"Error retrieving TTL, defaulting.","commit":"7655d9c","error":"\"knativebrokerttl\" not found"}
{"level":"info","ts":"2019-12-03T21:04:43.092Z","logger":"broker_ingress","caller":"ingress/ingress_handler.go:120","msg":"Error retrieving TTL, defaulting.","commit":"7655d9c","error":"\"knativebrokerttl\" not found"}
{"level":"info","ts":"2019-12-03T21:04:43.092Z","logger":"broker_ingress","caller":"ingress/ingress_handler.go:120","msg":"Error retrieving TTL, defaulting.","commit":"7655d9c","error":"\"knativebrokerttl\" not found"}
{"level":"info","ts":"2019-12-03T21:04:43.093Z","logger":"broker_ingress","caller":"ingress/ingress_handler.go:120","msg":"Error retrieving TTL, defaulting.","commit":"7655d9c","error":"\"knativebrokerttl\" not found"}
{"level":"info","ts":"2019-12-03T21:04:43.093Z","logger":"broker_ingress","caller":"ingress/ingress_handler.go:120","msg":"Error retrieving TTL, defaulting.","commit":"7655d9c","error":"\"knativebrokerttl\" not found"}
{"level":"info","ts":"2019-12-03T21:04:43.094Z","logger":"broker_ingress","caller":"ingress/ingress_handler.go:120","msg":"Error retrieving TTL, defaulting.","commit":"7655d9c","error":"\"knativebrokerttl\" not found"}
{"level":"info","ts":"2019-12-03T21:04:43.094Z","logger":"broker_ingress","caller":"ingress/ingress_handler.go:120","msg":"Error retrieving TTL, defaulting.","commit":"7655d9c","error":"\"knativebrokerttl\" not found"}
{"level":"info","ts":"2019-12-03T21:04:43.094Z","logger":"broker_ingress","caller":"ingress/ingress_handler.go:120","msg":"Error retrieving TTL, defaulting.","commit":"7655d9c","error":"\"knativebrokerttl\" not found"}
{"level":"info","ts":"2019-12-03T21:04:43.095Z","logger":"broker_ingress","caller":"ingress/ingress_handler.go:120","msg":"Error retrieving TTL, defaulting.","commit":"7655d9c","error":"\"knativebrokerttl\" not found"}
{"level":"info","ts":"2019-12-03T21:04:43.095Z","logger":"broker_ingress","caller":"ingress/ingress_handler.go:120","msg":"Error retrieving TTL, defaulting.","commit":"7655d9c","error":"\"knativebrokerttl\" not found"}
{"level":"info","ts":"2019-12-03T21:04:43.096Z","logger":"broker_ingress","caller":"ingress/ingress_handler.go:120","msg":"Error retrieving TTL, defaulting.","commit":"7655d9c","error":"\"knativebrokerttl\" not found"}
{"level":"info","ts":"2019-12-03T21:04:43.096Z","logger":"broker_ingress","caller":"ingress/ingress_handler.go:120","msg":"Error retrieving TTL, defaulting.","commit":"7655d9c","error":"\"knativebrokerttl\" not found"}
{"level":"info","ts":"2019-12-03T21:04:43.096Z","logger":"broker_ingress","caller":"ingress/ingress_handler.go:120","msg":"Error retrieving TTL, defaulting.","commit":"7655d9c","error":"\"knativebrokerttl\" not found"}
{"level":"info","ts":"2019-12-03T21:04:43.097Z","logger":"broker_ingress","caller":"ingress/ingress_handler.go:120","msg":"Error retrieving TTL, defaulting.","commit":"7655d9c","error":"\"knativebrokerttl\" not found"}
{"level":"info","ts":"2019-12-03T21:04:43.097Z","logger":"broker_ingress","caller":"ingress/ingress_handler.go:120","msg":"Error retrieving TTL, defaulting.","commit":"7655d9c","error":"\"knativebrokerttl\" not found"}
{"level":"info","ts":"2019-12-03T21:04:43.098Z","logger":"broker_ingress","caller":"ingress/ingress_handler.go:120","msg":"Error retrieving TTL, defaulting.","commit":"7655d9c","error":"\"knativebrokerttl\" not found"}
{"level":"info","ts":"2019-12-03T21:04:43.098Z","logger":"broker_ingress","caller":"ingress/ingress_handler.go:120","msg":"Error retrieving TTL, defaulting.","commit":"7655d9c","error":"\"knativebrokerttl\" not found"}
{"level":"info","ts":"2019-12-03T21:04:43.100Z","logger":"broker_ingress","caller":"ingress/ingress_handler.go:120","msg":"Error retrieving TTL, defaulting.","commit":"7655d9c","error":"\"knativebrokerttl\" not found"}
{"level":"info","ts":"2019-12-03T21:04:43.100Z","logger":"broker_ingress","caller":"ingress/ingress_handler.go:120","msg":"Error retrieving TTL, defaulting.","commit":"7655d9c","error":"\"knativebrokerttl\" not found"}
{"level":"info","ts":"2019-12-03T21:04:43.101Z","logger":"broker_ingress","caller":"ingress/ingress_handler.go:120","msg":"Error retrieving TTL, defaulting.","commit":"7655d9c","error":"\"knativebrokerttl\" not found"}
{"level":"info","ts":"2019-12-03T21:04:43.101Z","logger":"broker_ingress","caller":"ingress/ingress_handler.go:120","msg":"Error retrieving TTL, defaulting.","commit":"7655d9c","error":"\"knativebrokerttl\" not found"}
{"level":"info","ts":"2019-12-03T21:04:43.103Z","logger":"broker_ingress","caller":"ingress/ingress_handler.go:120","msg":"Error retrieving TTL, defaulting.","commit":"7655d9c","error":"\"knativebrokerttl\" not found"}
{"level":"info","ts":"2019-12-03T21:04:43.103Z","logger":"broker_ingress","caller":"ingress/ingress_handler.go:120","msg":"Error retrieving TTL, defaulting.","commit":"7655d9c","error":"\"knativebrokerttl\" not found"}
{"level":"info","ts":"2019-12-03T21:04:43.104Z","logger":"broker_ingress","caller":"ingress/ingress_handler.go:120","msg":"Error retrieving TTL, defaulting.","commit":"7655d9c","error":"\"knativebrokerttl\" not found"}
{"level":"info","ts":"2019-12-03T21:04:43.105Z","logger":"broker_ingress","caller":"ingress/ingress_handler.go:120","msg":"Error retrieving TTL, defaulting.","commit":"7655d9c","error":"\"knativebrokerttl\" not found"}
{"level":"info","ts":"2019-12-03T21:04:43.111Z","logger":"broker_ingress","caller":"ingress/ingress_handler.go:120","msg":"Error retrieving TTL, defaulting.","commit":"7655d9c","error":"\"knativebrokerttl\" not found"}
{"level":"info","ts":"2019-12-03T21:04:43.112Z","logger":"broker_ingress","caller":"ingress/ingress_handler.go:120","msg":"Error retrieving TTL, defaulting.","commit":"7655d9c","error":"\"knativebrokerttl\" not found"}
{"level":"info","ts":"2019-12-03T21:04:43.112Z","logger":"broker_ingress","caller":"ingress/ingress_handler.go:120","msg":"Error retrieving TTL, defaulting.","commit":"7655d9c","error":"\"knativebrokerttl\" not found"}
{"level":"info","ts":"2019-12-03T21:04:43.112Z","logger":"broker_ingress","caller":"ingress/ingress_handler.go:120","msg":"Error retrieving TTL, defaulting.","commit":"7655d9c","error":"\"knativebrokerttl\" not found"}
{"level":"info","ts":"2019-12-03T21:04:43.112Z","logger":"broker_ingress","caller":"ingress/ingress_handler.go:120","msg":"Error retrieving TTL, defaulting.","commit":"7655d9c","error":"\"knativebrokerttl\" not found"}
{"level":"info","ts":"2019-12-03T21:04:43.114Z","logger":"broker_ingress","caller":"ingress/ingress_handler.go:120","msg":"Error retrieving TTL, defaulting.","commit":"7655d9c","error":"\"knativebrokerttl\" not found"}
{"level":"info","ts":"2019-12-03T21:04:43.114Z","logger":"broker_ingress","caller":"ingress/ingress_handler.go:120","msg":"Error retrieving TTL, defaulting.","commit":"7655d9c","error":"\"knativebrokerttl\" not found"}
{"level":"info","ts":"2019-12-03T21:04:43.113Z","logger":"broker_ingress","caller":"ingress/ingress_handler.go:120","msg":"Error retrieving TTL, defaulting.","commit":"7655d9c","error":"\"knativebrokerttl\" not found"}
{"level":"info","ts":"2019-12-03T21:04:43.114Z","logger":"broker_ingress","caller":"ingress/ingress_handler.go:120","msg":"Error retrieving TTL, defaulting.","commit":"7655d9c","error":"\"knativebrokerttl\" not found"}
{"level":"info","ts":"2019-12-03T21:04:43.115Z","logger":"broker_ingress","caller":"ingress/ingress_handler.go:120","msg":"Error retrieving TTL, defaulting.","commit":"7655d9c","error":"\"knativebrokerttl\" not found"}
{"level":"info","ts":"2019-12-03T21:04:43.116Z","logger":"broker_ingress","caller":"ingress/ingress_handler.go:120","msg":"Error retrieving TTL, defaulting.","commit":"7655d9c","error":"\"knativebrokerttl\" not found"}
{"level":"info","ts":"2019-12-03T21:04:43.117Z","logger":"broker_ingress","caller":"ingress/ingress_handler.go:120","msg":"Error retrieving TTL, defaulting.","commit":"7655d9c","error":"\"knativebrokerttl\" not found"}
{"level":"info","ts":"2019-12-03T21:04:43.117Z","logger":"broker_ingress","caller":"ingress/ingress_handler.go:120","msg":"Error retrieving TTL, defaulting.","commit":"7655d9c","error":"\"knativebrokerttl\" not found"}
{"level":"info","ts":"2019-12-03T21:04:43.118Z","logger":"broker_ingress","caller":"ingress/ingress_handler.go:120","msg":"Error retrieving TTL, defaulting.","commit":"7655d9c","error":"\"knativebrokerttl\" not found"}
{"level":"info","ts":"2019-12-03T21:04:43.119Z","logger":"broker_ingress","caller":"ingress/ingress_handler.go:120","msg":"Error retrieving TTL, defaulting.","commit":"7655d9c","error":"\"knativebrokerttl\" not found"}
{"level":"info","ts":"2019-12-03T21:04:43.121Z","logger":"broker_ingress","caller":"ingress/ingress_handler.go:120","msg":"Error retrieving TTL, defaulting.","commit":"7655d9c","error":"\"knativebrokerttl\" not found"}
{"level":"info","ts":"2019-12-03T21:04:43.125Z","logger":"broker_ingress","caller":"ingress/ingress_handler.go:120","msg":"Error retrieving TTL, defaulting.","commit":"7655d9c","error":"\"knativebrokerttl\" not found"}
{"level":"info","ts":"2019-12-03T21:04:43.126Z","logger":"broker_ingress","caller":"ingress/ingress_handler.go:120","msg":"Error retrieving TTL, defaulting.","commit":"7655d9c","error":"\"knativebrokerttl\" not found"}
{"level":"info","ts":"2019-12-03T21:04:43.126Z","logger":"broker_ingress","caller":"ingress/ingress_handler.go:120","msg":"Error retrieving TTL, defaulting.","commit":"7655d9c","error":"\"knativebrokerttl\" not found"}
{"level":"info","ts":"2019-12-03T21:04:43.122Z","logger":"broker_ingress","caller":"ingress/ingress_handler.go:120","msg":"Error retrieving TTL, defaulting.","commit":"7655d9c","error":"\"knativebrokerttl\" not found"}
{"level":"info","ts":"2019-12-03T21:04:43.122Z","logger":"broker_ingress","caller":"ingress/ingress_handler.go:120","msg":"Error retrieving TTL, defaulting.","commit":"7655d9c","error":"\"knativebrokerttl\" not found"}
{"level":"info","ts":"2019-12-03T21:04:43.123Z","logger":"broker_ingress","caller":"ingress/ingress_handler.go:120","msg":"Error retrieving TTL, defaulting.","commit":"7655d9c","error":"\"knativebrokerttl\" not found"}
{"level":"info","ts":"2019-12-03T21:04:43.124Z","logger":"broker_ingress","caller":"ingress/ingress_handler.go:120","msg":"Error retrieving TTL, defaulting.","commit":"7655d9c","error":"\"knativebrokerttl\" not found"}
{"level":"info","ts":"2019-12-03T21:04:43.127Z","logger":"broker_ingress","caller":"ingress/ingress_handler.go:120","msg":"Error retrieving TTL, defaulting.","commit":"7655d9c","error":"\"knativebrokerttl\" not found"}
{"level":"info","ts":"2019-12-03T21:04:43.128Z","logger":"broker_ingress","caller":"ingress/ingress_handler.go:120","msg":"Error retrieving TTL, defaulting.","commit":"7655d9c","error":"\"knativebrokerttl\" not found"}
{"level":"info","ts":"2019-12-03T21:04:43.129Z","logger":"broker_ingress","caller":"ingress/ingress_handler.go:120","msg":"Error retrieving TTL, defaulting.","commit":"7655d9c","error":"\"knativebrokerttl\" not found"}
{"level":"info","ts":"2019-12-03T21:04:43.132Z","logger":"broker_ingress","caller":"ingress/ingress_handler.go:120","msg":"Error retrieving TTL, defaulting.","commit":"7655d9c","error":"\"knativebrokerttl\" not found"}
{"level":"info","ts":"2019-12-03T21:04:43.132Z","logger":"broker_ingress","caller":"ingress/ingress_handler.go:120","msg":"Error retrieving TTL, defaulting.","commit":"7655d9c","error":"\"knativebrokerttl\" not found"}
{"level":"info","ts":"2019-12-03T21:04:43.132Z","logger":"broker_ingress","caller":"ingress/ingress_handler.go:120","msg":"Error retrieving TTL, defaulting.","commit":"7655d9c","error":"\"knativebrokerttl\" not found"}
{"level":"info","ts":"2019-12-03T21:04:43.133Z","logger":"broker_ingress","caller":"ingress/ingress_handler.go:120","msg":"Error retrieving TTL, defaulting.","commit":"7655d9c","error":"\"knativebrokerttl\" not found"}
{"level":"info","ts":"2019-12-03T21:04:43.135Z","logger":"broker_ingress","caller":"ingress/ingress_handler.go:120","msg":"Error retrieving TTL, defaulting.","commit":"7655d9c","error":"\"knativebrokerttl\" not found"}
{"level":"info","ts":"2019-12-03T21:04:43.135Z","logger":"broker_ingress","caller":"ingress/ingress_handler.go:120","msg":"Error retrieving TTL, defaulting.","commit":"7655d9c","error":"\"knativebrokerttl\" not found"}
{"level":"info","ts":"2019-12-03T21:04:43.137Z","logger":"broker_ingress","caller":"ingress/ingress_handler.go:120","msg":"Error retrieving TTL, defaulting.","commit":"7655d9c","error":"\"knativebrokerttl\" not found"}
{"level":"info","ts":"2019-12-03T21:04:43.137Z","logger":"broker_ingress","caller":"ingress/ingress_handler.go:120","msg":"Error retrieving TTL, defaulting.","commit":"7655d9c","error":"\"knativebrokerttl\" not found"}
{"level":"info","ts":"2019-12-03T21:04:43.137Z","logger":"broker_ingress","caller":"ingress/ingress_handler.go:120","msg":"Error retrieving TTL, defaulting.","commit":"7655d9c","error":"\"knativebrokerttl\" not found"}
{"level":"info","ts":"2019-12-03T21:04:43.138Z","logger":"broker_ingress","caller":"ingress/ingress_handler.go:120","msg":"Error retrieving TTL, defaulting.","commit":"7655d9c","error":"\"knativebrokerttl\" not found"}
{"level":"info","ts":"2019-12-03T21:04:43.139Z","logger":"broker_ingress","caller":"ingress/ingress_handler.go:120","msg":"Error retrieving TTL, defaulting.","commit":"7655d9c","error":"\"knativebrokerttl\" not found"}
{"level":"info","ts":"2019-12-03T21:04:43.140Z","logger":"broker_ingress","caller":"ingress/ingress_handler.go:120","msg":"Error retrieving TTL, defaulting.","commit":"7655d9c","error":"\"knativebrokerttl\" not found"}
{"level":"info","ts":"2019-12-03T21:04:43.141Z","logger":"broker_ingress","caller":"ingress/ingress_handler.go:120","msg":"Error retrieving TTL, defaulting.","commit":"7655d9c","error":"\"knativebrokerttl\" not found"}
{"level":"info","ts":"2019-12-03T21:04:43.143Z","logger":"broker_ingress","caller":"ingress/ingress_handler.go:120","msg":"Error retrieving TTL, defaulting.","commit":"7655d9c","error":"\"knativebrokerttl\" not found"}
{"level":"info","ts":"2019-12-03T21:04:43.143Z","logger":"broker_ingress","caller":"ingress/ingress_handler.go:120","msg":"Error retrieving TTL, defaulting.","commit":"7655d9c","error":"\"knativebrokerttl\" not found"}
{"level":"info","ts":"2019-12-03T21:04:43.143Z","logger":"broker_ingress","caller":"ingress/ingress_handler.go:120","msg":"Error retrieving TTL, defaulting.","commit":"7655d9c","error":"\"knativebrokerttl\" not found"}
{"level":"info","ts":"2019-12-03T21:04:43.145Z","logger":"broker_ingress","caller":"ingress/ingress_handler.go:120","msg":"Error retrieving TTL, defaulting.","commit":"7655d9c","error":"\"knativebrokerttl\" not found"}
{"level":"info","ts":"2019-12-03T21:04:43.146Z","logger":"broker_ingress","caller":"ingress/ingress_handler.go:120","msg":"Error retrieving TTL, defaulting.","commit":"7655d9c","error":"\"knativebrokerttl\" not found"}
{"level":"info","ts":"2019-12-03T21:04:43.146Z","logger":"broker_ingress","caller":"ingress/ingress_handler.go:120","msg":"Error retrieving TTL, defaulting.","commit":"7655d9c","error":"\"knativebrokerttl\" not found"}
{"level":"info","ts":"2019-12-03T21:04:43.147Z","logger":"broker_ingress","caller":"ingress/ingress_handler.go:120","msg":"Error retrieving TTL, defaulting.","commit":"7655d9c","error":"\"knativebrokerttl\" not found"}
{"level":"info","ts":"2019-12-03T21:04:43.153Z","logger":"broker_ingress","caller":"ingress/ingress_handler.go:120","msg":"Error retrieving TTL, defaulting.","commit":"7655d9c","error":"\"knativebrokerttl\" not found"}
{"level":"info","ts":"2019-12-03T21:04:43.154Z","logger":"broker_ingress","caller":"ingress/ingress_handler.go:120","msg":"Error retrieving TTL, defaulting.","commit":"7655d9c","error":"\"knativebrokerttl\" not found"}
{"level":"info","ts":"2019-12-03T21:04:43.154Z","logger":"broker_ingress","caller":"ingress/ingress_handler.go:120","msg":"Error retrieving TTL, defaulting.","commit":"7655d9c","error":"\"knativebrokerttl\" not found"}
{"level":"info","ts":"2019-12-03T21:04:43.154Z","logger":"broker_ingress","caller":"ingress/ingress_handler.go:120","msg":"Error retrieving TTL, defaulting.","commit":"7655d9c","error":"\"knativebrokerttl\" not found"}
{"level":"info","ts":"2019-12-03T21:04:43.155Z","logger":"broker_ingress","caller":"ingress/ingress_handler.go:120","msg":"Error retrieving TTL, defaulting.","commit":"7655d9c","error":"\"knativebrokerttl\" not found"}
{"level":"info","ts":"2019-12-03T21:04:43.158Z","logger":"broker_ingress","caller":"ingress/ingress_handler.go:120","msg":"Error retrieving TTL, defaulting.","commit":"7655d9c","error":"\"knativebrokerttl\" not found"}
{"level":"info","ts":"2019-12-03T21:04:43.158Z","logger":"broker_ingress","caller":"ingress/ingress_handler.go:120","msg":"Error retrieving TTL, defaulting.","commit":"7655d9c","error":"\"knativebrokerttl\" not found"}
{"level":"info","ts":"2019-12-03T21:04:43.158Z","logger":"broker_ingress","caller":"ingress/ingress_handler.go:120","msg":"Error retrieving TTL, defaulting.","commit":"7655d9c","error":"\"knativebrokerttl\" not found"}
{"level":"info","ts":"2019-12-03T21:04:43.159Z","logger":"broker_ingress","caller":"ingress/ingress_handler.go:120","msg":"Error retrieving TTL, defaulting.","commit":"7655d9c","error":"\"knativebrokerttl\" not found"}
{"level":"info","ts":"2019-12-03T21:04:43.159Z","logger":"broker_ingress","caller":"ingress/ingress_handler.go:120","msg":"Error retrieving TTL, defaulting.","commit":"7655d9c","error":"\"knativebrokerttl\" not found"}
{"level":"info","ts":"2019-12-03T21:04:43.159Z","logger":"broker_ingress","caller":"ingress/ingress_handler.go:120","msg":"Error retrieving TTL, defaulting.","commit":"7655d9c","error":"\"knativebrokerttl\" not found"}
{"level":"info","ts":"2019-12-03T21:04:43.159Z","logger":"broker_ingress","caller":"ingress/ingress_handler.go:120","msg":"Error retrieving TTL, defaulting.","commit":"7655d9c","error":"\"knativebrokerttl\" not found"}
{"level":"info","ts":"2019-12-03T21:04:43.159Z","logger":"broker_ingress","caller":"ingress/ingress_handler.go:120","msg":"Error retrieving TTL, defaulting.","commit":"7655d9c","error":"\"knativebrokerttl\" not found"}
{"level":"info","ts":"2019-12-03T21:04:43.165Z","logger":"broker_ingress","caller":"ingress/ingress_handler.go:120","msg":"Error retrieving TTL, defaulting.","commit":"7655d9c","error":"\"knativebrokerttl\" not found"}
{"level":"info","ts":"2019-12-03T21:04:43.165Z","logger":"broker_ingress","caller":"ingress/ingress_handler.go:120","msg":"Error retrieving TTL, defaulting.","commit":"7655d9c","error":"\"knativebrokerttl\" not found"}
{"level":"info","ts":"2019-12-03T21:04:43.165Z","logger":"broker_ingress","caller":"ingress/ingress_handler.go:120","msg":"Error retrieving TTL, defaulting.","commit":"7655d9c","error":"\"knativebrokerttl\" not found"}
{"level":"info","ts":"2019-12-03T21:04:43.165Z","logger":"broker_ingress","caller":"ingress/ingress_handler.go:120","msg":"Error retrieving TTL, defaulting.","commit":"7655d9c","error":"\"knativebrokerttl\" not found"}
{"level":"info","ts":"2019-12-03T21:04:43.166Z","logger":"broker_ingress","caller":"ingress/ingress_handler.go:120","msg":"Error retrieving TTL, defaulting.","commit":"7655d9c","error":"\"knativebrokerttl\" not found"}
{"level":"info","ts":"2019-12-03T21:04:43.166Z","logger":"broker_ingress","caller":"ingress/ingress_handler.go:120","msg":"Error retrieving TTL, defaulting.","commit":"7655d9c","error":"\"knativebrokerttl\" not found"}
{"level":"info","ts":"2019-12-03T21:04:43.167Z","logger":"broker_ingress","caller":"ingress/ingress_handler.go:120","msg":"Error retrieving TTL, defaulting.","commit":"7655d9c","error":"\"knativebrokerttl\" not found"}
{"level":"info","ts":"2019-12-03T21:04:43.168Z","logger":"broker_ingress","caller":"ingress/ingress_handler.go:120","msg":"Error retrieving TTL, defaulting.","commit":"7655d9c","error":"\"knativebrokerttl\" not found"}
{"level":"info","ts":"2019-12-03T21:04:43.168Z","logger":"broker_ingress","caller":"ingress/ingress_handler.go:120","msg":"Error retrieving TTL, defaulting.","commit":"7655d9c","error":"\"knativebrokerttl\" not found"}
{"level":"info","ts":"2019-12-03T21:04:43.169Z","logger":"broker_ingress","caller":"ingress/ingress_handler.go:120","msg":"Error retrieving TTL, defaulting.","commit":"7655d9c","error":"\"knativebrokerttl\" not found"}
{"level":"info","ts":"2019-12-03T21:04:43.171Z","logger":"broker_ingress","caller":"ingress/ingress_handler.go:120","msg":"Error retrieving TTL, defaulting.","commit":"7655d9c","error":"\"knativebrokerttl\" not found"}
{"level":"info","ts":"2019-12-03T21:04:43.172Z","logger":"broker_ingress","caller":"ingress/ingress_handler.go:120","msg":"Error retrieving TTL, defaulting.","commit":"7655d9c","error":"\"knativebrokerttl\" not found"}
{"level":"info","ts":"2019-12-03T21:04:43.179Z","logger":"broker_ingress","caller":"ingress/ingress_handler.go:120","msg":"Error retrieving TTL, defaulting.","commit":"7655d9c","error":"\"knativebrokerttl\" not found"}
{"level":"info","ts":"2019-12-03T21:04:43.173Z","logger":"broker_ingress","caller":"ingress/ingress_handler.go:120","msg":"Error retrieving TTL, defaulting.","commit":"7655d9c","error":"\"knativebrokerttl\" not found"}
{"level":"info","ts":"2019-12-03T21:04:43.173Z","logger":"broker_ingress","caller":"ingress/ingress_handler.go:120","msg":"Error retrieving TTL, defaulting.","commit":"7655d9c","error":"\"knativebrokerttl\" not found"}
{"level":"info","ts":"2019-12-03T21:04:43.173Z","logger":"broker_ingress","caller":"ingress/ingress_handler.go:120","msg":"Error retrieving TTL, defaulting.","commit":"7655d9c","error":"\"knativebrokerttl\" not found"}
{"level":"info","ts":"2019-12-03T21:04:43.175Z","logger":"broker_ingress","caller":"ingress/ingress_handler.go:120","msg":"Error retrieving TTL, defaulting.","commit":"7655d9c","error":"\"knativebrokerttl\" not found"}
{"level":"info","ts":"2019-12-03T21:04:43.175Z","logger":"broker_ingress","caller":"ingress/ingress_handler.go:120","msg":"Error retrieving TTL, defaulting.","commit":"7655d9c","error":"\"knativebrokerttl\" not found"}
{"level":"info","ts":"2019-12-03T21:04:43.176Z","logger":"broker_ingress","caller":"ingress/ingress_handler.go:120","msg":"Error retrieving TTL, defaulting.","commit":"7655d9c","error":"\"knativebrokerttl\" not found"}
{"level":"info","ts":"2019-12-03T21:04:43.177Z","logger":"broker_ingress","caller":"ingress/ingress_handler.go:120","msg":"Error retrieving TTL, defaulting.","commit":"7655d9c","error":"\"knativebrokerttl\" not found"}
{"level":"info","ts":"2019-12-03T21:04:43.179Z","logger":"broker_ingress","caller":"ingress/ingress_handler.go:120","msg":"Error retrieving TTL, defaulting.","commit":"7655d9c","error":"\"knativebrokerttl\" not found"}
{"level":"info","ts":"2019-12-03T21:04:43.182Z","logger":"broker_ingress","caller":"ingress/ingress_handler.go:120","msg":"Error retrieving TTL, defaulting.","commit":"7655d9c","error":"\"knativebrokerttl\" not found"}
{"level":"info","ts":"2019-12-03T21:04:43.182Z","logger":"broker_ingress","caller":"ingress/ingress_handler.go:120","msg":"Error retrieving TTL, defaulting.","commit":"7655d9c","error":"\"knativebrokerttl\" not found"}
{"level":"info","ts":"2019-12-03T21:04:43.182Z","logger":"broker_ingress","caller":"ingress/ingress_handler.go:120","msg":"Error retrieving TTL, defaulting.","commit":"7655d9c","error":"\"knativebrokerttl\" not found"}
{"level":"info","ts":"2019-12-03T21:04:43.182Z","logger":"broker_ingress","caller":"ingress/ingress_handler.go:120","msg":"Error retrieving TTL, defaulting.","commit":"7655d9c","error":"\"knativebrokerttl\" not found"}
{"level":"info","ts":"2019-12-03T21:04:43.183Z","logger":"broker_ingress","caller":"ingress/ingress_handler.go:120","msg":"Error retrieving TTL, defaulting.","commit":"7655d9c","error":"\"knativebrokerttl\" not found"}
{"level":"info","ts":"2019-12-03T21:04:43.184Z","logger":"broker_ingress","caller":"ingress/ingress_handler.go:120","msg":"Error retrieving TTL, defaulting.","commit":"7655d9c","error":"\"knativebrokerttl\" not found"}
{"level":"info","ts":"2019-12-03T21:04:43.185Z","logger":"broker_ingress","caller":"ingress/ingress_handler.go:120","msg":"Error retrieving TTL, defaulting.","commit":"7655d9c","error":"\"knativebrokerttl\" not found"}
{"level":"info","ts":"2019-12-03T21:04:43.188Z","logger":"broker_ingress","caller":"ingress/ingress_handler.go:120","msg":"Error retrieving TTL, defaulting.","commit":"7655d9c","error":"\"knativebrokerttl\" not found"}
{"level":"info","ts":"2019-12-03T21:04:43.189Z","logger":"broker_ingress","caller":"ingress/ingress_handler.go:120","msg":"Error retrieving TTL, defaulting.","commit":"7655d9c","error":"\"knativebrokerttl\" not found"}
{"level":"info","ts":"2019-12-03T21:04:43.189Z","logger":"broker_ingress","caller":"ingress/ingress_handler.go:120","msg":"Error retrieving TTL, defaulting.","commit":"7655d9c","error":"\"knativebrokerttl\" not found"}
{"level":"info","ts":"2019-12-03T21:04:43.189Z","logger":"broker_ingress","caller":"ingress/ingress_handler.go:120","msg":"Error retrieving TTL, defaulting.","commit":"7655d9c","error":"\"knativebrokerttl\" not found"}
{"level":"info","ts":"2019-12-03T21:04:43.190Z","logger":"broker_ingress","caller":"ingress/ingress_handler.go:120","msg":"Error retrieving TTL, defaulting.","commit":"7655d9c","error":"\"knativebrokerttl\" not found"}
{"level":"info","ts":"2019-12-03T21:04:43.190Z","logger":"broker_ingress","caller":"ingress/ingress_handler.go:120","msg":"Error retrieving TTL, defaulting.","commit":"7655d9c","error":"\"knativebrokerttl\" not found"}
{"level":"info","ts":"2019-12-03T21:04:43.195Z","logger":"broker_ingress","caller":"ingress/ingress_handler.go:120","msg":"Error retrieving TTL, defaulting.","commit":"7655d9c","error":"\"knativebrokerttl\" not found"}
{"level":"info","ts":"2019-12-03T21:04:43.196Z","logger":"broker_ingress","caller":"ingress/ingress_handler.go:120","msg":"Error retrieving TTL, defaulting.","commit":"7655d9c","error":"\"knativebrokerttl\" not found"}
{"level":"info","ts":"2019-12-03T21:04:43.196Z","logger":"broker_ingress","caller":"ingress/ingress_handler.go:120","msg":"Error retrieving TTL, defaulting.","commit":"7655d9c","error":"\"knativebrokerttl\" not found"}
{"level":"info","ts":"2019-12-03T21:04:43.196Z","logger":"broker_ingress","caller":"ingress/ingress_handler.go:120","msg":"Error retrieving TTL, defaulting.","commit":"7655d9c","error":"\"knativebrokerttl\" not found"}
{"level":"info","ts":"2019-12-03T21:04:43.196Z","logger":"broker_ingress","caller":"ingress/ingress_handler.go:120","msg":"Error retrieving TTL, defaulting.","commit":"7655d9c","error":"\"knativebrokerttl\" not found"}
{"level":"info","ts":"2019-12-03T21:04:43.197Z","logger":"broker_ingress","caller":"ingress/ingress_handler.go:120","msg":"Error retrieving TTL, defaulting.","commit":"7655d9c","error":"\"knativebrokerttl\" not found"}
{"level":"info","ts":"2019-12-03T21:04:43.198Z","logger":"broker_ingress","caller":"ingress/ingress_handler.go:120","msg":"Error retrieving TTL, defaulting.","commit":"7655d9c","error":"\"knativebrokerttl\" not found"}
{"level":"info","ts":"2019-12-03T21:04:43.198Z","logger":"broker_ingress","caller":"ingress/ingress_handler.go:120","msg":"Error retrieving TTL, defaulting.","commit":"7655d9c","error":"\"knativebrokerttl\" not found"}
{"level":"info","ts":"2019-12-03T21:04:43.203Z","logger":"broker_ingress","caller":"ingress/ingress_handler.go:120","msg":"Error retrieving TTL, defaulting.","commit":"7655d9c","error":"\"knativebrokerttl\" not found"}
{"level":"info","ts":"2019-12-03T21:04:43.204Z","logger":"broker_ingress","caller":"ingress/ingress_handler.go:120","msg":"Error retrieving TTL, defaulting.","commit":"7655d9c","error":"\"knativebrokerttl\" not found"}
{"level":"info","ts":"2019-12-03T21:04:43.205Z","logger":"broker_ingress","caller":"ingress/ingress_handler.go:120","msg":"Error retrieving TTL, defaulting.","commit":"7655d9c","error":"\"knativebrokerttl\" not found"}
{"level":"info","ts":"2019-12-03T21:04:43.206Z","logger":"broker_ingress","caller":"ingress/ingress_handler.go:120","msg":"Error retrieving TTL, defaulting.","commit":"7655d9c","error":"\"knativebrokerttl\" not found"}
{"level":"info","ts":"2019-12-03T21:04:43.207Z","logger":"broker_ingress","caller":"ingress/ingress_handler.go:120","msg":"Error retrieving TTL, defaulting.","commit":"7655d9c","error":"\"knativebrokerttl\" not found"}
{"level":"info","ts":"2019-12-03T21:04:43.207Z","logger":"broker_ingress","caller":"ingress/ingress_handler.go:120","msg":"Error retrieving TTL, defaulting.","commit":"7655d9c","error":"\"knativebrokerttl\" not found"}
{"level":"info","ts":"2019-12-03T21:04:43.209Z","logger":"broker_ingress","caller":"ingress/ingress_handler.go:120","msg":"Error retrieving TTL, defaulting.","commit":"7655d9c","error":"\"knativebrokerttl\" not found"}
{"level":"info","ts":"2019-12-03T21:04:43.209Z","logger":"broker_ingress","caller":"ingress/ingress_handler.go:120","msg":"Error retrieving TTL, defaulting.","commit":"7655d9c","error":"\"knativebrokerttl\" not found"}
{"level":"info","ts":"2019-12-03T21:04:43.209Z","logger":"broker_ingress","caller":"ingress/ingress_handler.go:120","msg":"Error retrieving TTL, defaulting.","commit":"7655d9c","error":"\"knativebrokerttl\" not found"}
{"level":"info","ts":"2019-12-03T21:04:43.210Z","logger":"broker_ingress","caller":"ingress/ingress_handler.go:120","msg":"Error retrieving TTL, defaulting.","commit":"7655d9c","error":"\"knativebrokerttl\" not found"}
{"level":"info","ts":"2019-12-03T21:04:43.211Z","logger":"broker_ingress","caller":"ingress/ingress_handler.go:120","msg":"Error retrieving TTL, defaulting.","commit":"7655d9c","error":"\"knativebrokerttl\" not found"}
{"level":"info","ts":"2019-12-03T21:04:43.212Z","logger":"broker_ingress","caller":"ingress/ingress_handler.go:120","msg":"Error retrieving TTL, defaulting.","commit":"7655d9c","error":"\"knativebrokerttl\" not found"}
{"level":"info","ts":"2019-12-03T21:04:43.215Z","logger":"broker_ingress","caller":"ingress/ingress_handler.go:120","msg":"Error retrieving TTL, defaulting.","commit":"7655d9c","error":"\"knativebrokerttl\" not found"}
{"level":"info","ts":"2019-12-03T21:04:43.216Z","logger":"broker_ingress","caller":"ingress/ingress_handler.go:120","msg":"Error retrieving TTL, defaulting.","commit":"7655d9c","error":"\"knativebrokerttl\" not found"}
{"level":"info","ts":"2019-12-03T21:04:43.217Z","logger":"broker_ingress","caller":"ingress/ingress_handler.go:120","msg":"Error retrieving TTL, defaulting.","commit":"7655d9c","error":"\"knativebrokerttl\" not found"}
{"level":"info","ts":"2019-12-03T21:04:43.218Z","logger":"broker_ingress","caller":"ingress/ingress_handler.go:120","msg":"Error retrieving TTL, defaulting.","commit":"7655d9c","error":"\"knativebrokerttl\" not found"}
{"level":"info","ts":"2019-12-03T21:04:43.218Z","logger":"broker_ingress","caller":"ingress/ingress_handler.go:120","msg":"Error retrieving TTL, defaulting.","commit":"7655d9c","error":"\"knativebrokerttl\" not found"}
{"level":"info","ts":"2019-12-03T21:04:43.218Z","logger":"broker_ingress","caller":"ingress/ingress_handler.go:120","msg":"Error retrieving TTL, defaulting.","commit":"7655d9c","error":"\"knativebrokerttl\" not found"}
{"level":"info","ts":"2019-12-03T21:04:43.218Z","logger":"broker_ingress","caller":"ingress/ingress_handler.go:120","msg":"Error retrieving TTL, defaulting.","commit":"7655d9c","error":"\"knativebrokerttl\" not found"}
{"level":"info","ts":"2019-12-03T21:04:43.219Z","logger":"broker_ingress","caller":"ingress/ingress_handler.go:120","msg":"Error retrieving TTL, defaulting.","commit":"7655d9c","error":"\"knativebrokerttl\" not found"}
{"level":"info","ts":"2019-12-03T21:04:43.219Z","logger":"broker_ingress","caller":"ingress/ingress_handler.go:120","msg":"Error retrieving TTL, defaulting.","commit":"7655d9c","error":"\"knativebrokerttl\" not found"}
{"level":"info","ts":"2019-12-03T21:04:43.219Z","logger":"broker_ingress","caller":"ingress/ingress_handler.go:120","msg":"Error retrieving TTL, defaulting.","commit":"7655d9c","error":"\"knativebrokerttl\" not found"}
{"level":"info","ts":"2019-12-03T21:04:43.219Z","logger":"broker_ingress","caller":"ingress/ingress_handler.go:120","msg":"Error retrieving TTL, defaulting.","commit":"7655d9c","error":"\"knativebrokerttl\" not found"}
{"level":"info","ts":"2019-12-03T21:04:43.219Z","logger":"broker_ingress","caller":"ingress/ingress_handler.go:120","msg":"Error retrieving TTL, defaulting.","commit":"7655d9c","error":"\"knativebrokerttl\" not found"}
{"level":"info","ts":"2019-12-03T21:04:43.221Z","logger":"broker_ingress","caller":"ingress/ingress_handler.go:120","msg":"Error retrieving TTL, defaulting.","commit":"7655d9c","error":"\"knativebrokerttl\" not found"}
{"level":"info","ts":"2019-12-03T21:04:43.221Z","logger":"broker_ingress","caller":"ingress/ingress_handler.go:120","msg":"Error retrieving TTL, defaulting.","commit":"7655d9c","error":"\"knativebrokerttl\" not found"}
{"level":"info","ts":"2019-12-03T21:04:43.221Z","logger":"broker_ingress","caller":"ingress/ingress_handler.go:120","msg":"Error retrieving TTL, defaulting.","commit":"7655d9c","error":"\"knativebrokerttl\" not found"}
{"level":"info","ts":"2019-12-03T21:04:43.225Z","logger":"broker_ingress","caller":"ingress/ingress_handler.go:120","msg":"Error retrieving TTL, defaulting.","commit":"7655d9c","error":"\"knativebrokerttl\" not found"}
{"level":"info","ts":"2019-12-03T21:04:43.225Z","logger":"broker_ingress","caller":"ingress/ingress_handler.go:120","msg":"Error retrieving TTL, defaulting.","commit":"7655d9c","error":"\"knativebrokerttl\" not found"}
{"level":"info","ts":"2019-12-03T21:04:43.225Z","logger":"broker_ingress","caller":"ingress/ingress_handler.go:120","msg":"Error retrieving TTL, defaulting.","commit":"7655d9c","error":"\"knativebrokerttl\" not found"}
{"level":"info","ts":"2019-12-03T21:04:43.232Z","logger":"broker_ingress","caller":"ingress/ingress_handler.go:120","msg":"Error retrieving TTL, defaulting.","commit":"7655d9c","error":"\"knativebrokerttl\" not found"}
{"level":"info","ts":"2019-12-03T21:04:43.233Z","logger":"broker_ingress","caller":"ingress/ingress_handler.go:120","msg":"Error retrieving TTL, defaulting.","commit":"7655d9c","error":"\"knativebrokerttl\" not found"}
{"level":"info","ts":"2019-12-03T21:04:43.234Z","logger":"broker_ingress","caller":"ingress/ingress_handler.go:120","msg":"Error retrieving TTL, defaulting.","commit":"7655d9c","error":"\"knativebrokerttl\" not found"}
{"level":"info","ts":"2019-12-03T21:04:43.236Z","logger":"broker_ingress","caller":"ingress/ingress_handler.go:120","msg":"Error retrieving TTL, defaulting.","commit":"7655d9c","error":"\"knativebrokerttl\" not found"}
{"level":"info","ts":"2019-12-03T21:04:43.234Z","logger":"broker_ingress","caller":"ingress/ingress_handler.go:120","msg":"Error retrieving TTL, defaulting.","commit":"7655d9c","error":"\"knativebrokerttl\" not found"}
{"level":"info","ts":"2019-12-03T21:04:43.234Z","logger":"broker_ingress","caller":"ingress/ingress_handler.go:120","msg":"Error retrieving TTL, defaulting.","commit":"7655d9c","error":"\"knativebrokerttl\" not found"}
{"level":"info","ts":"2019-12-03T21:04:43.234Z","logger":"broker_ingress","caller":"ingress/ingress_handler.go:120","msg":"Error retrieving TTL, defaulting.","commit":"7655d9c","error":"\"knativebrokerttl\" not found"}
{"level":"info","ts":"2019-12-03T21:04:43.236Z","logger":"broker_ingress","caller":"ingress/ingress_handler.go:120","msg":"Error retrieving TTL, defaulting.","commit":"7655d9c","error":"\"knativebrokerttl\" not found"}
{"level":"info","ts":"2019-12-03T21:04:43.240Z","logger":"broker_ingress","caller":"ingress/ingress_handler.go:120","msg":"Error retrieving TTL, defaulting.","commit":"7655d9c","error":"\"knativebrokerttl\" not found"}
{"level":"info","ts":"2019-12-03T21:04:43.236Z","logger":"broker_ingress","caller":"ingress/ingress_handler.go:120","msg":"Error retrieving TTL, defaulting.","commit":"7655d9c","error":"\"knativebrokerttl\" not found"}
{"level":"info","ts":"2019-12-03T21:04:43.233Z","logger":"broker_ingress","caller":"ingress/ingress_handler.go:120","msg":"Error retrieving TTL, defaulting.","commit":"7655d9c","error":"\"knativebrokerttl\" not found"}
{"level":"info","ts":"2019-12-03T21:04:43.237Z","logger":"broker_ingress","caller":"ingress/ingress_handler.go:120","msg":"Error retrieving TTL, defaulting.","commit":"7655d9c","error":"\"knativebrokerttl\" not found"}
{"level":"info","ts":"2019-12-03T21:04:43.238Z","logger":"broker_ingress","caller":"ingress/ingress_handler.go:120","msg":"Error retrieving TTL, defaulting.","commit":"7655d9c","error":"\"knativebrokerttl\" not found"}
{"level":"info","ts":"2019-12-03T21:04:43.238Z","logger":"broker_ingress","caller":"ingress/ingress_handler.go:120","msg":"Error retrieving TTL, defaulting.","commit":"7655d9c","error":"\"knativebrokerttl\" not found"}
{"level":"info","ts":"2019-12-03T21:04:43.238Z","logger":"broker_ingress","caller":"ingress/ingress_handler.go:120","msg":"Error retrieving TTL, defaulting.","commit":"7655d9c","error":"\"knativebrokerttl\" not found"}
{"level":"info","ts":"2019-12-03T21:04:43.239Z","logger":"broker_ingress","caller":"ingress/ingress_handler.go:120","msg":"Error retrieving TTL, defaulting.","commit":"7655d9c","error":"\"knativebrokerttl\" not found"}
{"level":"info","ts":"2019-12-03T21:04:43.240Z","logger":"broker_ingress","caller":"ingress/ingress_handler.go:120","msg":"Error retrieving TTL, defaulting.","commit":"7655d9c","error":"\"knativebrokerttl\" not found"}
{"level":"info","ts":"2019-12-03T21:04:43.244Z","logger":"broker_ingress","caller":"ingress/ingress_handler.go:120","msg":"Error retrieving TTL, defaulting.","commit":"7655d9c","error":"\"knativebrokerttl\" not found"}
{"level":"info","ts":"2019-12-03T21:04:43.247Z","logger":"broker_ingress","caller":"ingress/ingress_handler.go:120","msg":"Error retrieving TTL, defaulting.","commit":"7655d9c","error":"\"knativebrokerttl\" not found"}
{"level":"info","ts":"2019-12-03T21:04:43.246Z","logger":"broker_ingress","caller":"ingress/ingress_handler.go:120","msg":"Error retrieving TTL, defaulting.","commit":"7655d9c","error":"\"knativebrokerttl\" not found"}
{"level":"info","ts":"2019-12-03T21:04:43.246Z","logger":"broker_ingress","caller":"ingress/ingress_handler.go:120","msg":"Error retrieving TTL, defaulting.","commit":"7655d9c","error":"\"knativebrokerttl\" not found"}
{"level":"info","ts":"2019-12-03T21:04:43.247Z","logger":"broker_ingress","caller":"ingress/ingress_handler.go:120","msg":"Error retrieving TTL, defaulting.","commit":"7655d9c","error":"\"knativebrokerttl\" not found"}
{"level":"info","ts":"2019-12-03T21:04:43.244Z","logger":"broker_ingress","caller":"ingress/ingress_handler.go:120","msg":"Error retrieving TTL, defaulting.","commit":"7655d9c","error":"\"knativebrokerttl\" not found"}
{"level":"info","ts":"2019-12-03T21:04:43.249Z","logger":"broker_ingress","caller":"ingress/ingress_handler.go:120","msg":"Error retrieving TTL, defaulting.","commit":"7655d9c","error":"\"knativebrokerttl\" not found"}
{"level":"info","ts":"2019-12-03T21:04:43.250Z","logger":"broker_ingress","caller":"ingress/ingress_handler.go:120","msg":"Error retrieving TTL, defaulting.","commit":"7655d9c","error":"\"knativebrokerttl\" not found"}
{"level":"info","ts":"2019-12-03T21:04:43.252Z","logger":"broker_ingress","caller":"ingress/ingress_handler.go:120","msg":"Error retrieving TTL, defaulting.","commit":"7655d9c","error":"\"knativebrokerttl\" not found"}
{"level":"info","ts":"2019-12-03T21:04:43.250Z","logger":"broker_ingress","caller":"ingress/ingress_handler.go:120","msg":"Error retrieving TTL, defaulting.","commit":"7655d9c","error":"\"knativebrokerttl\" not found"}
{"level":"info","ts":"2019-12-03T21:04:43.250Z","logger":"broker_ingress","caller":"ingress/ingress_handler.go:120","msg":"Error retrieving TTL, defaulting.","commit":"7655d9c","error":"\"knativebrokerttl\" not found"}
{"level":"info","ts":"2019-12-03T21:04:43.251Z","logger":"broker_ingress","caller":"ingress/ingress_handler.go:120","msg":"Error retrieving TTL, defaulting.","commit":"7655d9c","error":"\"knativebrokerttl\" not found"}
{"level":"info","ts":"2019-12-03T21:04:43.252Z","logger":"broker_ingress","caller":"ingress/ingress_handler.go:120","msg":"Error retrieving TTL, defaulting.","commit":"7655d9c","error":"\"knativebrokerttl\" not found"}
{"level":"info","ts":"2019-12-03T21:04:43.257Z","logger":"broker_ingress","caller":"ingress/ingress_handler.go:120","msg":"Error retrieving TTL, defaulting.","commit":"7655d9c","error":"\"knativebrokerttl\" not found"}
{"level":"info","ts":"2019-12-03T21:04:43.257Z","logger":"broker_ingress","caller":"ingress/ingress_handler.go:120","msg":"Error retrieving TTL, defaulting.","commit":"7655d9c","error":"\"knativebrokerttl\" not found"}
{"level":"info","ts":"2019-12-03T21:04:43.257Z","logger":"broker_ingress","caller":"ingress/ingress_handler.go:120","msg":"Error retrieving TTL, defaulting.","commit":"7655d9c","error":"\"knativebrokerttl\" not found"}
{"level":"info","ts":"2019-12-03T21:04:43.258Z","logger":"broker_ingress","caller":"ingress/ingress_handler.go:120","msg":"Error retrieving TTL, defaulting.","commit":"7655d9c","error":"\"knativebrokerttl\" not found"}
{"level":"info","ts":"2019-12-03T21:04:43.259Z","logger":"broker_ingress","caller":"ingress/ingress_handler.go:120","msg":"Error retrieving TTL, defaulting.","commit":"7655d9c","error":"\"knativebrokerttl\" not found"}
{"level":"info","ts":"2019-12-03T21:04:43.259Z","logger":"broker_ingress","caller":"ingress/ingress_handler.go:120","msg":"Error retrieving TTL, defaulting.","commit":"7655d9c","error":"\"knativebrokerttl\" not found"}
{"level":"info","ts":"2019-12-03T21:04:43.260Z","logger":"broker_ingress","caller":"ingress/ingress_handler.go:120","msg":"Error retrieving TTL, defaulting.","commit":"7655d9c","error":"\"knativebrokerttl\" not found"}
{"level":"info","ts":"2019-12-03T21:04:43.263Z","logger":"broker_ingress","caller":"ingress/ingress_handler.go:120","msg":"Error retrieving TTL, defaulting.","commit":"7655d9c","error":"\"knativebrokerttl\" not found"}
{"level":"info","ts":"2019-12-03T21:04:43.263Z","logger":"broker_ingress","caller":"ingress/ingress_handler.go:120","msg":"Error retrieving TTL, defaulting.","commit":"7655d9c","error":"\"knativebrokerttl\" not found"}
{"level":"info","ts":"2019-12-03T21:04:43.263Z","logger":"broker_ingress","caller":"ingress/ingress_handler.go:120","msg":"Error retrieving TTL, defaulting.","commit":"7655d9c","error":"\"knativebrokerttl\" not found"}
{"level":"info","ts":"2019-12-03T21:04:43.263Z","logger":"broker_ingress","caller":"ingress/ingress_handler.go:120","msg":"Error retrieving TTL, defaulting.","commit":"7655d9c","error":"\"knativebrokerttl\" not found"}
{"level":"info","ts":"2019-12-03T21:04:43.263Z","logger":"broker_ingress","caller":"ingress/ingress_handler.go:120","msg":"Error retrieving TTL, defaulting.","commit":"7655d9c","error":"\"knativebrokerttl\" not found"}
{"level":"info","ts":"2019-12-03T21:04:43.263Z","logger":"broker_ingress","caller":"ingress/ingress_handler.go:120","msg":"Error retrieving TTL, defaulting.","commit":"7655d9c","error":"\"knativebrokerttl\" not found"}
{"level":"info","ts":"2019-12-03T21:04:43.265Z","logger":"broker_ingress","caller":"ingress/ingress_handler.go:120","msg":"Error retrieving TTL, defaulting.","commit":"7655d9c","error":"\"knativebrokerttl\" not found"}
{"level":"info","ts":"2019-12-03T21:04:43.265Z","logger":"broker_ingress","caller":"ingress/ingress_handler.go:120","msg":"Error retrieving TTL, defaulting.","commit":"7655d9c","error":"\"knativebrokerttl\" not found"}
{"level":"info","ts":"2019-12-03T21:04:43.267Z","logger":"broker_ingress","caller":"ingress/ingress_handler.go:120","msg":"Error retrieving TTL, defaulting.","commit":"7655d9c","error":"\"knativebrokerttl\" not found"}
{"level":"info","ts":"2019-12-03T21:04:43.268Z","logger":"broker_ingress","caller":"ingress/ingress_handler.go:120","msg":"Error retrieving TTL, defaulting.","commit":"7655d9c","error":"\"knativebrokerttl\" not found"}
{"level":"info","ts":"2019-12-03T21:04:43.269Z","logger":"broker_ingress","caller":"ingress/ingress_handler.go:120","msg":"Error retrieving TTL, defaulting.","commit":"7655d9c","error":"\"knativebrokerttl\" not found"}
{"level":"info","ts":"2019-12-03T21:04:43.269Z","logger":"broker_ingress","caller":"ingress/ingress_handler.go:120","msg":"Error retrieving TTL, defaulting.","commit":"7655d9c","error":"\"knativebrokerttl\" not found"}
{"level":"info","ts":"2019-12-03T21:04:43.270Z","logger":"broker_ingress","caller":"ingress/ingress_handler.go:120","msg":"Error retrieving TTL, defaulting.","commit":"7655d9c","error":"\"knativebrokerttl\" not found"}
{"level":"info","ts":"2019-12-03T21:04:43.270Z","logger":"broker_ingress","caller":"ingress/ingress_handler.go:120","msg":"Error retrieving TTL, defaulting.","commit":"7655d9c","error":"\"knativebrokerttl\" not found"}
{"level":"info","ts":"2019-12-03T21:04:43.277Z","logger":"broker_ingress","caller":"ingress/ingress_handler.go:120","msg":"Error retrieving TTL, defaulting.","commit":"7655d9c","error":"\"knativebrokerttl\" not found"}
{"level":"info","ts":"2019-12-03T21:04:43.278Z","logger":"broker_ingress","caller":"ingress/ingress_handler.go:120","msg":"Error retrieving TTL, defaulting.","commit":"7655d9c","error":"\"knativebrokerttl\" not found"}
{"level":"info","ts":"2019-12-03T21:04:43.280Z","logger":"broker_ingress","caller":"ingress/ingress_handler.go:120","msg":"Error retrieving TTL, defaulting.","commit":"7655d9c","error":"\"knativebrokerttl\" not found"}
{"level":"info","ts":"2019-12-03T21:04:43.280Z","logger":"broker_ingress","caller":"ingress/ingress_handler.go:120","msg":"Error retrieving TTL, defaulting.","commit":"7655d9c","error":"\"knativebrokerttl\" not found"}
{"level":"info","ts":"2019-12-03T21:04:43.280Z","logger":"broker_ingress","caller":"ingress/ingress_handler.go:120","msg":"Error retrieving TTL, defaulting.","commit":"7655d9c","error":"\"knativebrokerttl\" not found"}
{"level":"info","ts":"2019-12-03T21:04:43.280Z","logger":"broker_ingress","caller":"ingress/ingress_handler.go:120","msg":"Error retrieving TTL, defaulting.","commit":"7655d9c","error":"\"knativebrokerttl\" not found"}
{"level":"info","ts":"2019-12-03T21:04:43.278Z","logger":"broker_ingress","caller":"ingress/ingress_handler.go:120","msg":"Error retrieving TTL, defaulting.","commit":"7655d9c","error":"\"knativebrokerttl\" not found"}
{"level":"info","ts":"2019-12-03T21:04:43.281Z","logger":"broker_ingress","caller":"ingress/ingress_handler.go:120","msg":"Error retrieving TTL, defaulting.","commit":"7655d9c","error":"\"knativebrokerttl\" not found"}
{"level":"info","ts":"2019-12-03T21:04:43.281Z","logger":"broker_ingress","caller":"ingress/ingress_handler.go:120","msg":"Error retrieving TTL, defaulting.","commit":"7655d9c","error":"\"knativebrokerttl\" not found"}
{"level":"info","ts":"2019-12-03T21:04:43.281Z","logger":"broker_ingress","caller":"ingress/ingress_handler.go:120","msg":"Error retrieving TTL, defaulting.","commit":"7655d9c","error":"\"knativebrokerttl\" not found"}
{"level":"info","ts":"2019-12-03T21:04:43.281Z","logger":"broker_ingress","caller":"ingress/ingress_handler.go:120","msg":"Error retrieving TTL, defaulting.","commit":"7655d9c","error":"\"knativebrokerttl\" not found"}
{"level":"info","ts":"2019-12-03T21:04:43.282Z","logger":"broker_ingress","caller":"ingress/ingress_handler.go:120","msg":"Error retrieving TTL, defaulting.","commit":"7655d9c","error":"\"knativebrokerttl\" not found"}
{"level":"info","ts":"2019-12-03T21:04:43.286Z","logger":"broker_ingress","caller":"ingress/ingress_handler.go:120","msg":"Error retrieving TTL, defaulting.","commit":"7655d9c","error":"\"knativebrokerttl\" not found"}
{"level":"info","ts":"2019-12-03T21:04:43.287Z","logger":"broker_ingress","caller":"ingress/ingress_handler.go:120","msg":"Error retrieving TTL, defaulting.","commit":"7655d9c","error":"\"knativebrokerttl\" not found"}
{"level":"info","ts":"2019-12-03T21:04:43.288Z","logger":"broker_ingress","caller":"ingress/ingress_handler.go:120","msg":"Error retrieving TTL, defaulting.","commit":"7655d9c","error":"\"knativebrokerttl\" not found"}
{"level":"info","ts":"2019-12-03T21:04:43.289Z","logger":"broker_ingress","caller":"ingress/ingress_handler.go:120","msg":"Error retrieving TTL, defaulting.","commit":"7655d9c","error":"\"knativebrokerttl\" not found"}
{"level":"info","ts":"2019-12-03T21:04:43.289Z","logger":"broker_ingress","caller":"ingress/ingress_handler.go:120","msg":"Error retrieving TTL, defaulting.","commit":"7655d9c","error":"\"knativebrokerttl\" not found"}
{"level":"info","ts":"2019-12-03T21:04:43.291Z","logger":"broker_ingress","caller":"ingress/ingress_handler.go:120","msg":"Error retrieving TTL, defaulting.","commit":"7655d9c","error":"\"knativebrokerttl\" not found"}
{"level":"info","ts":"2019-12-03T21:04:43.291Z","logger":"broker_ingress","caller":"ingress/ingress_handler.go:120","msg":"Error retrieving TTL, defaulting.","commit":"7655d9c","error":"\"knativebrokerttl\" not found"}
{"level":"info","ts":"2019-12-03T21:04:43.293Z","logger":"broker_ingress","caller":"ingress/ingress_handler.go:120","msg":"Error retrieving TTL, defaulting.","commit":"7655d9c","error":"\"knativebrokerttl\" not found"}
{"level":"info","ts":"2019-12-03T21:04:43.293Z","logger":"broker_ingress","caller":"ingress/ingress_handler.go:120","msg":"Error retrieving TTL, defaulting.","commit":"7655d9c","error":"\"knativebrokerttl\" not found"}
{"level":"info","ts":"2019-12-03T21:04:43.294Z","logger":"broker_ingress","caller":"ingress/ingress_handler.go:120","msg":"Error retrieving TTL, defaulting.","commit":"7655d9c","error":"\"knativebrokerttl\" not found"}
{"level":"info","ts":"2019-12-03T21:04:43.294Z","logger":"broker_ingress","caller":"ingress/ingress_handler.go:120","msg":"Error retrieving TTL, defaulting.","commit":"7655d9c","error":"\"knativebrokerttl\" not found"}
{"level":"info","ts":"2019-12-03T21:04:43.296Z","logger":"broker_ingress","caller":"ingress/ingress_handler.go:120","msg":"Error retrieving TTL, defaulting.","commit":"7655d9c","error":"\"knativebrokerttl\" not found"}
{"level":"info","ts":"2019-12-03T21:04:43.295Z","logger":"broker_ingress","caller":"ingress/ingress_handler.go:120","msg":"Error retrieving TTL, defaulting.","commit":"7655d9c","error":"\"knativebrokerttl\" not found"}
{"level":"info","ts":"2019-12-03T21:04:43.302Z","logger":"broker_ingress","caller":"ingress/ingress_handler.go:120","msg":"Error retrieving TTL, defaulting.","commit":"7655d9c","error":"\"knativebrokerttl\" not found"}
{"level":"info","ts":"2019-12-03T21:04:43.302Z","logger":"broker_ingress","caller":"ingress/ingress_handler.go:120","msg":"Error retrieving TTL, defaulting.","commit":"7655d9c","error":"\"knativebrokerttl\" not found"}
{"level":"info","ts":"2019-12-03T21:04:43.302Z","logger":"broker_ingress","caller":"ingress/ingress_handler.go:120","msg":"Error retrieving TTL, defaulting.","commit":"7655d9c","error":"\"knativebrokerttl\" not found"}
{"level":"info","ts":"2019-12-03T21:04:43.302Z","logger":"broker_ingress","caller":"ingress/ingress_handler.go:120","msg":"Error retrieving TTL, defaulting.","commit":"7655d9c","error":"\"knativebrokerttl\" not found"}
{"level":"info","ts":"2019-12-03T21:04:43.302Z","logger":"broker_ingress","caller":"ingress/ingress_handler.go:120","msg":"Error retrieving TTL, defaulting.","commit":"7655d9c","error":"\"knativebrokerttl\" not found"}
{"level":"info","ts":"2019-12-03T21:04:43.302Z","logger":"broker_ingress","caller":"ingress/ingress_handler.go:120","msg":"Error retrieving TTL, defaulting.","commit":"7655d9c","error":"\"knativebrokerttl\" not found"}
{"level":"info","ts":"2019-12-03T21:04:43.303Z","logger":"broker_ingress","caller":"ingress/ingress_handler.go:120","msg":"Error retrieving TTL, defaulting.","commit":"7655d9c","error":"\"knativebrokerttl\" not found"}
{"level":"info","ts":"2019-12-03T21:04:43.307Z","logger":"broker_ingress","caller":"ingress/ingress_handler.go:120","msg":"Error retrieving TTL, defaulting.","commit":"7655d9c","error":"\"knativebrokerttl\" not found"}
{"level":"info","ts":"2019-12-03T21:04:43.308Z","logger":"broker_ingress","caller":"ingress/ingress_handler.go:120","msg":"Error retrieving TTL, defaulting.","commit":"7655d9c","error":"\"knativebrokerttl\" not found"}
{"level":"info","ts":"2019-12-03T21:04:43.309Z","logger":"broker_ingress","caller":"ingress/ingress_handler.go:120","msg":"Error retrieving TTL, defaulting.","commit":"7655d9c","error":"\"knativebrokerttl\" not found"}
{"level":"info","ts":"2019-12-03T21:04:43.309Z","logger":"broker_ingress","caller":"ingress/ingress_handler.go:120","msg":"Error retrieving TTL, defaulting.","commit":"7655d9c","error":"\"knativebrokerttl\" not found"}
{"level":"info","ts":"2019-12-03T21:04:43.310Z","logger":"broker_ingress","caller":"ingress/ingress_handler.go:120","msg":"Error retrieving TTL, defaulting.","commit":"7655d9c","error":"\"knativebrokerttl\" not found"}
{"level":"info","ts":"2019-12-03T21:04:43.310Z","logger":"broker_ingress","caller":"ingress/ingress_handler.go:120","msg":"Error retrieving TTL, defaulting.","commit":"7655d9c","error":"\"knativebrokerttl\" not found"}
{"level":"info","ts":"2019-12-03T21:04:43.311Z","logger":"broker_ingress","caller":"ingress/ingress_handler.go:120","msg":"Error retrieving TTL, defaulting.","commit":"7655d9c","error":"\"knativebrokerttl\" not found"}
{"level":"info","ts":"2019-12-03T21:04:43.312Z","logger":"broker_ingress","caller":"ingress/ingress_handler.go:120","msg":"Error retrieving TTL, defaulting.","commit":"7655d9c","error":"\"knativebrokerttl\" not found"}
{"level":"info","ts":"2019-12-03T21:04:43.313Z","logger":"broker_ingress","caller":"ingress/ingress_handler.go:120","msg":"Error retrieving TTL, defaulting.","commit":"7655d9c","error":"\"knativebrokerttl\" not found"}
{"level":"info","ts":"2019-12-03T21:04:43.313Z","logger":"broker_ingress","caller":"ingress/ingress_handler.go:120","msg":"Error retrieving TTL, defaulting.","commit":"7655d9c","error":"\"knativebrokerttl\" not found"}
{"level":"info","ts":"2019-12-03T21:04:43.314Z","logger":"broker_ingress","caller":"ingress/ingress_handler.go:120","msg":"Error retrieving TTL, defaulting.","commit":"7655d9c","error":"\"knativebrokerttl\" not found"}
{"level":"info","ts":"2019-12-03T21:04:43.314Z","logger":"broker_ingress","caller":"ingress/ingress_handler.go:120","msg":"Error retrieving TTL, defaulting.","commit":"7655d9c","error":"\"knativebrokerttl\" not found"}
{"level":"info","ts":"2019-12-03T21:04:43.317Z","logger":"broker_ingress","caller":"ingress/ingress_handler.go:120","msg":"Error retrieving TTL, defaulting.","commit":"7655d9c","error":"\"knativebrokerttl\" not found"}
{"level":"info","ts":"2019-12-03T21:04:43.319Z","logger":"broker_ingress","caller":"ingress/ingress_handler.go:120","msg":"Error retrieving TTL, defaulting.","commit":"7655d9c","error":"\"knativebrokerttl\" not found"}
{"level":"info","ts":"2019-12-03T21:04:43.319Z","logger":"broker_ingress","caller":"ingress/ingress_handler.go:120","msg":"Error retrieving TTL, defaulting.","commit":"7655d9c","error":"\"knativebrokerttl\" not found"}
{"level":"info","ts":"2019-12-03T21:04:43.320Z","logger":"broker_ingress","caller":"ingress/ingress_handler.go:120","msg":"Error retrieving TTL, defaulting.","commit":"7655d9c","error":"\"knativebrokerttl\" not found"}
{"level":"info","ts":"2019-12-03T21:04:43.320Z","logger":"broker_ingress","caller":"ingress/ingress_handler.go:120","msg":"Error retrieving TTL, defaulting.","commit":"7655d9c","error":"\"knativebrokerttl\" not found"}
{"level":"info","ts":"2019-12-03T21:04:43.320Z","logger":"broker_ingress","caller":"ingress/ingress_handler.go:120","msg":"Error retrieving TTL, defaulting.","commit":"7655d9c","error":"\"knativebrokerttl\" not found"}
{"level":"info","ts":"2019-12-03T21:04:43.320Z","logger":"broker_ingress","caller":"ingress/ingress_handler.go:120","msg":"Error retrieving TTL, defaulting.","commit":"7655d9c","error":"\"knativebrokerttl\" not found"}
{"level":"info","ts":"2019-12-03T21:04:43.320Z","logger":"broker_ingress","caller":"ingress/ingress_handler.go:120","msg":"Error retrieving TTL, defaulting.","commit":"7655d9c","error":"\"knativebrokerttl\" not found"}
{"level":"info","ts":"2019-12-03T21:04:43.320Z","logger":"broker_ingress","caller":"ingress/ingress_handler.go:120","msg":"Error retrieving TTL, defaulting.","commit":"7655d9c","error":"\"knativebrokerttl\" not found"}
{"level":"info","ts":"2019-12-03T21:04:43.320Z","logger":"broker_ingress","caller":"ingress/ingress_handler.go:120","msg":"Error retrieving TTL, defaulting.","commit":"7655d9c","error":"\"knativebrokerttl\" not found"}
{"level":"info","ts":"2019-12-03T21:04:43.321Z","logger":"broker_ingress","caller":"ingress/ingress_handler.go:120","msg":"Error retrieving TTL, defaulting.","commit":"7655d9c","error":"\"knativebrokerttl\" not found"}
{"level":"info","ts":"2019-12-03T21:04:43.322Z","logger":"broker_ingress","caller":"ingress/ingress_handler.go:120","msg":"Error retrieving TTL, defaulting.","commit":"7655d9c","error":"\"knativebrokerttl\" not found"}
{"level":"info","ts":"2019-12-03T21:04:43.323Z","logger":"broker_ingress","caller":"ingress/ingress_handler.go:120","msg":"Error retrieving TTL, defaulting.","commit":"7655d9c","error":"\"knativebrokerttl\" not found"}
{"level":"info","ts":"2019-12-03T21:04:43.323Z","logger":"broker_ingress","caller":"ingress/ingress_handler.go:120","msg":"Error retrieving TTL, defaulting.","commit":"7655d9c","error":"\"knativebrokerttl\" not found"}
{"level":"info","ts":"2019-12-03T21:04:43.326Z","logger":"broker_ingress","caller":"ingress/ingress_handler.go:120","msg":"Error retrieving TTL, defaulting.","commit":"7655d9c","error":"\"knativebrokerttl\" not found"}
{"level":"info","ts":"2019-12-03T21:04:43.327Z","logger":"broker_ingress","caller":"ingress/ingress_handler.go:120","msg":"Error retrieving TTL, defaulting.","commit":"7655d9c","error":"\"knativebrokerttl\" not found"}
{"level":"info","ts":"2019-12-03T21:04:43.327Z","logger":"broker_ingress","caller":"ingress/ingress_handler.go:120","msg":"Error retrieving TTL, defaulting.","commit":"7655d9c","error":"\"knativebrokerttl\" not found"}
{"level":"info","ts":"2019-12-03T21:04:43.326Z","logger":"broker_ingress","caller":"ingress/ingress_handler.go:120","msg":"Error retrieving TTL, defaulting.","commit":"7655d9c","error":"\"knativebrokerttl\" not found"}
{"level":"info","ts":"2019-12-03T21:04:43.334Z","logger":"broker_ingress","caller":"ingress/ingress_handler.go:120","msg":"Error retrieving TTL, defaulting.","commit":"7655d9c","error":"\"knativebrokerttl\" not found"}
{"level":"info","ts":"2019-12-03T21:04:43.328Z","logger":"broker_ingress","caller":"ingress/ingress_handler.go:120","msg":"Error retrieving TTL, defaulting.","commit":"7655d9c","error":"\"knativebrokerttl\" not found"}
{"level":"info","ts":"2019-12-03T21:04:43.328Z","logger":"broker_ingress","caller":"ingress/ingress_handler.go:120","msg":"Error retrieving TTL, defaulting.","commit":"7655d9c","error":"\"knativebrokerttl\" not found"}
{"level":"info","ts":"2019-12-03T21:04:43.330Z","logger":"broker_ingress","caller":"ingress/ingress_handler.go:120","msg":"Error retrieving TTL, defaulting.","commit":"7655d9c","error":"\"knativebrokerttl\" not found"}
{"level":"info","ts":"2019-12-03T21:04:43.331Z","logger":"broker_ingress","caller":"ingress/ingress_handler.go:120","msg":"Error retrieving TTL, defaulting.","commit":"7655d9c","error":"\"knativebrokerttl\" not found"}
{"level":"info","ts":"2019-12-03T21:04:43.332Z","logger":"broker_ingress","caller":"ingress/ingress_handler.go:120","msg":"Error retrieving TTL, defaulting.","commit":"7655d9c","error":"\"knativebrokerttl\" not found"}
{"level":"info","ts":"2019-12-03T21:04:43.337Z","logger":"broker_ingress","caller":"ingress/ingress_handler.go:120","msg":"Error retrieving TTL, defaulting.","commit":"7655d9c","error":"\"knativebrokerttl\" not found"}
{"level":"info","ts":"2019-12-03T21:04:43.333Z","logger":"broker_ingress","caller":"ingress/ingress_handler.go:120","msg":"Error retrieving TTL, defaulting.","commit":"7655d9c","error":"\"knativebrokerttl\" not found"}
{"level":"info","ts":"2019-12-03T21:04:43.333Z","logger":"broker_ingress","caller":"ingress/ingress_handler.go:120","msg":"Error retrieving TTL, defaulting.","commit":"7655d9c","error":"\"knativebrokerttl\" not found"}
{"level":"info","ts":"2019-12-03T21:04:43.335Z","logger":"broker_ingress","caller":"ingress/ingress_handler.go:120","msg":"Error retrieving TTL, defaulting.","commit":"7655d9c","error":"\"knativebrokerttl\" not found"}
{"level":"info","ts":"2019-12-03T21:04:43.335Z","logger":"broker_ingress","caller":"ingress/ingress_handler.go:120","msg":"Error retrieving TTL, defaulting.","commit":"7655d9c","error":"\"knativebrokerttl\" not found"}
{"level":"info","ts":"2019-12-03T21:04:43.338Z","logger":"broker_ingress","caller":"ingress/ingress_handler.go:120","msg":"Error retrieving TTL, defaulting.","commit":"7655d9c","error":"\"knativebrokerttl\" not found"}
{"level":"info","ts":"2019-12-03T21:04:43.339Z","logger":"broker_ingress","caller":"ingress/ingress_handler.go:120","msg":"Error retrieving TTL, defaulting.","commit":"7655d9c","error":"\"knativebrokerttl\" not found"}
{"level":"info","ts":"2019-12-03T21:04:43.340Z","logger":"broker_ingress","caller":"ingress/ingress_handler.go:120","msg":"Error retrieving TTL, defaulting.","commit":"7655d9c","error":"\"knativebrokerttl\" not found"}
{"level":"info","ts":"2019-12-03T21:04:43.341Z","logger":"broker_ingress","caller":"ingress/ingress_handler.go:120","msg":"Error retrieving TTL, defaulting.","commit":"7655d9c","error":"\"knativebrokerttl\" not found"}
{"level":"info","ts":"2019-12-03T21:04:43.344Z","logger":"broker_ingress","caller":"ingress/ingress_handler.go:120","msg":"Error retrieving TTL, defaulting.","commit":"7655d9c","error":"\"knativebrokerttl\" not found"}
{"level":"info","ts":"2019-12-03T21:04:43.344Z","logger":"broker_ingress","caller":"ingress/ingress_handler.go:120","msg":"Error retrieving TTL, defaulting.","commit":"7655d9c","error":"\"knativebrokerttl\" not found"}
{"level":"info","ts":"2019-12-03T21:04:43.347Z","logger":"broker_ingress","caller":"ingress/ingress_handler.go:120","msg":"Error retrieving TTL, defaulting.","commit":"7655d9c","error":"\"knativebrokerttl\" not found"}
{"level":"info","ts":"2019-12-03T21:04:43.347Z","logger":"broker_ingress","caller":"ingress/ingress_handler.go:120","msg":"Error retrieving TTL, defaulting.","commit":"7655d9c","error":"\"knativebrokerttl\" not found"}
{"level":"info","ts":"2019-12-03T21:04:43.348Z","logger":"broker_ingress","caller":"ingress/ingress_handler.go:120","msg":"Error retrieving TTL, defaulting.","commit":"7655d9c","error":"\"knativebrokerttl\" not found"}
{"level":"info","ts":"2019-12-03T21:04:43.348Z","logger":"broker_ingress","caller":"ingress/ingress_handler.go:120","msg":"Error retrieving TTL, defaulting.","commit":"7655d9c","error":"\"knativebrokerttl\" not found"}
{"level":"info","ts":"2019-12-03T21:04:43.350Z","logger":"broker_ingress","caller":"ingress/ingress_handler.go:120","msg":"Error retrieving TTL, defaulting.","commit":"7655d9c","error":"\"knativebrokerttl\" not found"}
{"level":"info","ts":"2019-12-03T21:04:43.350Z","logger":"broker_ingress","caller":"ingress/ingress_handler.go:120","msg":"Error retrieving TTL, defaulting.","commit":"7655d9c","error":"\"knativebrokerttl\" not found"}
{"level":"info","ts":"2019-12-03T21:04:43.351Z","logger":"broker_ingress","caller":"ingress/ingress_handler.go:120","msg":"Error retrieving TTL, defaulting.","commit":"7655d9c","error":"\"knativebrokerttl\" not found"}
{"level":"info","ts":"2019-12-03T21:04:43.356Z","logger":"broker_ingress","caller":"ingress/ingress_handler.go:120","msg":"Error retrieving TTL, defaulting.","commit":"7655d9c","error":"\"knativebrokerttl\" not found"}
{"level":"info","ts":"2019-12-03T21:04:43.357Z","logger":"broker_ingress","caller":"ingress/ingress_handler.go:120","msg":"Error retrieving TTL, defaulting.","commit":"7655d9c","error":"\"knativebrokerttl\" not found"}
{"level":"info","ts":"2019-12-03T21:04:43.358Z","logger":"broker_ingress","caller":"ingress/ingress_handler.go:120","msg":"Error retrieving TTL, defaulting.","commit":"7655d9c","error":"\"knativebrokerttl\" not found"}
{"level":"info","ts":"2019-12-03T21:04:43.358Z","logger":"broker_ingress","caller":"ingress/ingress_handler.go:120","msg":"Error retrieving TTL, defaulting.","commit":"7655d9c","error":"\"knativebrokerttl\" not found"}
{"level":"info","ts":"2019-12-03T21:04:43.358Z","logger":"broker_ingress","caller":"ingress/ingress_handler.go:120","msg":"Error retrieving TTL, defaulting.","commit":"7655d9c","error":"\"knativebrokerttl\" not found"}
{"level":"info","ts":"2019-12-03T21:04:43.357Z","logger":"broker_ingress","caller":"ingress/ingress_handler.go:120","msg":"Error retrieving TTL, defaulting.","commit":"7655d9c","error":"\"knativebrokerttl\" not found"}
{"level":"info","ts":"2019-12-03T21:04:43.364Z","logger":"broker_ingress","caller":"ingress/ingress_handler.go:120","msg":"Error retrieving TTL, defaulting.","commit":"7655d9c","error":"\"knativebrokerttl\" not found"}
{"level":"info","ts":"2019-12-03T21:04:43.358Z","logger":"broker_ingress","caller":"ingress/ingress_handler.go:120","msg":"Error retrieving TTL, defaulting.","commit":"7655d9c","error":"\"knativebrokerttl\" not found"}
{"level":"info","ts":"2019-12-03T21:04:43.360Z","logger":"broker_ingress","caller":"ingress/ingress_handler.go:120","msg":"Error retrieving TTL, defaulting.","commit":"7655d9c","error":"\"knativebrokerttl\" not found"}
{"level":"info","ts":"2019-12-03T21:04:43.360Z","logger":"broker_ingress","caller":"ingress/ingress_handler.go:120","msg":"Error retrieving TTL, defaulting.","commit":"7655d9c","error":"\"knativebrokerttl\" not found"}
{"level":"info","ts":"2019-12-03T21:04:43.362Z","logger":"broker_ingress","caller":"ingress/ingress_handler.go:120","msg":"Error retrieving TTL, defaulting.","commit":"7655d9c","error":"\"knativebrokerttl\" not found"}
{"level":"info","ts":"2019-12-03T21:04:43.362Z","logger":"broker_ingress","caller":"ingress/ingress_handler.go:120","msg":"Error retrieving TTL, defaulting.","commit":"7655d9c","error":"\"knativebrokerttl\" not found"}
{"level":"info","ts":"2019-12-03T21:04:43.362Z","logger":"broker_ingress","caller":"ingress/ingress_handler.go:120","msg":"Error retrieving TTL, defaulting.","commit":"7655d9c","error":"\"knativebrokerttl\" not found"}
{"level":"info","ts":"2019-12-03T21:04:43.363Z","logger":"broker_ingress","caller":"ingress/ingress_handler.go:120","msg":"Error retrieving TTL, defaulting.","commit":"7655d9c","error":"\"knativebrokerttl\" not found"}
{"level":"info","ts":"2019-12-03T21:04:43.366Z","logger":"broker_ingress","caller":"ingress/ingress_handler.go:120","msg":"Error retrieving TTL, defaulting.","commit":"7655d9c","error":"\"knativebrokerttl\" not found"}
{"level":"info","ts":"2019-12-03T21:04:43.366Z","logger":"broker_ingress","caller":"ingress/ingress_handler.go:120","msg":"Error retrieving TTL, defaulting.","commit":"7655d9c","error":"\"knativebrokerttl\" not found"}
{"level":"info","ts":"2019-12-03T21:04:43.366Z","logger":"broker_ingress","caller":"ingress/ingress_handler.go:120","msg":"Error retrieving TTL, defaulting.","commit":"7655d9c","error":"\"knativebrokerttl\" not found"}
{"level":"info","ts":"2019-12-03T21:04:43.367Z","logger":"broker_ingress","caller":"ingress/ingress_handler.go:120","msg":"Error retrieving TTL, defaulting.","commit":"7655d9c","error":"\"knativebrokerttl\" not found"}
{"level":"info","ts":"2019-12-03T21:04:43.367Z","logger":"broker_ingress","caller":"ingress/ingress_handler.go:120","msg":"Error retrieving TTL, defaulting.","commit":"7655d9c","error":"\"knativebrokerttl\" not found"}
{"level":"info","ts":"2019-12-03T21:04:43.368Z","logger":"broker_ingress","caller":"ingress/ingress_handler.go:120","msg":"Error retrieving TTL, defaulting.","commit":"7655d9c","error":"\"knativebrokerttl\" not found"}
{"level":"info","ts":"2019-12-03T21:04:43.368Z","logger":"broker_ingress","caller":"ingress/ingress_handler.go:120","msg":"Error retrieving TTL, defaulting.","commit":"7655d9c","error":"\"knativebrokerttl\" not found"}
{"level":"info","ts":"2019-12-03T21:04:43.385Z","logger":"broker_ingress","caller":"ingress/ingress_handler.go:120","msg":"Error retrieving TTL, defaulting.","commit":"7655d9c","error":"\"knativebrokerttl\" not found"}
{"level":"info","ts":"2019-12-03T21:04:43.386Z","logger":"broker_ingress","caller":"ingress/ingress_handler.go:120","msg":"Error retrieving TTL, defaulting.","commit":"7655d9c","error":"\"knativebrokerttl\" not found"}
{"level":"info","ts":"2019-12-03T21:04:43.392Z","logger":"broker_ingress","caller":"ingress/ingress_handler.go:120","msg":"Error retrieving TTL, defaulting.","commit":"7655d9c","error":"\"knativebrokerttl\" not found"}
{"level":"info","ts":"2019-12-03T21:04:43.392Z","logger":"broker_ingress","caller":"ingress/ingress_handler.go:120","msg":"Error retrieving TTL, defaulting.","commit":"7655d9c","error":"\"knativebrokerttl\" not found"}
{"level":"info","ts":"2019-12-03T21:04:43.394Z","logger":"broker_ingress","caller":"ingress/ingress_handler.go:120","msg":"Error retrieving TTL, defaulting.","commit":"7655d9c","error":"\"knativebrokerttl\" not found"}
{"level":"info","ts":"2019-12-03T21:04:43.395Z","logger":"broker_ingress","caller":"ingress/ingress_handler.go:120","msg":"Error retrieving TTL, defaulting.","commit":"7655d9c","error":"\"knativebrokerttl\" not found"}
{"level":"info","ts":"2019-12-03T21:04:43.395Z","logger":"broker_ingress","caller":"ingress/ingress_handler.go:120","msg":"Error retrieving TTL, defaulting.","commit":"7655d9c","error":"\"knativebrokerttl\" not found"}
{"level":"info","ts":"2019-12-03T21:04:43.396Z","logger":"broker_ingress","caller":"ingress/ingress_handler.go:120","msg":"Error retrieving TTL, defaulting.","commit":"7655d9c","error":"\"knativebrokerttl\" not found"}
{"level":"info","ts":"2019-12-03T21:04:43.397Z","logger":"broker_ingress","caller":"ingress/ingress_handler.go:120","msg":"Error retrieving TTL, defaulting.","commit":"7655d9c","error":"\"knativebrokerttl\" not found"}
{"level":"info","ts":"2019-12-03T21:04:43.397Z","logger":"broker_ingress","caller":"ingress/ingress_handler.go:120","msg":"Error retrieving TTL, defaulting.","commit":"7655d9c","error":"\"knativebrokerttl\" not found"}
{"level":"info","ts":"2019-12-03T21:04:43.402Z","logger":"broker_ingress","caller":"ingress/ingress_handler.go:120","msg":"Error retrieving TTL, defaulting.","commit":"7655d9c","error":"\"knativebrokerttl\" not found"}
{"level":"info","ts":"2019-12-03T21:04:43.402Z","logger":"broker_ingress","caller":"ingress/ingress_handler.go:120","msg":"Error retrieving TTL, defaulting.","commit":"7655d9c","error":"\"knativebrokerttl\" not found"}
{"level":"info","ts":"2019-12-03T21:04:43.402Z","logger":"broker_ingress","caller":"ingress/ingress_handler.go:120","msg":"Error retrieving TTL, defaulting.","commit":"7655d9c","error":"\"knativebrokerttl\" not found"}
{"level":"info","ts":"2019-12-03T21:04:43.403Z","logger":"broker_ingress","caller":"ingress/ingress_handler.go:120","msg":"Error retrieving TTL, defaulting.","commit":"7655d9c","error":"\"knativebrokerttl\" not found"}
{"level":"info","ts":"2019-12-03T21:04:43.403Z","logger":"broker_ingress","caller":"ingress/ingress_handler.go:120","msg":"Error retrieving TTL, defaulting.","commit":"7655d9c","error":"\"knativebrokerttl\" not found"}
{"level":"info","ts":"2019-12-03T21:04:43.403Z","logger":"broker_ingress","caller":"ingress/ingress_handler.go:120","msg":"Error retrieving TTL, defaulting.","commit":"7655d9c","error":"\"knativebrokerttl\" not found"}
{"level":"info","ts":"2019-12-03T21:04:43.403Z","logger":"broker_ingress","caller":"ingress/ingress_handler.go:120","msg":"Error retrieving TTL, defaulting.","commit":"7655d9c","error":"\"knativebrokerttl\" not found"}
{"level":"info","ts":"2019-12-03T21:04:43.403Z","logger":"broker_ingress","caller":"ingress/ingress_handler.go:120","msg":"Error retrieving TTL, defaulting.","commit":"7655d9c","error":"\"knativebrokerttl\" not found"}
{"level":"info","ts":"2019-12-03T21:04:43.405Z","logger":"broker_ingress","caller":"ingress/ingress_handler.go:120","msg":"Error retrieving TTL, defaulting.","commit":"7655d9c","error":"\"knativebrokerttl\" not found"}
{"level":"info","ts":"2019-12-03T21:04:43.406Z","logger":"broker_ingress","caller":"ingress/ingress_handler.go:120","msg":"Error retrieving TTL, defaulting.","commit":"7655d9c","error":"\"knativebrokerttl\" not found"}
{"level":"info","ts":"2019-12-03T21:04:43.411Z","logger":"broker_ingress","caller":"ingress/ingress_handler.go:120","msg":"Error retrieving TTL, defaulting.","commit":"7655d9c","error":"\"knativebrokerttl\" not found"}
{"level":"info","ts":"2019-12-03T21:04:43.412Z","logger":"broker_ingress","caller":"ingress/ingress_handler.go:120","msg":"Error retrieving TTL, defaulting.","commit":"7655d9c","error":"\"knativebrokerttl\" not found"}
{"level":"info","ts":"2019-12-03T21:04:43.413Z","logger":"broker_ingress","caller":"ingress/ingress_handler.go:120","msg":"Error retrieving TTL, defaulting.","commit":"7655d9c","error":"\"knativebrokerttl\" not found"}
{"level":"info","ts":"2019-12-03T21:04:43.414Z","logger":"broker_ingress","caller":"ingress/ingress_handler.go:120","msg":"Error retrieving TTL, defaulting.","commit":"7655d9c","error":"\"knativebrokerttl\" not found"}
{"level":"info","ts":"2019-12-03T21:04:43.414Z","logger":"broker_ingress","caller":"ingress/ingress_handler.go:120","msg":"Error retrieving TTL, defaulting.","commit":"7655d9c","error":"\"knativebrokerttl\" not found"}
{"level":"info","ts":"2019-12-03T21:04:43.419Z","logger":"broker_ingress","caller":"ingress/ingress_handler.go:120","msg":"Error retrieving TTL, defaulting.","commit":"7655d9c","error":"\"knativebrokerttl\" not found"}
{"level":"info","ts":"2019-12-03T21:04:43.429Z","logger":"broker_ingress","caller":"ingress/ingress_handler.go:120","msg":"Error retrieving TTL, defaulting.","commit":"7655d9c","error":"\"knativebrokerttl\" not found"}
{"level":"info","ts":"2019-12-03T21:04:43.431Z","logger":"broker_ingress","caller":"ingress/ingress_handler.go:120","msg":"Error retrieving TTL, defaulting.","commit":"7655d9c","error":"\"knativebrokerttl\" not found"}
{"level":"info","ts":"2019-12-03T21:04:43.432Z","logger":"broker_ingress","caller":"ingress/ingress_handler.go:120","msg":"Error retrieving TTL, defaulting.","commit":"7655d9c","error":"\"knativebrokerttl\" not found"}
{"level":"info","ts":"2019-12-03T21:04:43.434Z","logger":"broker_ingress","caller":"ingress/ingress_handler.go:120","msg":"Error retrieving TTL, defaulting.","commit":"7655d9c","error":"\"knativebrokerttl\" not found"}
{"level":"info","ts":"2019-12-03T21:04:43.435Z","logger":"broker_ingress","caller":"ingress/ingress_handler.go:120","msg":"Error retrieving TTL, defaulting.","commit":"7655d9c","error":"\"knativebrokerttl\" not found"}
{"level":"info","ts":"2019-12-03T21:04:43.436Z","logger":"broker_ingress","caller":"ingress/ingress_handler.go:120","msg":"Error retrieving TTL, defaulting.","commit":"7655d9c","error":"\"knativebrokerttl\" not found"}
{"level":"info","ts":"2019-12-03T21:04:43.437Z","logger":"broker_ingress","caller":"ingress/ingress_handler.go:120","msg":"Error retrieving TTL, defaulting.","commit":"7655d9c","error":"\"knativebrokerttl\" not found"}
{"level":"info","ts":"2019-12-03T21:04:43.439Z","logger":"broker_ingress","caller":"ingress/ingress_handler.go:120","msg":"Error retrieving TTL, defaulting.","commit":"7655d9c","error":"\"knativebrokerttl\" not found"}
{"level":"info","ts":"2019-12-03T21:04:43.439Z","logger":"broker_ingress","caller":"ingress/ingress_handler.go:120","msg":"Error retrieving TTL, defaulting.","commit":"7655d9c","error":"\"knativebrokerttl\" not found"}
{"level":"info","ts":"2019-12-03T21:04:43.440Z","logger":"broker_ingress","caller":"ingress/ingress_handler.go:120","msg":"Error retrieving TTL, defaulting.","commit":"7655d9c","error":"\"knativebrokerttl\" not found"}
{"level":"info","ts":"2019-12-03T21:04:43.441Z","logger":"broker_ingress","caller":"ingress/ingress_handler.go:120","msg":"Error retrieving TTL, defaulting.","commit":"7655d9c","error":"\"knativebrokerttl\" not found"}
{"level":"info","ts":"2019-12-03T21:04:43.446Z","logger":"broker_ingress","caller":"ingress/ingress_handler.go:120","msg":"Error retrieving TTL, defaulting.","commit":"7655d9c","error":"\"knativebrokerttl\" not found"}
{"level":"info","ts":"2019-12-03T21:04:43.447Z","logger":"broker_ingress","caller":"ingress/ingress_handler.go:120","msg":"Error retrieving TTL, defaulting.","commit":"7655d9c","error":"\"knativebrokerttl\" not found"}
{"level":"info","ts":"2019-12-03T21:04:43.450Z","logger":"broker_ingress","caller":"ingress/ingress_handler.go:120","msg":"Error retrieving TTL, defaulting.","commit":"7655d9c","error":"\"knativebrokerttl\" not found"}
{"level":"info","ts":"2019-12-03T21:04:43.454Z","logger":"broker_ingress","caller":"ingress/ingress_handler.go:120","msg":"Error retrieving TTL, defaulting.","commit":"7655d9c","error":"\"knativebrokerttl\" not found"}
{"level":"info","ts":"2019-12-03T21:04:43.455Z","logger":"broker_ingress","caller":"ingress/ingress_handler.go:120","msg":"Error retrieving TTL, defaulting.","commit":"7655d9c","error":"\"knativebrokerttl\" not found"}
{"level":"info","ts":"2019-12-03T21:04:43.455Z","logger":"broker_ingress","caller":"ingress/ingress_handler.go:120","msg":"Error retrieving TTL, defaulting.","commit":"7655d9c","error":"\"knativebrokerttl\" not found"}
{"level":"info","ts":"2019-12-03T21:04:43.458Z","logger":"broker_ingress","caller":"ingress/ingress_handler.go:120","msg":"Error retrieving TTL, defaulting.","commit":"7655d9c","error":"\"knativebrokerttl\" not found"}
{"level":"info","ts":"2019-12-03T21:04:43.459Z","logger":"broker_ingress","caller":"ingress/ingress_handler.go:120","msg":"Error retrieving TTL, defaulting.","commit":"7655d9c","error":"\"knativebrokerttl\" not found"}
{"level":"info","ts":"2019-12-03T21:04:43.463Z","logger":"broker_ingress","caller":"ingress/ingress_handler.go:120","msg":"Error retrieving TTL, defaulting.","commit":"7655d9c","error":"\"knativebrokerttl\" not found"}
{"level":"info","ts":"2019-12-03T21:04:43.464Z","logger":"broker_ingress","caller":"ingress/ingress_handler.go:120","msg":"Error retrieving TTL, defaulting.","commit":"7655d9c","error":"\"knativebrokerttl\" not found"}
{"level":"info","ts":"2019-12-03T21:04:43.465Z","logger":"broker_ingress","caller":"ingress/ingress_handler.go:120","msg":"Error retrieving TTL, defaulting.","commit":"7655d9c","error":"\"knativebrokerttl\" not found"}
{"level":"info","ts":"2019-12-03T21:04:43.467Z","logger":"broker_ingress","caller":"ingress/ingress_handler.go:120","msg":"Error retrieving TTL, defaulting.","commit":"7655d9c","error":"\"knativebrokerttl\" not found"}
{"level":"info","ts":"2019-12-03T21:04:43.475Z","logger":"broker_ingress","caller":"ingress/ingress_handler.go:120","msg":"Error retrieving TTL, defaulting.","commit":"7655d9c","error":"\"knativebrokerttl\" not found"}
{"level":"info","ts":"2019-12-03T21:04:43.476Z","logger":"broker_ingress","caller":"ingress/ingress_handler.go:120","msg":"Error retrieving TTL, defaulting.","commit":"7655d9c","error":"\"knativebrokerttl\" not found"}
{"level":"info","ts":"2019-12-03T21:04:43.478Z","logger":"broker_ingress","caller":"ingress/ingress_handler.go:120","msg":"Error retrieving TTL, defaulting.","commit":"7655d9c","error":"\"knativebrokerttl\" not found"}
{"level":"info","ts":"2019-12-03T21:04:43.479Z","logger":"broker_ingress","caller":"ingress/ingress_handler.go:120","msg":"Error retrieving TTL, defaulting.","commit":"7655d9c","error":"\"knativebrokerttl\" not found"}
{"level":"info","ts":"2019-12-03T21:04:43.477Z","logger":"broker_ingress","caller":"ingress/ingress_handler.go:120","msg":"Error retrieving TTL, defaulting.","commit":"7655d9c","error":"\"knativebrokerttl\" not found"}
{"level":"info","ts":"2019-12-03T21:04:43.480Z","logger":"broker_ingress","caller":"ingress/ingress_handler.go:120","msg":"Error retrieving TTL, defaulting.","commit":"7655d9c","error":"\"knativebrokerttl\" not found"}
{"level":"info","ts":"2019-12-03T21:04:43.481Z","logger":"broker_ingress","caller":"ingress/ingress_handler.go:120","msg":"Error retrieving TTL, defaulting.","commit":"7655d9c","error":"\"knativebrokerttl\" not found"}
{"level":"info","ts":"2019-12-03T21:04:43.481Z","logger":"broker_ingress","caller":"ingress/ingress_handler.go:120","msg":"Error retrieving TTL, defaulting.","commit":"7655d9c","error":"\"knativebrokerttl\" not found"}
{"level":"info","ts":"2019-12-03T21:04:43.482Z","logger":"broker_ingress","caller":"ingress/ingress_handler.go:120","msg":"Error retrieving TTL, defaulting.","commit":"7655d9c","error":"\"knativebrokerttl\" not found"}
{"level":"info","ts":"2019-12-03T21:04:43.482Z","logger":"broker_ingress","caller":"ingress/ingress_handler.go:120","msg":"Error retrieving TTL, defaulting.","commit":"7655d9c","error":"\"knativebrokerttl\" not found"}
{"level":"info","ts":"2019-12-03T21:04:43.480Z","logger":"broker_ingress","caller":"ingress/ingress_handler.go:120","msg":"Error retrieving TTL, defaulting.","commit":"7655d9c","error":"\"knativebrokerttl\" not found"}
{"level":"info","ts":"2019-12-03T21:04:43.486Z","logger":"broker_ingress","caller":"ingress/ingress_handler.go:120","msg":"Error retrieving TTL, defaulting.","commit":"7655d9c","error":"\"knativebrokerttl\" not found"}
{"level":"info","ts":"2019-12-03T21:04:43.488Z","logger":"broker_ingress","caller":"ingress/ingress_handler.go:120","msg":"Error retrieving TTL, defaulting.","commit":"7655d9c","error":"\"knativebrokerttl\" not found"}
{"level":"info","ts":"2019-12-03T21:04:43.489Z","logger":"broker_ingress","caller":"ingress/ingress_handler.go:120","msg":"Error retrieving TTL, defaulting.","commit":"7655d9c","error":"\"knativebrokerttl\" not found"}
{"level":"info","ts":"2019-12-03T21:04:43.490Z","logger":"broker_ingress","caller":"ingress/ingress_handler.go:120","msg":"Error retrieving TTL, defaulting.","commit":"7655d9c","error":"\"knativebrokerttl\" not found"}
{"level":"info","ts":"2019-12-03T21:04:43.490Z","logger":"broker_ingress","caller":"ingress/ingress_handler.go:120","msg":"Error retrieving TTL, defaulting.","commit":"7655d9c","error":"\"knativebrokerttl\" not found"}
{"level":"info","ts":"2019-12-03T21:04:43.491Z","logger":"broker_ingress","caller":"ingress/ingress_handler.go:120","msg":"Error retrieving TTL, defaulting.","commit":"7655d9c","error":"\"knativebrokerttl\" not found"}
{"level":"info","ts":"2019-12-03T21:04:43.491Z","logger":"broker_ingress","caller":"ingress/ingress_handler.go:120","msg":"Error retrieving TTL, defaulting.","commit":"7655d9c","error":"\"knativebrokerttl\" not found"}
{"level":"info","ts":"2019-12-03T21:04:43.495Z","logger":"broker_ingress","caller":"ingress/ingress_handler.go:120","msg":"Error retrieving TTL, defaulting.","commit":"7655d9c","error":"\"knativebrokerttl\" not found"}
{"level":"info","ts":"2019-12-03T21:04:43.496Z","logger":"broker_ingress","caller":"ingress/ingress_handler.go:120","msg":"Error retrieving TTL, defaulting.","commit":"7655d9c","error":"\"knativebrokerttl\" not found"}
{"level":"info","ts":"2019-12-03T21:04:43.496Z","logger":"broker_ingress","caller":"ingress/ingress_handler.go:120","msg":"Error retrieving TTL, defaulting.","commit":"7655d9c","error":"\"knativebrokerttl\" not found"}
{"level":"info","ts":"2019-12-03T21:04:43.503Z","logger":"broker_ingress","caller":"ingress/ingress_handler.go:120","msg":"Error retrieving TTL, defaulting.","commit":"7655d9c","error":"\"knativebrokerttl\" not found"}
{"level":"info","ts":"2019-12-03T21:04:43.504Z","logger":"broker_ingress","caller":"ingress/ingress_handler.go:120","msg":"Error retrieving TTL, defaulting.","commit":"7655d9c","error":"\"knativebrokerttl\" not found"}
{"level":"info","ts":"2019-12-03T21:04:43.505Z","logger":"broker_ingress","caller":"ingress/ingress_handler.go:120","msg":"Error retrieving TTL, defaulting.","commit":"7655d9c","error":"\"knativebrokerttl\" not found"}
{"level":"info","ts":"2019-12-03T21:04:43.506Z","logger":"broker_ingress","caller":"ingress/ingress_handler.go:120","msg":"Error retrieving TTL, defaulting.","commit":"7655d9c","error":"\"knativebrokerttl\" not found"}
{"level":"info","ts":"2019-12-03T21:04:43.506Z","logger":"broker_ingress","caller":"ingress/ingress_handler.go:120","msg":"Error retrieving TTL, defaulting.","commit":"7655d9c","error":"\"knativebrokerttl\" not found"}
{"level":"info","ts":"2019-12-03T21:04:43.505Z","logger":"broker_ingress","caller":"ingress/ingress_handler.go:120","msg":"Error retrieving TTL, defaulting.","commit":"7655d9c","error":"\"knativebrokerttl\" not found"}
{"level":"info","ts":"2019-12-03T21:04:43.512Z","logger":"broker_ingress","caller":"ingress/ingress_handler.go:120","msg":"Error retrieving TTL, defaulting.","commit":"7655d9c","error":"\"knativebrokerttl\" not found"}
{"level":"info","ts":"2019-12-03T21:04:43.513Z","logger":"broker_ingress","caller":"ingress/ingress_handler.go:120","msg":"Error retrieving TTL, defaulting.","commit":"7655d9c","error":"\"knativebrokerttl\" not found"}
{"level":"info","ts":"2019-12-03T21:04:43.516Z","logger":"broker_ingress","caller":"ingress/ingress_handler.go:120","msg":"Error retrieving TTL, defaulting.","commit":"7655d9c","error":"\"knativebrokerttl\" not found"}
{"level":"info","ts":"2019-12-03T21:04:43.517Z","logger":"broker_ingress","caller":"ingress/ingress_handler.go:120","msg":"Error retrieving TTL, defaulting.","commit":"7655d9c","error":"\"knativebrokerttl\" not found"}
{"level":"info","ts":"2019-12-03T21:04:43.519Z","logger":"broker_ingress","caller":"ingress/ingress_handler.go:120","msg":"Error retrieving TTL, defaulting.","commit":"7655d9c","error":"\"knativebrokerttl\" not found"}
{"level":"info","ts":"2019-12-03T21:04:43.519Z","logger":"broker_ingress","caller":"ingress/ingress_handler.go:120","msg":"Error retrieving TTL, defaulting.","commit":"7655d9c","error":"\"knativebrokerttl\" not found"}
{"level":"info","ts":"2019-12-03T21:04:43.523Z","logger":"broker_ingress","caller":"ingress/ingress_handler.go:120","msg":"Error retrieving TTL, defaulting.","commit":"7655d9c","error":"\"knativebrokerttl\" not found"}
{"level":"info","ts":"2019-12-03T21:04:43.524Z","logger":"broker_ingress","caller":"ingress/ingress_handler.go:120","msg":"Error retrieving TTL, defaulting.","commit":"7655d9c","error":"\"knativebrokerttl\" not found"}
{"level":"info","ts":"2019-12-03T21:04:43.525Z","logger":"broker_ingress","caller":"ingress/ingress_handler.go:120","msg":"Error retrieving TTL, defaulting.","commit":"7655d9c","error":"\"knativebrokerttl\" not found"}
{"level":"info","ts":"2019-12-03T21:04:43.527Z","logger":"broker_ingress","caller":"ingress/ingress_handler.go:120","msg":"Error retrieving TTL, defaulting.","commit":"7655d9c","error":"\"knativebrokerttl\" not found"}
{"level":"info","ts":"2019-12-03T21:04:43.530Z","logger":"broker_ingress","caller":"ingress/ingress_handler.go:120","msg":"Error retrieving TTL, defaulting.","commit":"7655d9c","error":"\"knativebrokerttl\" not found"}
{"level":"info","ts":"2019-12-03T21:04:43.530Z","logger":"broker_ingress","caller":"ingress/ingress_handler.go:120","msg":"Error retrieving TTL, defaulting.","commit":"7655d9c","error":"\"knativebrokerttl\" not found"}
{"level":"info","ts":"2019-12-03T21:04:43.531Z","logger":"broker_ingress","caller":"ingress/ingress_handler.go:120","msg":"Error retrieving TTL, defaulting.","commit":"7655d9c","error":"\"knativebrokerttl\" not found"}
{"level":"info","ts":"2019-12-03T21:04:43.531Z","logger":"broker_ingress","caller":"ingress/ingress_handler.go:120","msg":"Error retrieving TTL, defaulting.","commit":"7655d9c","error":"\"knativebrokerttl\" not found"}
{"level":"info","ts":"2019-12-03T21:04:43.532Z","logger":"broker_ingress","caller":"ingress/ingress_handler.go:120","msg":"Error retrieving TTL, defaulting.","commit":"7655d9c","error":"\"knativebrokerttl\" not found"}
{"level":"info","ts":"2019-12-03T21:04:43.532Z","logger":"broker_ingress","caller":"ingress/ingress_handler.go:120","msg":"Error retrieving TTL, defaulting.","commit":"7655d9c","error":"\"knativebrokerttl\" not found"}
{"level":"info","ts":"2019-12-03T21:04:43.533Z","logger":"broker_ingress","caller":"ingress/ingress_handler.go:120","msg":"Error retrieving TTL, defaulting.","commit":"7655d9c","error":"\"knativebrokerttl\" not found"}
{"level":"info","ts":"2019-12-03T21:04:43.534Z","logger":"broker_ingress","caller":"ingress/ingress_handler.go:120","msg":"Error retrieving TTL, defaulting.","commit":"7655d9c","error":"\"knativebrokerttl\" not found"}
{"level":"info","ts":"2019-12-03T21:04:43.534Z","logger":"broker_ingress","caller":"ingress/ingress_handler.go:120","msg":"Error retrieving TTL, defaulting.","commit":"7655d9c","error":"\"knativebrokerttl\" not found"}
{"level":"info","ts":"2019-12-03T21:04:43.535Z","logger":"broker_ingress","caller":"ingress/ingress_handler.go:120","msg":"Error retrieving TTL, defaulting.","commit":"7655d9c","error":"\"knativebrokerttl\" not found"}
{"level":"info","ts":"2019-12-03T21:04:43.535Z","logger":"broker_ingress","caller":"ingress/ingress_handler.go:120","msg":"Error retrieving TTL, defaulting.","commit":"7655d9c","error":"\"knativebrokerttl\" not found"}
{"level":"info","ts":"2019-12-03T21:04:43.540Z","logger":"broker_ingress","caller":"ingress/ingress_handler.go:120","msg":"Error retrieving TTL, defaulting.","commit":"7655d9c","error":"\"knativebrokerttl\" not found"}
{"level":"info","ts":"2019-12-03T21:04:43.540Z","logger":"broker_ingress","caller":"ingress/ingress_handler.go:120","msg":"Error retrieving TTL, defaulting.","commit":"7655d9c","error":"\"knativebrokerttl\" not found"}
{"level":"info","ts":"2019-12-03T21:04:43.546Z","logger":"broker_ingress","caller":"ingress/ingress_handler.go:120","msg":"Error retrieving TTL, defaulting.","commit":"7655d9c","error":"\"knativebrokerttl\" not found"}
{"level":"info","ts":"2019-12-03T21:04:43.547Z","logger":"broker_ingress","caller":"ingress/ingress_handler.go:120","msg":"Error retrieving TTL, defaulting.","commit":"7655d9c","error":"\"knativebrokerttl\" not found"}
{"level":"info","ts":"2019-12-03T21:04:43.552Z","logger":"broker_ingress","caller":"ingress/ingress_handler.go:120","msg":"Error retrieving TTL, defaulting.","commit":"7655d9c","error":"\"knativebrokerttl\" not found"}
{"level":"info","ts":"2019-12-03T21:04:43.553Z","logger":"broker_ingress","caller":"ingress/ingress_handler.go:120","msg":"Error retrieving TTL, defaulting.","commit":"7655d9c","error":"\"knativebrokerttl\" not found"}
{"level":"info","ts":"2019-12-03T21:04:43.554Z","logger":"broker_ingress","caller":"ingress/ingress_handler.go:120","msg":"Error retrieving TTL, defaulting.","commit":"7655d9c","error":"\"knativebrokerttl\" not found"}
{"level":"info","ts":"2019-12-03T21:04:43.561Z","logger":"broker_ingress","caller":"ingress/ingress_handler.go:120","msg":"Error retrieving TTL, defaulting.","commit":"7655d9c","error":"\"knativebrokerttl\" not found"}
{"level":"info","ts":"2019-12-03T21:04:43.562Z","logger":"broker_ingress","caller":"ingress/ingress_handler.go:120","msg":"Error retrieving TTL, defaulting.","commit":"7655d9c","error":"\"knativebrokerttl\" not found"}
{"level":"info","ts":"2019-12-03T21:04:43.563Z","logger":"broker_ingress","caller":"ingress/ingress_handler.go:120","msg":"Error retrieving TTL, defaulting.","commit":"7655d9c","error":"\"knativebrokerttl\" not found"}
{"level":"info","ts":"2019-12-03T21:04:43.563Z","logger":"broker_ingress","caller":"ingress/ingress_handler.go:120","msg":"Error retrieving TTL, defaulting.","commit":"7655d9c","error":"\"knativebrokerttl\" not found"}
{"level":"info","ts":"2019-12-03T21:04:43.564Z","logger":"broker_ingress","caller":"ingress/ingress_handler.go:120","msg":"Error retrieving TTL, defaulting.","commit":"7655d9c","error":"\"knativebrokerttl\" not found"}
{"level":"info","ts":"2019-12-03T21:04:43.565Z","logger":"broker_ingress","caller":"ingress/ingress_handler.go:120","msg":"Error retrieving TTL, defaulting.","commit":"7655d9c","error":"\"knativebrokerttl\" not found"}
{"level":"info","ts":"2019-12-03T21:04:43.565Z","logger":"broker_ingress","caller":"ingress/ingress_handler.go:120","msg":"Error retrieving TTL, defaulting.","commit":"7655d9c","error":"\"knativebrokerttl\" not found"}
{"level":"info","ts":"2019-12-03T21:04:43.584Z","logger":"broker_ingress","caller":"ingress/ingress_handler.go:120","msg":"Error retrieving TTL, defaulting.","commit":"7655d9c","error":"\"knativebrokerttl\" not found"}
{"level":"info","ts":"2019-12-03T21:04:43.585Z","logger":"broker_ingress","caller":"ingress/ingress_handler.go:120","msg":"Error retrieving TTL, defaulting.","commit":"7655d9c","error":"\"knativebrokerttl\" not found"}
{"level":"info","ts":"2019-12-03T21:04:43.585Z","logger":"broker_ingress","caller":"ingress/ingress_handler.go:120","msg":"Error retrieving TTL, defaulting.","commit":"7655d9c","error":"\"knativebrokerttl\" not found"}
{"level":"info","ts":"2019-12-03T21:04:43.592Z","logger":"broker_ingress","caller":"ingress/ingress_handler.go:120","msg":"Error retrieving TTL, defaulting.","commit":"7655d9c","error":"\"knativebrokerttl\" not found"}
{"level":"info","ts":"2019-12-03T21:04:43.593Z","logger":"broker_ingress","caller":"ingress/ingress_handler.go:120","msg":"Error retrieving TTL, defaulting.","commit":"7655d9c","error":"\"knativebrokerttl\" not found"}
{"level":"info","ts":"2019-12-03T21:04:43.798Z","logger":"broker_ingress","caller":"ingress/ingress_handler.go:120","msg":"Error retrieving TTL, defaulting.","commit":"7655d9c","error":"\"knativebrokerttl\" not found"}
{"level":"info","ts":"2019-12-03T21:04:43.800Z","logger":"broker_ingress","caller":"ingress/ingress_handler.go:120","msg":"Error retrieving TTL, defaulting.","commit":"7655d9c","error":"\"knativebrokerttl\" not found"}
{"level":"info","ts":"2019-12-03T21:04:43.594Z","logger":"broker_ingress","caller":"ingress/ingress_handler.go:120","msg":"Error retrieving TTL, defaulting.","commit":"7655d9c","error":"\"knativebrokerttl\" not found"}
{"level":"info","ts":"2019-12-03T21:04:43.661Z","logger":"broker_ingress","caller":"ingress/ingress_handler.go:120","msg":"Error retrieving TTL, defaulting.","commit":"7655d9c","error":"\"knativebrokerttl\" not found"}
{"level":"info","ts":"2019-12-03T21:04:43.687Z","logger":"broker_ingress","caller":"ingress/ingress_handler.go:120","msg":"Error retrieving TTL, defaulting.","commit":"7655d9c","error":"\"knativebrokerttl\" not found"}
{"level":"info","ts":"2019-12-03T21:04:43.693Z","logger":"broker_ingress","caller":"ingress/ingress_handler.go:120","msg":"Error retrieving TTL, defaulting.","commit":"7655d9c","error":"\"knativebrokerttl\" not found"}
{"level":"info","ts":"2019-12-03T21:04:43.693Z","logger":"broker_ingress","caller":"ingress/ingress_handler.go:120","msg":"Error retrieving TTL, defaulting.","commit":"7655d9c","error":"\"knativebrokerttl\" not found"}
{"level":"info","ts":"2019-12-03T21:04:43.694Z","logger":"broker_ingress","caller":"ingress/ingress_handler.go:120","msg":"Error retrieving TTL, defaulting.","commit":"7655d9c","error":"\"knativebrokerttl\" not found"}
{"level":"info","ts":"2019-12-03T21:04:43.694Z","logger":"broker_ingress","caller":"ingress/ingress_handler.go:120","msg":"Error retrieving TTL, defaulting.","commit":"7655d9c","error":"\"knativebrokerttl\" not found"}
{"level":"info","ts":"2019-12-03T21:04:43.699Z","logger":"broker_ingress","caller":"ingress/ingress_handler.go:120","msg":"Error retrieving TTL, defaulting.","commit":"7655d9c","error":"\"knativebrokerttl\" not found"}
{"level":"info","ts":"2019-12-03T21:04:43.701Z","logger":"broker_ingress","caller":"ingress/ingress_handler.go:120","msg":"Error retrieving TTL, defaulting.","commit":"7655d9c","error":"\"knativebrokerttl\" not found"}
{"level":"info","ts":"2019-12-03T21:04:43.701Z","logger":"broker_ingress","caller":"ingress/ingress_handler.go:120","msg":"Error retrieving TTL, defaulting.","commit":"7655d9c","error":"\"knativebrokerttl\" not found"}
{"level":"info","ts":"2019-12-03T21:04:43.702Z","logger":"broker_ingress","caller":"ingress/ingress_handler.go:120","msg":"Error retrieving TTL, defaulting.","commit":"7655d9c","error":"\"knativebrokerttl\" not found"}
{"level":"info","ts":"2019-12-03T21:04:43.702Z","logger":"broker_ingress","caller":"ingress/ingress_handler.go:120","msg":"Error retrieving TTL, defaulting.","commit":"7655d9c","error":"\"knativebrokerttl\" not found"}
{"level":"info","ts":"2019-12-03T21:04:43.707Z","logger":"broker_ingress","caller":"ingress/ingress_handler.go:120","msg":"Error retrieving TTL, defaulting.","commit":"7655d9c","error":"\"knativebrokerttl\" not found"}
{"level":"info","ts":"2019-12-03T21:04:43.707Z","logger":"broker_ingress","caller":"ingress/ingress_handler.go:120","msg":"Error retrieving TTL, defaulting.","commit":"7655d9c","error":"\"knativebrokerttl\" not found"}
{"level":"info","ts":"2019-12-03T21:04:43.708Z","logger":"broker_ingress","caller":"ingress/ingress_handler.go:120","msg":"Error retrieving TTL, defaulting.","commit":"7655d9c","error":"\"knativebrokerttl\" not found"}
{"level":"info","ts":"2019-12-03T21:04:43.708Z","logger":"broker_ingress","caller":"ingress/ingress_handler.go:120","msg":"Error retrieving TTL, defaulting.","commit":"7655d9c","error":"\"knativebrokerttl\" not found"}
{"level":"info","ts":"2019-12-03T21:04:43.708Z","logger":"broker_ingress","caller":"ingress/ingress_handler.go:120","msg":"Error retrieving TTL, defaulting.","commit":"7655d9c","error":"\"knativebrokerttl\" not found"}
{"level":"info","ts":"2019-12-03T21:04:43.711Z","logger":"broker_ingress","caller":"ingress/ingress_handler.go:120","msg":"Error retrieving TTL, defaulting.","commit":"7655d9c","error":"\"knativebrokerttl\" not found"}
{"level":"info","ts":"2019-12-03T21:04:43.713Z","logger":"broker_ingress","caller":"ingress/ingress_handler.go:120","msg":"Error retrieving TTL, defaulting.","commit":"7655d9c","error":"\"knativebrokerttl\" not found"}
{"level":"info","ts":"2019-12-03T21:04:43.713Z","logger":"broker_ingress","caller":"ingress/ingress_handler.go:120","msg":"Error retrieving TTL, defaulting.","commit":"7655d9c","error":"\"knativebrokerttl\" not found"}
{"level":"info","ts":"2019-12-03T21:04:43.714Z","logger":"broker_ingress","caller":"ingress/ingress_handler.go:120","msg":"Error retrieving TTL, defaulting.","commit":"7655d9c","error":"\"knativebrokerttl\" not found"}
{"level":"info","ts":"2019-12-03T21:04:43.830Z","logger":"broker_ingress","caller":"ingress/ingress_handler.go:120","msg":"Error retrieving TTL, defaulting.","commit":"7655d9c","error":"\"knativebrokerttl\" not found"}
{"level":"info","ts":"2019-12-03T21:04:43.830Z","logger":"broker_ingress","caller":"ingress/ingress_handler.go:120","msg":"Error retrieving TTL, defaulting.","commit":"7655d9c","error":"\"knativebrokerttl\" not found"}
{"level":"info","ts":"2019-12-03T21:04:43.831Z","logger":"broker_ingress","caller":"ingress/ingress_handler.go:120","msg":"Error retrieving TTL, defaulting.","commit":"7655d9c","error":"\"knativebrokerttl\" not found"}
{"level":"info","ts":"2019-12-03T21:04:43.832Z","logger":"broker_ingress","caller":"ingress/ingress_handler.go:120","msg":"Error retrieving TTL, defaulting.","commit":"7655d9c","error":"\"knativebrokerttl\" not found"}
{"level":"info","ts":"2019-12-03T21:04:43.834Z","logger":"broker_ingress","caller":"ingress/ingress_handler.go:120","msg":"Error retrieving TTL, defaulting.","commit":"7655d9c","error":"\"knativebrokerttl\" not found"}
{"level":"info","ts":"2019-12-03T21:04:43.834Z","logger":"broker_ingress","caller":"ingress/ingress_handler.go:120","msg":"Error retrieving TTL, defaulting.","commit":"7655d9c","error":"\"knativebrokerttl\" not found"}
{"level":"info","ts":"2019-12-03T21:04:43.835Z","logger":"broker_ingress","caller":"ingress/ingress_handler.go:120","msg":"Error retrieving TTL, defaulting.","commit":"7655d9c","error":"\"knativebrokerttl\" not found"}
{"level":"info","ts":"2019-12-03T21:04:43.836Z","logger":"broker_ingress","caller":"ingress/ingress_handler.go:120","msg":"Error retrieving TTL, defaulting.","commit":"7655d9c","error":"\"knativebrokerttl\" not found"}
{"level":"info","ts":"2019-12-03T21:04:43.836Z","logger":"broker_ingress","caller":"ingress/ingress_handler.go:120","msg":"Error retrieving TTL, defaulting.","commit":"7655d9c","error":"\"knativebrokerttl\" not found"}
{"level":"info","ts":"2019-12-03T21:04:43.836Z","logger":"broker_ingress","caller":"ingress/ingress_handler.go:120","msg":"Error retrieving TTL, defaulting.","commit":"7655d9c","error":"\"knativebrokerttl\" not found"}
{"level":"info","ts":"2019-12-03T21:04:43.836Z","logger":"broker_ingress","caller":"ingress/ingress_handler.go:120","msg":"Error retrieving TTL, defaulting.","commit":"7655d9c","error":"\"knativebrokerttl\" not found"}
{"level":"info","ts":"2019-12-03T21:04:43.836Z","logger":"broker_ingress","caller":"ingress/ingress_handler.go:120","msg":"Error retrieving TTL, defaulting.","commit":"7655d9c","error":"\"knativebrokerttl\" not found"}
{"level":"info","ts":"2019-12-03T21:04:43.837Z","logger":"broker_ingress","caller":"ingress/ingress_handler.go:120","msg":"Error retrieving TTL, defaulting.","commit":"7655d9c","error":"\"knativebrokerttl\" not found"}
{"level":"info","ts":"2019-12-03T21:04:43.837Z","logger":"broker_ingress","caller":"ingress/ingress_handler.go:120","msg":"Error retrieving TTL, defaulting.","commit":"7655d9c","error":"\"knativebrokerttl\" not found"}
{"level":"info","ts":"2019-12-03T21:04:43.837Z","logger":"broker_ingress","caller":"ingress/ingress_handler.go:120","msg":"Error retrieving TTL, defaulting.","commit":"7655d9c","error":"\"knativebrokerttl\" not found"}
{"level":"info","ts":"2019-12-03T21:04:43.837Z","logger":"broker_ingress","caller":"ingress/ingress_handler.go:120","msg":"Error retrieving TTL, defaulting.","commit":"7655d9c","error":"\"knativebrokerttl\" not found"}
{"level":"info","ts":"2019-12-03T21:04:43.837Z","logger":"broker_ingress","caller":"ingress/ingress_handler.go:120","msg":"Error retrieving TTL, defaulting.","commit":"7655d9c","error":"\"knativebrokerttl\" not found"}
{"level":"info","ts":"2019-12-03T21:04:43.837Z","logger":"broker_ingress","caller":"ingress/ingress_handler.go:120","msg":"Error retrieving TTL, defaulting.","commit":"7655d9c","error":"\"knativebrokerttl\" not found"}
{"level":"info","ts":"2019-12-03T21:04:43.838Z","logger":"broker_ingress","caller":"ingress/ingress_handler.go:120","msg":"Error retrieving TTL, defaulting.","commit":"7655d9c","error":"\"knativebrokerttl\" not found"}
{"level":"info","ts":"2019-12-03T21:04:43.838Z","logger":"broker_ingress","caller":"ingress/ingress_handler.go:120","msg":"Error retrieving TTL, defaulting.","commit":"7655d9c","error":"\"knativebrokerttl\" not found"}
{"level":"info","ts":"2019-12-03T21:04:43.838Z","logger":"broker_ingress","caller":"ingress/ingress_handler.go:120","msg":"Error retrieving TTL, defaulting.","commit":"7655d9c","error":"\"knativebrokerttl\" not found"}
{"level":"info","ts":"2019-12-03T21:04:43.838Z","logger":"broker_ingress","caller":"ingress/ingress_handler.go:120","msg":"Error retrieving TTL, defaulting.","commit":"7655d9c","error":"\"knativebrokerttl\" not found"}
{"level":"info","ts":"2019-12-03T21:04:43.838Z","logger":"broker_ingress","caller":"ingress/ingress_handler.go:120","msg":"Error retrieving TTL, defaulting.","commit":"7655d9c","error":"\"knativebrokerttl\" not found"}
{"level":"info","ts":"2019-12-03T21:04:43.838Z","logger":"broker_ingress","caller":"ingress/ingress_handler.go:120","msg":"Error retrieving TTL, defaulting.","commit":"7655d9c","error":"\"knativebrokerttl\" not found"}
{"level":"info","ts":"2019-12-03T21:04:43.839Z","logger":"broker_ingress","caller":"ingress/ingress_handler.go:120","msg":"Error retrieving TTL, defaulting.","commit":"7655d9c","error":"\"knativebrokerttl\" not found"}
{"level":"info","ts":"2019-12-03T21:04:43.839Z","logger":"broker_ingress","caller":"ingress/ingress_handler.go:120","msg":"Error retrieving TTL, defaulting.","commit":"7655d9c","error":"\"knativebrokerttl\" not found"}
{"level":"info","ts":"2019-12-03T21:04:43.840Z","logger":"broker_ingress","caller":"ingress/ingress_handler.go:120","msg":"Error retrieving TTL, defaulting.","commit":"7655d9c","error":"\"knativebrokerttl\" not found"}
{"level":"info","ts":"2019-12-03T21:04:43.840Z","logger":"broker_ingress","caller":"ingress/ingress_handler.go:120","msg":"Error retrieving TTL, defaulting.","commit":"7655d9c","error":"\"knativebrokerttl\" not found"}
{"level":"info","ts":"2019-12-03T21:04:43.840Z","logger":"broker_ingress","caller":"ingress/ingress_handler.go:120","msg":"Error retrieving TTL, defaulting.","commit":"7655d9c","error":"\"knativebrokerttl\" not found"}
{"level":"info","ts":"2019-12-03T21:04:43.841Z","logger":"broker_ingress","caller":"ingress/ingress_handler.go:120","msg":"Error retrieving TTL, defaulting.","commit":"7655d9c","error":"\"knativebrokerttl\" not found"}
{"level":"info","ts":"2019-12-03T21:04:43.842Z","logger":"broker_ingress","caller":"ingress/ingress_handler.go:120","msg":"Error retrieving TTL, defaulting.","commit":"7655d9c","error":"\"knativebrokerttl\" not found"}
{"level":"info","ts":"2019-12-03T21:04:43.843Z","logger":"broker_ingress","caller":"ingress/ingress_handler.go:120","msg":"Error retrieving TTL, defaulting.","commit":"7655d9c","error":"\"knativebrokerttl\" not found"}
{"level":"info","ts":"2019-12-03T21:04:43.843Z","logger":"broker_ingress","caller":"ingress/ingress_handler.go:120","msg":"Error retrieving TTL, defaulting.","commit":"7655d9c","error":"\"knativebrokerttl\" not found"}
{"level":"info","ts":"2019-12-03T21:04:43.844Z","logger":"broker_ingress","caller":"ingress/ingress_handler.go:120","msg":"Error retrieving TTL, defaulting.","commit":"7655d9c","error":"\"knativebrokerttl\" not found"}
{"level":"info","ts":"2019-12-03T21:04:43.845Z","logger":"broker_ingress","caller":"ingress/ingress_handler.go:120","msg":"Error retrieving TTL, defaulting.","commit":"7655d9c","error":"\"knativebrokerttl\" not found"}
{"level":"info","ts":"2019-12-03T21:04:43.845Z","logger":"broker_ingress","caller":"ingress/ingress_handler.go:120","msg":"Error retrieving TTL, defaulting.","commit":"7655d9c","error":"\"knativebrokerttl\" not found"}
{"level":"info","ts":"2019-12-03T21:04:43.845Z","logger":"broker_ingress","caller":"ingress/ingress_handler.go:120","msg":"Error retrieving TTL, defaulting.","commit":"7655d9c","error":"\"knativebrokerttl\" not found"}
{"level":"info","ts":"2019-12-03T21:04:43.845Z","logger":"broker_ingress","caller":"ingress/ingress_handler.go:120","msg":"Error retrieving TTL, defaulting.","commit":"7655d9c","error":"\"knativebrokerttl\" not found"}
{"level":"info","ts":"2019-12-03T21:04:43.846Z","logger":"broker_ingress","caller":"ingress/ingress_handler.go:120","msg":"Error retrieving TTL, defaulting.","commit":"7655d9c","error":"\"knativebrokerttl\" not found"}
{"level":"info","ts":"2019-12-03T21:04:43.846Z","logger":"broker_ingress","caller":"ingress/ingress_handler.go:120","msg":"Error retrieving TTL, defaulting.","commit":"7655d9c","error":"\"knativebrokerttl\" not found"}
{"level":"info","ts":"2019-12-03T21:04:43.846Z","logger":"broker_ingress","caller":"ingress/ingress_handler.go:120","msg":"Error retrieving TTL, defaulting.","commit":"7655d9c","error":"\"knativebrokerttl\" not found"}
{"level":"info","ts":"2019-12-03T21:04:43.846Z","logger":"broker_ingress","caller":"ingress/ingress_handler.go:120","msg":"Error retrieving TTL, defaulting.","commit":"7655d9c","error":"\"knativebrokerttl\" not found"}
{"level":"info","ts":"2019-12-03T21:04:43.846Z","logger":"broker_ingress","caller":"ingress/ingress_handler.go:120","msg":"Error retrieving TTL, defaulting.","commit":"7655d9c","error":"\"knativebrokerttl\" not found"}
{"level":"info","ts":"2019-12-03T21:04:43.714Z","logger":"broker_ingress","caller":"ingress/ingress_handler.go:120","msg":"Error retrieving TTL, defaulting.","commit":"7655d9c","error":"\"knativebrokerttl\" not found"}
{"level":"info","ts":"2019-12-03T21:04:43.847Z","logger":"broker_ingress","caller":"ingress/ingress_handler.go:120","msg":"Error retrieving TTL, defaulting.","commit":"7655d9c","error":"\"knativebrokerttl\" not found"}
{"level":"info","ts":"2019-12-03T21:04:43.715Z","logger":"broker_ingress","caller":"ingress/ingress_handler.go:120","msg":"Error retrieving TTL, defaulting.","commit":"7655d9c","error":"\"knativebrokerttl\" not found"}
{"level":"info","ts":"2019-12-03T21:04:43.719Z","logger":"broker_ingress","caller":"ingress/ingress_handler.go:120","msg":"Error retrieving TTL, defaulting.","commit":"7655d9c","error":"\"knativebrokerttl\" not found"}
{"level":"info","ts":"2019-12-03T21:04:43.847Z","logger":"broker_ingress","caller":"ingress/ingress_handler.go:120","msg":"Error retrieving TTL, defaulting.","commit":"7655d9c","error":"\"knativebrokerttl\" not found"}
{"level":"info","ts":"2019-12-03T21:04:43.723Z","logger":"broker_ingress","caller":"ingress/ingress_handler.go:120","msg":"Error retrieving TTL, defaulting.","commit":"7655d9c","error":"\"knativebrokerttl\" not found"}
{"level":"info","ts":"2019-12-03T21:04:43.724Z","logger":"broker_ingress","caller":"ingress/ingress_handler.go:120","msg":"Error retrieving TTL, defaulting.","commit":"7655d9c","error":"\"knativebrokerttl\" not found"}
{"level":"info","ts":"2019-12-03T21:04:43.847Z","logger":"broker_ingress","caller":"ingress/ingress_handler.go:120","msg":"Error retrieving TTL, defaulting.","commit":"7655d9c","error":"\"knativebrokerttl\" not found"}
{"level":"info","ts":"2019-12-03T21:04:43.724Z","logger":"broker_ingress","caller":"ingress/ingress_handler.go:120","msg":"Error retrieving TTL, defaulting.","commit":"7655d9c","error":"\"knativebrokerttl\" not found"}
{"level":"info","ts":"2019-12-03T21:04:43.729Z","logger":"broker_ingress","caller":"ingress/ingress_handler.go:120","msg":"Error retrieving TTL, defaulting.","commit":"7655d9c","error":"\"knativebrokerttl\" not found"}
{"level":"info","ts":"2019-12-03T21:04:43.729Z","logger":"broker_ingress","caller":"ingress/ingress_handler.go:120","msg":"Error retrieving TTL, defaulting.","commit":"7655d9c","error":"\"knativebrokerttl\" not found"}
{"level":"info","ts":"2019-12-03T21:04:43.730Z","logger":"broker_ingress","caller":"ingress/ingress_handler.go:120","msg":"Error retrieving TTL, defaulting.","commit":"7655d9c","error":"\"knativebrokerttl\" not found"}
{"level":"info","ts":"2019-12-03T21:04:43.730Z","logger":"broker_ingress","caller":"ingress/ingress_handler.go:120","msg":"Error retrieving TTL, defaulting.","commit":"7655d9c","error":"\"knativebrokerttl\" not found"}
{"level":"info","ts":"2019-12-03T21:04:43.848Z","logger":"broker_ingress","caller":"ingress/ingress_handler.go:120","msg":"Error retrieving TTL, defaulting.","commit":"7655d9c","error":"\"knativebrokerttl\" not found"}
{"level":"info","ts":"2019-12-03T21:04:43.734Z","logger":"broker_ingress","caller":"ingress/ingress_handler.go:120","msg":"Error retrieving TTL, defaulting.","commit":"7655d9c","error":"\"knativebrokerttl\" not found"}
{"level":"info","ts":"2019-12-03T21:04:43.735Z","logger":"broker_ingress","caller":"ingress/ingress_handler.go:120","msg":"Error retrieving TTL, defaulting.","commit":"7655d9c","error":"\"knativebrokerttl\" not found"}
{"level":"info","ts":"2019-12-03T21:04:43.848Z","logger":"broker_ingress","caller":"ingress/ingress_handler.go:120","msg":"Error retrieving TTL, defaulting.","commit":"7655d9c","error":"\"knativebrokerttl\" not found"}
{"level":"info","ts":"2019-12-03T21:04:43.735Z","logger":"broker_ingress","caller":"ingress/ingress_handler.go:120","msg":"Error retrieving TTL, defaulting.","commit":"7655d9c","error":"\"knativebrokerttl\" not found"}
{"level":"info","ts":"2019-12-03T21:04:43.736Z","logger":"broker_ingress","caller":"ingress/ingress_handler.go:120","msg":"Error retrieving TTL, defaulting.","commit":"7655d9c","error":"\"knativebrokerttl\" not found"}
{"level":"info","ts":"2019-12-03T21:04:43.849Z","logger":"broker_ingress","caller":"ingress/ingress_handler.go:120","msg":"Error retrieving TTL, defaulting.","commit":"7655d9c","error":"\"knativebrokerttl\" not found"}
{"level":"info","ts":"2019-12-03T21:04:43.741Z","logger":"broker_ingress","caller":"ingress/ingress_handler.go:120","msg":"Error retrieving TTL, defaulting.","commit":"7655d9c","error":"\"knativebrokerttl\" not found"}
{"level":"info","ts":"2019-12-03T21:04:43.742Z","logger":"broker_ingress","caller":"ingress/ingress_handler.go:120","msg":"Error retrieving TTL, defaulting.","commit":"7655d9c","error":"\"knativebrokerttl\" not found"}
{"level":"info","ts":"2019-12-03T21:04:43.742Z","logger":"broker_ingress","caller":"ingress/ingress_handler.go:120","msg":"Error retrieving TTL, defaulting.","commit":"7655d9c","error":"\"knativebrokerttl\" not found"}
{"level":"info","ts":"2019-12-03T21:04:43.849Z","logger":"broker_ingress","caller":"ingress/ingress_handler.go:120","msg":"Error retrieving TTL, defaulting.","commit":"7655d9c","error":"\"knativebrokerttl\" not found"}
{"level":"info","ts":"2019-12-03T21:04:43.747Z","logger":"broker_ingress","caller":"ingress/ingress_handler.go:120","msg":"Error retrieving TTL, defaulting.","commit":"7655d9c","error":"\"knativebrokerttl\" not found"}
{"level":"info","ts":"2019-12-03T21:04:43.747Z","logger":"broker_ingress","caller":"ingress/ingress_handler.go:120","msg":"Error retrieving TTL, defaulting.","commit":"7655d9c","error":"\"knativebrokerttl\" not found"}
{"level":"info","ts":"2019-12-03T21:04:43.849Z","logger":"broker_ingress","caller":"ingress/ingress_handler.go:120","msg":"Error retrieving TTL, defaulting.","commit":"7655d9c","error":"\"knativebrokerttl\" not found"}
{"level":"info","ts":"2019-12-03T21:04:43.750Z","logger":"broker_ingress","caller":"ingress/ingress_handler.go:120","msg":"Error retrieving TTL, defaulting.","commit":"7655d9c","error":"\"knativebrokerttl\" not found"}
{"level":"info","ts":"2019-12-03T21:04:43.750Z","logger":"broker_ingress","caller":"ingress/ingress_handler.go:120","msg":"Error retrieving TTL, defaulting.","commit":"7655d9c","error":"\"knativebrokerttl\" not found"}
{"level":"info","ts":"2019-12-03T21:04:43.849Z","logger":"broker_ingress","caller":"ingress/ingress_handler.go:120","msg":"Error retrieving TTL, defaulting.","commit":"7655d9c","error":"\"knativebrokerttl\" not found"}
{"level":"info","ts":"2019-12-03T21:04:43.751Z","logger":"broker_ingress","caller":"ingress/ingress_handler.go:120","msg":"Error retrieving TTL, defaulting.","commit":"7655d9c","error":"\"knativebrokerttl\" not found"}
{"level":"info","ts":"2019-12-03T21:04:43.751Z","logger":"broker_ingress","caller":"ingress/ingress_handler.go:120","msg":"Error retrieving TTL, defaulting.","commit":"7655d9c","error":"\"knativebrokerttl\" not found"}
{"level":"info","ts":"2019-12-03T21:04:43.850Z","logger":"broker_ingress","caller":"ingress/ingress_handler.go:120","msg":"Error retrieving TTL, defaulting.","commit":"7655d9c","error":"\"knativebrokerttl\" not found"}
{"level":"info","ts":"2019-12-03T21:04:43.851Z","logger":"broker_ingress","caller":"ingress/ingress_handler.go:120","msg":"Error retrieving TTL, defaulting.","commit":"7655d9c","error":"\"knativebrokerttl\" not found"}
{"level":"info","ts":"2019-12-03T21:04:43.851Z","logger":"broker_ingress","caller":"ingress/ingress_handler.go:120","msg":"Error retrieving TTL, defaulting.","commit":"7655d9c","error":"\"knativebrokerttl\" not found"}
{"level":"info","ts":"2019-12-03T21:04:43.852Z","logger":"broker_ingress","caller":"ingress/ingress_handler.go:120","msg":"Error retrieving TTL, defaulting.","commit":"7655d9c","error":"\"knativebrokerttl\" not found"}
{"level":"info","ts":"2019-12-03T21:04:43.853Z","logger":"broker_ingress","caller":"ingress/ingress_handler.go:120","msg":"Error retrieving TTL, defaulting.","commit":"7655d9c","error":"\"knativebrokerttl\" not found"}
{"level":"info","ts":"2019-12-03T21:04:43.853Z","logger":"broker_ingress","caller":"ingress/ingress_handler.go:120","msg":"Error retrieving TTL, defaulting.","commit":"7655d9c","error":"\"knativebrokerttl\" not found"}
{"level":"info","ts":"2019-12-03T21:04:43.752Z","logger":"broker_ingress","caller":"ingress/ingress_handler.go:120","msg":"Error retrieving TTL, defaulting.","commit":"7655d9c","error":"\"knativebrokerttl\" not found"}
{"level":"info","ts":"2019-12-03T21:04:43.752Z","logger":"broker_ingress","caller":"ingress/ingress_handler.go:120","msg":"Error retrieving TTL, defaulting.","commit":"7655d9c","error":"\"knativebrokerttl\" not found"}
{"level":"info","ts":"2019-12-03T21:04:43.855Z","logger":"broker_ingress","caller":"ingress/ingress_handler.go:120","msg":"Error retrieving TTL, defaulting.","commit":"7655d9c","error":"\"knativebrokerttl\" not found"}
{"level":"info","ts":"2019-12-03T21:04:43.855Z","logger":"broker_ingress","caller":"ingress/ingress_handler.go:120","msg":"Error retrieving TTL, defaulting.","commit":"7655d9c","error":"\"knativebrokerttl\" not found"}
{"level":"info","ts":"2019-12-03T21:04:43.856Z","logger":"broker_ingress","caller":"ingress/ingress_handler.go:120","msg":"Error retrieving TTL, defaulting.","commit":"7655d9c","error":"\"knativebrokerttl\" not found"}
{"level":"info","ts":"2019-12-03T21:04:43.857Z","logger":"broker_ingress","caller":"ingress/ingress_handler.go:120","msg":"Error retrieving TTL, defaulting.","commit":"7655d9c","error":"\"knativebrokerttl\" not found"}
{"level":"info","ts":"2019-12-03T21:04:43.761Z","logger":"broker_ingress","caller":"ingress/ingress_handler.go:120","msg":"Error retrieving TTL, defaulting.","commit":"7655d9c","error":"\"knativebrokerttl\" not found"}
{"level":"info","ts":"2019-12-03T21:04:43.762Z","logger":"broker_ingress","caller":"ingress/ingress_handler.go:120","msg":"Error retrieving TTL, defaulting.","commit":"7655d9c","error":"\"knativebrokerttl\" not found"}
{"level":"info","ts":"2019-12-03T21:04:43.762Z","logger":"broker_ingress","caller":"ingress/ingress_handler.go:120","msg":"Error retrieving TTL, defaulting.","commit":"7655d9c","error":"\"knativebrokerttl\" not found"}
{"level":"info","ts":"2019-12-03T21:04:43.857Z","logger":"broker_ingress","caller":"ingress/ingress_handler.go:120","msg":"Error retrieving TTL, defaulting.","commit":"7655d9c","error":"\"knativebrokerttl\" not found"}
{"level":"info","ts":"2019-12-03T21:04:43.762Z","logger":"broker_ingress","caller":"ingress/ingress_handler.go:120","msg":"Error retrieving TTL, defaulting.","commit":"7655d9c","error":"\"knativebrokerttl\" not found"}
{"level":"info","ts":"2019-12-03T21:04:43.856Z","logger":"broker_ingress","caller":"ingress/ingress_handler.go:120","msg":"Error retrieving TTL, defaulting.","commit":"7655d9c","error":"\"knativebrokerttl\" not found"}
{"level":"info","ts":"2019-12-03T21:04:43.763Z","logger":"broker_ingress","caller":"ingress/ingress_handler.go:120","msg":"Error retrieving TTL, defaulting.","commit":"7655d9c","error":"\"knativebrokerttl\" not found"}
{"level":"info","ts":"2019-12-03T21:04:43.764Z","logger":"broker_ingress","caller":"ingress/ingress_handler.go:120","msg":"Error retrieving TTL, defaulting.","commit":"7655d9c","error":"\"knativebrokerttl\" not found"}
{"level":"info","ts":"2019-12-03T21:04:43.772Z","logger":"broker_ingress","caller":"ingress/ingress_handler.go:120","msg":"Error retrieving TTL, defaulting.","commit":"7655d9c","error":"\"knativebrokerttl\" not found"}
{"level":"info","ts":"2019-12-03T21:04:43.773Z","logger":"broker_ingress","caller":"ingress/ingress_handler.go:120","msg":"Error retrieving TTL, defaulting.","commit":"7655d9c","error":"\"knativebrokerttl\" not found"}
{"level":"info","ts":"2019-12-03T21:04:43.773Z","logger":"broker_ingress","caller":"ingress/ingress_handler.go:120","msg":"Error retrieving TTL, defaulting.","commit":"7655d9c","error":"\"knativebrokerttl\" not found"}
{"level":"info","ts":"2019-12-03T21:04:43.774Z","logger":"broker_ingress","caller":"ingress/ingress_handler.go:120","msg":"Error retrieving TTL, defaulting.","commit":"7655d9c","error":"\"knativebrokerttl\" not found"}
{"level":"info","ts":"2019-12-03T21:04:43.774Z","logger":"broker_ingress","caller":"ingress/ingress_handler.go:120","msg":"Error retrieving TTL, defaulting.","commit":"7655d9c","error":"\"knativebrokerttl\" not found"}
{"level":"info","ts":"2019-12-03T21:04:43.785Z","logger":"broker_ingress","caller":"ingress/ingress_handler.go:120","msg":"Error retrieving TTL, defaulting.","commit":"7655d9c","error":"\"knativebrokerttl\" not found"}
{"level":"info","ts":"2019-12-03T21:04:43.793Z","logger":"broker_ingress","caller":"ingress/ingress_handler.go:120","msg":"Error retrieving TTL, defaulting.","commit":"7655d9c","error":"\"knativebrokerttl\" not found"}
{"level":"info","ts":"2019-12-03T21:04:43.809Z","logger":"broker_ingress","caller":"ingress/ingress_handler.go:120","msg":"Error retrieving TTL, defaulting.","commit":"7655d9c","error":"\"knativebrokerttl\" not found"}
{"level":"info","ts":"2019-12-03T21:04:43.809Z","logger":"broker_ingress","caller":"ingress/ingress_handler.go:120","msg":"Error retrieving TTL, defaulting.","commit":"7655d9c","error":"\"knativebrokerttl\" not found"}
{"level":"info","ts":"2019-12-03T21:04:43.810Z","logger":"broker_ingress","caller":"ingress/ingress_handler.go:120","msg":"Error retrieving TTL, defaulting.","commit":"7655d9c","error":"\"knativebrokerttl\" not found"}
{"level":"info","ts":"2019-12-03T21:04:43.810Z","logger":"broker_ingress","caller":"ingress/ingress_handler.go:120","msg":"Error retrieving TTL, defaulting.","commit":"7655d9c","error":"\"knativebrokerttl\" not found"}
{"level":"info","ts":"2019-12-03T21:04:43.810Z","logger":"broker_ingress","caller":"ingress/ingress_handler.go:120","msg":"Error retrieving TTL, defaulting.","commit":"7655d9c","error":"\"knativebrokerttl\" not found"}
{"level":"info","ts":"2019-12-03T21:04:43.810Z","logger":"broker_ingress","caller":"ingress/ingress_handler.go:120","msg":"Error retrieving TTL, defaulting.","commit":"7655d9c","error":"\"knativebrokerttl\" not found"}
{"level":"info","ts":"2019-12-03T21:04:43.810Z","logger":"broker_ingress","caller":"ingress/ingress_handler.go:120","msg":"Error retrieving TTL, defaulting.","commit":"7655d9c","error":"\"knativebrokerttl\" not found"}
{"level":"info","ts":"2019-12-03T21:04:43.811Z","logger":"broker_ingress","caller":"ingress/ingress_handler.go:120","msg":"Error retrieving TTL, defaulting.","commit":"7655d9c","error":"\"knativebrokerttl\" not found"}
{"level":"info","ts":"2019-12-03T21:04:43.811Z","logger":"broker_ingress","caller":"ingress/ingress_handler.go:120","msg":"Error retrieving TTL, defaulting.","commit":"7655d9c","error":"\"knativebrokerttl\" not found"}
{"level":"info","ts":"2019-12-03T21:04:43.811Z","logger":"broker_ingress","caller":"ingress/ingress_handler.go:120","msg":"Error retrieving TTL, defaulting.","commit":"7655d9c","error":"\"knativebrokerttl\" not found"}
{"level":"info","ts":"2019-12-03T21:04:43.811Z","logger":"broker_ingress","caller":"ingress/ingress_handler.go:120","msg":"Error retrieving TTL, defaulting.","commit":"7655d9c","error":"\"knativebrokerttl\" not found"}
{"level":"info","ts":"2019-12-03T21:04:43.811Z","logger":"broker_ingress","caller":"ingress/ingress_handler.go:120","msg":"Error retrieving TTL, defaulting.","commit":"7655d9c","error":"\"knativebrokerttl\" not found"}
{"level":"info","ts":"2019-12-03T21:04:43.811Z","logger":"broker_ingress","caller":"ingress/ingress_handler.go:120","msg":"Error retrieving TTL, defaulting.","commit":"7655d9c","error":"\"knativebrokerttl\" not found"}
{"level":"info","ts":"2019-12-03T21:04:43.811Z","logger":"broker_ingress","caller":"ingress/ingress_handler.go:120","msg":"Error retrieving TTL, defaulting.","commit":"7655d9c","error":"\"knativebrokerttl\" not found"}
{"level":"info","ts":"2019-12-03T21:04:43.811Z","logger":"broker_ingress","caller":"ingress/ingress_handler.go:120","msg":"Error retrieving TTL, defaulting.","commit":"7655d9c","error":"\"knativebrokerttl\" not found"}
{"level":"info","ts":"2019-12-03T21:04:43.811Z","logger":"broker_ingress","caller":"ingress/ingress_handler.go:120","msg":"Error retrieving TTL, defaulting.","commit":"7655d9c","error":"\"knativebrokerttl\" not found"}
{"level":"info","ts":"2019-12-03T21:04:43.811Z","logger":"broker_ingress","caller":"ingress/ingress_handler.go:120","msg":"Error retrieving TTL, defaulting.","commit":"7655d9c","error":"\"knativebrokerttl\" not found"}
{"level":"info","ts":"2019-12-03T21:04:43.812Z","logger":"broker_ingress","caller":"ingress/ingress_handler.go:120","msg":"Error retrieving TTL, defaulting.","commit":"7655d9c","error":"\"knativebrokerttl\" not found"}
{"level":"info","ts":"2019-12-03T21:04:43.812Z","logger":"broker_ingress","caller":"ingress/ingress_handler.go:120","msg":"Error retrieving TTL, defaulting.","commit":"7655d9c","error":"\"knativebrokerttl\" not found"}
{"level":"info","ts":"2019-12-03T21:04:43.812Z","logger":"broker_ingress","caller":"ingress/ingress_handler.go:120","msg":"Error retrieving TTL, defaulting.","commit":"7655d9c","error":"\"knativebrokerttl\" not found"}
{"level":"info","ts":"2019-12-03T21:04:43.812Z","logger":"broker_ingress","caller":"ingress/ingress_handler.go:120","msg":"Error retrieving TTL, defaulting.","commit":"7655d9c","error":"\"knativebrokerttl\" not found"}
{"level":"info","ts":"2019-12-03T21:04:43.812Z","logger":"broker_ingress","caller":"ingress/ingress_handler.go:120","msg":"Error retrieving TTL, defaulting.","commit":"7655d9c","error":"\"knativebrokerttl\" not found"}
{"level":"info","ts":"2019-12-03T21:04:43.812Z","logger":"broker_ingress","caller":"ingress/ingress_handler.go:120","msg":"Error retrieving TTL, defaulting.","commit":"7655d9c","error":"\"knativebrokerttl\" not found"}
{"level":"info","ts":"2019-12-03T21:04:43.813Z","logger":"broker_ingress","caller":"ingress/ingress_handler.go:120","msg":"Error retrieving TTL, defaulting.","commit":"7655d9c","error":"\"knativebrokerttl\" not found"}
{"level":"info","ts":"2019-12-03T21:04:43.812Z","logger":"broker_ingress","caller":"ingress/ingress_handler.go:120","msg":"Error retrieving TTL, defaulting.","commit":"7655d9c","error":"\"knativebrokerttl\" not found"}
{"level":"info","ts":"2019-12-03T21:04:43.813Z","logger":"broker_ingress","caller":"ingress/ingress_handler.go:120","msg":"Error retrieving TTL, defaulting.","commit":"7655d9c","error":"\"knativebrokerttl\" not found"}
{"level":"info","ts":"2019-12-03T21:04:43.813Z","logger":"broker_ingress","caller":"ingress/ingress_handler.go:120","msg":"Error retrieving TTL, defaulting.","commit":"7655d9c","error":"\"knativebrokerttl\" not found"}
{"level":"info","ts":"2019-12-03T21:04:43.813Z","logger":"broker_ingress","caller":"ingress/ingress_handler.go:120","msg":"Error retrieving TTL, defaulting.","commit":"7655d9c","error":"\"knativebrokerttl\" not found"}
{"level":"info","ts":"2019-12-03T21:04:43.813Z","logger":"broker_ingress","caller":"ingress/ingress_handler.go:120","msg":"Error retrieving TTL, defaulting.","commit":"7655d9c","error":"\"knativebrokerttl\" not found"}
{"level":"info","ts":"2019-12-03T21:04:43.813Z","logger":"broker_ingress","caller":"ingress/ingress_handler.go:120","msg":"Error retrieving TTL, defaulting.","commit":"7655d9c","error":"\"knativebrokerttl\" not found"}
{"level":"info","ts":"2019-12-03T21:04:43.814Z","logger":"broker_ingress","caller":"ingress/ingress_handler.go:120","msg":"Error retrieving TTL, defaulting.","commit":"7655d9c","error":"\"knativebrokerttl\" not found"}
{"level":"info","ts":"2019-12-03T21:04:43.814Z","logger":"broker_ingress","caller":"ingress/ingress_handler.go:120","msg":"Error retrieving TTL, defaulting.","commit":"7655d9c","error":"\"knativebrokerttl\" not found"}
{"level":"info","ts":"2019-12-03T21:04:43.814Z","logger":"broker_ingress","caller":"ingress/ingress_handler.go:120","msg":"Error retrieving TTL, defaulting.","commit":"7655d9c","error":"\"knativebrokerttl\" not found"}
{"level":"info","ts":"2019-12-03T21:04:43.814Z","logger":"broker_ingress","caller":"ingress/ingress_handler.go:120","msg":"Error retrieving TTL, defaulting.","commit":"7655d9c","error":"\"knativebrokerttl\" not found"}
{"level":"info","ts":"2019-12-03T21:04:43.814Z","logger":"broker_ingress","caller":"ingress/ingress_handler.go:120","msg":"Error retrieving TTL, defaulting.","commit":"7655d9c","error":"\"knativebrokerttl\" not found"}
{"level":"info","ts":"2019-12-03T21:04:43.814Z","logger":"broker_ingress","caller":"ingress/ingress_handler.go:120","msg":"Error retrieving TTL, defaulting.","commit":"7655d9c","error":"\"knativebrokerttl\" not found"}
{"level":"info","ts":"2019-12-03T21:04:43.814Z","logger":"broker_ingress","caller":"ingress/ingress_handler.go:120","msg":"Error retrieving TTL, defaulting.","commit":"7655d9c","error":"\"knativebrokerttl\" not found"}
{"level":"info","ts":"2019-12-03T21:04:43.814Z","logger":"broker_ingress","caller":"ingress/ingress_handler.go:120","msg":"Error retrieving TTL, defaulting.","commit":"7655d9c","error":"\"knativebrokerttl\" not found"}
{"level":"info","ts":"2019-12-03T21:04:43.815Z","logger":"broker_ingress","caller":"ingress/ingress_handler.go:120","msg":"Error retrieving TTL, defaulting.","commit":"7655d9c","error":"\"knativebrokerttl\" not found"}
{"level":"info","ts":"2019-12-03T21:04:43.815Z","logger":"broker_ingress","caller":"ingress/ingress_handler.go:120","msg":"Error retrieving TTL, defaulting.","commit":"7655d9c","error":"\"knativebrokerttl\" not found"}
{"level":"info","ts":"2019-12-03T21:04:43.815Z","logger":"broker_ingress","caller":"ingress/ingress_handler.go:120","msg":"Error retrieving TTL, defaulting.","commit":"7655d9c","error":"\"knativebrokerttl\" not found"}
{"level":"info","ts":"2019-12-03T21:04:43.815Z","logger":"broker_ingress","caller":"ingress/ingress_handler.go:120","msg":"Error retrieving TTL, defaulting.","commit":"7655d9c","error":"\"knativebrokerttl\" not found"}
{"level":"info","ts":"2019-12-03T21:04:43.815Z","logger":"broker_ingress","caller":"ingress/ingress_handler.go:120","msg":"Error retrieving TTL, defaulting.","commit":"7655d9c","error":"\"knativebrokerttl\" not found"}
{"level":"info","ts":"2019-12-03T21:04:43.815Z","logger":"broker_ingress","caller":"ingress/ingress_handler.go:120","msg":"Error retrieving TTL, defaulting.","commit":"7655d9c","error":"\"knativebrokerttl\" not found"}
{"level":"info","ts":"2019-12-03T21:04:43.815Z","logger":"broker_ingress","caller":"ingress/ingress_handler.go:120","msg":"Error retrieving TTL, defaulting.","commit":"7655d9c","error":"\"knativebrokerttl\" not found"}
{"level":"info","ts":"2019-12-03T21:04:43.815Z","logger":"broker_ingress","caller":"ingress/ingress_handler.go:120","msg":"Error retrieving TTL, defaulting.","commit":"7655d9c","error":"\"knativebrokerttl\" not found"}
{"level":"info","ts":"2019-12-03T21:04:43.815Z","logger":"broker_ingress","caller":"ingress/ingress_handler.go:120","msg":"Error retrieving TTL, defaulting.","commit":"7655d9c","error":"\"knativebrokerttl\" not found"}
{"level":"info","ts":"2019-12-03T21:04:43.816Z","logger":"broker_ingress","caller":"ingress/ingress_handler.go:120","msg":"Error retrieving TTL, defaulting.","commit":"7655d9c","error":"\"knativebrokerttl\" not found"}
{"level":"info","ts":"2019-12-03T21:04:43.816Z","logger":"broker_ingress","caller":"ingress/ingress_handler.go:120","msg":"Error retrieving TTL, defaulting.","commit":"7655d9c","error":"\"knativebrokerttl\" not found"}
{"level":"info","ts":"2019-12-03T21:04:43.816Z","logger":"broker_ingress","caller":"ingress/ingress_handler.go:120","msg":"Error retrieving TTL, defaulting.","commit":"7655d9c","error":"\"knativebrokerttl\" not found"}
{"level":"info","ts":"2019-12-03T21:04:43.816Z","logger":"broker_ingress","caller":"ingress/ingress_handler.go:120","msg":"Error retrieving TTL, defaulting.","commit":"7655d9c","error":"\"knativebrokerttl\" not found"}
{"level":"info","ts":"2019-12-03T21:04:43.816Z","logger":"broker_ingress","caller":"ingress/ingress_handler.go:120","msg":"Error retrieving TTL, defaulting.","commit":"7655d9c","error":"\"knativebrokerttl\" not found"}
{"level":"info","ts":"2019-12-03T21:04:43.816Z","logger":"broker_ingress","caller":"ingress/ingress_handler.go:120","msg":"Error retrieving TTL, defaulting.","commit":"7655d9c","error":"\"knativebrokerttl\" not found"}
{"level":"info","ts":"2019-12-03T21:04:43.816Z","logger":"broker_ingress","caller":"ingress/ingress_handler.go:120","msg":"Error retrieving TTL, defaulting.","commit":"7655d9c","error":"\"knativebrokerttl\" not found"}
{"level":"info","ts":"2019-12-03T21:04:43.816Z","logger":"broker_ingress","caller":"ingress/ingress_handler.go:120","msg":"Error retrieving TTL, defaulting.","commit":"7655d9c","error":"\"knativebrokerttl\" not found"}
{"level":"info","ts":"2019-12-03T21:04:43.816Z","logger":"broker_ingress","caller":"ingress/ingress_handler.go:120","msg":"Error retrieving TTL, defaulting.","commit":"7655d9c","error":"\"knativebrokerttl\" not found"}
{"level":"info","ts":"2019-12-03T21:04:43.816Z","logger":"broker_ingress","caller":"ingress/ingress_handler.go:120","msg":"Error retrieving TTL, defaulting.","commit":"7655d9c","error":"\"knativebrokerttl\" not found"}
{"level":"info","ts":"2019-12-03T21:04:43.816Z","logger":"broker_ingress","caller":"ingress/ingress_handler.go:120","msg":"Error retrieving TTL, defaulting.","commit":"7655d9c","error":"\"knativebrokerttl\" not found"}
{"level":"info","ts":"2019-12-03T21:04:43.816Z","logger":"broker_ingress","caller":"ingress/ingress_handler.go:120","msg":"Error retrieving TTL, defaulting.","commit":"7655d9c","error":"\"knativebrokerttl\" not found"}
{"level":"info","ts":"2019-12-03T21:04:43.816Z","logger":"broker_ingress","caller":"ingress/ingress_handler.go:120","msg":"Error retrieving TTL, defaulting.","commit":"7655d9c","error":"\"knativebrokerttl\" not found"}
{"level":"info","ts":"2019-12-03T21:04:43.816Z","logger":"broker_ingress","caller":"ingress/ingress_handler.go:120","msg":"Error retrieving TTL, defaulting.","commit":"7655d9c","error":"\"knativebrokerttl\" not found"}
{"level":"info","ts":"2019-12-03T21:04:43.817Z","logger":"broker_ingress","caller":"ingress/ingress_handler.go:120","msg":"Error retrieving TTL, defaulting.","commit":"7655d9c","error":"\"knativebrokerttl\" not found"}
{"level":"info","ts":"2019-12-03T21:04:43.817Z","logger":"broker_ingress","caller":"ingress/ingress_handler.go:120","msg":"Error retrieving TTL, defaulting.","commit":"7655d9c","error":"\"knativebrokerttl\" not found"}
{"level":"info","ts":"2019-12-03T21:04:43.817Z","logger":"broker_ingress","caller":"ingress/ingress_handler.go:120","msg":"Error retrieving TTL, defaulting.","commit":"7655d9c","error":"\"knativebrokerttl\" not found"}
{"level":"info","ts":"2019-12-03T21:04:43.817Z","logger":"broker_ingress","caller":"ingress/ingress_handler.go:120","msg":"Error retrieving TTL, defaulting.","commit":"7655d9c","error":"\"knativebrokerttl\" not found"}
{"level":"info","ts":"2019-12-03T21:04:43.818Z","logger":"broker_ingress","caller":"ingress/ingress_handler.go:120","msg":"Error retrieving TTL, defaulting.","commit":"7655d9c","error":"\"knativebrokerttl\" not found"}
{"level":"info","ts":"2019-12-03T21:04:43.818Z","logger":"broker_ingress","caller":"ingress/ingress_handler.go:120","msg":"Error retrieving TTL, defaulting.","commit":"7655d9c","error":"\"knativebrokerttl\" not found"}
{"level":"info","ts":"2019-12-03T21:04:43.818Z","logger":"broker_ingress","caller":"ingress/ingress_handler.go:120","msg":"Error retrieving TTL, defaulting.","commit":"7655d9c","error":"\"knativebrokerttl\" not found"}
{"level":"info","ts":"2019-12-03T21:04:43.818Z","logger":"broker_ingress","caller":"ingress/ingress_handler.go:120","msg":"Error retrieving TTL, defaulting.","commit":"7655d9c","error":"\"knativebrokerttl\" not found"}
{"level":"info","ts":"2019-12-03T21:04:43.817Z","logger":"broker_ingress","caller":"ingress/ingress_handler.go:120","msg":"Error retrieving TTL, defaulting.","commit":"7655d9c","error":"\"knativebrokerttl\" not found"}
{"level":"info","ts":"2019-12-03T21:04:43.818Z","logger":"broker_ingress","caller":"ingress/ingress_handler.go:120","msg":"Error retrieving TTL, defaulting.","commit":"7655d9c","error":"\"knativebrokerttl\" not found"}
{"level":"info","ts":"2019-12-03T21:04:43.818Z","logger":"broker_ingress","caller":"ingress/ingress_handler.go:120","msg":"Error retrieving TTL, defaulting.","commit":"7655d9c","error":"\"knativebrokerttl\" not found"}
{"level":"info","ts":"2019-12-03T21:04:43.818Z","logger":"broker_ingress","caller":"ingress/ingress_handler.go:120","msg":"Error retrieving TTL, defaulting.","commit":"7655d9c","error":"\"knativebrokerttl\" not found"}
{"level":"info","ts":"2019-12-03T21:04:43.819Z","logger":"broker_ingress","caller":"ingress/ingress_handler.go:120","msg":"Error retrieving TTL, defaulting.","commit":"7655d9c","error":"\"knativebrokerttl\" not found"}
{"level":"info","ts":"2019-12-03T21:04:43.819Z","logger":"broker_ingress","caller":"ingress/ingress_handler.go:120","msg":"Error retrieving TTL, defaulting.","commit":"7655d9c","error":"\"knativebrokerttl\" not found"}
{"level":"info","ts":"2019-12-03T21:04:43.819Z","logger":"broker_ingress","caller":"ingress/ingress_handler.go:120","msg":"Error retrieving TTL, defaulting.","commit":"7655d9c","error":"\"knativebrokerttl\" not found"}
{"level":"info","ts":"2019-12-03T21:04:43.819Z","logger":"broker_ingress","caller":"ingress/ingress_handler.go:120","msg":"Error retrieving TTL, defaulting.","commit":"7655d9c","error":"\"knativebrokerttl\" not found"}
{"level":"info","ts":"2019-12-03T21:04:43.819Z","logger":"broker_ingress","caller":"ingress/ingress_handler.go:120","msg":"Error retrieving TTL, defaulting.","commit":"7655d9c","error":"\"knativebrokerttl\" not found"}
{"level":"info","ts":"2019-12-03T21:04:43.819Z","logger":"broker_ingress","caller":"ingress/ingress_handler.go:120","msg":"Error retrieving TTL, defaulting.","commit":"7655d9c","error":"\"knativebrokerttl\" not found"}
{"level":"info","ts":"2019-12-03T21:04:43.819Z","logger":"broker_ingress","caller":"ingress/ingress_handler.go:120","msg":"Error retrieving TTL, defaulting.","commit":"7655d9c","error":"\"knativebrokerttl\" not found"}
{"level":"info","ts":"2019-12-03T21:04:43.819Z","logger":"broker_ingress","caller":"ingress/ingress_handler.go:120","msg":"Error retrieving TTL, defaulting.","commit":"7655d9c","error":"\"knativebrokerttl\" not found"}
{"level":"info","ts":"2019-12-03T21:04:43.819Z","logger":"broker_ingress","caller":"ingress/ingress_handler.go:120","msg":"Error retrieving TTL, defaulting.","commit":"7655d9c","error":"\"knativebrokerttl\" not found"}
{"level":"info","ts":"2019-12-03T21:04:43.819Z","logger":"broker_ingress","caller":"ingress/ingress_handler.go:120","msg":"Error retrieving TTL, defaulting.","commit":"7655d9c","error":"\"knativebrokerttl\" not found"}
{"level":"info","ts":"2019-12-03T21:04:43.819Z","logger":"broker_ingress","caller":"ingress/ingress_handler.go:120","msg":"Error retrieving TTL, defaulting.","commit":"7655d9c","error":"\"knativebrokerttl\" not found"}
{"level":"info","ts":"2019-12-03T21:04:43.819Z","logger":"broker_ingress","caller":"ingress/ingress_handler.go:120","msg":"Error retrieving TTL, defaulting.","commit":"7655d9c","error":"\"knativebrokerttl\" not found"}
{"level":"info","ts":"2019-12-03T21:04:43.819Z","logger":"broker_ingress","caller":"ingress/ingress_handler.go:120","msg":"Error retrieving TTL, defaulting.","commit":"7655d9c","error":"\"knativebrokerttl\" not found"}
{"level":"info","ts":"2019-12-03T21:04:43.819Z","logger":"broker_ingress","caller":"ingress/ingress_handler.go:120","msg":"Error retrieving TTL, defaulting.","commit":"7655d9c","error":"\"knativebrokerttl\" not found"}
{"level":"info","ts":"2019-12-03T21:04:43.820Z","logger":"broker_ingress","caller":"ingress/ingress_handler.go:120","msg":"Error retrieving TTL, defaulting.","commit":"7655d9c","error":"\"knativebrokerttl\" not found"}
{"level":"info","ts":"2019-12-03T21:04:43.820Z","logger":"broker_ingress","caller":"ingress/ingress_handler.go:120","msg":"Error retrieving TTL, defaulting.","commit":"7655d9c","error":"\"knativebrokerttl\" not found"}
{"level":"info","ts":"2019-12-03T21:04:43.820Z","logger":"broker_ingress","caller":"ingress/ingress_handler.go:120","msg":"Error retrieving TTL, defaulting.","commit":"7655d9c","error":"\"knativebrokerttl\" not found"}
{"level":"info","ts":"2019-12-03T21:04:43.820Z","logger":"broker_ingress","caller":"ingress/ingress_handler.go:120","msg":"Error retrieving TTL, defaulting.","commit":"7655d9c","error":"\"knativebrokerttl\" not found"}
{"level":"info","ts":"2019-12-03T21:04:43.820Z","logger":"broker_ingress","caller":"ingress/ingress_handler.go:120","msg":"Error retrieving TTL, defaulting.","commit":"7655d9c","error":"\"knativebrokerttl\" not found"}
{"level":"info","ts":"2019-12-03T21:04:43.821Z","logger":"broker_ingress","caller":"ingress/ingress_handler.go:120","msg":"Error retrieving TTL, defaulting.","commit":"7655d9c","error":"\"knativebrokerttl\" not found"}
{"level":"info","ts":"2019-12-03T21:04:43.821Z","logger":"broker_ingress","caller":"ingress/ingress_handler.go:120","msg":"Error retrieving TTL, defaulting.","commit":"7655d9c","error":"\"knativebrokerttl\" not found"}
{"level":"info","ts":"2019-12-03T21:04:43.821Z","logger":"broker_ingress","caller":"ingress/ingress_handler.go:120","msg":"Error retrieving TTL, defaulting.","commit":"7655d9c","error":"\"knativebrokerttl\" not found"}
{"level":"info","ts":"2019-12-03T21:04:43.821Z","logger":"broker_ingress","caller":"ingress/ingress_handler.go:120","msg":"Error retrieving TTL, defaulting.","commit":"7655d9c","error":"\"knativebrokerttl\" not found"}
{"level":"info","ts":"2019-12-03T21:04:43.821Z","logger":"broker_ingress","caller":"ingress/ingress_handler.go:120","msg":"Error retrieving TTL, defaulting.","commit":"7655d9c","error":"\"knativebrokerttl\" not found"}
{"level":"info","ts":"2019-12-03T21:04:43.821Z","logger":"broker_ingress","caller":"ingress/ingress_handler.go:120","msg":"Error retrieving TTL, defaulting.","commit":"7655d9c","error":"\"knativebrokerttl\" not found"}
{"level":"info","ts":"2019-12-03T21:04:43.821Z","logger":"broker_ingress","caller":"ingress/ingress_handler.go:120","msg":"Error retrieving TTL, defaulting.","commit":"7655d9c","error":"\"knativebrokerttl\" not found"}
{"level":"info","ts":"2019-12-03T21:04:43.821Z","logger":"broker_ingress","caller":"ingress/ingress_handler.go:120","msg":"Error retrieving TTL, defaulting.","commit":"7655d9c","error":"\"knativebrokerttl\" not found"}
{"level":"info","ts":"2019-12-03T21:04:43.821Z","logger":"broker_ingress","caller":"ingress/ingress_handler.go:120","msg":"Error retrieving TTL, defaulting.","commit":"7655d9c","error":"\"knativebrokerttl\" not found"}
{"level":"info","ts":"2019-12-03T21:04:43.821Z","logger":"broker_ingress","caller":"ingress/ingress_handler.go:120","msg":"Error retrieving TTL, defaulting.","commit":"7655d9c","error":"\"knativebrokerttl\" not found"}
{"level":"info","ts":"2019-12-03T21:04:43.821Z","logger":"broker_ingress","caller":"ingress/ingress_handler.go:120","msg":"Error retrieving TTL, defaulting.","commit":"7655d9c","error":"\"knativebrokerttl\" not found"}
{"level":"info","ts":"2019-12-03T21:04:43.821Z","logger":"broker_ingress","caller":"ingress/ingress_handler.go:120","msg":"Error retrieving TTL, defaulting.","commit":"7655d9c","error":"\"knativebrokerttl\" not found"}
{"level":"info","ts":"2019-12-03T21:04:43.821Z","logger":"broker_ingress","caller":"ingress/ingress_handler.go:120","msg":"Error retrieving TTL, defaulting.","commit":"7655d9c","error":"\"knativebrokerttl\" not found"}
{"level":"info","ts":"2019-12-03T21:04:43.822Z","logger":"broker_ingress","caller":"ingress/ingress_handler.go:120","msg":"Error retrieving TTL, defaulting.","commit":"7655d9c","error":"\"knativebrokerttl\" not found"}
{"level":"info","ts":"2019-12-03T21:04:43.822Z","logger":"broker_ingress","caller":"ingress/ingress_handler.go:120","msg":"Error retrieving TTL, defaulting.","commit":"7655d9c","error":"\"knativebrokerttl\" not found"}
{"level":"info","ts":"2019-12-03T21:04:43.822Z","logger":"broker_ingress","caller":"ingress/ingress_handler.go:120","msg":"Error retrieving TTL, defaulting.","commit":"7655d9c","error":"\"knativebrokerttl\" not found"}
{"level":"info","ts":"2019-12-03T21:04:43.822Z","logger":"broker_ingress","caller":"ingress/ingress_handler.go:120","msg":"Error retrieving TTL, defaulting.","commit":"7655d9c","error":"\"knativebrokerttl\" not found"}
{"level":"info","ts":"2019-12-03T21:04:43.822Z","logger":"broker_ingress","caller":"ingress/ingress_handler.go:120","msg":"Error retrieving TTL, defaulting.","commit":"7655d9c","error":"\"knativebrokerttl\" not found"}
{"level":"info","ts":"2019-12-03T21:04:43.822Z","logger":"broker_ingress","caller":"ingress/ingress_handler.go:120","msg":"Error retrieving TTL, defaulting.","commit":"7655d9c","error":"\"knativebrokerttl\" not found"}
{"level":"info","ts":"2019-12-03T21:04:43.817Z","logger":"broker_ingress","caller":"ingress/ingress_handler.go:120","msg":"Error retrieving TTL, defaulting.","commit":"7655d9c","error":"\"knativebrokerttl\" not found"}
{"level":"info","ts":"2019-12-03T21:04:43.822Z","logger":"broker_ingress","caller":"ingress/ingress_handler.go:120","msg":"Error retrieving TTL, defaulting.","commit":"7655d9c","error":"\"knativebrokerttl\" not found"}
{"level":"info","ts":"2019-12-03T21:04:43.822Z","logger":"broker_ingress","caller":"ingress/ingress_handler.go:120","msg":"Error retrieving TTL, defaulting.","commit":"7655d9c","error":"\"knativebrokerttl\" not found"}
{"level":"info","ts":"2019-12-03T21:04:43.822Z","logger":"broker_ingress","caller":"ingress/ingress_handler.go:120","msg":"Error retrieving TTL, defaulting.","commit":"7655d9c","error":"\"knativebrokerttl\" not found"}
{"level":"info","ts":"2019-12-03T21:04:43.823Z","logger":"broker_ingress","caller":"ingress/ingress_handler.go:120","msg":"Error retrieving TTL, defaulting.","commit":"7655d9c","error":"\"knativebrokerttl\" not found"}
{"level":"info","ts":"2019-12-03T21:04:43.823Z","logger":"broker_ingress","caller":"ingress/ingress_handler.go:120","msg":"Error retrieving TTL, defaulting.","commit":"7655d9c","error":"\"knativebrokerttl\" not found"}
{"level":"info","ts":"2019-12-03T21:04:43.823Z","logger":"broker_ingress","caller":"ingress/ingress_handler.go:120","msg":"Error retrieving TTL, defaulting.","commit":"7655d9c","error":"\"knativebrokerttl\" not found"}
{"level":"info","ts":"2019-12-03T21:04:43.823Z","logger":"broker_ingress","caller":"ingress/ingress_handler.go:120","msg":"Error retrieving TTL, defaulting.","commit":"7655d9c","error":"\"knativebrokerttl\" not found"}
{"level":"info","ts":"2019-12-03T21:04:43.823Z","logger":"broker_ingress","caller":"ingress/ingress_handler.go:120","msg":"Error retrieving TTL, defaulting.","commit":"7655d9c","error":"\"knativebrokerttl\" not found"}
{"level":"info","ts":"2019-12-03T21:04:43.823Z","logger":"broker_ingress","caller":"ingress/ingress_handler.go:120","msg":"Error retrieving TTL, defaulting.","commit":"7655d9c","error":"\"knativebrokerttl\" not found"}
{"level":"info","ts":"2019-12-03T21:04:43.823Z","logger":"broker_ingress","caller":"ingress/ingress_handler.go:120","msg":"Error retrieving TTL, defaulting.","commit":"7655d9c","error":"\"knativebrokerttl\" not found"}
{"level":"info","ts":"2019-12-03T21:04:43.823Z","logger":"broker_ingress","caller":"ingress/ingress_handler.go:120","msg":"Error retrieving TTL, defaulting.","commit":"7655d9c","error":"\"knativebrokerttl\" not found"}
{"level":"info","ts":"2019-12-03T21:04:43.823Z","logger":"broker_ingress","caller":"ingress/ingress_handler.go:120","msg":"Error retrieving TTL, defaulting.","commit":"7655d9c","error":"\"knativebrokerttl\" not found"}
{"level":"info","ts":"2019-12-03T21:04:43.824Z","logger":"broker_ingress","caller":"ingress/ingress_handler.go:120","msg":"Error retrieving TTL, defaulting.","commit":"7655d9c","error":"\"knativebrokerttl\" not found"}
{"level":"info","ts":"2019-12-03T21:04:43.824Z","logger":"broker_ingress","caller":"ingress/ingress_handler.go:120","msg":"Error retrieving TTL, defaulting.","commit":"7655d9c","error":"\"knativebrokerttl\" not found"}
{"level":"info","ts":"2019-12-03T21:04:43.824Z","logger":"broker_ingress","caller":"ingress/ingress_handler.go:120","msg":"Error retrieving TTL, defaulting.","commit":"7655d9c","error":"\"knativebrokerttl\" not found"}
{"level":"info","ts":"2019-12-03T21:04:43.824Z","logger":"broker_ingress","caller":"ingress/ingress_handler.go:120","msg":"Error retrieving TTL, defaulting.","commit":"7655d9c","error":"\"knativebrokerttl\" not found"}
{"level":"info","ts":"2019-12-03T21:04:43.824Z","logger":"broker_ingress","caller":"ingress/ingress_handler.go:120","msg":"Error retrieving TTL, defaulting.","commit":"7655d9c","error":"\"knativebrokerttl\" not found"}
{"level":"info","ts":"2019-12-03T21:04:43.824Z","logger":"broker_ingress","caller":"ingress/ingress_handler.go:120","msg":"Error retrieving TTL, defaulting.","commit":"7655d9c","error":"\"knativebrokerttl\" not found"}
{"level":"info","ts":"2019-12-03T21:04:43.824Z","logger":"broker_ingress","caller":"ingress/ingress_handler.go:120","msg":"Error retrieving TTL, defaulting.","commit":"7655d9c","error":"\"knativebrokerttl\" not found"}
{"level":"info","ts":"2019-12-03T21:04:43.824Z","logger":"broker_ingress","caller":"ingress/ingress_handler.go:120","msg":"Error retrieving TTL, defaulting.","commit":"7655d9c","error":"\"knativebrokerttl\" not found"}
{"level":"info","ts":"2019-12-03T21:04:43.824Z","logger":"broker_ingress","caller":"ingress/ingress_handler.go:120","msg":"Error retrieving TTL, defaulting.","commit":"7655d9c","error":"\"knativebrokerttl\" not found"}
{"level":"info","ts":"2019-12-03T21:04:43.824Z","logger":"broker_ingress","caller":"ingress/ingress_handler.go:120","msg":"Error retrieving TTL, defaulting.","commit":"7655d9c","error":"\"knativebrokerttl\" not found"}
{"level":"info","ts":"2019-12-03T21:04:43.824Z","logger":"broker_ingress","caller":"ingress/ingress_handler.go:120","msg":"Error retrieving TTL, defaulting.","commit":"7655d9c","error":"\"knativebrokerttl\" not found"}
{"level":"info","ts":"2019-12-03T21:04:43.824Z","logger":"broker_ingress","caller":"ingress/ingress_handler.go:120","msg":"Error retrieving TTL, defaulting.","commit":"7655d9c","error":"\"knativebrokerttl\" not found"}
{"level":"info","ts":"2019-12-03T21:04:43.824Z","logger":"broker_ingress","caller":"ingress/ingress_handler.go:120","msg":"Error retrieving TTL, defaulting.","commit":"7655d9c","error":"\"knativebrokerttl\" not found"}
{"level":"info","ts":"2019-12-03T21:04:43.825Z","logger":"broker_ingress","caller":"ingress/ingress_handler.go:120","msg":"Error retrieving TTL, defaulting.","commit":"7655d9c","error":"\"knativebrokerttl\" not found"}
{"level":"info","ts":"2019-12-03T21:04:43.825Z","logger":"broker_ingress","caller":"ingress/ingress_handler.go:120","msg":"Error retrieving TTL, defaulting.","commit":"7655d9c","error":"\"knativebrokerttl\" not found"}
{"level":"info","ts":"2019-12-03T21:04:43.825Z","logger":"broker_ingress","caller":"ingress/ingress_handler.go:120","msg":"Error retrieving TTL, defaulting.","commit":"7655d9c","error":"\"knativebrokerttl\" not found"}
{"level":"info","ts":"2019-12-03T21:04:43.825Z","logger":"broker_ingress","caller":"ingress/ingress_handler.go:120","msg":"Error retrieving TTL, defaulting.","commit":"7655d9c","error":"\"knativebrokerttl\" not found"}
{"level":"info","ts":"2019-12-03T21:04:43.825Z","logger":"broker_ingress","caller":"ingress/ingress_handler.go:120","msg":"Error retrieving TTL, defaulting.","commit":"7655d9c","error":"\"knativebrokerttl\" not found"}
{"level":"info","ts":"2019-12-03T21:04:43.825Z","logger":"broker_ingress","caller":"ingress/ingress_handler.go:120","msg":"Error retrieving TTL, defaulting.","commit":"7655d9c","error":"\"knativebrokerttl\" not found"}
{"level":"info","ts":"2019-12-03T21:04:43.825Z","logger":"broker_ingress","caller":"ingress/ingress_handler.go:120","msg":"Error retrieving TTL, defaulting.","commit":"7655d9c","error":"\"knativebrokerttl\" not found"}
{"level":"info","ts":"2019-12-03T21:04:43.825Z","logger":"broker_ingress","caller":"ingress/ingress_handler.go:120","msg":"Error retrieving TTL, defaulting.","commit":"7655d9c","error":"\"knativebrokerttl\" not found"}
{"level":"info","ts":"2019-12-03T21:04:43.825Z","logger":"broker_ingress","caller":"ingress/ingress_handler.go:120","msg":"Error retrieving TTL, defaulting.","commit":"7655d9c","error":"\"knativebrokerttl\" not found"}
{"level":"info","ts":"2019-12-03T21:04:43.825Z","logger":"broker_ingress","caller":"ingress/ingress_handler.go:120","msg":"Error retrieving TTL, defaulting.","commit":"7655d9c","error":"\"knativebrokerttl\" not found"}
{"level":"info","ts":"2019-12-03T21:04:43.825Z","logger":"broker_ingress","caller":"ingress/ingress_handler.go:120","msg":"Error retrieving TTL, defaulting.","commit":"7655d9c","error":"\"knativebrokerttl\" not found"}
{"level":"info","ts":"2019-12-03T21:04:43.825Z","logger":"broker_ingress","caller":"ingress/ingress_handler.go:120","msg":"Error retrieving TTL, defaulting.","commit":"7655d9c","error":"\"knativebrokerttl\" not found"}
{"level":"info","ts":"2019-12-03T21:04:43.825Z","logger":"broker_ingress","caller":"ingress/ingress_handler.go:120","msg":"Error retrieving TTL, defaulting.","commit":"7655d9c","error":"\"knativebrokerttl\" not found"}
{"level":"info","ts":"2019-12-03T21:04:43.826Z","logger":"broker_ingress","caller":"ingress/ingress_handler.go:120","msg":"Error retrieving TTL, defaulting.","commit":"7655d9c","error":"\"knativebrokerttl\" not found"}
{"level":"info","ts":"2019-12-03T21:04:43.826Z","logger":"broker_ingress","caller":"ingress/ingress_handler.go:120","msg":"Error retrieving TTL, defaulting.","commit":"7655d9c","error":"\"knativebrokerttl\" not found"}
{"level":"info","ts":"2019-12-03T21:04:43.826Z","logger":"broker_ingress","caller":"ingress/ingress_handler.go:120","msg":"Error retrieving TTL, defaulting.","commit":"7655d9c","error":"\"knativebrokerttl\" not found"}
{"level":"info","ts":"2019-12-03T21:04:43.826Z","logger":"broker_ingress","caller":"ingress/ingress_handler.go:120","msg":"Error retrieving TTL, defaulting.","commit":"7655d9c","error":"\"knativebrokerttl\" not found"}
{"level":"info","ts":"2019-12-03T21:04:43.826Z","logger":"broker_ingress","caller":"ingress/ingress_handler.go:120","msg":"Error retrieving TTL, defaulting.","commit":"7655d9c","error":"\"knativebrokerttl\" not found"}
{"level":"info","ts":"2019-12-03T21:04:43.826Z","logger":"broker_ingress","caller":"ingress/ingress_handler.go:120","msg":"Error retrieving TTL, defaulting.","commit":"7655d9c","error":"\"knativebrokerttl\" not found"}
{"level":"info","ts":"2019-12-03T21:04:43.826Z","logger":"broker_ingress","caller":"ingress/ingress_handler.go:120","msg":"Error retrieving TTL, defaulting.","commit":"7655d9c","error":"\"knativebrokerttl\" not found"}
{"level":"info","ts":"2019-12-03T21:04:43.826Z","logger":"broker_ingress","caller":"ingress/ingress_handler.go:120","msg":"Error retrieving TTL, defaulting.","commit":"7655d9c","error":"\"knativebrokerttl\" not found"}
{"level":"info","ts":"2019-12-03T21:04:43.826Z","logger":"broker_ingress","caller":"ingress/ingress_handler.go:120","msg":"Error retrieving TTL, defaulting.","commit":"7655d9c","error":"\"knativebrokerttl\" not found"}
{"level":"info","ts":"2019-12-03T21:04:43.826Z","logger":"broker_ingress","caller":"ingress/ingress_handler.go:120","msg":"Error retrieving TTL, defaulting.","commit":"7655d9c","error":"\"knativebrokerttl\" not found"}
{"level":"info","ts":"2019-12-03T21:04:43.826Z","logger":"broker_ingress","caller":"ingress/ingress_handler.go:120","msg":"Error retrieving TTL, defaulting.","commit":"7655d9c","error":"\"knativebrokerttl\" not found"}
{"level":"info","ts":"2019-12-03T21:04:43.826Z","logger":"broker_ingress","caller":"ingress/ingress_handler.go:120","msg":"Error retrieving TTL, defaulting.","commit":"7655d9c","error":"\"knativebrokerttl\" not found"}
{"level":"info","ts":"2019-12-03T21:04:43.826Z","logger":"broker_ingress","caller":"ingress/ingress_handler.go:120","msg":"Error retrieving TTL, defaulting.","commit":"7655d9c","error":"\"knativebrokerttl\" not found"}
{"level":"info","ts":"2019-12-03T21:04:43.826Z","logger":"broker_ingress","caller":"ingress/ingress_handler.go:120","msg":"Error retrieving TTL, defaulting.","commit":"7655d9c","error":"\"knativebrokerttl\" not found"}
{"level":"info","ts":"2019-12-03T21:04:43.827Z","logger":"broker_ingress","caller":"ingress/ingress_handler.go:120","msg":"Error retrieving TTL, defaulting.","commit":"7655d9c","error":"\"knativebrokerttl\" not found"}
{"level":"info","ts":"2019-12-03T21:04:43.827Z","logger":"broker_ingress","caller":"ingress/ingress_handler.go:120","msg":"Error retrieving TTL, defaulting.","commit":"7655d9c","error":"\"knativebrokerttl\" not found"}
{"level":"info","ts":"2019-12-03T21:04:43.827Z","logger":"broker_ingress","caller":"ingress/ingress_handler.go:120","msg":"Error retrieving TTL, defaulting.","commit":"7655d9c","error":"\"knativebrokerttl\" not found"}
{"level":"info","ts":"2019-12-03T21:04:43.827Z","logger":"broker_ingress","caller":"ingress/ingress_handler.go:120","msg":"Error retrieving TTL, defaulting.","commit":"7655d9c","error":"\"knativebrokerttl\" not found"}
{"level":"info","ts":"2019-12-03T21:04:43.827Z","logger":"broker_ingress","caller":"ingress/ingress_handler.go:120","msg":"Error retrieving TTL, defaulting.","commit":"7655d9c","error":"\"knativebrokerttl\" not found"}
{"level":"info","ts":"2019-12-03T21:04:43.827Z","logger":"broker_ingress","caller":"ingress/ingress_handler.go:120","msg":"Error retrieving TTL, defaulting.","commit":"7655d9c","error":"\"knativebrokerttl\" not found"}
{"level":"info","ts":"2019-12-03T21:04:43.827Z","logger":"broker_ingress","caller":"ingress/ingress_handler.go:120","msg":"Error retrieving TTL, defaulting.","commit":"7655d9c","error":"\"knativebrokerttl\" not found"}
{"level":"info","ts":"2019-12-03T21:04:43.827Z","logger":"broker_ingress","caller":"ingress/ingress_handler.go:120","msg":"Error retrieving TTL, defaulting.","commit":"7655d9c","error":"\"knativebrokerttl\" not found"}
{"level":"info","ts":"2019-12-03T21:04:43.827Z","logger":"broker_ingress","caller":"ingress/ingress_handler.go:120","msg":"Error retrieving TTL, defaulting.","commit":"7655d9c","error":"\"knativebrokerttl\" not found"}
{"level":"info","ts":"2019-12-03T21:04:43.828Z","logger":"broker_ingress","caller":"ingress/ingress_handler.go:120","msg":"Error retrieving TTL, defaulting.","commit":"7655d9c","error":"\"knativebrokerttl\" not found"}
{"level":"info","ts":"2019-12-03T21:04:43.820Z","logger":"broker_ingress","caller":"ingress/ingress_handler.go:120","msg":"Error retrieving TTL, defaulting.","commit":"7655d9c","error":"\"knativebrokerttl\" not found"}
{"level":"info","ts":"2019-12-03T21:04:43.828Z","logger":"broker_ingress","caller":"ingress/ingress_handler.go:120","msg":"Error retrieving TTL, defaulting.","commit":"7655d9c","error":"\"knativebrokerttl\" not found"}
{"level":"info","ts":"2019-12-03T21:04:43.829Z","logger":"broker_ingress","caller":"ingress/ingress_handler.go:120","msg":"Error retrieving TTL, defaulting.","commit":"7655d9c","error":"\"knativebrokerttl\" not found"}
{"level":"info","ts":"2019-12-03T21:04:43.829Z","logger":"broker_ingress","caller":"ingress/ingress_handler.go:120","msg":"Error retrieving TTL, defaulting.","commit":"7655d9c","error":"\"knativebrokerttl\" not found"}
{"level":"info","ts":"2019-12-03T21:04:43.829Z","logger":"broker_ingress","caller":"ingress/ingress_handler.go:120","msg":"Error retrieving TTL, defaulting.","commit":"7655d9c","error":"\"knativebrokerttl\" not found"}
{"level":"info","ts":"2019-12-03T21:04:43.829Z","logger":"broker_ingress","caller":"ingress/ingress_handler.go:120","msg":"Error retrieving TTL, defaulting.","commit":"7655d9c","error":"\"knativebrokerttl\" not found"}
{"level":"info","ts":"2019-12-03T21:04:43.829Z","logger":"broker_ingress","caller":"ingress/ingress_handler.go:120","msg":"Error retrieving TTL, defaulting.","commit":"7655d9c","error":"\"knativebrokerttl\" not found"}
{"level":"info","ts":"2019-12-03T21:04:43.702Z","logger":"broker_ingress","caller":"ingress/ingress_handler.go:120","msg":"Error retrieving TTL, defaulting.","commit":"7655d9c","error":"\"knativebrokerttl\" not found"}
{"level":"info","ts":"2019-12-03T21:04:43.830Z","logger":"broker_ingress","caller":"ingress/ingress_handler.go:120","msg":"Error retrieving TTL, defaulting.","commit":"7655d9c","error":"\"knativebrokerttl\" not found"}
{"level":"info","ts":"2019-12-03T21:04:43.830Z","logger":"broker_ingress","caller":"ingress/ingress_handler.go:120","msg":"Error retrieving TTL, defaulting.","commit":"7655d9c","error":"\"knativebrokerttl\" not found"}
{"level":"info","ts":"2019-12-03T21:04:43.830Z","logger":"broker_ingress","caller":"ingress/ingress_handler.go:120","msg":"Error retrieving TTL, defaulting.","commit":"7655d9c","error":"\"knativebrokerttl\" not found"}
{"level":"info","ts":"2019-12-03T21:04:43.830Z","logger":"broker_ingress","caller":"ingress/ingress_handler.go:120","msg":"Error retrieving TTL, defaulting.","commit":"7655d9c","error":"\"knativebrokerttl\" not found"}
{"level":"info","ts":"2019-12-03T21:04:43.830Z","logger":"broker_ingress","caller":"ingress/ingress_handler.go:120","msg":"Error retrieving TTL, defaulting.","commit":"7655d9c","error":"\"knativebrokerttl\" not found"}
{"level":"info","ts":"2019-12-03T21:04:43.830Z","logger":"broker_ingress","caller":"ingress/ingress_handler.go:120","msg":"Error retrieving TTL, defaulting.","commit":"7655d9c","error":"\"knativebrokerttl\" not found"}
{"level":"info","ts":"2019-12-03T21:04:43.830Z","logger":"broker_ingress","caller":"ingress/ingress_handler.go:120","msg":"Error retrieving TTL, defaulting.","commit":"7655d9c","error":"\"knativebrokerttl\" not found"}
{"level":"info","ts":"2019-12-03T21:04:43.830Z","logger":"broker_ingress","caller":"ingress/ingress_handler.go:120","msg":"Error retrieving TTL, defaulting.","commit":"7655d9c","error":"\"knativebrokerttl\" not found"}
{"level":"info","ts":"2019-12-03T21:04:43.856Z","logger":"broker_ingress","caller":"ingress/ingress_handler.go:120","msg":"Error retrieving TTL, defaulting.","commit":"7655d9c","error":"\"knativebrokerttl\" not found"}
{"level":"info","ts":"2019-12-03T21:04:43.856Z","logger":"broker_ingress","caller":"ingress/ingress_handler.go:120","msg":"Error retrieving TTL, defaulting.","commit":"7655d9c","error":"\"knativebrokerttl\" not found"}
{"level":"info","ts":"2019-12-03T21:04:43.856Z","logger":"broker_ingress","caller":"ingress/ingress_handler.go:120","msg":"Error retrieving TTL, defaulting.","commit":"7655d9c","error":"\"knativebrokerttl\" not found"}
{"level":"info","ts":"2019-12-03T21:04:43.856Z","logger":"broker_ingress","caller":"ingress/ingress_handler.go:120","msg":"Error retrieving TTL, defaulting.","commit":"7655d9c","error":"\"knativebrokerttl\" not found"}
{"level":"info","ts":"2019-12-03T21:04:43.856Z","logger":"broker_ingress","caller":"ingress/ingress_handler.go:120","msg":"Error retrieving TTL, defaulting.","commit":"7655d9c","error":"\"knativebrokerttl\" not found"}
{"level":"info","ts":"2019-12-03T21:04:43.856Z","logger":"broker_ingress","caller":"ingress/ingress_handler.go:120","msg":"Error retrieving TTL, defaulting.","commit":"7655d9c","error":"\"knativebrokerttl\" not found"}
{"level":"info","ts":"2019-12-03T21:04:43.857Z","logger":"broker_ingress","caller":"ingress/ingress_handler.go:120","msg":"Error retrieving TTL, defaulting.","commit":"7655d9c","error":"\"knativebrokerttl\" not found"}
{"level":"info","ts":"2019-12-03T21:04:43.857Z","logger":"broker_ingress","caller":"ingress/ingress_handler.go:120","msg":"Error retrieving TTL, defaulting.","commit":"7655d9c","error":"\"knativebrokerttl\" not found"}
{"level":"info","ts":"2019-12-03T21:04:43.857Z","logger":"broker_ingress","caller":"ingress/ingress_handler.go:120","msg":"Error retrieving TTL, defaulting.","commit":"7655d9c","error":"\"knativebrokerttl\" not found"}
{"level":"info","ts":"2019-12-03T21:04:43.857Z","logger":"broker_ingress","caller":"ingress/ingress_handler.go:120","msg":"Error retrieving TTL, defaulting.","commit":"7655d9c","error":"\"knativebrokerttl\" not found"}
{"level":"info","ts":"2019-12-03T21:04:43.857Z","logger":"broker_ingress","caller":"ingress/ingress_handler.go:120","msg":"Error retrieving TTL, defaulting.","commit":"7655d9c","error":"\"knativebrokerttl\" not found"}
{"level":"info","ts":"2019-12-03T21:04:43.858Z","logger":"broker_ingress","caller":"ingress/ingress_handler.go:120","msg":"Error retrieving TTL, defaulting.","commit":"7655d9c","error":"\"knativebrokerttl\" not found"}
{"level":"info","ts":"2019-12-03T21:04:43.860Z","logger":"broker_ingress","caller":"ingress/ingress_handler.go:120","msg":"Error retrieving TTL, defaulting.","commit":"7655d9c","error":"\"knativebrokerttl\" not found"}
{"level":"info","ts":"2019-12-03T21:04:43.860Z","logger":"broker_ingress","caller":"ingress/ingress_handler.go:120","msg":"Error retrieving TTL, defaulting.","commit":"7655d9c","error":"\"knativebrokerttl\" not found"}
{"level":"info","ts":"2019-12-03T21:04:43.860Z","logger":"broker_ingress","caller":"ingress/ingress_handler.go:120","msg":"Error retrieving TTL, defaulting.","commit":"7655d9c","error":"\"knativebrokerttl\" not found"}
{"level":"info","ts":"2019-12-03T21:04:43.861Z","logger":"broker_ingress","caller":"ingress/ingress_handler.go:120","msg":"Error retrieving TTL, defaulting.","commit":"7655d9c","error":"\"knativebrokerttl\" not found"}
{"level":"info","ts":"2019-12-03T21:04:43.861Z","logger":"broker_ingress","caller":"ingress/ingress_handler.go:120","msg":"Error retrieving TTL, defaulting.","commit":"7655d9c","error":"\"knativebrokerttl\" not found"}
{"level":"info","ts":"2019-12-03T21:04:43.861Z","logger":"broker_ingress","caller":"ingress/ingress_handler.go:120","msg":"Error retrieving TTL, defaulting.","commit":"7655d9c","error":"\"knativebrokerttl\" not found"}
{"level":"info","ts":"2019-12-03T21:04:43.861Z","logger":"broker_ingress","caller":"ingress/ingress_handler.go:120","msg":"Error retrieving TTL, defaulting.","commit":"7655d9c","error":"\"knativebrokerttl\" not found"}
{"level":"info","ts":"2019-12-03T21:04:43.861Z","logger":"broker_ingress","caller":"ingress/ingress_handler.go:120","msg":"Error retrieving TTL, defaulting.","commit":"7655d9c","error":"\"knativebrokerttl\" not found"}
{"level":"info","ts":"2019-12-03T21:04:43.861Z","logger":"broker_ingress","caller":"ingress/ingress_handler.go:120","msg":"Error retrieving TTL, defaulting.","commit":"7655d9c","error":"\"knativebrokerttl\" not found"}
{"level":"info","ts":"2019-12-03T21:04:43.862Z","logger":"broker_ingress","caller":"ingress/ingress_handler.go:120","msg":"Error retrieving TTL, defaulting.","commit":"7655d9c","error":"\"knativebrokerttl\" not found"}
{"level":"info","ts":"2019-12-03T21:04:43.862Z","logger":"broker_ingress","caller":"ingress/ingress_handler.go:120","msg":"Error retrieving TTL, defaulting.","commit":"7655d9c","error":"\"knativebrokerttl\" not found"}
{"level":"info","ts":"2019-12-03T21:04:43.862Z","logger":"broker_ingress","caller":"ingress/ingress_handler.go:120","msg":"Error retrieving TTL, defaulting.","commit":"7655d9c","error":"\"knativebrokerttl\" not found"}
{"level":"info","ts":"2019-12-03T21:04:43.862Z","logger":"broker_ingress","caller":"ingress/ingress_handler.go:120","msg":"Error retrieving TTL, defaulting.","commit":"7655d9c","error":"\"knativebrokerttl\" not found"}
{"level":"info","ts":"2019-12-03T21:04:43.862Z","logger":"broker_ingress","caller":"ingress/ingress_handler.go:120","msg":"Error retrieving TTL, defaulting.","commit":"7655d9c","error":"\"knativebrokerttl\" not found"}
{"level":"info","ts":"2019-12-03T21:04:43.862Z","logger":"broker_ingress","caller":"ingress/ingress_handler.go:120","msg":"Error retrieving TTL, defaulting.","commit":"7655d9c","error":"\"knativebrokerttl\" not found"}
{"level":"info","ts":"2019-12-03T21:04:43.862Z","logger":"broker_ingress","caller":"ingress/ingress_handler.go:120","msg":"Error retrieving TTL, defaulting.","commit":"7655d9c","error":"\"knativebrokerttl\" not found"}
{"level":"info","ts":"2019-12-03T21:04:43.862Z","logger":"broker_ingress","caller":"ingress/ingress_handler.go:120","msg":"Error retrieving TTL, defaulting.","commit":"7655d9c","error":"\"knativebrokerttl\" not found"}
{"level":"info","ts":"2019-12-03T21:04:43.863Z","logger":"broker_ingress","caller":"ingress/ingress_handler.go:120","msg":"Error retrieving TTL, defaulting.","commit":"7655d9c","error":"\"knativebrokerttl\" not found"}
{"level":"info","ts":"2019-12-03T21:04:43.863Z","logger":"broker_ingress","caller":"ingress/ingress_handler.go:120","msg":"Error retrieving TTL, defaulting.","commit":"7655d9c","error":"\"knativebrokerttl\" not found"}
{"level":"info","ts":"2019-12-03T21:04:43.864Z","logger":"broker_ingress","caller":"ingress/ingress_handler.go:120","msg":"Error retrieving TTL, defaulting.","commit":"7655d9c","error":"\"knativebrokerttl\" not found"}
{"level":"info","ts":"2019-12-03T21:04:43.865Z","logger":"broker_ingress","caller":"ingress/ingress_handler.go:120","msg":"Error retrieving TTL, defaulting.","commit":"7655d9c","error":"\"knativebrokerttl\" not found"}
{"level":"info","ts":"2019-12-03T21:04:43.865Z","logger":"broker_ingress","caller":"ingress/ingress_handler.go:120","msg":"Error retrieving TTL, defaulting.","commit":"7655d9c","error":"\"knativebrokerttl\" not found"}
{"level":"info","ts":"2019-12-03T21:04:43.865Z","logger":"broker_ingress","caller":"ingress/ingress_handler.go:120","msg":"Error retrieving TTL, defaulting.","commit":"7655d9c","error":"\"knativebrokerttl\" not found"}
{"level":"info","ts":"2019-12-03T21:04:43.868Z","logger":"broker_ingress","caller":"ingress/ingress_handler.go:120","msg":"Error retrieving TTL, defaulting.","commit":"7655d9c","error":"\"knativebrokerttl\" not found"}
{"level":"info","ts":"2019-12-03T21:04:43.868Z","logger":"broker_ingress","caller":"ingress/ingress_handler.go:120","msg":"Error retrieving TTL, defaulting.","commit":"7655d9c","error":"\"knativebrokerttl\" not found"}
{"level":"info","ts":"2019-12-03T21:04:43.868Z","logger":"broker_ingress","caller":"ingress/ingress_handler.go:120","msg":"Error retrieving TTL, defaulting.","commit":"7655d9c","error":"\"knativebrokerttl\" not found"}
{"level":"info","ts":"2019-12-03T21:04:43.869Z","logger":"broker_ingress","caller":"ingress/ingress_handler.go:120","msg":"Error retrieving TTL, defaulting.","commit":"7655d9c","error":"\"knativebrokerttl\" not found"}
{"level":"info","ts":"2019-12-03T21:04:43.870Z","logger":"broker_ingress","caller":"ingress/ingress_handler.go:120","msg":"Error retrieving TTL, defaulting.","commit":"7655d9c","error":"\"knativebrokerttl\" not found"}
{"level":"info","ts":"2019-12-03T21:04:43.858Z","logger":"broker_ingress","caller":"ingress/ingress_handler.go:120","msg":"Error retrieving TTL, defaulting.","commit":"7655d9c","error":"\"knativebrokerttl\" not found"}
{"level":"info","ts":"2019-12-03T21:04:43.870Z","logger":"broker_ingress","caller":"ingress/ingress_handler.go:120","msg":"Error retrieving TTL, defaulting.","commit":"7655d9c","error":"\"knativebrokerttl\" not found"}
{"level":"info","ts":"2019-12-03T21:04:43.870Z","logger":"broker_ingress","caller":"ingress/ingress_handler.go:120","msg":"Error retrieving TTL, defaulting.","commit":"7655d9c","error":"\"knativebrokerttl\" not found"}
{"level":"info","ts":"2019-12-03T21:04:43.870Z","logger":"broker_ingress","caller":"ingress/ingress_handler.go:120","msg":"Error retrieving TTL, defaulting.","commit":"7655d9c","error":"\"knativebrokerttl\" not found"}
{"level":"info","ts":"2019-12-03T21:04:43.870Z","logger":"broker_ingress","caller":"ingress/ingress_handler.go:120","msg":"Error retrieving TTL, defaulting.","commit":"7655d9c","error":"\"knativebrokerttl\" not found"}
{"level":"info","ts":"2019-12-03T21:04:43.870Z","logger":"broker_ingress","caller":"ingress/ingress_handler.go:120","msg":"Error retrieving TTL, defaulting.","commit":"7655d9c","error":"\"knativebrokerttl\" not found"}
{"level":"info","ts":"2019-12-03T21:04:43.870Z","logger":"broker_ingress","caller":"ingress/ingress_handler.go:120","msg":"Error retrieving TTL, defaulting.","commit":"7655d9c","error":"\"knativebrokerttl\" not found"}
{"level":"info","ts":"2019-12-03T21:04:43.871Z","logger":"broker_ingress","caller":"ingress/ingress_handler.go:120","msg":"Error retrieving TTL, defaulting.","commit":"7655d9c","error":"\"knativebrokerttl\" not found"}
{"level":"info","ts":"2019-12-03T21:04:43.871Z","logger":"broker_ingress","caller":"ingress/ingress_handler.go:120","msg":"Error retrieving TTL, defaulting.","commit":"7655d9c","error":"\"knativebrokerttl\" not found"}
{"level":"info","ts":"2019-12-03T21:04:43.871Z","logger":"broker_ingress","caller":"ingress/ingress_handler.go:120","msg":"Error retrieving TTL, defaulting.","commit":"7655d9c","error":"\"knativebrokerttl\" not found"}
{"level":"info","ts":"2019-12-03T21:04:43.871Z","logger":"broker_ingress","caller":"ingress/ingress_handler.go:120","msg":"Error retrieving TTL, defaulting.","commit":"7655d9c","error":"\"knativebrokerttl\" not found"}
{"level":"info","ts":"2019-12-03T21:04:43.871Z","logger":"broker_ingress","caller":"ingress/ingress_handler.go:120","msg":"Error retrieving TTL, defaulting.","commit":"7655d9c","error":"\"knativebrokerttl\" not found"}
{"level":"info","ts":"2019-12-03T21:04:43.871Z","logger":"broker_ingress","caller":"ingress/ingress_handler.go:120","msg":"Error retrieving TTL, defaulting.","commit":"7655d9c","error":"\"knativebrokerttl\" not found"}
{"level":"info","ts":"2019-12-03T21:04:43.871Z","logger":"broker_ingress","caller":"ingress/ingress_handler.go:120","msg":"Error retrieving TTL, defaulting.","commit":"7655d9c","error":"\"knativebrokerttl\" not found"}
{"level":"info","ts":"2019-12-03T21:04:43.871Z","logger":"broker_ingress","caller":"ingress/ingress_handler.go:120","msg":"Error retrieving TTL, defaulting.","commit":"7655d9c","error":"\"knativebrokerttl\" not found"}
{"level":"info","ts":"2019-12-03T21:04:43.871Z","logger":"broker_ingress","caller":"ingress/ingress_handler.go:120","msg":"Error retrieving TTL, defaulting.","commit":"7655d9c","error":"\"knativebrokerttl\" not found"}
{"level":"info","ts":"2019-12-03T21:04:43.872Z","logger":"broker_ingress","caller":"ingress/ingress_handler.go:120","msg":"Error retrieving TTL, defaulting.","commit":"7655d9c","error":"\"knativebrokerttl\" not found"}
{"level":"info","ts":"2019-12-03T21:04:43.872Z","logger":"broker_ingress","caller":"ingress/ingress_handler.go:120","msg":"Error retrieving TTL, defaulting.","commit":"7655d9c","error":"\"knativebrokerttl\" not found"}
{"level":"info","ts":"2019-12-03T21:04:43.872Z","logger":"broker_ingress","caller":"ingress/ingress_handler.go:120","msg":"Error retrieving TTL, defaulting.","commit":"7655d9c","error":"\"knativebrokerttl\" not found"}
{"level":"info","ts":"2019-12-03T21:04:43.872Z","logger":"broker_ingress","caller":"ingress/ingress_handler.go:120","msg":"Error retrieving TTL, defaulting.","commit":"7655d9c","error":"\"knativebrokerttl\" not found"}
{"level":"info","ts":"2019-12-03T21:04:43.872Z","logger":"broker_ingress","caller":"ingress/ingress_handler.go:120","msg":"Error retrieving TTL, defaulting.","commit":"7655d9c","error":"\"knativebrokerttl\" not found"}
{"level":"info","ts":"2019-12-03T21:04:43.872Z","logger":"broker_ingress","caller":"ingress/ingress_handler.go:120","msg":"Error retrieving TTL, defaulting.","commit":"7655d9c","error":"\"knativebrokerttl\" not found"}
{"level":"info","ts":"2019-12-03T21:04:43.872Z","logger":"broker_ingress","caller":"ingress/ingress_handler.go:120","msg":"Error retrieving TTL, defaulting.","commit":"7655d9c","error":"\"knativebrokerttl\" not found"}
{"level":"info","ts":"2019-12-03T21:04:43.872Z","logger":"broker_ingress","caller":"ingress/ingress_handler.go:120","msg":"Error retrieving TTL, defaulting.","commit":"7655d9c","error":"\"knativebrokerttl\" not found"}
{"level":"info","ts":"2019-12-03T21:04:43.872Z","logger":"broker_ingress","caller":"ingress/ingress_handler.go:120","msg":"Error retrieving TTL, defaulting.","commit":"7655d9c","error":"\"knativebrokerttl\" not found"}
{"level":"info","ts":"2019-12-03T21:04:43.873Z","logger":"broker_ingress","caller":"ingress/ingress_handler.go:120","msg":"Error retrieving TTL, defaulting.","commit":"7655d9c","error":"\"knativebrokerttl\" not found"}
{"level":"info","ts":"2019-12-03T21:04:43.873Z","logger":"broker_ingress","caller":"ingress/ingress_handler.go:120","msg":"Error retrieving TTL, defaulting.","commit":"7655d9c","error":"\"knativebrokerttl\" not found"}
{"level":"info","ts":"2019-12-03T21:04:43.874Z","logger":"broker_ingress","caller":"ingress/ingress_handler.go:120","msg":"Error retrieving TTL, defaulting.","commit":"7655d9c","error":"\"knativebrokerttl\" not found"}
{"level":"info","ts":"2019-12-03T21:04:43.875Z","logger":"broker_ingress","caller":"ingress/ingress_handler.go:120","msg":"Error retrieving TTL, defaulting.","commit":"7655d9c","error":"\"knativebrokerttl\" not found"}
{"level":"info","ts":"2019-12-03T21:04:43.875Z","logger":"broker_ingress","caller":"ingress/ingress_handler.go:120","msg":"Error retrieving TTL, defaulting.","commit":"7655d9c","error":"\"knativebrokerttl\" not found"}
{"level":"info","ts":"2019-12-03T21:04:43.877Z","logger":"broker_ingress","caller":"ingress/ingress_handler.go:120","msg":"Error retrieving TTL, defaulting.","commit":"7655d9c","error":"\"knativebrokerttl\" not found"}
{"level":"info","ts":"2019-12-03T21:04:43.877Z","logger":"broker_ingress","caller":"ingress/ingress_handler.go:120","msg":"Error retrieving TTL, defaulting.","commit":"7655d9c","error":"\"knativebrokerttl\" not found"}
{"level":"info","ts":"2019-12-03T21:04:43.877Z","logger":"broker_ingress","caller":"ingress/ingress_handler.go:120","msg":"Error retrieving TTL, defaulting.","commit":"7655d9c","error":"\"knativebrokerttl\" not found"}
{"level":"info","ts":"2019-12-03T21:04:43.877Z","logger":"broker_ingress","caller":"ingress/ingress_handler.go:120","msg":"Error retrieving TTL, defaulting.","commit":"7655d9c","error":"\"knativebrokerttl\" not found"}
{"level":"info","ts":"2019-12-03T21:04:43.877Z","logger":"broker_ingress","caller":"ingress/ingress_handler.go:120","msg":"Error retrieving TTL, defaulting.","commit":"7655d9c","error":"\"knativebrokerttl\" not found"}
{"level":"info","ts":"2019-12-03T21:04:43.878Z","logger":"broker_ingress","caller":"ingress/ingress_handler.go:120","msg":"Error retrieving TTL, defaulting.","commit":"7655d9c","error":"\"knativebrokerttl\" not found"}
{"level":"info","ts":"2019-12-03T21:04:43.878Z","logger":"broker_ingress","caller":"ingress/ingress_handler.go:120","msg":"Error retrieving TTL, defaulting.","commit":"7655d9c","error":"\"knativebrokerttl\" not found"}
{"level":"info","ts":"2019-12-03T21:04:43.878Z","logger":"broker_ingress","caller":"ingress/ingress_handler.go:120","msg":"Error retrieving TTL, defaulting.","commit":"7655d9c","error":"\"knativebrokerttl\" not found"}
{"level":"info","ts":"2019-12-03T21:04:43.878Z","logger":"broker_ingress","caller":"ingress/ingress_handler.go:120","msg":"Error retrieving TTL, defaulting.","commit":"7655d9c","error":"\"knativebrokerttl\" not found"}
{"level":"info","ts":"2019-12-03T21:04:43.878Z","logger":"broker_ingress","caller":"ingress/ingress_handler.go:120","msg":"Error retrieving TTL, defaulting.","commit":"7655d9c","error":"\"knativebrokerttl\" not found"}
{"level":"info","ts":"2019-12-03T21:04:43.878Z","logger":"broker_ingress","caller":"ingress/ingress_handler.go:120","msg":"Error retrieving TTL, defaulting.","commit":"7655d9c","error":"\"knativebrokerttl\" not found"}
{"level":"info","ts":"2019-12-03T21:04:43.878Z","logger":"broker_ingress","caller":"ingress/ingress_handler.go:120","msg":"Error retrieving TTL, defaulting.","commit":"7655d9c","error":"\"knativebrokerttl\" not found"}
{"level":"info","ts":"2019-12-03T21:04:43.878Z","logger":"broker_ingress","caller":"ingress/ingress_handler.go:120","msg":"Error retrieving TTL, defaulting.","commit":"7655d9c","error":"\"knativebrokerttl\" not found"}
{"level":"info","ts":"2019-12-03T21:04:43.878Z","logger":"broker_ingress","caller":"ingress/ingress_handler.go:120","msg":"Error retrieving TTL, defaulting.","commit":"7655d9c","error":"\"knativebrokerttl\" not found"}
{"level":"info","ts":"2019-12-03T21:04:43.878Z","logger":"broker_ingress","caller":"ingress/ingress_handler.go:120","msg":"Error retrieving TTL, defaulting.","commit":"7655d9c","error":"\"knativebrokerttl\" not found"}
{"level":"info","ts":"2019-12-03T21:04:43.879Z","logger":"broker_ingress","caller":"ingress/ingress_handler.go:120","msg":"Error retrieving TTL, defaulting.","commit":"7655d9c","error":"\"knativebrokerttl\" not found"}
{"level":"info","ts":"2019-12-03T21:04:43.879Z","logger":"broker_ingress","caller":"ingress/ingress_handler.go:120","msg":"Error retrieving TTL, defaulting.","commit":"7655d9c","error":"\"knativebrokerttl\" not found"}
{"level":"info","ts":"2019-12-03T21:04:43.879Z","logger":"broker_ingress","caller":"ingress/ingress_handler.go:120","msg":"Error retrieving TTL, defaulting.","commit":"7655d9c","error":"\"knativebrokerttl\" not found"}
{"level":"info","ts":"2019-12-03T21:04:43.879Z","logger":"broker_ingress","caller":"ingress/ingress_handler.go:120","msg":"Error retrieving TTL, defaulting.","commit":"7655d9c","error":"\"knativebrokerttl\" not found"}
{"level":"info","ts":"2019-12-03T21:04:43.879Z","logger":"broker_ingress","caller":"ingress/ingress_handler.go:120","msg":"Error retrieving TTL, defaulting.","commit":"7655d9c","error":"\"knativebrokerttl\" not found"}
{"level":"info","ts":"2019-12-03T21:04:43.879Z","logger":"broker_ingress","caller":"ingress/ingress_handler.go:120","msg":"Error retrieving TTL, defaulting.","commit":"7655d9c","error":"\"knativebrokerttl\" not found"}
{"level":"info","ts":"2019-12-03T21:04:43.879Z","logger":"broker_ingress","caller":"ingress/ingress_handler.go:120","msg":"Error retrieving TTL, defaulting.","commit":"7655d9c","error":"\"knativebrokerttl\" not found"}
{"level":"info","ts":"2019-12-03T21:04:43.880Z","logger":"broker_ingress","caller":"ingress/ingress_handler.go:120","msg":"Error retrieving TTL, defaulting.","commit":"7655d9c","error":"\"knativebrokerttl\" not found"}
{"level":"info","ts":"2019-12-03T21:04:43.880Z","logger":"broker_ingress","caller":"ingress/ingress_handler.go:120","msg":"Error retrieving TTL, defaulting.","commit":"7655d9c","error":"\"knativebrokerttl\" not found"}
{"level":"info","ts":"2019-12-03T21:04:43.882Z","logger":"broker_ingress","caller":"ingress/ingress_handler.go:120","msg":"Error retrieving TTL, defaulting.","commit":"7655d9c","error":"\"knativebrokerttl\" not found"}
{"level":"info","ts":"2019-12-03T21:04:43.885Z","logger":"broker_ingress","caller":"ingress/ingress_handler.go:120","msg":"Error retrieving TTL, defaulting.","commit":"7655d9c","error":"\"knativebrokerttl\" not found"}
{"level":"info","ts":"2019-12-03T21:04:43.888Z","logger":"broker_ingress","caller":"ingress/ingress_handler.go:120","msg":"Error retrieving TTL, defaulting.","commit":"7655d9c","error":"\"knativebrokerttl\" not found"}
{"level":"info","ts":"2019-12-03T21:04:43.892Z","logger":"broker_ingress","caller":"ingress/ingress_handler.go:120","msg":"Error retrieving TTL, defaulting.","commit":"7655d9c","error":"\"knativebrokerttl\" not found"}
{"level":"info","ts":"2019-12-03T21:04:43.892Z","logger":"broker_ingress","caller":"ingress/ingress_handler.go:120","msg":"Error retrieving TTL, defaulting.","commit":"7655d9c","error":"\"knativebrokerttl\" not found"}
{"level":"info","ts":"2019-12-03T21:04:43.892Z","logger":"broker_ingress","caller":"ingress/ingress_handler.go:120","msg":"Error retrieving TTL, defaulting.","commit":"7655d9c","error":"\"knativebrokerttl\" not found"}
{"level":"info","ts":"2019-12-03T21:04:43.892Z","logger":"broker_ingress","caller":"ingress/ingress_handler.go:120","msg":"Error retrieving TTL, defaulting.","commit":"7655d9c","error":"\"knativebrokerttl\" not found"}
{"level":"info","ts":"2019-12-03T21:04:43.892Z","logger":"broker_ingress","caller":"ingress/ingress_handler.go:120","msg":"Error retrieving TTL, defaulting.","commit":"7655d9c","error":"\"knativebrokerttl\" not found"}
{"level":"info","ts":"2019-12-03T21:04:43.892Z","logger":"broker_ingress","caller":"ingress/ingress_handler.go:120","msg":"Error retrieving TTL, defaulting.","commit":"7655d9c","error":"\"knativebrokerttl\" not found"}
{"level":"info","ts":"2019-12-03T21:04:43.893Z","logger":"broker_ingress","caller":"ingress/ingress_handler.go:120","msg":"Error retrieving TTL, defaulting.","commit":"7655d9c","error":"\"knativebrokerttl\" not found"}
{"level":"info","ts":"2019-12-03T21:04:43.893Z","logger":"broker_ingress","caller":"ingress/ingress_handler.go:120","msg":"Error retrieving TTL, defaulting.","commit":"7655d9c","error":"\"knativebrokerttl\" not found"}
{"level":"info","ts":"2019-12-03T21:04:43.893Z","logger":"broker_ingress","caller":"ingress/ingress_handler.go:120","msg":"Error retrieving TTL, defaulting.","commit":"7655d9c","error":"\"knativebrokerttl\" not found"}
{"level":"info","ts":"2019-12-03T21:04:43.893Z","logger":"broker_ingress","caller":"ingress/ingress_handler.go:120","msg":"Error retrieving TTL, defaulting.","commit":"7655d9c","error":"\"knativebrokerttl\" not found"}
{"level":"info","ts":"2019-12-03T21:04:43.893Z","logger":"broker_ingress","caller":"ingress/ingress_handler.go:120","msg":"Error retrieving TTL, defaulting.","commit":"7655d9c","error":"\"knativebrokerttl\" not found"}
{"level":"info","ts":"2019-12-03T21:04:43.893Z","logger":"broker_ingress","caller":"ingress/ingress_handler.go:120","msg":"Error retrieving TTL, defaulting.","commit":"7655d9c","error":"\"knativebrokerttl\" not found"}
{"level":"info","ts":"2019-12-03T21:04:43.893Z","logger":"broker_ingress","caller":"ingress/ingress_handler.go:120","msg":"Error retrieving TTL, defaulting.","commit":"7655d9c","error":"\"knativebrokerttl\" not found"}
{"level":"info","ts":"2019-12-03T21:04:43.893Z","logger":"broker_ingress","caller":"ingress/ingress_handler.go:120","msg":"Error retrieving TTL, defaulting.","commit":"7655d9c","error":"\"knativebrokerttl\" not found"}
{"level":"info","ts":"2019-12-03T21:04:43.893Z","logger":"broker_ingress","caller":"ingress/ingress_handler.go:120","msg":"Error retrieving TTL, defaulting.","commit":"7655d9c","error":"\"knativebrokerttl\" not found"}
{"level":"info","ts":"2019-12-03T21:04:43.893Z","logger":"broker_ingress","caller":"ingress/ingress_handler.go:120","msg":"Error retrieving TTL, defaulting.","commit":"7655d9c","error":"\"knativebrokerttl\" not found"}
{"level":"info","ts":"2019-12-03T21:04:43.894Z","logger":"broker_ingress","caller":"ingress/ingress_handler.go:120","msg":"Error retrieving TTL, defaulting.","commit":"7655d9c","error":"\"knativebrokerttl\" not found"}
{"level":"info","ts":"2019-12-03T21:04:43.893Z","logger":"broker_ingress","caller":"ingress/ingress_handler.go:120","msg":"Error retrieving TTL, defaulting.","commit":"7655d9c","error":"\"knativebrokerttl\" not found"}
{"level":"info","ts":"2019-12-03T21:04:43.894Z","logger":"broker_ingress","caller":"ingress/ingress_handler.go:120","msg":"Error retrieving TTL, defaulting.","commit":"7655d9c","error":"\"knativebrokerttl\" not found"}
{"level":"info","ts":"2019-12-03T21:04:43.894Z","logger":"broker_ingress","caller":"ingress/ingress_handler.go:120","msg":"Error retrieving TTL, defaulting.","commit":"7655d9c","error":"\"knativebrokerttl\" not found"}
{"level":"info","ts":"2019-12-03T21:04:43.896Z","logger":"broker_ingress","caller":"ingress/ingress_handler.go:120","msg":"Error retrieving TTL, defaulting.","commit":"7655d9c","error":"\"knativebrokerttl\" not found"}
{"level":"info","ts":"2019-12-03T21:04:43.896Z","logger":"broker_ingress","caller":"ingress/ingress_handler.go:120","msg":"Error retrieving TTL, defaulting.","commit":"7655d9c","error":"\"knativebrokerttl\" not found"}
{"level":"info","ts":"2019-12-03T21:04:43.896Z","logger":"broker_ingress","caller":"ingress/ingress_handler.go:120","msg":"Error retrieving TTL, defaulting.","commit":"7655d9c","error":"\"knativebrokerttl\" not found"}
{"level":"info","ts":"2019-12-03T21:04:43.897Z","logger":"broker_ingress","caller":"ingress/ingress_handler.go:120","msg":"Error retrieving TTL, defaulting.","commit":"7655d9c","error":"\"knativebrokerttl\" not found"}
{"level":"info","ts":"2019-12-03T21:04:43.897Z","logger":"broker_ingress","caller":"ingress/ingress_handler.go:120","msg":"Error retrieving TTL, defaulting.","commit":"7655d9c","error":"\"knativebrokerttl\" not found"}
{"level":"info","ts":"2019-12-03T21:04:43.897Z","logger":"broker_ingress","caller":"ingress/ingress_handler.go:120","msg":"Error retrieving TTL, defaulting.","commit":"7655d9c","error":"\"knativebrokerttl\" not found"}
{"level":"info","ts":"2019-12-03T21:04:43.897Z","logger":"broker_ingress","caller":"ingress/ingress_handler.go:120","msg":"Error retrieving TTL, defaulting.","commit":"7655d9c","error":"\"knativebrokerttl\" not found"}
{"level":"info","ts":"2019-12-03T21:04:43.898Z","logger":"broker_ingress","caller":"ingress/ingress_handler.go:120","msg":"Error retrieving TTL, defaulting.","commit":"7655d9c","error":"\"knativebrokerttl\" not found"}
{"level":"info","ts":"2019-12-03T21:04:43.898Z","logger":"broker_ingress","caller":"ingress/ingress_handler.go:120","msg":"Error retrieving TTL, defaulting.","commit":"7655d9c","error":"\"knativebrokerttl\" not found"}
{"level":"info","ts":"2019-12-03T21:04:43.898Z","logger":"broker_ingress","caller":"ingress/ingress_handler.go:120","msg":"Error retrieving TTL, defaulting.","commit":"7655d9c","error":"\"knativebrokerttl\" not found"}
{"level":"info","ts":"2019-12-03T21:04:43.898Z","logger":"broker_ingress","caller":"ingress/ingress_handler.go:120","msg":"Error retrieving TTL, defaulting.","commit":"7655d9c","error":"\"knativebrokerttl\" not found"}
{"level":"info","ts":"2019-12-03T21:04:43.898Z","logger":"broker_ingress","caller":"ingress/ingress_handler.go:120","msg":"Error retrieving TTL, defaulting.","commit":"7655d9c","error":"\"knativebrokerttl\" not found"}
{"level":"info","ts":"2019-12-03T21:04:43.898Z","logger":"broker_ingress","caller":"ingress/ingress_handler.go:120","msg":"Error retrieving TTL, defaulting.","commit":"7655d9c","error":"\"knativebrokerttl\" not found"}
{"level":"info","ts":"2019-12-03T21:04:43.899Z","logger":"broker_ingress","caller":"ingress/ingress_handler.go:120","msg":"Error retrieving TTL, defaulting.","commit":"7655d9c","error":"\"knativebrokerttl\" not found"}
{"level":"info","ts":"2019-12-03T21:04:43.899Z","logger":"broker_ingress","caller":"ingress/ingress_handler.go:120","msg":"Error retrieving TTL, defaulting.","commit":"7655d9c","error":"\"knativebrokerttl\" not found"}
{"level":"info","ts":"2019-12-03T21:04:43.899Z","logger":"broker_ingress","caller":"ingress/ingress_handler.go:120","msg":"Error retrieving TTL, defaulting.","commit":"7655d9c","error":"\"knativebrokerttl\" not found"}
{"level":"info","ts":"2019-12-03T21:04:43.906Z","logger":"broker_ingress","caller":"ingress/ingress_handler.go:120","msg":"Error retrieving TTL, defaulting.","commit":"7655d9c","error":"\"knativebrokerttl\" not found"}
{"level":"info","ts":"2019-12-03T21:04:43.906Z","logger":"broker_ingress","caller":"ingress/ingress_handler.go:120","msg":"Error retrieving TTL, defaulting.","commit":"7655d9c","error":"\"knativebrokerttl\" not found"}
{"level":"info","ts":"2019-12-03T21:04:43.906Z","logger":"broker_ingress","caller":"ingress/ingress_handler.go:120","msg":"Error retrieving TTL, defaulting.","commit":"7655d9c","error":"\"knativebrokerttl\" not found"}
{"level":"info","ts":"2019-12-03T21:04:43.906Z","logger":"broker_ingress","caller":"ingress/ingress_handler.go:120","msg":"Error retrieving TTL, defaulting.","commit":"7655d9c","error":"\"knativebrokerttl\" not found"}
{"level":"info","ts":"2019-12-03T21:04:43.906Z","logger":"broker_ingress","caller":"ingress/ingress_handler.go:120","msg":"Error retrieving TTL, defaulting.","commit":"7655d9c","error":"\"knativebrokerttl\" not found"}
{"level":"info","ts":"2019-12-03T21:04:43.906Z","logger":"broker_ingress","caller":"ingress/ingress_handler.go:120","msg":"Error retrieving TTL, defaulting.","commit":"7655d9c","error":"\"knativebrokerttl\" not found"}
{"level":"info","ts":"2019-12-03T21:04:43.907Z","logger":"broker_ingress","caller":"ingress/ingress_handler.go:120","msg":"Error retrieving TTL, defaulting.","commit":"7655d9c","error":"\"knativebrokerttl\" not found"}
{"level":"info","ts":"2019-12-03T21:04:43.907Z","logger":"broker_ingress","caller":"ingress/ingress_handler.go:120","msg":"Error retrieving TTL, defaulting.","commit":"7655d9c","error":"\"knativebrokerttl\" not found"}
{"level":"info","ts":"2019-12-03T21:04:43.907Z","logger":"broker_ingress","caller":"ingress/ingress_handler.go:120","msg":"Error retrieving TTL, defaulting.","commit":"7655d9c","error":"\"knativebrokerttl\" not found"}
{"level":"info","ts":"2019-12-03T21:04:43.907Z","logger":"broker_ingress","caller":"ingress/ingress_handler.go:120","msg":"Error retrieving TTL, defaulting.","commit":"7655d9c","error":"\"knativebrokerttl\" not found"}
{"level":"info","ts":"2019-12-03T21:04:43.907Z","logger":"broker_ingress","caller":"ingress/ingress_handler.go:120","msg":"Error retrieving TTL, defaulting.","commit":"7655d9c","error":"\"knativebrokerttl\" not found"}
{"level":"info","ts":"2019-12-03T21:04:43.907Z","logger":"broker_ingress","caller":"ingress/ingress_handler.go:120","msg":"Error retrieving TTL, defaulting.","commit":"7655d9c","error":"\"knativebrokerttl\" not found"}
{"level":"info","ts":"2019-12-03T21:04:43.907Z","logger":"broker_ingress","caller":"ingress/ingress_handler.go:120","msg":"Error retrieving TTL, defaulting.","commit":"7655d9c","error":"\"knativebrokerttl\" not found"}
{"level":"info","ts":"2019-12-03T21:04:43.908Z","logger":"broker_ingress","caller":"ingress/ingress_handler.go:120","msg":"Error retrieving TTL, defaulting.","commit":"7655d9c","error":"\"knativebrokerttl\" not found"}
{"level":"info","ts":"2019-12-03T21:04:43.908Z","logger":"broker_ingress","caller":"ingress/ingress_handler.go:120","msg":"Error retrieving TTL, defaulting.","commit":"7655d9c","error":"\"knativebrokerttl\" not found"}
{"level":"info","ts":"2019-12-03T21:04:43.912Z","logger":"broker_ingress","caller":"ingress/ingress_handler.go:120","msg":"Error retrieving TTL, defaulting.","commit":"7655d9c","error":"\"knativebrokerttl\" not found"}
{"level":"info","ts":"2019-12-03T21:04:43.912Z","logger":"broker_ingress","caller":"ingress/ingress_handler.go:120","msg":"Error retrieving TTL, defaulting.","commit":"7655d9c","error":"\"knativebrokerttl\" not found"}
{"level":"info","ts":"2019-12-03T21:04:43.912Z","logger":"broker_ingress","caller":"ingress/ingress_handler.go:120","msg":"Error retrieving TTL, defaulting.","commit":"7655d9c","error":"\"knativebrokerttl\" not found"}
{"level":"info","ts":"2019-12-03T21:04:43.912Z","logger":"broker_ingress","caller":"ingress/ingress_handler.go:120","msg":"Error retrieving TTL, defaulting.","commit":"7655d9c","error":"\"knativebrokerttl\" not found"}
{"level":"info","ts":"2019-12-03T21:04:43.913Z","logger":"broker_ingress","caller":"ingress/ingress_handler.go:120","msg":"Error retrieving TTL, defaulting.","commit":"7655d9c","error":"\"knativebrokerttl\" not found"}
{"level":"info","ts":"2019-12-03T21:04:43.915Z","logger":"broker_ingress","caller":"ingress/ingress_handler.go:120","msg":"Error retrieving TTL, defaulting.","commit":"7655d9c","error":"\"knativebrokerttl\" not found"}
{"level":"info","ts":"2019-12-03T21:04:43.915Z","logger":"broker_ingress","caller":"ingress/ingress_handler.go:120","msg":"Error retrieving TTL, defaulting.","commit":"7655d9c","error":"\"knativebrokerttl\" not found"}
{"level":"info","ts":"2019-12-03T21:04:43.916Z","logger":"broker_ingress","caller":"ingress/ingress_handler.go:120","msg":"Error retrieving TTL, defaulting.","commit":"7655d9c","error":"\"knativebrokerttl\" not found"}
{"level":"info","ts":"2019-12-03T21:04:43.917Z","logger":"broker_ingress","caller":"ingress/ingress_handler.go:120","msg":"Error retrieving TTL, defaulting.","commit":"7655d9c","error":"\"knativebrokerttl\" not found"}
{"level":"info","ts":"2019-12-03T21:04:43.917Z","logger":"broker_ingress","caller":"ingress/ingress_handler.go:120","msg":"Error retrieving TTL, defaulting.","commit":"7655d9c","error":"\"knativebrokerttl\" not found"}
{"level":"info","ts":"2019-12-03T21:04:43.917Z","logger":"broker_ingress","caller":"ingress/ingress_handler.go:120","msg":"Error retrieving TTL, defaulting.","commit":"7655d9c","error":"\"knativebrokerttl\" not found"}
{"level":"info","ts":"2019-12-03T21:04:43.917Z","logger":"broker_ingress","caller":"ingress/ingress_handler.go:120","msg":"Error retrieving TTL, defaulting.","commit":"7655d9c","error":"\"knativebrokerttl\" not found"}
{"level":"info","ts":"2019-12-03T21:04:43.917Z","logger":"broker_ingress","caller":"ingress/ingress_handler.go:120","msg":"Error retrieving TTL, defaulting.","commit":"7655d9c","error":"\"knativebrokerttl\" not found"}
{"level":"info","ts":"2019-12-03T21:04:43.917Z","logger":"broker_ingress","caller":"ingress/ingress_handler.go:120","msg":"Error retrieving TTL, defaulting.","commit":"7655d9c","error":"\"knativebrokerttl\" not found"}
{"level":"info","ts":"2019-12-03T21:04:43.919Z","logger":"broker_ingress","caller":"ingress/ingress_handler.go:120","msg":"Error retrieving TTL, defaulting.","commit":"7655d9c","error":"\"knativebrokerttl\" not found"}
{"level":"info","ts":"2019-12-03T21:04:43.924Z","logger":"broker_ingress","caller":"ingress/ingress_handler.go:120","msg":"Error retrieving TTL, defaulting.","commit":"7655d9c","error":"\"knativebrokerttl\" not found"}
{"level":"info","ts":"2019-12-03T21:04:43.925Z","logger":"broker_ingress","caller":"ingress/ingress_handler.go:120","msg":"Error retrieving TTL, defaulting.","commit":"7655d9c","error":"\"knativebrokerttl\" not found"}
{"level":"info","ts":"2019-12-03T21:04:43.925Z","logger":"broker_ingress","caller":"ingress/ingress_handler.go:120","msg":"Error retrieving TTL, defaulting.","commit":"7655d9c","error":"\"knativebrokerttl\" not found"}
{"level":"info","ts":"2019-12-03T21:04:43.925Z","logger":"broker_ingress","caller":"ingress/ingress_handler.go:120","msg":"Error retrieving TTL, defaulting.","commit":"7655d9c","error":"\"knativebrokerttl\" not found"}
{"level":"info","ts":"2019-12-03T21:04:43.925Z","logger":"broker_ingress","caller":"ingress/ingress_handler.go:120","msg":"Error retrieving TTL, defaulting.","commit":"7655d9c","error":"\"knativebrokerttl\" not found"}
{"level":"info","ts":"2019-12-03T21:04:43.925Z","logger":"broker_ingress","caller":"ingress/ingress_handler.go:120","msg":"Error retrieving TTL, defaulting.","commit":"7655d9c","error":"\"knativebrokerttl\" not found"}
{"level":"info","ts":"2019-12-03T21:04:43.925Z","logger":"broker_ingress","caller":"ingress/ingress_handler.go:120","msg":"Error retrieving TTL, defaulting.","commit":"7655d9c","error":"\"knativebrokerttl\" not found"}
{"level":"info","ts":"2019-12-03T21:04:43.926Z","logger":"broker_ingress","caller":"ingress/ingress_handler.go:120","msg":"Error retrieving TTL, defaulting.","commit":"7655d9c","error":"\"knativebrokerttl\" not found"}
{"level":"info","ts":"2019-12-03T21:04:43.926Z","logger":"broker_ingress","caller":"ingress/ingress_handler.go:120","msg":"Error retrieving TTL, defaulting.","commit":"7655d9c","error":"\"knativebrokerttl\" not found"}
{"level":"info","ts":"2019-12-03T21:04:43.934Z","logger":"broker_ingress","caller":"ingress/ingress_handler.go:120","msg":"Error retrieving TTL, defaulting.","commit":"7655d9c","error":"\"knativebrokerttl\" not found"}
{"level":"info","ts":"2019-12-03T21:04:43.935Z","logger":"broker_ingress","caller":"ingress/ingress_handler.go:120","msg":"Error retrieving TTL, defaulting.","commit":"7655d9c","error":"\"knativebrokerttl\" not found"}
{"level":"info","ts":"2019-12-03T21:04:43.935Z","logger":"broker_ingress","caller":"ingress/ingress_handler.go:120","msg":"Error retrieving TTL, defaulting.","commit":"7655d9c","error":"\"knativebrokerttl\" not found"}
{"level":"info","ts":"2019-12-03T21:04:43.935Z","logger":"broker_ingress","caller":"ingress/ingress_handler.go:120","msg":"Error retrieving TTL, defaulting.","commit":"7655d9c","error":"\"knativebrokerttl\" not found"}
{"level":"info","ts":"2019-12-03T21:04:43.935Z","logger":"broker_ingress","caller":"ingress/ingress_handler.go:120","msg":"Error retrieving TTL, defaulting.","commit":"7655d9c","error":"\"knativebrokerttl\" not found"}
{"level":"info","ts":"2019-12-03T21:04:43.936Z","logger":"broker_ingress","caller":"ingress/ingress_handler.go:120","msg":"Error retrieving TTL, defaulting.","commit":"7655d9c","error":"\"knativebrokerttl\" not found"}
{"level":"info","ts":"2019-12-03T21:04:43.939Z","logger":"broker_ingress","caller":"ingress/ingress_handler.go:120","msg":"Error retrieving TTL, defaulting.","commit":"7655d9c","error":"\"knativebrokerttl\" not found"}
{"level":"info","ts":"2019-12-03T21:04:43.939Z","logger":"broker_ingress","caller":"ingress/ingress_handler.go:120","msg":"Error retrieving TTL, defaulting.","commit":"7655d9c","error":"\"knativebrokerttl\" not found"}
{"level":"info","ts":"2019-12-03T21:04:43.940Z","logger":"broker_ingress","caller":"ingress/ingress_handler.go:120","msg":"Error retrieving TTL, defaulting.","commit":"7655d9c","error":"\"knativebrokerttl\" not found"}
{"level":"info","ts":"2019-12-03T21:04:43.940Z","logger":"broker_ingress","caller":"ingress/ingress_handler.go:120","msg":"Error retrieving TTL, defaulting.","commit":"7655d9c","error":"\"knativebrokerttl\" not found"}
{"level":"info","ts":"2019-12-03T21:04:43.940Z","logger":"broker_ingress","caller":"ingress/ingress_handler.go:120","msg":"Error retrieving TTL, defaulting.","commit":"7655d9c","error":"\"knativebrokerttl\" not found"}
{"level":"info","ts":"2019-12-03T21:04:43.940Z","logger":"broker_ingress","caller":"ingress/ingress_handler.go:120","msg":"Error retrieving TTL, defaulting.","commit":"7655d9c","error":"\"knativebrokerttl\" not found"}
{"level":"info","ts":"2019-12-03T21:04:43.940Z","logger":"broker_ingress","caller":"ingress/ingress_handler.go:120","msg":"Error retrieving TTL, defaulting.","commit":"7655d9c","error":"\"knativebrokerttl\" not found"}
{"level":"info","ts":"2019-12-03T21:04:43.940Z","logger":"broker_ingress","caller":"ingress/ingress_handler.go:120","msg":"Error retrieving TTL, defaulting.","commit":"7655d9c","error":"\"knativebrokerttl\" not found"}
{"level":"info","ts":"2019-12-03T21:04:43.940Z","logger":"broker_ingress","caller":"ingress/ingress_handler.go:120","msg":"Error retrieving TTL, defaulting.","commit":"7655d9c","error":"\"knativebrokerttl\" not found"}
{"level":"info","ts":"2019-12-03T21:04:43.941Z","logger":"broker_ingress","caller":"ingress/ingress_handler.go:120","msg":"Error retrieving TTL, defaulting.","commit":"7655d9c","error":"\"knativebrokerttl\" not found"}
{"level":"info","ts":"2019-12-03T21:04:43.941Z","logger":"broker_ingress","caller":"ingress/ingress_handler.go:120","msg":"Error retrieving TTL, defaulting.","commit":"7655d9c","error":"\"knativebrokerttl\" not found"}
{"level":"info","ts":"2019-12-03T21:04:43.946Z","logger":"broker_ingress","caller":"ingress/ingress_handler.go:120","msg":"Error retrieving TTL, defaulting.","commit":"7655d9c","error":"\"knativebrokerttl\" not found"}
{"level":"info","ts":"2019-12-03T21:04:43.946Z","logger":"broker_ingress","caller":"ingress/ingress_handler.go:120","msg":"Error retrieving TTL, defaulting.","commit":"7655d9c","error":"\"knativebrokerttl\" not found"}
{"level":"info","ts":"2019-12-03T21:04:43.947Z","logger":"broker_ingress","caller":"ingress/ingress_handler.go:120","msg":"Error retrieving TTL, defaulting.","commit":"7655d9c","error":"\"knativebrokerttl\" not found"}
{"level":"info","ts":"2019-12-03T21:04:43.947Z","logger":"broker_ingress","caller":"ingress/ingress_handler.go:120","msg":"Error retrieving TTL, defaulting.","commit":"7655d9c","error":"\"knativebrokerttl\" not found"}
{"level":"info","ts":"2019-12-03T21:04:43.947Z","logger":"broker_ingress","caller":"ingress/ingress_handler.go:120","msg":"Error retrieving TTL, defaulting.","commit":"7655d9c","error":"\"knativebrokerttl\" not found"}
{"level":"info","ts":"2019-12-03T21:04:43.947Z","logger":"broker_ingress","caller":"ingress/ingress_handler.go:120","msg":"Error retrieving TTL, defaulting.","commit":"7655d9c","error":"\"knativebrokerttl\" not found"}
{"level":"info","ts":"2019-12-03T21:04:43.948Z","logger":"broker_ingress","caller":"ingress/ingress_handler.go:120","msg":"Error retrieving TTL, defaulting.","commit":"7655d9c","error":"\"knativebrokerttl\" not found"}
{"level":"info","ts":"2019-12-03T21:04:43.948Z","logger":"broker_ingress","caller":"ingress/ingress_handler.go:120","msg":"Error retrieving TTL, defaulting.","commit":"7655d9c","error":"\"knativebrokerttl\" not found"}
{"level":"info","ts":"2019-12-03T21:04:43.948Z","logger":"broker_ingress","caller":"ingress/ingress_handler.go:120","msg":"Error retrieving TTL, defaulting.","commit":"7655d9c","error":"\"knativebrokerttl\" not found"}
{"level":"info","ts":"2019-12-03T21:04:43.954Z","logger":"broker_ingress","caller":"ingress/ingress_handler.go:120","msg":"Error retrieving TTL, defaulting.","commit":"7655d9c","error":"\"knativebrokerttl\" not found"}
{"level":"info","ts":"2019-12-03T21:04:43.955Z","logger":"broker_ingress","caller":"ingress/ingress_handler.go:120","msg":"Error retrieving TTL, defaulting.","commit":"7655d9c","error":"\"knativebrokerttl\" not found"}
{"level":"info","ts":"2019-12-03T21:04:43.955Z","logger":"broker_ingress","caller":"ingress/ingress_handler.go:120","msg":"Error retrieving TTL, defaulting.","commit":"7655d9c","error":"\"knativebrokerttl\" not found"}
{"level":"info","ts":"2019-12-03T21:04:43.955Z","logger":"broker_ingress","caller":"ingress/ingress_handler.go:120","msg":"Error retrieving TTL, defaulting.","commit":"7655d9c","error":"\"knativebrokerttl\" not found"}
{"level":"info","ts":"2019-12-03T21:04:43.959Z","logger":"broker_ingress","caller":"ingress/ingress_handler.go:120","msg":"Error retrieving TTL, defaulting.","commit":"7655d9c","error":"\"knativebrokerttl\" not found"}
{"level":"info","ts":"2019-12-03T21:04:43.959Z","logger":"broker_ingress","caller":"ingress/ingress_handler.go:120","msg":"Error retrieving TTL, defaulting.","commit":"7655d9c","error":"\"knativebrokerttl\" not found"}
{"level":"info","ts":"2019-12-03T21:04:43.959Z","logger":"broker_ingress","caller":"ingress/ingress_handler.go:120","msg":"Error retrieving TTL, defaulting.","commit":"7655d9c","error":"\"knativebrokerttl\" not found"}
{"level":"info","ts":"2019-12-03T21:04:43.960Z","logger":"broker_ingress","caller":"ingress/ingress_handler.go:120","msg":"Error retrieving TTL, defaulting.","commit":"7655d9c","error":"\"knativebrokerttl\" not found"}
{"level":"info","ts":"2019-12-03T21:04:43.960Z","logger":"broker_ingress","caller":"ingress/ingress_handler.go:120","msg":"Error retrieving TTL, defaulting.","commit":"7655d9c","error":"\"knativebrokerttl\" not found"}
{"level":"info","ts":"2019-12-03T21:04:43.960Z","logger":"broker_ingress","caller":"ingress/ingress_handler.go:120","msg":"Error retrieving TTL, defaulting.","commit":"7655d9c","error":"\"knativebrokerttl\" not found"}
{"level":"info","ts":"2019-12-03T21:04:43.960Z","logger":"broker_ingress","caller":"ingress/ingress_handler.go:120","msg":"Error retrieving TTL, defaulting.","commit":"7655d9c","error":"\"knativebrokerttl\" not found"}
{"level":"info","ts":"2019-12-03T21:04:43.960Z","logger":"broker_ingress","caller":"ingress/ingress_handler.go:120","msg":"Error retrieving TTL, defaulting.","commit":"7655d9c","error":"\"knativebrokerttl\" not found"}
{"level":"info","ts":"2019-12-03T21:04:43.960Z","logger":"broker_ingress","caller":"ingress/ingress_handler.go:120","msg":"Error retrieving TTL, defaulting.","commit":"7655d9c","error":"\"knativebrokerttl\" not found"}
{"level":"info","ts":"2019-12-03T21:04:43.960Z","logger":"broker_ingress","caller":"ingress/ingress_handler.go:120","msg":"Error retrieving TTL, defaulting.","commit":"7655d9c","error":"\"knativebrokerttl\" not found"}
{"level":"info","ts":"2019-12-03T21:04:43.960Z","logger":"broker_ingress","caller":"ingress/ingress_handler.go:120","msg":"Error retrieving TTL, defaulting.","commit":"7655d9c","error":"\"knativebrokerttl\" not found"}
{"level":"info","ts":"2019-12-03T21:04:43.960Z","logger":"broker_ingress","caller":"ingress/ingress_handler.go:120","msg":"Error retrieving TTL, defaulting.","commit":"7655d9c","error":"\"knativebrokerttl\" not found"}
{"level":"info","ts":"2019-12-03T21:04:43.960Z","logger":"broker_ingress","caller":"ingress/ingress_handler.go:120","msg":"Error retrieving TTL, defaulting.","commit":"7655d9c","error":"\"knativebrokerttl\" not found"}
{"level":"info","ts":"2019-12-03T21:04:43.960Z","logger":"broker_ingress","caller":"ingress/ingress_handler.go:120","msg":"Error retrieving TTL, defaulting.","commit":"7655d9c","error":"\"knativebrokerttl\" not found"}
{"level":"info","ts":"2019-12-03T21:04:43.960Z","logger":"broker_ingress","caller":"ingress/ingress_handler.go:120","msg":"Error retrieving TTL, defaulting.","commit":"7655d9c","error":"\"knativebrokerttl\" not found"}
{"level":"info","ts":"2019-12-03T21:04:43.961Z","logger":"broker_ingress","caller":"ingress/ingress_handler.go:120","msg":"Error retrieving TTL, defaulting.","commit":"7655d9c","error":"\"knativebrokerttl\" not found"}
{"level":"info","ts":"2019-12-03T21:04:43.961Z","logger":"broker_ingress","caller":"ingress/ingress_handler.go:120","msg":"Error retrieving TTL, defaulting.","commit":"7655d9c","error":"\"knativebrokerttl\" not found"}
{"level":"info","ts":"2019-12-03T21:04:43.962Z","logger":"broker_ingress","caller":"ingress/ingress_handler.go:120","msg":"Error retrieving TTL, defaulting.","commit":"7655d9c","error":"\"knativebrokerttl\" not found"}
{"level":"info","ts":"2019-12-03T21:04:43.962Z","logger":"broker_ingress","caller":"ingress/ingress_handler.go:120","msg":"Error retrieving TTL, defaulting.","commit":"7655d9c","error":"\"knativebrokerttl\" not found"}
{"level":"info","ts":"2019-12-03T21:04:43.964Z","logger":"broker_ingress","caller":"ingress/ingress_handler.go:120","msg":"Error retrieving TTL, defaulting.","commit":"7655d9c","error":"\"knativebrokerttl\" not found"}
{"level":"info","ts":"2019-12-03T21:04:43.964Z","logger":"broker_ingress","caller":"ingress/ingress_handler.go:120","msg":"Error retrieving TTL, defaulting.","commit":"7655d9c","error":"\"knativebrokerttl\" not found"}
{"level":"info","ts":"2019-12-03T21:04:43.964Z","logger":"broker_ingress","caller":"ingress/ingress_handler.go:120","msg":"Error retrieving TTL, defaulting.","commit":"7655d9c","error":"\"knativebrokerttl\" not found"}
{"level":"info","ts":"2019-12-03T21:04:43.964Z","logger":"broker_ingress","caller":"ingress/ingress_handler.go:120","msg":"Error retrieving TTL, defaulting.","commit":"7655d9c","error":"\"knativebrokerttl\" not found"}
{"level":"info","ts":"2019-12-03T21:04:43.968Z","logger":"broker_ingress","caller":"ingress/ingress_handler.go:120","msg":"Error retrieving TTL, defaulting.","commit":"7655d9c","error":"\"knativebrokerttl\" not found"}
{"level":"info","ts":"2019-12-03T21:04:43.969Z","logger":"broker_ingress","caller":"ingress/ingress_handler.go:120","msg":"Error retrieving TTL, defaulting.","commit":"7655d9c","error":"\"knativebrokerttl\" not found"}
{"level":"info","ts":"2019-12-03T21:04:43.969Z","logger":"broker_ingress","caller":"ingress/ingress_handler.go:120","msg":"Error retrieving TTL, defaulting.","commit":"7655d9c","error":"\"knativebrokerttl\" not found"}
{"level":"info","ts":"2019-12-03T21:04:43.969Z","logger":"broker_ingress","caller":"ingress/ingress_handler.go:120","msg":"Error retrieving TTL, defaulting.","commit":"7655d9c","error":"\"knativebrokerttl\" not found"}
{"level":"info","ts":"2019-12-03T21:04:43.970Z","logger":"broker_ingress","caller":"ingress/ingress_handler.go:120","msg":"Error retrieving TTL, defaulting.","commit":"7655d9c","error":"\"knativebrokerttl\" not found"}
{"level":"info","ts":"2019-12-03T21:04:43.971Z","logger":"broker_ingress","caller":"ingress/ingress_handler.go:120","msg":"Error retrieving TTL, defaulting.","commit":"7655d9c","error":"\"knativebrokerttl\" not found"}
{"level":"info","ts":"2019-12-03T21:04:43.972Z","logger":"broker_ingress","caller":"ingress/ingress_handler.go:120","msg":"Error retrieving TTL, defaulting.","commit":"7655d9c","error":"\"knativebrokerttl\" not found"}
{"level":"info","ts":"2019-12-03T21:04:43.972Z","logger":"broker_ingress","caller":"ingress/ingress_handler.go:120","msg":"Error retrieving TTL, defaulting.","commit":"7655d9c","error":"\"knativebrokerttl\" not found"}
{"level":"info","ts":"2019-12-03T21:04:43.973Z","logger":"broker_ingress","caller":"ingress/ingress_handler.go:120","msg":"Error retrieving TTL, defaulting.","commit":"7655d9c","error":"\"knativebrokerttl\" not found"}
{"level":"info","ts":"2019-12-03T21:04:43.974Z","logger":"broker_ingress","caller":"ingress/ingress_handler.go:120","msg":"Error retrieving TTL, defaulting.","commit":"7655d9c","error":"\"knativebrokerttl\" not found"}
{"level":"info","ts":"2019-12-03T21:04:43.974Z","logger":"broker_ingress","caller":"ingress/ingress_handler.go:120","msg":"Error retrieving TTL, defaulting.","commit":"7655d9c","error":"\"knativebrokerttl\" not found"}
{"level":"info","ts":"2019-12-03T21:04:43.976Z","logger":"broker_ingress","caller":"ingress/ingress_handler.go:120","msg":"Error retrieving TTL, defaulting.","commit":"7655d9c","error":"\"knativebrokerttl\" not found"}
{"level":"info","ts":"2019-12-03T21:04:43.976Z","logger":"broker_ingress","caller":"ingress/ingress_handler.go:120","msg":"Error retrieving TTL, defaulting.","commit":"7655d9c","error":"\"knativebrokerttl\" not found"}
{"level":"info","ts":"2019-12-03T21:04:43.986Z","logger":"broker_ingress","caller":"ingress/ingress_handler.go:120","msg":"Error retrieving TTL, defaulting.","commit":"7655d9c","error":"\"knativebrokerttl\" not found"}
{"level":"info","ts":"2019-12-03T21:04:43.986Z","logger":"broker_ingress","caller":"ingress/ingress_handler.go:120","msg":"Error retrieving TTL, defaulting.","commit":"7655d9c","error":"\"knativebrokerttl\" not found"}
{"level":"info","ts":"2019-12-03T21:04:43.987Z","logger":"broker_ingress","caller":"ingress/ingress_handler.go:120","msg":"Error retrieving TTL, defaulting.","commit":"7655d9c","error":"\"knativebrokerttl\" not found"}
{"level":"info","ts":"2019-12-03T21:04:43.987Z","logger":"broker_ingress","caller":"ingress/ingress_handler.go:120","msg":"Error retrieving TTL, defaulting.","commit":"7655d9c","error":"\"knativebrokerttl\" not found"}
{"level":"info","ts":"2019-12-03T21:04:43.988Z","logger":"broker_ingress","caller":"ingress/ingress_handler.go:120","msg":"Error retrieving TTL, defaulting.","commit":"7655d9c","error":"\"knativebrokerttl\" not found"}
{"level":"info","ts":"2019-12-03T21:04:43.988Z","logger":"broker_ingress","caller":"ingress/ingress_handler.go:120","msg":"Error retrieving TTL, defaulting.","commit":"7655d9c","error":"\"knativebrokerttl\" not found"}
{"level":"info","ts":"2019-12-03T21:04:43.988Z","logger":"broker_ingress","caller":"ingress/ingress_handler.go:120","msg":"Error retrieving TTL, defaulting.","commit":"7655d9c","error":"\"knativebrokerttl\" not found"}
{"level":"info","ts":"2019-12-03T21:04:43.988Z","logger":"broker_ingress","caller":"ingress/ingress_handler.go:120","msg":"Error retrieving TTL, defaulting.","commit":"7655d9c","error":"\"knativebrokerttl\" not found"}
{"level":"info","ts":"2019-12-03T21:04:43.989Z","logger":"broker_ingress","caller":"ingress/ingress_handler.go:120","msg":"Error retrieving TTL, defaulting.","commit":"7655d9c","error":"\"knativebrokerttl\" not found"}
{"level":"info","ts":"2019-12-03T21:04:43.989Z","logger":"broker_ingress","caller":"ingress/ingress_handler.go:120","msg":"Error retrieving TTL, defaulting.","commit":"7655d9c","error":"\"knativebrokerttl\" not found"}
{"level":"info","ts":"2019-12-03T21:04:43.990Z","logger":"broker_ingress","caller":"ingress/ingress_handler.go:120","msg":"Error retrieving TTL, defaulting.","commit":"7655d9c","error":"\"knativebrokerttl\" not found"}
{"level":"info","ts":"2019-12-03T21:04:43.990Z","logger":"broker_ingress","caller":"ingress/ingress_handler.go:120","msg":"Error retrieving TTL, defaulting.","commit":"7655d9c","error":"\"knativebrokerttl\" not found"}
{"level":"info","ts":"2019-12-03T21:04:43.990Z","logger":"broker_ingress","caller":"ingress/ingress_handler.go:120","msg":"Error retrieving TTL, defaulting.","commit":"7655d9c","error":"\"knativebrokerttl\" not found"}
{"level":"info","ts":"2019-12-03T21:04:43.990Z","logger":"broker_ingress","caller":"ingress/ingress_handler.go:120","msg":"Error retrieving TTL, defaulting.","commit":"7655d9c","error":"\"knativebrokerttl\" not found"}
{"level":"info","ts":"2019-12-03T21:04:43.999Z","logger":"broker_ingress","caller":"ingress/ingress_handler.go:120","msg":"Error retrieving TTL, defaulting.","commit":"7655d9c","error":"\"knativebrokerttl\" not found"}
{"level":"info","ts":"2019-12-03T21:04:43.999Z","logger":"broker_ingress","caller":"ingress/ingress_handler.go:120","msg":"Error retrieving TTL, defaulting.","commit":"7655d9c","error":"\"knativebrokerttl\" not found"}
{"level":"info","ts":"2019-12-03T21:04:43.999Z","logger":"broker_ingress","caller":"ingress/ingress_handler.go:120","msg":"Error retrieving TTL, defaulting.","commit":"7655d9c","error":"\"knativebrokerttl\" not found"}
{"level":"info","ts":"2019-12-03T21:04:43.999Z","logger":"broker_ingress","caller":"ingress/ingress_handler.go:120","msg":"Error retrieving TTL, defaulting.","commit":"7655d9c","error":"\"knativebrokerttl\" not found"}
{"level":"info","ts":"2019-12-03T21:04:44.000Z","logger":"broker_ingress","caller":"ingress/ingress_handler.go:120","msg":"Error retrieving TTL, defaulting.","commit":"7655d9c","error":"\"knativebrokerttl\" not found"}
{"level":"info","ts":"2019-12-03T21:04:44.000Z","logger":"broker_ingress","caller":"ingress/ingress_handler.go:120","msg":"Error retrieving TTL, defaulting.","commit":"7655d9c","error":"\"knativebrokerttl\" not found"}
{"level":"info","ts":"2019-12-03T21:04:44.000Z","logger":"broker_ingress","caller":"ingress/ingress_handler.go:120","msg":"Error retrieving TTL, defaulting.","commit":"7655d9c","error":"\"knativebrokerttl\" not found"}
{"level":"info","ts":"2019-12-03T21:04:44.000Z","logger":"broker_ingress","caller":"ingress/ingress_handler.go:120","msg":"Error retrieving TTL, defaulting.","commit":"7655d9c","error":"\"knativebrokerttl\" not found"}
{"level":"info","ts":"2019-12-03T21:04:44.000Z","logger":"broker_ingress","caller":"ingress/ingress_handler.go:120","msg":"Error retrieving TTL, defaulting.","commit":"7655d9c","error":"\"knativebrokerttl\" not found"}
{"level":"info","ts":"2019-12-03T21:04:44.000Z","logger":"broker_ingress","caller":"ingress/ingress_handler.go:120","msg":"Error retrieving TTL, defaulting.","commit":"7655d9c","error":"\"knativebrokerttl\" not found"}
{"level":"info","ts":"2019-12-03T21:04:44.010Z","logger":"broker_ingress","caller":"ingress/ingress_handler.go:120","msg":"Error retrieving TTL, defaulting.","commit":"7655d9c","error":"\"knativebrokerttl\" not found"}
{"level":"info","ts":"2019-12-03T21:04:44.010Z","logger":"broker_ingress","caller":"ingress/ingress_handler.go:120","msg":"Error retrieving TTL, defaulting.","commit":"7655d9c","error":"\"knativebrokerttl\" not found"}
{"level":"info","ts":"2019-12-03T21:04:44.010Z","logger":"broker_ingress","caller":"ingress/ingress_handler.go:120","msg":"Error retrieving TTL, defaulting.","commit":"7655d9c","error":"\"knativebrokerttl\" not found"}
{"level":"info","ts":"2019-12-03T21:04:44.010Z","logger":"broker_ingress","caller":"ingress/ingress_handler.go:120","msg":"Error retrieving TTL, defaulting.","commit":"7655d9c","error":"\"knativebrokerttl\" not found"}
{"level":"info","ts":"2019-12-03T21:04:44.011Z","logger":"broker_ingress","caller":"ingress/ingress_handler.go:120","msg":"Error retrieving TTL, defaulting.","commit":"7655d9c","error":"\"knativebrokerttl\" not found"}
{"level":"info","ts":"2019-12-03T21:04:44.011Z","logger":"broker_ingress","caller":"ingress/ingress_handler.go:120","msg":"Error retrieving TTL, defaulting.","commit":"7655d9c","error":"\"knativebrokerttl\" not found"}
{"level":"info","ts":"2019-12-03T21:04:44.011Z","logger":"broker_ingress","caller":"ingress/ingress_handler.go:120","msg":"Error retrieving TTL, defaulting.","commit":"7655d9c","error":"\"knativebrokerttl\" not found"}
{"level":"info","ts":"2019-12-03T21:04:44.011Z","logger":"broker_ingress","caller":"ingress/ingress_handler.go:120","msg":"Error retrieving TTL, defaulting.","commit":"7655d9c","error":"\"knativebrokerttl\" not found"}
{"level":"info","ts":"2019-12-03T21:04:44.011Z","logger":"broker_ingress","caller":"ingress/ingress_handler.go:120","msg":"Error retrieving TTL, defaulting.","commit":"7655d9c","error":"\"knativebrokerttl\" not found"}
{"level":"info","ts":"2019-12-03T21:04:44.011Z","logger":"broker_ingress","caller":"ingress/ingress_handler.go:120","msg":"Error retrieving TTL, defaulting.","commit":"7655d9c","error":"\"knativebrokerttl\" not found"}
{"level":"info","ts":"2019-12-03T21:04:44.011Z","logger":"broker_ingress","caller":"ingress/ingress_handler.go:120","msg":"Error retrieving TTL, defaulting.","commit":"7655d9c","error":"\"knativebrokerttl\" not found"}
{"level":"info","ts":"2019-12-03T21:04:44.012Z","logger":"broker_ingress","caller":"ingress/ingress_handler.go:120","msg":"Error retrieving TTL, defaulting.","commit":"7655d9c","error":"\"knativebrokerttl\" not found"}
{"level":"info","ts":"2019-12-03T21:04:44.012Z","logger":"broker_ingress","caller":"ingress/ingress_handler.go:120","msg":"Error retrieving TTL, defaulting.","commit":"7655d9c","error":"\"knativebrokerttl\" not found"}
{"level":"info","ts":"2019-12-03T21:04:44.012Z","logger":"broker_ingress","caller":"ingress/ingress_handler.go:120","msg":"Error retrieving TTL, defaulting.","commit":"7655d9c","error":"\"knativebrokerttl\" not found"}
{"level":"info","ts":"2019-12-03T21:04:44.013Z","logger":"broker_ingress","caller":"ingress/ingress_handler.go:120","msg":"Error retrieving TTL, defaulting.","commit":"7655d9c","error":"\"knativebrokerttl\" not found"}
{"level":"info","ts":"2019-12-03T21:04:44.013Z","logger":"broker_ingress","caller":"ingress/ingress_handler.go:120","msg":"Error retrieving TTL, defaulting.","commit":"7655d9c","error":"\"knativebrokerttl\" not found"}
{"level":"info","ts":"2019-12-03T21:04:44.014Z","logger":"broker_ingress","caller":"ingress/ingress_handler.go:120","msg":"Error retrieving TTL, defaulting.","commit":"7655d9c","error":"\"knativebrokerttl\" not found"}
{"level":"info","ts":"2019-12-03T21:04:44.015Z","logger":"broker_ingress","caller":"ingress/ingress_handler.go:120","msg":"Error retrieving TTL, defaulting.","commit":"7655d9c","error":"\"knativebrokerttl\" not found"}
{"level":"info","ts":"2019-12-03T21:04:44.015Z","logger":"broker_ingress","caller":"ingress/ingress_handler.go:120","msg":"Error retrieving TTL, defaulting.","commit":"7655d9c","error":"\"knativebrokerttl\" not found"}
{"level":"info","ts":"2019-12-03T21:04:44.016Z","logger":"broker_ingress","caller":"ingress/ingress_handler.go:120","msg":"Error retrieving TTL, defaulting.","commit":"7655d9c","error":"\"knativebrokerttl\" not found"}
{"level":"info","ts":"2019-12-03T21:04:44.021Z","logger":"broker_ingress","caller":"ingress/ingress_handler.go:120","msg":"Error retrieving TTL, defaulting.","commit":"7655d9c","error":"\"knativebrokerttl\" not found"}
{"level":"info","ts":"2019-12-03T21:04:44.021Z","logger":"broker_ingress","caller":"ingress/ingress_handler.go:120","msg":"Error retrieving TTL, defaulting.","commit":"7655d9c","error":"\"knativebrokerttl\" not found"}
{"level":"info","ts":"2019-12-03T21:04:44.021Z","logger":"broker_ingress","caller":"ingress/ingress_handler.go:120","msg":"Error retrieving TTL, defaulting.","commit":"7655d9c","error":"\"knativebrokerttl\" not found"}
{"level":"info","ts":"2019-12-03T21:04:44.021Z","logger":"broker_ingress","caller":"ingress/ingress_handler.go:120","msg":"Error retrieving TTL, defaulting.","commit":"7655d9c","error":"\"knativebrokerttl\" not found"}
{"level":"info","ts":"2019-12-03T21:04:44.021Z","logger":"broker_ingress","caller":"ingress/ingress_handler.go:120","msg":"Error retrieving TTL, defaulting.","commit":"7655d9c","error":"\"knativebrokerttl\" not found"}
{"level":"info","ts":"2019-12-03T21:04:44.024Z","logger":"broker_ingress","caller":"ingress/ingress_handler.go:120","msg":"Error retrieving TTL, defaulting.","commit":"7655d9c","error":"\"knativebrokerttl\" not found"}
{"level":"info","ts":"2019-12-03T21:04:44.024Z","logger":"broker_ingress","caller":"ingress/ingress_handler.go:120","msg":"Error retrieving TTL, defaulting.","commit":"7655d9c","error":"\"knativebrokerttl\" not found"}
{"level":"info","ts":"2019-12-03T21:04:44.028Z","logger":"broker_ingress","caller":"ingress/ingress_handler.go:120","msg":"Error retrieving TTL, defaulting.","commit":"7655d9c","error":"\"knativebrokerttl\" not found"}
{"level":"info","ts":"2019-12-03T21:04:44.029Z","logger":"broker_ingress","caller":"ingress/ingress_handler.go:120","msg":"Error retrieving TTL, defaulting.","commit":"7655d9c","error":"\"knativebrokerttl\" not found"}
{"level":"info","ts":"2019-12-03T21:04:44.029Z","logger":"broker_ingress","caller":"ingress/ingress_handler.go:120","msg":"Error retrieving TTL, defaulting.","commit":"7655d9c","error":"\"knativebrokerttl\" not found"}
{"level":"info","ts":"2019-12-03T21:04:44.029Z","logger":"broker_ingress","caller":"ingress/ingress_handler.go:120","msg":"Error retrieving TTL, defaulting.","commit":"7655d9c","error":"\"knativebrokerttl\" not found"}
{"level":"info","ts":"2019-12-03T21:04:44.030Z","logger":"broker_ingress","caller":"ingress/ingress_handler.go:120","msg":"Error retrieving TTL, defaulting.","commit":"7655d9c","error":"\"knativebrokerttl\" not found"}
{"level":"info","ts":"2019-12-03T21:04:44.030Z","logger":"broker_ingress","caller":"ingress/ingress_handler.go:120","msg":"Error retrieving TTL, defaulting.","commit":"7655d9c","error":"\"knativebrokerttl\" not found"}
{"level":"info","ts":"2019-12-03T21:04:44.030Z","logger":"broker_ingress","caller":"ingress/ingress_handler.go:120","msg":"Error retrieving TTL, defaulting.","commit":"7655d9c","error":"\"knativebrokerttl\" not found"}
{"level":"info","ts":"2019-12-03T21:04:44.031Z","logger":"broker_ingress","caller":"ingress/ingress_handler.go:120","msg":"Error retrieving TTL, defaulting.","commit":"7655d9c","error":"\"knativebrokerttl\" not found"}
{"level":"info","ts":"2019-12-03T21:04:44.032Z","logger":"broker_ingress","caller":"ingress/ingress_handler.go:120","msg":"Error retrieving TTL, defaulting.","commit":"7655d9c","error":"\"knativebrokerttl\" not found"}
{"level":"info","ts":"2019-12-03T21:04:44.033Z","logger":"broker_ingress","caller":"ingress/ingress_handler.go:120","msg":"Error retrieving TTL, defaulting.","commit":"7655d9c","error":"\"knativebrokerttl\" not found"}
{"level":"info","ts":"2019-12-03T21:04:44.033Z","logger":"broker_ingress","caller":"ingress/ingress_handler.go:120","msg":"Error retrieving TTL, defaulting.","commit":"7655d9c","error":"\"knativebrokerttl\" not found"}
{"level":"info","ts":"2019-12-03T21:04:44.037Z","logger":"broker_ingress","caller":"ingress/ingress_handler.go:120","msg":"Error retrieving TTL, defaulting.","commit":"7655d9c","error":"\"knativebrokerttl\" not found"}
{"level":"info","ts":"2019-12-03T21:04:44.038Z","logger":"broker_ingress","caller":"ingress/ingress_handler.go:120","msg":"Error retrieving TTL, defaulting.","commit":"7655d9c","error":"\"knativebrokerttl\" not found"}
{"level":"info","ts":"2019-12-03T21:04:44.038Z","logger":"broker_ingress","caller":"ingress/ingress_handler.go:120","msg":"Error retrieving TTL, defaulting.","commit":"7655d9c","error":"\"knativebrokerttl\" not found"}
{"level":"info","ts":"2019-12-03T21:04:44.038Z","logger":"broker_ingress","caller":"ingress/ingress_handler.go:120","msg":"Error retrieving TTL, defaulting.","commit":"7655d9c","error":"\"knativebrokerttl\" not found"}
{"level":"info","ts":"2019-12-03T21:04:44.040Z","logger":"broker_ingress","caller":"ingress/ingress_handler.go:120","msg":"Error retrieving TTL, defaulting.","commit":"7655d9c","error":"\"knativebrokerttl\" not found"}
{"level":"info","ts":"2019-12-03T21:04:44.040Z","logger":"broker_ingress","caller":"ingress/ingress_handler.go:120","msg":"Error retrieving TTL, defaulting.","commit":"7655d9c","error":"\"knativebrokerttl\" not found"}
{"level":"info","ts":"2019-12-03T21:04:44.040Z","logger":"broker_ingress","caller":"ingress/ingress_handler.go:120","msg":"Error retrieving TTL, defaulting.","commit":"7655d9c","error":"\"knativebrokerttl\" not found"}
{"level":"info","ts":"2019-12-03T21:04:44.040Z","logger":"broker_ingress","caller":"ingress/ingress_handler.go:120","msg":"Error retrieving TTL, defaulting.","commit":"7655d9c","error":"\"knativebrokerttl\" not found"}
{"level":"info","ts":"2019-12-03T21:04:44.041Z","logger":"broker_ingress","caller":"ingress/ingress_handler.go:120","msg":"Error retrieving TTL, defaulting.","commit":"7655d9c","error":"\"knativebrokerttl\" not found"}
{"level":"info","ts":"2019-12-03T21:04:44.042Z","logger":"broker_ingress","caller":"ingress/ingress_handler.go:120","msg":"Error retrieving TTL, defaulting.","commit":"7655d9c","error":"\"knativebrokerttl\" not found"}
{"level":"info","ts":"2019-12-03T21:04:44.042Z","logger":"broker_ingress","caller":"ingress/ingress_handler.go:120","msg":"Error retrieving TTL, defaulting.","commit":"7655d9c","error":"\"knativebrokerttl\" not found"}
{"level":"info","ts":"2019-12-03T21:04:44.043Z","logger":"broker_ingress","caller":"ingress/ingress_handler.go:120","msg":"Error retrieving TTL, defaulting.","commit":"7655d9c","error":"\"knativebrokerttl\" not found"}
{"level":"info","ts":"2019-12-03T21:04:44.046Z","logger":"broker_ingress","caller":"ingress/ingress_handler.go:120","msg":"Error retrieving TTL, defaulting.","commit":"7655d9c","error":"\"knativebrokerttl\" not found"}
{"level":"info","ts":"2019-12-03T21:04:44.050Z","logger":"broker_ingress","caller":"ingress/ingress_handler.go:120","msg":"Error retrieving TTL, defaulting.","commit":"7655d9c","error":"\"knativebrokerttl\" not found"}
{"level":"info","ts":"2019-12-03T21:04:44.049Z","logger":"broker_ingress","caller":"ingress/ingress_handler.go:120","msg":"Error retrieving TTL, defaulting.","commit":"7655d9c","error":"\"knativebrokerttl\" not found"}
{"level":"info","ts":"2019-12-03T21:04:44.051Z","logger":"broker_ingress","caller":"ingress/ingress_handler.go:120","msg":"Error retrieving TTL, defaulting.","commit":"7655d9c","error":"\"knativebrokerttl\" not found"}
{"level":"info","ts":"2019-12-03T21:04:44.051Z","logger":"broker_ingress","caller":"ingress/ingress_handler.go:120","msg":"Error retrieving TTL, defaulting.","commit":"7655d9c","error":"\"knativebrokerttl\" not found"}
{"level":"info","ts":"2019-12-03T21:04:44.052Z","logger":"broker_ingress","caller":"ingress/ingress_handler.go:120","msg":"Error retrieving TTL, defaulting.","commit":"7655d9c","error":"\"knativebrokerttl\" not found"}
{"level":"info","ts":"2019-12-03T21:04:44.052Z","logger":"broker_ingress","caller":"ingress/ingress_handler.go:120","msg":"Error retrieving TTL, defaulting.","commit":"7655d9c","error":"\"knativebrokerttl\" not found"}
{"level":"info","ts":"2019-12-03T21:04:44.053Z","logger":"broker_ingress","caller":"ingress/ingress_handler.go:120","msg":"Error retrieving TTL, defaulting.","commit":"7655d9c","error":"\"knativebrokerttl\" not found"}
{"level":"info","ts":"2019-12-03T21:04:44.053Z","logger":"broker_ingress","caller":"ingress/ingress_handler.go:120","msg":"Error retrieving TTL, defaulting.","commit":"7655d9c","error":"\"knativebrokerttl\" not found"}
{"level":"info","ts":"2019-12-03T21:04:44.054Z","logger":"broker_ingress","caller":"ingress/ingress_handler.go:120","msg":"Error retrieving TTL, defaulting.","commit":"7655d9c","error":"\"knativebrokerttl\" not found"}
{"level":"info","ts":"2019-12-03T21:04:44.054Z","logger":"broker_ingress","caller":"ingress/ingress_handler.go:120","msg":"Error retrieving TTL, defaulting.","commit":"7655d9c","error":"\"knativebrokerttl\" not found"}
{"level":"info","ts":"2019-12-03T21:04:44.056Z","logger":"broker_ingress","caller":"ingress/ingress_handler.go:120","msg":"Error retrieving TTL, defaulting.","commit":"7655d9c","error":"\"knativebrokerttl\" not found"}
{"level":"info","ts":"2019-12-03T21:04:44.057Z","logger":"broker_ingress","caller":"ingress/ingress_handler.go:120","msg":"Error retrieving TTL, defaulting.","commit":"7655d9c","error":"\"knativebrokerttl\" not found"}
{"level":"info","ts":"2019-12-03T21:04:44.058Z","logger":"broker_ingress","caller":"ingress/ingress_handler.go:120","msg":"Error retrieving TTL, defaulting.","commit":"7655d9c","error":"\"knativebrokerttl\" not found"}
{"level":"info","ts":"2019-12-03T21:04:44.050Z","logger":"broker_ingress","caller":"ingress/ingress_handler.go:120","msg":"Error retrieving TTL, defaulting.","commit":"7655d9c","error":"\"knativebrokerttl\" not found"}
{"level":"info","ts":"2019-12-03T21:04:44.059Z","logger":"broker_ingress","caller":"ingress/ingress_handler.go:120","msg":"Error retrieving TTL, defaulting.","commit":"7655d9c","error":"\"knativebrokerttl\" not found"}
{"level":"info","ts":"2019-12-03T21:04:44.062Z","logger":"broker_ingress","caller":"ingress/ingress_handler.go:120","msg":"Error retrieving TTL, defaulting.","commit":"7655d9c","error":"\"knativebrokerttl\" not found"}
{"level":"info","ts":"2019-12-03T21:04:44.062Z","logger":"broker_ingress","caller":"ingress/ingress_handler.go:120","msg":"Error retrieving TTL, defaulting.","commit":"7655d9c","error":"\"knativebrokerttl\" not found"}
{"level":"info","ts":"2019-12-03T21:04:44.063Z","logger":"broker_ingress","caller":"ingress/ingress_handler.go:120","msg":"Error retrieving TTL, defaulting.","commit":"7655d9c","error":"\"knativebrokerttl\" not found"}
{"level":"info","ts":"2019-12-03T21:04:44.062Z","logger":"broker_ingress","caller":"ingress/ingress_handler.go:120","msg":"Error retrieving TTL, defaulting.","commit":"7655d9c","error":"\"knativebrokerttl\" not found"}
{"level":"info","ts":"2019-12-03T21:04:44.064Z","logger":"broker_ingress","caller":"ingress/ingress_handler.go:120","msg":"Error retrieving TTL, defaulting.","commit":"7655d9c","error":"\"knativebrokerttl\" not found"}
{"level":"info","ts":"2019-12-03T21:04:44.065Z","logger":"broker_ingress","caller":"ingress/ingress_handler.go:120","msg":"Error retrieving TTL, defaulting.","commit":"7655d9c","error":"\"knativebrokerttl\" not found"}
{"level":"info","ts":"2019-12-03T21:04:44.065Z","logger":"broker_ingress","caller":"ingress/ingress_handler.go:120","msg":"Error retrieving TTL, defaulting.","commit":"7655d9c","error":"\"knativebrokerttl\" not found"}
{"level":"info","ts":"2019-12-03T21:04:44.066Z","logger":"broker_ingress","caller":"ingress/ingress_handler.go:120","msg":"Error retrieving TTL, defaulting.","commit":"7655d9c","error":"\"knativebrokerttl\" not found"}
{"level":"info","ts":"2019-12-03T21:04:44.067Z","logger":"broker_ingress","caller":"ingress/ingress_handler.go:120","msg":"Error retrieving TTL, defaulting.","commit":"7655d9c","error":"\"knativebrokerttl\" not found"}
{"level":"info","ts":"2019-12-03T21:04:44.068Z","logger":"broker_ingress","caller":"ingress/ingress_handler.go:120","msg":"Error retrieving TTL, defaulting.","commit":"7655d9c","error":"\"knativebrokerttl\" not found"}
{"level":"info","ts":"2019-12-03T21:04:44.072Z","logger":"broker_ingress","caller":"ingress/ingress_handler.go:120","msg":"Error retrieving TTL, defaulting.","commit":"7655d9c","error":"\"knativebrokerttl\" not found"}
{"level":"info","ts":"2019-12-03T21:04:44.072Z","logger":"broker_ingress","caller":"ingress/ingress_handler.go:120","msg":"Error retrieving TTL, defaulting.","commit":"7655d9c","error":"\"knativebrokerttl\" not found"}
{"level":"info","ts":"2019-12-03T21:04:44.076Z","logger":"broker_ingress","caller":"ingress/ingress_handler.go:120","msg":"Error retrieving TTL, defaulting.","commit":"7655d9c","error":"\"knativebrokerttl\" not found"}
{"level":"info","ts":"2019-12-03T21:04:44.076Z","logger":"broker_ingress","caller":"ingress/ingress_handler.go:120","msg":"Error retrieving TTL, defaulting.","commit":"7655d9c","error":"\"knativebrokerttl\" not found"}
{"level":"info","ts":"2019-12-03T21:04:44.077Z","logger":"broker_ingress","caller":"ingress/ingress_handler.go:120","msg":"Error retrieving TTL, defaulting.","commit":"7655d9c","error":"\"knativebrokerttl\" not found"}
{"level":"info","ts":"2019-12-03T21:04:44.080Z","logger":"broker_ingress","caller":"ingress/ingress_handler.go:120","msg":"Error retrieving TTL, defaulting.","commit":"7655d9c","error":"\"knativebrokerttl\" not found"}
{"level":"info","ts":"2019-12-03T21:04:44.082Z","logger":"broker_ingress","caller":"ingress/ingress_handler.go:120","msg":"Error retrieving TTL, defaulting.","commit":"7655d9c","error":"\"knativebrokerttl\" not found"}
{"level":"info","ts":"2019-12-03T21:04:44.086Z","logger":"broker_ingress","caller":"ingress/ingress_handler.go:120","msg":"Error retrieving TTL, defaulting.","commit":"7655d9c","error":"\"knativebrokerttl\" not found"}
{"level":"info","ts":"2019-12-03T21:04:44.089Z","logger":"broker_ingress","caller":"ingress/ingress_handler.go:120","msg":"Error retrieving TTL, defaulting.","commit":"7655d9c","error":"\"knativebrokerttl\" not found"}
{"level":"info","ts":"2019-12-03T21:04:44.089Z","logger":"broker_ingress","caller":"ingress/ingress_handler.go:120","msg":"Error retrieving TTL, defaulting.","commit":"7655d9c","error":"\"knativebrokerttl\" not found"}
{"level":"info","ts":"2019-12-03T21:04:44.093Z","logger":"broker_ingress","caller":"ingress/ingress_handler.go:120","msg":"Error retrieving TTL, defaulting.","commit":"7655d9c","error":"\"knativebrokerttl\" not found"}
{"level":"info","ts":"2019-12-03T21:04:44.093Z","logger":"broker_ingress","caller":"ingress/ingress_handler.go:120","msg":"Error retrieving TTL, defaulting.","commit":"7655d9c","error":"\"knativebrokerttl\" not found"}
{"level":"info","ts":"2019-12-03T21:04:44.094Z","logger":"broker_ingress","caller":"ingress/ingress_handler.go:120","msg":"Error retrieving TTL, defaulting.","commit":"7655d9c","error":"\"knativebrokerttl\" not found"}
{"level":"info","ts":"2019-12-03T21:04:44.095Z","logger":"broker_ingress","caller":"ingress/ingress_handler.go:120","msg":"Error retrieving TTL, defaulting.","commit":"7655d9c","error":"\"knativebrokerttl\" not found"}
{"level":"info","ts":"2019-12-03T21:04:44.098Z","logger":"broker_ingress","caller":"ingress/ingress_handler.go:120","msg":"Error retrieving TTL, defaulting.","commit":"7655d9c","error":"\"knativebrokerttl\" not found"}
{"level":"info","ts":"2019-12-03T21:04:44.102Z","logger":"broker_ingress","caller":"ingress/ingress_handler.go:120","msg":"Error retrieving TTL, defaulting.","commit":"7655d9c","error":"\"knativebrokerttl\" not found"}
{"level":"info","ts":"2019-12-03T21:04:44.102Z","logger":"broker_ingress","caller":"ingress/ingress_handler.go:120","msg":"Error retrieving TTL, defaulting.","commit":"7655d9c","error":"\"knativebrokerttl\" not found"}
{"level":"info","ts":"2019-12-03T21:04:44.103Z","logger":"broker_ingress","caller":"ingress/ingress_handler.go:120","msg":"Error retrieving TTL, defaulting.","commit":"7655d9c","error":"\"knativebrokerttl\" not found"}
{"level":"info","ts":"2019-12-03T21:04:44.103Z","logger":"broker_ingress","caller":"ingress/ingress_handler.go:120","msg":"Error retrieving TTL, defaulting.","commit":"7655d9c","error":"\"knativebrokerttl\" not found"}
{"level":"info","ts":"2019-12-03T21:04:44.111Z","logger":"broker_ingress","caller":"ingress/ingress_handler.go:120","msg":"Error retrieving TTL, defaulting.","commit":"7655d9c","error":"\"knativebrokerttl\" not found"}
{"level":"info","ts":"2019-12-03T21:04:44.112Z","logger":"broker_ingress","caller":"ingress/ingress_handler.go:120","msg":"Error retrieving TTL, defaulting.","commit":"7655d9c","error":"\"knativebrokerttl\" not found"}
{"level":"info","ts":"2019-12-03T21:04:44.113Z","logger":"broker_ingress","caller":"ingress/ingress_handler.go:120","msg":"Error retrieving TTL, defaulting.","commit":"7655d9c","error":"\"knativebrokerttl\" not found"}
{"level":"info","ts":"2019-12-03T21:04:44.113Z","logger":"broker_ingress","caller":"ingress/ingress_handler.go:120","msg":"Error retrieving TTL, defaulting.","commit":"7655d9c","error":"\"knativebrokerttl\" not found"}
{"level":"info","ts":"2019-12-03T21:04:44.114Z","logger":"broker_ingress","caller":"ingress/ingress_handler.go:120","msg":"Error retrieving TTL, defaulting.","commit":"7655d9c","error":"\"knativebrokerttl\" not found"}
{"level":"info","ts":"2019-12-03T21:04:44.115Z","logger":"broker_ingress","caller":"ingress/ingress_handler.go:120","msg":"Error retrieving TTL, defaulting.","commit":"7655d9c","error":"\"knativebrokerttl\" not found"}
{"level":"info","ts":"2019-12-03T21:04:44.116Z","logger":"broker_ingress","caller":"ingress/ingress_handler.go:120","msg":"Error retrieving TTL, defaulting.","commit":"7655d9c","error":"\"knativebrokerttl\" not found"}
{"level":"info","ts":"2019-12-03T21:04:44.119Z","logger":"broker_ingress","caller":"ingress/ingress_handler.go:120","msg":"Error retrieving TTL, defaulting.","commit":"7655d9c","error":"\"knativebrokerttl\" not found"}
{"level":"info","ts":"2019-12-03T21:04:44.119Z","logger":"broker_ingress","caller":"ingress/ingress_handler.go:120","msg":"Error retrieving TTL, defaulting.","commit":"7655d9c","error":"\"knativebrokerttl\" not found"}
{"level":"info","ts":"2019-12-03T21:04:44.120Z","logger":"broker_ingress","caller":"ingress/ingress_handler.go:120","msg":"Error retrieving TTL, defaulting.","commit":"7655d9c","error":"\"knativebrokerttl\" not found"}
{"level":"info","ts":"2019-12-03T21:04:44.120Z","logger":"broker_ingress","caller":"ingress/ingress_handler.go:120","msg":"Error retrieving TTL, defaulting.","commit":"7655d9c","error":"\"knativebrokerttl\" not found"}
{"level":"info","ts":"2019-12-03T21:04:44.124Z","logger":"broker_ingress","caller":"ingress/ingress_handler.go:120","msg":"Error retrieving TTL, defaulting.","commit":"7655d9c","error":"\"knativebrokerttl\" not found"}
{"level":"info","ts":"2019-12-03T21:04:44.124Z","logger":"broker_ingress","caller":"ingress/ingress_handler.go:120","msg":"Error retrieving TTL, defaulting.","commit":"7655d9c","error":"\"knativebrokerttl\" not found"}
{"level":"info","ts":"2019-12-03T21:04:44.128Z","logger":"broker_ingress","caller":"ingress/ingress_handler.go:120","msg":"Error retrieving TTL, defaulting.","commit":"7655d9c","error":"\"knativebrokerttl\" not found"}
{"level":"info","ts":"2019-12-03T21:04:44.129Z","logger":"broker_ingress","caller":"ingress/ingress_handler.go:120","msg":"Error retrieving TTL, defaulting.","commit":"7655d9c","error":"\"knativebrokerttl\" not found"}
{"level":"info","ts":"2019-12-03T21:04:44.129Z","logger":"broker_ingress","caller":"ingress/ingress_handler.go:120","msg":"Error retrieving TTL, defaulting.","commit":"7655d9c","error":"\"knativebrokerttl\" not found"}
{"level":"info","ts":"2019-12-03T21:04:44.130Z","logger":"broker_ingress","caller":"ingress/ingress_handler.go:120","msg":"Error retrieving TTL, defaulting.","commit":"7655d9c","error":"\"knativebrokerttl\" not found"}
{"level":"info","ts":"2019-12-03T21:04:44.131Z","logger":"broker_ingress","caller":"ingress/ingress_handler.go:120","msg":"Error retrieving TTL, defaulting.","commit":"7655d9c","error":"\"knativebrokerttl\" not found"}
{"level":"info","ts":"2019-12-03T21:04:44.132Z","logger":"broker_ingress","caller":"ingress/ingress_handler.go:120","msg":"Error retrieving TTL, defaulting.","commit":"7655d9c","error":"\"knativebrokerttl\" not found"}
{"level":"info","ts":"2019-12-03T21:04:44.130Z","logger":"broker_ingress","caller":"ingress/ingress_handler.go:120","msg":"Error retrieving TTL, defaulting.","commit":"7655d9c","error":"\"knativebrokerttl\" not found"}
{"level":"info","ts":"2019-12-03T21:04:44.131Z","logger":"broker_ingress","caller":"ingress/ingress_handler.go:120","msg":"Error retrieving TTL, defaulting.","commit":"7655d9c","error":"\"knativebrokerttl\" not found"}
{"level":"info","ts":"2019-12-03T21:04:44.132Z","logger":"broker_ingress","caller":"ingress/ingress_handler.go:120","msg":"Error retrieving TTL, defaulting.","commit":"7655d9c","error":"\"knativebrokerttl\" not found"}
{"level":"info","ts":"2019-12-03T21:04:44.131Z","logger":"broker_ingress","caller":"ingress/ingress_handler.go:120","msg":"Error retrieving TTL, defaulting.","commit":"7655d9c","error":"\"knativebrokerttl\" not found"}
{"level":"info","ts":"2019-12-03T21:04:44.131Z","logger":"broker_ingress","caller":"ingress/ingress_handler.go:120","msg":"Error retrieving TTL, defaulting.","commit":"7655d9c","error":"\"knativebrokerttl\" not found"}
{"level":"info","ts":"2019-12-03T21:04:44.132Z","logger":"broker_ingress","caller":"ingress/ingress_handler.go:120","msg":"Error retrieving TTL, defaulting.","commit":"7655d9c","error":"\"knativebrokerttl\" not found"}
{"level":"info","ts":"2019-12-03T21:04:44.142Z","logger":"broker_ingress","caller":"ingress/ingress_handler.go:120","msg":"Error retrieving TTL, defaulting.","commit":"7655d9c","error":"\"knativebrokerttl\" not found"}
{"level":"info","ts":"2019-12-03T21:04:44.144Z","logger":"broker_ingress","caller":"ingress/ingress_handler.go:120","msg":"Error retrieving TTL, defaulting.","commit":"7655d9c","error":"\"knativebrokerttl\" not found"}
{"level":"info","ts":"2019-12-03T21:04:44.144Z","logger":"broker_ingress","caller":"ingress/ingress_handler.go:120","msg":"Error retrieving TTL, defaulting.","commit":"7655d9c","error":"\"knativebrokerttl\" not found"}
{"level":"info","ts":"2019-12-03T21:04:44.138Z","logger":"broker_ingress","caller":"ingress/ingress_handler.go:120","msg":"Error retrieving TTL, defaulting.","commit":"7655d9c","error":"\"knativebrokerttl\" not found"}
{"level":"info","ts":"2019-12-03T21:04:44.133Z","logger":"broker_ingress","caller":"ingress/ingress_handler.go:120","msg":"Error retrieving TTL, defaulting.","commit":"7655d9c","error":"\"knativebrokerttl\" not found"}
{"level":"info","ts":"2019-12-03T21:04:44.133Z","logger":"broker_ingress","caller":"ingress/ingress_handler.go:120","msg":"Error retrieving TTL, defaulting.","commit":"7655d9c","error":"\"knativebrokerttl\" not found"}
{"level":"info","ts":"2019-12-03T21:04:44.133Z","logger":"broker_ingress","caller":"ingress/ingress_handler.go:120","msg":"Error retrieving TTL, defaulting.","commit":"7655d9c","error":"\"knativebrokerttl\" not found"}
{"level":"info","ts":"2019-12-03T21:04:44.133Z","logger":"broker_ingress","caller":"ingress/ingress_handler.go:120","msg":"Error retrieving TTL, defaulting.","commit":"7655d9c","error":"\"knativebrokerttl\" not found"}
{"level":"info","ts":"2019-12-03T21:04:44.134Z","logger":"broker_ingress","caller":"ingress/ingress_handler.go:120","msg":"Error retrieving TTL, defaulting.","commit":"7655d9c","error":"\"knativebrokerttl\" not found"}
{"level":"info","ts":"2019-12-03T21:04:44.134Z","logger":"broker_ingress","caller":"ingress/ingress_handler.go:120","msg":"Error retrieving TTL, defaulting.","commit":"7655d9c","error":"\"knativebrokerttl\" not found"}
{"level":"info","ts":"2019-12-03T21:04:44.135Z","logger":"broker_ingress","caller":"ingress/ingress_handler.go:120","msg":"Error retrieving TTL, defaulting.","commit":"7655d9c","error":"\"knativebrokerttl\" not found"}
{"level":"info","ts":"2019-12-03T21:04:44.136Z","logger":"broker_ingress","caller":"ingress/ingress_handler.go:120","msg":"Error retrieving TTL, defaulting.","commit":"7655d9c","error":"\"knativebrokerttl\" not found"}
{"level":"info","ts":"2019-12-03T21:04:44.136Z","logger":"broker_ingress","caller":"ingress/ingress_handler.go:120","msg":"Error retrieving TTL, defaulting.","commit":"7655d9c","error":"\"knativebrokerttl\" not found"}
{"level":"info","ts":"2019-12-03T21:04:44.136Z","logger":"broker_ingress","caller":"ingress/ingress_handler.go:120","msg":"Error retrieving TTL, defaulting.","commit":"7655d9c","error":"\"knativebrokerttl\" not found"}
{"level":"info","ts":"2019-12-03T21:04:44.136Z","logger":"broker_ingress","caller":"ingress/ingress_handler.go:120","msg":"Error retrieving TTL, defaulting.","commit":"7655d9c","error":"\"knativebrokerttl\" not found"}
{"level":"info","ts":"2019-12-03T21:04:44.136Z","logger":"broker_ingress","caller":"ingress/ingress_handler.go:120","msg":"Error retrieving TTL, defaulting.","commit":"7655d9c","error":"\"knativebrokerttl\" not found"}
{"level":"info","ts":"2019-12-03T21:04:44.136Z","logger":"broker_ingress","caller":"ingress/ingress_handler.go:120","msg":"Error retrieving TTL, defaulting.","commit":"7655d9c","error":"\"knativebrokerttl\" not found"}
{"level":"info","ts":"2019-12-03T21:04:44.137Z","logger":"broker_ingress","caller":"ingress/ingress_handler.go:120","msg":"Error retrieving TTL, defaulting.","commit":"7655d9c","error":"\"knativebrokerttl\" not found"}
{"level":"info","ts":"2019-12-03T21:04:44.137Z","logger":"broker_ingress","caller":"ingress/ingress_handler.go:120","msg":"Error retrieving TTL, defaulting.","commit":"7655d9c","error":"\"knativebrokerttl\" not found"}
{"level":"info","ts":"2019-12-03T21:04:44.137Z","logger":"broker_ingress","caller":"ingress/ingress_handler.go:120","msg":"Error retrieving TTL, defaulting.","commit":"7655d9c","error":"\"knativebrokerttl\" not found"}
{"level":"info","ts":"2019-12-03T21:04:44.137Z","logger":"broker_ingress","caller":"ingress/ingress_handler.go:120","msg":"Error retrieving TTL, defaulting.","commit":"7655d9c","error":"\"knativebrokerttl\" not found"}
{"level":"info","ts":"2019-12-03T21:04:44.138Z","logger":"broker_ingress","caller":"ingress/ingress_handler.go:120","msg":"Error retrieving TTL, defaulting.","commit":"7655d9c","error":"\"knativebrokerttl\" not found"}
{"level":"info","ts":"2019-12-03T21:04:44.138Z","logger":"broker_ingress","caller":"ingress/ingress_handler.go:120","msg":"Error retrieving TTL, defaulting.","commit":"7655d9c","error":"\"knativebrokerttl\" not found"}
{"level":"info","ts":"2019-12-03T21:04:44.138Z","logger":"broker_ingress","caller":"ingress/ingress_handler.go:120","msg":"Error retrieving TTL, defaulting.","commit":"7655d9c","error":"\"knativebrokerttl\" not found"}
{"level":"info","ts":"2019-12-03T21:04:44.139Z","logger":"broker_ingress","caller":"ingress/ingress_handler.go:120","msg":"Error retrieving TTL, defaulting.","commit":"7655d9c","error":"\"knativebrokerttl\" not found"}
{"level":"info","ts":"2019-12-03T21:04:44.140Z","logger":"broker_ingress","caller":"ingress/ingress_handler.go:120","msg":"Error retrieving TTL, defaulting.","commit":"7655d9c","error":"\"knativebrokerttl\" not found"}
{"level":"info","ts":"2019-12-03T21:04:44.140Z","logger":"broker_ingress","caller":"ingress/ingress_handler.go:120","msg":"Error retrieving TTL, defaulting.","commit":"7655d9c","error":"\"knativebrokerttl\" not found"}
{"level":"info","ts":"2019-12-03T21:04:44.141Z","logger":"broker_ingress","caller":"ingress/ingress_handler.go:120","msg":"Error retrieving TTL, defaulting.","commit":"7655d9c","error":"\"knativebrokerttl\" not found"}
{"level":"info","ts":"2019-12-03T21:04:44.141Z","logger":"broker_ingress","caller":"ingress/ingress_handler.go:120","msg":"Error retrieving TTL, defaulting.","commit":"7655d9c","error":"\"knativebrokerttl\" not found"}
{"level":"info","ts":"2019-12-03T21:04:44.141Z","logger":"broker_ingress","caller":"ingress/ingress_handler.go:120","msg":"Error retrieving TTL, defaulting.","commit":"7655d9c","error":"\"knativebrokerttl\" not found"}
{"level":"info","ts":"2019-12-03T21:04:44.141Z","logger":"broker_ingress","caller":"ingress/ingress_handler.go:120","msg":"Error retrieving TTL, defaulting.","commit":"7655d9c","error":"\"knativebrokerttl\" not found"}
{"level":"info","ts":"2019-12-03T21:04:44.142Z","logger":"broker_ingress","caller":"ingress/ingress_handler.go:120","msg":"Error retrieving TTL, defaulting.","commit":"7655d9c","error":"\"knativebrokerttl\" not found"}
{"level":"info","ts":"2019-12-03T21:04:44.142Z","logger":"broker_ingress","caller":"ingress/ingress_handler.go:120","msg":"Error retrieving TTL, defaulting.","commit":"7655d9c","error":"\"knativebrokerttl\" not found"}
{"level":"info","ts":"2019-12-03T21:04:44.142Z","logger":"broker_ingress","caller":"ingress/ingress_handler.go:120","msg":"Error retrieving TTL, defaulting.","commit":"7655d9c","error":"\"knativebrokerttl\" not found"}
{"level":"info","ts":"2019-12-03T21:04:44.142Z","logger":"broker_ingress","caller":"ingress/ingress_handler.go:120","msg":"Error retrieving TTL, defaulting.","commit":"7655d9c","error":"\"knativebrokerttl\" not found"}
{"level":"info","ts":"2019-12-03T21:04:44.145Z","logger":"broker_ingress","caller":"ingress/ingress_handler.go:120","msg":"Error retrieving TTL, defaulting.","commit":"7655d9c","error":"\"knativebrokerttl\" not found"}
{"level":"info","ts":"2019-12-03T21:04:44.145Z","logger":"broker_ingress","caller":"ingress/ingress_handler.go:120","msg":"Error retrieving TTL, defaulting.","commit":"7655d9c","error":"\"knativebrokerttl\" not found"}
{"level":"info","ts":"2019-12-03T21:04:44.145Z","logger":"broker_ingress","caller":"ingress/ingress_handler.go:120","msg":"Error retrieving TTL, defaulting.","commit":"7655d9c","error":"\"knativebrokerttl\" not found"}
{"level":"info","ts":"2019-12-03T21:04:44.145Z","logger":"broker_ingress","caller":"ingress/ingress_handler.go:120","msg":"Error retrieving TTL, defaulting.","commit":"7655d9c","error":"\"knativebrokerttl\" not found"}
{"level":"info","ts":"2019-12-03T21:04:44.133Z","logger":"broker_ingress","caller":"ingress/ingress_handler.go:120","msg":"Error retrieving TTL, defaulting.","commit":"7655d9c","error":"\"knativebrokerttl\" not found"}
{"level":"info","ts":"2019-12-03T21:04:44.132Z","logger":"broker_ingress","caller":"ingress/ingress_handler.go:120","msg":"Error retrieving TTL, defaulting.","commit":"7655d9c","error":"\"knativebrokerttl\" not found"}
{"level":"info","ts":"2019-12-03T21:04:44.133Z","logger":"broker_ingress","caller":"ingress/ingress_handler.go:120","msg":"Error retrieving TTL, defaulting.","commit":"7655d9c","error":"\"knativebrokerttl\" not found"}
{"level":"info","ts":"2019-12-03T21:04:44.156Z","logger":"broker_ingress","caller":"ingress/ingress_handler.go:120","msg":"Error retrieving TTL, defaulting.","commit":"7655d9c","error":"\"knativebrokerttl\" not found"}
{"level":"info","ts":"2019-12-03T21:04:44.156Z","logger":"broker_ingress","caller":"ingress/ingress_handler.go:120","msg":"Error retrieving TTL, defaulting.","commit":"7655d9c","error":"\"knativebrokerttl\" not found"}
{"level":"info","ts":"2019-12-03T21:04:44.157Z","logger":"broker_ingress","caller":"ingress/ingress_handler.go:120","msg":"Error retrieving TTL, defaulting.","commit":"7655d9c","error":"\"knativebrokerttl\" not found"}
{"level":"info","ts":"2019-12-03T21:04:44.157Z","logger":"broker_ingress","caller":"ingress/ingress_handler.go:120","msg":"Error retrieving TTL, defaulting.","commit":"7655d9c","error":"\"knativebrokerttl\" not found"}
{"level":"info","ts":"2019-12-03T21:04:44.157Z","logger":"broker_ingress","caller":"ingress/ingress_handler.go:120","msg":"Error retrieving TTL, defaulting.","commit":"7655d9c","error":"\"knativebrokerttl\" not found"}
{"level":"info","ts":"2019-12-03T21:04:44.157Z","logger":"broker_ingress","caller":"ingress/ingress_handler.go:120","msg":"Error retrieving TTL, defaulting.","commit":"7655d9c","error":"\"knativebrokerttl\" not found"}
{"level":"info","ts":"2019-12-03T21:04:44.157Z","logger":"broker_ingress","caller":"ingress/ingress_handler.go:120","msg":"Error retrieving TTL, defaulting.","commit":"7655d9c","error":"\"knativebrokerttl\" not found"}
{"level":"info","ts":"2019-12-03T21:04:44.157Z","logger":"broker_ingress","caller":"ingress/ingress_handler.go:120","msg":"Error retrieving TTL, defaulting.","commit":"7655d9c","error":"\"knativebrokerttl\" not found"}
{"level":"info","ts":"2019-12-03T21:04:44.158Z","logger":"broker_ingress","caller":"ingress/ingress_handler.go:120","msg":"Error retrieving TTL, defaulting.","commit":"7655d9c","error":"\"knativebrokerttl\" not found"}
{"level":"info","ts":"2019-12-03T21:04:44.161Z","logger":"broker_ingress","caller":"ingress/ingress_handler.go:120","msg":"Error retrieving TTL, defaulting.","commit":"7655d9c","error":"\"knativebrokerttl\" not found"}
{"level":"info","ts":"2019-12-03T21:04:44.162Z","logger":"broker_ingress","caller":"ingress/ingress_handler.go:120","msg":"Error retrieving TTL, defaulting.","commit":"7655d9c","error":"\"knativebrokerttl\" not found"}
{"level":"info","ts":"2019-12-03T21:04:44.162Z","logger":"broker_ingress","caller":"ingress/ingress_handler.go:120","msg":"Error retrieving TTL, defaulting.","commit":"7655d9c","error":"\"knativebrokerttl\" not found"}
{"level":"info","ts":"2019-12-03T21:04:44.162Z","logger":"broker_ingress","caller":"ingress/ingress_handler.go:120","msg":"Error retrieving TTL, defaulting.","commit":"7655d9c","error":"\"knativebrokerttl\" not found"}
{"level":"info","ts":"2019-12-03T21:04:44.162Z","logger":"broker_ingress","caller":"ingress/ingress_handler.go:120","msg":"Error retrieving TTL, defaulting.","commit":"7655d9c","error":"\"knativebrokerttl\" not found"}
{"level":"info","ts":"2019-12-03T21:04:44.162Z","logger":"broker_ingress","caller":"ingress/ingress_handler.go:120","msg":"Error retrieving TTL, defaulting.","commit":"7655d9c","error":"\"knativebrokerttl\" not found"}
{"level":"info","ts":"2019-12-03T21:04:44.163Z","logger":"broker_ingress","caller":"ingress/ingress_handler.go:120","msg":"Error retrieving TTL, defaulting.","commit":"7655d9c","error":"\"knativebrokerttl\" not found"}
{"level":"info","ts":"2019-12-03T21:04:44.163Z","logger":"broker_ingress","caller":"ingress/ingress_handler.go:120","msg":"Error retrieving TTL, defaulting.","commit":"7655d9c","error":"\"knativebrokerttl\" not found"}
{"level":"info","ts":"2019-12-03T21:04:44.165Z","logger":"broker_ingress","caller":"ingress/ingress_handler.go:120","msg":"Error retrieving TTL, defaulting.","commit":"7655d9c","error":"\"knativebrokerttl\" not found"}
{"level":"info","ts":"2019-12-03T21:04:44.165Z","logger":"broker_ingress","caller":"ingress/ingress_handler.go:120","msg":"Error retrieving TTL, defaulting.","commit":"7655d9c","error":"\"knativebrokerttl\" not found"}
{"level":"info","ts":"2019-12-03T21:04:44.165Z","logger":"broker_ingress","caller":"ingress/ingress_handler.go:120","msg":"Error retrieving TTL, defaulting.","commit":"7655d9c","error":"\"knativebrokerttl\" not found"}
{"level":"info","ts":"2019-12-03T21:04:44.166Z","logger":"broker_ingress","caller":"ingress/ingress_handler.go:120","msg":"Error retrieving TTL, defaulting.","commit":"7655d9c","error":"\"knativebrokerttl\" not found"}
{"level":"info","ts":"2019-12-03T21:04:44.167Z","logger":"broker_ingress","caller":"ingress/ingress_handler.go:120","msg":"Error retrieving TTL, defaulting.","commit":"7655d9c","error":"\"knativebrokerttl\" not found"}
{"level":"info","ts":"2019-12-03T21:04:44.167Z","logger":"broker_ingress","caller":"ingress/ingress_handler.go:120","msg":"Error retrieving TTL, defaulting.","commit":"7655d9c","error":"\"knativebrokerttl\" not found"}
{"level":"info","ts":"2019-12-03T21:04:44.168Z","logger":"broker_ingress","caller":"ingress/ingress_handler.go:120","msg":"Error retrieving TTL, defaulting.","commit":"7655d9c","error":"\"knativebrokerttl\" not found"}
{"level":"info","ts":"2019-12-03T21:04:44.171Z","logger":"broker_ingress","caller":"ingress/ingress_handler.go:120","msg":"Error retrieving TTL, defaulting.","commit":"7655d9c","error":"\"knativebrokerttl\" not found"}
{"level":"info","ts":"2019-12-03T21:04:44.171Z","logger":"broker_ingress","caller":"ingress/ingress_handler.go:120","msg":"Error retrieving TTL, defaulting.","commit":"7655d9c","error":"\"knativebrokerttl\" not found"}
{"level":"info","ts":"2019-12-03T21:04:44.173Z","logger":"broker_ingress","caller":"ingress/ingress_handler.go:120","msg":"Error retrieving TTL, defaulting.","commit":"7655d9c","error":"\"knativebrokerttl\" not found"}
{"level":"info","ts":"2019-12-03T21:04:44.173Z","logger":"broker_ingress","caller":"ingress/ingress_handler.go:120","msg":"Error retrieving TTL, defaulting.","commit":"7655d9c","error":"\"knativebrokerttl\" not found"}
{"level":"info","ts":"2019-12-03T21:04:44.173Z","logger":"broker_ingress","caller":"ingress/ingress_handler.go:120","msg":"Error retrieving TTL, defaulting.","commit":"7655d9c","error":"\"knativebrokerttl\" not found"}
{"level":"info","ts":"2019-12-03T21:04:44.174Z","logger":"broker_ingress","caller":"ingress/ingress_handler.go:120","msg":"Error retrieving TTL, defaulting.","commit":"7655d9c","error":"\"knativebrokerttl\" not found"}
{"level":"info","ts":"2019-12-03T21:04:44.174Z","logger":"broker_ingress","caller":"ingress/ingress_handler.go:120","msg":"Error retrieving TTL, defaulting.","commit":"7655d9c","error":"\"knativebrokerttl\" not found"}
{"level":"info","ts":"2019-12-03T21:04:44.184Z","logger":"broker_ingress","caller":"ingress/ingress_handler.go:120","msg":"Error retrieving TTL, defaulting.","commit":"7655d9c","error":"\"knativebrokerttl\" not found"}
{"level":"info","ts":"2019-12-03T21:04:44.185Z","logger":"broker_ingress","caller":"ingress/ingress_handler.go:120","msg":"Error retrieving TTL, defaulting.","commit":"7655d9c","error":"\"knativebrokerttl\" not found"}
{"level":"info","ts":"2019-12-03T21:04:44.185Z","logger":"broker_ingress","caller":"ingress/ingress_handler.go:120","msg":"Error retrieving TTL, defaulting.","commit":"7655d9c","error":"\"knativebrokerttl\" not found"}
{"level":"info","ts":"2019-12-03T21:04:44.185Z","logger":"broker_ingress","caller":"ingress/ingress_handler.go:120","msg":"Error retrieving TTL, defaulting.","commit":"7655d9c","error":"\"knativebrokerttl\" not found"}
{"level":"info","ts":"2019-12-03T21:04:44.185Z","logger":"broker_ingress","caller":"ingress/ingress_handler.go:120","msg":"Error retrieving TTL, defaulting.","commit":"7655d9c","error":"\"knativebrokerttl\" not found"}
{"level":"info","ts":"2019-12-03T21:04:44.185Z","logger":"broker_ingress","caller":"ingress/ingress_handler.go:120","msg":"Error retrieving TTL, defaulting.","commit":"7655d9c","error":"\"knativebrokerttl\" not found"}
{"level":"info","ts":"2019-12-03T21:04:44.185Z","logger":"broker_ingress","caller":"ingress/ingress_handler.go:120","msg":"Error retrieving TTL, defaulting.","commit":"7655d9c","error":"\"knativebrokerttl\" not found"}
{"level":"info","ts":"2019-12-03T21:04:44.185Z","logger":"broker_ingress","caller":"ingress/ingress_handler.go:120","msg":"Error retrieving TTL, defaulting.","commit":"7655d9c","error":"\"knativebrokerttl\" not found"}
{"level":"info","ts":"2019-12-03T21:04:44.186Z","logger":"broker_ingress","caller":"ingress/ingress_handler.go:120","msg":"Error retrieving TTL, defaulting.","commit":"7655d9c","error":"\"knativebrokerttl\" not found"}
{"level":"info","ts":"2019-12-03T21:04:44.189Z","logger":"broker_ingress","caller":"ingress/ingress_handler.go:120","msg":"Error retrieving TTL, defaulting.","commit":"7655d9c","error":"\"knativebrokerttl\" not found"}
{"level":"info","ts":"2019-12-03T21:04:44.186Z","logger":"broker_ingress","caller":"ingress/ingress_handler.go:120","msg":"Error retrieving TTL, defaulting.","commit":"7655d9c","error":"\"knativebrokerttl\" not found"}
{"level":"info","ts":"2019-12-03T21:04:44.190Z","logger":"broker_ingress","caller":"ingress/ingress_handler.go:120","msg":"Error retrieving TTL, defaulting.","commit":"7655d9c","error":"\"knativebrokerttl\" not found"}
{"level":"info","ts":"2019-12-03T21:04:44.190Z","logger":"broker_ingress","caller":"ingress/ingress_handler.go:120","msg":"Error retrieving TTL, defaulting.","commit":"7655d9c","error":"\"knativebrokerttl\" not found"}
{"level":"info","ts":"2019-12-03T21:04:44.190Z","logger":"broker_ingress","caller":"ingress/ingress_handler.go:120","msg":"Error retrieving TTL, defaulting.","commit":"7655d9c","error":"\"knativebrokerttl\" not found"}
{"level":"info","ts":"2019-12-03T21:04:44.190Z","logger":"broker_ingress","caller":"ingress/ingress_handler.go:120","msg":"Error retrieving TTL, defaulting.","commit":"7655d9c","error":"\"knativebrokerttl\" not found"}
{"level":"info","ts":"2019-12-03T21:04:44.191Z","logger":"broker_ingress","caller":"ingress/ingress_handler.go:120","msg":"Error retrieving TTL, defaulting.","commit":"7655d9c","error":"\"knativebrokerttl\" not found"}
{"level":"info","ts":"2019-12-03T21:04:44.191Z","logger":"broker_ingress","caller":"ingress/ingress_handler.go:120","msg":"Error retrieving TTL, defaulting.","commit":"7655d9c","error":"\"knativebrokerttl\" not found"}
{"level":"info","ts":"2019-12-03T21:04:44.191Z","logger":"broker_ingress","caller":"ingress/ingress_handler.go:120","msg":"Error retrieving TTL, defaulting.","commit":"7655d9c","error":"\"knativebrokerttl\" not found"}
{"level":"info","ts":"2019-12-03T21:04:44.191Z","logger":"broker_ingress","caller":"ingress/ingress_handler.go:120","msg":"Error retrieving TTL, defaulting.","commit":"7655d9c","error":"\"knativebrokerttl\" not found"}
{"level":"info","ts":"2019-12-03T21:04:44.193Z","logger":"broker_ingress","caller":"ingress/ingress_handler.go:120","msg":"Error retrieving TTL, defaulting.","commit":"7655d9c","error":"\"knativebrokerttl\" not found"}
{"level":"info","ts":"2019-12-03T21:04:44.193Z","logger":"broker_ingress","caller":"ingress/ingress_handler.go:120","msg":"Error retrieving TTL, defaulting.","commit":"7655d9c","error":"\"knativebrokerttl\" not found"}
{"level":"info","ts":"2019-12-03T21:04:44.194Z","logger":"broker_ingress","caller":"ingress/ingress_handler.go:120","msg":"Error retrieving TTL, defaulting.","commit":"7655d9c","error":"\"knativebrokerttl\" not found"}
{"level":"info","ts":"2019-12-03T21:04:44.194Z","logger":"broker_ingress","caller":"ingress/ingress_handler.go:120","msg":"Error retrieving TTL, defaulting.","commit":"7655d9c","error":"\"knativebrokerttl\" not found"}
{"level":"info","ts":"2019-12-03T21:04:44.195Z","logger":"broker_ingress","caller":"ingress/ingress_handler.go:120","msg":"Error retrieving TTL, defaulting.","commit":"7655d9c","error":"\"knativebrokerttl\" not found"}
{"level":"info","ts":"2019-12-03T21:04:44.202Z","logger":"broker_ingress","caller":"ingress/ingress_handler.go:120","msg":"Error retrieving TTL, defaulting.","commit":"7655d9c","error":"\"knativebrokerttl\" not found"}
{"level":"info","ts":"2019-12-03T21:04:44.202Z","logger":"broker_ingress","caller":"ingress/ingress_handler.go:120","msg":"Error retrieving TTL, defaulting.","commit":"7655d9c","error":"\"knativebrokerttl\" not found"}
{"level":"info","ts":"2019-12-03T21:04:44.202Z","logger":"broker_ingress","caller":"ingress/ingress_handler.go:120","msg":"Error retrieving TTL, defaulting.","commit":"7655d9c","error":"\"knativebrokerttl\" not found"}
{"level":"info","ts":"2019-12-03T21:04:44.202Z","logger":"broker_ingress","caller":"ingress/ingress_handler.go:120","msg":"Error retrieving TTL, defaulting.","commit":"7655d9c","error":"\"knativebrokerttl\" not found"}
{"level":"info","ts":"2019-12-03T21:04:44.202Z","logger":"broker_ingress","caller":"ingress/ingress_handler.go:120","msg":"Error retrieving TTL, defaulting.","commit":"7655d9c","error":"\"knativebrokerttl\" not found"}
{"level":"info","ts":"2019-12-03T21:04:44.203Z","logger":"broker_ingress","caller":"ingress/ingress_handler.go:120","msg":"Error retrieving TTL, defaulting.","commit":"7655d9c","error":"\"knativebrokerttl\" not found"}
{"level":"info","ts":"2019-12-03T21:04:44.203Z","logger":"broker_ingress","caller":"ingress/ingress_handler.go:120","msg":"Error retrieving TTL, defaulting.","commit":"7655d9c","error":"\"knativebrokerttl\" not found"}
{"level":"info","ts":"2019-12-03T21:04:44.204Z","logger":"broker_ingress","caller":"ingress/ingress_handler.go:120","msg":"Error retrieving TTL, defaulting.","commit":"7655d9c","error":"\"knativebrokerttl\" not found"}
{"level":"info","ts":"2019-12-03T21:04:44.204Z","logger":"broker_ingress","caller":"ingress/ingress_handler.go:120","msg":"Error retrieving TTL, defaulting.","commit":"7655d9c","error":"\"knativebrokerttl\" not found"}
{"level":"info","ts":"2019-12-03T21:04:44.205Z","logger":"broker_ingress","caller":"ingress/ingress_handler.go:120","msg":"Error retrieving TTL, defaulting.","commit":"7655d9c","error":"\"knativebrokerttl\" not found"}
{"level":"info","ts":"2019-12-03T21:04:44.205Z","logger":"broker_ingress","caller":"ingress/ingress_handler.go:120","msg":"Error retrieving TTL, defaulting.","commit":"7655d9c","error":"\"knativebrokerttl\" not found"}
{"level":"info","ts":"2019-12-03T21:04:44.207Z","logger":"broker_ingress","caller":"ingress/ingress_handler.go:120","msg":"Error retrieving TTL, defaulting.","commit":"7655d9c","error":"\"knativebrokerttl\" not found"}
{"level":"info","ts":"2019-12-03T21:04:44.208Z","logger":"broker_ingress","caller":"ingress/ingress_handler.go:120","msg":"Error retrieving TTL, defaulting.","commit":"7655d9c","error":"\"knativebrokerttl\" not found"}
{"level":"info","ts":"2019-12-03T21:04:44.211Z","logger":"broker_ingress","caller":"ingress/ingress_handler.go:120","msg":"Error retrieving TTL, defaulting.","commit":"7655d9c","error":"\"knativebrokerttl\" not found"}
{"level":"info","ts":"2019-12-03T21:04:44.211Z","logger":"broker_ingress","caller":"ingress/ingress_handler.go:120","msg":"Error retrieving TTL, defaulting.","commit":"7655d9c","error":"\"knativebrokerttl\" not found"}
{"level":"info","ts":"2019-12-03T21:04:44.213Z","logger":"broker_ingress","caller":"ingress/ingress_handler.go:120","msg":"Error retrieving TTL, defaulting.","commit":"7655d9c","error":"\"knativebrokerttl\" not found"}
{"level":"info","ts":"2019-12-03T21:04:44.214Z","logger":"broker_ingress","caller":"ingress/ingress_handler.go:120","msg":"Error retrieving TTL, defaulting.","commit":"7655d9c","error":"\"knativebrokerttl\" not found"}
{"level":"info","ts":"2019-12-03T21:04:44.212Z","logger":"broker_ingress","caller":"ingress/ingress_handler.go:120","msg":"Error retrieving TTL, defaulting.","commit":"7655d9c","error":"\"knativebrokerttl\" not found"}
{"level":"info","ts":"2019-12-03T21:04:44.214Z","logger":"broker_ingress","caller":"ingress/ingress_handler.go:120","msg":"Error retrieving TTL, defaulting.","commit":"7655d9c","error":"\"knativebrokerttl\" not found"}
{"level":"info","ts":"2019-12-03T21:04:44.206Z","logger":"broker_ingress","caller":"ingress/ingress_handler.go:120","msg":"Error retrieving TTL, defaulting.","commit":"7655d9c","error":"\"knativebrokerttl\" not found"}
{"level":"info","ts":"2019-12-03T21:04:44.215Z","logger":"broker_ingress","caller":"ingress/ingress_handler.go:120","msg":"Error retrieving TTL, defaulting.","commit":"7655d9c","error":"\"knativebrokerttl\" not found"}
{"level":"info","ts":"2019-12-03T21:04:44.216Z","logger":"broker_ingress","caller":"ingress/ingress_handler.go:120","msg":"Error retrieving TTL, defaulting.","commit":"7655d9c","error":"\"knativebrokerttl\" not found"}
{"level":"info","ts":"2019-12-03T21:04:44.217Z","logger":"broker_ingress","caller":"ingress/ingress_handler.go:120","msg":"Error retrieving TTL, defaulting.","commit":"7655d9c","error":"\"knativebrokerttl\" not found"}
{"level":"info","ts":"2019-12-03T21:04:44.215Z","logger":"broker_ingress","caller":"ingress/ingress_handler.go:120","msg":"Error retrieving TTL, defaulting.","commit":"7655d9c","error":"\"knativebrokerttl\" not found"}
{"level":"info","ts":"2019-12-03T21:04:44.219Z","logger":"broker_ingress","caller":"ingress/ingress_handler.go:120","msg":"Error retrieving TTL, defaulting.","commit":"7655d9c","error":"\"knativebrokerttl\" not found"}
{"level":"info","ts":"2019-12-03T21:04:44.220Z","logger":"broker_ingress","caller":"ingress/ingress_handler.go:120","msg":"Error retrieving TTL, defaulting.","commit":"7655d9c","error":"\"knativebrokerttl\" not found"}
{"level":"info","ts":"2019-12-03T21:04:44.220Z","logger":"broker_ingress","caller":"ingress/ingress_handler.go:120","msg":"Error retrieving TTL, defaulting.","commit":"7655d9c","error":"\"knativebrokerttl\" not found"}
{"level":"info","ts":"2019-12-03T21:04:44.221Z","logger":"broker_ingress","caller":"ingress/ingress_handler.go:120","msg":"Error retrieving TTL, defaulting.","commit":"7655d9c","error":"\"knativebrokerttl\" not found"}
{"level":"info","ts":"2019-12-03T21:04:44.222Z","logger":"broker_ingress","caller":"ingress/ingress_handler.go:120","msg":"Error retrieving TTL, defaulting.","commit":"7655d9c","error":"\"knativebrokerttl\" not found"}
{"level":"info","ts":"2019-12-03T21:04:44.224Z","logger":"broker_ingress","caller":"ingress/ingress_handler.go:120","msg":"Error retrieving TTL, defaulting.","commit":"7655d9c","error":"\"knativebrokerttl\" not found"}
{"level":"info","ts":"2019-12-03T21:04:44.224Z","logger":"broker_ingress","caller":"ingress/ingress_handler.go:120","msg":"Error retrieving TTL, defaulting.","commit":"7655d9c","error":"\"knativebrokerttl\" not found"}
{"level":"info","ts":"2019-12-03T21:04:44.225Z","logger":"broker_ingress","caller":"ingress/ingress_handler.go:120","msg":"Error retrieving TTL, defaulting.","commit":"7655d9c","error":"\"knativebrokerttl\" not found"}
{"level":"info","ts":"2019-12-03T21:04:44.225Z","logger":"broker_ingress","caller":"ingress/ingress_handler.go:120","msg":"Error retrieving TTL, defaulting.","commit":"7655d9c","error":"\"knativebrokerttl\" not found"}
{"level":"info","ts":"2019-12-03T21:04:44.228Z","logger":"broker_ingress","caller":"ingress/ingress_handler.go:120","msg":"Error retrieving TTL, defaulting.","commit":"7655d9c","error":"\"knativebrokerttl\" not found"}
{"level":"info","ts":"2019-12-03T21:04:44.228Z","logger":"broker_ingress","caller":"ingress/ingress_handler.go:120","msg":"Error retrieving TTL, defaulting.","commit":"7655d9c","error":"\"knativebrokerttl\" not found"}
{"level":"info","ts":"2019-12-03T21:04:44.227Z","logger":"broker_ingress","caller":"ingress/ingress_handler.go:120","msg":"Error retrieving TTL, defaulting.","commit":"7655d9c","error":"\"knativebrokerttl\" not found"}
{"level":"info","ts":"2019-12-03T21:04:44.228Z","logger":"broker_ingress","caller":"ingress/ingress_handler.go:120","msg":"Error retrieving TTL, defaulting.","commit":"7655d9c","error":"\"knativebrokerttl\" not found"}
{"level":"info","ts":"2019-12-03T21:04:44.231Z","logger":"broker_ingress","caller":"ingress/ingress_handler.go:120","msg":"Error retrieving TTL, defaulting.","commit":"7655d9c","error":"\"knativebrokerttl\" not found"}
{"level":"info","ts":"2019-12-03T21:04:44.232Z","logger":"broker_ingress","caller":"ingress/ingress_handler.go:120","msg":"Error retrieving TTL, defaulting.","commit":"7655d9c","error":"\"knativebrokerttl\" not found"}
{"level":"info","ts":"2019-12-03T21:04:44.233Z","logger":"broker_ingress","caller":"ingress/ingress_handler.go:120","msg":"Error retrieving TTL, defaulting.","commit":"7655d9c","error":"\"knativebrokerttl\" not found"}
{"level":"info","ts":"2019-12-03T21:04:44.234Z","logger":"broker_ingress","caller":"ingress/ingress_handler.go:120","msg":"Error retrieving TTL, defaulting.","commit":"7655d9c","error":"\"knativebrokerttl\" not found"}
{"level":"info","ts":"2019-12-03T21:04:44.234Z","logger":"broker_ingress","caller":"ingress/ingress_handler.go:120","msg":"Error retrieving TTL, defaulting.","commit":"7655d9c","error":"\"knativebrokerttl\" not found"}
{"level":"info","ts":"2019-12-03T21:04:44.234Z","logger":"broker_ingress","caller":"ingress/ingress_handler.go:120","msg":"Error retrieving TTL, defaulting.","commit":"7655d9c","error":"\"knativebrokerttl\" not found"}
{"level":"info","ts":"2019-12-03T21:04:44.235Z","logger":"broker_ingress","caller":"ingress/ingress_handler.go:120","msg":"Error retrieving TTL, defaulting.","commit":"7655d9c","error":"\"knativebrokerttl\" not found"}
{"level":"info","ts":"2019-12-03T21:04:44.237Z","logger":"broker_ingress","caller":"ingress/ingress_handler.go:120","msg":"Error retrieving TTL, defaulting.","commit":"7655d9c","error":"\"knativebrokerttl\" not found"}
{"level":"info","ts":"2019-12-03T21:04:44.238Z","logger":"broker_ingress","caller":"ingress/ingress_handler.go:120","msg":"Error retrieving TTL, defaulting.","commit":"7655d9c","error":"\"knativebrokerttl\" not found"}
{"level":"info","ts":"2019-12-03T21:04:44.239Z","logger":"broker_ingress","caller":"ingress/ingress_handler.go:120","msg":"Error retrieving TTL, defaulting.","commit":"7655d9c","error":"\"knativebrokerttl\" not found"}
{"level":"info","ts":"2019-12-03T21:04:44.239Z","logger":"broker_ingress","caller":"ingress/ingress_handler.go:120","msg":"Error retrieving TTL, defaulting.","commit":"7655d9c","error":"\"knativebrokerttl\" not found"}
{"level":"info","ts":"2019-12-03T21:04:44.243Z","logger":"broker_ingress","caller":"ingress/ingress_handler.go:120","msg":"Error retrieving TTL, defaulting.","commit":"7655d9c","error":"\"knativebrokerttl\" not found"}
{"level":"info","ts":"2019-12-03T21:04:44.246Z","logger":"broker_ingress","caller":"ingress/ingress_handler.go:120","msg":"Error retrieving TTL, defaulting.","commit":"7655d9c","error":"\"knativebrokerttl\" not found"}
{"level":"info","ts":"2019-12-03T21:04:44.245Z","logger":"broker_ingress","caller":"ingress/ingress_handler.go:120","msg":"Error retrieving TTL, defaulting.","commit":"7655d9c","error":"\"knativebrokerttl\" not found"}
{"level":"info","ts":"2019-12-03T21:04:44.249Z","logger":"broker_ingress","caller":"ingress/ingress_handler.go:120","msg":"Error retrieving TTL, defaulting.","commit":"7655d9c","error":"\"knativebrokerttl\" not found"}
{"level":"info","ts":"2019-12-03T21:04:44.248Z","logger":"broker_ingress","caller":"ingress/ingress_handler.go:120","msg":"Error retrieving TTL, defaulting.","commit":"7655d9c","error":"\"knativebrokerttl\" not found"}
{"level":"info","ts":"2019-12-03T21:04:44.241Z","logger":"broker_ingress","caller":"ingress/ingress_handler.go:120","msg":"Error retrieving TTL, defaulting.","commit":"7655d9c","error":"\"knativebrokerttl\" not found"}
{"level":"info","ts":"2019-12-03T21:04:44.252Z","logger":"broker_ingress","caller":"ingress/ingress_handler.go:120","msg":"Error retrieving TTL, defaulting.","commit":"7655d9c","error":"\"knativebrokerttl\" not found"}
{"level":"info","ts":"2019-12-03T21:04:44.251Z","logger":"broker_ingress","caller":"ingress/ingress_handler.go:120","msg":"Error retrieving TTL, defaulting.","commit":"7655d9c","error":"\"knativebrokerttl\" not found"}
{"level":"info","ts":"2019-12-03T21:04:44.253Z","logger":"broker_ingress","caller":"ingress/ingress_handler.go:120","msg":"Error retrieving TTL, defaulting.","commit":"7655d9c","error":"\"knativebrokerttl\" not found"}
{"level":"info","ts":"2019-12-03T21:04:44.249Z","logger":"broker_ingress","caller":"ingress/ingress_handler.go:120","msg":"Error retrieving TTL, defaulting.","commit":"7655d9c","error":"\"knativebrokerttl\" not found"}
{"level":"info","ts":"2019-12-03T21:04:44.251Z","logger":"broker_ingress","caller":"ingress/ingress_handler.go:120","msg":"Error retrieving TTL, defaulting.","commit":"7655d9c","error":"\"knativebrokerttl\" not found"}
{"level":"info","ts":"2019-12-03T21:04:44.252Z","logger":"broker_ingress","caller":"ingress/ingress_handler.go:120","msg":"Error retrieving TTL, defaulting.","commit":"7655d9c","error":"\"knativebrokerttl\" not found"}
{"level":"info","ts":"2019-12-03T21:04:44.255Z","logger":"broker_ingress","caller":"ingress/ingress_handler.go:120","msg":"Error retrieving TTL, defaulting.","commit":"7655d9c","error":"\"knativebrokerttl\" not found"}
{"level":"info","ts":"2019-12-03T21:04:44.256Z","logger":"broker_ingress","caller":"ingress/ingress_handler.go:120","msg":"Error retrieving TTL, defaulting.","commit":"7655d9c","error":"\"knativebrokerttl\" not found"}
{"level":"info","ts":"2019-12-03T21:04:44.259Z","logger":"broker_ingress","caller":"ingress/ingress_handler.go:120","msg":"Error retrieving TTL, defaulting.","commit":"7655d9c","error":"\"knativebrokerttl\" not found"}
{"level":"info","ts":"2019-12-03T21:04:44.256Z","logger":"broker_ingress","caller":"ingress/ingress_handler.go:120","msg":"Error retrieving TTL, defaulting.","commit":"7655d9c","error":"\"knativebrokerttl\" not found"}
{"level":"info","ts":"2019-12-03T21:04:44.260Z","logger":"broker_ingress","caller":"ingress/ingress_handler.go:120","msg":"Error retrieving TTL, defaulting.","commit":"7655d9c","error":"\"knativebrokerttl\" not found"}
{"level":"info","ts":"2019-12-03T21:04:44.255Z","logger":"broker_ingress","caller":"ingress/ingress_handler.go:120","msg":"Error retrieving TTL, defaulting.","commit":"7655d9c","error":"\"knativebrokerttl\" not found"}
{"level":"info","ts":"2019-12-03T21:04:44.261Z","logger":"broker_ingress","caller":"ingress/ingress_handler.go:120","msg":"Error retrieving TTL, defaulting.","commit":"7655d9c","error":"\"knativebrokerttl\" not found"}
{"level":"info","ts":"2019-12-03T21:04:44.253Z","logger":"broker_ingress","caller":"ingress/ingress_handler.go:120","msg":"Error retrieving TTL, defaulting.","commit":"7655d9c","error":"\"knativebrokerttl\" not found"}
{"level":"info","ts":"2019-12-03T21:04:44.263Z","logger":"broker_ingress","caller":"ingress/ingress_handler.go:120","msg":"Error retrieving TTL, defaulting.","commit":"7655d9c","error":"\"knativebrokerttl\" not found"}
{"level":"info","ts":"2019-12-03T21:04:44.262Z","logger":"broker_ingress","caller":"ingress/ingress_handler.go:120","msg":"Error retrieving TTL, defaulting.","commit":"7655d9c","error":"\"knativebrokerttl\" not found"}
{"level":"info","ts":"2019-12-03T21:04:44.262Z","logger":"broker_ingress","caller":"ingress/ingress_handler.go:120","msg":"Error retrieving TTL, defaulting.","commit":"7655d9c","error":"\"knativebrokerttl\" not found"}
{"level":"info","ts":"2019-12-03T21:04:44.260Z","logger":"broker_ingress","caller":"ingress/ingress_handler.go:120","msg":"Error retrieving TTL, defaulting.","commit":"7655d9c","error":"\"knativebrokerttl\" not found"}
{"level":"info","ts":"2019-12-03T21:04:44.265Z","logger":"broker_ingress","caller":"ingress/ingress_handler.go:120","msg":"Error retrieving TTL, defaulting.","commit":"7655d9c","error":"\"knativebrokerttl\" not found"}
{"level":"info","ts":"2019-12-03T21:04:44.265Z","logger":"broker_ingress","caller":"ingress/ingress_handler.go:120","msg":"Error retrieving TTL, defaulting.","commit":"7655d9c","error":"\"knativebrokerttl\" not found"}
{"level":"info","ts":"2019-12-03T21:04:44.268Z","logger":"broker_ingress","caller":"ingress/ingress_handler.go:120","msg":"Error retrieving TTL, defaulting.","commit":"7655d9c","error":"\"knativebrokerttl\" not found"}
{"level":"info","ts":"2019-12-03T21:04:44.269Z","logger":"broker_ingress","caller":"ingress/ingress_handler.go:120","msg":"Error retrieving TTL, defaulting.","commit":"7655d9c","error":"\"knativebrokerttl\" not found"}
{"level":"info","ts":"2019-12-03T21:04:44.269Z","logger":"broker_ingress","caller":"ingress/ingress_handler.go:120","msg":"Error retrieving TTL, defaulting.","commit":"7655d9c","error":"\"knativebrokerttl\" not found"}
{"level":"info","ts":"2019-12-03T21:04:44.269Z","logger":"broker_ingress","caller":"ingress/ingress_handler.go:120","msg":"Error retrieving TTL, defaulting.","commit":"7655d9c","error":"\"knativebrokerttl\" not found"}
{"level":"info","ts":"2019-12-03T21:04:44.270Z","logger":"broker_ingress","caller":"ingress/ingress_handler.go:120","msg":"Error retrieving TTL, defaulting.","commit":"7655d9c","error":"\"knativebrokerttl\" not found"}
{"level":"info","ts":"2019-12-03T21:04:44.271Z","logger":"broker_ingress","caller":"ingress/ingress_handler.go:120","msg":"Error retrieving TTL, defaulting.","commit":"7655d9c","error":"\"knativebrokerttl\" not found"}
{"level":"info","ts":"2019-12-03T21:04:44.272Z","logger":"broker_ingress","caller":"ingress/ingress_handler.go:120","msg":"Error retrieving TTL, defaulting.","commit":"7655d9c","error":"\"knativebrokerttl\" not found"}
{"level":"info","ts":"2019-12-03T21:04:44.272Z","logger":"broker_ingress","caller":"ingress/ingress_handler.go:120","msg":"Error retrieving TTL, defaulting.","commit":"7655d9c","error":"\"knativebrokerttl\" not found"}
{"level":"info","ts":"2019-12-03T21:04:44.273Z","logger":"broker_ingress","caller":"ingress/ingress_handler.go:120","msg":"Error retrieving TTL, defaulting.","commit":"7655d9c","error":"\"knativebrokerttl\" not found"}
{"level":"info","ts":"2019-12-03T21:04:44.274Z","logger":"broker_ingress","caller":"ingress/ingress_handler.go:120","msg":"Error retrieving TTL, defaulting.","commit":"7655d9c","error":"\"knativebrokerttl\" not found"}
{"level":"info","ts":"2019-12-03T21:04:44.275Z","logger":"broker_ingress","caller":"ingress/ingress_handler.go:120","msg":"Error retrieving TTL, defaulting.","commit":"7655d9c","error":"\"knativebrokerttl\" not found"}
{"level":"info","ts":"2019-12-03T21:04:44.263Z","logger":"broker_ingress","caller":"ingress/ingress_handler.go:120","msg":"Error retrieving TTL, defaulting.","commit":"7655d9c","error":"\"knativebrokerttl\" not found"}
{"level":"info","ts":"2019-12-03T21:04:44.278Z","logger":"broker_ingress","caller":"ingress/ingress_handler.go:120","msg":"Error retrieving TTL, defaulting.","commit":"7655d9c","error":"\"knativebrokerttl\" not found"}
{"level":"info","ts":"2019-12-03T21:04:44.278Z","logger":"broker_ingress","caller":"ingress/ingress_handler.go:120","msg":"Error retrieving TTL, defaulting.","commit":"7655d9c","error":"\"knativebrokerttl\" not found"}
{"level":"info","ts":"2019-12-03T21:04:44.285Z","logger":"broker_ingress","caller":"ingress/ingress_handler.go:120","msg":"Error retrieving TTL, defaulting.","commit":"7655d9c","error":"\"knativebrokerttl\" not found"}
{"level":"info","ts":"2019-12-03T21:04:44.285Z","logger":"broker_ingress","caller":"ingress/ingress_handler.go:120","msg":"Error retrieving TTL, defaulting.","commit":"7655d9c","error":"\"knativebrokerttl\" not found"}
{"level":"info","ts":"2019-12-03T21:04:44.285Z","logger":"broker_ingress","caller":"ingress/ingress_handler.go:120","msg":"Error retrieving TTL, defaulting.","commit":"7655d9c","error":"\"knativebrokerttl\" not found"}
{"level":"info","ts":"2019-12-03T21:04:44.292Z","logger":"broker_ingress","caller":"ingress/ingress_handler.go:120","msg":"Error retrieving TTL, defaulting.","commit":"7655d9c","error":"\"knativebrokerttl\" not found"}
{"level":"info","ts":"2019-12-03T21:04:44.292Z","logger":"broker_ingress","caller":"ingress/ingress_handler.go:120","msg":"Error retrieving TTL, defaulting.","commit":"7655d9c","error":"\"knativebrokerttl\" not found"}
{"level":"info","ts":"2019-12-03T21:04:44.292Z","logger":"broker_ingress","caller":"ingress/ingress_handler.go:120","msg":"Error retrieving TTL, defaulting.","commit":"7655d9c","error":"\"knativebrokerttl\" not found"}
{"level":"info","ts":"2019-12-03T21:04:44.292Z","logger":"broker_ingress","caller":"ingress/ingress_handler.go:120","msg":"Error retrieving TTL, defaulting.","commit":"7655d9c","error":"\"knativebrokerttl\" not found"}
{"level":"info","ts":"2019-12-03T21:04:44.293Z","logger":"broker_ingress","caller":"ingress/ingress_handler.go:120","msg":"Error retrieving TTL, defaulting.","commit":"7655d9c","error":"\"knativebrokerttl\" not found"}
{"level":"info","ts":"2019-12-03T21:04:44.298Z","logger":"broker_ingress","caller":"ingress/ingress_handler.go:120","msg":"Error retrieving TTL, defaulting.","commit":"7655d9c","error":"\"knativebrokerttl\" not found"}
{"level":"info","ts":"2019-12-03T21:04:44.293Z","logger":"broker_ingress","caller":"ingress/ingress_handler.go:120","msg":"Error retrieving TTL, defaulting.","commit":"7655d9c","error":"\"knativebrokerttl\" not found"}
{"level":"info","ts":"2019-12-03T21:04:44.293Z","logger":"broker_ingress","caller":"ingress/ingress_handler.go:120","msg":"Error retrieving TTL, defaulting.","commit":"7655d9c","error":"\"knativebrokerttl\" not found"}
{"level":"info","ts":"2019-12-03T21:04:44.293Z","logger":"broker_ingress","caller":"ingress/ingress_handler.go:120","msg":"Error retrieving TTL, defaulting.","commit":"7655d9c","error":"\"knativebrokerttl\" not found"}
{"level":"info","ts":"2019-12-03T21:04:44.293Z","logger":"broker_ingress","caller":"ingress/ingress_handler.go:120","msg":"Error retrieving TTL, defaulting.","commit":"7655d9c","error":"\"knativebrokerttl\" not found"}
{"level":"info","ts":"2019-12-03T21:04:44.293Z","logger":"broker_ingress","caller":"ingress/ingress_handler.go:120","msg":"Error retrieving TTL, defaulting.","commit":"7655d9c","error":"\"knativebrokerttl\" not found"}
{"level":"info","ts":"2019-12-03T21:04:44.293Z","logger":"broker_ingress","caller":"ingress/ingress_handler.go:120","msg":"Error retrieving TTL, defaulting.","commit":"7655d9c","error":"\"knativebrokerttl\" not found"}
{"level":"info","ts":"2019-12-03T21:04:44.293Z","logger":"broker_ingress","caller":"ingress/ingress_handler.go:120","msg":"Error retrieving TTL, defaulting.","commit":"7655d9c","error":"\"knativebrokerttl\" not found"}
{"level":"info","ts":"2019-12-03T21:04:44.293Z","logger":"broker_ingress","caller":"ingress/ingress_handler.go:120","msg":"Error retrieving TTL, defaulting.","commit":"7655d9c","error":"\"knativebrokerttl\" not found"}
{"level":"info","ts":"2019-12-03T21:04:44.298Z","logger":"broker_ingress","caller":"ingress/ingress_handler.go:120","msg":"Error retrieving TTL, defaulting.","commit":"7655d9c","error":"\"knativebrokerttl\" not found"}
{"level":"info","ts":"2019-12-03T21:04:44.299Z","logger":"broker_ingress","caller":"ingress/ingress_handler.go:120","msg":"Error retrieving TTL, defaulting.","commit":"7655d9c","error":"\"knativebrokerttl\" not found"}
{"level":"info","ts":"2019-12-03T21:04:44.299Z","logger":"broker_ingress","caller":"ingress/ingress_handler.go:120","msg":"Error retrieving TTL, defaulting.","commit":"7655d9c","error":"\"knativebrokerttl\" not found"}
{"level":"info","ts":"2019-12-03T21:04:44.299Z","logger":"broker_ingress","caller":"ingress/ingress_handler.go:120","msg":"Error retrieving TTL, defaulting.","commit":"7655d9c","error":"\"knativebrokerttl\" not found"}
{"level":"info","ts":"2019-12-03T21:04:44.299Z","logger":"broker_ingress","caller":"ingress/ingress_handler.go:120","msg":"Error retrieving TTL, defaulting.","commit":"7655d9c","error":"\"knativebrokerttl\" not found"}
{"level":"info","ts":"2019-12-03T21:04:44.294Z","logger":"broker_ingress","caller":"ingress/ingress_handler.go:120","msg":"Error retrieving TTL, defaulting.","commit":"7655d9c","error":"\"knativebrokerttl\" not found"}
{"level":"info","ts":"2019-12-03T21:04:44.304Z","logger":"broker_ingress","caller":"ingress/ingress_handler.go:120","msg":"Error retrieving TTL, defaulting.","commit":"7655d9c","error":"\"knativebrokerttl\" not found"}
{"level":"info","ts":"2019-12-03T21:04:44.304Z","logger":"broker_ingress","caller":"ingress/ingress_handler.go:120","msg":"Error retrieving TTL, defaulting.","commit":"7655d9c","error":"\"knativebrokerttl\" not found"}
{"level":"info","ts":"2019-12-03T21:04:44.305Z","logger":"broker_ingress","caller":"ingress/ingress_handler.go:120","msg":"Error retrieving TTL, defaulting.","commit":"7655d9c","error":"\"knativebrokerttl\" not found"}
{"level":"info","ts":"2019-12-03T21:04:44.305Z","logger":"broker_ingress","caller":"ingress/ingress_handler.go:120","msg":"Error retrieving TTL, defaulting.","commit":"7655d9c","error":"\"knativebrokerttl\" not found"}
{"level":"info","ts":"2019-12-03T21:04:44.306Z","logger":"broker_ingress","caller":"ingress/ingress_handler.go:120","msg":"Error retrieving TTL, defaulting.","commit":"7655d9c","error":"\"knativebrokerttl\" not found"}
{"level":"info","ts":"2019-12-03T21:04:44.306Z","logger":"broker_ingress","caller":"ingress/ingress_handler.go:120","msg":"Error retrieving TTL, defaulting.","commit":"7655d9c","error":"\"knativebrokerttl\" not found"}
{"level":"info","ts":"2019-12-03T21:04:44.306Z","logger":"broker_ingress","caller":"ingress/ingress_handler.go:120","msg":"Error retrieving TTL, defaulting.","commit":"7655d9c","error":"\"knativebrokerttl\" not found"}
{"level":"info","ts":"2019-12-03T21:04:44.310Z","logger":"broker_ingress","caller":"ingress/ingress_handler.go:120","msg":"Error retrieving TTL, defaulting.","commit":"7655d9c","error":"\"knativebrokerttl\" not found"}
{"level":"info","ts":"2019-12-03T21:04:44.310Z","logger":"broker_ingress","caller":"ingress/ingress_handler.go:120","msg":"Error retrieving TTL, defaulting.","commit":"7655d9c","error":"\"knativebrokerttl\" not found"}
{"level":"info","ts":"2019-12-03T21:04:44.311Z","logger":"broker_ingress","caller":"ingress/ingress_handler.go:120","msg":"Error retrieving TTL, defaulting.","commit":"7655d9c","error":"\"knativebrokerttl\" not found"}
{"level":"info","ts":"2019-12-03T21:04:44.312Z","logger":"broker_ingress","caller":"ingress/ingress_handler.go:120","msg":"Error retrieving TTL, defaulting.","commit":"7655d9c","error":"\"knativebrokerttl\" not found"}
{"level":"info","ts":"2019-12-03T21:04:44.312Z","logger":"broker_ingress","caller":"ingress/ingress_handler.go:120","msg":"Error retrieving TTL, defaulting.","commit":"7655d9c","error":"\"knativebrokerttl\" not found"}
{"level":"info","ts":"2019-12-03T21:04:44.313Z","logger":"broker_ingress","caller":"ingress/ingress_handler.go:120","msg":"Error retrieving TTL, defaulting.","commit":"7655d9c","error":"\"knativebrokerttl\" not found"}
{"level":"info","ts":"2019-12-03T21:04:44.314Z","logger":"broker_ingress","caller":"ingress/ingress_handler.go:120","msg":"Error retrieving TTL, defaulting.","commit":"7655d9c","error":"\"knativebrokerttl\" not found"}
{"level":"info","ts":"2019-12-03T21:04:44.314Z","logger":"broker_ingress","caller":"ingress/ingress_handler.go:120","msg":"Error retrieving TTL, defaulting.","commit":"7655d9c","error":"\"knativebrokerttl\" not found"}
{"level":"info","ts":"2019-12-03T21:04:44.314Z","logger":"broker_ingress","caller":"ingress/ingress_handler.go:120","msg":"Error retrieving TTL, defaulting.","commit":"7655d9c","error":"\"knativebrokerttl\" not found"}
{"level":"info","ts":"2019-12-03T21:04:44.314Z","logger":"broker_ingress","caller":"ingress/ingress_handler.go:120","msg":"Error retrieving TTL, defaulting.","commit":"7655d9c","error":"\"knativebrokerttl\" not found"}
{"level":"info","ts":"2019-12-03T21:04:44.305Z","logger":"broker_ingress","caller":"ingress/ingress_handler.go:120","msg":"Error retrieving TTL, defaulting.","commit":"7655d9c","error":"\"knativebrokerttl\" not found"}
{"level":"info","ts":"2019-12-03T21:04:44.315Z","logger":"broker_ingress","caller":"ingress/ingress_handler.go:120","msg":"Error retrieving TTL, defaulting.","commit":"7655d9c","error":"\"knativebrokerttl\" not found"}
{"level":"info","ts":"2019-12-03T21:04:44.315Z","logger":"broker_ingress","caller":"ingress/ingress_handler.go:120","msg":"Error retrieving TTL, defaulting.","commit":"7655d9c","error":"\"knativebrokerttl\" not found"}
{"level":"info","ts":"2019-12-03T21:04:44.316Z","logger":"broker_ingress","caller":"ingress/ingress_handler.go:120","msg":"Error retrieving TTL, defaulting.","commit":"7655d9c","error":"\"knativebrokerttl\" not found"}
{"level":"info","ts":"2019-12-03T21:04:44.316Z","logger":"broker_ingress","caller":"ingress/ingress_handler.go:120","msg":"Error retrieving TTL, defaulting.","commit":"7655d9c","error":"\"knativebrokerttl\" not found"}
{"level":"info","ts":"2019-12-03T21:04:44.317Z","logger":"broker_ingress","caller":"ingress/ingress_handler.go:120","msg":"Error retrieving TTL, defaulting.","commit":"7655d9c","error":"\"knativebrokerttl\" not found"}
{"level":"info","ts":"2019-12-03T21:04:44.318Z","logger":"broker_ingress","caller":"ingress/ingress_handler.go:120","msg":"Error retrieving TTL, defaulting.","commit":"7655d9c","error":"\"knativebrokerttl\" not found"}
{"level":"info","ts":"2019-12-03T21:04:44.319Z","logger":"broker_ingress","caller":"ingress/ingress_handler.go:120","msg":"Error retrieving TTL, defaulting.","commit":"7655d9c","error":"\"knativebrokerttl\" not found"}
{"level":"info","ts":"2019-12-03T21:04:44.322Z","logger":"broker_ingress","caller":"ingress/ingress_handler.go:120","msg":"Error retrieving TTL, defaulting.","commit":"7655d9c","error":"\"knativebrokerttl\" not found"}
{"level":"info","ts":"2019-12-03T21:04:44.323Z","logger":"broker_ingress","caller":"ingress/ingress_handler.go:120","msg":"Error retrieving TTL, defaulting.","commit":"7655d9c","error":"\"knativebrokerttl\" not found"}
{"level":"info","ts":"2019-12-03T21:04:44.324Z","logger":"broker_ingress","caller":"ingress/ingress_handler.go:120","msg":"Error retrieving TTL, defaulting.","commit":"7655d9c","error":"\"knativebrokerttl\" not found"}
{"level":"info","ts":"2019-12-03T21:04:44.325Z","logger":"broker_ingress","caller":"ingress/ingress_handler.go:120","msg":"Error retrieving TTL, defaulting.","commit":"7655d9c","error":"\"knativebrokerttl\" not found"}
{"level":"info","ts":"2019-12-03T21:04:44.326Z","logger":"broker_ingress","caller":"ingress/ingress_handler.go:120","msg":"Error retrieving TTL, defaulting.","commit":"7655d9c","error":"\"knativebrokerttl\" not found"}
{"level":"info","ts":"2019-12-03T21:04:44.325Z","logger":"broker_ingress","caller":"ingress/ingress_handler.go:120","msg":"Error retrieving TTL, defaulting.","commit":"7655d9c","error":"\"knativebrokerttl\" not found"}
{"level":"info","ts":"2019-12-03T21:04:44.327Z","logger":"broker_ingress","caller":"ingress/ingress_handler.go:120","msg":"Error retrieving TTL, defaulting.","commit":"7655d9c","error":"\"knativebrokerttl\" not found"}
{"level":"info","ts":"2019-12-03T21:04:44.327Z","logger":"broker_ingress","caller":"ingress/ingress_handler.go:120","msg":"Error retrieving TTL, defaulting.","commit":"7655d9c","error":"\"knativebrokerttl\" not found"}
{"level":"info","ts":"2019-12-03T21:04:44.329Z","logger":"broker_ingress","caller":"ingress/ingress_handler.go:120","msg":"Error retrieving TTL, defaulting.","commit":"7655d9c","error":"\"knativebrokerttl\" not found"}
{"level":"info","ts":"2019-12-03T21:04:44.329Z","logger":"broker_ingress","caller":"ingress/ingress_handler.go:120","msg":"Error retrieving TTL, defaulting.","commit":"7655d9c","error":"\"knativebrokerttl\" not found"}
{"level":"info","ts":"2019-12-03T21:04:44.330Z","logger":"broker_ingress","caller":"ingress/ingress_handler.go:120","msg":"Error retrieving TTL, defaulting.","commit":"7655d9c","error":"\"knativebrokerttl\" not found"}
{"level":"info","ts":"2019-12-03T21:04:44.332Z","logger":"broker_ingress","caller":"ingress/ingress_handler.go:120","msg":"Error retrieving TTL, defaulting.","commit":"7655d9c","error":"\"knativebrokerttl\" not found"}
{"level":"info","ts":"2019-12-03T21:04:44.332Z","logger":"broker_ingress","caller":"ingress/ingress_handler.go:120","msg":"Error retrieving TTL, defaulting.","commit":"7655d9c","error":"\"knativebrokerttl\" not found"}
{"level":"info","ts":"2019-12-03T21:04:44.333Z","logger":"broker_ingress","caller":"ingress/ingress_handler.go:120","msg":"Error retrieving TTL, defaulting.","commit":"7655d9c","error":"\"knativebrokerttl\" not found"}
{"level":"info","ts":"2019-12-03T21:04:44.333Z","logger":"broker_ingress","caller":"ingress/ingress_handler.go:120","msg":"Error retrieving TTL, defaulting.","commit":"7655d9c","error":"\"knativebrokerttl\" not found"}
{"level":"info","ts":"2019-12-03T21:04:44.335Z","logger":"broker_ingress","caller":"ingress/ingress_handler.go:120","msg":"Error retrieving TTL, defaulting.","commit":"7655d9c","error":"\"knativebrokerttl\" not found"}
{"level":"info","ts":"2019-12-03T21:04:44.335Z","logger":"broker_ingress","caller":"ingress/ingress_handler.go:120","msg":"Error retrieving TTL, defaulting.","commit":"7655d9c","error":"\"knativebrokerttl\" not found"}
{"level":"info","ts":"2019-12-03T21:04:44.335Z","logger":"broker_ingress","caller":"ingress/ingress_handler.go:120","msg":"Error retrieving TTL, defaulting.","commit":"7655d9c","error":"\"knativebrokerttl\" not found"}
{"level":"info","ts":"2019-12-03T21:04:44.337Z","logger":"broker_ingress","caller":"ingress/ingress_handler.go:120","msg":"Error retrieving TTL, defaulting.","commit":"7655d9c","error":"\"knativebrokerttl\" not found"}
{"level":"info","ts":"2019-12-03T21:04:44.337Z","logger":"broker_ingress","caller":"ingress/ingress_handler.go:120","msg":"Error retrieving TTL, defaulting.","commit":"7655d9c","error":"\"knativebrokerttl\" not found"}
{"level":"info","ts":"2019-12-03T21:04:44.340Z","logger":"broker_ingress","caller":"ingress/ingress_handler.go:120","msg":"Error retrieving TTL, defaulting.","commit":"7655d9c","error":"\"knativebrokerttl\" not found"}
{"level":"info","ts":"2019-12-03T21:04:44.341Z","logger":"broker_ingress","caller":"ingress/ingress_handler.go:120","msg":"Error retrieving TTL, defaulting.","commit":"7655d9c","error":"\"knativebrokerttl\" not found"}
{"level":"info","ts":"2019-12-03T21:04:44.342Z","logger":"broker_ingress","caller":"ingress/ingress_handler.go:120","msg":"Error retrieving TTL, defaulting.","commit":"7655d9c","error":"\"knativebrokerttl\" not found"}
{"level":"info","ts":"2019-12-03T21:04:44.344Z","logger":"broker_ingress","caller":"ingress/ingress_handler.go:120","msg":"Error retrieving TTL, defaulting.","commit":"7655d9c","error":"\"knativebrokerttl\" not found"}
{"level":"info","ts":"2019-12-03T21:04:44.344Z","logger":"broker_ingress","caller":"ingress/ingress_handler.go:120","msg":"Error retrieving TTL, defaulting.","commit":"7655d9c","error":"\"knativebrokerttl\" not found"}
{"level":"info","ts":"2019-12-03T21:04:44.345Z","logger":"broker_ingress","caller":"ingress/ingress_handler.go:120","msg":"Error retrieving TTL, defaulting.","commit":"7655d9c","error":"\"knativebrokerttl\" not found"}
{"level":"info","ts":"2019-12-03T21:04:44.346Z","logger":"broker_ingress","caller":"ingress/ingress_handler.go:120","msg":"Error retrieving TTL, defaulting.","commit":"7655d9c","error":"\"knativebrokerttl\" not found"}
{"level":"info","ts":"2019-12-03T21:04:44.346Z","logger":"broker_ingress","caller":"ingress/ingress_handler.go:120","msg":"Error retrieving TTL, defaulting.","commit":"7655d9c","error":"\"knativebrokerttl\" not found"}
{"level":"info","ts":"2019-12-03T21:04:44.348Z","logger":"broker_ingress","caller":"ingress/ingress_handler.go:120","msg":"Error retrieving TTL, defaulting.","commit":"7655d9c","error":"\"knativebrokerttl\" not found"}
{"level":"info","ts":"2019-12-03T21:04:44.349Z","logger":"broker_ingress","caller":"ingress/ingress_handler.go:120","msg":"Error retrieving TTL, defaulting.","commit":"7655d9c","error":"\"knativebrokerttl\" not found"}
{"level":"info","ts":"2019-12-03T21:04:44.349Z","logger":"broker_ingress","caller":"ingress/ingress_handler.go:120","msg":"Error retrieving TTL, defaulting.","commit":"7655d9c","error":"\"knativebrokerttl\" not found"}
{"level":"info","ts":"2019-12-03T21:04:44.351Z","logger":"broker_ingress","caller":"ingress/ingress_handler.go:120","msg":"Error retrieving TTL, defaulting.","commit":"7655d9c","error":"\"knativebrokerttl\" not found"}
{"level":"info","ts":"2019-12-03T21:04:44.352Z","logger":"broker_ingress","caller":"ingress/ingress_handler.go:120","msg":"Error retrieving TTL, defaulting.","commit":"7655d9c","error":"\"knativebrokerttl\" not found"}
{"level":"info","ts":"2019-12-03T21:04:44.352Z","logger":"broker_ingress","caller":"ingress/ingress_handler.go:120","msg":"Error retrieving TTL, defaulting.","commit":"7655d9c","error":"\"knativebrokerttl\" not found"}
{"level":"info","ts":"2019-12-03T21:04:44.351Z","logger":"broker_ingress","caller":"ingress/ingress_handler.go:120","msg":"Error retrieving TTL, defaulting.","commit":"7655d9c","error":"\"knativebrokerttl\" not found"}
{"level":"info","ts":"2019-12-03T21:04:44.355Z","logger":"broker_ingress","caller":"ingress/ingress_handler.go:120","msg":"Error retrieving TTL, defaulting.","commit":"7655d9c","error":"\"knativebrokerttl\" not found"}
{"level":"info","ts":"2019-12-03T21:04:44.354Z","logger":"broker_ingress","caller":"ingress/ingress_handler.go:120","msg":"Error retrieving TTL, defaulting.","commit":"7655d9c","error":"\"knativebrokerttl\" not found"}
{"level":"info","ts":"2019-12-03T21:04:44.354Z","logger":"broker_ingress","caller":"ingress/ingress_handler.go:120","msg":"Error retrieving TTL, defaulting.","commit":"7655d9c","error":"\"knativebrokerttl\" not found"}
{"level":"info","ts":"2019-12-03T21:04:44.355Z","logger":"broker_ingress","caller":"ingress/ingress_handler.go:120","msg":"Error retrieving TTL, defaulting.","commit":"7655d9c","error":"\"knativebrokerttl\" not found"}
{"level":"info","ts":"2019-12-03T21:04:44.356Z","logger":"broker_ingress","caller":"ingress/ingress_handler.go:120","msg":"Error retrieving TTL, defaulting.","commit":"7655d9c","error":"\"knativebrokerttl\" not found"}
{"level":"info","ts":"2019-12-03T21:04:44.357Z","logger":"broker_ingress","caller":"ingress/ingress_handler.go:120","msg":"Error retrieving TTL, defaulting.","commit":"7655d9c","error":"\"knativebrokerttl\" not found"}
{"level":"info","ts":"2019-12-03T21:04:44.360Z","logger":"broker_ingress","caller":"ingress/ingress_handler.go:120","msg":"Error retrieving TTL, defaulting.","commit":"7655d9c","error":"\"knativebrokerttl\" not found"}
{"level":"info","ts":"2019-12-03T21:04:44.362Z","logger":"broker_ingress","caller":"ingress/ingress_handler.go:120","msg":"Error retrieving TTL, defaulting.","commit":"7655d9c","error":"\"knativebrokerttl\" not found"}
{"level":"info","ts":"2019-12-03T21:04:44.362Z","logger":"broker_ingress","caller":"ingress/ingress_handler.go:120","msg":"Error retrieving TTL, defaulting.","commit":"7655d9c","error":"\"knativebrokerttl\" not found"}
{"level":"info","ts":"2019-12-03T21:04:44.363Z","logger":"broker_ingress","caller":"ingress/ingress_handler.go:120","msg":"Error retrieving TTL, defaulting.","commit":"7655d9c","error":"\"knativebrokerttl\" not found"}
{"level":"info","ts":"2019-12-03T21:04:44.364Z","logger":"broker_ingress","caller":"ingress/ingress_handler.go:120","msg":"Error retrieving TTL, defaulting.","commit":"7655d9c","error":"\"knativebrokerttl\" not found"}
{"level":"info","ts":"2019-12-03T21:04:44.366Z","logger":"broker_ingress","caller":"ingress/ingress_handler.go:120","msg":"Error retrieving TTL, defaulting.","commit":"7655d9c","error":"\"knativebrokerttl\" not found"}
{"level":"info","ts":"2019-12-03T21:04:44.367Z","logger":"broker_ingress","caller":"ingress/ingress_handler.go:120","msg":"Error retrieving TTL, defaulting.","commit":"7655d9c","error":"\"knativebrokerttl\" not found"}
{"level":"info","ts":"2019-12-03T21:04:44.368Z","logger":"broker_ingress","caller":"ingress/ingress_handler.go:120","msg":"Error retrieving TTL, defaulting.","commit":"7655d9c","error":"\"knativebrokerttl\" not found"}
{"level":"info","ts":"2019-12-03T21:04:44.368Z","logger":"broker_ingress","caller":"ingress/ingress_handler.go:120","msg":"Error retrieving TTL, defaulting.","commit":"7655d9c","error":"\"knativebrokerttl\" not found"}
{"level":"info","ts":"2019-12-03T21:04:44.369Z","logger":"broker_ingress","caller":"ingress/ingress_handler.go:120","msg":"Error retrieving TTL, defaulting.","commit":"7655d9c","error":"\"knativebrokerttl\" not found"}
{"level":"info","ts":"2019-12-03T21:04:44.370Z","logger":"broker_ingress","caller":"ingress/ingress_handler.go:120","msg":"Error retrieving TTL, defaulting.","commit":"7655d9c","error":"\"knativebrokerttl\" not found"}
{"level":"info","ts":"2019-12-03T21:04:44.370Z","logger":"broker_ingress","caller":"ingress/ingress_handler.go:120","msg":"Error retrieving TTL, defaulting.","commit":"7655d9c","error":"\"knativebrokerttl\" not found"}
{"level":"info","ts":"2019-12-03T21:04:44.370Z","logger":"broker_ingress","caller":"ingress/ingress_handler.go:120","msg":"Error retrieving TTL, defaulting.","commit":"7655d9c","error":"\"knativebrokerttl\" not found"}
{"level":"info","ts":"2019-12-03T21:04:44.371Z","logger":"broker_ingress","caller":"ingress/ingress_handler.go:120","msg":"Error retrieving TTL, defaulting.","commit":"7655d9c","error":"\"knativebrokerttl\" not found"}
{"level":"info","ts":"2019-12-03T21:04:44.365Z","logger":"broker_ingress","caller":"ingress/ingress_handler.go:120","msg":"Error retrieving TTL, defaulting.","commit":"7655d9c","error":"\"knativebrokerttl\" not found"}
{"level":"info","ts":"2019-12-03T21:04:44.375Z","logger":"broker_ingress","caller":"ingress/ingress_handler.go:120","msg":"Error retrieving TTL, defaulting.","commit":"7655d9c","error":"\"knativebrokerttl\" not found"}
{"level":"info","ts":"2019-12-03T21:04:44.375Z","logger":"broker_ingress","caller":"ingress/ingress_handler.go:120","msg":"Error retrieving TTL, defaulting.","commit":"7655d9c","error":"\"knativebrokerttl\" not found"}
{"level":"info","ts":"2019-12-03T21:04:44.376Z","logger":"broker_ingress","caller":"ingress/ingress_handler.go:120","msg":"Error retrieving TTL, defaulting.","commit":"7655d9c","error":"\"knativebrokerttl\" not found"}
{"level":"info","ts":"2019-12-03T21:04:44.376Z","logger":"broker_ingress","caller":"ingress/ingress_handler.go:120","msg":"Error retrieving TTL, defaulting.","commit":"7655d9c","error":"\"knativebrokerttl\" not found"}
{"level":"info","ts":"2019-12-03T21:04:44.377Z","logger":"broker_ingress","caller":"ingress/ingress_handler.go:120","msg":"Error retrieving TTL, defaulting.","commit":"7655d9c","error":"\"knativebrokerttl\" not found"}
{"level":"info","ts":"2019-12-03T21:04:44.377Z","logger":"broker_ingress","caller":"ingress/ingress_handler.go:120","msg":"Error retrieving TTL, defaulting.","commit":"7655d9c","error":"\"knativebrokerttl\" not found"}
{"level":"info","ts":"2019-12-03T21:04:44.379Z","logger":"broker_ingress","caller":"ingress/ingress_handler.go:120","msg":"Error retrieving TTL, defaulting.","commit":"7655d9c","error":"\"knativebrokerttl\" not found"}
{"level":"info","ts":"2019-12-03T21:04:44.379Z","logger":"broker_ingress","caller":"ingress/ingress_handler.go:120","msg":"Error retrieving TTL, defaulting.","commit":"7655d9c","error":"\"knativebrokerttl\" not found"}
{"level":"info","ts":"2019-12-03T21:04:44.379Z","logger":"broker_ingress","caller":"ingress/ingress_handler.go:120","msg":"Error retrieving TTL, defaulting.","commit":"7655d9c","error":"\"knativebrokerttl\" not found"}
{"level":"info","ts":"2019-12-03T21:04:44.379Z","logger":"broker_ingress","caller":"ingress/ingress_handler.go:120","msg":"Error retrieving TTL, defaulting.","commit":"7655d9c","error":"\"knativebrokerttl\" not found"}
{"level":"info","ts":"2019-12-03T21:04:44.379Z","logger":"broker_ingress","caller":"ingress/ingress_handler.go:120","msg":"Error retrieving TTL, defaulting.","commit":"7655d9c","error":"\"knativebrokerttl\" not found"}
{"level":"info","ts":"2019-12-03T21:04:44.382Z","logger":"broker_ingress","caller":"ingress/ingress_handler.go:120","msg":"Error retrieving TTL, defaulting.","commit":"7655d9c","error":"\"knativebrokerttl\" not found"}
{"level":"info","ts":"2019-12-03T21:04:44.382Z","logger":"broker_ingress","caller":"ingress/ingress_handler.go:120","msg":"Error retrieving TTL, defaulting.","commit":"7655d9c","error":"\"knativebrokerttl\" not found"}
{"level":"info","ts":"2019-12-03T21:04:44.383Z","logger":"broker_ingress","caller":"ingress/ingress_handler.go:120","msg":"Error retrieving TTL, defaulting.","commit":"7655d9c","error":"\"knativebrokerttl\" not found"}
{"level":"info","ts":"2019-12-03T21:04:44.384Z","logger":"broker_ingress","caller":"ingress/ingress_handler.go:120","msg":"Error retrieving TTL, defaulting.","commit":"7655d9c","error":"\"knativebrokerttl\" not found"}
{"level":"info","ts":"2019-12-03T21:04:44.385Z","logger":"broker_ingress","caller":"ingress/ingress_handler.go:120","msg":"Error retrieving TTL, defaulting.","commit":"7655d9c","error":"\"knativebrokerttl\" not found"}
{"level":"info","ts":"2019-12-03T21:04:44.386Z","logger":"broker_ingress","caller":"ingress/ingress_handler.go:120","msg":"Error retrieving TTL, defaulting.","commit":"7655d9c","error":"\"knativebrokerttl\" not found"}
{"level":"info","ts":"2019-12-03T21:04:44.386Z","logger":"broker_ingress","caller":"ingress/ingress_handler.go:120","msg":"Error retrieving TTL, defaulting.","commit":"7655d9c","error":"\"knativebrokerttl\" not found"}
{"level":"info","ts":"2019-12-03T21:04:44.387Z","logger":"broker_ingress","caller":"ingress/ingress_handler.go:120","msg":"Error retrieving TTL, defaulting.","commit":"7655d9c","error":"\"knativebrokerttl\" not found"}
{"level":"info","ts":"2019-12-03T21:04:44.388Z","logger":"broker_ingress","caller":"ingress/ingress_handler.go:120","msg":"Error retrieving TTL, defaulting.","commit":"7655d9c","error":"\"knativebrokerttl\" not found"}
{"level":"info","ts":"2019-12-03T21:04:44.389Z","logger":"broker_ingress","caller":"ingress/ingress_handler.go:120","msg":"Error retrieving TTL, defaulting.","commit":"7655d9c","error":"\"knativebrokerttl\" not found"}
{"level":"info","ts":"2019-12-03T21:04:44.390Z","logger":"broker_ingress","caller":"ingress/ingress_handler.go:120","msg":"Error retrieving TTL, defaulting.","commit":"7655d9c","error":"\"knativebrokerttl\" not found"}
{"level":"info","ts":"2019-12-03T21:04:44.390Z","logger":"broker_ingress","caller":"ingress/ingress_handler.go:120","msg":"Error retrieving TTL, defaulting.","commit":"7655d9c","error":"\"knativebrokerttl\" not found"}
{"level":"info","ts":"2019-12-03T21:04:44.392Z","logger":"broker_ingress","caller":"ingress/ingress_handler.go:120","msg":"Error retrieving TTL, defaulting.","commit":"7655d9c","error":"\"knativebrokerttl\" not found"}
{"level":"info","ts":"2019-12-03T21:04:44.393Z","logger":"broker_ingress","caller":"ingress/ingress_handler.go:120","msg":"Error retrieving TTL, defaulting.","commit":"7655d9c","error":"\"knativebrokerttl\" not found"}
{"level":"info","ts":"2019-12-03T21:04:44.393Z","logger":"broker_ingress","caller":"ingress/ingress_handler.go:120","msg":"Error retrieving TTL, defaulting.","commit":"7655d9c","error":"\"knativebrokerttl\" not found"}
{"level":"info","ts":"2019-12-03T21:04:44.395Z","logger":"broker_ingress","caller":"ingress/ingress_handler.go:120","msg":"Error retrieving TTL, defaulting.","commit":"7655d9c","error":"\"knativebrokerttl\" not found"}
{"level":"info","ts":"2019-12-03T21:04:44.396Z","logger":"broker_ingress","caller":"ingress/ingress_handler.go:120","msg":"Error retrieving TTL, defaulting.","commit":"7655d9c","error":"\"knativebrokerttl\" not found"}
{"level":"info","ts":"2019-12-03T21:04:44.397Z","logger":"broker_ingress","caller":"ingress/ingress_handler.go:120","msg":"Error retrieving TTL, defaulting.","commit":"7655d9c","error":"\"knativebrokerttl\" not found"}
{"level":"info","ts":"2019-12-03T21:04:44.397Z","logger":"broker_ingress","caller":"ingress/ingress_handler.go:120","msg":"Error retrieving TTL, defaulting.","commit":"7655d9c","error":"\"knativebrokerttl\" not found"}
{"level":"info","ts":"2019-12-03T21:04:44.398Z","logger":"broker_ingress","caller":"ingress/ingress_handler.go:120","msg":"Error retrieving TTL, defaulting.","commit":"7655d9c","error":"\"knativebrokerttl\" not found"}
{"level":"info","ts":"2019-12-03T21:04:44.399Z","logger":"broker_ingress","caller":"ingress/ingress_handler.go:120","msg":"Error retrieving TTL, defaulting.","commit":"7655d9c","error":"\"knativebrokerttl\" not found"}
{"level":"info","ts":"2019-12-03T21:04:44.401Z","logger":"broker_ingress","caller":"ingress/ingress_handler.go:120","msg":"Error retrieving TTL, defaulting.","commit":"7655d9c","error":"\"knativebrokerttl\" not found"}
{"level":"info","ts":"2019-12-03T21:04:44.402Z","logger":"broker_ingress","caller":"ingress/ingress_handler.go:120","msg":"Error retrieving TTL, defaulting.","commit":"7655d9c","error":"\"knativebrokerttl\" not found"}
{"level":"info","ts":"2019-12-03T21:04:44.403Z","logger":"broker_ingress","caller":"ingress/ingress_handler.go:120","msg":"Error retrieving TTL, defaulting.","commit":"7655d9c","error":"\"knativebrokerttl\" not found"}
{"level":"info","ts":"2019-12-03T21:04:44.403Z","logger":"broker_ingress","caller":"ingress/ingress_handler.go:120","msg":"Error retrieving TTL, defaulting.","commit":"7655d9c","error":"\"knativebrokerttl\" not found"}
{"level":"info","ts":"2019-12-03T21:04:44.404Z","logger":"broker_ingress","caller":"ingress/ingress_handler.go:120","msg":"Error retrieving TTL, defaulting.","commit":"7655d9c","error":"\"knativebrokerttl\" not found"}
{"level":"info","ts":"2019-12-03T21:04:44.405Z","logger":"broker_ingress","caller":"ingress/ingress_handler.go:120","msg":"Error retrieving TTL, defaulting.","commit":"7655d9c","error":"\"knativebrokerttl\" not found"}
{"level":"info","ts":"2019-12-03T21:04:44.406Z","logger":"broker_ingress","caller":"ingress/ingress_handler.go:120","msg":"Error retrieving TTL, defaulting.","commit":"7655d9c","error":"\"knativebrokerttl\" not found"}
{"level":"info","ts":"2019-12-03T21:04:44.407Z","logger":"broker_ingress","caller":"ingress/ingress_handler.go:120","msg":"Error retrieving TTL, defaulting.","commit":"7655d9c","error":"\"knativebrokerttl\" not found"}
{"level":"info","ts":"2019-12-03T21:04:44.408Z","logger":"broker_ingress","caller":"ingress/ingress_handler.go:120","msg":"Error retrieving TTL, defaulting.","commit":"7655d9c","error":"\"knativebrokerttl\" not found"}
{"level":"info","ts":"2019-12-03T21:04:44.409Z","logger":"broker_ingress","caller":"ingress/ingress_handler.go:120","msg":"Error retrieving TTL, defaulting.","commit":"7655d9c","error":"\"knativebrokerttl\" not found"}
{"level":"info","ts":"2019-12-03T21:04:44.410Z","logger":"broker_ingress","caller":"ingress/ingress_handler.go:120","msg":"Error retrieving TTL, defaulting.","commit":"7655d9c","error":"\"knativebrokerttl\" not found"}
{"level":"info","ts":"2019-12-03T21:04:44.411Z","logger":"broker_ingress","caller":"ingress/ingress_handler.go:120","msg":"Error retrieving TTL, defaulting.","commit":"7655d9c","error":"\"knativebrokerttl\" not found"}
{"level":"info","ts":"2019-12-03T21:04:44.411Z","logger":"broker_ingress","caller":"ingress/ingress_handler.go:120","msg":"Error retrieving TTL, defaulting.","commit":"7655d9c","error":"\"knativebrokerttl\" not found"}
{"level":"info","ts":"2019-12-03T21:04:44.412Z","logger":"broker_ingress","caller":"ingress/ingress_handler.go:120","msg":"Error retrieving TTL, defaulting.","commit":"7655d9c","error":"\"knativebrokerttl\" not found"}
{"level":"info","ts":"2019-12-03T21:04:44.414Z","logger":"broker_ingress","caller":"ingress/ingress_handler.go:120","msg":"Error retrieving TTL, defaulting.","commit":"7655d9c","error":"\"knativebrokerttl\" not found"}
{"level":"info","ts":"2019-12-03T21:04:44.415Z","logger":"broker_ingress","caller":"ingress/ingress_handler.go:120","msg":"Error retrieving TTL, defaulting.","commit":"7655d9c","error":"\"knativebrokerttl\" not found"}
{"level":"info","ts":"2019-12-03T21:04:44.416Z","logger":"broker_ingress","caller":"ingress/ingress_handler.go:120","msg":"Error retrieving TTL, defaulting.","commit":"7655d9c","error":"\"knativebrokerttl\" not found"}
{"level":"info","ts":"2019-12-03T21:04:44.416Z","logger":"broker_ingress","caller":"ingress/ingress_handler.go:120","msg":"Error retrieving TTL, defaulting.","commit":"7655d9c","error":"\"knativebrokerttl\" not found"}
{"level":"info","ts":"2019-12-03T21:04:44.421Z","logger":"broker_ingress","caller":"ingress/ingress_handler.go:120","msg":"Error retrieving TTL, defaulting.","commit":"7655d9c","error":"\"knativebrokerttl\" not found"}
{"level":"info","ts":"2019-12-03T21:04:44.422Z","logger":"broker_ingress","caller":"ingress/ingress_handler.go:120","msg":"Error retrieving TTL, defaulting.","commit":"7655d9c","error":"\"knativebrokerttl\" not found"}
{"level":"info","ts":"2019-12-03T21:04:44.422Z","logger":"broker_ingress","caller":"ingress/ingress_handler.go:120","msg":"Error retrieving TTL, defaulting.","commit":"7655d9c","error":"\"knativebrokerttl\" not found"}
{"level":"info","ts":"2019-12-03T21:04:44.425Z","logger":"broker_ingress","caller":"ingress/ingress_handler.go:120","msg":"Error retrieving TTL, defaulting.","commit":"7655d9c","error":"\"knativebrokerttl\" not found"}
{"level":"info","ts":"2019-12-03T21:04:44.420Z","logger":"broker_ingress","caller":"ingress/ingress_handler.go:120","msg":"Error retrieving TTL, defaulting.","commit":"7655d9c","error":"\"knativebrokerttl\" not found"}
{"level":"info","ts":"2019-12-03T21:04:44.425Z","logger":"broker_ingress","caller":"ingress/ingress_handler.go:120","msg":"Error retrieving TTL, defaulting.","commit":"7655d9c","error":"\"knativebrokerttl\" not found"}
{"level":"info","ts":"2019-12-03T21:04:44.423Z","logger":"broker_ingress","caller":"ingress/ingress_handler.go:120","msg":"Error retrieving TTL, defaulting.","commit":"7655d9c","error":"\"knativebrokerttl\" not found"}
{"level":"info","ts":"2019-12-03T21:04:44.423Z","logger":"broker_ingress","caller":"ingress/ingress_handler.go:120","msg":"Error retrieving TTL, defaulting.","commit":"7655d9c","error":"\"knativebrokerttl\" not found"}
{"level":"info","ts":"2019-12-03T21:04:44.423Z","logger":"broker_ingress","caller":"ingress/ingress_handler.go:120","msg":"Error retrieving TTL, defaulting.","commit":"7655d9c","error":"\"knativebrokerttl\" not found"}
{"level":"info","ts":"2019-12-03T21:04:44.426Z","logger":"broker_ingress","caller":"ingress/ingress_handler.go:120","msg":"Error retrieving TTL, defaulting.","commit":"7655d9c","error":"\"knativebrokerttl\" not found"}
{"level":"info","ts":"2019-12-03T21:04:44.431Z","logger":"broker_ingress","caller":"ingress/ingress_handler.go:120","msg":"Error retrieving TTL, defaulting.","commit":"7655d9c","error":"\"knativebrokerttl\" not found"}
{"level":"info","ts":"2019-12-03T21:04:44.434Z","logger":"broker_ingress","caller":"ingress/ingress_handler.go:120","msg":"Error retrieving TTL, defaulting.","commit":"7655d9c","error":"\"knativebrokerttl\" not found"}
{"level":"info","ts":"2019-12-03T21:04:44.435Z","logger":"broker_ingress","caller":"ingress/ingress_handler.go:120","msg":"Error retrieving TTL, defaulting.","commit":"7655d9c","error":"\"knativebrokerttl\" not found"}
{"level":"info","ts":"2019-12-03T21:04:44.435Z","logger":"broker_ingress","caller":"ingress/ingress_handler.go:120","msg":"Error retrieving TTL, defaulting.","commit":"7655d9c","error":"\"knativebrokerttl\" not found"}
{"level":"info","ts":"2019-12-03T21:04:44.435Z","logger":"broker_ingress","caller":"ingress/ingress_handler.go:120","msg":"Error retrieving TTL, defaulting.","commit":"7655d9c","error":"\"knativebrokerttl\" not found"}
{"level":"info","ts":"2019-12-03T21:04:44.436Z","logger":"broker_ingress","caller":"ingress/ingress_handler.go:120","msg":"Error retrieving TTL, defaulting.","commit":"7655d9c","error":"\"knativebrokerttl\" not found"}
{"level":"info","ts":"2019-12-03T21:04:44.437Z","logger":"broker_ingress","caller":"ingress/ingress_handler.go:120","msg":"Error retrieving TTL, defaulting.","commit":"7655d9c","error":"\"knativebrokerttl\" not found"}
{"level":"info","ts":"2019-12-03T21:04:44.437Z","logger":"broker_ingress","caller":"ingress/ingress_handler.go:120","msg":"Error retrieving TTL, defaulting.","commit":"7655d9c","error":"\"knativebrokerttl\" not found"}
{"level":"info","ts":"2019-12-03T21:04:44.437Z","logger":"broker_ingress","caller":"ingress/ingress_handler.go:120","msg":"Error retrieving TTL, defaulting.","commit":"7655d9c","error":"\"knativebrokerttl\" not found"}
{"level":"info","ts":"2019-12-03T21:04:44.437Z","logger":"broker_ingress","caller":"ingress/ingress_handler.go:120","msg":"Error retrieving TTL, defaulting.","commit":"7655d9c","error":"\"knativebrokerttl\" not found"}
{"level":"info","ts":"2019-12-03T21:04:44.438Z","logger":"broker_ingress","caller":"ingress/ingress_handler.go:120","msg":"Error retrieving TTL, defaulting.","commit":"7655d9c","error":"\"knativebrokerttl\" not found"}
{"level":"info","ts":"2019-12-03T21:04:44.438Z","logger":"broker_ingress","caller":"ingress/ingress_handler.go:120","msg":"Error retrieving TTL, defaulting.","commit":"7655d9c","error":"\"knativebrokerttl\" not found"}
{"level":"info","ts":"2019-12-03T21:04:44.438Z","logger":"broker_ingress","caller":"ingress/ingress_handler.go:120","msg":"Error retrieving TTL, defaulting.","commit":"7655d9c","error":"\"knativebrokerttl\" not found"}
{"level":"info","ts":"2019-12-03T21:04:44.438Z","logger":"broker_ingress","caller":"ingress/ingress_handler.go:120","msg":"Error retrieving TTL, defaulting.","commit":"7655d9c","error":"\"knativebrokerttl\" not found"}
{"level":"info","ts":"2019-12-03T21:04:44.442Z","logger":"broker_ingress","caller":"ingress/ingress_handler.go:120","msg":"Error retrieving TTL, defaulting.","commit":"7655d9c","error":"\"knativebrokerttl\" not found"}
{"level":"info","ts":"2019-12-03T21:04:44.442Z","logger":"broker_ingress","caller":"ingress/ingress_handler.go:120","msg":"Error retrieving TTL, defaulting.","commit":"7655d9c","error":"\"knativebrokerttl\" not found"}
{"level":"info","ts":"2019-12-03T21:04:44.443Z","logger":"broker_ingress","caller":"ingress/ingress_handler.go:120","msg":"Error retrieving TTL, defaulting.","commit":"7655d9c","error":"\"knativebrokerttl\" not found"}
{"level":"info","ts":"2019-12-03T21:04:44.444Z","logger":"broker_ingress","caller":"ingress/ingress_handler.go:120","msg":"Error retrieving TTL, defaulting.","commit":"7655d9c","error":"\"knativebrokerttl\" not found"}
{"level":"info","ts":"2019-12-03T21:04:44.445Z","logger":"broker_ingress","caller":"ingress/ingress_handler.go:120","msg":"Error retrieving TTL, defaulting.","commit":"7655d9c","error":"\"knativebrokerttl\" not found"}
{"level":"info","ts":"2019-12-03T21:04:44.446Z","logger":"broker_ingress","caller":"ingress/ingress_handler.go:120","msg":"Error retrieving TTL, defaulting.","commit":"7655d9c","error":"\"knativebrokerttl\" not found"}
{"level":"info","ts":"2019-12-03T21:04:44.448Z","logger":"broker_ingress","caller":"ingress/ingress_handler.go:120","msg":"Error retrieving TTL, defaulting.","commit":"7655d9c","error":"\"knativebrokerttl\" not found"}
{"level":"info","ts":"2019-12-03T21:04:44.449Z","logger":"broker_ingress","caller":"ingress/ingress_handler.go:120","msg":"Error retrieving TTL, defaulting.","commit":"7655d9c","error":"\"knativebrokerttl\" not found"}
{"level":"info","ts":"2019-12-03T21:04:44.450Z","logger":"broker_ingress","caller":"ingress/ingress_handler.go:120","msg":"Error retrieving TTL, defaulting.","commit":"7655d9c","error":"\"knativebrokerttl\" not found"}
{"level":"info","ts":"2019-12-03T21:04:44.451Z","logger":"broker_ingress","caller":"ingress/ingress_handler.go:120","msg":"Error retrieving TTL, defaulting.","commit":"7655d9c","error":"\"knativebrokerttl\" not found"}
{"level":"info","ts":"2019-12-03T21:04:44.451Z","logger":"broker_ingress","caller":"ingress/ingress_handler.go:120","msg":"Error retrieving TTL, defaulting.","commit":"7655d9c","error":"\"knativebrokerttl\" not found"}
{"level":"info","ts":"2019-12-03T21:04:44.452Z","logger":"broker_ingress","caller":"ingress/ingress_handler.go:120","msg":"Error retrieving TTL, defaulting.","commit":"7655d9c","error":"\"knativebrokerttl\" not found"}
{"level":"info","ts":"2019-12-03T21:04:44.452Z","logger":"broker_ingress","caller":"ingress/ingress_handler.go:120","msg":"Error retrieving TTL, defaulting.","commit":"7655d9c","error":"\"knativebrokerttl\" not found"}
{"level":"info","ts":"2019-12-03T21:04:44.453Z","logger":"broker_ingress","caller":"ingress/ingress_handler.go:120","msg":"Error retrieving TTL, defaulting.","commit":"7655d9c","error":"\"knativebrokerttl\" not found"}
{"level":"info","ts":"2019-12-03T21:04:44.453Z","logger":"broker_ingress","caller":"ingress/ingress_handler.go:120","msg":"Error retrieving TTL, defaulting.","commit":"7655d9c","error":"\"knativebrokerttl\" not found"}
{"level":"info","ts":"2019-12-03T21:04:44.453Z","logger":"broker_ingress","caller":"ingress/ingress_handler.go:120","msg":"Error retrieving TTL, defaulting.","commit":"7655d9c","error":"\"knativebrokerttl\" not found"}
{"level":"info","ts":"2019-12-03T21:04:44.454Z","logger":"broker_ingress","caller":"ingress/ingress_handler.go:120","msg":"Error retrieving TTL, defaulting.","commit":"7655d9c","error":"\"knativebrokerttl\" not found"}
{"level":"info","ts":"2019-12-03T21:04:44.456Z","logger":"broker_ingress","caller":"ingress/ingress_handler.go:120","msg":"Error retrieving TTL, defaulting.","commit":"7655d9c","error":"\"knativebrokerttl\" not found"}
{"level":"info","ts":"2019-12-03T21:04:44.458Z","logger":"broker_ingress","caller":"ingress/ingress_handler.go:120","msg":"Error retrieving TTL, defaulting.","commit":"7655d9c","error":"\"knativebrokerttl\" not found"}
{"level":"info","ts":"2019-12-03T21:04:44.458Z","logger":"broker_ingress","caller":"ingress/ingress_handler.go:120","msg":"Error retrieving TTL, defaulting.","commit":"7655d9c","error":"\"knativebrokerttl\" not found"}
{"level":"info","ts":"2019-12-03T21:04:44.458Z","logger":"broker_ingress","caller":"ingress/ingress_handler.go:120","msg":"Error retrieving TTL, defaulting.","commit":"7655d9c","error":"\"knativebrokerttl\" not found"}
{"level":"info","ts":"2019-12-03T21:04:44.458Z","logger":"broker_ingress","caller":"ingress/ingress_handler.go:120","msg":"Error retrieving TTL, defaulting.","commit":"7655d9c","error":"\"knativebrokerttl\" not found"}
{"level":"info","ts":"2019-12-03T21:04:44.461Z","logger":"broker_ingress","caller":"ingress/ingress_handler.go:120","msg":"Error retrieving TTL, defaulting.","commit":"7655d9c","error":"\"knativebrokerttl\" not found"}
{"level":"info","ts":"2019-12-03T21:04:44.461Z","logger":"broker_ingress","caller":"ingress/ingress_handler.go:120","msg":"Error retrieving TTL, defaulting.","commit":"7655d9c","error":"\"knativebrokerttl\" not found"}
{"level":"info","ts":"2019-12-03T21:04:44.462Z","logger":"broker_ingress","caller":"ingress/ingress_handler.go:120","msg":"Error retrieving TTL, defaulting.","commit":"7655d9c","error":"\"knativebrokerttl\" not found"}
{"level":"info","ts":"2019-12-03T21:04:44.463Z","logger":"broker_ingress","caller":"ingress/ingress_handler.go:120","msg":"Error retrieving TTL, defaulting.","commit":"7655d9c","error":"\"knativebrokerttl\" not found"}
{"level":"info","ts":"2019-12-03T21:04:44.463Z","logger":"broker_ingress","caller":"ingress/ingress_handler.go:120","msg":"Error retrieving TTL, defaulting.","commit":"7655d9c","error":"\"knativebrokerttl\" not found"}
{"level":"info","ts":"2019-12-03T21:04:44.464Z","logger":"broker_ingress","caller":"ingress/ingress_handler.go:120","msg":"Error retrieving TTL, defaulting.","commit":"7655d9c","error":"\"knativebrokerttl\" not found"}
{"level":"info","ts":"2019-12-03T21:04:44.465Z","logger":"broker_ingress","caller":"ingress/ingress_handler.go:120","msg":"Error retrieving TTL, defaulting.","commit":"7655d9c","error":"\"knativebrokerttl\" not found"}
{"level":"info","ts":"2019-12-03T21:04:44.466Z","logger":"broker_ingress","caller":"ingress/ingress_handler.go:120","msg":"Error retrieving TTL, defaulting.","commit":"7655d9c","error":"\"knativebrokerttl\" not found"}
{"level":"info","ts":"2019-12-03T21:04:44.467Z","logger":"broker_ingress","caller":"ingress/ingress_handler.go:120","msg":"Error retrieving TTL, defaulting.","commit":"7655d9c","error":"\"knativebrokerttl\" not found"}
{"level":"info","ts":"2019-12-03T21:04:44.467Z","logger":"broker_ingress","caller":"ingress/ingress_handler.go:120","msg":"Error retrieving TTL, defaulting.","commit":"7655d9c","error":"\"knativebrokerttl\" not found"}
{"level":"info","ts":"2019-12-03T21:04:44.468Z","logger":"broker_ingress","caller":"ingress/ingress_handler.go:120","msg":"Error retrieving TTL, defaulting.","commit":"7655d9c","error":"\"knativebrokerttl\" not found"}
{"level":"info","ts":"2019-12-03T21:04:44.469Z","logger":"broker_ingress","caller":"ingress/ingress_handler.go:120","msg":"Error retrieving TTL, defaulting.","commit":"7655d9c","error":"\"knativebrokerttl\" not found"}
{"level":"info","ts":"2019-12-03T21:04:44.470Z","logger":"broker_ingress","caller":"ingress/ingress_handler.go:120","msg":"Error retrieving TTL, defaulting.","commit":"7655d9c","error":"\"knativebrokerttl\" not found"}
{"level":"info","ts":"2019-12-03T21:04:44.472Z","logger":"broker_ingress","caller":"ingress/ingress_handler.go:120","msg":"Error retrieving TTL, defaulting.","commit":"7655d9c","error":"\"knativebrokerttl\" not found"}
{"level":"info","ts":"2019-12-03T21:04:44.472Z","logger":"broker_ingress","caller":"ingress/ingress_handler.go:120","msg":"Error retrieving TTL, defaulting.","commit":"7655d9c","error":"\"knativebrokerttl\" not found"}
{"level":"info","ts":"2019-12-03T21:04:44.473Z","logger":"broker_ingress","caller":"ingress/ingress_handler.go:120","msg":"Error retrieving TTL, defaulting.","commit":"7655d9c","error":"\"knativebrokerttl\" not found"}
{"level":"info","ts":"2019-12-03T21:04:44.474Z","logger":"broker_ingress","caller":"ingress/ingress_handler.go:120","msg":"Error retrieving TTL, defaulting.","commit":"7655d9c","error":"\"knativebrokerttl\" not found"}
{"level":"info","ts":"2019-12-03T21:04:44.474Z","logger":"broker_ingress","caller":"ingress/ingress_handler.go:120","msg":"Error retrieving TTL, defaulting.","commit":"7655d9c","error":"\"knativebrokerttl\" not found"}
{"level":"info","ts":"2019-12-03T21:04:44.475Z","logger":"broker_ingress","caller":"ingress/ingress_handler.go:120","msg":"Error retrieving TTL, defaulting.","commit":"7655d9c","error":"\"knativebrokerttl\" not found"}
{"level":"info","ts":"2019-12-03T21:04:44.476Z","logger":"broker_ingress","caller":"ingress/ingress_handler.go:120","msg":"Error retrieving TTL, defaulting.","commit":"7655d9c","error":"\"knativebrokerttl\" not found"}
{"level":"info","ts":"2019-12-03T21:04:44.478Z","logger":"broker_ingress","caller":"ingress/ingress_handler.go:120","msg":"Error retrieving TTL, defaulting.","commit":"7655d9c","error":"\"knativebrokerttl\" not found"}
{"level":"info","ts":"2019-12-03T21:04:44.478Z","logger":"broker_ingress","caller":"ingress/ingress_handler.go:120","msg":"Error retrieving TTL, defaulting.","commit":"7655d9c","error":"\"knativebrokerttl\" not found"}
{"level":"info","ts":"2019-12-03T21:04:44.478Z","logger":"broker_ingress","caller":"ingress/ingress_handler.go:120","msg":"Error retrieving TTL, defaulting.","commit":"7655d9c","error":"\"knativebrokerttl\" not found"}
{"level":"info","ts":"2019-12-03T21:04:44.479Z","logger":"broker_ingress","caller":"ingress/ingress_handler.go:120","msg":"Error retrieving TTL, defaulting.","commit":"7655d9c","error":"\"knativebrokerttl\" not found"}
{"level":"info","ts":"2019-12-03T21:04:44.480Z","logger":"broker_ingress","caller":"ingress/ingress_handler.go:120","msg":"Error retrieving TTL, defaulting.","commit":"7655d9c","error":"\"knativebrokerttl\" not found"}
{"level":"info","ts":"2019-12-03T21:04:44.482Z","logger":"broker_ingress","caller":"ingress/ingress_handler.go:120","msg":"Error retrieving TTL, defaulting.","commit":"7655d9c","error":"\"knativebrokerttl\" not found"}
{"level":"info","ts":"2019-12-03T21:04:44.481Z","logger":"broker_ingress","caller":"ingress/ingress_handler.go:120","msg":"Error retrieving TTL, defaulting.","commit":"7655d9c","error":"\"knativebrokerttl\" not found"}
{"level":"info","ts":"2019-12-03T21:04:44.483Z","logger":"broker_ingress","caller":"ingress/ingress_handler.go:120","msg":"Error retrieving TTL, defaulting.","commit":"7655d9c","error":"\"knativebrokerttl\" not found"}
{"level":"info","ts":"2019-12-03T21:04:44.483Z","logger":"broker_ingress","caller":"ingress/ingress_handler.go:120","msg":"Error retrieving TTL, defaulting.","commit":"7655d9c","error":"\"knativebrokerttl\" not found"}
{"level":"info","ts":"2019-12-03T21:04:44.484Z","logger":"broker_ingress","caller":"ingress/ingress_handler.go:120","msg":"Error retrieving TTL, defaulting.","commit":"7655d9c","error":"\"knativebrokerttl\" not found"}
{"level":"info","ts":"2019-12-03T21:04:44.485Z","logger":"broker_ingress","caller":"ingress/ingress_handler.go:120","msg":"Error retrieving TTL, defaulting.","commit":"7655d9c","error":"\"knativebrokerttl\" not found"}
{"level":"info","ts":"2019-12-03T21:04:44.486Z","logger":"broker_ingress","caller":"ingress/ingress_handler.go:120","msg":"Error retrieving TTL, defaulting.","commit":"7655d9c","error":"\"knativebrokerttl\" not found"}
{"level":"info","ts":"2019-12-03T21:04:44.487Z","logger":"broker_ingress","caller":"ingress/ingress_handler.go:120","msg":"Error retrieving TTL, defaulting.","commit":"7655d9c","error":"\"knativebrokerttl\" not found"}
{"level":"info","ts":"2019-12-03T21:04:44.488Z","logger":"broker_ingress","caller":"ingress/ingress_handler.go:120","msg":"Error retrieving TTL, defaulting.","commit":"7655d9c","error":"\"knativebrokerttl\" not found"}
{"level":"info","ts":"2019-12-03T21:04:44.489Z","logger":"broker_ingress","caller":"ingress/ingress_handler.go:120","msg":"Error retrieving TTL, defaulting.","commit":"7655d9c","error":"\"knativebrokerttl\" not found"}
{"level":"info","ts":"2019-12-03T21:04:44.490Z","logger":"broker_ingress","caller":"ingress/ingress_handler.go:120","msg":"Error retrieving TTL, defaulting.","commit":"7655d9c","error":"\"knativebrokerttl\" not found"}
{"level":"info","ts":"2019-12-03T21:04:44.491Z","logger":"broker_ingress","caller":"ingress/ingress_handler.go:120","msg":"Error retrieving TTL, defaulting.","commit":"7655d9c","error":"\"knativebrokerttl\" not found"}
{"level":"info","ts":"2019-12-03T21:04:44.492Z","logger":"broker_ingress","caller":"ingress/ingress_handler.go:120","msg":"Error retrieving TTL, defaulting.","commit":"7655d9c","error":"\"knativebrokerttl\" not found"}
{"level":"info","ts":"2019-12-03T21:04:44.492Z","logger":"broker_ingress","caller":"ingress/ingress_handler.go:120","msg":"Error retrieving TTL, defaulting.","commit":"7655d9c","error":"\"knativebrokerttl\" not found"}
{"level":"info","ts":"2019-12-03T21:04:44.494Z","logger":"broker_ingress","caller":"ingress/ingress_handler.go:120","msg":"Error retrieving TTL, defaulting.","commit":"7655d9c","error":"\"knativebrokerttl\" not found"}
{"level":"info","ts":"2019-12-03T21:04:44.494Z","logger":"broker_ingress","caller":"ingress/ingress_handler.go:120","msg":"Error retrieving TTL, defaulting.","commit":"7655d9c","error":"\"knativebrokerttl\" not found"}
{"level":"info","ts":"2019-12-03T21:04:44.495Z","logger":"broker_ingress","caller":"ingress/ingress_handler.go:120","msg":"Error retrieving TTL, defaulting.","commit":"7655d9c","error":"\"knativebrokerttl\" not found"}
{"level":"info","ts":"2019-12-03T21:04:44.496Z","logger":"broker_ingress","caller":"ingress/ingress_handler.go:120","msg":"Error retrieving TTL, defaulting.","commit":"7655d9c","error":"\"knativebrokerttl\" not found"}
{"level":"info","ts":"2019-12-03T21:04:44.497Z","logger":"broker_ingress","caller":"ingress/ingress_handler.go:120","msg":"Error retrieving TTL, defaulting.","commit":"7655d9c","error":"\"knativebrokerttl\" not found"}
{"level":"info","ts":"2019-12-03T21:04:44.499Z","logger":"broker_ingress","caller":"ingress/ingress_handler.go:120","msg":"Error retrieving TTL, defaulting.","commit":"7655d9c","error":"\"knativebrokerttl\" not found"}
{"level":"info","ts":"2019-12-03T21:04:44.505Z","logger":"broker_ingress","caller":"ingress/ingress_handler.go:120","msg":"Error retrieving TTL, defaulting.","commit":"7655d9c","error":"\"knativebrokerttl\" not found"}
{"level":"info","ts":"2019-12-03T21:04:44.507Z","logger":"broker_ingress","caller":"ingress/ingress_handler.go:120","msg":"Error retrieving TTL, defaulting.","commit":"7655d9c","error":"\"knativebrokerttl\" not found"}
{"level":"info","ts":"2019-12-03T21:04:44.508Z","logger":"broker_ingress","caller":"ingress/ingress_handler.go:120","msg":"Error retrieving TTL, defaulting.","commit":"7655d9c","error":"\"knativebrokerttl\" not found"}
{"level":"info","ts":"2019-12-03T21:04:44.508Z","logger":"broker_ingress","caller":"ingress/ingress_handler.go:120","msg":"Error retrieving TTL, defaulting.","commit":"7655d9c","error":"\"knativebrokerttl\" not found"}
{"level":"info","ts":"2019-12-03T21:04:44.510Z","logger":"broker_ingress","caller":"ingress/ingress_handler.go:120","msg":"Error retrieving TTL, defaulting.","commit":"7655d9c","error":"\"knativebrokerttl\" not found"}
{"level":"info","ts":"2019-12-03T21:04:44.512Z","logger":"broker_ingress","caller":"ingress/ingress_handler.go:120","msg":"Error retrieving TTL, defaulting.","commit":"7655d9c","error":"\"knativebrokerttl\" not found"}
{"level":"info","ts":"2019-12-03T21:04:44.513Z","logger":"broker_ingress","caller":"ingress/ingress_handler.go:120","msg":"Error retrieving TTL, defaulting.","commit":"7655d9c","error":"\"knativebrokerttl\" not found"}
{"level":"info","ts":"2019-12-03T21:04:44.514Z","logger":"broker_ingress","caller":"ingress/ingress_handler.go:120","msg":"Error retrieving TTL, defaulting.","commit":"7655d9c","error":"\"knativebrokerttl\" not found"}
{"level":"info","ts":"2019-12-03T21:04:44.512Z","logger":"broker_ingress","caller":"ingress/ingress_handler.go:120","msg":"Error retrieving TTL, defaulting.","commit":"7655d9c","error":"\"knativebrokerttl\" not found"}
{"level":"info","ts":"2019-12-03T21:04:44.515Z","logger":"broker_ingress","caller":"ingress/ingress_handler.go:120","msg":"Error retrieving TTL, defaulting.","commit":"7655d9c","error":"\"knativebrokerttl\" not found"}
{"level":"info","ts":"2019-12-03T21:04:44.516Z","logger":"broker_ingress","caller":"ingress/ingress_handler.go:120","msg":"Error retrieving TTL, defaulting.","commit":"7655d9c","error":"\"knativebrokerttl\" not found"}
{"level":"info","ts":"2019-12-03T21:04:44.517Z","logger":"broker_ingress","caller":"ingress/ingress_handler.go:120","msg":"Error retrieving TTL, defaulting.","commit":"7655d9c","error":"\"knativebrokerttl\" not found"}
{"level":"info","ts":"2019-12-03T21:04:44.519Z","logger":"broker_ingress","caller":"ingress/ingress_handler.go:120","msg":"Error retrieving TTL, defaulting.","commit":"7655d9c","error":"\"knativebrokerttl\" not found"}
{"level":"info","ts":"2019-12-03T21:04:44.518Z","logger":"broker_ingress","caller":"ingress/ingress_handler.go:120","msg":"Error retrieving TTL, defaulting.","commit":"7655d9c","error":"\"knativebrokerttl\" not found"}
{"level":"info","ts":"2019-12-03T21:04:44.521Z","logger":"broker_ingress","caller":"ingress/ingress_handler.go:120","msg":"Error retrieving TTL, defaulting.","commit":"7655d9c","error":"\"knativebrokerttl\" not found"}
{"level":"info","ts":"2019-12-03T21:04:44.522Z","logger":"broker_ingress","caller":"ingress/ingress_handler.go:120","msg":"Error retrieving TTL, defaulting.","commit":"7655d9c","error":"\"knativebrokerttl\" not found"}
{"level":"info","ts":"2019-12-03T21:04:44.523Z","logger":"broker_ingress","caller":"ingress/ingress_handler.go:120","msg":"Error retrieving TTL, defaulting.","commit":"7655d9c","error":"\"knativebrokerttl\" not found"}
{"level":"info","ts":"2019-12-03T21:04:44.523Z","logger":"broker_ingress","caller":"ingress/ingress_handler.go:120","msg":"Error retrieving TTL, defaulting.","commit":"7655d9c","error":"\"knativebrokerttl\" not found"}
{"level":"info","ts":"2019-12-03T21:04:44.523Z","logger":"broker_ingress","caller":"ingress/ingress_handler.go:120","msg":"Error retrieving TTL, defaulting.","commit":"7655d9c","error":"\"knativebrokerttl\" not found"}
{"level":"info","ts":"2019-12-03T21:04:44.524Z","logger":"broker_ingress","caller":"ingress/ingress_handler.go:120","msg":"Error retrieving TTL, defaulting.","commit":"7655d9c","error":"\"knativebrokerttl\" not found"}
{"level":"info","ts":"2019-12-03T21:04:44.524Z","logger":"broker_ingress","caller":"ingress/ingress_handler.go:120","msg":"Error retrieving TTL, defaulting.","commit":"7655d9c","error":"\"knativebrokerttl\" not found"}
{"level":"info","ts":"2019-12-03T21:04:44.525Z","logger":"broker_ingress","caller":"ingress/ingress_handler.go:120","msg":"Error retrieving TTL, defaulting.","commit":"7655d9c","error":"\"knativebrokerttl\" not found"}
{"level":"info","ts":"2019-12-03T21:04:44.526Z","logger":"broker_ingress","caller":"ingress/ingress_handler.go:120","msg":"Error retrieving TTL, defaulting.","commit":"7655d9c","error":"\"knativebrokerttl\" not found"}
{"level":"info","ts":"2019-12-03T21:04:44.526Z","logger":"broker_ingress","caller":"ingress/ingress_handler.go:120","msg":"Error retrieving TTL, defaulting.","commit":"7655d9c","error":"\"knativebrokerttl\" not found"}
{"level":"info","ts":"2019-12-03T21:04:44.527Z","logger":"broker_ingress","caller":"ingress/ingress_handler.go:120","msg":"Error retrieving TTL, defaulting.","commit":"7655d9c","error":"\"knativebrokerttl\" not found"}
{"level":"info","ts":"2019-12-03T21:04:44.527Z","logger":"broker_ingress","caller":"ingress/ingress_handler.go:120","msg":"Error retrieving TTL, defaulting.","commit":"7655d9c","error":"\"knativebrokerttl\" not found"}
{"level":"info","ts":"2019-12-03T21:04:44.528Z","logger":"broker_ingress","caller":"ingress/ingress_handler.go:120","msg":"Error retrieving TTL, defaulting.","commit":"7655d9c","error":"\"knativebrokerttl\" not found"}
{"level":"info","ts":"2019-12-03T21:04:44.529Z","logger":"broker_ingress","caller":"ingress/ingress_handler.go:120","msg":"Error retrieving TTL, defaulting.","commit":"7655d9c","error":"\"knativebrokerttl\" not found"}
{"level":"info","ts":"2019-12-03T21:04:44.531Z","logger":"broker_ingress","caller":"ingress/ingress_handler.go:120","msg":"Error retrieving TTL, defaulting.","commit":"7655d9c","error":"\"knativebrokerttl\" not found"}
{"level":"info","ts":"2019-12-03T21:04:44.531Z","logger":"broker_ingress","caller":"ingress/ingress_handler.go:120","msg":"Error retrieving TTL, defaulting.","commit":"7655d9c","error":"\"knativebrokerttl\" not found"}
{"level":"info","ts":"2019-12-03T21:04:44.532Z","logger":"broker_ingress","caller":"ingress/ingress_handler.go:120","msg":"Error retrieving TTL, defaulting.","commit":"7655d9c","error":"\"knativebrokerttl\" not found"}
{"level":"info","ts":"2019-12-03T21:04:44.532Z","logger":"broker_ingress","caller":"ingress/ingress_handler.go:120","msg":"Error retrieving TTL, defaulting.","commit":"7655d9c","error":"\"knativebrokerttl\" not found"}
{"level":"info","ts":"2019-12-03T21:04:44.533Z","logger":"broker_ingress","caller":"ingress/ingress_handler.go:120","msg":"Error retrieving TTL, defaulting.","commit":"7655d9c","error":"\"knativebrokerttl\" not found"}
{"level":"info","ts":"2019-12-03T21:04:44.529Z","logger":"broker_ingress","caller":"ingress/ingress_handler.go:120","msg":"Error retrieving TTL, defaulting.","commit":"7655d9c","error":"\"knativebrokerttl\" not found"}
{"level":"info","ts":"2019-12-03T21:04:44.529Z","logger":"broker_ingress","caller":"ingress/ingress_handler.go:120","msg":"Error retrieving TTL, defaulting.","commit":"7655d9c","error":"\"knativebrokerttl\" not found"}
{"level":"info","ts":"2019-12-03T21:04:44.536Z","logger":"broker_ingress","caller":"ingress/ingress_handler.go:120","msg":"Error retrieving TTL, defaulting.","commit":"7655d9c","error":"\"knativebrokerttl\" not found"}
{"level":"info","ts":"2019-12-03T21:04:44.536Z","logger":"broker_ingress","caller":"ingress/ingress_handler.go:120","msg":"Error retrieving TTL, defaulting.","commit":"7655d9c","error":"\"knativebrokerttl\" not found"}
{"level":"info","ts":"2019-12-03T21:04:44.539Z","logger":"broker_ingress","caller":"ingress/ingress_handler.go:120","msg":"Error retrieving TTL, defaulting.","commit":"7655d9c","error":"\"knativebrokerttl\" not found"}
{"level":"info","ts":"2019-12-03T21:04:44.537Z","logger":"broker_ingress","caller":"ingress/ingress_handler.go:120","msg":"Error retrieving TTL, defaulting.","commit":"7655d9c","error":"\"knativebrokerttl\" not found"}
{"level":"info","ts":"2019-12-03T21:04:44.537Z","logger":"broker_ingress","caller":"ingress/ingress_handler.go:120","msg":"Error retrieving TTL, defaulting.","commit":"7655d9c","error":"\"knativebrokerttl\" not found"}
{"level":"info","ts":"2019-12-03T21:04:44.540Z","logger":"broker_ingress","caller":"ingress/ingress_handler.go:120","msg":"Error retrieving TTL, defaulting.","commit":"7655d9c","error":"\"knativebrokerttl\" not found"}
{"level":"info","ts":"2019-12-03T21:04:44.542Z","logger":"broker_ingress","caller":"ingress/ingress_handler.go:120","msg":"Error retrieving TTL, defaulting.","commit":"7655d9c","error":"\"knativebrokerttl\" not found"}
{"level":"info","ts":"2019-12-03T21:04:44.544Z","logger":"broker_ingress","caller":"ingress/ingress_handler.go:120","msg":"Error retrieving TTL, defaulting.","commit":"7655d9c","error":"\"knativebrokerttl\" not found"}
{"level":"info","ts":"2019-12-03T21:04:44.544Z","logger":"broker_ingress","caller":"ingress/ingress_handler.go:120","msg":"Error retrieving TTL, defaulting.","commit":"7655d9c","error":"\"knativebrokerttl\" not found"}
{"level":"info","ts":"2019-12-03T21:04:44.543Z","logger":"broker_ingress","caller":"ingress/ingress_handler.go:120","msg":"Error retrieving TTL, defaulting.","commit":"7655d9c","error":"\"knativebrokerttl\" not found"}
{"level":"info","ts":"2019-12-03T21:04:44.538Z","logger":"broker_ingress","caller":"ingress/ingress_handler.go:120","msg":"Error retrieving TTL, defaulting.","commit":"7655d9c","error":"\"knativebrokerttl\" not found"}
{"level":"info","ts":"2019-12-03T21:04:44.538Z","logger":"broker_ingress","caller":"ingress/ingress_handler.go:120","msg":"Error retrieving TTL, defaulting.","commit":"7655d9c","error":"\"knativebrokerttl\" not found"}
{"level":"info","ts":"2019-12-03T21:04:44.548Z","logger":"broker_ingress","caller":"ingress/ingress_handler.go:120","msg":"Error retrieving TTL, defaulting.","commit":"7655d9c","error":"\"knativebrokerttl\" not found"}
{"level":"info","ts":"2019-12-03T21:04:44.548Z","logger":"broker_ingress","caller":"ingress/ingress_handler.go:120","msg":"Error retrieving TTL, defaulting.","commit":"7655d9c","error":"\"knativebrokerttl\" not found"}
{"level":"info","ts":"2019-12-03T21:04:44.538Z","logger":"broker_ingress","caller":"ingress/ingress_handler.go:120","msg":"Error retrieving TTL, defaulting.","commit":"7655d9c","error":"\"knativebrokerttl\" not found"}
{"level":"info","ts":"2019-12-03T21:04:44.550Z","logger":"broker_ingress","caller":"ingress/ingress_handler.go:120","msg":"Error retrieving TTL, defaulting.","commit":"7655d9c","error":"\"knativebrokerttl\" not found"}
{"level":"info","ts":"2019-12-03T21:04:44.551Z","logger":"broker_ingress","caller":"ingress/ingress_handler.go:120","msg":"Error retrieving TTL, defaulting.","commit":"7655d9c","error":"\"knativebrokerttl\" not found"}
{"level":"info","ts":"2019-12-03T21:04:44.543Z","logger":"broker_ingress","caller":"ingress/ingress_handler.go:120","msg":"Error retrieving TTL, defaulting.","commit":"7655d9c","error":"\"knativebrokerttl\" not found"}
{"level":"info","ts":"2019-12-03T21:04:44.551Z","logger":"broker_ingress","caller":"ingress/ingress_handler.go:120","msg":"Error retrieving TTL, defaulting.","commit":"7655d9c","error":"\"knativebrokerttl\" not found"}
{"level":"info","ts":"2019-12-03T21:04:44.538Z","logger":"broker_ingress","caller":"ingress/ingress_handler.go:120","msg":"Error retrieving TTL, defaulting.","commit":"7655d9c","error":"\"knativebrokerttl\" not found"}
{"level":"info","ts":"2019-12-03T21:04:44.552Z","logger":"broker_ingress","caller":"ingress/ingress_handler.go:120","msg":"Error retrieving TTL, defaulting.","commit":"7655d9c","error":"\"knativebrokerttl\" not found"}
{"level":"info","ts":"2019-12-03T21:04:44.553Z","logger":"broker_ingress","caller":"ingress/ingress_handler.go:120","msg":"Error retrieving TTL, defaulting.","commit":"7655d9c","error":"\"knativebrokerttl\" not found"}
{"level":"info","ts":"2019-12-03T21:04:44.555Z","logger":"broker_ingress","caller":"ingress/ingress_handler.go:120","msg":"Error retrieving TTL, defaulting.","commit":"7655d9c","error":"\"knativebrokerttl\" not found"}
{"level":"info","ts":"2019-12-03T21:04:44.553Z","logger":"broker_ingress","caller":"ingress/ingress_handler.go:120","msg":"Error retrieving TTL, defaulting.","commit":"7655d9c","error":"\"knativebrokerttl\" not found"}
{"level":"info","ts":"2019-12-03T21:04:44.556Z","logger":"broker_ingress","caller":"ingress/ingress_handler.go:120","msg":"Error retrieving TTL, defaulting.","commit":"7655d9c","error":"\"knativebrokerttl\" not found"}
{"level":"info","ts":"2019-12-03T21:04:44.556Z","logger":"broker_ingress","caller":"ingress/ingress_handler.go:120","msg":"Error retrieving TTL, defaulting.","commit":"7655d9c","error":"\"knativebrokerttl\" not found"}
{"level":"info","ts":"2019-12-03T21:04:44.559Z","logger":"broker_ingress","caller":"ingress/ingress_handler.go:120","msg":"Error retrieving TTL, defaulting.","commit":"7655d9c","error":"\"knativebrokerttl\" not found"}
{"level":"info","ts":"2019-12-03T21:04:44.560Z","logger":"broker_ingress","caller":"ingress/ingress_handler.go:120","msg":"Error retrieving TTL, defaulting.","commit":"7655d9c","error":"\"knativebrokerttl\" not found"}
{"level":"info","ts":"2019-12-03T21:04:44.561Z","logger":"broker_ingress","caller":"ingress/ingress_handler.go:120","msg":"Error retrieving TTL, defaulting.","commit":"7655d9c","error":"\"knativebrokerttl\" not found"}
{"level":"info","ts":"2019-12-03T21:04:44.562Z","logger":"broker_ingress","caller":"ingress/ingress_handler.go:120","msg":"Error retrieving TTL, defaulting.","commit":"7655d9c","error":"\"knativebrokerttl\" not found"}
{"level":"info","ts":"2019-12-03T21:04:44.562Z","logger":"broker_ingress","caller":"ingress/ingress_handler.go:120","msg":"Error retrieving TTL, defaulting.","commit":"7655d9c","error":"\"knativebrokerttl\" not found"}
{"level":"info","ts":"2019-12-03T21:04:44.563Z","logger":"broker_ingress","caller":"ingress/ingress_handler.go:120","msg":"Error retrieving TTL, defaulting.","commit":"7655d9c","error":"\"knativebrokerttl\" not found"}
{"level":"info","ts":"2019-12-03T21:04:44.564Z","logger":"broker_ingress","caller":"ingress/ingress_handler.go:120","msg":"Error retrieving TTL, defaulting.","commit":"7655d9c","error":"\"knativebrokerttl\" not found"}
{"level":"info","ts":"2019-12-03T21:04:44.565Z","logger":"broker_ingress","caller":"ingress/ingress_handler.go:120","msg":"Error retrieving TTL, defaulting.","commit":"7655d9c","error":"\"knativebrokerttl\" not found"}
{"level":"info","ts":"2019-12-03T21:04:44.565Z","logger":"broker_ingress","caller":"ingress/ingress_handler.go:120","msg":"Error retrieving TTL, defaulting.","commit":"7655d9c","error":"\"knativebrokerttl\" not found"}
{"level":"info","ts":"2019-12-03T21:04:44.565Z","logger":"broker_ingress","caller":"ingress/ingress_handler.go:120","msg":"Error retrieving TTL, defaulting.","commit":"7655d9c","error":"\"knativebrokerttl\" not found"}
{"level":"info","ts":"2019-12-03T21:04:44.566Z","logger":"broker_ingress","caller":"ingress/ingress_handler.go:120","msg":"Error retrieving TTL, defaulting.","commit":"7655d9c","error":"\"knativebrokerttl\" not found"}
{"level":"info","ts":"2019-12-03T21:04:44.566Z","logger":"broker_ingress","caller":"ingress/ingress_handler.go:120","msg":"Error retrieving TTL, defaulting.","commit":"7655d9c","error":"\"knativebrokerttl\" not found"}
{"level":"info","ts":"2019-12-03T21:04:44.556Z","logger":"broker_ingress","caller":"ingress/ingress_handler.go:120","msg":"Error retrieving TTL, defaulting.","commit":"7655d9c","error":"\"knativebrokerttl\" not found"}
{"level":"info","ts":"2019-12-03T21:04:44.567Z","logger":"broker_ingress","caller":"ingress/ingress_handler.go:120","msg":"Error retrieving TTL, defaulting.","commit":"7655d9c","error":"\"knativebrokerttl\" not found"}
{"level":"info","ts":"2019-12-03T21:04:44.568Z","logger":"broker_ingress","caller":"ingress/ingress_handler.go:120","msg":"Error retrieving TTL, defaulting.","commit":"7655d9c","error":"\"knativebrokerttl\" not found"}
{"level":"info","ts":"2019-12-03T21:04:44.570Z","logger":"broker_ingress","caller":"ingress/ingress_handler.go:120","msg":"Error retrieving TTL, defaulting.","commit":"7655d9c","error":"\"knativebrokerttl\" not found"}
{"level":"info","ts":"2019-12-03T21:04:44.570Z","logger":"broker_ingress","caller":"ingress/ingress_handler.go:120","msg":"Error retrieving TTL, defaulting.","commit":"7655d9c","error":"\"knativebrokerttl\" not found"}
{"level":"info","ts":"2019-12-03T21:04:44.570Z","logger":"broker_ingress","caller":"ingress/ingress_handler.go:120","msg":"Error retrieving TTL, defaulting.","commit":"7655d9c","error":"\"knativebrokerttl\" not found"}
{"level":"info","ts":"2019-12-03T21:04:44.572Z","logger":"broker_ingress","caller":"ingress/ingress_handler.go:120","msg":"Error retrieving TTL, defaulting.","commit":"7655d9c","error":"\"knativebrokerttl\" not found"}
{"level":"info","ts":"2019-12-03T21:04:44.575Z","logger":"broker_ingress","caller":"ingress/ingress_handler.go:120","msg":"Error retrieving TTL, defaulting.","commit":"7655d9c","error":"\"knativebrokerttl\" not found"}
{"level":"info","ts":"2019-12-03T21:04:44.577Z","logger":"broker_ingress","caller":"ingress/ingress_handler.go:120","msg":"Error retrieving TTL, defaulting.","commit":"7655d9c","error":"\"knativebrokerttl\" not found"}
{"level":"info","ts":"2019-12-03T21:04:44.577Z","logger":"broker_ingress","caller":"ingress/ingress_handler.go:120","msg":"Error retrieving TTL, defaulting.","commit":"7655d9c","error":"\"knativebrokerttl\" not found"}
{"level":"info","ts":"2019-12-03T21:04:44.578Z","logger":"broker_ingress","caller":"ingress/ingress_handler.go:120","msg":"Error retrieving TTL, defaulting.","commit":"7655d9c","error":"\"knativebrokerttl\" not found"}
{"level":"info","ts":"2019-12-03T21:04:44.578Z","logger":"broker_ingress","caller":"ingress/ingress_handler.go:120","msg":"Error retrieving TTL, defaulting.","commit":"7655d9c","error":"\"knativebrokerttl\" not found"}
{"level":"info","ts":"2019-12-03T21:04:44.578Z","logger":"broker_ingress","caller":"ingress/ingress_handler.go:120","msg":"Error retrieving TTL, defaulting.","commit":"7655d9c","error":"\"knativebrokerttl\" not found"}
{"level":"info","ts":"2019-12-03T21:04:44.579Z","logger":"broker_ingress","caller":"ingress/ingress_handler.go:120","msg":"Error retrieving TTL, defaulting.","commit":"7655d9c","error":"\"knativebrokerttl\" not found"}
{"level":"info","ts":"2019-12-03T21:04:44.580Z","logger":"broker_ingress","caller":"ingress/ingress_handler.go:120","msg":"Error retrieving TTL, defaulting.","commit":"7655d9c","error":"\"knativebrokerttl\" not found"}
{"level":"info","ts":"2019-12-03T21:04:44.582Z","logger":"broker_ingress","caller":"ingress/ingress_handler.go:120","msg":"Error retrieving TTL, defaulting.","commit":"7655d9c","error":"\"knativebrokerttl\" not found"}
{"level":"info","ts":"2019-12-03T21:04:44.582Z","logger":"broker_ingress","caller":"ingress/ingress_handler.go:120","msg":"Error retrieving TTL, defaulting.","commit":"7655d9c","error":"\"knativebrokerttl\" not found"}
{"level":"info","ts":"2019-12-03T21:04:44.579Z","logger":"broker_ingress","caller":"ingress/ingress_handler.go:120","msg":"Error retrieving TTL, defaulting.","commit":"7655d9c","error":"\"knativebrokerttl\" not found"}
{"level":"info","ts":"2019-12-03T21:04:44.583Z","logger":"broker_ingress","caller":"ingress/ingress_handler.go:120","msg":"Error retrieving TTL, defaulting.","commit":"7655d9c","error":"\"knativebrokerttl\" not found"}
{"level":"info","ts":"2019-12-03T21:04:44.588Z","logger":"broker_ingress","caller":"ingress/ingress_handler.go:120","msg":"Error retrieving TTL, defaulting.","commit":"7655d9c","error":"\"knativebrokerttl\" not found"}
{"level":"info","ts":"2019-12-03T21:04:44.588Z","logger":"broker_ingress","caller":"ingress/ingress_handler.go:120","msg":"Error retrieving TTL, defaulting.","commit":"7655d9c","error":"\"knativebrokerttl\" not found"}
{"level":"info","ts":"2019-12-03T21:04:44.589Z","logger":"broker_ingress","caller":"ingress/ingress_handler.go:120","msg":"Error retrieving TTL, defaulting.","commit":"7655d9c","error":"\"knativebrokerttl\" not found"}
{"level":"info","ts":"2019-12-03T21:04:44.590Z","logger":"broker_ingress","caller":"ingress/ingress_handler.go:120","msg":"Error retrieving TTL, defaulting.","commit":"7655d9c","error":"\"knativebrokerttl\" not found"}
{"level":"info","ts":"2019-12-03T21:04:44.590Z","logger":"broker_ingress","caller":"ingress/ingress_handler.go:120","msg":"Error retrieving TTL, defaulting.","commit":"7655d9c","error":"\"knativebrokerttl\" not found"}
{"level":"info","ts":"2019-12-03T21:04:44.590Z","logger":"broker_ingress","caller":"ingress/ingress_handler.go:120","msg":"Error retrieving TTL, defaulting.","commit":"7655d9c","error":"\"knativebrokerttl\" not found"}
{"level":"info","ts":"2019-12-03T21:04:44.590Z","logger":"broker_ingress","caller":"ingress/ingress_handler.go:120","msg":"Error retrieving TTL, defaulting.","commit":"7655d9c","error":"\"knativebrokerttl\" not found"}
{"level":"info","ts":"2019-12-03T21:04:44.591Z","logger":"broker_ingress","caller":"ingress/ingress_handler.go:120","msg":"Error retrieving TTL, defaulting.","commit":"7655d9c","error":"\"knativebrokerttl\" not found"}
{"level":"info","ts":"2019-12-03T21:04:44.593Z","logger":"broker_ingress","caller":"ingress/ingress_handler.go:120","msg":"Error retrieving TTL, defaulting.","commit":"7655d9c","error":"\"knativebrokerttl\" not found"}
{"level":"info","ts":"2019-12-03T21:04:44.593Z","logger":"broker_ingress","caller":"ingress/ingress_handler.go:120","msg":"Error retrieving TTL, defaulting.","commit":"7655d9c","error":"\"knativebrokerttl\" not found"}
{"level":"info","ts":"2019-12-03T21:04:44.597Z","logger":"broker_ingress","caller":"ingress/ingress_handler.go:120","msg":"Error retrieving TTL, defaulting.","commit":"7655d9c","error":"\"knativebrokerttl\" not found"}
{"level":"info","ts":"2019-12-03T21:04:44.597Z","logger":"broker_ingress","caller":"ingress/ingress_handler.go:120","msg":"Error retrieving TTL, defaulting.","commit":"7655d9c","error":"\"knativebrokerttl\" not found"}
{"level":"info","ts":"2019-12-03T21:04:44.593Z","logger":"broker_ingress","caller":"ingress/ingress_handler.go:120","msg":"Error retrieving TTL, defaulting.","commit":"7655d9c","error":"\"knativebrokerttl\" not found"}
{"level":"info","ts":"2019-12-03T21:04:44.594Z","logger":"broker_ingress","caller":"ingress/ingress_handler.go:120","msg":"Error retrieving TTL, defaulting.","commit":"7655d9c","error":"\"knativebrokerttl\" not found"}
{"level":"info","ts":"2019-12-03T21:04:44.595Z","logger":"broker_ingress","caller":"ingress/ingress_handler.go:120","msg":"Error retrieving TTL, defaulting.","commit":"7655d9c","error":"\"knativebrokerttl\" not found"}
{"level":"info","ts":"2019-12-03T21:04:44.599Z","logger":"broker_ingress","caller":"ingress/ingress_handler.go:120","msg":"Error retrieving TTL, defaulting.","commit":"7655d9c","error":"\"knativebrokerttl\" not found"}
{"level":"info","ts":"2019-12-03T21:04:44.600Z","logger":"broker_ingress","caller":"ingress/ingress_handler.go:120","msg":"Error retrieving TTL, defaulting.","commit":"7655d9c","error":"\"knativebrokerttl\" not found"}
{"level":"info","ts":"2019-12-03T21:04:44.600Z","logger":"broker_ingress","caller":"ingress/ingress_handler.go:120","msg":"Error retrieving TTL, defaulting.","commit":"7655d9c","error":"\"knativebrokerttl\" not found"}
{"level":"info","ts":"2019-12-03T21:04:44.601Z","logger":"broker_ingress","caller":"ingress/ingress_handler.go:120","msg":"Error retrieving TTL, defaulting.","commit":"7655d9c","error":"\"knativebrokerttl\" not found"}
{"level":"info","ts":"2019-12-03T21:04:44.602Z","logger":"broker_ingress","caller":"ingress/ingress_handler.go:120","msg":"Error retrieving TTL, defaulting.","commit":"7655d9c","error":"\"knativebrokerttl\" not found"}
{"level":"info","ts":"2019-12-03T21:04:44.602Z","logger":"broker_ingress","caller":"ingress/ingress_handler.go:120","msg":"Error retrieving TTL, defaulting.","commit":"7655d9c","error":"\"knativebrokerttl\" not found"}
{"level":"info","ts":"2019-12-03T21:04:44.603Z","logger":"broker_ingress","caller":"ingress/ingress_handler.go:120","msg":"Error retrieving TTL, defaulting.","commit":"7655d9c","error":"\"knativebrokerttl\" not found"}
{"level":"info","ts":"2019-12-03T21:04:44.602Z","logger":"broker_ingress","caller":"ingress/ingress_handler.go:120","msg":"Error retrieving TTL, defaulting.","commit":"7655d9c","error":"\"knativebrokerttl\" not found"}
{"level":"info","ts":"2019-12-03T21:04:44.603Z","logger":"broker_ingress","caller":"ingress/ingress_handler.go:120","msg":"Error retrieving TTL, defaulting.","commit":"7655d9c","error":"\"knativebrokerttl\" not found"}
{"level":"info","ts":"2019-12-03T21:04:44.605Z","logger":"broker_ingress","caller":"ingress/ingress_handler.go:120","msg":"Error retrieving TTL, defaulting.","commit":"7655d9c","error":"\"knativebrokerttl\" not found"}
{"level":"info","ts":"2019-12-03T21:04:44.605Z","logger":"broker_ingress","caller":"ingress/ingress_handler.go:120","msg":"Error retrieving TTL, defaulting.","commit":"7655d9c","error":"\"knativebrokerttl\" not found"}
{"level":"info","ts":"2019-12-03T21:04:44.607Z","logger":"broker_ingress","caller":"ingress/ingress_handler.go:120","msg":"Error retrieving TTL, defaulting.","commit":"7655d9c","error":"\"knativebrokerttl\" not found"}
{"level":"info","ts":"2019-12-03T21:04:44.609Z","logger":"broker_ingress","caller":"ingress/ingress_handler.go:120","msg":"Error retrieving TTL, defaulting.","commit":"7655d9c","error":"\"knativebrokerttl\" not found"}
{"level":"info","ts":"2019-12-03T21:04:44.610Z","logger":"broker_ingress","caller":"ingress/ingress_handler.go:120","msg":"Error retrieving TTL, defaulting.","commit":"7655d9c","error":"\"knativebrokerttl\" not found"}
{"level":"info","ts":"2019-12-03T21:04:44.610Z","logger":"broker_ingress","caller":"ingress/ingress_handler.go:120","msg":"Error retrieving TTL, defaulting.","commit":"7655d9c","error":"\"knativebrokerttl\" not found"}
{"level":"info","ts":"2019-12-03T21:04:44.613Z","logger":"broker_ingress","caller":"ingress/ingress_handler.go:120","msg":"Error retrieving TTL, defaulting.","commit":"7655d9c","error":"\"knativebrokerttl\" not found"}
{"level":"info","ts":"2019-12-03T21:04:44.613Z","logger":"broker_ingress","caller":"ingress/ingress_handler.go:120","msg":"Error retrieving TTL, defaulting.","commit":"7655d9c","error":"\"knativebrokerttl\" not found"}
{"level":"info","ts":"2019-12-03T21:04:44.613Z","logger":"broker_ingress","caller":"ingress/ingress_handler.go:120","msg":"Error retrieving TTL, defaulting.","commit":"7655d9c","error":"\"knativebrokerttl\" not found"}
{"level":"info","ts":"2019-12-03T21:04:44.613Z","logger":"broker_ingress","caller":"ingress/ingress_handler.go:120","msg":"Error retrieving TTL, defaulting.","commit":"7655d9c","error":"\"knativebrokerttl\" not found"}
{"level":"info","ts":"2019-12-03T21:04:44.614Z","logger":"broker_ingress","caller":"ingress/ingress_handler.go:120","msg":"Error retrieving TTL, defaulting.","commit":"7655d9c","error":"\"knativebrokerttl\" not found"}
{"level":"info","ts":"2019-12-03T21:04:44.618Z","logger":"broker_ingress","caller":"ingress/ingress_handler.go:120","msg":"Error retrieving TTL, defaulting.","commit":"7655d9c","error":"\"knativebrokerttl\" not found"}
{"level":"info","ts":"2019-12-03T21:04:44.618Z","logger":"broker_ingress","caller":"ingress/ingress_handler.go:120","msg":"Error retrieving TTL, defaulting.","commit":"7655d9c","error":"\"knativebrokerttl\" not found"}
{"level":"info","ts":"2019-12-03T21:04:44.614Z","logger":"broker_ingress","caller":"ingress/ingress_handler.go:120","msg":"Error retrieving TTL, defaulting.","commit":"7655d9c","error":"\"knativebrokerttl\" not found"}
{"level":"info","ts":"2019-12-03T21:04:44.615Z","logger":"broker_ingress","caller":"ingress/ingress_handler.go:120","msg":"Error retrieving TTL, defaulting.","commit":"7655d9c","error":"\"knativebrokerttl\" not found"}
{"level":"info","ts":"2019-12-03T21:04:44.622Z","logger":"broker_ingress","caller":"ingress/ingress_handler.go:120","msg":"Error retrieving TTL, defaulting.","commit":"7655d9c","error":"\"knativebrokerttl\" not found"}
{"level":"info","ts":"2019-12-03T21:04:44.623Z","logger":"broker_ingress","caller":"ingress/ingress_handler.go:120","msg":"Error retrieving TTL, defaulting.","commit":"7655d9c","error":"\"knativebrokerttl\" not found"}
{"level":"info","ts":"2019-12-03T21:04:44.624Z","logger":"broker_ingress","caller":"ingress/ingress_handler.go:120","msg":"Error retrieving TTL, defaulting.","commit":"7655d9c","error":"\"knativebrokerttl\" not found"}
{"level":"info","ts":"2019-12-03T21:04:44.624Z","logger":"broker_ingress","caller":"ingress/ingress_handler.go:120","msg":"Error retrieving TTL, defaulting.","commit":"7655d9c","error":"\"knativebrokerttl\" not found"}
{"level":"info","ts":"2019-12-03T21:04:44.625Z","logger":"broker_ingress","caller":"ingress/ingress_handler.go:120","msg":"Error retrieving TTL, defaulting.","commit":"7655d9c","error":"\"knativebrokerttl\" not found"}
{"level":"info","ts":"2019-12-03T21:04:44.625Z","logger":"broker_ingress","caller":"ingress/ingress_handler.go:120","msg":"Error retrieving TTL, defaulting.","commit":"7655d9c","error":"\"knativebrokerttl\" not found"}
{"level":"info","ts":"2019-12-03T21:04:44.626Z","logger":"broker_ingress","caller":"ingress/ingress_handler.go:120","msg":"Error retrieving TTL, defaulting.","commit":"7655d9c","error":"\"knativebrokerttl\" not found"}
{"level":"info","ts":"2019-12-03T21:04:44.627Z","logger":"broker_ingress","caller":"ingress/ingress_handler.go:120","msg":"Error retrieving TTL, defaulting.","commit":"7655d9c","error":"\"knativebrokerttl\" not found"}
{"level":"info","ts":"2019-12-03T21:04:44.628Z","logger":"broker_ingress","caller":"ingress/ingress_handler.go:120","msg":"Error retrieving TTL, defaulting.","commit":"7655d9c","error":"\"knativebrokerttl\" not found"}
{"level":"info","ts":"2019-12-03T21:04:44.629Z","logger":"broker_ingress","caller":"ingress/ingress_handler.go:120","msg":"Error retrieving TTL, defaulting.","commit":"7655d9c","error":"\"knativebrokerttl\" not found"}
{"level":"info","ts":"2019-12-03T21:04:44.629Z","logger":"broker_ingress","caller":"ingress/ingress_handler.go:120","msg":"Error retrieving TTL, defaulting.","commit":"7655d9c","error":"\"knativebrokerttl\" not found"}
{"level":"info","ts":"2019-12-03T21:04:44.629Z","logger":"broker_ingress","caller":"ingress/ingress_handler.go:120","msg":"Error retrieving TTL, defaulting.","commit":"7655d9c","error":"\"knativebrokerttl\" not found"}
{"level":"info","ts":"2019-12-03T21:04:44.629Z","logger":"broker_ingress","caller":"ingress/ingress_handler.go:120","msg":"Error retrieving TTL, defaulting.","commit":"7655d9c","error":"\"knativebrokerttl\" not found"}
{"level":"info","ts":"2019-12-03T21:04:44.632Z","logger":"broker_ingress","caller":"ingress/ingress_handler.go:120","msg":"Error retrieving TTL, defaulting.","commit":"7655d9c","error":"\"knativebrokerttl\" not found"}
{"level":"info","ts":"2019-12-03T21:04:44.633Z","logger":"broker_ingress","caller":"ingress/ingress_handler.go:120","msg":"Error retrieving TTL, defaulting.","commit":"7655d9c","error":"\"knativebrokerttl\" not found"}
{"level":"info","ts":"2019-12-03T21:04:44.633Z","logger":"broker_ingress","caller":"ingress/ingress_handler.go:120","msg":"Error retrieving TTL, defaulting.","commit":"7655d9c","error":"\"knativebrokerttl\" not found"}
{"level":"info","ts":"2019-12-03T21:04:44.635Z","logger":"broker_ingress","caller":"ingress/ingress_handler.go:120","msg":"Error retrieving TTL, defaulting.","commit":"7655d9c","error":"\"knativebrokerttl\" not found"}
{"level":"info","ts":"2019-12-03T21:04:44.635Z","logger":"broker_ingress","caller":"ingress/ingress_handler.go:120","msg":"Error retrieving TTL, defaulting.","commit":"7655d9c","error":"\"knativebrokerttl\" not found"}
{"level":"info","ts":"2019-12-03T21:04:44.635Z","logger":"broker_ingress","caller":"ingress/ingress_handler.go:120","msg":"Error retrieving TTL, defaulting.","commit":"7655d9c","error":"\"knativebrokerttl\" not found"}
{"level":"info","ts":"2019-12-03T21:04:44.637Z","logger":"broker_ingress","caller":"ingress/ingress_handler.go:120","msg":"Error retrieving TTL, defaulting.","commit":"7655d9c","error":"\"knativebrokerttl\" not found"}
{"level":"info","ts":"2019-12-03T21:04:44.638Z","logger":"broker_ingress","caller":"ingress/ingress_handler.go:120","msg":"Error retrieving TTL, defaulting.","commit":"7655d9c","error":"\"knativebrokerttl\" not found"}
{"level":"info","ts":"2019-12-03T21:04:44.638Z","logger":"broker_ingress","caller":"ingress/ingress_handler.go:120","msg":"Error retrieving TTL, defaulting.","commit":"7655d9c","error":"\"knativebrokerttl\" not found"}
{"level":"info","ts":"2019-12-03T21:04:44.641Z","logger":"broker_ingress","caller":"ingress/ingress_handler.go:120","msg":"Error retrieving TTL, defaulting.","commit":"7655d9c","error":"\"knativebrokerttl\" not found"}
{"level":"info","ts":"2019-12-03T21:04:44.642Z","logger":"broker_ingress","caller":"ingress/ingress_handler.go:120","msg":"Error retrieving TTL, defaulting.","commit":"7655d9c","error":"\"knativebrokerttl\" not found"}
{"level":"info","ts":"2019-12-03T21:04:44.642Z","logger":"broker_ingress","caller":"ingress/ingress_handler.go:120","msg":"Error retrieving TTL, defaulting.","commit":"7655d9c","error":"\"knativebrokerttl\" not found"}
{"level":"info","ts":"2019-12-03T21:04:44.643Z","logger":"broker_ingress","caller":"ingress/ingress_handler.go:120","msg":"Error retrieving TTL, defaulting.","commit":"7655d9c","error":"\"knativebrokerttl\" not found"}
{"level":"info","ts":"2019-12-03T21:04:44.643Z","logger":"broker_ingress","caller":"ingress/ingress_handler.go:120","msg":"Error retrieving TTL, defaulting.","commit":"7655d9c","error":"\"knativebrokerttl\" not found"}
{"level":"info","ts":"2019-12-03T21:04:44.644Z","logger":"broker_ingress","caller":"ingress/ingress_handler.go:120","msg":"Error retrieving TTL, defaulting.","commit":"7655d9c","error":"\"knativebrokerttl\" not found"}
{"level":"info","ts":"2019-12-03T21:04:44.646Z","logger":"broker_ingress","caller":"ingress/ingress_handler.go:120","msg":"Error retrieving TTL, defaulting.","commit":"7655d9c","error":"\"knativebrokerttl\" not found"}
{"level":"info","ts":"2019-12-03T21:04:44.647Z","logger":"broker_ingress","caller":"ingress/ingress_handler.go:120","msg":"Error retrieving TTL, defaulting.","commit":"7655d9c","error":"\"knativebrokerttl\" not found"}
{"level":"info","ts":"2019-12-03T21:04:44.647Z","logger":"broker_ingress","caller":"ingress/ingress_handler.go:120","msg":"Error retrieving TTL, defaulting.","commit":"7655d9c","error":"\"knativebrokerttl\" not found"}
{"level":"info","ts":"2019-12-03T21:04:44.648Z","logger":"broker_ingress","caller":"ingress/ingress_handler.go:120","msg":"Error retrieving TTL, defaulting.","commit":"7655d9c","error":"\"knativebrokerttl\" not found"}
{"level":"info","ts":"2019-12-03T21:04:44.649Z","logger":"broker_ingress","caller":"ingress/ingress_handler.go:120","msg":"Error retrieving TTL, defaulting.","commit":"7655d9c","error":"\"knativebrokerttl\" not found"}
{"level":"info","ts":"2019-12-03T21:04:44.649Z","logger":"broker_ingress","caller":"ingress/ingress_handler.go:120","msg":"Error retrieving TTL, defaulting.","commit":"7655d9c","error":"\"knativebrokerttl\" not found"}
{"level":"info","ts":"2019-12-03T21:04:44.650Z","logger":"broker_ingress","caller":"ingress/ingress_handler.go:120","msg":"Error retrieving TTL, defaulting.","commit":"7655d9c","error":"\"knativebrokerttl\" not found"}
{"level":"info","ts":"2019-12-03T21:04:44.651Z","logger":"broker_ingress","caller":"ingress/ingress_handler.go:120","msg":"Error retrieving TTL, defaulting.","commit":"7655d9c","error":"\"knativebrokerttl\" not found"}
{"level":"info","ts":"2019-12-03T21:04:44.652Z","logger":"broker_ingress","caller":"ingress/ingress_handler.go:120","msg":"Error retrieving TTL, defaulting.","commit":"7655d9c","error":"\"knativebrokerttl\" not found"}
{"level":"info","ts":"2019-12-03T21:04:44.653Z","logger":"broker_ingress","caller":"ingress/ingress_handler.go:120","msg":"Error retrieving TTL, defaulting.","commit":"7655d9c","error":"\"knativebrokerttl\" not found"}
{"level":"info","ts":"2019-12-03T21:04:44.657Z","logger":"broker_ingress","caller":"ingress/ingress_handler.go:120","msg":"Error retrieving TTL, defaulting.","commit":"7655d9c","error":"\"knativebrokerttl\" not found"}
{"level":"info","ts":"2019-12-03T21:04:44.657Z","logger":"broker_ingress","caller":"ingress/ingress_handler.go:120","msg":"Error retrieving TTL, defaulting.","commit":"7655d9c","error":"\"knativebrokerttl\" not found"}
{"level":"info","ts":"2019-12-03T21:04:44.658Z","logger":"broker_ingress","caller":"ingress/ingress_handler.go:120","msg":"Error retrieving TTL, defaulting.","commit":"7655d9c","error":"\"knativebrokerttl\" not found"}
{"level":"info","ts":"2019-12-03T21:04:44.658Z","logger":"broker_ingress","caller":"ingress/ingress_handler.go:120","msg":"Error retrieving TTL, defaulting.","commit":"7655d9c","error":"\"knativebrokerttl\" not found"}
{"level":"info","ts":"2019-12-03T21:04:44.659Z","logger":"broker_ingress","caller":"ingress/ingress_handler.go:120","msg":"Error retrieving TTL, defaulting.","commit":"7655d9c","error":"\"knativebrokerttl\" not found"}
{"level":"info","ts":"2019-12-03T21:04:44.659Z","logger":"broker_ingress","caller":"ingress/ingress_handler.go:120","msg":"Error retrieving TTL, defaulting.","commit":"7655d9c","error":"\"knativebrokerttl\" not found"}
{"level":"info","ts":"2019-12-03T21:04:44.660Z","logger":"broker_ingress","caller":"ingress/ingress_handler.go:120","msg":"Error retrieving TTL, defaulting.","commit":"7655d9c","error":"\"knativebrokerttl\" not found"}
{"level":"info","ts":"2019-12-03T21:04:44.660Z","logger":"broker_ingress","caller":"ingress/ingress_handler.go:120","msg":"Error retrieving TTL, defaulting.","commit":"7655d9c","error":"\"knativebrokerttl\" not found"}
{"level":"info","ts":"2019-12-03T21:04:44.661Z","logger":"broker_ingress","caller":"ingress/ingress_handler.go:120","msg":"Error retrieving TTL, defaulting.","commit":"7655d9c","error":"\"knativebrokerttl\" not found"}
{"level":"info","ts":"2019-12-03T21:04:44.661Z","logger":"broker_ingress","caller":"ingress/ingress_handler.go:120","msg":"Error retrieving TTL, defaulting.","commit":"7655d9c","error":"\"knativebrokerttl\" not found"}
{"level":"info","ts":"2019-12-03T21:04:44.662Z","logger":"broker_ingress","caller":"ingress/ingress_handler.go:120","msg":"Error retrieving TTL, defaulting.","commit":"7655d9c","error":"\"knativebrokerttl\" not found"}
{"level":"info","ts":"2019-12-03T21:04:44.662Z","logger":"broker_ingress","caller":"ingress/ingress_handler.go:120","msg":"Error retrieving TTL, defaulting.","commit":"7655d9c","error":"\"knativebrokerttl\" not found"}
{"level":"info","ts":"2019-12-03T21:04:44.667Z","logger":"broker_ingress","caller":"ingress/ingress_handler.go:120","msg":"Error retrieving TTL, defaulting.","commit":"7655d9c","error":"\"knativebrokerttl\" not found"}
{"level":"info","ts":"2019-12-03T21:04:44.667Z","logger":"broker_ingress","caller":"ingress/ingress_handler.go:120","msg":"Error retrieving TTL, defaulting.","commit":"7655d9c","error":"\"knativebrokerttl\" not found"}
{"level":"info","ts":"2019-12-03T21:04:44.667Z","logger":"broker_ingress","caller":"ingress/ingress_handler.go:120","msg":"Error retrieving TTL, defaulting.","commit":"7655d9c","error":"\"knativebrokerttl\" not found"}
{"level":"info","ts":"2019-12-03T21:04:44.668Z","logger":"broker_ingress","caller":"ingress/ingress_handler.go:120","msg":"Error retrieving TTL, defaulting.","commit":"7655d9c","error":"\"knativebrokerttl\" not found"}
{"level":"info","ts":"2019-12-03T21:04:44.671Z","logger":"broker_ingress","caller":"ingress/ingress_handler.go:120","msg":"Error retrieving TTL, defaulting.","commit":"7655d9c","error":"\"knativebrokerttl\" not found"}
{"level":"info","ts":"2019-12-03T21:04:44.671Z","logger":"broker_ingress","caller":"ingress/ingress_handler.go:120","msg":"Error retrieving TTL, defaulting.","commit":"7655d9c","error":"\"knativebrokerttl\" not found"}
{"level":"info","ts":"2019-12-03T21:04:44.671Z","logger":"broker_ingress","caller":"ingress/ingress_handler.go:120","msg":"Error retrieving TTL, defaulting.","commit":"7655d9c","error":"\"knativebrokerttl\" not found"}
{"level":"info","ts":"2019-12-03T21:04:44.672Z","logger":"broker_ingress","caller":"ingress/ingress_handler.go:120","msg":"Error retrieving TTL, defaulting.","commit":"7655d9c","error":"\"knativebrokerttl\" not found"}
{"level":"info","ts":"2019-12-03T21:04:44.672Z","logger":"broker_ingress","caller":"ingress/ingress_handler.go:120","msg":"Error retrieving TTL, defaulting.","commit":"7655d9c","error":"\"knativebrokerttl\" not found"}
{"level":"info","ts":"2019-12-03T21:04:44.673Z","logger":"broker_ingress","caller":"ingress/ingress_handler.go:120","msg":"Error retrieving TTL, defaulting.","commit":"7655d9c","error":"\"knativebrokerttl\" not found"}
{"level":"info","ts":"2019-12-03T21:04:44.674Z","logger":"broker_ingress","caller":"ingress/ingress_handler.go:120","msg":"Error retrieving TTL, defaulting.","commit":"7655d9c","error":"\"knativebrokerttl\" not found"}
{"level":"info","ts":"2019-12-03T21:04:44.672Z","logger":"broker_ingress","caller":"ingress/ingress_handler.go:120","msg":"Error retrieving TTL, defaulting.","commit":"7655d9c","error":"\"knativebrokerttl\" not found"}
{"level":"info","ts":"2019-12-03T21:04:44.675Z","logger":"broker_ingress","caller":"ingress/ingress_handler.go:120","msg":"Error retrieving TTL, defaulting.","commit":"7655d9c","error":"\"knativebrokerttl\" not found"}
{"level":"info","ts":"2019-12-03T21:04:44.675Z","logger":"broker_ingress","caller":"ingress/ingress_handler.go:120","msg":"Error retrieving TTL, defaulting.","commit":"7655d9c","error":"\"knativebrokerttl\" not found"}
{"level":"info","ts":"2019-12-03T21:04:44.676Z","logger":"broker_ingress","caller":"ingress/ingress_handler.go:120","msg":"Error retrieving TTL, defaulting.","commit":"7655d9c","error":"\"knativebrokerttl\" not found"}
{"level":"info","ts":"2019-12-03T21:04:44.680Z","logger":"broker_ingress","caller":"ingress/ingress_handler.go:120","msg":"Error retrieving TTL, defaulting.","commit":"7655d9c","error":"\"knativebrokerttl\" not found"}
{"level":"info","ts":"2019-12-03T21:04:44.681Z","logger":"broker_ingress","caller":"ingress/ingress_handler.go:120","msg":"Error retrieving TTL, defaulting.","commit":"7655d9c","error":"\"knativebrokerttl\" not found"}
{"level":"info","ts":"2019-12-03T21:04:44.681Z","logger":"broker_ingress","caller":"ingress/ingress_handler.go:120","msg":"Error retrieving TTL, defaulting.","commit":"7655d9c","error":"\"knativebrokerttl\" not found"}
{"level":"info","ts":"2019-12-03T21:04:44.681Z","logger":"broker_ingress","caller":"ingress/ingress_handler.go:120","msg":"Error retrieving TTL, defaulting.","commit":"7655d9c","error":"\"knativebrokerttl\" not found"}
{"level":"info","ts":"2019-12-03T21:04:44.682Z","logger":"broker_ingress","caller":"ingress/ingress_handler.go:120","msg":"Error retrieving TTL, defaulting.","commit":"7655d9c","error":"\"knativebrokerttl\" not found"}
{"level":"info","ts":"2019-12-03T21:04:44.683Z","logger":"broker_ingress","caller":"ingress/ingress_handler.go:120","msg":"Error retrieving TTL, defaulting.","commit":"7655d9c","error":"\"knativebrokerttl\" not found"}
{"level":"info","ts":"2019-12-03T21:04:44.683Z","logger":"broker_ingress","caller":"ingress/ingress_handler.go:120","msg":"Error retrieving TTL, defaulting.","commit":"7655d9c","error":"\"knativebrokerttl\" not found"}
{"level":"info","ts":"2019-12-03T21:04:44.684Z","logger":"broker_ingress","caller":"ingress/ingress_handler.go:120","msg":"Error retrieving TTL, defaulting.","commit":"7655d9c","error":"\"knativebrokerttl\" not found"}
{"level":"info","ts":"2019-12-03T21:04:44.685Z","logger":"broker_ingress","caller":"ingress/ingress_handler.go:120","msg":"Error retrieving TTL, defaulting.","commit":"7655d9c","error":"\"knativebrokerttl\" not found"}
{"level":"info","ts":"2019-12-03T21:04:44.686Z","logger":"broker_ingress","caller":"ingress/ingress_handler.go:120","msg":"Error retrieving TTL, defaulting.","commit":"7655d9c","error":"\"knativebrokerttl\" not found"}
{"level":"info","ts":"2019-12-03T21:04:44.686Z","logger":"broker_ingress","caller":"ingress/ingress_handler.go:120","msg":"Error retrieving TTL, defaulting.","commit":"7655d9c","error":"\"knativebrokerttl\" not found"}
{"level":"info","ts":"2019-12-03T21:04:44.687Z","logger":"broker_ingress","caller":"ingress/ingress_handler.go:120","msg":"Error retrieving TTL, defaulting.","commit":"7655d9c","error":"\"knativebrokerttl\" not found"}
{"level":"info","ts":"2019-12-03T21:04:44.691Z","logger":"broker_ingress","caller":"ingress/ingress_handler.go:120","msg":"Error retrieving TTL, defaulting.","commit":"7655d9c","error":"\"knativebrokerttl\" not found"}
{"level":"info","ts":"2019-12-03T21:04:44.691Z","logger":"broker_ingress","caller":"ingress/ingress_handler.go:120","msg":"Error retrieving TTL, defaulting.","commit":"7655d9c","error":"\"knativebrokerttl\" not found"}
{"level":"info","ts":"2019-12-03T21:04:44.692Z","logger":"broker_ingress","caller":"ingress/ingress_handler.go:120","msg":"Error retrieving TTL, defaulting.","commit":"7655d9c","error":"\"knativebrokerttl\" not found"}
{"level":"info","ts":"2019-12-03T21:04:44.693Z","logger":"broker_ingress","caller":"ingress/ingress_handler.go:120","msg":"Error retrieving TTL, defaulting.","commit":"7655d9c","error":"\"knativebrokerttl\" not found"}
{"level":"info","ts":"2019-12-03T21:04:44.693Z","logger":"broker_ingress","caller":"ingress/ingress_handler.go:120","msg":"Error retrieving TTL, defaulting.","commit":"7655d9c","error":"\"knativebrokerttl\" not found"}
{"level":"info","ts":"2019-12-03T21:04:44.693Z","logger":"broker_ingress","caller":"ingress/ingress_handler.go:120","msg":"Error retrieving TTL, defaulting.","commit":"7655d9c","error":"\"knativebrokerttl\" not found"}
{"level":"info","ts":"2019-12-03T21:04:44.694Z","logger":"broker_ingress","caller":"ingress/ingress_handler.go:120","msg":"Error retrieving TTL, defaulting.","commit":"7655d9c","error":"\"knativebrokerttl\" not found"}
{"level":"info","ts":"2019-12-03T21:04:44.695Z","logger":"broker_ingress","caller":"ingress/ingress_handler.go:120","msg":"Error retrieving TTL, defaulting.","commit":"7655d9c","error":"\"knativebrokerttl\" not found"}
{"level":"info","ts":"2019-12-03T21:04:44.695Z","logger":"broker_ingress","caller":"ingress/ingress_handler.go:120","msg":"Error retrieving TTL, defaulting.","commit":"7655d9c","error":"\"knativebrokerttl\" not found"}
{"level":"info","ts":"2019-12-03T21:04:44.696Z","logger":"broker_ingress","caller":"ingress/ingress_handler.go:120","msg":"Error retrieving TTL, defaulting.","commit":"7655d9c","error":"\"knativebrokerttl\" not found"}
{"level":"info","ts":"2019-12-03T21:04:44.697Z","logger":"broker_ingress","caller":"ingress/ingress_handler.go:120","msg":"Error retrieving TTL, defaulting.","commit":"7655d9c","error":"\"knativebrokerttl\" not found"}
{"level":"info","ts":"2019-12-03T21:04:44.698Z","logger":"broker_ingress","caller":"ingress/ingress_handler.go:120","msg":"Error retrieving TTL, defaulting.","commit":"7655d9c","error":"\"knativebrokerttl\" not found"}
{"level":"info","ts":"2019-12-03T21:04:44.699Z","logger":"broker_ingress","caller":"ingress/ingress_handler.go:120","msg":"Error retrieving TTL, defaulting.","commit":"7655d9c","error":"\"knativebrokerttl\" not found"}
{"level":"info","ts":"2019-12-03T21:04:44.699Z","logger":"broker_ingress","caller":"ingress/ingress_handler.go:120","msg":"Error retrieving TTL, defaulting.","commit":"7655d9c","error":"\"knativebrokerttl\" not found"}
{"level":"info","ts":"2019-12-03T21:04:44.704Z","logger":"broker_ingress","caller":"ingress/ingress_handler.go:120","msg":"Error retrieving TTL, defaulting.","commit":"7655d9c","error":"\"knativebrokerttl\" not found"}
{"level":"info","ts":"2019-12-03T21:04:44.705Z","logger":"broker_ingress","caller":"ingress/ingress_handler.go:120","msg":"Error retrieving TTL, defaulting.","commit":"7655d9c","error":"\"knativebrokerttl\" not found"}
{"level":"info","ts":"2019-12-03T21:04:44.706Z","logger":"broker_ingress","caller":"ingress/ingress_handler.go:120","msg":"Error retrieving TTL, defaulting.","commit":"7655d9c","error":"\"knativebrokerttl\" not found"}
{"level":"info","ts":"2019-12-03T21:04:44.707Z","logger":"broker_ingress","caller":"ingress/ingress_handler.go:120","msg":"Error retrieving TTL, defaulting.","commit":"7655d9c","error":"\"knativebrokerttl\" not found"}
{"level":"info","ts":"2019-12-03T21:04:44.707Z","logger":"broker_ingress","caller":"ingress/ingress_handler.go:120","msg":"Error retrieving TTL, defaulting.","commit":"7655d9c","error":"\"knativebrokerttl\" not found"}
{"level":"info","ts":"2019-12-03T21:04:44.708Z","logger":"broker_ingress","caller":"ingress/ingress_handler.go:120","msg":"Error retrieving TTL, defaulting.","commit":"7655d9c","error":"\"knativebrokerttl\" not found"}
{"level":"info","ts":"2019-12-03T21:04:44.708Z","logger":"broker_ingress","caller":"ingress/ingress_handler.go:120","msg":"Error retrieving TTL, defaulting.","commit":"7655d9c","error":"\"knativebrokerttl\" not found"}
{"level":"info","ts":"2019-12-03T21:04:44.709Z","logger":"broker_ingress","caller":"ingress/ingress_handler.go:120","msg":"Error retrieving TTL, defaulting.","commit":"7655d9c","error":"\"knativebrokerttl\" not found"}
{"level":"info","ts":"2019-12-03T21:04:44.711Z","logger":"broker_ingress","caller":"ingress/ingress_handler.go:120","msg":"Error retrieving TTL, defaulting.","commit":"7655d9c","error":"\"knativebrokerttl\" not found"}
{"level":"info","ts":"2019-12-03T21:04:44.711Z","logger":"broker_ingress","caller":"ingress/ingress_handler.go:120","msg":"Error retrieving TTL, defaulting.","commit":"7655d9c","error":"\"knativebrokerttl\" not found"}
{"level":"info","ts":"2019-12-03T21:04:44.710Z","logger":"broker_ingress","caller":"ingress/ingress_handler.go:120","msg":"Error retrieving TTL, defaulting.","commit":"7655d9c","error":"\"knativebrokerttl\" not found"}
{"level":"info","ts":"2019-12-03T21:04:44.710Z","logger":"broker_ingress","caller":"ingress/ingress_handler.go:120","msg":"Error retrieving TTL, defaulting.","commit":"7655d9c","error":"\"knativebrokerttl\" not found"}
{"level":"info","ts":"2019-12-03T21:04:44.709Z","logger":"broker_ingress","caller":"ingress/ingress_handler.go:120","msg":"Error retrieving TTL, defaulting.","commit":"7655d9c","error":"\"knativebrokerttl\" not found"}
{"level":"info","ts":"2019-12-03T21:04:44.714Z","logger":"broker_ingress","caller":"ingress/ingress_handler.go:120","msg":"Error retrieving TTL, defaulting.","commit":"7655d9c","error":"\"knativebrokerttl\" not found"}
{"level":"info","ts":"2019-12-03T21:04:44.715Z","logger":"broker_ingress","caller":"ingress/ingress_handler.go:120","msg":"Error retrieving TTL, defaulting.","commit":"7655d9c","error":"\"knativebrokerttl\" not found"}
{"level":"info","ts":"2019-12-03T21:04:44.715Z","logger":"broker_ingress","caller":"ingress/ingress_handler.go:120","msg":"Error retrieving TTL, defaulting.","commit":"7655d9c","error":"\"knativebrokerttl\" not found"}
{"level":"info","ts":"2019-12-03T21:04:44.716Z","logger":"broker_ingress","caller":"ingress/ingress_handler.go:120","msg":"Error retrieving TTL, defaulting.","commit":"7655d9c","error":"\"knativebrokerttl\" not found"}
{"level":"info","ts":"2019-12-03T21:04:44.716Z","logger":"broker_ingress","caller":"ingress/ingress_handler.go:120","msg":"Error retrieving TTL, defaulting.","commit":"7655d9c","error":"\"knativebrokerttl\" not found"}
{"level":"info","ts":"2019-12-03T21:04:44.719Z","logger":"broker_ingress","caller":"ingress/ingress_handler.go:120","msg":"Error retrieving TTL, defaulting.","commit":"7655d9c","error":"\"knativebrokerttl\" not found"}
{"level":"info","ts":"2019-12-03T21:04:44.719Z","logger":"broker_ingress","caller":"ingress/ingress_handler.go:120","msg":"Error retrieving TTL, defaulting.","commit":"7655d9c","error":"\"knativebrokerttl\" not found"}
{"level":"info","ts":"2019-12-03T21:04:44.717Z","logger":"broker_ingress","caller":"ingress/ingress_handler.go:120","msg":"Error retrieving TTL, defaulting.","commit":"7655d9c","error":"\"knativebrokerttl\" not found"}
{"level":"info","ts":"2019-12-03T21:04:44.721Z","logger":"broker_ingress","caller":"ingress/ingress_handler.go:120","msg":"Error retrieving TTL, defaulting.","commit":"7655d9c","error":"\"knativebrokerttl\" not found"}
{"level":"info","ts":"2019-12-03T21:04:44.721Z","logger":"broker_ingress","caller":"ingress/ingress_handler.go:120","msg":"Error retrieving TTL, defaulting.","commit":"7655d9c","error":"\"knativebrokerttl\" not found"}
{"level":"info","ts":"2019-12-03T21:04:44.723Z","logger":"broker_ingress","caller":"ingress/ingress_handler.go:120","msg":"Error retrieving TTL, defaulting.","commit":"7655d9c","error":"\"knativebrokerttl\" not found"}
{"level":"info","ts":"2019-12-03T21:04:44.724Z","logger":"broker_ingress","caller":"ingress/ingress_handler.go:120","msg":"Error retrieving TTL, defaulting.","commit":"7655d9c","error":"\"knativebrokerttl\" not found"}
{"level":"info","ts":"2019-12-03T21:04:44.726Z","logger":"broker_ingress","caller":"ingress/ingress_handler.go:120","msg":"Error retrieving TTL, defaulting.","commit":"7655d9c","error":"\"knativebrokerttl\" not found"}
{"level":"info","ts":"2019-12-03T21:04:44.728Z","logger":"broker_ingress","caller":"ingress/ingress_handler.go:120","msg":"Error retrieving TTL, defaulting.","commit":"7655d9c","error":"\"knativebrokerttl\" not found"}
{"level":"info","ts":"2019-12-03T21:04:44.729Z","logger":"broker_ingress","caller":"ingress/ingress_handler.go:120","msg":"Error retrieving TTL, defaulting.","commit":"7655d9c","error":"\"knativebrokerttl\" not found"}
{"level":"info","ts":"2019-12-03T21:04:44.729Z","logger":"broker_ingress","caller":"ingress/ingress_handler.go:120","msg":"Error retrieving TTL, defaulting.","commit":"7655d9c","error":"\"knativebrokerttl\" not found"}
{"level":"info","ts":"2019-12-03T21:04:44.726Z","logger":"broker_ingress","caller":"ingress/ingress_handler.go:120","msg":"Error retrieving TTL, defaulting.","commit":"7655d9c","error":"\"knativebrokerttl\" not found"}
{"level":"info","ts":"2019-12-03T21:04:44.726Z","logger":"broker_ingress","caller":"ingress/ingress_handler.go:120","msg":"Error retrieving TTL, defaulting.","commit":"7655d9c","error":"\"knativebrokerttl\" not found"}
{"level":"info","ts":"2019-12-03T21:04:44.728Z","logger":"broker_ingress","caller":"ingress/ingress_handler.go:120","msg":"Error retrieving TTL, defaulting.","commit":"7655d9c","error":"\"knativebrokerttl\" not found"}
{"level":"info","ts":"2019-12-03T21:04:44.731Z","logger":"broker_ingress","caller":"ingress/ingress_handler.go:120","msg":"Error retrieving TTL, defaulting.","commit":"7655d9c","error":"\"knativebrokerttl\" not found"}
{"level":"info","ts":"2019-12-03T21:04:44.731Z","logger":"broker_ingress","caller":"ingress/ingress_handler.go:120","msg":"Error retrieving TTL, defaulting.","commit":"7655d9c","error":"\"knativebrokerttl\" not found"}
{"level":"info","ts":"2019-12-03T21:04:44.732Z","logger":"broker_ingress","caller":"ingress/ingress_handler.go:120","msg":"Error retrieving TTL, defaulting.","commit":"7655d9c","error":"\"knativebrokerttl\" not found"}
{"level":"info","ts":"2019-12-03T21:04:44.733Z","logger":"broker_ingress","caller":"ingress/ingress_handler.go:120","msg":"Error retrieving TTL, defaulting.","commit":"7655d9c","error":"\"knativebrokerttl\" not found"}
{"level":"info","ts":"2019-12-03T21:04:44.734Z","logger":"broker_ingress","caller":"ingress/ingress_handler.go:120","msg":"Error retrieving TTL, defaulting.","commit":"7655d9c","error":"\"knativebrokerttl\" not found"}
{"level":"info","ts":"2019-12-03T21:04:44.735Z","logger":"broker_ingress","caller":"ingress/ingress_handler.go:120","msg":"Error retrieving TTL, defaulting.","commit":"7655d9c","error":"\"knativebrokerttl\" not found"}
{"level":"info","ts":"2019-12-03T21:04:44.736Z","logger":"broker_ingress","caller":"ingress/ingress_handler.go:120","msg":"Error retrieving TTL, defaulting.","commit":"7655d9c","error":"\"knativebrokerttl\" not found"}
{"level":"info","ts":"2019-12-03T21:04:44.737Z","logger":"broker_ingress","caller":"ingress/ingress_handler.go:120","msg":"Error retrieving TTL, defaulting.","commit":"7655d9c","error":"\"knativebrokerttl\" not found"}
{"level":"info","ts":"2019-12-03T21:04:44.737Z","logger":"broker_ingress","caller":"ingress/ingress_handler.go:120","msg":"Error retrieving TTL, defaulting.","commit":"7655d9c","error":"\"knativebrokerttl\" not found"}
{"level":"info","ts":"2019-12-03T21:04:44.738Z","logger":"broker_ingress","caller":"ingress/ingress_handler.go:120","msg":"Error retrieving TTL, defaulting.","commit":"7655d9c","error":"\"knativebrokerttl\" not found"}
{"level":"info","ts":"2019-12-03T21:04:44.739Z","logger":"broker_ingress","caller":"ingress/ingress_handler.go:120","msg":"Error retrieving TTL, defaulting.","commit":"7655d9c","error":"\"knativebrokerttl\" not found"}
{"level":"info","ts":"2019-12-03T21:04:44.740Z","logger":"broker_ingress","caller":"ingress/ingress_handler.go:120","msg":"Error retrieving TTL, defaulting.","commit":"7655d9c","error":"\"knativebrokerttl\" not found"}
{"level":"info","ts":"2019-12-03T21:04:44.741Z","logger":"broker_ingress","caller":"ingress/ingress_handler.go:120","msg":"Error retrieving TTL, defaulting.","commit":"7655d9c","error":"\"knativebrokerttl\" not found"}
{"level":"info","ts":"2019-12-03T21:04:44.741Z","logger":"broker_ingress","caller":"ingress/ingress_handler.go:120","msg":"Error retrieving TTL, defaulting.","commit":"7655d9c","error":"\"knativebrokerttl\" not found"}
{"level":"info","ts":"2019-12-03T21:04:44.742Z","logger":"broker_ingress","caller":"ingress/ingress_handler.go:120","msg":"Error retrieving TTL, defaulting.","commit":"7655d9c","error":"\"knativebrokerttl\" not found"}
{"level":"info","ts":"2019-12-03T21:04:44.744Z","logger":"broker_ingress","caller":"ingress/ingress_handler.go:120","msg":"Error retrieving TTL, defaulting.","commit":"7655d9c","error":"\"knativebrokerttl\" not found"}
{"level":"info","ts":"2019-12-03T21:04:44.745Z","logger":"broker_ingress","caller":"ingress/ingress_handler.go:120","msg":"Error retrieving TTL, defaulting.","commit":"7655d9c","error":"\"knativebrokerttl\" not found"}
{"level":"info","ts":"2019-12-03T21:04:44.745Z","logger":"broker_ingress","caller":"ingress/ingress_handler.go:120","msg":"Error retrieving TTL, defaulting.","commit":"7655d9c","error":"\"knativebrokerttl\" not found"}
{"level":"info","ts":"2019-12-03T21:04:44.747Z","logger":"broker_ingress","caller":"ingress/ingress_handler.go:120","msg":"Error retrieving TTL, defaulting.","commit":"7655d9c","error":"\"knativebrokerttl\" not found"}
{"level":"info","ts":"2019-12-03T21:04:44.747Z","logger":"broker_ingress","caller":"ingress/ingress_handler.go:120","msg":"Error retrieving TTL, defaulting.","commit":"7655d9c","error":"\"knativebrokerttl\" not found"}
{"level":"info","ts":"2019-12-03T21:04:44.748Z","logger":"broker_ingress","caller":"ingress/ingress_handler.go:120","msg":"Error retrieving TTL, defaulting.","commit":"7655d9c","error":"\"knativebrokerttl\" not found"}
{"level":"info","ts":"2019-12-03T21:04:44.749Z","logger":"broker_ingress","caller":"ingress/ingress_handler.go:120","msg":"Error retrieving TTL, defaulting.","commit":"7655d9c","error":"\"knativebrokerttl\" not found"}
{"level":"info","ts":"2019-12-03T21:04:44.750Z","logger":"broker_ingress","caller":"ingress/ingress_handler.go:120","msg":"Error retrieving TTL, defaulting.","commit":"7655d9c","error":"\"knativebrokerttl\" not found"}
{"level":"info","ts":"2019-12-03T21:04:44.751Z","logger":"broker_ingress","caller":"ingress/ingress_handler.go:120","msg":"Error retrieving TTL, defaulting.","commit":"7655d9c","error":"\"knativebrokerttl\" not found"}
{"level":"info","ts":"2019-12-03T21:04:44.751Z","logger":"broker_ingress","caller":"ingress/ingress_handler.go:120","msg":"Error retrieving TTL, defaulting.","commit":"7655d9c","error":"\"knativebrokerttl\" not found"}
{"level":"info","ts":"2019-12-03T21:04:44.753Z","logger":"broker_ingress","caller":"ingress/ingress_handler.go:120","msg":"Error retrieving TTL, defaulting.","commit":"7655d9c","error":"\"knativebrokerttl\" not found"}
{"level":"info","ts":"2019-12-03T21:04:44.753Z","logger":"broker_ingress","caller":"ingress/ingress_handler.go:120","msg":"Error retrieving TTL, defaulting.","commit":"7655d9c","error":"\"knativebrokerttl\" not found"}
{"level":"info","ts":"2019-12-03T21:04:44.755Z","logger":"broker_ingress","caller":"ingress/ingress_handler.go:120","msg":"Error retrieving TTL, defaulting.","commit":"7655d9c","error":"\"knativebrokerttl\" not found"}
{"level":"info","ts":"2019-12-03T21:04:44.776Z","logger":"broker_ingress","caller":"ingress/ingress_handler.go:120","msg":"Error retrieving TTL, defaulting.","commit":"7655d9c","error":"\"knativebrokerttl\" not found"}
{"level":"info","ts":"2019-12-03T21:04:44.790Z","logger":"broker_ingress","caller":"ingress/ingress_handler.go:120","msg":"Error retrieving TTL, defaulting.","commit":"7655d9c","error":"\"knativebrokerttl\" not found"}
{"level":"info","ts":"2019-12-03T21:04:44.791Z","logger":"broker_ingress","caller":"ingress/ingress_handler.go:120","msg":"Error retrieving TTL, defaulting.","commit":"7655d9c","error":"\"knativebrokerttl\" not found"}
{"level":"info","ts":"2019-12-03T21:04:44.791Z","logger":"broker_ingress","caller":"ingress/ingress_handler.go:120","msg":"Error retrieving TTL, defaulting.","commit":"7655d9c","error":"\"knativebrokerttl\" not found"}
{"level":"info","ts":"2019-12-03T21:04:44.792Z","logger":"broker_ingress","caller":"ingress/ingress_handler.go:120","msg":"Error retrieving TTL, defaulting.","commit":"7655d9c","error":"\"knativebrokerttl\" not found"}
{"level":"info","ts":"2019-12-03T21:04:44.798Z","logger":"broker_ingress","caller":"ingress/ingress_handler.go:120","msg":"Error retrieving TTL, defaulting.","commit":"7655d9c","error":"\"knativebrokerttl\" not found"}
{"level":"info","ts":"2019-12-03T21:04:44.799Z","logger":"broker_ingress","caller":"ingress/ingress_handler.go:120","msg":"Error retrieving TTL, defaulting.","commit":"7655d9c","error":"\"knativebrokerttl\" not found"}
{"level":"info","ts":"2019-12-03T21:04:44.799Z","logger":"broker_ingress","caller":"ingress/ingress_handler.go:120","msg":"Error retrieving TTL, defaulting.","commit":"7655d9c","error":"\"knativebrokerttl\" not found"}
{"level":"info","ts":"2019-12-03T21:04:44.799Z","logger":"broker_ingress","caller":"ingress/ingress_handler.go:120","msg":"Error retrieving TTL, defaulting.","commit":"7655d9c","error":"\"knativebrokerttl\" not found"}
{"level":"info","ts":"2019-12-03T21:04:44.800Z","logger":"broker_ingress","caller":"ingress/ingress_handler.go:120","msg":"Error retrieving TTL, defaulting.","commit":"7655d9c","error":"\"knativebrokerttl\" not found"}
{"level":"info","ts":"2019-12-03T21:04:44.800Z","logger":"broker_ingress","caller":"ingress/ingress_handler.go:120","msg":"Error retrieving TTL, defaulting.","commit":"7655d9c","error":"\"knativebrokerttl\" not found"}
{"level":"info","ts":"2019-12-03T21:04:44.801Z","logger":"broker_ingress","caller":"ingress/ingress_handler.go:120","msg":"Error retrieving TTL, defaulting.","commit":"7655d9c","error":"\"knativebrokerttl\" not found"}
{"level":"info","ts":"2019-12-03T21:04:44.801Z","logger":"broker_ingress","caller":"ingress/ingress_handler.go:120","msg":"Error retrieving TTL, defaulting.","commit":"7655d9c","error":"\"knativebrokerttl\" not found"}
{"level":"info","ts":"2019-12-03T21:04:44.802Z","logger":"broker_ingress","caller":"ingress/ingress_handler.go:120","msg":"Error retrieving TTL, defaulting.","commit":"7655d9c","error":"\"knativebrokerttl\" not found"}
{"level":"info","ts":"2019-12-03T21:04:44.802Z","logger":"broker_ingress","caller":"ingress/ingress_handler.go:120","msg":"Error retrieving TTL, defaulting.","commit":"7655d9c","error":"\"knativebrokerttl\" not found"}
{"level":"info","ts":"2019-12-03T21:04:44.807Z","logger":"broker_ingress","caller":"ingress/ingress_handler.go:120","msg":"Error retrieving TTL, defaulting.","commit":"7655d9c","error":"\"knativebrokerttl\" not found"}
{"level":"info","ts":"2019-12-03T21:04:44.808Z","logger":"broker_ingress","caller":"ingress/ingress_handler.go:120","msg":"Error retrieving TTL, defaulting.","commit":"7655d9c","error":"\"knativebrokerttl\" not found"}
{"level":"info","ts":"2019-12-03T21:04:44.808Z","logger":"broker_ingress","caller":"ingress/ingress_handler.go:120","msg":"Error retrieving TTL, defaulting.","commit":"7655d9c","error":"\"knativebrokerttl\" not found"}
{"level":"info","ts":"2019-12-03T21:04:44.809Z","logger":"broker_ingress","caller":"ingress/ingress_handler.go:120","msg":"Error retrieving TTL, defaulting.","commit":"7655d9c","error":"\"knativebrokerttl\" not found"}
{"level":"info","ts":"2019-12-03T21:04:44.810Z","logger":"broker_ingress","caller":"ingress/ingress_handler.go:120","msg":"Error retrieving TTL, defaulting.","commit":"7655d9c","error":"\"knativebrokerttl\" not found"}
{"level":"info","ts":"2019-12-03T21:04:44.812Z","logger":"broker_ingress","caller":"ingress/ingress_handler.go:120","msg":"Error retrieving TTL, defaulting.","commit":"7655d9c","error":"\"knativebrokerttl\" not found"}
{"level":"info","ts":"2019-12-03T21:04:44.813Z","logger":"broker_ingress","caller":"ingress/ingress_handler.go:120","msg":"Error retrieving TTL, defaulting.","commit":"7655d9c","error":"\"knativebrokerttl\" not found"}
{"level":"info","ts":"2019-12-03T21:04:44.813Z","logger":"broker_ingress","caller":"ingress/ingress_handler.go:120","msg":"Error retrieving TTL, defaulting.","commit":"7655d9c","error":"\"knativebrokerttl\" not found"}
{"level":"info","ts":"2019-12-03T21:04:44.816Z","logger":"broker_ingress","caller":"ingress/ingress_handler.go:120","msg":"Error retrieving TTL, defaulting.","commit":"7655d9c","error":"\"knativebrokerttl\" not found"}
{"level":"info","ts":"2019-12-03T21:04:44.817Z","logger":"broker_ingress","caller":"ingress/ingress_handler.go:120","msg":"Error retrieving TTL, defaulting.","commit":"7655d9c","error":"\"knativebrokerttl\" not found"}
{"level":"info","ts":"2019-12-03T21:04:44.809Z","logger":"broker_ingress","caller":"ingress/ingress_handler.go:120","msg":"Error retrieving TTL, defaulting.","commit":"7655d9c","error":"\"knativebrokerttl\" not found"}
{"level":"info","ts":"2019-12-03T21:04:44.817Z","logger":"broker_ingress","caller":"ingress/ingress_handler.go:120","msg":"Error retrieving TTL, defaulting.","commit":"7655d9c","error":"\"knativebrokerttl\" not found"}
{"level":"info","ts":"2019-12-03T21:04:44.825Z","logger":"broker_ingress","caller":"ingress/ingress_handler.go:120","msg":"Error retrieving TTL, defaulting.","commit":"7655d9c","error":"\"knativebrokerttl\" not found"}
{"level":"info","ts":"2019-12-03T21:04:44.829Z","logger":"broker_ingress","caller":"ingress/ingress_handler.go:120","msg":"Error retrieving TTL, defaulting.","commit":"7655d9c","error":"\"knativebrokerttl\" not found"}
{"level":"info","ts":"2019-12-03T21:04:44.829Z","logger":"broker_ingress","caller":"ingress/ingress_handler.go:120","msg":"Error retrieving TTL, defaulting.","commit":"7655d9c","error":"\"knativebrokerttl\" not found"}
{"level":"info","ts":"2019-12-03T21:04:44.850Z","logger":"broker_ingress","caller":"ingress/ingress_handler.go:120","msg":"Error retrieving TTL, defaulting.","commit":"7655d9c","error":"\"knativebrokerttl\" not found"}
{"level":"info","ts":"2019-12-03T21:04:44.850Z","logger":"broker_ingress","caller":"ingress/ingress_handler.go:120","msg":"Error retrieving TTL, defaulting.","commit":"7655d9c","error":"\"knativebrokerttl\" not found"}
{"level":"info","ts":"2019-12-03T21:04:44.850Z","logger":"broker_ingress","caller":"ingress/ingress_handler.go:120","msg":"Error retrieving TTL, defaulting.","commit":"7655d9c","error":"\"knativebrokerttl\" not found"}
{"level":"info","ts":"2019-12-03T21:04:44.850Z","logger":"broker_ingress","caller":"ingress/ingress_handler.go:120","msg":"Error retrieving TTL, defaulting.","commit":"7655d9c","error":"\"knativebrokerttl\" not found"}
{"level":"info","ts":"2019-12-03T21:04:44.851Z","logger":"broker_ingress","caller":"ingress/ingress_handler.go:120","msg":"Error retrieving TTL, defaulting.","commit":"7655d9c","error":"\"knativebrokerttl\" not found"}
{"level":"info","ts":"2019-12-03T21:04:44.851Z","logger":"broker_ingress","caller":"ingress/ingress_handler.go:120","msg":"Error retrieving TTL, defaulting.","commit":"7655d9c","error":"\"knativebrokerttl\" not found"}
{"level":"info","ts":"2019-12-03T21:04:44.851Z","logger":"broker_ingress","caller":"ingress/ingress_handler.go:120","msg":"Error retrieving TTL, defaulting.","commit":"7655d9c","error":"\"knativebrokerttl\" not found"}
{"level":"info","ts":"2019-12-03T21:04:44.851Z","logger":"broker_ingress","caller":"ingress/ingress_handler.go:120","msg":"Error retrieving TTL, defaulting.","commit":"7655d9c","error":"\"knativebrokerttl\" not found"}
{"level":"info","ts":"2019-12-03T21:04:44.851Z","logger":"broker_ingress","caller":"ingress/ingress_handler.go:120","msg":"Error retrieving TTL, defaulting.","commit":"7655d9c","error":"\"knativebrokerttl\" not found"}
{"level":"info","ts":"2019-12-03T21:04:44.851Z","logger":"broker_ingress","caller":"ingress/ingress_handler.go:120","msg":"Error retrieving TTL, defaulting.","commit":"7655d9c","error":"\"knativebrokerttl\" not found"}
{"level":"info","ts":"2019-12-03T21:04:44.851Z","logger":"broker_ingress","caller":"ingress/ingress_handler.go:120","msg":"Error retrieving TTL, defaulting.","commit":"7655d9c","error":"\"knativebrokerttl\" not found"}
{"level":"info","ts":"2019-12-03T21:04:44.851Z","logger":"broker_ingress","caller":"ingress/ingress_handler.go:120","msg":"Error retrieving TTL, defaulting.","commit":"7655d9c","error":"\"knativebrokerttl\" not found"}
{"level":"info","ts":"2019-12-03T21:04:44.851Z","logger":"broker_ingress","caller":"ingress/ingress_handler.go:120","msg":"Error retrieving TTL, defaulting.","commit":"7655d9c","error":"\"knativebrokerttl\" not found"}
{"level":"info","ts":"2019-12-03T21:04:44.896Z","logger":"broker_ingress","caller":"ingress/ingress_handler.go:120","msg":"Error retrieving TTL, defaulting.","commit":"7655d9c","error":"\"knativebrokerttl\" not found"}
{"level":"info","ts":"2019-12-03T21:04:44.852Z","logger":"broker_ingress","caller":"ingress/ingress_handler.go:120","msg":"Error retrieving TTL, defaulting.","commit":"7655d9c","error":"\"knativebrokerttl\" not found"}
{"level":"info","ts":"2019-12-03T21:04:44.852Z","logger":"broker_ingress","caller":"ingress/ingress_handler.go:120","msg":"Error retrieving TTL, defaulting.","commit":"7655d9c","error":"\"knativebrokerttl\" not found"}
{"level":"info","ts":"2019-12-03T21:04:44.854Z","logger":"broker_ingress","caller":"ingress/ingress_handler.go:120","msg":"Error retrieving TTL, defaulting.","commit":"7655d9c","error":"\"knativebrokerttl\" not found"}
{"level":"info","ts":"2019-12-03T21:04:44.866Z","logger":"broker_ingress","caller":"ingress/ingress_handler.go:120","msg":"Error retrieving TTL, defaulting.","commit":"7655d9c","error":"\"knativebrokerttl\" not found"}
{"level":"info","ts":"2019-12-03T21:04:45.040Z","logger":"broker_ingress","caller":"ingress/ingress_handler.go:120","msg":"Error retrieving TTL, defaulting.","commit":"7655d9c","error":"\"knativebrokerttl\" not found"}
{"level":"info","ts":"2019-12-03T21:04:45.041Z","logger":"broker_ingress","caller":"ingress/ingress_handler.go:120","msg":"Error retrieving TTL, defaulting.","commit":"7655d9c","error":"\"knativebrokerttl\" not found"}
{"level":"info","ts":"2019-12-03T21:04:45.042Z","logger":"broker_ingress","caller":"ingress/ingress_handler.go:120","msg":"Error retrieving TTL, defaulting.","commit":"7655d9c","error":"\"knativebrokerttl\" not found"}
{"level":"info","ts":"2019-12-03T21:04:45.042Z","logger":"broker_ingress","caller":"ingress/ingress_handler.go:120","msg":"Error retrieving TTL, defaulting.","commit":"7655d9c","error":"\"knativebrokerttl\" not found"}
{"level":"info","ts":"2019-12-03T21:04:45.043Z","logger":"broker_ingress","caller":"ingress/ingress_handler.go:120","msg":"Error retrieving TTL, defaulting.","commit":"7655d9c","error":"\"knativebrokerttl\" not found"}
{"level":"info","ts":"2019-12-03T21:04:45.044Z","logger":"broker_ingress","caller":"ingress/ingress_handler.go:120","msg":"Error retrieving TTL, defaulting.","commit":"7655d9c","error":"\"knativebrokerttl\" not found"}
{"level":"info","ts":"2019-12-03T21:04:44.866Z","logger":"broker_ingress","caller":"ingress/ingress_handler.go:120","msg":"Error retrieving TTL, defaulting.","commit":"7655d9c","error":"\"knativebrokerttl\" not found"}
{"level":"info","ts":"2019-12-03T21:04:45.039Z","logger":"broker_ingress","caller":"ingress/ingress_handler.go:120","msg":"Error retrieving TTL, defaulting.","commit":"7655d9c","error":"\"knativebrokerttl\" not found"}
{"level":"info","ts":"2019-12-03T21:04:45.041Z","logger":"broker_ingress","caller":"ingress/ingress_handler.go:120","msg":"Error retrieving TTL, defaulting.","commit":"7655d9c","error":"\"knativebrokerttl\" not found"}
{"level":"info","ts":"2019-12-03T21:04:45.050Z","logger":"broker_ingress","caller":"ingress/ingress_handler.go:120","msg":"Error retrieving TTL, defaulting.","commit":"7655d9c","error":"\"knativebrokerttl\" not found"}
{"level":"info","ts":"2019-12-03T21:04:44.866Z","logger":"broker_ingress","caller":"ingress/ingress_handler.go:120","msg":"Error retrieving TTL, defaulting.","commit":"7655d9c","error":"\"knativebrokerttl\" not found"}
{"level":"info","ts":"2019-12-03T21:04:45.049Z","logger":"broker_ingress","caller":"ingress/ingress_handler.go:120","msg":"Error retrieving TTL, defaulting.","commit":"7655d9c","error":"\"knativebrokerttl\" not found"}
{"level":"info","ts":"2019-12-03T21:04:44.867Z","logger":"broker_ingress","caller":"ingress/ingress_handler.go:120","msg":"Error retrieving TTL, defaulting.","commit":"7655d9c","error":"\"knativebrokerttl\" not found"}
{"level":"info","ts":"2019-12-03T21:04:44.867Z","logger":"broker_ingress","caller":"ingress/ingress_handler.go:120","msg":"Error retrieving TTL, defaulting.","commit":"7655d9c","error":"\"knativebrokerttl\" not found"}
{"level":"info","ts":"2019-12-03T21:04:44.869Z","logger":"broker_ingress","caller":"ingress/ingress_handler.go:120","msg":"Error retrieving TTL, defaulting.","commit":"7655d9c","error":"\"knativebrokerttl\" not found"}
{"level":"info","ts":"2019-12-03T21:04:44.869Z","logger":"broker_ingress","caller":"ingress/ingress_handler.go:120","msg":"Error retrieving TTL, defaulting.","commit":"7655d9c","error":"\"knativebrokerttl\" not found"}
{"level":"info","ts":"2019-12-03T21:04:44.873Z","logger":"broker_ingress","caller":"ingress/ingress_handler.go:120","msg":"Error retrieving TTL, defaulting.","commit":"7655d9c","error":"\"knativebrokerttl\" not found"}
{"level":"info","ts":"2019-12-03T21:04:44.874Z","logger":"broker_ingress","caller":"ingress/ingress_handler.go:120","msg":"Error retrieving TTL, defaulting.","commit":"7655d9c","error":"\"knativebrokerttl\" not found"}
{"level":"info","ts":"2019-12-03T21:04:45.057Z","logger":"broker_ingress","caller":"ingress/ingress_handler.go:120","msg":"Error retrieving TTL, defaulting.","commit":"7655d9c","error":"\"knativebrokerttl\" not found"}
{"level":"info","ts":"2019-12-03T21:04:45.059Z","logger":"broker_ingress","caller":"ingress/ingress_handler.go:120","msg":"Error retrieving TTL, defaulting.","commit":"7655d9c","error":"\"knativebrokerttl\" not found"}
{"level":"info","ts":"2019-12-03T21:04:44.887Z","logger":"broker_ingress","caller":"ingress/ingress_handler.go:120","msg":"Error retrieving TTL, defaulting.","commit":"7655d9c","error":"\"knativebrokerttl\" not found"}
{"level":"info","ts":"2019-12-03T21:04:45.061Z","logger":"broker_ingress","caller":"ingress/ingress_handler.go:120","msg":"Error retrieving TTL, defaulting.","commit":"7655d9c","error":"\"knativebrokerttl\" not found"}
{"level":"info","ts":"2019-12-03T21:04:44.888Z","logger":"broker_ingress","caller":"ingress/ingress_handler.go:120","msg":"Error retrieving TTL, defaulting.","commit":"7655d9c","error":"\"knativebrokerttl\" not found"}
{"level":"info","ts":"2019-12-03T21:04:44.888Z","logger":"broker_ingress","caller":"ingress/ingress_handler.go:120","msg":"Error retrieving TTL, defaulting.","commit":"7655d9c","error":"\"knativebrokerttl\" not found"}
{"level":"info","ts":"2019-12-03T21:04:44.888Z","logger":"broker_ingress","caller":"ingress/ingress_handler.go:120","msg":"Error retrieving TTL, defaulting.","commit":"7655d9c","error":"\"knativebrokerttl\" not found"}
{"level":"info","ts":"2019-12-03T21:04:44.888Z","logger":"broker_ingress","caller":"ingress/ingress_handler.go:120","msg":"Error retrieving TTL, defaulting.","commit":"7655d9c","error":"\"knativebrokerttl\" not found"}
{"level":"info","ts":"2019-12-03T21:04:45.070Z","logger":"broker_ingress","caller":"ingress/ingress_handler.go:120","msg":"Error retrieving TTL, defaulting.","commit":"7655d9c","error":"\"knativebrokerttl\" not found"}
{"level":"info","ts":"2019-12-03T21:04:44.888Z","logger":"broker_ingress","caller":"ingress/ingress_handler.go:120","msg":"Error retrieving TTL, defaulting.","commit":"7655d9c","error":"\"knativebrokerttl\" not found"}
{"level":"info","ts":"2019-12-03T21:04:45.071Z","logger":"broker_ingress","caller":"ingress/ingress_handler.go:120","msg":"Error retrieving TTL, defaulting.","commit":"7655d9c","error":"\"knativebrokerttl\" not found"}
{"level":"info","ts":"2019-12-03T21:04:44.889Z","logger":"broker_ingress","caller":"ingress/ingress_handler.go:120","msg":"Error retrieving TTL, defaulting.","commit":"7655d9c","error":"\"knativebrokerttl\" not found"}
{"level":"info","ts":"2019-12-03T21:04:44.897Z","logger":"broker_ingress","caller":"ingress/ingress_handler.go:120","msg":"Error retrieving TTL, defaulting.","commit":"7655d9c","error":"\"knativebrokerttl\" not found"}
{"level":"info","ts":"2019-12-03T21:04:44.897Z","logger":"broker_ingress","caller":"ingress/ingress_handler.go:120","msg":"Error retrieving TTL, defaulting.","commit":"7655d9c","error":"\"knativebrokerttl\" not found"}
{"level":"info","ts":"2019-12-03T21:04:44.898Z","logger":"broker_ingress","caller":"ingress/ingress_handler.go:120","msg":"Error retrieving TTL, defaulting.","commit":"7655d9c","error":"\"knativebrokerttl\" not found"}
{"level":"info","ts":"2019-12-03T21:04:45.079Z","logger":"broker_ingress","caller":"ingress/ingress_handler.go:120","msg":"Error retrieving TTL, defaulting.","commit":"7655d9c","error":"\"knativebrokerttl\" not found"}
{"level":"info","ts":"2019-12-03T21:04:45.080Z","logger":"broker_ingress","caller":"ingress/ingress_handler.go:120","msg":"Error retrieving TTL, defaulting.","commit":"7655d9c","error":"\"knativebrokerttl\" not found"}
{"level":"info","ts":"2019-12-03T21:04:45.058Z","logger":"broker_ingress","caller":"ingress/ingress_handler.go:120","msg":"Error retrieving TTL, defaulting.","commit":"7655d9c","error":"\"knativebrokerttl\" not found"}
{"level":"info","ts":"2019-12-03T21:04:45.042Z","logger":"broker_ingress","caller":"ingress/ingress_handler.go:120","msg":"Error retrieving TTL, defaulting.","commit":"7655d9c","error":"\"knativebrokerttl\" not found"}
{"level":"info","ts":"2019-12-03T21:04:44.941Z","logger":"broker_ingress","caller":"ingress/ingress_handler.go:120","msg":"Error retrieving TTL, defaulting.","commit":"7655d9c","error":"\"knativebrokerttl\" not found"}
{"level":"info","ts":"2019-12-03T21:04:44.941Z","logger":"broker_ingress","caller":"ingress/ingress_handler.go:120","msg":"Error retrieving TTL, defaulting.","commit":"7655d9c","error":"\"knativebrokerttl\" not found"}
{"level":"info","ts":"2019-12-03T21:04:44.942Z","logger":"broker_ingress","caller":"ingress/ingress_handler.go:120","msg":"Error retrieving TTL, defaulting.","commit":"7655d9c","error":"\"knativebrokerttl\" not found"}
{"level":"info","ts":"2019-12-03T21:04:44.943Z","logger":"broker_ingress","caller":"ingress/ingress_handler.go:120","msg":"Error retrieving TTL, defaulting.","commit":"7655d9c","error":"\"knativebrokerttl\" not found"}
{"level":"info","ts":"2019-12-03T21:04:45.011Z","logger":"broker_ingress","caller":"ingress/ingress_handler.go:120","msg":"Error retrieving TTL, defaulting.","commit":"7655d9c","error":"\"knativebrokerttl\" not found"}
{"level":"info","ts":"2019-12-03T21:04:45.032Z","logger":"broker_ingress","caller":"ingress/ingress_handler.go:120","msg":"Error retrieving TTL, defaulting.","commit":"7655d9c","error":"\"knativebrokerttl\" not found"}
{"level":"info","ts":"2019-12-03T21:04:45.032Z","logger":"broker_ingress","caller":"ingress/ingress_handler.go:120","msg":"Error retrieving TTL, defaulting.","commit":"7655d9c","error":"\"knativebrokerttl\" not found"}
{"level":"info","ts":"2019-12-03T21:04:45.034Z","logger":"broker_ingress","caller":"ingress/ingress_handler.go:120","msg":"Error retrieving TTL, defaulting.","commit":"7655d9c","error":"\"knativebrokerttl\" not found"}
{"level":"info","ts":"2019-12-03T21:04:45.034Z","logger":"broker_ingress","caller":"ingress/ingress_handler.go:120","msg":"Error retrieving TTL, defaulting.","commit":"7655d9c","error":"\"knativebrokerttl\" not found"}
{"level":"info","ts":"2019-12-03T21:04:45.035Z","logger":"broker_ingress","caller":"ingress/ingress_handler.go:120","msg":"Error retrieving TTL, defaulting.","commit":"7655d9c","error":"\"knativebrokerttl\" not found"}
{"level":"info","ts":"2019-12-03T21:04:45.036Z","logger":"broker_ingress","caller":"ingress/ingress_handler.go:120","msg":"Error retrieving TTL, defaulting.","commit":"7655d9c","error":"\"knativebrokerttl\" not found"}
{"level":"info","ts":"2019-12-03T21:04:45.037Z","logger":"broker_ingress","caller":"ingress/ingress_handler.go:120","msg":"Error retrieving TTL, defaulting.","commit":"7655d9c","error":"\"knativebrokerttl\" not found"}
{"level":"info","ts":"2019-12-03T21:04:45.028Z","logger":"broker_ingress","caller":"ingress/ingress_handler.go:120","msg":"Error retrieving TTL, defaulting.","commit":"7655d9c","error":"\"knativebrokerttl\" not found"}
{"level":"info","ts":"2019-12-03T21:04:45.037Z","logger":"broker_ingress","caller":"ingress/ingress_handler.go:120","msg":"Error retrieving TTL, defaulting.","commit":"7655d9c","error":"\"knativebrokerttl\" not found"}
{"level":"info","ts":"2019-12-03T21:04:45.037Z","logger":"broker_ingress","caller":"ingress/ingress_handler.go:120","msg":"Error retrieving TTL, defaulting.","commit":"7655d9c","error":"\"knativebrokerttl\" not found"}
{"level":"info","ts":"2019-12-03T21:04:45.038Z","logger":"broker_ingress","caller":"ingress/ingress_handler.go:120","msg":"Error retrieving TTL, defaulting.","commit":"7655d9c","error":"\"knativebrokerttl\" not found"}
{"level":"info","ts":"2019-12-03T21:04:45.038Z","logger":"broker_ingress","caller":"ingress/ingress_handler.go:120","msg":"Error retrieving TTL, defaulting.","commit":"7655d9c","error":"\"knativebrokerttl\" not found"}
{"level":"info","ts":"2019-12-03T21:04:45.038Z","logger":"broker_ingress","caller":"ingress/ingress_handler.go:120","msg":"Error retrieving TTL, defaulting.","commit":"7655d9c","error":"\"knativebrokerttl\" not found"}
{"level":"info","ts":"2019-12-03T21:04:45.064Z","logger":"broker_ingress","caller":"ingress/ingress_handler.go:120","msg":"Error retrieving TTL, defaulting.","commit":"7655d9c","error":"\"knativebrokerttl\" not found"}
{"level":"info","ts":"2019-12-03T21:04:45.077Z","logger":"broker_ingress","caller":"ingress/ingress_handler.go:120","msg":"Error retrieving TTL, defaulting.","commit":"7655d9c","error":"\"knativebrokerttl\" not found"}
{"level":"info","ts":"2019-12-03T21:04:45.078Z","logger":"broker_ingress","caller":"ingress/ingress_handler.go:120","msg":"Error retrieving TTL, defaulting.","commit":"7655d9c","error":"\"knativebrokerttl\" not found"}
{"level":"info","ts":"2019-12-03T21:04:44.941Z","logger":"broker_ingress","caller":"ingress/ingress_handler.go:120","msg":"Error retrieving TTL, defaulting.","commit":"7655d9c","error":"\"knativebrokerttl\" not found"}
{"level":"info","ts":"2019-12-03T21:04:45.083Z","logger":"broker_ingress","caller":"ingress/ingress_handler.go:120","msg":"Error retrieving TTL, defaulting.","commit":"7655d9c","error":"\"knativebrokerttl\" not found"}
{"level":"info","ts":"2019-12-03T21:04:45.084Z","logger":"broker_ingress","caller":"ingress/ingress_handler.go:120","msg":"Error retrieving TTL, defaulting.","commit":"7655d9c","error":"\"knativebrokerttl\" not found"}
{"level":"info","ts":"2019-12-03T21:04:45.085Z","logger":"broker_ingress","caller":"ingress/ingress_handler.go:120","msg":"Error retrieving TTL, defaulting.","commit":"7655d9c","error":"\"knativebrokerttl\" not found"}
{"level":"info","ts":"2019-12-03T21:04:45.086Z","logger":"broker_ingress","caller":"ingress/ingress_handler.go:120","msg":"Error retrieving TTL, defaulting.","commit":"7655d9c","error":"\"knativebrokerttl\" not found"}
{"level":"info","ts":"2019-12-03T21:04:45.087Z","logger":"broker_ingress","caller":"ingress/ingress_handler.go:120","msg":"Error retrieving TTL, defaulting.","commit":"7655d9c","error":"\"knativebrokerttl\" not found"}
{"level":"info","ts":"2019-12-03T21:04:45.088Z","logger":"broker_ingress","caller":"ingress/ingress_handler.go:120","msg":"Error retrieving TTL, defaulting.","commit":"7655d9c","error":"\"knativebrokerttl\" not found"}
{"level":"info","ts":"2019-12-03T21:04:45.090Z","logger":"broker_ingress","caller":"ingress/ingress_handler.go:120","msg":"Error retrieving TTL, defaulting.","commit":"7655d9c","error":"\"knativebrokerttl\" not found"}
{"level":"info","ts":"2019-12-03T21:04:45.090Z","logger":"broker_ingress","caller":"ingress/ingress_handler.go:120","msg":"Error retrieving TTL, defaulting.","commit":"7655d9c","error":"\"knativebrokerttl\" not found"}
{"level":"info","ts":"2019-12-03T21:04:45.091Z","logger":"broker_ingress","caller":"ingress/ingress_handler.go:120","msg":"Error retrieving TTL, defaulting.","commit":"7655d9c","error":"\"knativebrokerttl\" not found"}
{"level":"info","ts":"2019-12-03T21:04:45.091Z","logger":"broker_ingress","caller":"ingress/ingress_handler.go:120","msg":"Error retrieving TTL, defaulting.","commit":"7655d9c","error":"\"knativebrokerttl\" not found"}
{"level":"info","ts":"2019-12-03T21:04:45.090Z","logger":"broker_ingress","caller":"ingress/ingress_handler.go:120","msg":"Error retrieving TTL, defaulting.","commit":"7655d9c","error":"\"knativebrokerttl\" not found"}
{"level":"info","ts":"2019-12-03T21:04:45.092Z","logger":"broker_ingress","caller":"ingress/ingress_handler.go:120","msg":"Error retrieving TTL, defaulting.","commit":"7655d9c","error":"\"knativebrokerttl\" not found"}
{"level":"info","ts":"2019-12-03T21:04:45.092Z","logger":"broker_ingress","caller":"ingress/ingress_handler.go:120","msg":"Error retrieving TTL, defaulting.","commit":"7655d9c","error":"\"knativebrokerttl\" not found"}
{"level":"info","ts":"2019-12-03T21:04:45.093Z","logger":"broker_ingress","caller":"ingress/ingress_handler.go:120","msg":"Error retrieving TTL, defaulting.","commit":"7655d9c","error":"\"knativebrokerttl\" not found"}
{"level":"info","ts":"2019-12-03T21:04:45.093Z","logger":"broker_ingress","caller":"ingress/ingress_handler.go:120","msg":"Error retrieving TTL, defaulting.","commit":"7655d9c","error":"\"knativebrokerttl\" not found"}
{"level":"info","ts":"2019-12-03T21:04:45.094Z","logger":"broker_ingress","caller":"ingress/ingress_handler.go:120","msg":"Error retrieving TTL, defaulting.","commit":"7655d9c","error":"\"knativebrokerttl\" not found"}
{"level":"info","ts":"2019-12-03T21:04:45.096Z","logger":"broker_ingress","caller":"ingress/ingress_handler.go:120","msg":"Error retrieving TTL, defaulting.","commit":"7655d9c","error":"\"knativebrokerttl\" not found"}
{"level":"info","ts":"2019-12-03T21:04:45.096Z","logger":"broker_ingress","caller":"ingress/ingress_handler.go:120","msg":"Error retrieving TTL, defaulting.","commit":"7655d9c","error":"\"knativebrokerttl\" not found"}
{"level":"info","ts":"2019-12-03T21:04:45.096Z","logger":"broker_ingress","caller":"ingress/ingress_handler.go:120","msg":"Error retrieving TTL, defaulting.","commit":"7655d9c","error":"\"knativebrokerttl\" not found"}
{"level":"info","ts":"2019-12-03T21:04:45.097Z","logger":"broker_ingress","caller":"ingress/ingress_handler.go:120","msg":"Error retrieving TTL, defaulting.","commit":"7655d9c","error":"\"knativebrokerttl\" not found"}
{"level":"info","ts":"2019-12-03T21:04:45.101Z","logger":"broker_ingress","caller":"ingress/ingress_handler.go:120","msg":"Error retrieving TTL, defaulting.","commit":"7655d9c","error":"\"knativebrokerttl\" not found"}
{"level":"info","ts":"2019-12-03T21:04:45.102Z","logger":"broker_ingress","caller":"ingress/ingress_handler.go:120","msg":"Error retrieving TTL, defaulting.","commit":"7655d9c","error":"\"knativebrokerttl\" not found"}
{"level":"info","ts":"2019-12-03T21:04:45.104Z","logger":"broker_ingress","caller":"ingress/ingress_handler.go:120","msg":"Error retrieving TTL, defaulting.","commit":"7655d9c","error":"\"knativebrokerttl\" not found"}
{"level":"info","ts":"2019-12-03T21:04:45.104Z","logger":"broker_ingress","caller":"ingress/ingress_handler.go:120","msg":"Error retrieving TTL, defaulting.","commit":"7655d9c","error":"\"knativebrokerttl\" not found"}
{"level":"info","ts":"2019-12-03T21:04:45.104Z","logger":"broker_ingress","caller":"ingress/ingress_handler.go:120","msg":"Error retrieving TTL, defaulting.","commit":"7655d9c","error":"\"knativebrokerttl\" not found"}
{"level":"info","ts":"2019-12-03T21:04:45.104Z","logger":"broker_ingress","caller":"ingress/ingress_handler.go:120","msg":"Error retrieving TTL, defaulting.","commit":"7655d9c","error":"\"knativebrokerttl\" not found"}
{"level":"info","ts":"2019-12-03T21:04:45.103Z","logger":"broker_ingress","caller":"ingress/ingress_handler.go:120","msg":"Error retrieving TTL, defaulting.","commit":"7655d9c","error":"\"knativebrokerttl\" not found"}
{"level":"info","ts":"2019-12-03T21:04:45.105Z","logger":"broker_ingress","caller":"ingress/ingress_handler.go:120","msg":"Error retrieving TTL, defaulting.","commit":"7655d9c","error":"\"knativebrokerttl\" not found"}
{"level":"info","ts":"2019-12-03T21:04:45.105Z","logger":"broker_ingress","caller":"ingress/ingress_handler.go:120","msg":"Error retrieving TTL, defaulting.","commit":"7655d9c","error":"\"knativebrokerttl\" not found"}
{"level":"info","ts":"2019-12-03T21:04:45.105Z","logger":"broker_ingress","caller":"ingress/ingress_handler.go:120","msg":"Error retrieving TTL, defaulting.","commit":"7655d9c","error":"\"knativebrokerttl\" not found"}
{"level":"info","ts":"2019-12-03T21:04:45.105Z","logger":"broker_ingress","caller":"ingress/ingress_handler.go:120","msg":"Error retrieving TTL, defaulting.","commit":"7655d9c","error":"\"knativebrokerttl\" not found"}
{"level":"info","ts":"2019-12-03T21:04:45.106Z","logger":"broker_ingress","caller":"ingress/ingress_handler.go:120","msg":"Error retrieving TTL, defaulting.","commit":"7655d9c","error":"\"knativebrokerttl\" not found"}
{"level":"info","ts":"2019-12-03T21:04:45.109Z","logger":"broker_ingress","caller":"ingress/ingress_handler.go:120","msg":"Error retrieving TTL, defaulting.","commit":"7655d9c","error":"\"knativebrokerttl\" not found"}
{"level":"info","ts":"2019-12-03T21:04:45.110Z","logger":"broker_ingress","caller":"ingress/ingress_handler.go:120","msg":"Error retrieving TTL, defaulting.","commit":"7655d9c","error":"\"knativebrokerttl\" not found"}
{"level":"info","ts":"2019-12-03T21:04:45.110Z","logger":"broker_ingress","caller":"ingress/ingress_handler.go:120","msg":"Error retrieving TTL, defaulting.","commit":"7655d9c","error":"\"knativebrokerttl\" not found"}
{"level":"info","ts":"2019-12-03T21:04:45.111Z","logger":"broker_ingress","caller":"ingress/ingress_handler.go:120","msg":"Error retrieving TTL, defaulting.","commit":"7655d9c","error":"\"knativebrokerttl\" not found"}
{"level":"info","ts":"2019-12-03T21:04:45.111Z","logger":"broker_ingress","caller":"ingress/ingress_handler.go:120","msg":"Error retrieving TTL, defaulting.","commit":"7655d9c","error":"\"knativebrokerttl\" not found"}
{"level":"info","ts":"2019-12-03T21:04:45.112Z","logger":"broker_ingress","caller":"ingress/ingress_handler.go:120","msg":"Error retrieving TTL, defaulting.","commit":"7655d9c","error":"\"knativebrokerttl\" not found"}
{"level":"info","ts":"2019-12-03T21:04:45.112Z","logger":"broker_ingress","caller":"ingress/ingress_handler.go:120","msg":"Error retrieving TTL, defaulting.","commit":"7655d9c","error":"\"knativebrokerttl\" not found"}
{"level":"info","ts":"2019-12-03T21:04:45.111Z","logger":"broker_ingress","caller":"ingress/ingress_handler.go:120","msg":"Error retrieving TTL, defaulting.","commit":"7655d9c","error":"\"knativebrokerttl\" not found"}
{"level":"info","ts":"2019-12-03T21:04:45.114Z","logger":"broker_ingress","caller":"ingress/ingress_handler.go:120","msg":"Error retrieving TTL, defaulting.","commit":"7655d9c","error":"\"knativebrokerttl\" not found"}
{"level":"info","ts":"2019-12-03T21:04:45.114Z","logger":"broker_ingress","caller":"ingress/ingress_handler.go:120","msg":"Error retrieving TTL, defaulting.","commit":"7655d9c","error":"\"knativebrokerttl\" not found"}
{"level":"info","ts":"2019-12-03T21:04:45.114Z","logger":"broker_ingress","caller":"ingress/ingress_handler.go:120","msg":"Error retrieving TTL, defaulting.","commit":"7655d9c","error":"\"knativebrokerttl\" not found"}
{"level":"info","ts":"2019-12-03T21:04:45.115Z","logger":"broker_ingress","caller":"ingress/ingress_handler.go:120","msg":"Error retrieving TTL, defaulting.","commit":"7655d9c","error":"\"knativebrokerttl\" not found"}
{"level":"info","ts":"2019-12-03T21:04:45.115Z","logger":"broker_ingress","caller":"ingress/ingress_handler.go:120","msg":"Error retrieving TTL, defaulting.","commit":"7655d9c","error":"\"knativebrokerttl\" not found"}
{"level":"info","ts":"2019-12-03T21:04:45.115Z","logger":"broker_ingress","caller":"ingress/ingress_handler.go:120","msg":"Error retrieving TTL, defaulting.","commit":"7655d9c","error":"\"knativebrokerttl\" not found"}
{"level":"info","ts":"2019-12-03T21:04:45.118Z","logger":"broker_ingress","caller":"ingress/ingress_handler.go:120","msg":"Error retrieving TTL, defaulting.","commit":"7655d9c","error":"\"knativebrokerttl\" not found"}
{"level":"info","ts":"2019-12-03T21:04:45.119Z","logger":"broker_ingress","caller":"ingress/ingress_handler.go:120","msg":"Error retrieving TTL, defaulting.","commit":"7655d9c","error":"\"knativebrokerttl\" not found"}
{"level":"info","ts":"2019-12-03T21:04:45.119Z","logger":"broker_ingress","caller":"ingress/ingress_handler.go:120","msg":"Error retrieving TTL, defaulting.","commit":"7655d9c","error":"\"knativebrokerttl\" not found"}
{"level":"info","ts":"2019-12-03T21:04:45.120Z","logger":"broker_ingress","caller":"ingress/ingress_handler.go:120","msg":"Error retrieving TTL, defaulting.","commit":"7655d9c","error":"\"knativebrokerttl\" not found"}
{"level":"info","ts":"2019-12-03T21:04:45.121Z","logger":"broker_ingress","caller":"ingress/ingress_handler.go:120","msg":"Error retrieving TTL, defaulting.","commit":"7655d9c","error":"\"knativebrokerttl\" not found"}
{"level":"info","ts":"2019-12-03T21:04:45.121Z","logger":"broker_ingress","caller":"ingress/ingress_handler.go:120","msg":"Error retrieving TTL, defaulting.","commit":"7655d9c","error":"\"knativebrokerttl\" not found"}
{"level":"info","ts":"2019-12-03T21:04:45.123Z","logger":"broker_ingress","caller":"ingress/ingress_handler.go:120","msg":"Error retrieving TTL, defaulting.","commit":"7655d9c","error":"\"knativebrokerttl\" not found"}
{"level":"info","ts":"2019-12-03T21:04:45.124Z","logger":"broker_ingress","caller":"ingress/ingress_handler.go:120","msg":"Error retrieving TTL, defaulting.","commit":"7655d9c","error":"\"knativebrokerttl\" not found"}
{"level":"info","ts":"2019-12-03T21:04:45.126Z","logger":"broker_ingress","caller":"ingress/ingress_handler.go:120","msg":"Error retrieving TTL, defaulting.","commit":"7655d9c","error":"\"knativebrokerttl\" not found"}
{"level":"info","ts":"2019-12-03T21:04:45.124Z","logger":"broker_ingress","caller":"ingress/ingress_handler.go:120","msg":"Error retrieving TTL, defaulting.","commit":"7655d9c","error":"\"knativebrokerttl\" not found"}
{"level":"info","ts":"2019-12-03T21:04:45.127Z","logger":"broker_ingress","caller":"ingress/ingress_handler.go:120","msg":"Error retrieving TTL, defaulting.","commit":"7655d9c","error":"\"knativebrokerttl\" not found"}
{"level":"info","ts":"2019-12-03T21:04:45.128Z","logger":"broker_ingress","caller":"ingress/ingress_handler.go:120","msg":"Error retrieving TTL, defaulting.","commit":"7655d9c","error":"\"knativebrokerttl\" not found"}
{"level":"info","ts":"2019-12-03T21:04:45.128Z","logger":"broker_ingress","caller":"ingress/ingress_handler.go:120","msg":"Error retrieving TTL, defaulting.","commit":"7655d9c","error":"\"knativebrokerttl\" not found"}
{"level":"info","ts":"2019-12-03T21:04:45.129Z","logger":"broker_ingress","caller":"ingress/ingress_handler.go:120","msg":"Error retrieving TTL, defaulting.","commit":"7655d9c","error":"\"knativebrokerttl\" not found"}
{"level":"info","ts":"2019-12-03T21:04:45.129Z","logger":"broker_ingress","caller":"ingress/ingress_handler.go:120","msg":"Error retrieving TTL, defaulting.","commit":"7655d9c","error":"\"knativebrokerttl\" not found"}
{"level":"info","ts":"2019-12-03T21:04:45.129Z","logger":"broker_ingress","caller":"ingress/ingress_handler.go:120","msg":"Error retrieving TTL, defaulting.","commit":"7655d9c","error":"\"knativebrokerttl\" not found"}
{"level":"info","ts":"2019-12-03T21:04:45.130Z","logger":"broker_ingress","caller":"ingress/ingress_handler.go:120","msg":"Error retrieving TTL, defaulting.","commit":"7655d9c","error":"\"knativebrokerttl\" not found"}
{"level":"info","ts":"2019-12-03T21:04:45.130Z","logger":"broker_ingress","caller":"ingress/ingress_handler.go:120","msg":"Error retrieving TTL, defaulting.","commit":"7655d9c","error":"\"knativebrokerttl\" not found"}
{"level":"info","ts":"2019-12-03T21:04:45.132Z","logger":"broker_ingress","caller":"ingress/ingress_handler.go:120","msg":"Error retrieving TTL, defaulting.","commit":"7655d9c","error":"\"knativebrokerttl\" not found"}
{"level":"info","ts":"2019-12-03T21:04:45.132Z","logger":"broker_ingress","caller":"ingress/ingress_handler.go:120","msg":"Error retrieving TTL, defaulting.","commit":"7655d9c","error":"\"knativebrokerttl\" not found"}
{"level":"info","ts":"2019-12-03T21:04:45.134Z","logger":"broker_ingress","caller":"ingress/ingress_handler.go:120","msg":"Error retrieving TTL, defaulting.","commit":"7655d9c","error":"\"knativebrokerttl\" not found"}
{"level":"info","ts":"2019-12-03T21:04:45.135Z","logger":"broker_ingress","caller":"ingress/ingress_handler.go:120","msg":"Error retrieving TTL, defaulting.","commit":"7655d9c","error":"\"knativebrokerttl\" not found"}
{"level":"info","ts":"2019-12-03T21:04:45.135Z","logger":"broker_ingress","caller":"ingress/ingress_handler.go:120","msg":"Error retrieving TTL, defaulting.","commit":"7655d9c","error":"\"knativebrokerttl\" not found"}
{"level":"info","ts":"2019-12-03T21:04:45.135Z","logger":"broker_ingress","caller":"ingress/ingress_handler.go:120","msg":"Error retrieving TTL, defaulting.","commit":"7655d9c","error":"\"knativebrokerttl\" not found"}
{"level":"info","ts":"2019-12-03T21:04:45.136Z","logger":"broker_ingress","caller":"ingress/ingress_handler.go:120","msg":"Error retrieving TTL, defaulting.","commit":"7655d9c","error":"\"knativebrokerttl\" not found"}
{"level":"info","ts":"2019-12-03T21:04:45.137Z","logger":"broker_ingress","caller":"ingress/ingress_handler.go:120","msg":"Error retrieving TTL, defaulting.","commit":"7655d9c","error":"\"knativebrokerttl\" not found"}
{"level":"info","ts":"2019-12-03T21:04:45.138Z","logger":"broker_ingress","caller":"ingress/ingress_handler.go:120","msg":"Error retrieving TTL, defaulting.","commit":"7655d9c","error":"\"knativebrokerttl\" not found"}
{"level":"info","ts":"2019-12-03T21:04:45.136Z","logger":"broker_ingress","caller":"ingress/ingress_handler.go:120","msg":"Error retrieving TTL, defaulting.","commit":"7655d9c","error":"\"knativebrokerttl\" not found"}
{"level":"info","ts":"2019-12-03T21:04:45.138Z","logger":"broker_ingress","caller":"ingress/ingress_handler.go:120","msg":"Error retrieving TTL, defaulting.","commit":"7655d9c","error":"\"knativebrokerttl\" not found"}
{"level":"info","ts":"2019-12-03T21:04:45.139Z","logger":"broker_ingress","caller":"ingress/ingress_handler.go:120","msg":"Error retrieving TTL, defaulting.","commit":"7655d9c","error":"\"knativebrokerttl\" not found"}
{"level":"info","ts":"2019-12-03T21:04:45.140Z","logger":"broker_ingress","caller":"ingress/ingress_handler.go:120","msg":"Error retrieving TTL, defaulting.","commit":"7655d9c","error":"\"knativebrokerttl\" not found"}
{"level":"info","ts":"2019-12-03T21:04:45.136Z","logger":"broker_ingress","caller":"ingress/ingress_handler.go:120","msg":"Error retrieving TTL, defaulting.","commit":"7655d9c","error":"\"knativebrokerttl\" not found"}
{"level":"info","ts":"2019-12-03T21:04:45.141Z","logger":"broker_ingress","caller":"ingress/ingress_handler.go:120","msg":"Error retrieving TTL, defaulting.","commit":"7655d9c","error":"\"knativebrokerttl\" not found"}
{"level":"info","ts":"2019-12-03T21:04:45.141Z","logger":"broker_ingress","caller":"ingress/ingress_handler.go:120","msg":"Error retrieving TTL, defaulting.","commit":"7655d9c","error":"\"knativebrokerttl\" not found"}
{"level":"info","ts":"2019-12-03T21:04:45.142Z","logger":"broker_ingress","caller":"ingress/ingress_handler.go:120","msg":"Error retrieving TTL, defaulting.","commit":"7655d9c","error":"\"knativebrokerttl\" not found"}
{"level":"info","ts":"2019-12-03T21:04:45.142Z","logger":"broker_ingress","caller":"ingress/ingress_handler.go:120","msg":"Error retrieving TTL, defaulting.","commit":"7655d9c","error":"\"knativebrokerttl\" not found"}
{"level":"info","ts":"2019-12-03T21:04:45.142Z","logger":"broker_ingress","caller":"ingress/ingress_handler.go:120","msg":"Error retrieving TTL, defaulting.","commit":"7655d9c","error":"\"knativebrokerttl\" not found"}
{"level":"info","ts":"2019-12-03T21:04:45.142Z","logger":"broker_ingress","caller":"ingress/ingress_handler.go:120","msg":"Error retrieving TTL, defaulting.","commit":"7655d9c","error":"\"knativebrokerttl\" not found"}
{"level":"info","ts":"2019-12-03T21:04:45.142Z","logger":"broker_ingress","caller":"ingress/ingress_handler.go:120","msg":"Error retrieving TTL, defaulting.","commit":"7655d9c","error":"\"knativebrokerttl\" not found"}
{"level":"info","ts":"2019-12-03T21:04:45.143Z","logger":"broker_ingress","caller":"ingress/ingress_handler.go:120","msg":"Error retrieving TTL, defaulting.","commit":"7655d9c","error":"\"knativebrokerttl\" not found"}
{"level":"info","ts":"2019-12-03T21:04:45.143Z","logger":"broker_ingress","caller":"ingress/ingress_handler.go:120","msg":"Error retrieving TTL, defaulting.","commit":"7655d9c","error":"\"knativebrokerttl\" not found"}
{"level":"info","ts":"2019-12-03T21:04:45.143Z","logger":"broker_ingress","caller":"ingress/ingress_handler.go:120","msg":"Error retrieving TTL, defaulting.","commit":"7655d9c","error":"\"knativebrokerttl\" not found"}
{"level":"info","ts":"2019-12-03T21:04:45.144Z","logger":"broker_ingress","caller":"ingress/ingress_handler.go:120","msg":"Error retrieving TTL, defaulting.","commit":"7655d9c","error":"\"knativebrokerttl\" not found"}
{"level":"info","ts":"2019-12-03T21:04:45.150Z","logger":"broker_ingress","caller":"ingress/ingress_handler.go:120","msg":"Error retrieving TTL, defaulting.","commit":"7655d9c","error":"\"knativebrokerttl\" not found"}
{"level":"info","ts":"2019-12-03T21:04:45.150Z","logger":"broker_ingress","caller":"ingress/ingress_handler.go:120","msg":"Error retrieving TTL, defaulting.","commit":"7655d9c","error":"\"knativebrokerttl\" not found"}
{"level":"info","ts":"2019-12-03T21:04:45.151Z","logger":"broker_ingress","caller":"ingress/ingress_handler.go:120","msg":"Error retrieving TTL, defaulting.","commit":"7655d9c","error":"\"knativebrokerttl\" not found"}
{"level":"info","ts":"2019-12-03T21:04:45.151Z","logger":"broker_ingress","caller":"ingress/ingress_handler.go:120","msg":"Error retrieving TTL, defaulting.","commit":"7655d9c","error":"\"knativebrokerttl\" not found"}
{"level":"info","ts":"2019-12-03T21:04:45.152Z","logger":"broker_ingress","caller":"ingress/ingress_handler.go:120","msg":"Error retrieving TTL, defaulting.","commit":"7655d9c","error":"\"knativebrokerttl\" not found"}
{"level":"info","ts":"2019-12-03T21:04:45.153Z","logger":"broker_ingress","caller":"ingress/ingress_handler.go:120","msg":"Error retrieving TTL, defaulting.","commit":"7655d9c","error":"\"knativebrokerttl\" not found"}
{"level":"info","ts":"2019-12-03T21:04:45.153Z","logger":"broker_ingress","caller":"ingress/ingress_handler.go:120","msg":"Error retrieving TTL, defaulting.","commit":"7655d9c","error":"\"knativebrokerttl\" not found"}
{"level":"info","ts":"2019-12-03T21:04:45.155Z","logger":"broker_ingress","caller":"ingress/ingress_handler.go:120","msg":"Error retrieving TTL, defaulting.","commit":"7655d9c","error":"\"knativebrokerttl\" not found"}
{"level":"info","ts":"2019-12-03T21:04:45.158Z","logger":"broker_ingress","caller":"ingress/ingress_handler.go:120","msg":"Error retrieving TTL, defaulting.","commit":"7655d9c","error":"\"knativebrokerttl\" not found"}
{"level":"info","ts":"2019-12-03T21:04:45.158Z","logger":"broker_ingress","caller":"ingress/ingress_handler.go:120","msg":"Error retrieving TTL, defaulting.","commit":"7655d9c","error":"\"knativebrokerttl\" not found"}
{"level":"info","ts":"2019-12-03T21:04:45.159Z","logger":"broker_ingress","caller":"ingress/ingress_handler.go:120","msg":"Error retrieving TTL, defaulting.","commit":"7655d9c","error":"\"knativebrokerttl\" not found"}
{"level":"info","ts":"2019-12-03T21:04:45.159Z","logger":"broker_ingress","caller":"ingress/ingress_handler.go:120","msg":"Error retrieving TTL, defaulting.","commit":"7655d9c","error":"\"knativebrokerttl\" not found"}
{"level":"info","ts":"2019-12-03T21:04:45.159Z","logger":"broker_ingress","caller":"ingress/ingress_handler.go:120","msg":"Error retrieving TTL, defaulting.","commit":"7655d9c","error":"\"knativebrokerttl\" not found"}
{"level":"info","ts":"2019-12-03T21:04:45.160Z","logger":"broker_ingress","caller":"ingress/ingress_handler.go:120","msg":"Error retrieving TTL, defaulting.","commit":"7655d9c","error":"\"knativebrokerttl\" not found"}
{"level":"info","ts":"2019-12-03T21:04:45.160Z","logger":"broker_ingress","caller":"ingress/ingress_handler.go:120","msg":"Error retrieving TTL, defaulting.","commit":"7655d9c","error":"\"knativebrokerttl\" not found"}
{"level":"info","ts":"2019-12-03T21:04:45.161Z","logger":"broker_ingress","caller":"ingress/ingress_handler.go:120","msg":"Error retrieving TTL, defaulting.","commit":"7655d9c","error":"\"knativebrokerttl\" not found"}
{"level":"info","ts":"2019-12-03T21:04:45.161Z","logger":"broker_ingress","caller":"ingress/ingress_handler.go:120","msg":"Error retrieving TTL, defaulting.","commit":"7655d9c","error":"\"knativebrokerttl\" not found"}
{"level":"info","ts":"2019-12-03T21:04:45.162Z","logger":"broker_ingress","caller":"ingress/ingress_handler.go:120","msg":"Error retrieving TTL, defaulting.","commit":"7655d9c","error":"\"knativebrokerttl\" not found"}
{"level":"info","ts":"2019-12-03T21:04:45.162Z","logger":"broker_ingress","caller":"ingress/ingress_handler.go:120","msg":"Error retrieving TTL, defaulting.","commit":"7655d9c","error":"\"knativebrokerttl\" not found"}
{"level":"info","ts":"2019-12-03T21:04:45.163Z","logger":"broker_ingress","caller":"ingress/ingress_handler.go:120","msg":"Error retrieving TTL, defaulting.","commit":"7655d9c","error":"\"knativebrokerttl\" not found"}
{"level":"info","ts":"2019-12-03T21:04:45.163Z","logger":"broker_ingress","caller":"ingress/ingress_handler.go:120","msg":"Error retrieving TTL, defaulting.","commit":"7655d9c","error":"\"knativebrokerttl\" not found"}
{"level":"info","ts":"2019-12-03T21:04:45.170Z","logger":"broker_ingress","caller":"ingress/ingress_handler.go:120","msg":"Error retrieving TTL, defaulting.","commit":"7655d9c","error":"\"knativebrokerttl\" not found"}
{"level":"info","ts":"2019-12-03T21:04:45.170Z","logger":"broker_ingress","caller":"ingress/ingress_handler.go:120","msg":"Error retrieving TTL, defaulting.","commit":"7655d9c","error":"\"knativebrokerttl\" not found"}
{"level":"info","ts":"2019-12-03T21:04:45.176Z","logger":"broker_ingress","caller":"ingress/ingress_handler.go:120","msg":"Error retrieving TTL, defaulting.","commit":"7655d9c","error":"\"knativebrokerttl\" not found"}
{"level":"info","ts":"2019-12-03T21:04:45.181Z","logger":"broker_ingress","caller":"ingress/ingress_handler.go:120","msg":"Error retrieving TTL, defaulting.","commit":"7655d9c","error":"\"knativebrokerttl\" not found"}
{"level":"info","ts":"2019-12-03T21:04:45.185Z","logger":"broker_ingress","caller":"ingress/ingress_handler.go:120","msg":"Error retrieving TTL, defaulting.","commit":"7655d9c","error":"\"knativebrokerttl\" not found"}
{"level":"info","ts":"2019-12-03T21:04:45.185Z","logger":"broker_ingress","caller":"ingress/ingress_handler.go:120","msg":"Error retrieving TTL, defaulting.","commit":"7655d9c","error":"\"knativebrokerttl\" not found"}
{"level":"info","ts":"2019-12-03T21:04:45.186Z","logger":"broker_ingress","caller":"ingress/ingress_handler.go:120","msg":"Error retrieving TTL, defaulting.","commit":"7655d9c","error":"\"knativebrokerttl\" not found"}
{"level":"info","ts":"2019-12-03T21:04:45.187Z","logger":"broker_ingress","caller":"ingress/ingress_handler.go:120","msg":"Error retrieving TTL, defaulting.","commit":"7655d9c","error":"\"knativebrokerttl\" not found"}
{"level":"info","ts":"2019-12-03T21:04:45.187Z","logger":"broker_ingress","caller":"ingress/ingress_handler.go:120","msg":"Error retrieving TTL, defaulting.","commit":"7655d9c","error":"\"knativebrokerttl\" not found"}
{"level":"info","ts":"2019-12-03T21:04:45.188Z","logger":"broker_ingress","caller":"ingress/ingress_handler.go:120","msg":"Error retrieving TTL, defaulting.","commit":"7655d9c","error":"\"knativebrokerttl\" not found"}
{"level":"info","ts":"2019-12-03T21:04:45.189Z","logger":"broker_ingress","caller":"ingress/ingress_handler.go:120","msg":"Error retrieving TTL, defaulting.","commit":"7655d9c","error":"\"knativebrokerttl\" not found"}
{"level":"info","ts":"2019-12-03T21:04:45.190Z","logger":"broker_ingress","caller":"ingress/ingress_handler.go:120","msg":"Error retrieving TTL, defaulting.","commit":"7655d9c","error":"\"knativebrokerttl\" not found"}
{"level":"info","ts":"2019-12-03T21:04:45.190Z","logger":"broker_ingress","caller":"ingress/ingress_handler.go:120","msg":"Error retrieving TTL, defaulting.","commit":"7655d9c","error":"\"knativebrokerttl\" not found"}
{"level":"info","ts":"2019-12-03T21:04:45.190Z","logger":"broker_ingress","caller":"ingress/ingress_handler.go:120","msg":"Error retrieving TTL, defaulting.","commit":"7655d9c","error":"\"knativebrokerttl\" not found"}
{"level":"info","ts":"2019-12-03T21:04:45.191Z","logger":"broker_ingress","caller":"ingress/ingress_handler.go:120","msg":"Error retrieving TTL, defaulting.","commit":"7655d9c","error":"\"knativebrokerttl\" not found"}
{"level":"info","ts":"2019-12-03T21:04:45.192Z","logger":"broker_ingress","caller":"ingress/ingress_handler.go:120","msg":"Error retrieving TTL, defaulting.","commit":"7655d9c","error":"\"knativebrokerttl\" not found"}
{"level":"info","ts":"2019-12-03T21:04:45.193Z","logger":"broker_ingress","caller":"ingress/ingress_handler.go:120","msg":"Error retrieving TTL, defaulting.","commit":"7655d9c","error":"\"knativebrokerttl\" not found"}
{"level":"info","ts":"2019-12-03T21:04:45.193Z","logger":"broker_ingress","caller":"ingress/ingress_handler.go:120","msg":"Error retrieving TTL, defaulting.","commit":"7655d9c","error":"\"knativebrokerttl\" not found"}
{"level":"info","ts":"2019-12-03T21:04:45.194Z","logger":"broker_ingress","caller":"ingress/ingress_handler.go:120","msg":"Error retrieving TTL, defaulting.","commit":"7655d9c","error":"\"knativebrokerttl\" not found"}
{"level":"info","ts":"2019-12-03T21:04:45.195Z","logger":"broker_ingress","caller":"ingress/ingress_handler.go:120","msg":"Error retrieving TTL, defaulting.","commit":"7655d9c","error":"\"knativebrokerttl\" not found"}
{"level":"info","ts":"2019-12-03T21:04:45.195Z","logger":"broker_ingress","caller":"ingress/ingress_handler.go:120","msg":"Error retrieving TTL, defaulting.","commit":"7655d9c","error":"\"knativebrokerttl\" not found"}
{"level":"info","ts":"2019-12-03T21:04:45.195Z","logger":"broker_ingress","caller":"ingress/ingress_handler.go:120","msg":"Error retrieving TTL, defaulting.","commit":"7655d9c","error":"\"knativebrokerttl\" not found"}
{"level":"info","ts":"2019-12-03T21:04:45.196Z","logger":"broker_ingress","caller":"ingress/ingress_handler.go:120","msg":"Error retrieving TTL, defaulting.","commit":"7655d9c","error":"\"knativebrokerttl\" not found"}
{"level":"info","ts":"2019-12-03T21:04:45.197Z","logger":"broker_ingress","caller":"ingress/ingress_handler.go:120","msg":"Error retrieving TTL, defaulting.","commit":"7655d9c","error":"\"knativebrokerttl\" not found"}
{"level":"info","ts":"2019-12-03T21:04:45.197Z","logger":"broker_ingress","caller":"ingress/ingress_handler.go:120","msg":"Error retrieving TTL, defaulting.","commit":"7655d9c","error":"\"knativebrokerttl\" not found"}
{"level":"info","ts":"2019-12-03T21:04:45.198Z","logger":"broker_ingress","caller":"ingress/ingress_handler.go:120","msg":"Error retrieving TTL, defaulting.","commit":"7655d9c","error":"\"knativebrokerttl\" not found"}
{"level":"info","ts":"2019-12-03T21:04:45.198Z","logger":"broker_ingress","caller":"ingress/ingress_handler.go:120","msg":"Error retrieving TTL, defaulting.","commit":"7655d9c","error":"\"knativebrokerttl\" not found"}
{"level":"info","ts":"2019-12-03T21:04:45.199Z","logger":"broker_ingress","caller":"ingress/ingress_handler.go:120","msg":"Error retrieving TTL, defaulting.","commit":"7655d9c","error":"\"knativebrokerttl\" not found"}
{"level":"info","ts":"2019-12-03T21:04:45.202Z","logger":"broker_ingress","caller":"ingress/ingress_handler.go:120","msg":"Error retrieving TTL, defaulting.","commit":"7655d9c","error":"\"knativebrokerttl\" not found"}
{"level":"info","ts":"2019-12-03T21:04:45.203Z","logger":"broker_ingress","caller":"ingress/ingress_handler.go:120","msg":"Error retrieving TTL, defaulting.","commit":"7655d9c","error":"\"knativebrokerttl\" not found"}
{"level":"info","ts":"2019-12-03T21:04:45.204Z","logger":"broker_ingress","caller":"ingress/ingress_handler.go:120","msg":"Error retrieving TTL, defaulting.","commit":"7655d9c","error":"\"knativebrokerttl\" not found"}
{"level":"info","ts":"2019-12-03T21:04:45.204Z","logger":"broker_ingress","caller":"ingress/ingress_handler.go:120","msg":"Error retrieving TTL, defaulting.","commit":"7655d9c","error":"\"knativebrokerttl\" not found"}
{"level":"info","ts":"2019-12-03T21:04:45.206Z","logger":"broker_ingress","caller":"ingress/ingress_handler.go:120","msg":"Error retrieving TTL, defaulting.","commit":"7655d9c","error":"\"knativebrokerttl\" not found"}
{"level":"info","ts":"2019-12-03T21:04:45.206Z","logger":"broker_ingress","caller":"ingress/ingress_handler.go:120","msg":"Error retrieving TTL, defaulting.","commit":"7655d9c","error":"\"knativebrokerttl\" not found"}
{"level":"info","ts":"2019-12-03T21:04:45.207Z","logger":"broker_ingress","caller":"ingress/ingress_handler.go:120","msg":"Error retrieving TTL, defaulting.","commit":"7655d9c","error":"\"knativebrokerttl\" not found"}
{"level":"info","ts":"2019-12-03T21:04:45.207Z","logger":"broker_ingress","caller":"ingress/ingress_handler.go:120","msg":"Error retrieving TTL, defaulting.","commit":"7655d9c","error":"\"knativebrokerttl\" not found"}
{"level":"info","ts":"2019-12-03T21:04:45.208Z","logger":"broker_ingress","caller":"ingress/ingress_handler.go:120","msg":"Error retrieving TTL, defaulting.","commit":"7655d9c","error":"\"knativebrokerttl\" not found"}
{"level":"info","ts":"2019-12-03T21:04:45.209Z","logger":"broker_ingress","caller":"ingress/ingress_handler.go:120","msg":"Error retrieving TTL, defaulting.","commit":"7655d9c","error":"\"knativebrokerttl\" not found"}
{"level":"info","ts":"2019-12-03T21:04:45.210Z","logger":"broker_ingress","caller":"ingress/ingress_handler.go:120","msg":"Error retrieving TTL, defaulting.","commit":"7655d9c","error":"\"knativebrokerttl\" not found"}
{"level":"info","ts":"2019-12-03T21:04:45.211Z","logger":"broker_ingress","caller":"ingress/ingress_handler.go:120","msg":"Error retrieving TTL, defaulting.","commit":"7655d9c","error":"\"knativebrokerttl\" not found"}
{"level":"info","ts":"2019-12-03T21:04:45.212Z","logger":"broker_ingress","caller":"ingress/ingress_handler.go:120","msg":"Error retrieving TTL, defaulting.","commit":"7655d9c","error":"\"knativebrokerttl\" not found"}
{"level":"info","ts":"2019-12-03T21:04:45.212Z","logger":"broker_ingress","caller":"ingress/ingress_handler.go:120","msg":"Error retrieving TTL, defaulting.","commit":"7655d9c","error":"\"knativebrokerttl\" not found"}
{"level":"info","ts":"2019-12-03T21:04:45.213Z","logger":"broker_ingress","caller":"ingress/ingress_handler.go:120","msg":"Error retrieving TTL, defaulting.","commit":"7655d9c","error":"\"knativebrokerttl\" not found"}
{"level":"info","ts":"2019-12-03T21:04:45.213Z","logger":"broker_ingress","caller":"ingress/ingress_handler.go:120","msg":"Error retrieving TTL, defaulting.","commit":"7655d9c","error":"\"knativebrokerttl\" not found"}
{"level":"info","ts":"2019-12-03T21:04:45.214Z","logger":"broker_ingress","caller":"ingress/ingress_handler.go:120","msg":"Error retrieving TTL, defaulting.","commit":"7655d9c","error":"\"knativebrokerttl\" not found"}
{"level":"info","ts":"2019-12-03T21:04:45.214Z","logger":"broker_ingress","caller":"ingress/ingress_handler.go:120","msg":"Error retrieving TTL, defaulting.","commit":"7655d9c","error":"\"knativebrokerttl\" not found"}
{"level":"info","ts":"2019-12-03T21:04:45.215Z","logger":"broker_ingress","caller":"ingress/ingress_handler.go:120","msg":"Error retrieving TTL, defaulting.","commit":"7655d9c","error":"\"knativebrokerttl\" not found"}
{"level":"info","ts":"2019-12-03T21:04:45.216Z","logger":"broker_ingress","caller":"ingress/ingress_handler.go:120","msg":"Error retrieving TTL, defaulting.","commit":"7655d9c","error":"\"knativebrokerttl\" not found"}
{"level":"info","ts":"2019-12-03T21:04:45.216Z","logger":"broker_ingress","caller":"ingress/ingress_handler.go:120","msg":"Error retrieving TTL, defaulting.","commit":"7655d9c","error":"\"knativebrokerttl\" not found"}
{"level":"info","ts":"2019-12-03T21:04:45.216Z","logger":"broker_ingress","caller":"ingress/ingress_handler.go:120","msg":"Error retrieving TTL, defaulting.","commit":"7655d9c","error":"\"knativebrokerttl\" not found"}
{"level":"info","ts":"2019-12-03T21:04:45.217Z","logger":"broker_ingress","caller":"ingress/ingress_handler.go:120","msg":"Error retrieving TTL, defaulting.","commit":"7655d9c","error":"\"knativebrokerttl\" not found"}
{"level":"info","ts":"2019-12-03T21:04:45.217Z","logger":"broker_ingress","caller":"ingress/ingress_handler.go:120","msg":"Error retrieving TTL, defaulting.","commit":"7655d9c","error":"\"knativebrokerttl\" not found"}
{"level":"info","ts":"2019-12-03T21:04:45.217Z","logger":"broker_ingress","caller":"ingress/ingress_handler.go:120","msg":"Error retrieving TTL, defaulting.","commit":"7655d9c","error":"\"knativebrokerttl\" not found"}
{"level":"info","ts":"2019-12-03T21:04:45.218Z","logger":"broker_ingress","caller":"ingress/ingress_handler.go:120","msg":"Error retrieving TTL, defaulting.","commit":"7655d9c","error":"\"knativebrokerttl\" not found"}
{"level":"info","ts":"2019-12-03T21:04:45.219Z","logger":"broker_ingress","caller":"ingress/ingress_handler.go:120","msg":"Error retrieving TTL, defaulting.","commit":"7655d9c","error":"\"knativebrokerttl\" not found"}
{"level":"info","ts":"2019-12-03T21:04:45.219Z","logger":"broker_ingress","caller":"ingress/ingress_handler.go:120","msg":"Error retrieving TTL, defaulting.","commit":"7655d9c","error":"\"knativebrokerttl\" not found"}
{"level":"info","ts":"2019-12-03T21:04:45.220Z","logger":"broker_ingress","caller":"ingress/ingress_handler.go:120","msg":"Error retrieving TTL, defaulting.","commit":"7655d9c","error":"\"knativebrokerttl\" not found"}
{"level":"info","ts":"2019-12-03T21:04:45.221Z","logger":"broker_ingress","caller":"ingress/ingress_handler.go:120","msg":"Error retrieving TTL, defaulting.","commit":"7655d9c","error":"\"knativebrokerttl\" not found"}
{"level":"info","ts":"2019-12-03T21:04:45.221Z","logger":"broker_ingress","caller":"ingress/ingress_handler.go:120","msg":"Error retrieving TTL, defaulting.","commit":"7655d9c","error":"\"knativebrokerttl\" not found"}
{"level":"info","ts":"2019-12-03T21:04:45.222Z","logger":"broker_ingress","caller":"ingress/ingress_handler.go:120","msg":"Error retrieving TTL, defaulting.","commit":"7655d9c","error":"\"knativebrokerttl\" not found"}
{"level":"info","ts":"2019-12-03T21:04:45.222Z","logger":"broker_ingress","caller":"ingress/ingress_handler.go:120","msg":"Error retrieving TTL, defaulting.","commit":"7655d9c","error":"\"knativebrokerttl\" not found"}
{"level":"info","ts":"2019-12-03T21:04:45.223Z","logger":"broker_ingress","caller":"ingress/ingress_handler.go:120","msg":"Error retrieving TTL, defaulting.","commit":"7655d9c","error":"\"knativebrokerttl\" not found"}
{"level":"info","ts":"2019-12-03T21:04:45.223Z","logger":"broker_ingress","caller":"ingress/ingress_handler.go:120","msg":"Error retrieving TTL, defaulting.","commit":"7655d9c","error":"\"knativebrokerttl\" not found"}
{"level":"info","ts":"2019-12-03T21:04:45.223Z","logger":"broker_ingress","caller":"ingress/ingress_handler.go:120","msg":"Error retrieving TTL, defaulting.","commit":"7655d9c","error":"\"knativebrokerttl\" not found"}
{"level":"info","ts":"2019-12-03T21:04:45.223Z","logger":"broker_ingress","caller":"ingress/ingress_handler.go:120","msg":"Error retrieving TTL, defaulting.","commit":"7655d9c","error":"\"knativebrokerttl\" not found"}
{"level":"info","ts":"2019-12-03T21:04:45.223Z","logger":"broker_ingress","caller":"ingress/ingress_handler.go:120","msg":"Error retrieving TTL, defaulting.","commit":"7655d9c","error":"\"knativebrokerttl\" not found"}
{"level":"info","ts":"2019-12-03T21:04:45.224Z","logger":"broker_ingress","caller":"ingress/ingress_handler.go:120","msg":"Error retrieving TTL, defaulting.","commit":"7655d9c","error":"\"knativebrokerttl\" not found"}
{"level":"info","ts":"2019-12-03T21:04:45.224Z","logger":"broker_ingress","caller":"ingress/ingress_handler.go:120","msg":"Error retrieving TTL, defaulting.","commit":"7655d9c","error":"\"knativebrokerttl\" not found"}
{"level":"info","ts":"2019-12-03T21:04:45.224Z","logger":"broker_ingress","caller":"ingress/ingress_handler.go:120","msg":"Error retrieving TTL, defaulting.","commit":"7655d9c","error":"\"knativebrokerttl\" not found"}
{"level":"info","ts":"2019-12-03T21:04:45.225Z","logger":"broker_ingress","caller":"ingress/ingress_handler.go:120","msg":"Error retrieving TTL, defaulting.","commit":"7655d9c","error":"\"knativebrokerttl\" not found"}
{"level":"info","ts":"2019-12-03T21:04:45.225Z","logger":"broker_ingress","caller":"ingress/ingress_handler.go:120","msg":"Error retrieving TTL, defaulting.","commit":"7655d9c","error":"\"knativebrokerttl\" not found"}
{"level":"info","ts":"2019-12-03T21:04:45.225Z","logger":"broker_ingress","caller":"ingress/ingress_handler.go:120","msg":"Error retrieving TTL, defaulting.","commit":"7655d9c","error":"\"knativebrokerttl\" not found"}
{"level":"info","ts":"2019-12-03T21:04:45.226Z","logger":"broker_ingress","caller":"ingress/ingress_handler.go:120","msg":"Error retrieving TTL, defaulting.","commit":"7655d9c","error":"\"knativebrokerttl\" not found"}
{"level":"info","ts":"2019-12-03T21:04:45.227Z","logger":"broker_ingress","caller":"ingress/ingress_handler.go:120","msg":"Error retrieving TTL, defaulting.","commit":"7655d9c","error":"\"knativebrokerttl\" not found"}
{"level":"info","ts":"2019-12-03T21:04:45.228Z","logger":"broker_ingress","caller":"ingress/ingress_handler.go:120","msg":"Error retrieving TTL, defaulting.","commit":"7655d9c","error":"\"knativebrokerttl\" not found"}
{"level":"info","ts":"2019-12-03T21:04:45.228Z","logger":"broker_ingress","caller":"ingress/ingress_handler.go:120","msg":"Error retrieving TTL, defaulting.","commit":"7655d9c","error":"\"knativebrokerttl\" not found"}
{"level":"info","ts":"2019-12-03T21:04:45.228Z","logger":"broker_ingress","caller":"ingress/ingress_handler.go:120","msg":"Error retrieving TTL, defaulting.","commit":"7655d9c","error":"\"knativebrokerttl\" not found"}
{"level":"info","ts":"2019-12-03T21:04:45.229Z","logger":"broker_ingress","caller":"ingress/ingress_handler.go:120","msg":"Error retrieving TTL, defaulting.","commit":"7655d9c","error":"\"knativebrokerttl\" not found"}
{"level":"info","ts":"2019-12-03T21:04:45.229Z","logger":"broker_ingress","caller":"ingress/ingress_handler.go:120","msg":"Error retrieving TTL, defaulting.","commit":"7655d9c","error":"\"knativebrokerttl\" not found"}
{"level":"info","ts":"2019-12-03T21:04:45.229Z","logger":"broker_ingress","caller":"ingress/ingress_handler.go:120","msg":"Error retrieving TTL, defaulting.","commit":"7655d9c","error":"\"knativebrokerttl\" not found"}
{"level":"info","ts":"2019-12-03T21:04:45.229Z","logger":"broker_ingress","caller":"ingress/ingress_handler.go:120","msg":"Error retrieving TTL, defaulting.","commit":"7655d9c","error":"\"knativebrokerttl\" not found"}
{"level":"info","ts":"2019-12-03T21:04:45.231Z","logger":"broker_ingress","caller":"ingress/ingress_handler.go:120","msg":"Error retrieving TTL, defaulting.","commit":"7655d9c","error":"\"knativebrokerttl\" not found"}
{"level":"info","ts":"2019-12-03T21:04:45.231Z","logger":"broker_ingress","caller":"ingress/ingress_handler.go:120","msg":"Error retrieving TTL, defaulting.","commit":"7655d9c","error":"\"knativebrokerttl\" not found"}
{"level":"info","ts":"2019-12-03T21:04:45.232Z","logger":"broker_ingress","caller":"ingress/ingress_handler.go:120","msg":"Error retrieving TTL, defaulting.","commit":"7655d9c","error":"\"knativebrokerttl\" not found"}
{"level":"info","ts":"2019-12-03T21:04:45.232Z","logger":"broker_ingress","caller":"ingress/ingress_handler.go:120","msg":"Error retrieving TTL, defaulting.","commit":"7655d9c","error":"\"knativebrokerttl\" not found"}
{"level":"info","ts":"2019-12-03T21:04:45.232Z","logger":"broker_ingress","caller":"ingress/ingress_handler.go:120","msg":"Error retrieving TTL, defaulting.","commit":"7655d9c","error":"\"knativebrokerttl\" not found"}
{"level":"info","ts":"2019-12-03T21:04:45.232Z","logger":"broker_ingress","caller":"ingress/ingress_handler.go:120","msg":"Error retrieving TTL, defaulting.","commit":"7655d9c","error":"\"knativebrokerttl\" not found"}
{"level":"info","ts":"2019-12-03T21:04:45.233Z","logger":"broker_ingress","caller":"ingress/ingress_handler.go:120","msg":"Error retrieving TTL, defaulting.","commit":"7655d9c","error":"\"knativebrokerttl\" not found"}
{"level":"info","ts":"2019-12-03T21:04:45.233Z","logger":"broker_ingress","caller":"ingress/ingress_handler.go:120","msg":"Error retrieving TTL, defaulting.","commit":"7655d9c","error":"\"knativebrokerttl\" not found"}
{"level":"info","ts":"2019-12-03T21:04:45.233Z","logger":"broker_ingress","caller":"ingress/ingress_handler.go:120","msg":"Error retrieving TTL, defaulting.","commit":"7655d9c","error":"\"knativebrokerttl\" not found"}
{"level":"info","ts":"2019-12-03T21:04:45.233Z","logger":"broker_ingress","caller":"ingress/ingress_handler.go:120","msg":"Error retrieving TTL, defaulting.","commit":"7655d9c","error":"\"knativebrokerttl\" not found"}
{"level":"info","ts":"2019-12-03T21:04:45.234Z","logger":"broker_ingress","caller":"ingress/ingress_handler.go:120","msg":"Error retrieving TTL, defaulting.","commit":"7655d9c","error":"\"knativebrokerttl\" not found"}
{"level":"info","ts":"2019-12-03T21:04:45.235Z","logger":"broker_ingress","caller":"ingress/ingress_handler.go:120","msg":"Error retrieving TTL, defaulting.","commit":"7655d9c","error":"\"knativebrokerttl\" not found"}
{"level":"info","ts":"2019-12-03T21:04:45.236Z","logger":"broker_ingress","caller":"ingress/ingress_handler.go:120","msg":"Error retrieving TTL, defaulting.","commit":"7655d9c","error":"\"knativebrokerttl\" not found"}
{"level":"info","ts":"2019-12-03T21:04:45.237Z","logger":"broker_ingress","caller":"ingress/ingress_handler.go:120","msg":"Error retrieving TTL, defaulting.","commit":"7655d9c","error":"\"knativebrokerttl\" not found"}
{"level":"info","ts":"2019-12-03T21:04:45.237Z","logger":"broker_ingress","caller":"ingress/ingress_handler.go:120","msg":"Error retrieving TTL, defaulting.","commit":"7655d9c","error":"\"knativebrokerttl\" not found"}
{"level":"info","ts":"2019-12-03T21:04:45.238Z","logger":"broker_ingress","caller":"ingress/ingress_handler.go:120","msg":"Error retrieving TTL, defaulting.","commit":"7655d9c","error":"\"knativebrokerttl\" not found"}
{"level":"info","ts":"2019-12-03T21:04:45.238Z","logger":"broker_ingress","caller":"ingress/ingress_handler.go:120","msg":"Error retrieving TTL, defaulting.","commit":"7655d9c","error":"\"knativebrokerttl\" not found"}
{"level":"info","ts":"2019-12-03T21:04:45.238Z","logger":"broker_ingress","caller":"ingress/ingress_handler.go:120","msg":"Error retrieving TTL, defaulting.","commit":"7655d9c","error":"\"knativebrokerttl\" not found"}
{"level":"info","ts":"2019-12-03T21:04:45.238Z","logger":"broker_ingress","caller":"ingress/ingress_handler.go:120","msg":"Error retrieving TTL, defaulting.","commit":"7655d9c","error":"\"knativebrokerttl\" not found"}
{"level":"info","ts":"2019-12-03T21:04:45.239Z","logger":"broker_ingress","caller":"ingress/ingress_handler.go:120","msg":"Error retrieving TTL, defaulting.","commit":"7655d9c","error":"\"knativebrokerttl\" not found"}
{"level":"info","ts":"2019-12-03T21:04:45.239Z","logger":"broker_ingress","caller":"ingress/ingress_handler.go:120","msg":"Error retrieving TTL, defaulting.","commit":"7655d9c","error":"\"knativebrokerttl\" not found"}
{"level":"info","ts":"2019-12-03T21:04:45.239Z","logger":"broker_ingress","caller":"ingress/ingress_handler.go:120","msg":"Error retrieving TTL, defaulting.","commit":"7655d9c","error":"\"knativebrokerttl\" not found"}
{"level":"info","ts":"2019-12-03T21:04:45.239Z","logger":"broker_ingress","caller":"ingress/ingress_handler.go:120","msg":"Error retrieving TTL, defaulting.","commit":"7655d9c","error":"\"knativebrokerttl\" not found"}
{"level":"info","ts":"2019-12-03T21:04:45.240Z","logger":"broker_ingress","caller":"ingress/ingress_handler.go:120","msg":"Error retrieving TTL, defaulting.","commit":"7655d9c","error":"\"knativebrokerttl\" not found"}
{"level":"info","ts":"2019-12-03T21:04:45.240Z","logger":"broker_ingress","caller":"ingress/ingress_handler.go:120","msg":"Error retrieving TTL, defaulting.","commit":"7655d9c","error":"\"knativebrokerttl\" not found"}
{"level":"info","ts":"2019-12-03T21:04:45.240Z","logger":"broker_ingress","caller":"ingress/ingress_handler.go:120","msg":"Error retrieving TTL, defaulting.","commit":"7655d9c","error":"\"knativebrokerttl\" not found"}
{"level":"info","ts":"2019-12-03T21:04:45.240Z","logger":"broker_ingress","caller":"ingress/ingress_handler.go:120","msg":"Error retrieving TTL, defaulting.","commit":"7655d9c","error":"\"knativebrokerttl\" not found"}
{"level":"info","ts":"2019-12-03T21:04:45.242Z","logger":"broker_ingress","caller":"ingress/ingress_handler.go:120","msg":"Error retrieving TTL, defaulting.","commit":"7655d9c","error":"\"knativebrokerttl\" not found"}
{"level":"info","ts":"2019-12-03T21:04:45.243Z","logger":"broker_ingress","caller":"ingress/ingress_handler.go:120","msg":"Error retrieving TTL, defaulting.","commit":"7655d9c","error":"\"knativebrokerttl\" not found"}
{"level":"info","ts":"2019-12-03T21:04:45.243Z","logger":"broker_ingress","caller":"ingress/ingress_handler.go:120","msg":"Error retrieving TTL, defaulting.","commit":"7655d9c","error":"\"knativebrokerttl\" not found"}
{"level":"info","ts":"2019-12-03T21:04:45.246Z","logger":"broker_ingress","caller":"ingress/ingress_handler.go:120","msg":"Error retrieving TTL, defaulting.","commit":"7655d9c","error":"\"knativebrokerttl\" not found"}
{"level":"info","ts":"2019-12-03T21:04:45.246Z","logger":"broker_ingress","caller":"ingress/ingress_handler.go:120","msg":"Error retrieving TTL, defaulting.","commit":"7655d9c","error":"\"knativebrokerttl\" not found"}
{"level":"info","ts":"2019-12-03T21:04:45.247Z","logger":"broker_ingress","caller":"ingress/ingress_handler.go:120","msg":"Error retrieving TTL, defaulting.","commit":"7655d9c","error":"\"knativebrokerttl\" not found"}
{"level":"info","ts":"2019-12-03T21:04:45.248Z","logger":"broker_ingress","caller":"ingress/ingress_handler.go:120","msg":"Error retrieving TTL, defaulting.","commit":"7655d9c","error":"\"knativebrokerttl\" not found"}
{"level":"info","ts":"2019-12-03T21:04:45.250Z","logger":"broker_ingress","caller":"ingress/ingress_handler.go:120","msg":"Error retrieving TTL, defaulting.","commit":"7655d9c","error":"\"knativebrokerttl\" not found"}
{"level":"info","ts":"2019-12-03T21:04:45.250Z","logger":"broker_ingress","caller":"ingress/ingress_handler.go:120","msg":"Error retrieving TTL, defaulting.","commit":"7655d9c","error":"\"knativebrokerttl\" not found"}
{"level":"info","ts":"2019-12-03T21:04:45.251Z","logger":"broker_ingress","caller":"ingress/ingress_handler.go:120","msg":"Error retrieving TTL, defaulting.","commit":"7655d9c","error":"\"knativebrokerttl\" not found"}
{"level":"info","ts":"2019-12-03T21:04:45.252Z","logger":"broker_ingress","caller":"ingress/ingress_handler.go:120","msg":"Error retrieving TTL, defaulting.","commit":"7655d9c","error":"\"knativebrokerttl\" not found"}
{"level":"info","ts":"2019-12-03T21:04:45.252Z","logger":"broker_ingress","caller":"ingress/ingress_handler.go:120","msg":"Error retrieving TTL, defaulting.","commit":"7655d9c","error":"\"knativebrokerttl\" not found"}
{"level":"info","ts":"2019-12-03T21:04:45.252Z","logger":"broker_ingress","caller":"ingress/ingress_handler.go:120","msg":"Error retrieving TTL, defaulting.","commit":"7655d9c","error":"\"knativebrokerttl\" not found"}
{"level":"info","ts":"2019-12-03T21:04:45.252Z","logger":"broker_ingress","caller":"ingress/ingress_handler.go:120","msg":"Error retrieving TTL, defaulting.","commit":"7655d9c","error":"\"knativebrokerttl\" not found"}
{"level":"info","ts":"2019-12-03T21:04:45.253Z","logger":"broker_ingress","caller":"ingress/ingress_handler.go:120","msg":"Error retrieving TTL, defaulting.","commit":"7655d9c","error":"\"knativebrokerttl\" not found"}
{"level":"info","ts":"2019-12-03T21:04:45.253Z","logger":"broker_ingress","caller":"ingress/ingress_handler.go:120","msg":"Error retrieving TTL, defaulting.","commit":"7655d9c","error":"\"knativebrokerttl\" not found"}
{"level":"info","ts":"2019-12-03T21:04:45.255Z","logger":"broker_ingress","caller":"ingress/ingress_handler.go:120","msg":"Error retrieving TTL, defaulting.","commit":"7655d9c","error":"\"knativebrokerttl\" not found"}
{"level":"info","ts":"2019-12-03T21:04:45.256Z","logger":"broker_ingress","caller":"ingress/ingress_handler.go:120","msg":"Error retrieving TTL, defaulting.","commit":"7655d9c","error":"\"knativebrokerttl\" not found"}
{"level":"info","ts":"2019-12-03T21:04:45.257Z","logger":"broker_ingress","caller":"ingress/ingress_handler.go:120","msg":"Error retrieving TTL, defaulting.","commit":"7655d9c","error":"\"knativebrokerttl\" not found"}
{"level":"info","ts":"2019-12-03T21:04:45.258Z","logger":"broker_ingress","caller":"ingress/ingress_handler.go:120","msg":"Error retrieving TTL, defaulting.","commit":"7655d9c","error":"\"knativebrokerttl\" not found"}
{"level":"info","ts":"2019-12-03T21:04:45.259Z","logger":"broker_ingress","caller":"ingress/ingress_handler.go:120","msg":"Error retrieving TTL, defaulting.","commit":"7655d9c","error":"\"knativebrokerttl\" not found"}
{"level":"info","ts":"2019-12-03T21:04:45.259Z","logger":"broker_ingress","caller":"ingress/ingress_handler.go:120","msg":"Error retrieving TTL, defaulting.","commit":"7655d9c","error":"\"knativebrokerttl\" not found"}
{"level":"info","ts":"2019-12-03T21:04:45.259Z","logger":"broker_ingress","caller":"ingress/ingress_handler.go:120","msg":"Error retrieving TTL, defaulting.","commit":"7655d9c","error":"\"knativebrokerttl\" not found"}
{"level":"info","ts":"2019-12-03T21:04:45.260Z","logger":"broker_ingress","caller":"ingress/ingress_handler.go:120","msg":"Error retrieving TTL, defaulting.","commit":"7655d9c","error":"\"knativebrokerttl\" not found"}
{"level":"info","ts":"2019-12-03T21:04:45.260Z","logger":"broker_ingress","caller":"ingress/ingress_handler.go:120","msg":"Error retrieving TTL, defaulting.","commit":"7655d9c","error":"\"knativebrokerttl\" not found"}
{"level":"info","ts":"2019-12-03T21:04:45.261Z","logger":"broker_ingress","caller":"ingress/ingress_handler.go:120","msg":"Error retrieving TTL, defaulting.","commit":"7655d9c","error":"\"knativebrokerttl\" not found"}
{"level":"info","ts":"2019-12-03T21:04:45.261Z","logger":"broker_ingress","caller":"ingress/ingress_handler.go:120","msg":"Error retrieving TTL, defaulting.","commit":"7655d9c","error":"\"knativebrokerttl\" not found"}
{"level":"info","ts":"2019-12-03T21:04:45.261Z","logger":"broker_ingress","caller":"ingress/ingress_handler.go:120","msg":"Error retrieving TTL, defaulting.","commit":"7655d9c","error":"\"knativebrokerttl\" not found"}
{"level":"info","ts":"2019-12-03T21:04:45.263Z","logger":"broker_ingress","caller":"ingress/ingress_handler.go:120","msg":"Error retrieving TTL, defaulting.","commit":"7655d9c","error":"\"knativebrokerttl\" not found"}
{"level":"info","ts":"2019-12-03T21:04:45.263Z","logger":"broker_ingress","caller":"ingress/ingress_handler.go:120","msg":"Error retrieving TTL, defaulting.","commit":"7655d9c","error":"\"knativebrokerttl\" not found"}
{"level":"info","ts":"2019-12-03T21:04:45.264Z","logger":"broker_ingress","caller":"ingress/ingress_handler.go:120","msg":"Error retrieving TTL, defaulting.","commit":"7655d9c","error":"\"knativebrokerttl\" not found"}
{"level":"info","ts":"2019-12-03T21:04:45.264Z","logger":"broker_ingress","caller":"ingress/ingress_handler.go:120","msg":"Error retrieving TTL, defaulting.","commit":"7655d9c","error":"\"knativebrokerttl\" not found"}
{"level":"info","ts":"2019-12-03T21:04:45.265Z","logger":"broker_ingress","caller":"ingress/ingress_handler.go:120","msg":"Error retrieving TTL, defaulting.","commit":"7655d9c","error":"\"knativebrokerttl\" not found"}
{"level":"info","ts":"2019-12-03T21:04:45.266Z","logger":"broker_ingress","caller":"ingress/ingress_handler.go:120","msg":"Error retrieving TTL, defaulting.","commit":"7655d9c","error":"\"knativebrokerttl\" not found"}
{"level":"info","ts":"2019-12-03T21:04:45.266Z","logger":"broker_ingress","caller":"ingress/ingress_handler.go:120","msg":"Error retrieving TTL, defaulting.","commit":"7655d9c","error":"\"knativebrokerttl\" not found"}
{"level":"info","ts":"2019-12-03T21:04:45.267Z","logger":"broker_ingress","caller":"ingress/ingress_handler.go:120","msg":"Error retrieving TTL, defaulting.","commit":"7655d9c","error":"\"knativebrokerttl\" not found"}
{"level":"info","ts":"2019-12-03T21:04:45.268Z","logger":"broker_ingress","caller":"ingress/ingress_handler.go:120","msg":"Error retrieving TTL, defaulting.","commit":"7655d9c","error":"\"knativebrokerttl\" not found"}
{"level":"info","ts":"2019-12-03T21:04:45.268Z","logger":"broker_ingress","caller":"ingress/ingress_handler.go:120","msg":"Error retrieving TTL, defaulting.","commit":"7655d9c","error":"\"knativebrokerttl\" not found"}
{"level":"info","ts":"2019-12-03T21:04:45.270Z","logger":"broker_ingress","caller":"ingress/ingress_handler.go:120","msg":"Error retrieving TTL, defaulting.","commit":"7655d9c","error":"\"knativebrokerttl\" not found"}
{"level":"info","ts":"2019-12-03T21:04:45.270Z","logger":"broker_ingress","caller":"ingress/ingress_handler.go:120","msg":"Error retrieving TTL, defaulting.","commit":"7655d9c","error":"\"knativebrokerttl\" not found"}
{"level":"info","ts":"2019-12-03T21:04:45.270Z","logger":"broker_ingress","caller":"ingress/ingress_handler.go:120","msg":"Error retrieving TTL, defaulting.","commit":"7655d9c","error":"\"knativebrokerttl\" not found"}
{"level":"info","ts":"2019-12-03T21:04:45.271Z","logger":"broker_ingress","caller":"ingress/ingress_handler.go:120","msg":"Error retrieving TTL, defaulting.","commit":"7655d9c","error":"\"knativebrokerttl\" not found"}
{"level":"info","ts":"2019-12-03T21:04:45.271Z","logger":"broker_ingress","caller":"ingress/ingress_handler.go:120","msg":"Error retrieving TTL, defaulting.","commit":"7655d9c","error":"\"knativebrokerttl\" not found"}
{"level":"info","ts":"2019-12-03T21:04:45.272Z","logger":"broker_ingress","caller":"ingress/ingress_handler.go:120","msg":"Error retrieving TTL, defaulting.","commit":"7655d9c","error":"\"knativebrokerttl\" not found"}
{"level":"info","ts":"2019-12-03T21:04:45.273Z","logger":"broker_ingress","caller":"ingress/ingress_handler.go:120","msg":"Error retrieving TTL, defaulting.","commit":"7655d9c","error":"\"knativebrokerttl\" not found"}
{"level":"info","ts":"2019-12-03T21:04:45.274Z","logger":"broker_ingress","caller":"ingress/ingress_handler.go:120","msg":"Error retrieving TTL, defaulting.","commit":"7655d9c","error":"\"knativebrokerttl\" not found"}
{"level":"info","ts":"2019-12-03T21:04:45.274Z","logger":"broker_ingress","caller":"ingress/ingress_handler.go:120","msg":"Error retrieving TTL, defaulting.","commit":"7655d9c","error":"\"knativebrokerttl\" not found"}
{"level":"info","ts":"2019-12-03T21:04:45.275Z","logger":"broker_ingress","caller":"ingress/ingress_handler.go:120","msg":"Error retrieving TTL, defaulting.","commit":"7655d9c","error":"\"knativebrokerttl\" not found"}
{"level":"info","ts":"2019-12-03T21:04:45.275Z","logger":"broker_ingress","caller":"ingress/ingress_handler.go:120","msg":"Error retrieving TTL, defaulting.","commit":"7655d9c","error":"\"knativebrokerttl\" not found"}
{"level":"info","ts":"2019-12-03T21:04:45.276Z","logger":"broker_ingress","caller":"ingress/ingress_handler.go:120","msg":"Error retrieving TTL, defaulting.","commit":"7655d9c","error":"\"knativebrokerttl\" not found"}
{"level":"info","ts":"2019-12-03T21:04:45.276Z","logger":"broker_ingress","caller":"ingress/ingress_handler.go:120","msg":"Error retrieving TTL, defaulting.","commit":"7655d9c","error":"\"knativebrokerttl\" not found"}
{"level":"info","ts":"2019-12-03T21:04:45.277Z","logger":"broker_ingress","caller":"ingress/ingress_handler.go:120","msg":"Error retrieving TTL, defaulting.","commit":"7655d9c","error":"\"knativebrokerttl\" not found"}
{"level":"info","ts":"2019-12-03T21:04:45.277Z","logger":"broker_ingress","caller":"ingress/ingress_handler.go:120","msg":"Error retrieving TTL, defaulting.","commit":"7655d9c","error":"\"knativebrokerttl\" not found"}
{"level":"info","ts":"2019-12-03T21:04:45.277Z","logger":"broker_ingress","caller":"ingress/ingress_handler.go:120","msg":"Error retrieving TTL, defaulting.","commit":"7655d9c","error":"\"knativebrokerttl\" not found"}
{"level":"info","ts":"2019-12-03T21:04:45.278Z","logger":"broker_ingress","caller":"ingress/ingress_handler.go:120","msg":"Error retrieving TTL, defaulting.","commit":"7655d9c","error":"\"knativebrokerttl\" not found"}
{"level":"info","ts":"2019-12-03T21:04:45.279Z","logger":"broker_ingress","caller":"ingress/ingress_handler.go:120","msg":"Error retrieving TTL, defaulting.","commit":"7655d9c","error":"\"knativebrokerttl\" not found"}
{"level":"info","ts":"2019-12-03T21:04:45.279Z","logger":"broker_ingress","caller":"ingress/ingress_handler.go:120","msg":"Error retrieving TTL, defaulting.","commit":"7655d9c","error":"\"knativebrokerttl\" not found"}
{"level":"info","ts":"2019-12-03T21:04:45.281Z","logger":"broker_ingress","caller":"ingress/ingress_handler.go:120","msg":"Error retrieving TTL, defaulting.","commit":"7655d9c","error":"\"knativebrokerttl\" not found"}
{"level":"info","ts":"2019-12-03T21:04:45.282Z","logger":"broker_ingress","caller":"ingress/ingress_handler.go:120","msg":"Error retrieving TTL, defaulting.","commit":"7655d9c","error":"\"knativebrokerttl\" not found"}
{"level":"info","ts":"2019-12-03T21:04:45.285Z","logger":"broker_ingress","caller":"ingress/ingress_handler.go:120","msg":"Error retrieving TTL, defaulting.","commit":"7655d9c","error":"\"knativebrokerttl\" not found"}
{"level":"info","ts":"2019-12-03T21:04:45.288Z","logger":"broker_ingress","caller":"ingress/ingress_handler.go:120","msg":"Error retrieving TTL, defaulting.","commit":"7655d9c","error":"\"knativebrokerttl\" not found"}
{"level":"info","ts":"2019-12-03T21:04:45.289Z","logger":"broker_ingress","caller":"ingress/ingress_handler.go:120","msg":"Error retrieving TTL, defaulting.","commit":"7655d9c","error":"\"knativebrokerttl\" not found"}
{"level":"info","ts":"2019-12-03T21:04:45.289Z","logger":"broker_ingress","caller":"ingress/ingress_handler.go:120","msg":"Error retrieving TTL, defaulting.","commit":"7655d9c","error":"\"knativebrokerttl\" not found"}
{"level":"info","ts":"2019-12-03T21:04:45.290Z","logger":"broker_ingress","caller":"ingress/ingress_handler.go:120","msg":"Error retrieving TTL, defaulting.","commit":"7655d9c","error":"\"knativebrokerttl\" not found"}
{"level":"info","ts":"2019-12-03T21:04:45.290Z","logger":"broker_ingress","caller":"ingress/ingress_handler.go:120","msg":"Error retrieving TTL, defaulting.","commit":"7655d9c","error":"\"knativebrokerttl\" not found"}
{"level":"info","ts":"2019-12-03T21:04:45.294Z","logger":"broker_ingress","caller":"ingress/ingress_handler.go:120","msg":"Error retrieving TTL, defaulting.","commit":"7655d9c","error":"\"knativebrokerttl\" not found"}
{"level":"info","ts":"2019-12-03T21:04:45.294Z","logger":"broker_ingress","caller":"ingress/ingress_handler.go:120","msg":"Error retrieving TTL, defaulting.","commit":"7655d9c","error":"\"knativebrokerttl\" not found"}
{"level":"info","ts":"2019-12-03T21:04:45.294Z","logger":"broker_ingress","caller":"ingress/ingress_handler.go:120","msg":"Error retrieving TTL, defaulting.","commit":"7655d9c","error":"\"knativebrokerttl\" not found"}
{"level":"info","ts":"2019-12-03T21:04:45.295Z","logger":"broker_ingress","caller":"ingress/ingress_handler.go:120","msg":"Error retrieving TTL, defaulting.","commit":"7655d9c","error":"\"knativebrokerttl\" not found"}
{"level":"info","ts":"2019-12-03T21:04:45.295Z","logger":"broker_ingress","caller":"ingress/ingress_handler.go:120","msg":"Error retrieving TTL, defaulting.","commit":"7655d9c","error":"\"knativebrokerttl\" not found"}
{"level":"info","ts":"2019-12-03T21:04:45.299Z","logger":"broker_ingress","caller":"ingress/ingress_handler.go:120","msg":"Error retrieving TTL, defaulting.","commit":"7655d9c","error":"\"knativebrokerttl\" not found"}
{"level":"info","ts":"2019-12-03T21:04:45.301Z","logger":"broker_ingress","caller":"ingress/ingress_handler.go:120","msg":"Error retrieving TTL, defaulting.","commit":"7655d9c","error":"\"knativebrokerttl\" not found"}
{"level":"info","ts":"2019-12-03T21:04:45.301Z","logger":"broker_ingress","caller":"ingress/ingress_handler.go:120","msg":"Error retrieving TTL, defaulting.","commit":"7655d9c","error":"\"knativebrokerttl\" not found"}
{"level":"info","ts":"2019-12-03T21:04:45.302Z","logger":"broker_ingress","caller":"ingress/ingress_handler.go:120","msg":"Error retrieving TTL, defaulting.","commit":"7655d9c","error":"\"knativebrokerttl\" not found"}
{"level":"info","ts":"2019-12-03T21:04:45.302Z","logger":"broker_ingress","caller":"ingress/ingress_handler.go:120","msg":"Error retrieving TTL, defaulting.","commit":"7655d9c","error":"\"knativebrokerttl\" not found"}
{"level":"info","ts":"2019-12-03T21:04:45.303Z","logger":"broker_ingress","caller":"ingress/ingress_handler.go:120","msg":"Error retrieving TTL, defaulting.","commit":"7655d9c","error":"\"knativebrokerttl\" not found"}
{"level":"info","ts":"2019-12-03T21:04:45.303Z","logger":"broker_ingress","caller":"ingress/ingress_handler.go:120","msg":"Error retrieving TTL, defaulting.","commit":"7655d9c","error":"\"knativebrokerttl\" not found"}
{"level":"info","ts":"2019-12-03T21:04:45.308Z","logger":"broker_ingress","caller":"ingress/ingress_handler.go:120","msg":"Error retrieving TTL, defaulting.","commit":"7655d9c","error":"\"knativebrokerttl\" not found"}
{"level":"info","ts":"2019-12-03T21:04:45.303Z","logger":"broker_ingress","caller":"ingress/ingress_handler.go:120","msg":"Error retrieving TTL, defaulting.","commit":"7655d9c","error":"\"knativebrokerttl\" not found"}
{"level":"info","ts":"2019-12-03T21:04:45.310Z","logger":"broker_ingress","caller":"ingress/ingress_handler.go:120","msg":"Error retrieving TTL, defaulting.","commit":"7655d9c","error":"\"knativebrokerttl\" not found"}
{"level":"info","ts":"2019-12-03T21:04:45.311Z","logger":"broker_ingress","caller":"ingress/ingress_handler.go:120","msg":"Error retrieving TTL, defaulting.","commit":"7655d9c","error":"\"knativebrokerttl\" not found"}
{"level":"info","ts":"2019-12-03T21:04:45.311Z","logger":"broker_ingress","caller":"ingress/ingress_handler.go:120","msg":"Error retrieving TTL, defaulting.","commit":"7655d9c","error":"\"knativebrokerttl\" not found"}
{"level":"info","ts":"2019-12-03T21:04:45.317Z","logger":"broker_ingress","caller":"ingress/ingress_handler.go:120","msg":"Error retrieving TTL, defaulting.","commit":"7655d9c","error":"\"knativebrokerttl\" not found"}
{"level":"info","ts":"2019-12-03T21:04:45.317Z","logger":"broker_ingress","caller":"ingress/ingress_handler.go:120","msg":"Error retrieving TTL, defaulting.","commit":"7655d9c","error":"\"knativebrokerttl\" not found"}
{"level":"info","ts":"2019-12-03T21:04:45.327Z","logger":"broker_ingress","caller":"ingress/ingress_handler.go:120","msg":"Error retrieving TTL, defaulting.","commit":"7655d9c","error":"\"knativebrokerttl\" not found"}
{"level":"info","ts":"2019-12-03T21:04:45.327Z","logger":"broker_ingress","caller":"ingress/ingress_handler.go:120","msg":"Error retrieving TTL, defaulting.","commit":"7655d9c","error":"\"knativebrokerttl\" not found"}
{"level":"info","ts":"2019-12-03T21:04:45.327Z","logger":"broker_ingress","caller":"ingress/ingress_handler.go:120","msg":"Error retrieving TTL, defaulting.","commit":"7655d9c","error":"\"knativebrokerttl\" not found"}
{"level":"info","ts":"2019-12-03T21:04:45.328Z","logger":"broker_ingress","caller":"ingress/ingress_handler.go:120","msg":"Error retrieving TTL, defaulting.","commit":"7655d9c","error":"\"knativebrokerttl\" not found"}
{"level":"info","ts":"2019-12-03T21:04:45.328Z","logger":"broker_ingress","caller":"ingress/ingress_handler.go:120","msg":"Error retrieving TTL, defaulting.","commit":"7655d9c","error":"\"knativebrokerttl\" not found"}
{"level":"info","ts":"2019-12-03T21:04:45.328Z","logger":"broker_ingress","caller":"ingress/ingress_handler.go:120","msg":"Error retrieving TTL, defaulting.","commit":"7655d9c","error":"\"knativebrokerttl\" not found"}
{"level":"info","ts":"2019-12-03T21:04:45.332Z","logger":"broker_ingress","caller":"ingress/ingress_handler.go:120","msg":"Error retrieving TTL, defaulting.","commit":"7655d9c","error":"\"knativebrokerttl\" not found"}
{"level":"info","ts":"2019-12-03T21:04:45.321Z","logger":"broker_ingress","caller":"ingress/ingress_handler.go:120","msg":"Error retrieving TTL, defaulting.","commit":"7655d9c","error":"\"knativebrokerttl\" not found"}
{"level":"info","ts":"2019-12-03T21:04:45.333Z","logger":"broker_ingress","caller":"ingress/ingress_handler.go:120","msg":"Error retrieving TTL, defaulting.","commit":"7655d9c","error":"\"knativebrokerttl\" not found"}
{"level":"info","ts":"2019-12-03T21:04:45.334Z","logger":"broker_ingress","caller":"ingress/ingress_handler.go:120","msg":"Error retrieving TTL, defaulting.","commit":"7655d9c","error":"\"knativebrokerttl\" not found"}
{"level":"info","ts":"2019-12-03T21:04:45.334Z","logger":"broker_ingress","caller":"ingress/ingress_handler.go:120","msg":"Error retrieving TTL, defaulting.","commit":"7655d9c","error":"\"knativebrokerttl\" not found"}
{"level":"info","ts":"2019-12-03T21:04:45.335Z","logger":"broker_ingress","caller":"ingress/ingress_handler.go:120","msg":"Error retrieving TTL, defaulting.","commit":"7655d9c","error":"\"knativebrokerttl\" not found"}
{"level":"info","ts":"2019-12-03T21:04:45.336Z","logger":"broker_ingress","caller":"ingress/ingress_handler.go:120","msg":"Error retrieving TTL, defaulting.","commit":"7655d9c","error":"\"knativebrokerttl\" not found"}
{"level":"info","ts":"2019-12-03T21:04:45.336Z","logger":"broker_ingress","caller":"ingress/ingress_handler.go:120","msg":"Error retrieving TTL, defaulting.","commit":"7655d9c","error":"\"knativebrokerttl\" not found"}
{"level":"info","ts":"2019-12-03T21:04:45.337Z","logger":"broker_ingress","caller":"ingress/ingress_handler.go:120","msg":"Error retrieving TTL, defaulting.","commit":"7655d9c","error":"\"knativebrokerttl\" not found"}
{"level":"info","ts":"2019-12-03T21:04:45.337Z","logger":"broker_ingress","caller":"ingress/ingress_handler.go:120","msg":"Error retrieving TTL, defaulting.","commit":"7655d9c","error":"\"knativebrokerttl\" not found"}
{"level":"info","ts":"2019-12-03T21:04:45.337Z","logger":"broker_ingress","caller":"ingress/ingress_handler.go:120","msg":"Error retrieving TTL, defaulting.","commit":"7655d9c","error":"\"knativebrokerttl\" not found"}
{"level":"info","ts":"2019-12-03T21:04:45.337Z","logger":"broker_ingress","caller":"ingress/ingress_handler.go:120","msg":"Error retrieving TTL, defaulting.","commit":"7655d9c","error":"\"knativebrokerttl\" not found"}
{"level":"info","ts":"2019-12-03T21:04:45.337Z","logger":"broker_ingress","caller":"ingress/ingress_handler.go:120","msg":"Error retrieving TTL, defaulting.","commit":"7655d9c","error":"\"knativebrokerttl\" not found"}
{"level":"info","ts":"2019-12-03T21:04:45.341Z","logger":"broker_ingress","caller":"ingress/ingress_handler.go:120","msg":"Error retrieving TTL, defaulting.","commit":"7655d9c","error":"\"knativebrokerttl\" not found"}
{"level":"info","ts":"2019-12-03T21:04:45.342Z","logger":"broker_ingress","caller":"ingress/ingress_handler.go:120","msg":"Error retrieving TTL, defaulting.","commit":"7655d9c","error":"\"knativebrokerttl\" not found"}
{"level":"info","ts":"2019-12-03T21:04:45.344Z","logger":"broker_ingress","caller":"ingress/ingress_handler.go:120","msg":"Error retrieving TTL, defaulting.","commit":"7655d9c","error":"\"knativebrokerttl\" not found"}
{"level":"info","ts":"2019-12-03T21:04:45.344Z","logger":"broker_ingress","caller":"ingress/ingress_handler.go:120","msg":"Error retrieving TTL, defaulting.","commit":"7655d9c","error":"\"knativebrokerttl\" not found"}
{"level":"info","ts":"2019-12-03T21:04:45.345Z","logger":"broker_ingress","caller":"ingress/ingress_handler.go:120","msg":"Error retrieving TTL, defaulting.","commit":"7655d9c","error":"\"knativebrokerttl\" not found"}
{"level":"info","ts":"2019-12-03T21:04:45.347Z","logger":"broker_ingress","caller":"ingress/ingress_handler.go:120","msg":"Error retrieving TTL, defaulting.","commit":"7655d9c","error":"\"knativebrokerttl\" not found"}
{"level":"info","ts":"2019-12-03T21:04:45.352Z","logger":"broker_ingress","caller":"ingress/ingress_handler.go:120","msg":"Error retrieving TTL, defaulting.","commit":"7655d9c","error":"\"knativebrokerttl\" not found"}
{"level":"info","ts":"2019-12-03T21:04:45.352Z","logger":"broker_ingress","caller":"ingress/ingress_handler.go:120","msg":"Error retrieving TTL, defaulting.","commit":"7655d9c","error":"\"knativebrokerttl\" not found"}
{"level":"info","ts":"2019-12-03T21:04:45.352Z","logger":"broker_ingress","caller":"ingress/ingress_handler.go:120","msg":"Error retrieving TTL, defaulting.","commit":"7655d9c","error":"\"knativebrokerttl\" not found"}
{"level":"info","ts":"2019-12-03T21:04:45.354Z","logger":"broker_ingress","caller":"ingress/ingress_handler.go:120","msg":"Error retrieving TTL, defaulting.","commit":"7655d9c","error":"\"knativebrokerttl\" not found"}
{"level":"info","ts":"2019-12-03T21:04:45.355Z","logger":"broker_ingress","caller":"ingress/ingress_handler.go:120","msg":"Error retrieving TTL, defaulting.","commit":"7655d9c","error":"\"knativebrokerttl\" not found"}
{"level":"info","ts":"2019-12-03T21:04:45.356Z","logger":"broker_ingress","caller":"ingress/ingress_handler.go:120","msg":"Error retrieving TTL, defaulting.","commit":"7655d9c","error":"\"knativebrokerttl\" not found"}
{"level":"info","ts":"2019-12-03T21:04:45.356Z","logger":"broker_ingress","caller":"ingress/ingress_handler.go:120","msg":"Error retrieving TTL, defaulting.","commit":"7655d9c","error":"\"knativebrokerttl\" not found"}
{"level":"info","ts":"2019-12-03T21:04:45.356Z","logger":"broker_ingress","caller":"ingress/ingress_handler.go:120","msg":"Error retrieving TTL, defaulting.","commit":"7655d9c","error":"\"knativebrokerttl\" not found"}
{"level":"info","ts":"2019-12-03T21:04:45.361Z","logger":"broker_ingress","caller":"ingress/ingress_handler.go:120","msg":"Error retrieving TTL, defaulting.","commit":"7655d9c","error":"\"knativebrokerttl\" not found"}
{"level":"info","ts":"2019-12-03T21:04:45.364Z","logger":"broker_ingress","caller":"ingress/ingress_handler.go:120","msg":"Error retrieving TTL, defaulting.","commit":"7655d9c","error":"\"knativebrokerttl\" not found"}
{"level":"info","ts":"2019-12-03T21:04:45.365Z","logger":"broker_ingress","caller":"ingress/ingress_handler.go:120","msg":"Error retrieving TTL, defaulting.","commit":"7655d9c","error":"\"knativebrokerttl\" not found"}
{"level":"info","ts":"2019-12-03T21:04:45.366Z","logger":"broker_ingress","caller":"ingress/ingress_handler.go:120","msg":"Error retrieving TTL, defaulting.","commit":"7655d9c","error":"\"knativebrokerttl\" not found"}
{"level":"info","ts":"2019-12-03T21:04:45.367Z","logger":"broker_ingress","caller":"ingress/ingress_handler.go:120","msg":"Error retrieving TTL, defaulting.","commit":"7655d9c","error":"\"knativebrokerttl\" not found"}
{"level":"info","ts":"2019-12-03T21:04:45.370Z","logger":"broker_ingress","caller":"ingress/ingress_handler.go:120","msg":"Error retrieving TTL, defaulting.","commit":"7655d9c","error":"\"knativebrokerttl\" not found"}
{"level":"info","ts":"2019-12-03T21:04:45.370Z","logger":"broker_ingress","caller":"ingress/ingress_handler.go:120","msg":"Error retrieving TTL, defaulting.","commit":"7655d9c","error":"\"knativebrokerttl\" not found"}
{"level":"info","ts":"2019-12-03T21:04:45.370Z","logger":"broker_ingress","caller":"ingress/ingress_handler.go:120","msg":"Error retrieving TTL, defaulting.","commit":"7655d9c","error":"\"knativebrokerttl\" not found"}
{"level":"info","ts":"2019-12-03T21:04:45.376Z","logger":"broker_ingress","caller":"ingress/ingress_handler.go:120","msg":"Error retrieving TTL, defaulting.","commit":"7655d9c","error":"\"knativebrokerttl\" not found"}
{"level":"info","ts":"2019-12-03T21:04:45.378Z","logger":"broker_ingress","caller":"ingress/ingress_handler.go:120","msg":"Error retrieving TTL, defaulting.","commit":"7655d9c","error":"\"knativebrokerttl\" not found"}
{"level":"info","ts":"2019-12-03T21:04:45.378Z","logger":"broker_ingress","caller":"ingress/ingress_handler.go:120","msg":"Error retrieving TTL, defaulting.","commit":"7655d9c","error":"\"knativebrokerttl\" not found"}
{"level":"info","ts":"2019-12-03T21:04:45.383Z","logger":"broker_ingress","caller":"ingress/ingress_handler.go:120","msg":"Error retrieving TTL, defaulting.","commit":"7655d9c","error":"\"knativebrokerttl\" not found"}
{"level":"info","ts":"2019-12-03T21:04:45.383Z","logger":"broker_ingress","caller":"ingress/ingress_handler.go:120","msg":"Error retrieving TTL, defaulting.","commit":"7655d9c","error":"\"knativebrokerttl\" not found"}
{"level":"info","ts":"2019-12-03T21:04:45.383Z","logger":"broker_ingress","caller":"ingress/ingress_handler.go:120","msg":"Error retrieving TTL, defaulting.","commit":"7655d9c","error":"\"knativebrokerttl\" not found"}
{"level":"info","ts":"2019-12-03T21:04:45.386Z","logger":"broker_ingress","caller":"ingress/ingress_handler.go:120","msg":"Error retrieving TTL, defaulting.","commit":"7655d9c","error":"\"knativebrokerttl\" not found"}
{"level":"info","ts":"2019-12-03T21:04:45.386Z","logger":"broker_ingress","caller":"ingress/ingress_handler.go:120","msg":"Error retrieving TTL, defaulting.","commit":"7655d9c","error":"\"knativebrokerttl\" not found"}
{"level":"info","ts":"2019-12-03T21:04:45.391Z","logger":"broker_ingress","caller":"ingress/ingress_handler.go:120","msg":"Error retrieving TTL, defaulting.","commit":"7655d9c","error":"\"knativebrokerttl\" not found"}
{"level":"info","ts":"2019-12-03T21:04:45.392Z","logger":"broker_ingress","caller":"ingress/ingress_handler.go:120","msg":"Error retrieving TTL, defaulting.","commit":"7655d9c","error":"\"knativebrokerttl\" not found"}
{"level":"info","ts":"2019-12-03T21:04:45.392Z","logger":"broker_ingress","caller":"ingress/ingress_handler.go:120","msg":"Error retrieving TTL, defaulting.","commit":"7655d9c","error":"\"knativebrokerttl\" not found"}
{"level":"info","ts":"2019-12-03T21:04:45.399Z","logger":"broker_ingress","caller":"ingress/ingress_handler.go:120","msg":"Error retrieving TTL, defaulting.","commit":"7655d9c","error":"\"knativebrokerttl\" not found"}
{"level":"info","ts":"2019-12-03T21:04:45.404Z","logger":"broker_ingress","caller":"ingress/ingress_handler.go:120","msg":"Error retrieving TTL, defaulting.","commit":"7655d9c","error":"\"knativebrokerttl\" not found"}
{"level":"info","ts":"2019-12-03T21:04:45.404Z","logger":"broker_ingress","caller":"ingress/ingress_handler.go:120","msg":"Error retrieving TTL, defaulting.","commit":"7655d9c","error":"\"knativebrokerttl\" not found"}
{"level":"info","ts":"2019-12-03T21:04:45.405Z","logger":"broker_ingress","caller":"ingress/ingress_handler.go:120","msg":"Error retrieving TTL, defaulting.","commit":"7655d9c","error":"\"knativebrokerttl\" not found"}
{"level":"info","ts":"2019-12-03T21:04:45.411Z","logger":"broker_ingress","caller":"ingress/ingress_handler.go:120","msg":"Error retrieving TTL, defaulting.","commit":"7655d9c","error":"\"knativebrokerttl\" not found"}
{"level":"info","ts":"2019-12-03T21:04:45.412Z","logger":"broker_ingress","caller":"ingress/ingress_handler.go:120","msg":"Error retrieving TTL, defaulting.","commit":"7655d9c","error":"\"knativebrokerttl\" not found"}
{"level":"info","ts":"2019-12-03T21:04:45.418Z","logger":"broker_ingress","caller":"ingress/ingress_handler.go:120","msg":"Error retrieving TTL, defaulting.","commit":"7655d9c","error":"\"knativebrokerttl\" not found"}
{"level":"info","ts":"2019-12-03T21:04:45.419Z","logger":"broker_ingress","caller":"ingress/ingress_handler.go:120","msg":"Error retrieving TTL, defaulting.","commit":"7655d9c","error":"\"knativebrokerttl\" not found"}
{"level":"info","ts":"2019-12-03T21:04:45.422Z","logger":"broker_ingress","caller":"ingress/ingress_handler.go:120","msg":"Error retrieving TTL, defaulting.","commit":"7655d9c","error":"\"knativebrokerttl\" not found"}
{"level":"info","ts":"2019-12-03T21:04:45.423Z","logger":"broker_ingress","caller":"ingress/ingress_handler.go:120","msg":"Error retrieving TTL, defaulting.","commit":"7655d9c","error":"\"knativebrokerttl\" not found"}
{"level":"info","ts":"2019-12-03T21:04:45.428Z","logger":"broker_ingress","caller":"ingress/ingress_handler.go:120","msg":"Error retrieving TTL, defaulting.","commit":"7655d9c","error":"\"knativebrokerttl\" not found"}
{"level":"info","ts":"2019-12-03T21:04:45.428Z","logger":"broker_ingress","caller":"ingress/ingress_handler.go:120","msg":"Error retrieving TTL, defaulting.","commit":"7655d9c","error":"\"knativebrokerttl\" not found"}
{"level":"info","ts":"2019-12-03T21:04:45.431Z","logger":"broker_ingress","caller":"ingress/ingress_handler.go:120","msg":"Error retrieving TTL, defaulting.","commit":"7655d9c","error":"\"knativebrokerttl\" not found"}
{"level":"info","ts":"2019-12-03T21:04:45.436Z","logger":"broker_ingress","caller":"ingress/ingress_handler.go:120","msg":"Error retrieving TTL, defaulting.","commit":"7655d9c","error":"\"knativebrokerttl\" not found"}
{"level":"info","ts":"2019-12-03T21:04:45.440Z","logger":"broker_ingress","caller":"ingress/ingress_handler.go:120","msg":"Error retrieving TTL, defaulting.","commit":"7655d9c","error":"\"knativebrokerttl\" not found"}
{"level":"info","ts":"2019-12-03T21:04:45.440Z","logger":"broker_ingress","caller":"ingress/ingress_handler.go:120","msg":"Error retrieving TTL, defaulting.","commit":"7655d9c","error":"\"knativebrokerttl\" not found"}
{"level":"info","ts":"2019-12-03T21:04:45.442Z","logger":"broker_ingress","caller":"ingress/ingress_handler.go:120","msg":"Error retrieving TTL, defaulting.","commit":"7655d9c","error":"\"knativebrokerttl\" not found"}
{"level":"info","ts":"2019-12-03T21:04:45.443Z","logger":"broker_ingress","caller":"ingress/ingress_handler.go:120","msg":"Error retrieving TTL, defaulting.","commit":"7655d9c","error":"\"knativebrokerttl\" not found"}
{"level":"info","ts":"2019-12-03T21:04:45.440Z","logger":"broker_ingress","caller":"ingress/ingress_handler.go:120","msg":"Error retrieving TTL, defaulting.","commit":"7655d9c","error":"\"knativebrokerttl\" not found"}
{"level":"info","ts":"2019-12-03T21:04:45.444Z","logger":"broker_ingress","caller":"ingress/ingress_handler.go:120","msg":"Error retrieving TTL, defaulting.","commit":"7655d9c","error":"\"knativebrokerttl\" not found"}
{"level":"info","ts":"2019-12-03T21:04:45.447Z","logger":"broker_ingress","caller":"ingress/ingress_handler.go:120","msg":"Error retrieving TTL, defaulting.","commit":"7655d9c","error":"\"knativebrokerttl\" not found"}
{"level":"info","ts":"2019-12-03T21:04:45.448Z","logger":"broker_ingress","caller":"ingress/ingress_handler.go:120","msg":"Error retrieving TTL, defaulting.","commit":"7655d9c","error":"\"knativebrokerttl\" not found"}
{"level":"info","ts":"2019-12-03T21:04:45.450Z","logger":"broker_ingress","caller":"ingress/ingress_handler.go:120","msg":"Error retrieving TTL, defaulting.","commit":"7655d9c","error":"\"knativebrokerttl\" not found"}
{"level":"info","ts":"2019-12-03T21:04:45.453Z","logger":"broker_ingress","caller":"ingress/ingress_handler.go:120","msg":"Error retrieving TTL, defaulting.","commit":"7655d9c","error":"\"knativebrokerttl\" not found"}
{"level":"info","ts":"2019-12-03T21:04:45.457Z","logger":"broker_ingress","caller":"ingress/ingress_handler.go:120","msg":"Error retrieving TTL, defaulting.","commit":"7655d9c","error":"\"knativebrokerttl\" not found"}
{"level":"info","ts":"2019-12-03T21:04:45.458Z","logger":"broker_ingress","caller":"ingress/ingress_handler.go:120","msg":"Error retrieving TTL, defaulting.","commit":"7655d9c","error":"\"knativebrokerttl\" not found"}
{"level":"info","ts":"2019-12-03T21:04:45.458Z","logger":"broker_ingress","caller":"ingress/ingress_handler.go:120","msg":"Error retrieving TTL, defaulting.","commit":"7655d9c","error":"\"knativebrokerttl\" not found"}
{"level":"info","ts":"2019-12-03T21:04:45.461Z","logger":"broker_ingress","caller":"ingress/ingress_handler.go:120","msg":"Error retrieving TTL, defaulting.","commit":"7655d9c","error":"\"knativebrokerttl\" not found"}
{"level":"info","ts":"2019-12-03T21:04:45.461Z","logger":"broker_ingress","caller":"ingress/ingress_handler.go:120","msg":"Error retrieving TTL, defaulting.","commit":"7655d9c","error":"\"knativebrokerttl\" not found"}
{"level":"info","ts":"2019-12-03T21:04:45.462Z","logger":"broker_ingress","caller":"ingress/ingress_handler.go:120","msg":"Error retrieving TTL, defaulting.","commit":"7655d9c","error":"\"knativebrokerttl\" not found"}
{"level":"info","ts":"2019-12-03T21:04:45.463Z","logger":"broker_ingress","caller":"ingress/ingress_handler.go:120","msg":"Error retrieving TTL, defaulting.","commit":"7655d9c","error":"\"knativebrokerttl\" not found"}
{"level":"info","ts":"2019-12-03T21:04:45.463Z","logger":"broker_ingress","caller":"ingress/ingress_handler.go:120","msg":"Error retrieving TTL, defaulting.","commit":"7655d9c","error":"\"knativebrokerttl\" not found"}
{"level":"info","ts":"2019-12-03T21:04:45.464Z","logger":"broker_ingress","caller":"ingress/ingress_handler.go:120","msg":"Error retrieving TTL, defaulting.","commit":"7655d9c","error":"\"knativebrokerttl\" not found"}
{"level":"info","ts":"2019-12-03T21:04:45.465Z","logger":"broker_ingress","caller":"ingress/ingress_handler.go:120","msg":"Error retrieving TTL, defaulting.","commit":"7655d9c","error":"\"knativebrokerttl\" not found"}
{"level":"info","ts":"2019-12-03T21:04:45.465Z","logger":"broker_ingress","caller":"ingress/ingress_handler.go:120","msg":"Error retrieving TTL, defaulting.","commit":"7655d9c","error":"\"knativebrokerttl\" not found"}
{"level":"info","ts":"2019-12-03T21:04:45.467Z","logger":"broker_ingress","caller":"ingress/ingress_handler.go:120","msg":"Error retrieving TTL, defaulting.","commit":"7655d9c","error":"\"knativebrokerttl\" not found"}
{"level":"info","ts":"2019-12-03T21:04:45.468Z","logger":"broker_ingress","caller":"ingress/ingress_handler.go:120","msg":"Error retrieving TTL, defaulting.","commit":"7655d9c","error":"\"knativebrokerttl\" not found"}
{"level":"info","ts":"2019-12-03T21:04:45.468Z","logger":"broker_ingress","caller":"ingress/ingress_handler.go:120","msg":"Error retrieving TTL, defaulting.","commit":"7655d9c","error":"\"knativebrokerttl\" not found"}
{"level":"info","ts":"2019-12-03T21:04:45.469Z","logger":"broker_ingress","caller":"ingress/ingress_handler.go:120","msg":"Error retrieving TTL, defaulting.","commit":"7655d9c","error":"\"knativebrokerttl\" not found"}
{"level":"info","ts":"2019-12-03T21:04:45.471Z","logger":"broker_ingress","caller":"ingress/ingress_handler.go:120","msg":"Error retrieving TTL, defaulting.","commit":"7655d9c","error":"\"knativebrokerttl\" not found"}
{"level":"info","ts":"2019-12-03T21:04:45.472Z","logger":"broker_ingress","caller":"ingress/ingress_handler.go:120","msg":"Error retrieving TTL, defaulting.","commit":"7655d9c","error":"\"knativebrokerttl\" not found"}
{"level":"info","ts":"2019-12-03T21:04:45.472Z","logger":"broker_ingress","caller":"ingress/ingress_handler.go:120","msg":"Error retrieving TTL, defaulting.","commit":"7655d9c","error":"\"knativebrokerttl\" not found"}
{"level":"info","ts":"2019-12-03T21:04:45.476Z","logger":"broker_ingress","caller":"ingress/ingress_handler.go:120","msg":"Error retrieving TTL, defaulting.","commit":"7655d9c","error":"\"knativebrokerttl\" not found"}
{"level":"info","ts":"2019-12-03T21:04:45.476Z","logger":"broker_ingress","caller":"ingress/ingress_handler.go:120","msg":"Error retrieving TTL, defaulting.","commit":"7655d9c","error":"\"knativebrokerttl\" not found"}
{"level":"info","ts":"2019-12-03T21:04:45.479Z","logger":"broker_ingress","caller":"ingress/ingress_handler.go:120","msg":"Error retrieving TTL, defaulting.","commit":"7655d9c","error":"\"knativebrokerttl\" not found"}
{"level":"info","ts":"2019-12-03T21:04:45.479Z","logger":"broker_ingress","caller":"ingress/ingress_handler.go:120","msg":"Error retrieving TTL, defaulting.","commit":"7655d9c","error":"\"knativebrokerttl\" not found"}
{"level":"info","ts":"2019-12-03T21:04:45.479Z","logger":"broker_ingress","caller":"ingress/ingress_handler.go:120","msg":"Error retrieving TTL, defaulting.","commit":"7655d9c","error":"\"knativebrokerttl\" not found"}
{"level":"info","ts":"2019-12-03T21:04:45.480Z","logger":"broker_ingress","caller":"ingress/ingress_handler.go:120","msg":"Error retrieving TTL, defaulting.","commit":"7655d9c","error":"\"knativebrokerttl\" not found"}
{"level":"info","ts":"2019-12-03T21:04:45.483Z","logger":"broker_ingress","caller":"ingress/ingress_handler.go:120","msg":"Error retrieving TTL, defaulting.","commit":"7655d9c","error":"\"knativebrokerttl\" not found"}
{"level":"info","ts":"2019-12-03T21:04:45.484Z","logger":"broker_ingress","caller":"ingress/ingress_handler.go:120","msg":"Error retrieving TTL, defaulting.","commit":"7655d9c","error":"\"knativebrokerttl\" not found"}
{"level":"info","ts":"2019-12-03T21:04:45.481Z","logger":"broker_ingress","caller":"ingress/ingress_handler.go:120","msg":"Error retrieving TTL, defaulting.","commit":"7655d9c","error":"\"knativebrokerttl\" not found"}
{"level":"info","ts":"2019-12-03T21:04:45.488Z","logger":"broker_ingress","caller":"ingress/ingress_handler.go:120","msg":"Error retrieving TTL, defaulting.","commit":"7655d9c","error":"\"knativebrokerttl\" not found"}
{"level":"info","ts":"2019-12-03T21:04:45.489Z","logger":"broker_ingress","caller":"ingress/ingress_handler.go:120","msg":"Error retrieving TTL, defaulting.","commit":"7655d9c","error":"\"knativebrokerttl\" not found"}
{"level":"info","ts":"2019-12-03T21:04:45.490Z","logger":"broker_ingress","caller":"ingress/ingress_handler.go:120","msg":"Error retrieving TTL, defaulting.","commit":"7655d9c","error":"\"knativebrokerttl\" not found"}
{"level":"info","ts":"2019-12-03T21:04:45.493Z","logger":"broker_ingress","caller":"ingress/ingress_handler.go:120","msg":"Error retrieving TTL, defaulting.","commit":"7655d9c","error":"\"knativebrokerttl\" not found"}
{"level":"info","ts":"2019-12-03T21:04:45.493Z","logger":"broker_ingress","caller":"ingress/ingress_handler.go:120","msg":"Error retrieving TTL, defaulting.","commit":"7655d9c","error":"\"knativebrokerttl\" not found"}
{"level":"info","ts":"2019-12-03T21:04:45.495Z","logger":"broker_ingress","caller":"ingress/ingress_handler.go:120","msg":"Error retrieving TTL, defaulting.","commit":"7655d9c","error":"\"knativebrokerttl\" not found"}
{"level":"info","ts":"2019-12-03T21:04:45.499Z","logger":"broker_ingress","caller":"ingress/ingress_handler.go:120","msg":"Error retrieving TTL, defaulting.","commit":"7655d9c","error":"\"knativebrokerttl\" not found"}
{"level":"info","ts":"2019-12-03T21:04:45.500Z","logger":"broker_ingress","caller":"ingress/ingress_handler.go:120","msg":"Error retrieving TTL, defaulting.","commit":"7655d9c","error":"\"knativebrokerttl\" not found"}
{"level":"info","ts":"2019-12-03T21:04:45.501Z","logger":"broker_ingress","caller":"ingress/ingress_handler.go:120","msg":"Error retrieving TTL, defaulting.","commit":"7655d9c","error":"\"knativebrokerttl\" not found"}
{"level":"info","ts":"2019-12-03T21:04:45.502Z","logger":"broker_ingress","caller":"ingress/ingress_handler.go:120","msg":"Error retrieving TTL, defaulting.","commit":"7655d9c","error":"\"knativebrokerttl\" not found"}
{"level":"info","ts":"2019-12-03T21:04:45.503Z","logger":"broker_ingress","caller":"ingress/ingress_handler.go:120","msg":"Error retrieving TTL, defaulting.","commit":"7655d9c","error":"\"knativebrokerttl\" not found"}
{"level":"info","ts":"2019-12-03T21:04:45.503Z","logger":"broker_ingress","caller":"ingress/ingress_handler.go:120","msg":"Error retrieving TTL, defaulting.","commit":"7655d9c","error":"\"knativebrokerttl\" not found"}
{"level":"info","ts":"2019-12-03T21:04:45.506Z","logger":"broker_ingress","caller":"ingress/ingress_handler.go:120","msg":"Error retrieving TTL, defaulting.","commit":"7655d9c","error":"\"knativebrokerttl\" not found"}
{"level":"info","ts":"2019-12-03T21:04:45.506Z","logger":"broker_ingress","caller":"ingress/ingress_handler.go:120","msg":"Error retrieving TTL, defaulting.","commit":"7655d9c","error":"\"knativebrokerttl\" not found"}
{"level":"info","ts":"2019-12-03T21:04:45.507Z","logger":"broker_ingress","caller":"ingress/ingress_handler.go:120","msg":"Error retrieving TTL, defaulting.","commit":"7655d9c","error":"\"knativebrokerttl\" not found"}
{"level":"info","ts":"2019-12-03T21:04:45.510Z","logger":"broker_ingress","caller":"ingress/ingress_handler.go:120","msg":"Error retrieving TTL, defaulting.","commit":"7655d9c","error":"\"knativebrokerttl\" not found"}
{"level":"info","ts":"2019-12-03T21:04:45.511Z","logger":"broker_ingress","caller":"ingress/ingress_handler.go:120","msg":"Error retrieving TTL, defaulting.","commit":"7655d9c","error":"\"knativebrokerttl\" not found"}
{"level":"info","ts":"2019-12-03T21:04:45.512Z","logger":"broker_ingress","caller":"ingress/ingress_handler.go:120","msg":"Error retrieving TTL, defaulting.","commit":"7655d9c","error":"\"knativebrokerttl\" not found"}
{"level":"info","ts":"2019-12-03T21:04:45.513Z","logger":"broker_ingress","caller":"ingress/ingress_handler.go:120","msg":"Error retrieving TTL, defaulting.","commit":"7655d9c","error":"\"knativebrokerttl\" not found"}
{"level":"info","ts":"2019-12-03T21:04:45.515Z","logger":"broker_ingress","caller":"ingress/ingress_handler.go:120","msg":"Error retrieving TTL, defaulting.","commit":"7655d9c","error":"\"knativebrokerttl\" not found"}
{"level":"info","ts":"2019-12-03T21:04:45.515Z","logger":"broker_ingress","caller":"ingress/ingress_handler.go:120","msg":"Error retrieving TTL, defaulting.","commit":"7655d9c","error":"\"knativebrokerttl\" not found"}
{"level":"info","ts":"2019-12-03T21:04:45.517Z","logger":"broker_ingress","caller":"ingress/ingress_handler.go:120","msg":"Error retrieving TTL, defaulting.","commit":"7655d9c","error":"\"knativebrokerttl\" not found"}
{"level":"info","ts":"2019-12-03T21:04:45.518Z","logger":"broker_ingress","caller":"ingress/ingress_handler.go:120","msg":"Error retrieving TTL, defaulting.","commit":"7655d9c","error":"\"knativebrokerttl\" not found"}
{"level":"info","ts":"2019-12-03T21:04:45.518Z","logger":"broker_ingress","caller":"ingress/ingress_handler.go:120","msg":"Error retrieving TTL, defaulting.","commit":"7655d9c","error":"\"knativebrokerttl\" not found"}
{"level":"info","ts":"2019-12-03T21:04:45.519Z","logger":"broker_ingress","caller":"ingress/ingress_handler.go:120","msg":"Error retrieving TTL, defaulting.","commit":"7655d9c","error":"\"knativebrokerttl\" not found"}
{"level":"info","ts":"2019-12-03T21:04:45.522Z","logger":"broker_ingress","caller":"ingress/ingress_handler.go:120","msg":"Error retrieving TTL, defaulting.","commit":"7655d9c","error":"\"knativebrokerttl\" not found"}
{"level":"info","ts":"2019-12-03T21:04:45.523Z","logger":"broker_ingress","caller":"ingress/ingress_handler.go:120","msg":"Error retrieving TTL, defaulting.","commit":"7655d9c","error":"\"knativebrokerttl\" not found"}
{"level":"info","ts":"2019-12-03T21:04:45.525Z","logger":"broker_ingress","caller":"ingress/ingress_handler.go:120","msg":"Error retrieving TTL, defaulting.","commit":"7655d9c","error":"\"knativebrokerttl\" not found"}
{"level":"info","ts":"2019-12-03T21:04:45.526Z","logger":"broker_ingress","caller":"ingress/ingress_handler.go:120","msg":"Error retrieving TTL, defaulting.","commit":"7655d9c","error":"\"knativebrokerttl\" not found"}
{"level":"info","ts":"2019-12-03T21:04:45.529Z","logger":"broker_ingress","caller":"ingress/ingress_handler.go:120","msg":"Error retrieving TTL, defaulting.","commit":"7655d9c","error":"\"knativebrokerttl\" not found"}
{"level":"info","ts":"2019-12-03T21:04:45.529Z","logger":"broker_ingress","caller":"ingress/ingress_handler.go:120","msg":"Error retrieving TTL, defaulting.","commit":"7655d9c","error":"\"knativebrokerttl\" not found"}
{"level":"info","ts":"2019-12-03T21:04:45.530Z","logger":"broker_ingress","caller":"ingress/ingress_handler.go:120","msg":"Error retrieving TTL, defaulting.","commit":"7655d9c","error":"\"knativebrokerttl\" not found"}
{"level":"info","ts":"2019-12-03T21:04:45.531Z","logger":"broker_ingress","caller":"ingress/ingress_handler.go:120","msg":"Error retrieving TTL, defaulting.","commit":"7655d9c","error":"\"knativebrokerttl\" not found"}
{"level":"info","ts":"2019-12-03T21:04:45.533Z","logger":"broker_ingress","caller":"ingress/ingress_handler.go:120","msg":"Error retrieving TTL, defaulting.","commit":"7655d9c","error":"\"knativebrokerttl\" not found"}
{"level":"info","ts":"2019-12-03T21:04:45.534Z","logger":"broker_ingress","caller":"ingress/ingress_handler.go:120","msg":"Error retrieving TTL, defaulting.","commit":"7655d9c","error":"\"knativebrokerttl\" not found"}
{"level":"info","ts":"2019-12-03T21:04:45.534Z","logger":"broker_ingress","caller":"ingress/ingress_handler.go:120","msg":"Error retrieving TTL, defaulting.","commit":"7655d9c","error":"\"knativebrokerttl\" not found"}
{"level":"info","ts":"2019-12-03T21:04:45.535Z","logger":"broker_ingress","caller":"ingress/ingress_handler.go:120","msg":"Error retrieving TTL, defaulting.","commit":"7655d9c","error":"\"knativebrokerttl\" not found"}
{"level":"info","ts":"2019-12-03T21:04:45.535Z","logger":"broker_ingress","caller":"ingress/ingress_handler.go:120","msg":"Error retrieving TTL, defaulting.","commit":"7655d9c","error":"\"knativebrokerttl\" not found"}
{"level":"info","ts":"2019-12-03T21:04:45.535Z","logger":"broker_ingress","caller":"ingress/ingress_handler.go:120","msg":"Error retrieving TTL, defaulting.","commit":"7655d9c","error":"\"knativebrokerttl\" not found"}
{"level":"info","ts":"2019-12-03T21:04:45.535Z","logger":"broker_ingress","caller":"ingress/ingress_handler.go:120","msg":"Error retrieving TTL, defaulting.","commit":"7655d9c","error":"\"knativebrokerttl\" not found"}
{"level":"info","ts":"2019-12-03T21:04:45.535Z","logger":"broker_ingress","caller":"ingress/ingress_handler.go:120","msg":"Error retrieving TTL, defaulting.","commit":"7655d9c","error":"\"knativebrokerttl\" not found"}
{"level":"info","ts":"2019-12-03T21:04:45.535Z","logger":"broker_ingress","caller":"ingress/ingress_handler.go:120","msg":"Error retrieving TTL, defaulting.","commit":"7655d9c","error":"\"knativebrokerttl\" not found"}
{"level":"info","ts":"2019-12-03T21:04:45.536Z","logger":"broker_ingress","caller":"ingress/ingress_handler.go:120","msg":"Error retrieving TTL, defaulting.","commit":"7655d9c","error":"\"knativebrokerttl\" not found"}
{"level":"info","ts":"2019-12-03T21:04:45.536Z","logger":"broker_ingress","caller":"ingress/ingress_handler.go:120","msg":"Error retrieving TTL, defaulting.","commit":"7655d9c","error":"\"knativebrokerttl\" not found"}
{"level":"info","ts":"2019-12-03T21:04:45.536Z","logger":"broker_ingress","caller":"ingress/ingress_handler.go:120","msg":"Error retrieving TTL, defaulting.","commit":"7655d9c","error":"\"knativebrokerttl\" not found"}
{"level":"info","ts":"2019-12-03T21:04:45.536Z","logger":"broker_ingress","caller":"ingress/ingress_handler.go:120","msg":"Error retrieving TTL, defaulting.","commit":"7655d9c","error":"\"knativebrokerttl\" not found"}
{"level":"info","ts":"2019-12-03T21:04:45.536Z","logger":"broker_ingress","caller":"ingress/ingress_handler.go:120","msg":"Error retrieving TTL, defaulting.","commit":"7655d9c","error":"\"knativebrokerttl\" not found"}
{"level":"info","ts":"2019-12-03T21:04:45.537Z","logger":"broker_ingress","caller":"ingress/ingress_handler.go:120","msg":"Error retrieving TTL, defaulting.","commit":"7655d9c","error":"\"knativebrokerttl\" not found"}
{"level":"info","ts":"2019-12-03T21:04:45.537Z","logger":"broker_ingress","caller":"ingress/ingress_handler.go:120","msg":"Error retrieving TTL, defaulting.","commit":"7655d9c","error":"\"knativebrokerttl\" not found"}
{"level":"info","ts":"2019-12-03T21:04:45.539Z","logger":"broker_ingress","caller":"ingress/ingress_handler.go:120","msg":"Error retrieving TTL, defaulting.","commit":"7655d9c","error":"\"knativebrokerttl\" not found"}
{"level":"info","ts":"2019-12-03T21:04:45.540Z","logger":"broker_ingress","caller":"ingress/ingress_handler.go:120","msg":"Error retrieving TTL, defaulting.","commit":"7655d9c","error":"\"knativebrokerttl\" not found"}
{"level":"info","ts":"2019-12-03T21:04:45.543Z","logger":"broker_ingress","caller":"ingress/ingress_handler.go:120","msg":"Error retrieving TTL, defaulting.","commit":"7655d9c","error":"\"knativebrokerttl\" not found"}
{"level":"info","ts":"2019-12-03T21:04:45.550Z","logger":"broker_ingress","caller":"ingress/ingress_handler.go:120","msg":"Error retrieving TTL, defaulting.","commit":"7655d9c","error":"\"knativebrokerttl\" not found"}
{"level":"info","ts":"2019-12-03T21:04:45.551Z","logger":"broker_ingress","caller":"ingress/ingress_handler.go:120","msg":"Error retrieving TTL, defaulting.","commit":"7655d9c","error":"\"knativebrokerttl\" not found"}
{"level":"info","ts":"2019-12-03T21:04:45.552Z","logger":"broker_ingress","caller":"ingress/ingress_handler.go:120","msg":"Error retrieving TTL, defaulting.","commit":"7655d9c","error":"\"knativebrokerttl\" not found"}
{"level":"info","ts":"2019-12-03T21:04:45.552Z","logger":"broker_ingress","caller":"ingress/ingress_handler.go:120","msg":"Error retrieving TTL, defaulting.","commit":"7655d9c","error":"\"knativebrokerttl\" not found"}
{"level":"info","ts":"2019-12-03T21:04:45.553Z","logger":"broker_ingress","caller":"ingress/ingress_handler.go:120","msg":"Error retrieving TTL, defaulting.","commit":"7655d9c","error":"\"knativebrokerttl\" not found"}
{"level":"info","ts":"2019-12-03T21:04:45.553Z","logger":"broker_ingress","caller":"ingress/ingress_handler.go:120","msg":"Error retrieving TTL, defaulting.","commit":"7655d9c","error":"\"knativebrokerttl\" not found"}
{"level":"info","ts":"2019-12-03T21:04:45.553Z","logger":"broker_ingress","caller":"ingress/ingress_handler.go:120","msg":"Error retrieving TTL, defaulting.","commit":"7655d9c","error":"\"knativebrokerttl\" not found"}
{"level":"info","ts":"2019-12-03T21:04:45.553Z","logger":"broker_ingress","caller":"ingress/ingress_handler.go:120","msg":"Error retrieving TTL, defaulting.","commit":"7655d9c","error":"\"knativebrokerttl\" not found"}
{"level":"info","ts":"2019-12-03T21:04:45.553Z","logger":"broker_ingress","caller":"ingress/ingress_handler.go:120","msg":"Error retrieving TTL, defaulting.","commit":"7655d9c","error":"\"knativebrokerttl\" not found"}
{"level":"info","ts":"2019-12-03T21:04:45.554Z","logger":"broker_ingress","caller":"ingress/ingress_handler.go:120","msg":"Error retrieving TTL, defaulting.","commit":"7655d9c","error":"\"knativebrokerttl\" not found"}
{"level":"info","ts":"2019-12-03T21:04:45.548Z","logger":"broker_ingress","caller":"ingress/ingress_handler.go:120","msg":"Error retrieving TTL, defaulting.","commit":"7655d9c","error":"\"knativebrokerttl\" not found"}
{"level":"info","ts":"2019-12-03T21:04:45.554Z","logger":"broker_ingress","caller":"ingress/ingress_handler.go:120","msg":"Error retrieving TTL, defaulting.","commit":"7655d9c","error":"\"knativebrokerttl\" not found"}
{"level":"info","ts":"2019-12-03T21:04:45.555Z","logger":"broker_ingress","caller":"ingress/ingress_handler.go:120","msg":"Error retrieving TTL, defaulting.","commit":"7655d9c","error":"\"knativebrokerttl\" not found"}
{"level":"info","ts":"2019-12-03T21:04:45.555Z","logger":"broker_ingress","caller":"ingress/ingress_handler.go:120","msg":"Error retrieving TTL, defaulting.","commit":"7655d9c","error":"\"knativebrokerttl\" not found"}
{"level":"info","ts":"2019-12-03T21:04:45.551Z","logger":"broker_ingress","caller":"ingress/ingress_handler.go:120","msg":"Error retrieving TTL, defaulting.","commit":"7655d9c","error":"\"knativebrokerttl\" not found"}
{"level":"info","ts":"2019-12-03T21:04:45.555Z","logger":"broker_ingress","caller":"ingress/ingress_handler.go:120","msg":"Error retrieving TTL, defaulting.","commit":"7655d9c","error":"\"knativebrokerttl\" not found"}
{"level":"info","ts":"2019-12-03T21:04:45.551Z","logger":"broker_ingress","caller":"ingress/ingress_handler.go:120","msg":"Error retrieving TTL, defaulting.","commit":"7655d9c","error":"\"knativebrokerttl\" not found"}
{"level":"info","ts":"2019-12-03T21:04:45.555Z","logger":"broker_ingress","caller":"ingress/ingress_handler.go:120","msg":"Error retrieving TTL, defaulting.","commit":"7655d9c","error":"\"knativebrokerttl\" not found"}
{"level":"info","ts":"2019-12-03T21:04:45.556Z","logger":"broker_ingress","caller":"ingress/ingress_handler.go:120","msg":"Error retrieving TTL, defaulting.","commit":"7655d9c","error":"\"knativebrokerttl\" not found"}
{"level":"info","ts":"2019-12-03T21:04:45.556Z","logger":"broker_ingress","caller":"ingress/ingress_handler.go:120","msg":"Error retrieving TTL, defaulting.","commit":"7655d9c","error":"\"knativebrokerttl\" not found"}
{"level":"info","ts":"2019-12-03T21:04:45.556Z","logger":"broker_ingress","caller":"ingress/ingress_handler.go:120","msg":"Error retrieving TTL, defaulting.","commit":"7655d9c","error":"\"knativebrokerttl\" not found"}
{"level":"info","ts":"2019-12-03T21:04:45.556Z","logger":"broker_ingress","caller":"ingress/ingress_handler.go:120","msg":"Error retrieving TTL, defaulting.","commit":"7655d9c","error":"\"knativebrokerttl\" not found"}
{"level":"info","ts":"2019-12-03T21:04:45.556Z","logger":"broker_ingress","caller":"ingress/ingress_handler.go:120","msg":"Error retrieving TTL, defaulting.","commit":"7655d9c","error":"\"knativebrokerttl\" not found"}
{"level":"info","ts":"2019-12-03T21:04:45.556Z","logger":"broker_ingress","caller":"ingress/ingress_handler.go:120","msg":"Error retrieving TTL, defaulting.","commit":"7655d9c","error":"\"knativebrokerttl\" not found"}
{"level":"info","ts":"2019-12-03T21:04:45.556Z","logger":"broker_ingress","caller":"ingress/ingress_handler.go:120","msg":"Error retrieving TTL, defaulting.","commit":"7655d9c","error":"\"knativebrokerttl\" not found"}
{"level":"info","ts":"2019-12-03T21:04:45.556Z","logger":"broker_ingress","caller":"ingress/ingress_handler.go:120","msg":"Error retrieving TTL, defaulting.","commit":"7655d9c","error":"\"knativebrokerttl\" not found"}
{"level":"info","ts":"2019-12-03T21:04:45.556Z","logger":"broker_ingress","caller":"ingress/ingress_handler.go:120","msg":"Error retrieving TTL, defaulting.","commit":"7655d9c","error":"\"knativebrokerttl\" not found"}
{"level":"info","ts":"2019-12-03T21:04:45.556Z","logger":"broker_ingress","caller":"ingress/ingress_handler.go:120","msg":"Error retrieving TTL, defaulting.","commit":"7655d9c","error":"\"knativebrokerttl\" not found"}
{"level":"info","ts":"2019-12-03T21:04:45.556Z","logger":"broker_ingress","caller":"ingress/ingress_handler.go:120","msg":"Error retrieving TTL, defaulting.","commit":"7655d9c","error":"\"knativebrokerttl\" not found"}
{"level":"info","ts":"2019-12-03T21:04:45.557Z","logger":"broker_ingress","caller":"ingress/ingress_handler.go:120","msg":"Error retrieving TTL, defaulting.","commit":"7655d9c","error":"\"knativebrokerttl\" not found"}
{"level":"info","ts":"2019-12-03T21:04:45.557Z","logger":"broker_ingress","caller":"ingress/ingress_handler.go:120","msg":"Error retrieving TTL, defaulting.","commit":"7655d9c","error":"\"knativebrokerttl\" not found"}
{"level":"info","ts":"2019-12-03T21:04:45.558Z","logger":"broker_ingress","caller":"ingress/ingress_handler.go:120","msg":"Error retrieving TTL, defaulting.","commit":"7655d9c","error":"\"knativebrokerttl\" not found"}
{"level":"info","ts":"2019-12-03T21:04:45.558Z","logger":"broker_ingress","caller":"ingress/ingress_handler.go:120","msg":"Error retrieving TTL, defaulting.","commit":"7655d9c","error":"\"knativebrokerttl\" not found"}
{"level":"info","ts":"2019-12-03T21:04:45.558Z","logger":"broker_ingress","caller":"ingress/ingress_handler.go:120","msg":"Error retrieving TTL, defaulting.","commit":"7655d9c","error":"\"knativebrokerttl\" not found"}
{"level":"info","ts":"2019-12-03T21:04:45.558Z","logger":"broker_ingress","caller":"ingress/ingress_handler.go:120","msg":"Error retrieving TTL, defaulting.","commit":"7655d9c","error":"\"knativebrokerttl\" not found"}
{"level":"info","ts":"2019-12-03T21:04:45.558Z","logger":"broker_ingress","caller":"ingress/ingress_handler.go:120","msg":"Error retrieving TTL, defaulting.","commit":"7655d9c","error":"\"knativebrokerttl\" not found"}
{"level":"info","ts":"2019-12-03T21:04:45.558Z","logger":"broker_ingress","caller":"ingress/ingress_handler.go:120","msg":"Error retrieving TTL, defaulting.","commit":"7655d9c","error":"\"knativebrokerttl\" not found"}
{"level":"info","ts":"2019-12-03T21:04:45.558Z","logger":"broker_ingress","caller":"ingress/ingress_handler.go:120","msg":"Error retrieving TTL, defaulting.","commit":"7655d9c","error":"\"knativebrokerttl\" not found"}
{"level":"info","ts":"2019-12-03T21:04:45.558Z","logger":"broker_ingress","caller":"ingress/ingress_handler.go:120","msg":"Error retrieving TTL, defaulting.","commit":"7655d9c","error":"\"knativebrokerttl\" not found"}
{"level":"info","ts":"2019-12-03T21:04:45.559Z","logger":"broker_ingress","caller":"ingress/ingress_handler.go:120","msg":"Error retrieving TTL, defaulting.","commit":"7655d9c","error":"\"knativebrokerttl\" not found"}
{"level":"info","ts":"2019-12-03T21:04:45.559Z","logger":"broker_ingress","caller":"ingress/ingress_handler.go:120","msg":"Error retrieving TTL, defaulting.","commit":"7655d9c","error":"\"knativebrokerttl\" not found"}
{"level":"info","ts":"2019-12-03T21:04:45.559Z","logger":"broker_ingress","caller":"ingress/ingress_handler.go:120","msg":"Error retrieving TTL, defaulting.","commit":"7655d9c","error":"\"knativebrokerttl\" not found"}
{"level":"info","ts":"2019-12-03T21:04:45.559Z","logger":"broker_ingress","caller":"ingress/ingress_handler.go:120","msg":"Error retrieving TTL, defaulting.","commit":"7655d9c","error":"\"knativebrokerttl\" not found"}
{"level":"info","ts":"2019-12-03T21:04:45.560Z","logger":"broker_ingress","caller":"ingress/ingress_handler.go:120","msg":"Error retrieving TTL, defaulting.","commit":"7655d9c","error":"\"knativebrokerttl\" not found"}
{"level":"info","ts":"2019-12-03T21:04:45.560Z","logger":"broker_ingress","caller":"ingress/ingress_handler.go:120","msg":"Error retrieving TTL, defaulting.","commit":"7655d9c","error":"\"knativebrokerttl\" not found"}
{"level":"info","ts":"2019-12-03T21:04:45.560Z","logger":"broker_ingress","caller":"ingress/ingress_handler.go:120","msg":"Error retrieving TTL, defaulting.","commit":"7655d9c","error":"\"knativebrokerttl\" not found"}
{"level":"info","ts":"2019-12-03T21:04:45.562Z","logger":"broker_ingress","caller":"ingress/ingress_handler.go:120","msg":"Error retrieving TTL, defaulting.","commit":"7655d9c","error":"\"knativebrokerttl\" not found"}
{"level":"info","ts":"2019-12-03T21:04:45.565Z","logger":"broker_ingress","caller":"ingress/ingress_handler.go:120","msg":"Error retrieving TTL, defaulting.","commit":"7655d9c","error":"\"knativebrokerttl\" not found"}
{"level":"info","ts":"2019-12-03T21:04:45.565Z","logger":"broker_ingress","caller":"ingress/ingress_handler.go:120","msg":"Error retrieving TTL, defaulting.","commit":"7655d9c","error":"\"knativebrokerttl\" not found"}
{"level":"info","ts":"2019-12-03T21:04:45.565Z","logger":"broker_ingress","caller":"ingress/ingress_handler.go:120","msg":"Error retrieving TTL, defaulting.","commit":"7655d9c","error":"\"knativebrokerttl\" not found"}
{"level":"info","ts":"2019-12-03T21:04:45.566Z","logger":"broker_ingress","caller":"ingress/ingress_handler.go:120","msg":"Error retrieving TTL, defaulting.","commit":"7655d9c","error":"\"knativebrokerttl\" not found"}
{"level":"info","ts":"2019-12-03T21:04:45.566Z","logger":"broker_ingress","caller":"ingress/ingress_handler.go:120","msg":"Error retrieving TTL, defaulting.","commit":"7655d9c","error":"\"knativebrokerttl\" not found"}
{"level":"info","ts":"2019-12-03T21:04:45.567Z","logger":"broker_ingress","caller":"ingress/ingress_handler.go:120","msg":"Error retrieving TTL, defaulting.","commit":"7655d9c","error":"\"knativebrokerttl\" not found"}
{"level":"info","ts":"2019-12-03T21:04:45.567Z","logger":"broker_ingress","caller":"ingress/ingress_handler.go:120","msg":"Error retrieving TTL, defaulting.","commit":"7655d9c","error":"\"knativebrokerttl\" not found"}
{"level":"info","ts":"2019-12-03T21:04:45.567Z","logger":"broker_ingress","caller":"ingress/ingress_handler.go:120","msg":"Error retrieving TTL, defaulting.","commit":"7655d9c","error":"\"knativebrokerttl\" not found"}
{"level":"info","ts":"2019-12-03T21:04:45.567Z","logger":"broker_ingress","caller":"ingress/ingress_handler.go:120","msg":"Error retrieving TTL, defaulting.","commit":"7655d9c","error":"\"knativebrokerttl\" not found"}
{"level":"info","ts":"2019-12-03T21:04:45.567Z","logger":"broker_ingress","caller":"ingress/ingress_handler.go:120","msg":"Error retrieving TTL, defaulting.","commit":"7655d9c","error":"\"knativebrokerttl\" not found"}
{"level":"info","ts":"2019-12-03T21:04:45.567Z","logger":"broker_ingress","caller":"ingress/ingress_handler.go:120","msg":"Error retrieving TTL, defaulting.","commit":"7655d9c","error":"\"knativebrokerttl\" not found"}
{"level":"info","ts":"2019-12-03T21:04:45.567Z","logger":"broker_ingress","caller":"ingress/ingress_handler.go:120","msg":"Error retrieving TTL, defaulting.","commit":"7655d9c","error":"\"knativebrokerttl\" not found"}
{"level":"info","ts":"2019-12-03T21:04:45.567Z","logger":"broker_ingress","caller":"ingress/ingress_handler.go:120","msg":"Error retrieving TTL, defaulting.","commit":"7655d9c","error":"\"knativebrokerttl\" not found"}
{"level":"info","ts":"2019-12-03T21:04:45.568Z","logger":"broker_ingress","caller":"ingress/ingress_handler.go:120","msg":"Error retrieving TTL, defaulting.","commit":"7655d9c","error":"\"knativebrokerttl\" not found"}
{"level":"info","ts":"2019-12-03T21:04:45.568Z","logger":"broker_ingress","caller":"ingress/ingress_handler.go:120","msg":"Error retrieving TTL, defaulting.","commit":"7655d9c","error":"\"knativebrokerttl\" not found"}
{"level":"info","ts":"2019-12-03T21:04:45.568Z","logger":"broker_ingress","caller":"ingress/ingress_handler.go:120","msg":"Error retrieving TTL, defaulting.","commit":"7655d9c","error":"\"knativebrokerttl\" not found"}
{"level":"info","ts":"2019-12-03T21:04:45.568Z","logger":"broker_ingress","caller":"ingress/ingress_handler.go:120","msg":"Error retrieving TTL, defaulting.","commit":"7655d9c","error":"\"knativebrokerttl\" not found"}
{"level":"info","ts":"2019-12-03T21:04:45.568Z","logger":"broker_ingress","caller":"ingress/ingress_handler.go:120","msg":"Error retrieving TTL, defaulting.","commit":"7655d9c","error":"\"knativebrokerttl\" not found"}
{"level":"info","ts":"2019-12-03T21:04:45.568Z","logger":"broker_ingress","caller":"ingress/ingress_handler.go:120","msg":"Error retrieving TTL, defaulting.","commit":"7655d9c","error":"\"knativebrokerttl\" not found"}
{"level":"info","ts":"2019-12-03T21:04:45.569Z","logger":"broker_ingress","caller":"ingress/ingress_handler.go:120","msg":"Error retrieving TTL, defaulting.","commit":"7655d9c","error":"\"knativebrokerttl\" not found"}
{"level":"info","ts":"2019-12-03T21:04:45.569Z","logger":"broker_ingress","caller":"ingress/ingress_handler.go:120","msg":"Error retrieving TTL, defaulting.","commit":"7655d9c","error":"\"knativebrokerttl\" not found"}
{"level":"info","ts":"2019-12-03T21:04:45.569Z","logger":"broker_ingress","caller":"ingress/ingress_handler.go:120","msg":"Error retrieving TTL, defaulting.","commit":"7655d9c","error":"\"knativebrokerttl\" not found"}
{"level":"info","ts":"2019-12-03T21:04:45.569Z","logger":"broker_ingress","caller":"ingress/ingress_handler.go:120","msg":"Error retrieving TTL, defaulting.","commit":"7655d9c","error":"\"knativebrokerttl\" not found"}
{"level":"info","ts":"2019-12-03T21:04:45.569Z","logger":"broker_ingress","caller":"ingress/ingress_handler.go:120","msg":"Error retrieving TTL, defaulting.","commit":"7655d9c","error":"\"knativebrokerttl\" not found"}
{"level":"info","ts":"2019-12-03T21:04:45.569Z","logger":"broker_ingress","caller":"ingress/ingress_handler.go:120","msg":"Error retrieving TTL, defaulting.","commit":"7655d9c","error":"\"knativebrokerttl\" not found"}
{"level":"info","ts":"2019-12-03T21:04:45.569Z","logger":"broker_ingress","caller":"ingress/ingress_handler.go:120","msg":"Error retrieving TTL, defaulting.","commit":"7655d9c","error":"\"knativebrokerttl\" not found"}
{"level":"info","ts":"2019-12-03T21:04:45.569Z","logger":"broker_ingress","caller":"ingress/ingress_handler.go:120","msg":"Error retrieving TTL, defaulting.","commit":"7655d9c","error":"\"knativebrokerttl\" not found"}
{"level":"info","ts":"2019-12-03T21:04:45.570Z","logger":"broker_ingress","caller":"ingress/ingress_handler.go:120","msg":"Error retrieving TTL, defaulting.","commit":"7655d9c","error":"\"knativebrokerttl\" not found"}
{"level":"info","ts":"2019-12-03T21:04:45.570Z","logger":"broker_ingress","caller":"ingress/ingress_handler.go:120","msg":"Error retrieving TTL, defaulting.","commit":"7655d9c","error":"\"knativebrokerttl\" not found"}
{"level":"info","ts":"2019-12-03T21:04:45.570Z","logger":"broker_ingress","caller":"ingress/ingress_handler.go:120","msg":"Error retrieving TTL, defaulting.","commit":"7655d9c","error":"\"knativebrokerttl\" not found"}
{"level":"info","ts":"2019-12-03T21:04:45.570Z","logger":"broker_ingress","caller":"ingress/ingress_handler.go:120","msg":"Error retrieving TTL, defaulting.","commit":"7655d9c","error":"\"knativebrokerttl\" not found"}
{"level":"info","ts":"2019-12-03T21:04:45.570Z","logger":"broker_ingress","caller":"ingress/ingress_handler.go:120","msg":"Error retrieving TTL, defaulting.","commit":"7655d9c","error":"\"knativebrokerttl\" not found"}
{"level":"info","ts":"2019-12-03T21:04:45.570Z","logger":"broker_ingress","caller":"ingress/ingress_handler.go:120","msg":"Error retrieving TTL, defaulting.","commit":"7655d9c","error":"\"knativebrokerttl\" not found"}
{"level":"info","ts":"2019-12-03T21:04:45.570Z","logger":"broker_ingress","caller":"ingress/ingress_handler.go:120","msg":"Error retrieving TTL, defaulting.","commit":"7655d9c","error":"\"knativebrokerttl\" not found"}
{"level":"info","ts":"2019-12-03T21:04:45.570Z","logger":"broker_ingress","caller":"ingress/ingress_handler.go:120","msg":"Error retrieving TTL, defaulting.","commit":"7655d9c","error":"\"knativebrokerttl\" not found"}
{"level":"info","ts":"2019-12-03T21:04:45.570Z","logger":"broker_ingress","caller":"ingress/ingress_handler.go:120","msg":"Error retrieving TTL, defaulting.","commit":"7655d9c","error":"\"knativebrokerttl\" not found"}
{"level":"info","ts":"2019-12-03T21:04:45.571Z","logger":"broker_ingress","caller":"ingress/ingress_handler.go:120","msg":"Error retrieving TTL, defaulting.","commit":"7655d9c","error":"\"knativebrokerttl\" not found"}
{"level":"info","ts":"2019-12-03T21:04:45.571Z","logger":"broker_ingress","caller":"ingress/ingress_handler.go:120","msg":"Error retrieving TTL, defaulting.","commit":"7655d9c","error":"\"knativebrokerttl\" not found"}
{"level":"info","ts":"2019-12-03T21:04:45.571Z","logger":"broker_ingress","caller":"ingress/ingress_handler.go:120","msg":"Error retrieving TTL, defaulting.","commit":"7655d9c","error":"\"knativebrokerttl\" not found"}
{"level":"info","ts":"2019-12-03T21:04:45.571Z","logger":"broker_ingress","caller":"ingress/ingress_handler.go:120","msg":"Error retrieving TTL, defaulting.","commit":"7655d9c","error":"\"knativebrokerttl\" not found"}
{"level":"info","ts":"2019-12-03T21:04:45.571Z","logger":"broker_ingress","caller":"ingress/ingress_handler.go:120","msg":"Error retrieving TTL, defaulting.","commit":"7655d9c","error":"\"knativebrokerttl\" not found"}
{"level":"info","ts":"2019-12-03T21:04:45.571Z","logger":"broker_ingress","caller":"ingress/ingress_handler.go:120","msg":"Error retrieving TTL, defaulting.","commit":"7655d9c","error":"\"knativebrokerttl\" not found"}
{"level":"info","ts":"2019-12-03T21:04:45.571Z","logger":"broker_ingress","caller":"ingress/ingress_handler.go:120","msg":"Error retrieving TTL, defaulting.","commit":"7655d9c","error":"\"knativebrokerttl\" not found"}
{"level":"info","ts":"2019-12-03T21:04:45.572Z","logger":"broker_ingress","caller":"ingress/ingress_handler.go:120","msg":"Error retrieving TTL, defaulting.","commit":"7655d9c","error":"\"knativebrokerttl\" not found"}
{"level":"info","ts":"2019-12-03T21:04:45.572Z","logger":"broker_ingress","caller":"ingress/ingress_handler.go:120","msg":"Error retrieving TTL, defaulting.","commit":"7655d9c","error":"\"knativebrokerttl\" not found"}
{"level":"info","ts":"2019-12-03T21:04:45.573Z","logger":"broker_ingress","caller":"ingress/ingress_handler.go:120","msg":"Error retrieving TTL, defaulting.","commit":"7655d9c","error":"\"knativebrokerttl\" not found"}
{"level":"info","ts":"2019-12-03T21:04:45.573Z","logger":"broker_ingress","caller":"ingress/ingress_handler.go:120","msg":"Error retrieving TTL, defaulting.","commit":"7655d9c","error":"\"knativebrokerttl\" not found"}
{"level":"info","ts":"2019-12-03T21:04:45.573Z","logger":"broker_ingress","caller":"ingress/ingress_handler.go:120","msg":"Error retrieving TTL, defaulting.","commit":"7655d9c","error":"\"knativebrokerttl\" not found"}
{"level":"info","ts":"2019-12-03T21:04:45.573Z","logger":"broker_ingress","caller":"ingress/ingress_handler.go:120","msg":"Error retrieving TTL, defaulting.","commit":"7655d9c","error":"\"knativebrokerttl\" not found"}
{"level":"info","ts":"2019-12-03T21:04:45.573Z","logger":"broker_ingress","caller":"ingress/ingress_handler.go:120","msg":"Error retrieving TTL, defaulting.","commit":"7655d9c","error":"\"knativebrokerttl\" not found"}
{"level":"info","ts":"2019-12-03T21:04:45.573Z","logger":"broker_ingress","caller":"ingress/ingress_handler.go:120","msg":"Error retrieving TTL, defaulting.","commit":"7655d9c","error":"\"knativebrokerttl\" not found"}
{"level":"info","ts":"2019-12-03T21:04:45.574Z","logger":"broker_ingress","caller":"ingress/ingress_handler.go:120","msg":"Error retrieving TTL, defaulting.","commit":"7655d9c","error":"\"knativebrokerttl\" not found"}
{"level":"info","ts":"2019-12-03T21:04:45.574Z","logger":"broker_ingress","caller":"ingress/ingress_handler.go:120","msg":"Error retrieving TTL, defaulting.","commit":"7655d9c","error":"\"knativebrokerttl\" not found"}
{"level":"info","ts":"2019-12-03T21:04:45.574Z","logger":"broker_ingress","caller":"ingress/ingress_handler.go:120","msg":"Error retrieving TTL, defaulting.","commit":"7655d9c","error":"\"knativebrokerttl\" not found"}
{"level":"info","ts":"2019-12-03T21:04:45.574Z","logger":"broker_ingress","caller":"ingress/ingress_handler.go:120","msg":"Error retrieving TTL, defaulting.","commit":"7655d9c","error":"\"knativebrokerttl\" not found"}
{"level":"info","ts":"2019-12-03T21:04:45.574Z","logger":"broker_ingress","caller":"ingress/ingress_handler.go:120","msg":"Error retrieving TTL, defaulting.","commit":"7655d9c","error":"\"knativebrokerttl\" not found"}
{"level":"info","ts":"2019-12-03T21:04:45.578Z","logger":"broker_ingress","caller":"ingress/ingress_handler.go:120","msg":"Error retrieving TTL, defaulting.","commit":"7655d9c","error":"\"knativebrokerttl\" not found"}
{"level":"info","ts":"2019-12-03T21:04:45.578Z","logger":"broker_ingress","caller":"ingress/ingress_handler.go:120","msg":"Error retrieving TTL, defaulting.","commit":"7655d9c","error":"\"knativebrokerttl\" not found"}
{"level":"info","ts":"2019-12-03T21:04:45.578Z","logger":"broker_ingress","caller":"ingress/ingress_handler.go:120","msg":"Error retrieving TTL, defaulting.","commit":"7655d9c","error":"\"knativebrokerttl\" not found"}
{"level":"info","ts":"2019-12-03T21:04:45.579Z","logger":"broker_ingress","caller":"ingress/ingress_handler.go:120","msg":"Error retrieving TTL, defaulting.","commit":"7655d9c","error":"\"knativebrokerttl\" not found"}
{"level":"info","ts":"2019-12-03T21:04:45.579Z","logger":"broker_ingress","caller":"ingress/ingress_handler.go:120","msg":"Error retrieving TTL, defaulting.","commit":"7655d9c","error":"\"knativebrokerttl\" not found"}
{"level":"info","ts":"2019-12-03T21:04:45.591Z","logger":"broker_ingress","caller":"ingress/ingress_handler.go:120","msg":"Error retrieving TTL, defaulting.","commit":"7655d9c","error":"\"knativebrokerttl\" not found"}
{"level":"info","ts":"2019-12-03T21:04:45.591Z","logger":"broker_ingress","caller":"ingress/ingress_handler.go:120","msg":"Error retrieving TTL, defaulting.","commit":"7655d9c","error":"\"knativebrokerttl\" not found"}
{"level":"info","ts":"2019-12-03T21:04:45.591Z","logger":"broker_ingress","caller":"ingress/ingress_handler.go:120","msg":"Error retrieving TTL, defaulting.","commit":"7655d9c","error":"\"knativebrokerttl\" not found"}
{"level":"info","ts":"2019-12-03T21:04:45.592Z","logger":"broker_ingress","caller":"ingress/ingress_handler.go:120","msg":"Error retrieving TTL, defaulting.","commit":"7655d9c","error":"\"knativebrokerttl\" not found"}
{"level":"info","ts":"2019-12-03T21:04:45.600Z","logger":"broker_ingress","caller":"ingress/ingress_handler.go:120","msg":"Error retrieving TTL, defaulting.","commit":"7655d9c","error":"\"knativebrokerttl\" not found"}
{"level":"info","ts":"2019-12-03T21:04:45.603Z","logger":"broker_ingress","caller":"ingress/ingress_handler.go:120","msg":"Error retrieving TTL, defaulting.","commit":"7655d9c","error":"\"knativebrokerttl\" not found"}
{"level":"info","ts":"2019-12-03T21:04:45.603Z","logger":"broker_ingress","caller":"ingress/ingress_handler.go:120","msg":"Error retrieving TTL, defaulting.","commit":"7655d9c","error":"\"knativebrokerttl\" not found"}
{"level":"info","ts":"2019-12-03T21:04:45.603Z","logger":"broker_ingress","caller":"ingress/ingress_handler.go:120","msg":"Error retrieving TTL, defaulting.","commit":"7655d9c","error":"\"knativebrokerttl\" not found"}
{"level":"info","ts":"2019-12-03T21:04:45.603Z","logger":"broker_ingress","caller":"ingress/ingress_handler.go:120","msg":"Error retrieving TTL, defaulting.","commit":"7655d9c","error":"\"knativebrokerttl\" not found"}
{"level":"info","ts":"2019-12-03T21:04:45.603Z","logger":"broker_ingress","caller":"ingress/ingress_handler.go:120","msg":"Error retrieving TTL, defaulting.","commit":"7655d9c","error":"\"knativebrokerttl\" not found"}
{"level":"info","ts":"2019-12-03T21:04:45.604Z","logger":"broker_ingress","caller":"ingress/ingress_handler.go:120","msg":"Error retrieving TTL, defaulting.","commit":"7655d9c","error":"\"knativebrokerttl\" not found"}
{"level":"info","ts":"2019-12-03T21:04:45.604Z","logger":"broker_ingress","caller":"ingress/ingress_handler.go:120","msg":"Error retrieving TTL, defaulting.","commit":"7655d9c","error":"\"knativebrokerttl\" not found"}
{"level":"info","ts":"2019-12-03T21:04:45.605Z","logger":"broker_ingress","caller":"ingress/ingress_handler.go:120","msg":"Error retrieving TTL, defaulting.","commit":"7655d9c","error":"\"knativebrokerttl\" not found"}
{"level":"info","ts":"2019-12-03T21:04:45.606Z","logger":"broker_ingress","caller":"ingress/ingress_handler.go:120","msg":"Error retrieving TTL, defaulting.","commit":"7655d9c","error":"\"knativebrokerttl\" not found"}
{"level":"info","ts":"2019-12-03T21:04:45.606Z","logger":"broker_ingress","caller":"ingress/ingress_handler.go:120","msg":"Error retrieving TTL, defaulting.","commit":"7655d9c","error":"\"knativebrokerttl\" not found"}
{"level":"info","ts":"2019-12-03T21:04:45.606Z","logger":"broker_ingress","caller":"ingress/ingress_handler.go:120","msg":"Error retrieving TTL, defaulting.","commit":"7655d9c","error":"\"knativebrokerttl\" not found"}
{"level":"info","ts":"2019-12-03T21:04:45.607Z","logger":"broker_ingress","caller":"ingress/ingress_handler.go:120","msg":"Error retrieving TTL, defaulting.","commit":"7655d9c","error":"\"knativebrokerttl\" not found"}
{"level":"info","ts":"2019-12-03T21:04:45.616Z","logger":"broker_ingress","caller":"ingress/ingress_handler.go:120","msg":"Error retrieving TTL, defaulting.","commit":"7655d9c","error":"\"knativebrokerttl\" not found"}
{"level":"info","ts":"2019-12-03T21:04:45.616Z","logger":"broker_ingress","caller":"ingress/ingress_handler.go:120","msg":"Error retrieving TTL, defaulting.","commit":"7655d9c","error":"\"knativebrokerttl\" not found"}
{"level":"info","ts":"2019-12-03T21:04:45.616Z","logger":"broker_ingress","caller":"ingress/ingress_handler.go:120","msg":"Error retrieving TTL, defaulting.","commit":"7655d9c","error":"\"knativebrokerttl\" not found"}
{"level":"info","ts":"2019-12-03T21:04:45.616Z","logger":"broker_ingress","caller":"ingress/ingress_handler.go:120","msg":"Error retrieving TTL, defaulting.","commit":"7655d9c","error":"\"knativebrokerttl\" not found"}
{"level":"info","ts":"2019-12-03T21:04:45.616Z","logger":"broker_ingress","caller":"ingress/ingress_handler.go:120","msg":"Error retrieving TTL, defaulting.","commit":"7655d9c","error":"\"knativebrokerttl\" not found"}
{"level":"info","ts":"2019-12-03T21:04:45.620Z","logger":"broker_ingress","caller":"ingress/ingress_handler.go:120","msg":"Error retrieving TTL, defaulting.","commit":"7655d9c","error":"\"knativebrokerttl\" not found"}
{"level":"info","ts":"2019-12-03T21:04:45.620Z","logger":"broker_ingress","caller":"ingress/ingress_handler.go:120","msg":"Error retrieving TTL, defaulting.","commit":"7655d9c","error":"\"knativebrokerttl\" not found"}
{"level":"info","ts":"2019-12-03T21:04:45.620Z","logger":"broker_ingress","caller":"ingress/ingress_handler.go:120","msg":"Error retrieving TTL, defaulting.","commit":"7655d9c","error":"\"knativebrokerttl\" not found"}
{"level":"info","ts":"2019-12-03T21:04:45.620Z","logger":"broker_ingress","caller":"ingress/ingress_handler.go:120","msg":"Error retrieving TTL, defaulting.","commit":"7655d9c","error":"\"knativebrokerttl\" not found"}
{"level":"info","ts":"2019-12-03T21:04:45.620Z","logger":"broker_ingress","caller":"ingress/ingress_handler.go:120","msg":"Error retrieving TTL, defaulting.","commit":"7655d9c","error":"\"knativebrokerttl\" not found"}
{"level":"info","ts":"2019-12-03T21:04:45.621Z","logger":"broker_ingress","caller":"ingress/ingress_handler.go:120","msg":"Error retrieving TTL, defaulting.","commit":"7655d9c","error":"\"knativebrokerttl\" not found"}
{"level":"info","ts":"2019-12-03T21:04:45.621Z","logger":"broker_ingress","caller":"ingress/ingress_handler.go:120","msg":"Error retrieving TTL, defaulting.","commit":"7655d9c","error":"\"knativebrokerttl\" not found"}
{"level":"info","ts":"2019-12-03T21:04:45.621Z","logger":"broker_ingress","caller":"ingress/ingress_handler.go:120","msg":"Error retrieving TTL, defaulting.","commit":"7655d9c","error":"\"knativebrokerttl\" not found"}
{"level":"info","ts":"2019-12-03T21:04:45.622Z","logger":"broker_ingress","caller":"ingress/ingress_handler.go:120","msg":"Error retrieving TTL, defaulting.","commit":"7655d9c","error":"\"knativebrokerttl\" not found"}
{"level":"info","ts":"2019-12-03T21:04:45.622Z","logger":"broker_ingress","caller":"ingress/ingress_handler.go:120","msg":"Error retrieving TTL, defaulting.","commit":"7655d9c","error":"\"knativebrokerttl\" not found"}
{"level":"info","ts":"2019-12-03T21:04:45.623Z","logger":"broker_ingress","caller":"ingress/ingress_handler.go:120","msg":"Error retrieving TTL, defaulting.","commit":"7655d9c","error":"\"knativebrokerttl\" not found"}
{"level":"info","ts":"2019-12-03T21:04:45.623Z","logger":"broker_ingress","caller":"ingress/ingress_handler.go:120","msg":"Error retrieving TTL, defaulting.","commit":"7655d9c","error":"\"knativebrokerttl\" not found"}
{"level":"info","ts":"2019-12-03T21:04:45.632Z","logger":"broker_ingress","caller":"ingress/ingress_handler.go:120","msg":"Error retrieving TTL, defaulting.","commit":"7655d9c","error":"\"knativebrokerttl\" not found"}
{"level":"info","ts":"2019-12-03T21:04:45.637Z","logger":"broker_ingress","caller":"ingress/ingress_handler.go:120","msg":"Error retrieving TTL, defaulting.","commit":"7655d9c","error":"\"knativebrokerttl\" not found"}
{"level":"info","ts":"2019-12-03T21:04:45.637Z","logger":"broker_ingress","caller":"ingress/ingress_handler.go:120","msg":"Error retrieving TTL, defaulting.","commit":"7655d9c","error":"\"knativebrokerttl\" not found"}
{"level":"info","ts":"2019-12-03T21:04:45.637Z","logger":"broker_ingress","caller":"ingress/ingress_handler.go:120","msg":"Error retrieving TTL, defaulting.","commit":"7655d9c","error":"\"knativebrokerttl\" not found"}
{"level":"info","ts":"2019-12-03T21:04:45.637Z","logger":"broker_ingress","caller":"ingress/ingress_handler.go:120","msg":"Error retrieving TTL, defaulting.","commit":"7655d9c","error":"\"knativebrokerttl\" not found"}
{"level":"info","ts":"2019-12-03T21:04:45.638Z","logger":"broker_ingress","caller":"ingress/ingress_handler.go:120","msg":"Error retrieving TTL, defaulting.","commit":"7655d9c","error":"\"knativebrokerttl\" not found"}
{"level":"info","ts":"2019-12-03T21:04:45.638Z","logger":"broker_ingress","caller":"ingress/ingress_handler.go:120","msg":"Error retrieving TTL, defaulting.","commit":"7655d9c","error":"\"knativebrokerttl\" not found"}
{"level":"info","ts":"2019-12-03T21:04:45.645Z","logger":"broker_ingress","caller":"ingress/ingress_handler.go:120","msg":"Error retrieving TTL, defaulting.","commit":"7655d9c","error":"\"knativebrokerttl\" not found"}
{"level":"info","ts":"2019-12-03T21:04:45.645Z","logger":"broker_ingress","caller":"ingress/ingress_handler.go:120","msg":"Error retrieving TTL, defaulting.","commit":"7655d9c","error":"\"knativebrokerttl\" not found"}
{"level":"info","ts":"2019-12-03T21:04:45.645Z","logger":"broker_ingress","caller":"ingress/ingress_handler.go:120","msg":"Error retrieving TTL, defaulting.","commit":"7655d9c","error":"\"knativebrokerttl\" not found"}
{"level":"info","ts":"2019-12-03T21:04:45.645Z","logger":"broker_ingress","caller":"ingress/ingress_handler.go:120","msg":"Error retrieving TTL, defaulting.","commit":"7655d9c","error":"\"knativebrokerttl\" not found"}
{"level":"info","ts":"2019-12-03T21:04:45.646Z","logger":"broker_ingress","caller":"ingress/ingress_handler.go:120","msg":"Error retrieving TTL, defaulting.","commit":"7655d9c","error":"\"knativebrokerttl\" not found"}
{"level":"info","ts":"2019-12-03T21:04:45.646Z","logger":"broker_ingress","caller":"ingress/ingress_handler.go:120","msg":"Error retrieving TTL, defaulting.","commit":"7655d9c","error":"\"knativebrokerttl\" not found"}
{"level":"info","ts":"2019-12-03T21:04:45.646Z","logger":"broker_ingress","caller":"ingress/ingress_handler.go:120","msg":"Error retrieving TTL, defaulting.","commit":"7655d9c","error":"\"knativebrokerttl\" not found"}
{"level":"info","ts":"2019-12-03T21:04:45.646Z","logger":"broker_ingress","caller":"ingress/ingress_handler.go:120","msg":"Error retrieving TTL, defaulting.","commit":"7655d9c","error":"\"knativebrokerttl\" not found"}
{"level":"info","ts":"2019-12-03T21:04:45.646Z","logger":"broker_ingress","caller":"ingress/ingress_handler.go:120","msg":"Error retrieving TTL, defaulting.","commit":"7655d9c","error":"\"knativebrokerttl\" not found"}
{"level":"info","ts":"2019-12-03T21:04:45.646Z","logger":"broker_ingress","caller":"ingress/ingress_handler.go:120","msg":"Error retrieving TTL, defaulting.","commit":"7655d9c","error":"\"knativebrokerttl\" not found"}
{"level":"info","ts":"2019-12-03T21:04:45.647Z","logger":"broker_ingress","caller":"ingress/ingress_handler.go:120","msg":"Error retrieving TTL, defaulting.","commit":"7655d9c","error":"\"knativebrokerttl\" not found"}
{"level":"info","ts":"2019-12-03T21:04:45.651Z","logger":"broker_ingress","caller":"ingress/ingress_handler.go:120","msg":"Error retrieving TTL, defaulting.","commit":"7655d9c","error":"\"knativebrokerttl\" not found"}
{"level":"info","ts":"2019-12-03T21:04:45.651Z","logger":"broker_ingress","caller":"ingress/ingress_handler.go:120","msg":"Error retrieving TTL, defaulting.","commit":"7655d9c","error":"\"knativebrokerttl\" not found"}
{"level":"info","ts":"2019-12-03T21:04:45.656Z","logger":"broker_ingress","caller":"ingress/ingress_handler.go:120","msg":"Error retrieving TTL, defaulting.","commit":"7655d9c","error":"\"knativebrokerttl\" not found"}
{"level":"info","ts":"2019-12-03T21:04:45.656Z","logger":"broker_ingress","caller":"ingress/ingress_handler.go:120","msg":"Error retrieving TTL, defaulting.","commit":"7655d9c","error":"\"knativebrokerttl\" not found"}
{"level":"info","ts":"2019-12-03T21:04:45.657Z","logger":"broker_ingress","caller":"ingress/ingress_handler.go:120","msg":"Error retrieving TTL, defaulting.","commit":"7655d9c","error":"\"knativebrokerttl\" not found"}
{"level":"info","ts":"2019-12-03T21:04:45.659Z","logger":"broker_ingress","caller":"ingress/ingress_handler.go:120","msg":"Error retrieving TTL, defaulting.","commit":"7655d9c","error":"\"knativebrokerttl\" not found"}
{"level":"info","ts":"2019-12-03T21:04:45.660Z","logger":"broker_ingress","caller":"ingress/ingress_handler.go:120","msg":"Error retrieving TTL, defaulting.","commit":"7655d9c","error":"\"knativebrokerttl\" not found"}
{"level":"info","ts":"2019-12-03T21:04:45.660Z","logger":"broker_ingress","caller":"ingress/ingress_handler.go:120","msg":"Error retrieving TTL, defaulting.","commit":"7655d9c","error":"\"knativebrokerttl\" not found"}
{"level":"info","ts":"2019-12-03T21:04:45.660Z","logger":"broker_ingress","caller":"ingress/ingress_handler.go:120","msg":"Error retrieving TTL, defaulting.","commit":"7655d9c","error":"\"knativebrokerttl\" not found"}
{"level":"info","ts":"2019-12-03T21:04:45.660Z","logger":"broker_ingress","caller":"ingress/ingress_handler.go:120","msg":"Error retrieving TTL, defaulting.","commit":"7655d9c","error":"\"knativebrokerttl\" not found"}
{"level":"info","ts":"2019-12-03T21:04:45.660Z","logger":"broker_ingress","caller":"ingress/ingress_handler.go:120","msg":"Error retrieving TTL, defaulting.","commit":"7655d9c","error":"\"knativebrokerttl\" not found"}
{"level":"info","ts":"2019-12-03T21:04:45.660Z","logger":"broker_ingress","caller":"ingress/ingress_handler.go:120","msg":"Error retrieving TTL, defaulting.","commit":"7655d9c","error":"\"knativebrokerttl\" not found"}
{"level":"info","ts":"2019-12-03T21:04:45.660Z","logger":"broker_ingress","caller":"ingress/ingress_handler.go:120","msg":"Error retrieving TTL, defaulting.","commit":"7655d9c","error":"\"knativebrokerttl\" not found"}
{"level":"info","ts":"2019-12-03T21:04:45.660Z","logger":"broker_ingress","caller":"ingress/ingress_handler.go:120","msg":"Error retrieving TTL, defaulting.","commit":"7655d9c","error":"\"knativebrokerttl\" not found"}
{"level":"info","ts":"2019-12-03T21:04:45.660Z","logger":"broker_ingress","caller":"ingress/ingress_handler.go:120","msg":"Error retrieving TTL, defaulting.","commit":"7655d9c","error":"\"knativebrokerttl\" not found"}
{"level":"info","ts":"2019-12-03T21:04:45.660Z","logger":"broker_ingress","caller":"ingress/ingress_handler.go:120","msg":"Error retrieving TTL, defaulting.","commit":"7655d9c","error":"\"knativebrokerttl\" not found"}
{"level":"info","ts":"2019-12-03T21:04:45.661Z","logger":"broker_ingress","caller":"ingress/ingress_handler.go:120","msg":"Error retrieving TTL, defaulting.","commit":"7655d9c","error":"\"knativebrokerttl\" not found"}
{"level":"info","ts":"2019-12-03T21:04:45.661Z","logger":"broker_ingress","caller":"ingress/ingress_handler.go:120","msg":"Error retrieving TTL, defaulting.","commit":"7655d9c","error":"\"knativebrokerttl\" not found"}
{"level":"info","ts":"2019-12-03T21:04:45.661Z","logger":"broker_ingress","caller":"ingress/ingress_handler.go:120","msg":"Error retrieving TTL, defaulting.","commit":"7655d9c","error":"\"knativebrokerttl\" not found"}
{"level":"info","ts":"2019-12-03T21:04:45.661Z","logger":"broker_ingress","caller":"ingress/ingress_handler.go:120","msg":"Error retrieving TTL, defaulting.","commit":"7655d9c","error":"\"knativebrokerttl\" not found"}
{"level":"info","ts":"2019-12-03T21:04:45.661Z","logger":"broker_ingress","caller":"ingress/ingress_handler.go:120","msg":"Error retrieving TTL, defaulting.","commit":"7655d9c","error":"\"knativebrokerttl\" not found"}
{"level":"info","ts":"2019-12-03T21:04:45.661Z","logger":"broker_ingress","caller":"ingress/ingress_handler.go:120","msg":"Error retrieving TTL, defaulting.","commit":"7655d9c","error":"\"knativebrokerttl\" not found"}
{"level":"info","ts":"2019-12-03T21:04:45.661Z","logger":"broker_ingress","caller":"ingress/ingress_handler.go:120","msg":"Error retrieving TTL, defaulting.","commit":"7655d9c","error":"\"knativebrokerttl\" not found"}
{"level":"info","ts":"2019-12-03T21:04:45.662Z","logger":"broker_ingress","caller":"ingress/ingress_handler.go:120","msg":"Error retrieving TTL, defaulting.","commit":"7655d9c","error":"\"knativebrokerttl\" not found"}
{"level":"info","ts":"2019-12-03T21:04:45.662Z","logger":"broker_ingress","caller":"ingress/ingress_handler.go:120","msg":"Error retrieving TTL, defaulting.","commit":"7655d9c","error":"\"knativebrokerttl\" not found"}
{"level":"info","ts":"2019-12-03T21:04:45.662Z","logger":"broker_ingress","caller":"ingress/ingress_handler.go:120","msg":"Error retrieving TTL, defaulting.","commit":"7655d9c","error":"\"knativebrokerttl\" not found"}
{"level":"info","ts":"2019-12-03T21:04:45.662Z","logger":"broker_ingress","caller":"ingress/ingress_handler.go:120","msg":"Error retrieving TTL, defaulting.","commit":"7655d9c","error":"\"knativebrokerttl\" not found"}
{"level":"info","ts":"2019-12-03T21:04:45.662Z","logger":"broker_ingress","caller":"ingress/ingress_handler.go:120","msg":"Error retrieving TTL, defaulting.","commit":"7655d9c","error":"\"knativebrokerttl\" not found"}
{"level":"info","ts":"2019-12-03T21:04:45.662Z","logger":"broker_ingress","caller":"ingress/ingress_handler.go:120","msg":"Error retrieving TTL, defaulting.","commit":"7655d9c","error":"\"knativebrokerttl\" not found"}
{"level":"info","ts":"2019-12-03T21:04:45.663Z","logger":"broker_ingress","caller":"ingress/ingress_handler.go:120","msg":"Error retrieving TTL, defaulting.","commit":"7655d9c","error":"\"knativebrokerttl\" not found"}
{"level":"info","ts":"2019-12-03T21:04:45.663Z","logger":"broker_ingress","caller":"ingress/ingress_handler.go:120","msg":"Error retrieving TTL, defaulting.","commit":"7655d9c","error":"\"knativebrokerttl\" not found"}
{"level":"info","ts":"2019-12-03T21:04:45.664Z","logger":"broker_ingress","caller":"ingress/ingress_handler.go:120","msg":"Error retrieving TTL, defaulting.","commit":"7655d9c","error":"\"knativebrokerttl\" not found"}
{"level":"info","ts":"2019-12-03T21:04:45.664Z","logger":"broker_ingress","caller":"ingress/ingress_handler.go:120","msg":"Error retrieving TTL, defaulting.","commit":"7655d9c","error":"\"knativebrokerttl\" not found"}
{"level":"info","ts":"2019-12-03T21:04:45.664Z","logger":"broker_ingress","caller":"ingress/ingress_handler.go:120","msg":"Error retrieving TTL, defaulting.","commit":"7655d9c","error":"\"knativebrokerttl\" not found"}
{"level":"info","ts":"2019-12-03T21:04:45.665Z","logger":"broker_ingress","caller":"ingress/ingress_handler.go:120","msg":"Error retrieving TTL, defaulting.","commit":"7655d9c","error":"\"knativebrokerttl\" not found"}
{"level":"info","ts":"2019-12-03T21:04:45.665Z","logger":"broker_ingress","caller":"ingress/ingress_handler.go:120","msg":"Error retrieving TTL, defaulting.","commit":"7655d9c","error":"\"knativebrokerttl\" not found"}
{"level":"info","ts":"2019-12-03T21:04:45.666Z","logger":"broker_ingress","caller":"ingress/ingress_handler.go:120","msg":"Error retrieving TTL, defaulting.","commit":"7655d9c","error":"\"knativebrokerttl\" not found"}
{"level":"info","ts":"2019-12-03T21:04:45.666Z","logger":"broker_ingress","caller":"ingress/ingress_handler.go:120","msg":"Error retrieving TTL, defaulting.","commit":"7655d9c","error":"\"knativebrokerttl\" not found"}
{"level":"info","ts":"2019-12-03T21:04:45.667Z","logger":"broker_ingress","caller":"ingress/ingress_handler.go:120","msg":"Error retrieving TTL, defaulting.","commit":"7655d9c","error":"\"knativebrokerttl\" not found"}
{"level":"info","ts":"2019-12-03T21:04:45.669Z","logger":"broker_ingress","caller":"ingress/ingress_handler.go:120","msg":"Error retrieving TTL, defaulting.","commit":"7655d9c","error":"\"knativebrokerttl\" not found"}
{"level":"info","ts":"2019-12-03T21:04:45.669Z","logger":"broker_ingress","caller":"ingress/ingress_handler.go:120","msg":"Error retrieving TTL, defaulting.","commit":"7655d9c","error":"\"knativebrokerttl\" not found"}
{"level":"info","ts":"2019-12-03T21:04:45.669Z","logger":"broker_ingress","caller":"ingress/ingress_handler.go:120","msg":"Error retrieving TTL, defaulting.","commit":"7655d9c","error":"\"knativebrokerttl\" not found"}
{"level":"info","ts":"2019-12-03T21:04:45.669Z","logger":"broker_ingress","caller":"ingress/ingress_handler.go:120","msg":"Error retrieving TTL, defaulting.","commit":"7655d9c","error":"\"knativebrokerttl\" not found"}
{"level":"info","ts":"2019-12-03T21:04:45.669Z","logger":"broker_ingress","caller":"ingress/ingress_handler.go:120","msg":"Error retrieving TTL, defaulting.","commit":"7655d9c","error":"\"knativebrokerttl\" not found"}
{"level":"info","ts":"2019-12-03T21:04:45.670Z","logger":"broker_ingress","caller":"ingress/ingress_handler.go:120","msg":"Error retrieving TTL, defaulting.","commit":"7655d9c","error":"\"knativebrokerttl\" not found"}
{"level":"info","ts":"2019-12-03T21:04:45.670Z","logger":"broker_ingress","caller":"ingress/ingress_handler.go:120","msg":"Error retrieving TTL, defaulting.","commit":"7655d9c","error":"\"knativebrokerttl\" not found"}
{"level":"info","ts":"2019-12-03T21:04:45.670Z","logger":"broker_ingress","caller":"ingress/ingress_handler.go:120","msg":"Error retrieving TTL, defaulting.","commit":"7655d9c","error":"\"knativebrokerttl\" not found"}
{"level":"info","ts":"2019-12-03T21:04:45.670Z","logger":"broker_ingress","caller":"ingress/ingress_handler.go:120","msg":"Error retrieving TTL, defaulting.","commit":"7655d9c","error":"\"knativebrokerttl\" not found"}
{"level":"info","ts":"2019-12-03T21:04:45.670Z","logger":"broker_ingress","caller":"ingress/ingress_handler.go:120","msg":"Error retrieving TTL, defaulting.","commit":"7655d9c","error":"\"knativebrokerttl\" not found"}
{"level":"info","ts":"2019-12-03T21:04:45.671Z","logger":"broker_ingress","caller":"ingress/ingress_handler.go:120","msg":"Error retrieving TTL, defaulting.","commit":"7655d9c","error":"\"knativebrokerttl\" not found"}
{"level":"info","ts":"2019-12-03T21:04:45.671Z","logger":"broker_ingress","caller":"ingress/ingress_handler.go:120","msg":"Error retrieving TTL, defaulting.","commit":"7655d9c","error":"\"knativebrokerttl\" not found"}
{"level":"info","ts":"2019-12-03T21:04:45.671Z","logger":"broker_ingress","caller":"ingress/ingress_handler.go:120","msg":"Error retrieving TTL, defaulting.","commit":"7655d9c","error":"\"knativebrokerttl\" not found"}
{"level":"info","ts":"2019-12-03T21:04:45.671Z","logger":"broker_ingress","caller":"ingress/ingress_handler.go:120","msg":"Error retrieving TTL, defaulting.","commit":"7655d9c","error":"\"knativebrokerttl\" not found"}
{"level":"info","ts":"2019-12-03T21:04:45.671Z","logger":"broker_ingress","caller":"ingress/ingress_handler.go:120","msg":"Error retrieving TTL, defaulting.","commit":"7655d9c","error":"\"knativebrokerttl\" not found"}
{"level":"info","ts":"2019-12-03T21:04:45.671Z","logger":"broker_ingress","caller":"ingress/ingress_handler.go:120","msg":"Error retrieving TTL, defaulting.","commit":"7655d9c","error":"\"knativebrokerttl\" not found"}
{"level":"info","ts":"2019-12-03T21:04:45.671Z","logger":"broker_ingress","caller":"ingress/ingress_handler.go:120","msg":"Error retrieving TTL, defaulting.","commit":"7655d9c","error":"\"knativebrokerttl\" not found"}
{"level":"info","ts":"2019-12-03T21:04:45.672Z","logger":"broker_ingress","caller":"ingress/ingress_handler.go:120","msg":"Error retrieving TTL, defaulting.","commit":"7655d9c","error":"\"knativebrokerttl\" not found"}
{"level":"info","ts":"2019-12-03T21:04:45.672Z","logger":"broker_ingress","caller":"ingress/ingress_handler.go:120","msg":"Error retrieving TTL, defaulting.","commit":"7655d9c","error":"\"knativebrokerttl\" not found"}
{"level":"info","ts":"2019-12-03T21:04:45.672Z","logger":"broker_ingress","caller":"ingress/ingress_handler.go:120","msg":"Error retrieving TTL, defaulting.","commit":"7655d9c","error":"\"knativebrokerttl\" not found"}
{"level":"info","ts":"2019-12-03T21:04:45.672Z","logger":"broker_ingress","caller":"ingress/ingress_handler.go:120","msg":"Error retrieving TTL, defaulting.","commit":"7655d9c","error":"\"knativebrokerttl\" not found"}
{"level":"info","ts":"2019-12-03T21:04:45.673Z","logger":"broker_ingress","caller":"ingress/ingress_handler.go:120","msg":"Error retrieving TTL, defaulting.","commit":"7655d9c","error":"\"knativebrokerttl\" not found"}
{"level":"info","ts":"2019-12-03T21:04:45.673Z","logger":"broker_ingress","caller":"ingress/ingress_handler.go:120","msg":"Error retrieving TTL, defaulting.","commit":"7655d9c","error":"\"knativebrokerttl\" not found"}
{"level":"info","ts":"2019-12-03T21:04:45.673Z","logger":"broker_ingress","caller":"ingress/ingress_handler.go:120","msg":"Error retrieving TTL, defaulting.","commit":"7655d9c","error":"\"knativebrokerttl\" not found"}
{"level":"info","ts":"2019-12-03T21:04:45.674Z","logger":"broker_ingress","caller":"ingress/ingress_handler.go:120","msg":"Error retrieving TTL, defaulting.","commit":"7655d9c","error":"\"knativebrokerttl\" not found"}
{"level":"info","ts":"2019-12-03T21:04:45.674Z","logger":"broker_ingress","caller":"ingress/ingress_handler.go:120","msg":"Error retrieving TTL, defaulting.","commit":"7655d9c","error":"\"knativebrokerttl\" not found"}
{"level":"info","ts":"2019-12-03T21:04:45.674Z","logger":"broker_ingress","caller":"ingress/ingress_handler.go:120","msg":"Error retrieving TTL, defaulting.","commit":"7655d9c","error":"\"knativebrokerttl\" not found"}
{"level":"info","ts":"2019-12-03T21:04:45.675Z","logger":"broker_ingress","caller":"ingress/ingress_handler.go:120","msg":"Error retrieving TTL, defaulting.","commit":"7655d9c","error":"\"knativebrokerttl\" not found"}
{"level":"info","ts":"2019-12-03T21:04:45.674Z","logger":"broker_ingress","caller":"ingress/ingress_handler.go:120","msg":"Error retrieving TTL, defaulting.","commit":"7655d9c","error":"\"knativebrokerttl\" not found"}
{"level":"info","ts":"2019-12-03T21:04:45.676Z","logger":"broker_ingress","caller":"ingress/ingress_handler.go:120","msg":"Error retrieving TTL, defaulting.","commit":"7655d9c","error":"\"knativebrokerttl\" not found"}
{"level":"info","ts":"2019-12-03T21:04:45.676Z","logger":"broker_ingress","caller":"ingress/ingress_handler.go:120","msg":"Error retrieving TTL, defaulting.","commit":"7655d9c","error":"\"knativebrokerttl\" not found"}
{"level":"info","ts":"2019-12-03T21:04:45.676Z","logger":"broker_ingress","caller":"ingress/ingress_handler.go:120","msg":"Error retrieving TTL, defaulting.","commit":"7655d9c","error":"\"knativebrokerttl\" not found"}
{"level":"info","ts":"2019-12-03T21:04:45.676Z","logger":"broker_ingress","caller":"ingress/ingress_handler.go:120","msg":"Error retrieving TTL, defaulting.","commit":"7655d9c","error":"\"knativebrokerttl\" not found"}
{"level":"info","ts":"2019-12-03T21:04:45.677Z","logger":"broker_ingress","caller":"ingress/ingress_handler.go:120","msg":"Error retrieving TTL, defaulting.","commit":"7655d9c","error":"\"knativebrokerttl\" not found"}
{"level":"info","ts":"2019-12-03T21:04:45.678Z","logger":"broker_ingress","caller":"ingress/ingress_handler.go:120","msg":"Error retrieving TTL, defaulting.","commit":"7655d9c","error":"\"knativebrokerttl\" not found"}
{"level":"info","ts":"2019-12-03T21:04:45.678Z","logger":"broker_ingress","caller":"ingress/ingress_handler.go:120","msg":"Error retrieving TTL, defaulting.","commit":"7655d9c","error":"\"knativebrokerttl\" not found"}
{"level":"info","ts":"2019-12-03T21:04:45.680Z","logger":"broker_ingress","caller":"ingress/ingress_handler.go:120","msg":"Error retrieving TTL, defaulting.","commit":"7655d9c","error":"\"knativebrokerttl\" not found"}
{"level":"info","ts":"2019-12-03T21:04:45.680Z","logger":"broker_ingress","caller":"ingress/ingress_handler.go:120","msg":"Error retrieving TTL, defaulting.","commit":"7655d9c","error":"\"knativebrokerttl\" not found"}
{"level":"info","ts":"2019-12-03T21:04:45.680Z","logger":"broker_ingress","caller":"ingress/ingress_handler.go:120","msg":"Error retrieving TTL, defaulting.","commit":"7655d9c","error":"\"knativebrokerttl\" not found"}
{"level":"info","ts":"2019-12-03T21:04:45.680Z","logger":"broker_ingress","caller":"ingress/ingress_handler.go:120","msg":"Error retrieving TTL, defaulting.","commit":"7655d9c","error":"\"knativebrokerttl\" not found"}
{"level":"info","ts":"2019-12-03T21:04:45.680Z","logger":"broker_ingress","caller":"ingress/ingress_handler.go:120","msg":"Error retrieving TTL, defaulting.","commit":"7655d9c","error":"\"knativebrokerttl\" not found"}
{"level":"info","ts":"2019-12-03T21:04:45.681Z","logger":"broker_ingress","caller":"ingress/ingress_handler.go:120","msg":"Error retrieving TTL, defaulting.","commit":"7655d9c","error":"\"knativebrokerttl\" not found"}
{"level":"info","ts":"2019-12-03T21:04:45.681Z","logger":"broker_ingress","caller":"ingress/ingress_handler.go:120","msg":"Error retrieving TTL, defaulting.","commit":"7655d9c","error":"\"knativebrokerttl\" not found"}
{"level":"info","ts":"2019-12-03T21:04:45.682Z","logger":"broker_ingress","caller":"ingress/ingress_handler.go:120","msg":"Error retrieving TTL, defaulting.","commit":"7655d9c","error":"\"knativebrokerttl\" not found"}
{"level":"info","ts":"2019-12-03T21:04:45.683Z","logger":"broker_ingress","caller":"ingress/ingress_handler.go:120","msg":"Error retrieving TTL, defaulting.","commit":"7655d9c","error":"\"knativebrokerttl\" not found"}
{"level":"info","ts":"2019-12-03T21:04:45.683Z","logger":"broker_ingress","caller":"ingress/ingress_handler.go:120","msg":"Error retrieving TTL, defaulting.","commit":"7655d9c","error":"\"knativebrokerttl\" not found"}
{"level":"info","ts":"2019-12-03T21:04:45.683Z","logger":"broker_ingress","caller":"ingress/ingress_handler.go:120","msg":"Error retrieving TTL, defaulting.","commit":"7655d9c","error":"\"knativebrokerttl\" not found"}
{"level":"info","ts":"2019-12-03T21:04:45.684Z","logger":"broker_ingress","caller":"ingress/ingress_handler.go:120","msg":"Error retrieving TTL, defaulting.","commit":"7655d9c","error":"\"knativebrokerttl\" not found"}
{"level":"info","ts":"2019-12-03T21:04:45.688Z","logger":"broker_ingress","caller":"ingress/ingress_handler.go:120","msg":"Error retrieving TTL, defaulting.","commit":"7655d9c","error":"\"knativebrokerttl\" not found"}
{"level":"info","ts":"2019-12-03T21:04:45.688Z","logger":"broker_ingress","caller":"ingress/ingress_handler.go:120","msg":"Error retrieving TTL, defaulting.","commit":"7655d9c","error":"\"knativebrokerttl\" not found"}
{"level":"info","ts":"2019-12-03T21:04:45.688Z","logger":"broker_ingress","caller":"ingress/ingress_handler.go:120","msg":"Error retrieving TTL, defaulting.","commit":"7655d9c","error":"\"knativebrokerttl\" not found"}
{"level":"info","ts":"2019-12-03T21:04:45.689Z","logger":"broker_ingress","caller":"ingress/ingress_handler.go:120","msg":"Error retrieving TTL, defaulting.","commit":"7655d9c","error":"\"knativebrokerttl\" not found"}
{"level":"info","ts":"2019-12-03T21:04:45.689Z","logger":"broker_ingress","caller":"ingress/ingress_handler.go:120","msg":"Error retrieving TTL, defaulting.","commit":"7655d9c","error":"\"knativebrokerttl\" not found"}
{"level":"info","ts":"2019-12-03T21:04:45.689Z","logger":"broker_ingress","caller":"ingress/ingress_handler.go:120","msg":"Error retrieving TTL, defaulting.","commit":"7655d9c","error":"\"knativebrokerttl\" not found"}
{"level":"info","ts":"2019-12-03T21:04:45.689Z","logger":"broker_ingress","caller":"ingress/ingress_handler.go:120","msg":"Error retrieving TTL, defaulting.","commit":"7655d9c","error":"\"knativebrokerttl\" not found"}
{"level":"info","ts":"2019-12-03T21:04:45.689Z","logger":"broker_ingress","caller":"ingress/ingress_handler.go:120","msg":"Error retrieving TTL, defaulting.","commit":"7655d9c","error":"\"knativebrokerttl\" not found"}
{"level":"info","ts":"2019-12-03T21:04:45.689Z","logger":"broker_ingress","caller":"ingress/ingress_handler.go:120","msg":"Error retrieving TTL, defaulting.","commit":"7655d9c","error":"\"knativebrokerttl\" not found"}
{"level":"info","ts":"2019-12-03T21:04:45.689Z","logger":"broker_ingress","caller":"ingress/ingress_handler.go:120","msg":"Error retrieving TTL, defaulting.","commit":"7655d9c","error":"\"knativebrokerttl\" not found"}
{"level":"info","ts":"2019-12-03T21:04:45.690Z","logger":"broker_ingress","caller":"ingress/ingress_handler.go:120","msg":"Error retrieving TTL, defaulting.","commit":"7655d9c","error":"\"knativebrokerttl\" not found"}
{"level":"info","ts":"2019-12-03T21:04:45.690Z","logger":"broker_ingress","caller":"ingress/ingress_handler.go:120","msg":"Error retrieving TTL, defaulting.","commit":"7655d9c","error":"\"knativebrokerttl\" not found"}
{"level":"info","ts":"2019-12-03T21:04:45.694Z","logger":"broker_ingress","caller":"ingress/ingress_handler.go:120","msg":"Error retrieving TTL, defaulting.","commit":"7655d9c","error":"\"knativebrokerttl\" not found"}
{"level":"info","ts":"2019-12-03T21:04:45.694Z","logger":"broker_ingress","caller":"ingress/ingress_handler.go:120","msg":"Error retrieving TTL, defaulting.","commit":"7655d9c","error":"\"knativebrokerttl\" not found"}
{"level":"info","ts":"2019-12-03T21:04:45.694Z","logger":"broker_ingress","caller":"ingress/ingress_handler.go:120","msg":"Error retrieving TTL, defaulting.","commit":"7655d9c","error":"\"knativebrokerttl\" not found"}
{"level":"info","ts":"2019-12-03T21:04:45.695Z","logger":"broker_ingress","caller":"ingress/ingress_handler.go:120","msg":"Error retrieving TTL, defaulting.","commit":"7655d9c","error":"\"knativebrokerttl\" not found"}
{"level":"info","ts":"2019-12-03T21:04:45.695Z","logger":"broker_ingress","caller":"ingress/ingress_handler.go:120","msg":"Error retrieving TTL, defaulting.","commit":"7655d9c","error":"\"knativebrokerttl\" not found"}
{"level":"info","ts":"2019-12-03T21:04:45.695Z","logger":"broker_ingress","caller":"ingress/ingress_handler.go:120","msg":"Error retrieving TTL, defaulting.","commit":"7655d9c","error":"\"knativebrokerttl\" not found"}
{"level":"info","ts":"2019-12-03T21:04:45.695Z","logger":"broker_ingress","caller":"ingress/ingress_handler.go:120","msg":"Error retrieving TTL, defaulting.","commit":"7655d9c","error":"\"knativebrokerttl\" not found"}
{"level":"info","ts":"2019-12-03T21:04:45.695Z","logger":"broker_ingress","caller":"ingress/ingress_handler.go:120","msg":"Error retrieving TTL, defaulting.","commit":"7655d9c","error":"\"knativebrokerttl\" not found"}
{"level":"info","ts":"2019-12-03T21:04:45.695Z","logger":"broker_ingress","caller":"ingress/ingress_handler.go:120","msg":"Error retrieving TTL, defaulting.","commit":"7655d9c","error":"\"knativebrokerttl\" not found"}
{"level":"info","ts":"2019-12-03T21:04:45.695Z","logger":"broker_ingress","caller":"ingress/ingress_handler.go:120","msg":"Error retrieving TTL, defaulting.","commit":"7655d9c","error":"\"knativebrokerttl\" not found"}
{"level":"info","ts":"2019-12-03T21:04:45.695Z","logger":"broker_ingress","caller":"ingress/ingress_handler.go:120","msg":"Error retrieving TTL, defaulting.","commit":"7655d9c","error":"\"knativebrokerttl\" not found"}
{"level":"info","ts":"2019-12-03T21:04:45.696Z","logger":"broker_ingress","caller":"ingress/ingress_handler.go:120","msg":"Error retrieving TTL, defaulting.","commit":"7655d9c","error":"\"knativebrokerttl\" not found"}
{"level":"info","ts":"2019-12-03T21:04:45.696Z","logger":"broker_ingress","caller":"ingress/ingress_handler.go:120","msg":"Error retrieving TTL, defaulting.","commit":"7655d9c","error":"\"knativebrokerttl\" not found"}
{"level":"info","ts":"2019-12-03T21:04:45.697Z","logger":"broker_ingress","caller":"ingress/ingress_handler.go:120","msg":"Error retrieving TTL, defaulting.","commit":"7655d9c","error":"\"knativebrokerttl\" not found"}
{"level":"info","ts":"2019-12-03T21:04:45.697Z","logger":"broker_ingress","caller":"ingress/ingress_handler.go:120","msg":"Error retrieving TTL, defaulting.","commit":"7655d9c","error":"\"knativebrokerttl\" not found"}
{"level":"info","ts":"2019-12-03T21:04:45.697Z","logger":"broker_ingress","caller":"ingress/ingress_handler.go:120","msg":"Error retrieving TTL, defaulting.","commit":"7655d9c","error":"\"knativebrokerttl\" not found"}
{"level":"info","ts":"2019-12-03T21:04:45.697Z","logger":"broker_ingress","caller":"ingress/ingress_handler.go:120","msg":"Error retrieving TTL, defaulting.","commit":"7655d9c","error":"\"knativebrokerttl\" not found"}
{"level":"info","ts":"2019-12-03T21:04:45.697Z","logger":"broker_ingress","caller":"ingress/ingress_handler.go:120","msg":"Error retrieving TTL, defaulting.","commit":"7655d9c","error":"\"knativebrokerttl\" not found"}
{"level":"info","ts":"2019-12-03T21:04:45.698Z","logger":"broker_ingress","caller":"ingress/ingress_handler.go:120","msg":"Error retrieving TTL, defaulting.","commit":"7655d9c","error":"\"knativebrokerttl\" not found"}
{"level":"info","ts":"2019-12-03T21:04:45.699Z","logger":"broker_ingress","caller":"ingress/ingress_handler.go:120","msg":"Error retrieving TTL, defaulting.","commit":"7655d9c","error":"\"knativebrokerttl\" not found"}
{"level":"info","ts":"2019-12-03T21:04:45.699Z","logger":"broker_ingress","caller":"ingress/ingress_handler.go:120","msg":"Error retrieving TTL, defaulting.","commit":"7655d9c","error":"\"knativebrokerttl\" not found"}
{"level":"info","ts":"2019-12-03T21:04:45.699Z","logger":"broker_ingress","caller":"ingress/ingress_handler.go:120","msg":"Error retrieving TTL, defaulting.","commit":"7655d9c","error":"\"knativebrokerttl\" not found"}
{"level":"info","ts":"2019-12-03T21:04:45.699Z","logger":"broker_ingress","caller":"ingress/ingress_handler.go:120","msg":"Error retrieving TTL, defaulting.","commit":"7655d9c","error":"\"knativebrokerttl\" not found"}
{"level":"info","ts":"2019-12-03T21:04:45.699Z","logger":"broker_ingress","caller":"ingress/ingress_handler.go:120","msg":"Error retrieving TTL, defaulting.","commit":"7655d9c","error":"\"knativebrokerttl\" not found"}
{"level":"info","ts":"2019-12-03T21:04:45.699Z","logger":"broker_ingress","caller":"ingress/ingress_handler.go:120","msg":"Error retrieving TTL, defaulting.","commit":"7655d9c","error":"\"knativebrokerttl\" not found"}
{"level":"info","ts":"2019-12-03T21:04:45.699Z","logger":"broker_ingress","caller":"ingress/ingress_handler.go:120","msg":"Error retrieving TTL, defaulting.","commit":"7655d9c","error":"\"knativebrokerttl\" not found"}
{"level":"info","ts":"2019-12-03T21:04:45.700Z","logger":"broker_ingress","caller":"ingress/ingress_handler.go:120","msg":"Error retrieving TTL, defaulting.","commit":"7655d9c","error":"\"knativebrokerttl\" not found"}
{"level":"info","ts":"2019-12-03T21:04:45.700Z","logger":"broker_ingress","caller":"ingress/ingress_handler.go:120","msg":"Error retrieving TTL, defaulting.","commit":"7655d9c","error":"\"knativebrokerttl\" not found"}
{"level":"info","ts":"2019-12-03T21:04:45.700Z","logger":"broker_ingress","caller":"ingress/ingress_handler.go:120","msg":"Error retrieving TTL, defaulting.","commit":"7655d9c","error":"\"knativebrokerttl\" not found"}
{"level":"info","ts":"2019-12-03T21:04:45.704Z","logger":"broker_ingress","caller":"ingress/ingress_handler.go:120","msg":"Error retrieving TTL, defaulting.","commit":"7655d9c","error":"\"knativebrokerttl\" not found"}
{"level":"info","ts":"2019-12-03T21:04:45.704Z","logger":"broker_ingress","caller":"ingress/ingress_handler.go:120","msg":"Error retrieving TTL, defaulting.","commit":"7655d9c","error":"\"knativebrokerttl\" not found"}
{"level":"info","ts":"2019-12-03T21:04:45.704Z","logger":"broker_ingress","caller":"ingress/ingress_handler.go:120","msg":"Error retrieving TTL, defaulting.","commit":"7655d9c","error":"\"knativebrokerttl\" not found"}
{"level":"info","ts":"2019-12-03T21:04:45.704Z","logger":"broker_ingress","caller":"ingress/ingress_handler.go:120","msg":"Error retrieving TTL, defaulting.","commit":"7655d9c","error":"\"knativebrokerttl\" not found"}
{"level":"info","ts":"2019-12-03T21:04:45.704Z","logger":"broker_ingress","caller":"ingress/ingress_handler.go:120","msg":"Error retrieving TTL, defaulting.","commit":"7655d9c","error":"\"knativebrokerttl\" not found"}
{"level":"info","ts":"2019-12-03T21:04:45.705Z","logger":"broker_ingress","caller":"ingress/ingress_handler.go:120","msg":"Error retrieving TTL, defaulting.","commit":"7655d9c","error":"\"knativebrokerttl\" not found"}
{"level":"info","ts":"2019-12-03T21:04:45.705Z","logger":"broker_ingress","caller":"ingress/ingress_handler.go:120","msg":"Error retrieving TTL, defaulting.","commit":"7655d9c","error":"\"knativebrokerttl\" not found"}
{"level":"info","ts":"2019-12-03T21:04:45.705Z","logger":"broker_ingress","caller":"ingress/ingress_handler.go:120","msg":"Error retrieving TTL, defaulting.","commit":"7655d9c","error":"\"knativebrokerttl\" not found"}
{"level":"info","ts":"2019-12-03T21:04:45.705Z","logger":"broker_ingress","caller":"ingress/ingress_handler.go:120","msg":"Error retrieving TTL, defaulting.","commit":"7655d9c","error":"\"knativebrokerttl\" not found"}
{"level":"info","ts":"2019-12-03T21:04:45.705Z","logger":"broker_ingress","caller":"ingress/ingress_handler.go:120","msg":"Error retrieving TTL, defaulting.","commit":"7655d9c","error":"\"knativebrokerttl\" not found"}
{"level":"info","ts":"2019-12-03T21:04:45.705Z","logger":"broker_ingress","caller":"ingress/ingress_handler.go:120","msg":"Error retrieving TTL, defaulting.","commit":"7655d9c","error":"\"knativebrokerttl\" not found"}
{"level":"info","ts":"2019-12-03T21:04:45.705Z","logger":"broker_ingress","caller":"ingress/ingress_handler.go:120","msg":"Error retrieving TTL, defaulting.","commit":"7655d9c","error":"\"knativebrokerttl\" not found"}
{"level":"info","ts":"2019-12-03T21:04:45.706Z","logger":"broker_ingress","caller":"ingress/ingress_handler.go:120","msg":"Error retrieving TTL, defaulting.","commit":"7655d9c","error":"\"knativebrokerttl\" not found"}
{"level":"info","ts":"2019-12-03T21:04:45.706Z","logger":"broker_ingress","caller":"ingress/ingress_handler.go:120","msg":"Error retrieving TTL, defaulting.","commit":"7655d9c","error":"\"knativebrokerttl\" not found"}
{"level":"info","ts":"2019-12-03T21:04:45.706Z","logger":"broker_ingress","caller":"ingress/ingress_handler.go:120","msg":"Error retrieving TTL, defaulting.","commit":"7655d9c","error":"\"knativebrokerttl\" not found"}
{"level":"info","ts":"2019-12-03T21:04:45.706Z","logger":"broker_ingress","caller":"ingress/ingress_handler.go:120","msg":"Error retrieving TTL, defaulting.","commit":"7655d9c","error":"\"knativebrokerttl\" not found"}
{"level":"info","ts":"2019-12-03T21:04:45.707Z","logger":"broker_ingress","caller":"ingress/ingress_handler.go:120","msg":"Error retrieving TTL, defaulting.","commit":"7655d9c","error":"\"knativebrokerttl\" not found"}
{"level":"info","ts":"2019-12-03T21:04:45.707Z","logger":"broker_ingress","caller":"ingress/ingress_handler.go:120","msg":"Error retrieving TTL, defaulting.","commit":"7655d9c","error":"\"knativebrokerttl\" not found"}
{"level":"info","ts":"2019-12-03T21:04:45.707Z","logger":"broker_ingress","caller":"ingress/ingress_handler.go:120","msg":"Error retrieving TTL, defaulting.","commit":"7655d9c","error":"\"knativebrokerttl\" not found"}
{"level":"info","ts":"2019-12-03T21:04:45.707Z","logger":"broker_ingress","caller":"ingress/ingress_handler.go:120","msg":"Error retrieving TTL, defaulting.","commit":"7655d9c","error":"\"knativebrokerttl\" not found"}
{"level":"info","ts":"2019-12-03T21:04:45.707Z","logger":"broker_ingress","caller":"ingress/ingress_handler.go:120","msg":"Error retrieving TTL, defaulting.","commit":"7655d9c","error":"\"knativebrokerttl\" not found"}
{"level":"info","ts":"2019-12-03T21:04:45.707Z","logger":"broker_ingress","caller":"ingress/ingress_handler.go:120","msg":"Error retrieving TTL, defaulting.","commit":"7655d9c","error":"\"knativebrokerttl\" not found"}
{"level":"info","ts":"2019-12-03T21:04:45.707Z","logger":"broker_ingress","caller":"ingress/ingress_handler.go:120","msg":"Error retrieving TTL, defaulting.","commit":"7655d9c","error":"\"knativebrokerttl\" not found"}
{"level":"info","ts":"2019-12-03T21:04:45.707Z","logger":"broker_ingress","caller":"ingress/ingress_handler.go:120","msg":"Error retrieving TTL, defaulting.","commit":"7655d9c","error":"\"knativebrokerttl\" not found"}
{"level":"info","ts":"2019-12-03T21:04:45.708Z","logger":"broker_ingress","caller":"ingress/ingress_handler.go:120","msg":"Error retrieving TTL, defaulting.","commit":"7655d9c","error":"\"knativebrokerttl\" not found"}
{"level":"info","ts":"2019-12-03T21:04:45.709Z","logger":"broker_ingress","caller":"ingress/ingress_handler.go:120","msg":"Error retrieving TTL, defaulting.","commit":"7655d9c","error":"\"knativebrokerttl\" not found"}
{"level":"info","ts":"2019-12-03T21:04:45.711Z","logger":"broker_ingress","caller":"ingress/ingress_handler.go:120","msg":"Error retrieving TTL, defaulting.","commit":"7655d9c","error":"\"knativebrokerttl\" not found"}
{"level":"info","ts":"2019-12-03T21:04:45.711Z","logger":"broker_ingress","caller":"ingress/ingress_handler.go:120","msg":"Error retrieving TTL, defaulting.","commit":"7655d9c","error":"\"knativebrokerttl\" not found"}
{"level":"info","ts":"2019-12-03T21:04:45.712Z","logger":"broker_ingress","caller":"ingress/ingress_handler.go:120","msg":"Error retrieving TTL, defaulting.","commit":"7655d9c","error":"\"knativebrokerttl\" not found"}
{"level":"info","ts":"2019-12-03T21:04:45.713Z","logger":"broker_ingress","caller":"ingress/ingress_handler.go:120","msg":"Error retrieving TTL, defaulting.","commit":"7655d9c","error":"\"knativebrokerttl\" not found"}
{"level":"info","ts":"2019-12-03T21:04:45.713Z","logger":"broker_ingress","caller":"ingress/ingress_handler.go:120","msg":"Error retrieving TTL, defaulting.","commit":"7655d9c","error":"\"knativebrokerttl\" not found"}
{"level":"info","ts":"2019-12-03T21:04:45.713Z","logger":"broker_ingress","caller":"ingress/ingress_handler.go:120","msg":"Error retrieving TTL, defaulting.","commit":"7655d9c","error":"\"knativebrokerttl\" not found"}
{"level":"info","ts":"2019-12-03T21:04:45.713Z","logger":"broker_ingress","caller":"ingress/ingress_handler.go:120","msg":"Error retrieving TTL, defaulting.","commit":"7655d9c","error":"\"knativebrokerttl\" not found"}
{"level":"info","ts":"2019-12-03T21:04:45.713Z","logger":"broker_ingress","caller":"ingress/ingress_handler.go:120","msg":"Error retrieving TTL, defaulting.","commit":"7655d9c","error":"\"knativebrokerttl\" not found"}
{"level":"info","ts":"2019-12-03T21:04:45.713Z","logger":"broker_ingress","caller":"ingress/ingress_handler.go:120","msg":"Error retrieving TTL, defaulting.","commit":"7655d9c","error":"\"knativebrokerttl\" not found"}
{"level":"info","ts":"2019-12-03T21:04:45.713Z","logger":"broker_ingress","caller":"ingress/ingress_handler.go:120","msg":"Error retrieving TTL, defaulting.","commit":"7655d9c","error":"\"knativebrokerttl\" not found"}
{"level":"info","ts":"2019-12-03T21:04:45.713Z","logger":"broker_ingress","caller":"ingress/ingress_handler.go:120","msg":"Error retrieving TTL, defaulting.","commit":"7655d9c","error":"\"knativebrokerttl\" not found"}
{"level":"info","ts":"2019-12-03T21:04:45.714Z","logger":"broker_ingress","caller":"ingress/ingress_handler.go:120","msg":"Error retrieving TTL, defaulting.","commit":"7655d9c","error":"\"knativebrokerttl\" not found"}
{"level":"info","ts":"2019-12-03T21:04:45.714Z","logger":"broker_ingress","caller":"ingress/ingress_handler.go:120","msg":"Error retrieving TTL, defaulting.","commit":"7655d9c","error":"\"knativebrokerttl\" not found"}
{"level":"info","ts":"2019-12-03T21:04:45.714Z","logger":"broker_ingress","caller":"ingress/ingress_handler.go:120","msg":"Error retrieving TTL, defaulting.","commit":"7655d9c","error":"\"knativebrokerttl\" not found"}
{"level":"info","ts":"2019-12-03T21:04:45.714Z","logger":"broker_ingress","caller":"ingress/ingress_handler.go:120","msg":"Error retrieving TTL, defaulting.","commit":"7655d9c","error":"\"knativebrokerttl\" not found"}
{"level":"info","ts":"2019-12-03T21:04:45.715Z","logger":"broker_ingress","caller":"ingress/ingress_handler.go:120","msg":"Error retrieving TTL, defaulting.","commit":"7655d9c","error":"\"knativebrokerttl\" not found"}
{"level":"info","ts":"2019-12-03T21:04:45.715Z","logger":"broker_ingress","caller":"ingress/ingress_handler.go:120","msg":"Error retrieving TTL, defaulting.","commit":"7655d9c","error":"\"knativebrokerttl\" not found"}
{"level":"info","ts":"2019-12-03T21:04:45.716Z","logger":"broker_ingress","caller":"ingress/ingress_handler.go:120","msg":"Error retrieving TTL, defaulting.","commit":"7655d9c","error":"\"knativebrokerttl\" not found"}
{"level":"info","ts":"2019-12-03T21:04:45.717Z","logger":"broker_ingress","caller":"ingress/ingress_handler.go:120","msg":"Error retrieving TTL, defaulting.","commit":"7655d9c","error":"\"knativebrokerttl\" not found"}
{"level":"info","ts":"2019-12-03T21:04:45.717Z","logger":"broker_ingress","caller":"ingress/ingress_handler.go:120","msg":"Error retrieving TTL, defaulting.","commit":"7655d9c","error":"\"knativebrokerttl\" not found"}
{"level":"info","ts":"2019-12-03T21:04:45.718Z","logger":"broker_ingress","caller":"ingress/ingress_handler.go:120","msg":"Error retrieving TTL, defaulting.","commit":"7655d9c","error":"\"knativebrokerttl\" not found"}
{"level":"info","ts":"2019-12-03T21:04:45.718Z","logger":"broker_ingress","caller":"ingress/ingress_handler.go:120","msg":"Error retrieving TTL, defaulting.","commit":"7655d9c","error":"\"knativebrokerttl\" not found"}
{"level":"info","ts":"2019-12-03T21:04:45.719Z","logger":"broker_ingress","caller":"ingress/ingress_handler.go:120","msg":"Error retrieving TTL, defaulting.","commit":"7655d9c","error":"\"knativebrokerttl\" not found"}
{"level":"info","ts":"2019-12-03T21:04:45.719Z","logger":"broker_ingress","caller":"ingress/ingress_handler.go:120","msg":"Error retrieving TTL, defaulting.","commit":"7655d9c","error":"\"knativebrokerttl\" not found"}
{"level":"info","ts":"2019-12-03T21:04:45.720Z","logger":"broker_ingress","caller":"ingress/ingress_handler.go:120","msg":"Error retrieving TTL, defaulting.","commit":"7655d9c","error":"\"knativebrokerttl\" not found"}
{"level":"info","ts":"2019-12-03T21:04:45.720Z","logger":"broker_ingress","caller":"ingress/ingress_handler.go:120","msg":"Error retrieving TTL, defaulting.","commit":"7655d9c","error":"\"knativebrokerttl\" not found"}
{"level":"info","ts":"2019-12-03T21:04:45.720Z","logger":"broker_ingress","caller":"ingress/ingress_handler.go:120","msg":"Error retrieving TTL, defaulting.","commit":"7655d9c","error":"\"knativebrokerttl\" not found"}
{"level":"info","ts":"2019-12-03T21:04:45.720Z","logger":"broker_ingress","caller":"ingress/ingress_handler.go:120","msg":"Error retrieving TTL, defaulting.","commit":"7655d9c","error":"\"knativebrokerttl\" not found"}
{"level":"info","ts":"2019-12-03T21:04:45.720Z","logger":"broker_ingress","caller":"ingress/ingress_handler.go:120","msg":"Error retrieving TTL, defaulting.","commit":"7655d9c","error":"\"knativebrokerttl\" not found"}
{"level":"info","ts":"2019-12-03T21:04:45.720Z","logger":"broker_ingress","caller":"ingress/ingress_handler.go:120","msg":"Error retrieving TTL, defaulting.","commit":"7655d9c","error":"\"knativebrokerttl\" not found"}
{"level":"info","ts":"2019-12-03T21:04:45.720Z","logger":"broker_ingress","caller":"ingress/ingress_handler.go:120","msg":"Error retrieving TTL, defaulting.","commit":"7655d9c","error":"\"knativebrokerttl\" not found"}
{"level":"info","ts":"2019-12-03T21:04:45.721Z","logger":"broker_ingress","caller":"ingress/ingress_handler.go:120","msg":"Error retrieving TTL, defaulting.","commit":"7655d9c","error":"\"knativebrokerttl\" not found"}
{"level":"info","ts":"2019-12-03T21:04:45.721Z","logger":"broker_ingress","caller":"ingress/ingress_handler.go:120","msg":"Error retrieving TTL, defaulting.","commit":"7655d9c","error":"\"knativebrokerttl\" not found"}
{"level":"info","ts":"2019-12-03T21:04:45.721Z","logger":"broker_ingress","caller":"ingress/ingress_handler.go:120","msg":"Error retrieving TTL, defaulting.","commit":"7655d9c","error":"\"knativebrokerttl\" not found"}
{"level":"info","ts":"2019-12-03T21:04:45.721Z","logger":"broker_ingress","caller":"ingress/ingress_handler.go:120","msg":"Error retrieving TTL, defaulting.","commit":"7655d9c","error":"\"knativebrokerttl\" not found"}
{"level":"info","ts":"2019-12-03T21:04:45.721Z","logger":"broker_ingress","caller":"ingress/ingress_handler.go:120","msg":"Error retrieving TTL, defaulting.","commit":"7655d9c","error":"\"knativebrokerttl\" not found"}
{"level":"info","ts":"2019-12-03T21:04:45.721Z","logger":"broker_ingress","caller":"ingress/ingress_handler.go:120","msg":"Error retrieving TTL, defaulting.","commit":"7655d9c","error":"\"knativebrokerttl\" not found"}
{"level":"info","ts":"2019-12-03T21:04:45.721Z","logger":"broker_ingress","caller":"ingress/ingress_handler.go:120","msg":"Error retrieving TTL, defaulting.","commit":"7655d9c","error":"\"knativebrokerttl\" not found"}
{"level":"info","ts":"2019-12-03T21:04:45.721Z","logger":"broker_ingress","caller":"ingress/ingress_handler.go:120","msg":"Error retrieving TTL, defaulting.","commit":"7655d9c","error":"\"knativebrokerttl\" not found"}
{"level":"info","ts":"2019-12-03T21:04:45.718Z","logger":"broker_ingress","caller":"ingress/ingress_handler.go:120","msg":"Error retrieving TTL, defaulting.","commit":"7655d9c","error":"\"knativebrokerttl\" not found"}
{"level":"info","ts":"2019-12-03T21:04:45.722Z","logger":"broker_ingress","caller":"ingress/ingress_handler.go:120","msg":"Error retrieving TTL, defaulting.","commit":"7655d9c","error":"\"knativebrokerttl\" not found"}
{"level":"info","ts":"2019-12-03T21:04:45.722Z","logger":"broker_ingress","caller":"ingress/ingress_handler.go:120","msg":"Error retrieving TTL, defaulting.","commit":"7655d9c","error":"\"knativebrokerttl\" not found"}
{"level":"info","ts":"2019-12-03T21:04:45.722Z","logger":"broker_ingress","caller":"ingress/ingress_handler.go:120","msg":"Error retrieving TTL, defaulting.","commit":"7655d9c","error":"\"knativebrokerttl\" not found"}
{"level":"info","ts":"2019-12-03T21:04:45.723Z","logger":"broker_ingress","caller":"ingress/ingress_handler.go:120","msg":"Error retrieving TTL, defaulting.","commit":"7655d9c","error":"\"knativebrokerttl\" not found"}
{"level":"info","ts":"2019-12-03T21:04:45.723Z","logger":"broker_ingress","caller":"ingress/ingress_handler.go:120","msg":"Error retrieving TTL, defaulting.","commit":"7655d9c","error":"\"knativebrokerttl\" not found"}
{"level":"info","ts":"2019-12-03T21:04:45.723Z","logger":"broker_ingress","caller":"ingress/ingress_handler.go:120","msg":"Error retrieving TTL, defaulting.","commit":"7655d9c","error":"\"knativebrokerttl\" not found"}
{"level":"info","ts":"2019-12-03T21:04:45.723Z","logger":"broker_ingress","caller":"ingress/ingress_handler.go:120","msg":"Error retrieving TTL, defaulting.","commit":"7655d9c","error":"\"knativebrokerttl\" not found"}
{"level":"info","ts":"2019-12-03T21:04:45.723Z","logger":"broker_ingress","caller":"ingress/ingress_handler.go:120","msg":"Error retrieving TTL, defaulting.","commit":"7655d9c","error":"\"knativebrokerttl\" not found"}
{"level":"info","ts":"2019-12-03T21:04:45.723Z","logger":"broker_ingress","caller":"ingress/ingress_handler.go:120","msg":"Error retrieving TTL, defaulting.","commit":"7655d9c","error":"\"knativebrokerttl\" not found"}
{"level":"info","ts":"2019-12-03T21:04:45.723Z","logger":"broker_ingress","caller":"ingress/ingress_handler.go:120","msg":"Error retrieving TTL, defaulting.","commit":"7655d9c","error":"\"knativebrokerttl\" not found"}
{"level":"info","ts":"2019-12-03T21:04:45.723Z","logger":"broker_ingress","caller":"ingress/ingress_handler.go:120","msg":"Error retrieving TTL, defaulting.","commit":"7655d9c","error":"\"knativebrokerttl\" not found"}
{"level":"info","ts":"2019-12-03T21:04:45.724Z","logger":"broker_ingress","caller":"ingress/ingress_handler.go:120","msg":"Error retrieving TTL, defaulting.","commit":"7655d9c","error":"\"knativebrokerttl\" not found"}
{"level":"info","ts":"2019-12-03T21:04:45.724Z","logger":"broker_ingress","caller":"ingress/ingress_handler.go:120","msg":"Error retrieving TTL, defaulting.","commit":"7655d9c","error":"\"knativebrokerttl\" not found"}
{"level":"info","ts":"2019-12-03T21:04:45.725Z","logger":"broker_ingress","caller":"ingress/ingress_handler.go:120","msg":"Error retrieving TTL, defaulting.","commit":"7655d9c","error":"\"knativebrokerttl\" not found"}
{"level":"info","ts":"2019-12-03T21:04:45.725Z","logger":"broker_ingress","caller":"ingress/ingress_handler.go:120","msg":"Error retrieving TTL, defaulting.","commit":"7655d9c","error":"\"knativebrokerttl\" not found"}
{"level":"info","ts":"2019-12-03T21:04:45.725Z","logger":"broker_ingress","caller":"ingress/ingress_handler.go:120","msg":"Error retrieving TTL, defaulting.","commit":"7655d9c","error":"\"knativebrokerttl\" not found"}
{"level":"info","ts":"2019-12-03T21:04:45.726Z","logger":"broker_ingress","caller":"ingress/ingress_handler.go:120","msg":"Error retrieving TTL, defaulting.","commit":"7655d9c","error":"\"knativebrokerttl\" not found"}
{"level":"info","ts":"2019-12-03T21:04:45.726Z","logger":"broker_ingress","caller":"ingress/ingress_handler.go:120","msg":"Error retrieving TTL, defaulting.","commit":"7655d9c","error":"\"knativebrokerttl\" not found"}
{"level":"info","ts":"2019-12-03T21:04:45.726Z","logger":"broker_ingress","caller":"ingress/ingress_handler.go:120","msg":"Error retrieving TTL, defaulting.","commit":"7655d9c","error":"\"knativebrokerttl\" not found"}
{"level":"info","ts":"2019-12-03T21:04:45.726Z","logger":"broker_ingress","caller":"ingress/ingress_handler.go:120","msg":"Error retrieving TTL, defaulting.","commit":"7655d9c","error":"\"knativebrokerttl\" not found"}
{"level":"info","ts":"2019-12-03T21:04:45.726Z","logger":"broker_ingress","caller":"ingress/ingress_handler.go:120","msg":"Error retrieving TTL, defaulting.","commit":"7655d9c","error":"\"knativebrokerttl\" not found"}
{"level":"info","ts":"2019-12-03T21:04:45.726Z","logger":"broker_ingress","caller":"ingress/ingress_handler.go:120","msg":"Error retrieving TTL, defaulting.","commit":"7655d9c","error":"\"knativebrokerttl\" not found"}
{"level":"info","ts":"2019-12-03T21:04:45.726Z","logger":"broker_ingress","caller":"ingress/ingress_handler.go:120","msg":"Error retrieving TTL, defaulting.","commit":"7655d9c","error":"\"knativebrokerttl\" not found"}
{"level":"info","ts":"2019-12-03T21:04:45.729Z","logger":"broker_ingress","caller":"ingress/ingress_handler.go:120","msg":"Error retrieving TTL, defaulting.","commit":"7655d9c","error":"\"knativebrokerttl\" not found"}
{"level":"info","ts":"2019-12-03T21:04:45.729Z","logger":"broker_ingress","caller":"ingress/ingress_handler.go:120","msg":"Error retrieving TTL, defaulting.","commit":"7655d9c","error":"\"knativebrokerttl\" not found"}
{"level":"info","ts":"2019-12-03T21:04:45.724Z","logger":"broker_ingress","caller":"ingress/ingress_handler.go:120","msg":"Error retrieving TTL, defaulting.","commit":"7655d9c","error":"\"knativebrokerttl\" not found"}
{"level":"info","ts":"2019-12-03T21:04:45.734Z","logger":"broker_ingress","caller":"ingress/ingress_handler.go:120","msg":"Error retrieving TTL, defaulting.","commit":"7655d9c","error":"\"knativebrokerttl\" not found"}
{"level":"info","ts":"2019-12-03T21:04:45.734Z","logger":"broker_ingress","caller":"ingress/ingress_handler.go:120","msg":"Error retrieving TTL, defaulting.","commit":"7655d9c","error":"\"knativebrokerttl\" not found"}
{"level":"info","ts":"2019-12-03T21:04:45.734Z","logger":"broker_ingress","caller":"ingress/ingress_handler.go:120","msg":"Error retrieving TTL, defaulting.","commit":"7655d9c","error":"\"knativebrokerttl\" not found"}
{"level":"info","ts":"2019-12-03T21:04:45.735Z","logger":"broker_ingress","caller":"ingress/ingress_handler.go:120","msg":"Error retrieving TTL, defaulting.","commit":"7655d9c","error":"\"knativebrokerttl\" not found"}
{"level":"info","ts":"2019-12-03T21:04:45.735Z","logger":"broker_ingress","caller":"ingress/ingress_handler.go:120","msg":"Error retrieving TTL, defaulting.","commit":"7655d9c","error":"\"knativebrokerttl\" not found"}
{"level":"info","ts":"2019-12-03T21:04:45.735Z","logger":"broker_ingress","caller":"ingress/ingress_handler.go:120","msg":"Error retrieving TTL, defaulting.","commit":"7655d9c","error":"\"knativebrokerttl\" not found"}
{"level":"info","ts":"2019-12-03T21:04:45.735Z","logger":"broker_ingress","caller":"ingress/ingress_handler.go:120","msg":"Error retrieving TTL, defaulting.","commit":"7655d9c","error":"\"knativebrokerttl\" not found"}
{"level":"info","ts":"2019-12-03T21:04:45.735Z","logger":"broker_ingress","caller":"ingress/ingress_handler.go:120","msg":"Error retrieving TTL, defaulting.","commit":"7655d9c","error":"\"knativebrokerttl\" not found"}
{"level":"info","ts":"2019-12-03T21:04:45.736Z","logger":"broker_ingress","caller":"ingress/ingress_handler.go:120","msg":"Error retrieving TTL, defaulting.","commit":"7655d9c","error":"\"knativebrokerttl\" not found"}
{"level":"info","ts":"2019-12-03T21:04:45.736Z","logger":"broker_ingress","caller":"ingress/ingress_handler.go:120","msg":"Error retrieving TTL, defaulting.","commit":"7655d9c","error":"\"knativebrokerttl\" not found"}
{"level":"info","ts":"2019-12-03T21:04:45.736Z","logger":"broker_ingress","caller":"ingress/ingress_handler.go:120","msg":"Error retrieving TTL, defaulting.","commit":"7655d9c","error":"\"knativebrokerttl\" not found"}
{"level":"info","ts":"2019-12-03T21:04:45.736Z","logger":"broker_ingress","caller":"ingress/ingress_handler.go:120","msg":"Error retrieving TTL, defaulting.","commit":"7655d9c","error":"\"knativebrokerttl\" not found"}
{"level":"info","ts":"2019-12-03T21:04:45.736Z","logger":"broker_ingress","caller":"ingress/ingress_handler.go:120","msg":"Error retrieving TTL, defaulting.","commit":"7655d9c","error":"\"knativebrokerttl\" not found"}
{"level":"info","ts":"2019-12-03T21:04:45.736Z","logger":"broker_ingress","caller":"ingress/ingress_handler.go:120","msg":"Error retrieving TTL, defaulting.","commit":"7655d9c","error":"\"knativebrokerttl\" not found"}
{"level":"info","ts":"2019-12-03T21:04:45.737Z","logger":"broker_ingress","caller":"ingress/ingress_handler.go:120","msg":"Error retrieving TTL, defaulting.","commit":"7655d9c","error":"\"knativebrokerttl\" not found"}
{"level":"info","ts":"2019-12-03T21:04:45.737Z","logger":"broker_ingress","caller":"ingress/ingress_handler.go:120","msg":"Error retrieving TTL, defaulting.","commit":"7655d9c","error":"\"knativebrokerttl\" not found"}
{"level":"info","ts":"2019-12-03T21:04:45.737Z","logger":"broker_ingress","caller":"ingress/ingress_handler.go:120","msg":"Error retrieving TTL, defaulting.","commit":"7655d9c","error":"\"knativebrokerttl\" not found"}
{"level":"info","ts":"2019-12-03T21:04:45.737Z","logger":"broker_ingress","caller":"ingress/ingress_handler.go:120","msg":"Error retrieving TTL, defaulting.","commit":"7655d9c","error":"\"knativebrokerttl\" not found"}
{"level":"info","ts":"2019-12-03T21:04:45.737Z","logger":"broker_ingress","caller":"ingress/ingress_handler.go:120","msg":"Error retrieving TTL, defaulting.","commit":"7655d9c","error":"\"knativebrokerttl\" not found"}
{"level":"info","ts":"2019-12-03T21:04:45.737Z","logger":"broker_ingress","caller":"ingress/ingress_handler.go:120","msg":"Error retrieving TTL, defaulting.","commit":"7655d9c","error":"\"knativebrokerttl\" not found"}
{"level":"info","ts":"2019-12-03T21:04:45.737Z","logger":"broker_ingress","caller":"ingress/ingress_handler.go:120","msg":"Error retrieving TTL, defaulting.","commit":"7655d9c","error":"\"knativebrokerttl\" not found"}
{"level":"info","ts":"2019-12-03T21:04:45.737Z","logger":"broker_ingress","caller":"ingress/ingress_handler.go:120","msg":"Error retrieving TTL, defaulting.","commit":"7655d9c","error":"\"knativebrokerttl\" not found"}
{"level":"info","ts":"2019-12-03T21:04:45.738Z","logger":"broker_ingress","caller":"ingress/ingress_handler.go:120","msg":"Error retrieving TTL, defaulting.","commit":"7655d9c","error":"\"knativebrokerttl\" not found"}
{"level":"info","ts":"2019-12-03T21:04:45.738Z","logger":"broker_ingress","caller":"ingress/ingress_handler.go:120","msg":"Error retrieving TTL, defaulting.","commit":"7655d9c","error":"\"knativebrokerttl\" not found"}
{"level":"info","ts":"2019-12-03T21:04:45.739Z","logger":"broker_ingress","caller":"ingress/ingress_handler.go:120","msg":"Error retrieving TTL, defaulting.","commit":"7655d9c","error":"\"knativebrokerttl\" not found"}
{"level":"info","ts":"2019-12-03T21:04:45.739Z","logger":"broker_ingress","caller":"ingress/ingress_handler.go:120","msg":"Error retrieving TTL, defaulting.","commit":"7655d9c","error":"\"knativebrokerttl\" not found"}
{"level":"info","ts":"2019-12-03T21:04:45.739Z","logger":"broker_ingress","caller":"ingress/ingress_handler.go:120","msg":"Error retrieving TTL, defaulting.","commit":"7655d9c","error":"\"knativebrokerttl\" not found"}
{"level":"info","ts":"2019-12-03T21:04:45.740Z","logger":"broker_ingress","caller":"ingress/ingress_handler.go:120","msg":"Error retrieving TTL, defaulting.","commit":"7655d9c","error":"\"knativebrokerttl\" not found"}
{"level":"info","ts":"2019-12-03T21:04:45.740Z","logger":"broker_ingress","caller":"ingress/ingress_handler.go:120","msg":"Error retrieving TTL, defaulting.","commit":"7655d9c","error":"\"knativebrokerttl\" not found"}
{"level":"info","ts":"2019-12-03T21:04:45.740Z","logger":"broker_ingress","caller":"ingress/ingress_handler.go:120","msg":"Error retrieving TTL, defaulting.","commit":"7655d9c","error":"\"knativebrokerttl\" not found"}
{"level":"info","ts":"2019-12-03T21:04:45.740Z","logger":"broker_ingress","caller":"ingress/ingress_handler.go:120","msg":"Error retrieving TTL, defaulting.","commit":"7655d9c","error":"\"knativebrokerttl\" not found"}
{"level":"info","ts":"2019-12-03T21:04:45.740Z","logger":"broker_ingress","caller":"ingress/ingress_handler.go:120","msg":"Error retrieving TTL, defaulting.","commit":"7655d9c","error":"\"knativebrokerttl\" not found"}
{"level":"info","ts":"2019-12-03T21:04:45.740Z","logger":"broker_ingress","caller":"ingress/ingress_handler.go:120","msg":"Error retrieving TTL, defaulting.","commit":"7655d9c","error":"\"knativebrokerttl\" not found"}
{"level":"info","ts":"2019-12-03T21:04:45.740Z","logger":"broker_ingress","caller":"ingress/ingress_handler.go:120","msg":"Error retrieving TTL, defaulting.","commit":"7655d9c","error":"\"knativebrokerttl\" not found"}
{"level":"info","ts":"2019-12-03T21:04:45.740Z","logger":"broker_ingress","caller":"ingress/ingress_handler.go:120","msg":"Error retrieving TTL, defaulting.","commit":"7655d9c","error":"\"knativebrokerttl\" not found"}
{"level":"info","ts":"2019-12-03T21:04:45.742Z","logger":"broker_ingress","caller":"ingress/ingress_handler.go:120","msg":"Error retrieving TTL, defaulting.","commit":"7655d9c","error":"\"knativebrokerttl\" not found"}
{"level":"info","ts":"2019-12-03T21:04:45.742Z","logger":"broker_ingress","caller":"ingress/ingress_handler.go:120","msg":"Error retrieving TTL, defaulting.","commit":"7655d9c","error":"\"knativebrokerttl\" not found"}
{"level":"info","ts":"2019-12-03T21:04:45.742Z","logger":"broker_ingress","caller":"ingress/ingress_handler.go:120","msg":"Error retrieving TTL, defaulting.","commit":"7655d9c","error":"\"knativebrokerttl\" not found"}
{"level":"info","ts":"2019-12-03T21:04:45.742Z","logger":"broker_ingress","caller":"ingress/ingress_handler.go:120","msg":"Error retrieving TTL, defaulting.","commit":"7655d9c","error":"\"knativebrokerttl\" not found"}
{"level":"info","ts":"2019-12-03T21:04:45.743Z","logger":"broker_ingress","caller":"ingress/ingress_handler.go:120","msg":"Error retrieving TTL, defaulting.","commit":"7655d9c","error":"\"knativebrokerttl\" not found"}
{"level":"info","ts":"2019-12-03T21:04:45.743Z","logger":"broker_ingress","caller":"ingress/ingress_handler.go:120","msg":"Error retrieving TTL, defaulting.","commit":"7655d9c","error":"\"knativebrokerttl\" not found"}
{"level":"info","ts":"2019-12-03T21:04:45.743Z","logger":"broker_ingress","caller":"ingress/ingress_handler.go:120","msg":"Error retrieving TTL, defaulting.","commit":"7655d9c","error":"\"knativebrokerttl\" not found"}
{"level":"info","ts":"2019-12-03T21:04:45.745Z","logger":"broker_ingress","caller":"ingress/ingress_handler.go:120","msg":"Error retrieving TTL, defaulting.","commit":"7655d9c","error":"\"knativebrokerttl\" not found"}
{"level":"info","ts":"2019-12-03T21:04:45.745Z","logger":"broker_ingress","caller":"ingress/ingress_handler.go:120","msg":"Error retrieving TTL, defaulting.","commit":"7655d9c","error":"\"knativebrokerttl\" not found"}
{"level":"info","ts":"2019-12-03T21:04:45.745Z","logger":"broker_ingress","caller":"ingress/ingress_handler.go:120","msg":"Error retrieving TTL, defaulting.","commit":"7655d9c","error":"\"knativebrokerttl\" not found"}
{"level":"info","ts":"2019-12-03T21:04:45.746Z","logger":"broker_ingress","caller":"ingress/ingress_handler.go:120","msg":"Error retrieving TTL, defaulting.","commit":"7655d9c","error":"\"knativebrokerttl\" not found"}
{"level":"info","ts":"2019-12-03T21:04:45.746Z","logger":"broker_ingress","caller":"ingress/ingress_handler.go:120","msg":"Error retrieving TTL, defaulting.","commit":"7655d9c","error":"\"knativebrokerttl\" not found"}
{"level":"info","ts":"2019-12-03T21:04:45.746Z","logger":"broker_ingress","caller":"ingress/ingress_handler.go:120","msg":"Error retrieving TTL, defaulting.","commit":"7655d9c","error":"\"knativebrokerttl\" not found"}
{"level":"info","ts":"2019-12-03T21:04:45.746Z","logger":"broker_ingress","caller":"ingress/ingress_handler.go:120","msg":"Error retrieving TTL, defaulting.","commit":"7655d9c","error":"\"knativebrokerttl\" not found"}
{"level":"info","ts":"2019-12-03T21:04:45.746Z","logger":"broker_ingress","caller":"ingress/ingress_handler.go:120","msg":"Error retrieving TTL, defaulting.","commit":"7655d9c","error":"\"knativebrokerttl\" not found"}
{"level":"info","ts":"2019-12-03T21:04:45.746Z","logger":"broker_ingress","caller":"ingress/ingress_handler.go:120","msg":"Error retrieving TTL, defaulting.","commit":"7655d9c","error":"\"knativebrokerttl\" not found"}
{"level":"info","ts":"2019-12-03T21:04:45.746Z","logger":"broker_ingress","caller":"ingress/ingress_handler.go:120","msg":"Error retrieving TTL, defaulting.","commit":"7655d9c","error":"\"knativebrokerttl\" not found"}
{"level":"info","ts":"2019-12-03T21:04:45.746Z","logger":"broker_ingress","caller":"ingress/ingress_handler.go:120","msg":"Error retrieving TTL, defaulting.","commit":"7655d9c","error":"\"knativebrokerttl\" not found"}
{"level":"info","ts":"2019-12-03T21:04:45.747Z","logger":"broker_ingress","caller":"ingress/ingress_handler.go:120","msg":"Error retrieving TTL, defaulting.","commit":"7655d9c","error":"\"knativebrokerttl\" not found"}
{"level":"info","ts":"2019-12-03T21:04:45.749Z","logger":"broker_ingress","caller":"ingress/ingress_handler.go:120","msg":"Error retrieving TTL, defaulting.","commit":"7655d9c","error":"\"knativebrokerttl\" not found"}
{"level":"info","ts":"2019-12-03T21:04:45.749Z","logger":"broker_ingress","caller":"ingress/ingress_handler.go:120","msg":"Error retrieving TTL, defaulting.","commit":"7655d9c","error":"\"knativebrokerttl\" not found"}
{"level":"info","ts":"2019-12-03T21:04:45.749Z","logger":"broker_ingress","caller":"ingress/ingress_handler.go:120","msg":"Error retrieving TTL, defaulting.","commit":"7655d9c","error":"\"knativebrokerttl\" not found"}
{"level":"info","ts":"2019-12-03T21:04:45.749Z","logger":"broker_ingress","caller":"ingress/ingress_handler.go:120","msg":"Error retrieving TTL, defaulting.","commit":"7655d9c","error":"\"knativebrokerttl\" not found"}
{"level":"info","ts":"2019-12-03T21:04:45.749Z","logger":"broker_ingress","caller":"ingress/ingress_handler.go:120","msg":"Error retrieving TTL, defaulting.","commit":"7655d9c","error":"\"knativebrokerttl\" not found"}
{"level":"info","ts":"2019-12-03T21:04:45.750Z","logger":"broker_ingress","caller":"ingress/ingress_handler.go:120","msg":"Error retrieving TTL, defaulting.","commit":"7655d9c","error":"\"knativebrokerttl\" not found"}
{"level":"info","ts":"2019-12-03T21:04:45.750Z","logger":"broker_ingress","caller":"ingress/ingress_handler.go:120","msg":"Error retrieving TTL, defaulting.","commit":"7655d9c","error":"\"knativebrokerttl\" not found"}
{"level":"info","ts":"2019-12-03T21:04:45.750Z","logger":"broker_ingress","caller":"ingress/ingress_handler.go:120","msg":"Error retrieving TTL, defaulting.","commit":"7655d9c","error":"\"knativebrokerttl\" not found"}
{"level":"info","ts":"2019-12-03T21:04:45.750Z","logger":"broker_ingress","caller":"ingress/ingress_handler.go:120","msg":"Error retrieving TTL, defaulting.","commit":"7655d9c","error":"\"knativebrokerttl\" not found"}
{"level":"info","ts":"2019-12-03T21:04:45.750Z","logger":"broker_ingress","caller":"ingress/ingress_handler.go:120","msg":"Error retrieving TTL, defaulting.","commit":"7655d9c","error":"\"knativebrokerttl\" not found"}
{"level":"info","ts":"2019-12-03T21:04:45.750Z","logger":"broker_ingress","caller":"ingress/ingress_handler.go:120","msg":"Error retrieving TTL, defaulting.","commit":"7655d9c","error":"\"knativebrokerttl\" not found"}
{"level":"info","ts":"2019-12-03T21:04:45.750Z","logger":"broker_ingress","caller":"ingress/ingress_handler.go:120","msg":"Error retrieving TTL, defaulting.","commit":"7655d9c","error":"\"knativebrokerttl\" not found"}
{"level":"info","ts":"2019-12-03T21:04:45.750Z","logger":"broker_ingress","caller":"ingress/ingress_handler.go:120","msg":"Error retrieving TTL, defaulting.","commit":"7655d9c","error":"\"knativebrokerttl\" not found"}
{"level":"info","ts":"2019-12-03T21:04:45.751Z","logger":"broker_ingress","caller":"ingress/ingress_handler.go:120","msg":"Error retrieving TTL, defaulting.","commit":"7655d9c","error":"\"knativebrokerttl\" not found"}
{"level":"info","ts":"2019-12-03T21:04:45.751Z","logger":"broker_ingress","caller":"ingress/ingress_handler.go:120","msg":"Error retrieving TTL, defaulting.","commit":"7655d9c","error":"\"knativebrokerttl\" not found"}
{"level":"info","ts":"2019-12-03T21:04:45.751Z","logger":"broker_ingress","caller":"ingress/ingress_handler.go:120","msg":"Error retrieving TTL, defaulting.","commit":"7655d9c","error":"\"knativebrokerttl\" not found"}
{"level":"info","ts":"2019-12-03T21:04:45.751Z","logger":"broker_ingress","caller":"ingress/ingress_handler.go:120","msg":"Error retrieving TTL, defaulting.","commit":"7655d9c","error":"\"knativebrokerttl\" not found"}
{"level":"info","ts":"2019-12-03T21:04:45.751Z","logger":"broker_ingress","caller":"ingress/ingress_handler.go:120","msg":"Error retrieving TTL, defaulting.","commit":"7655d9c","error":"\"knativebrokerttl\" not found"}
{"level":"info","ts":"2019-12-03T21:04:45.751Z","logger":"broker_ingress","caller":"ingress/ingress_handler.go:120","msg":"Error retrieving TTL, defaulting.","commit":"7655d9c","error":"\"knativebrokerttl\" not found"}
{"level":"info","ts":"2019-12-03T21:04:45.751Z","logger":"broker_ingress","caller":"ingress/ingress_handler.go:120","msg":"Error retrieving TTL, defaulting.","commit":"7655d9c","error":"\"knativebrokerttl\" not found"}
{"level":"info","ts":"2019-12-03T21:04:45.751Z","logger":"broker_ingress","caller":"ingress/ingress_handler.go:120","msg":"Error retrieving TTL, defaulting.","commit":"7655d9c","error":"\"knativebrokerttl\" not found"}
{"level":"info","ts":"2019-12-03T21:04:45.752Z","logger":"broker_ingress","caller":"ingress/ingress_handler.go:120","msg":"Error retrieving TTL, defaulting.","commit":"7655d9c","error":"\"knativebrokerttl\" not found"}
{"level":"info","ts":"2019-12-03T21:04:45.752Z","logger":"broker_ingress","caller":"ingress/ingress_handler.go:120","msg":"Error retrieving TTL, defaulting.","commit":"7655d9c","error":"\"knativebrokerttl\" not found"}
{"level":"info","ts":"2019-12-03T21:04:45.752Z","logger":"broker_ingress","caller":"ingress/ingress_handler.go:120","msg":"Error retrieving TTL, defaulting.","commit":"7655d9c","error":"\"knativebrokerttl\" not found"}
{"level":"info","ts":"2019-12-03T21:04:45.752Z","logger":"broker_ingress","caller":"ingress/ingress_handler.go:120","msg":"Error retrieving TTL, defaulting.","commit":"7655d9c","error":"\"knativebrokerttl\" not found"}
{"level":"info","ts":"2019-12-03T21:04:45.753Z","logger":"broker_ingress","caller":"ingress/ingress_handler.go:120","msg":"Error retrieving TTL, defaulting.","commit":"7655d9c","error":"\"knativebrokerttl\" not found"}
{"level":"info","ts":"2019-12-03T21:04:45.741Z","logger":"broker_ingress","caller":"ingress/ingress_handler.go:120","msg":"Error retrieving TTL, defaulting.","commit":"7655d9c","error":"\"knativebrokerttl\" not found"}
{"level":"info","ts":"2019-12-03T21:04:45.753Z","logger":"broker_ingress","caller":"ingress/ingress_handler.go:120","msg":"Error retrieving TTL, defaulting.","commit":"7655d9c","error":"\"knativebrokerttl\" not found"}
{"level":"info","ts":"2019-12-03T21:04:45.753Z","logger":"broker_ingress","caller":"ingress/ingress_handler.go:120","msg":"Error retrieving TTL, defaulting.","commit":"7655d9c","error":"\"knativebrokerttl\" not found"}
{"level":"info","ts":"2019-12-03T21:04:45.753Z","logger":"broker_ingress","caller":"ingress/ingress_handler.go:120","msg":"Error retrieving TTL, defaulting.","commit":"7655d9c","error":"\"knativebrokerttl\" not found"}
{"level":"info","ts":"2019-12-03T21:04:45.753Z","logger":"broker_ingress","caller":"ingress/ingress_handler.go:120","msg":"Error retrieving TTL, defaulting.","commit":"7655d9c","error":"\"knativebrokerttl\" not found"}
{"level":"info","ts":"2019-12-03T21:04:45.753Z","logger":"broker_ingress","caller":"ingress/ingress_handler.go:120","msg":"Error retrieving TTL, defaulting.","commit":"7655d9c","error":"\"knativebrokerttl\" not found"}
{"level":"info","ts":"2019-12-03T21:04:45.753Z","logger":"broker_ingress","caller":"ingress/ingress_handler.go:120","msg":"Error retrieving TTL, defaulting.","commit":"7655d9c","error":"\"knativebrokerttl\" not found"}
{"level":"info","ts":"2019-12-03T21:04:45.753Z","logger":"broker_ingress","caller":"ingress/ingress_handler.go:120","msg":"Error retrieving TTL, defaulting.","commit":"7655d9c","error":"\"knativebrokerttl\" not found"}
{"level":"info","ts":"2019-12-03T21:04:45.753Z","logger":"broker_ingress","caller":"ingress/ingress_handler.go:120","msg":"Error retrieving TTL, defaulting.","commit":"7655d9c","error":"\"knativebrokerttl\" not found"}
{"level":"info","ts":"2019-12-03T21:04:45.754Z","logger":"broker_ingress","caller":"ingress/ingress_handler.go:120","msg":"Error retrieving TTL, defaulting.","commit":"7655d9c","error":"\"knativebrokerttl\" not found"}
{"level":"info","ts":"2019-12-03T21:04:45.754Z","logger":"broker_ingress","caller":"ingress/ingress_handler.go:120","msg":"Error retrieving TTL, defaulting.","commit":"7655d9c","error":"\"knativebrokerttl\" not found"}
{"level":"info","ts":"2019-12-03T21:04:45.754Z","logger":"broker_ingress","caller":"ingress/ingress_handler.go:120","msg":"Error retrieving TTL, defaulting.","commit":"7655d9c","error":"\"knativebrokerttl\" not found"}
{"level":"info","ts":"2019-12-03T21:04:45.754Z","logger":"broker_ingress","caller":"ingress/ingress_handler.go:120","msg":"Error retrieving TTL, defaulting.","commit":"7655d9c","error":"\"knativebrokerttl\" not found"}
{"level":"info","ts":"2019-12-03T21:04:45.754Z","logger":"broker_ingress","caller":"ingress/ingress_handler.go:120","msg":"Error retrieving TTL, defaulting.","commit":"7655d9c","error":"\"knativebrokerttl\" not found"}
{"level":"info","ts":"2019-12-03T21:04:45.754Z","logger":"broker_ingress","caller":"ingress/ingress_handler.go:120","msg":"Error retrieving TTL, defaulting.","commit":"7655d9c","error":"\"knativebrokerttl\" not found"}
{"level":"info","ts":"2019-12-03T21:04:45.754Z","logger":"broker_ingress","caller":"ingress/ingress_handler.go:120","msg":"Error retrieving TTL, defaulting.","commit":"7655d9c","error":"\"knativebrokerttl\" not found"}
{"level":"info","ts":"2019-12-03T21:04:45.755Z","logger":"broker_ingress","caller":"ingress/ingress_handler.go:120","msg":"Error retrieving TTL, defaulting.","commit":"7655d9c","error":"\"knativebrokerttl\" not found"}
{"level":"info","ts":"2019-12-03T21:04:45.758Z","logger":"broker_ingress","caller":"ingress/ingress_handler.go:120","msg":"Error retrieving TTL, defaulting.","commit":"7655d9c","error":"\"knativebrokerttl\" not found"}
{"level":"info","ts":"2019-12-03T21:04:45.759Z","logger":"broker_ingress","caller":"ingress/ingress_handler.go:120","msg":"Error retrieving TTL, defaulting.","commit":"7655d9c","error":"\"knativebrokerttl\" not found"}
{"level":"info","ts":"2019-12-03T21:04:45.759Z","logger":"broker_ingress","caller":"ingress/ingress_handler.go:120","msg":"Error retrieving TTL, defaulting.","commit":"7655d9c","error":"\"knativebrokerttl\" not found"}
{"level":"info","ts":"2019-12-03T21:04:45.759Z","logger":"broker_ingress","caller":"ingress/ingress_handler.go:120","msg":"Error retrieving TTL, defaulting.","commit":"7655d9c","error":"\"knativebrokerttl\" not found"}
{"level":"info","ts":"2019-12-03T21:04:45.759Z","logger":"broker_ingress","caller":"ingress/ingress_handler.go:120","msg":"Error retrieving TTL, defaulting.","commit":"7655d9c","error":"\"knativebrokerttl\" not found"}
{"level":"info","ts":"2019-12-03T21:04:45.759Z","logger":"broker_ingress","caller":"ingress/ingress_handler.go:120","msg":"Error retrieving TTL, defaulting.","commit":"7655d9c","error":"\"knativebrokerttl\" not found"}
{"level":"info","ts":"2019-12-03T21:04:45.760Z","logger":"broker_ingress","caller":"ingress/ingress_handler.go:120","msg":"Error retrieving TTL, defaulting.","commit":"7655d9c","error":"\"knativebrokerttl\" not found"}
{"level":"info","ts":"2019-12-03T21:04:45.760Z","logger":"broker_ingress","caller":"ingress/ingress_handler.go:120","msg":"Error retrieving TTL, defaulting.","commit":"7655d9c","error":"\"knativebrokerttl\" not found"}
{"level":"info","ts":"2019-12-03T21:04:45.760Z","logger":"broker_ingress","caller":"ingress/ingress_handler.go:120","msg":"Error retrieving TTL, defaulting.","commit":"7655d9c","error":"\"knativebrokerttl\" not found"}
{"level":"info","ts":"2019-12-03T21:04:45.760Z","logger":"broker_ingress","caller":"ingress/ingress_handler.go:120","msg":"Error retrieving TTL, defaulting.","commit":"7655d9c","error":"\"knativebrokerttl\" not found"}
{"level":"info","ts":"2019-12-03T21:04:45.760Z","logger":"broker_ingress","caller":"ingress/ingress_handler.go:120","msg":"Error retrieving TTL, defaulting.","commit":"7655d9c","error":"\"knativebrokerttl\" not found"}
{"level":"info","ts":"2019-12-03T21:04:45.760Z","logger":"broker_ingress","caller":"ingress/ingress_handler.go:120","msg":"Error retrieving TTL, defaulting.","commit":"7655d9c","error":"\"knativebrokerttl\" not found"}
{"level":"info","ts":"2019-12-03T21:04:45.760Z","logger":"broker_ingress","caller":"ingress/ingress_handler.go:120","msg":"Error retrieving TTL, defaulting.","commit":"7655d9c","error":"\"knativebrokerttl\" not found"}
{"level":"info","ts":"2019-12-03T21:04:45.760Z","logger":"broker_ingress","caller":"ingress/ingress_handler.go:120","msg":"Error retrieving TTL, defaulting.","commit":"7655d9c","error":"\"knativebrokerttl\" not found"}
{"level":"info","ts":"2019-12-03T21:04:45.761Z","logger":"broker_ingress","caller":"ingress/ingress_handler.go:120","msg":"Error retrieving TTL, defaulting.","commit":"7655d9c","error":"\"knativebrokerttl\" not found"}
{"level":"info","ts":"2019-12-03T21:04:45.755Z","logger":"broker_ingress","caller":"ingress/ingress_handler.go:120","msg":"Error retrieving TTL, defaulting.","commit":"7655d9c","error":"\"knativebrokerttl\" not found"}
{"level":"info","ts":"2019-12-03T21:04:45.761Z","logger":"broker_ingress","caller":"ingress/ingress_handler.go:120","msg":"Error retrieving TTL, defaulting.","commit":"7655d9c","error":"\"knativebrokerttl\" not found"}
{"level":"info","ts":"2019-12-03T21:04:45.761Z","logger":"broker_ingress","caller":"ingress/ingress_handler.go:120","msg":"Error retrieving TTL, defaulting.","commit":"7655d9c","error":"\"knativebrokerttl\" not found"}
{"level":"info","ts":"2019-12-03T21:04:45.761Z","logger":"broker_ingress","caller":"ingress/ingress_handler.go:120","msg":"Error retrieving TTL, defaulting.","commit":"7655d9c","error":"\"knativebrokerttl\" not found"}
{"level":"info","ts":"2019-12-03T21:04:45.762Z","logger":"broker_ingress","caller":"ingress/ingress_handler.go:120","msg":"Error retrieving TTL, defaulting.","commit":"7655d9c","error":"\"knativebrokerttl\" not found"}
{"level":"info","ts":"2019-12-03T21:04:45.762Z","logger":"broker_ingress","caller":"ingress/ingress_handler.go:120","msg":"Error retrieving TTL, defaulting.","commit":"7655d9c","error":"\"knativebrokerttl\" not found"}
{"level":"info","ts":"2019-12-03T21:04:45.762Z","logger":"broker_ingress","caller":"ingress/ingress_handler.go:120","msg":"Error retrieving TTL, defaulting.","commit":"7655d9c","error":"\"knativebrokerttl\" not found"}
{"level":"info","ts":"2019-12-03T21:04:45.762Z","logger":"broker_ingress","caller":"ingress/ingress_handler.go:120","msg":"Error retrieving TTL, defaulting.","commit":"7655d9c","error":"\"knativebrokerttl\" not found"}
{"level":"info","ts":"2019-12-03T21:04:45.762Z","logger":"broker_ingress","caller":"ingress/ingress_handler.go:120","msg":"Error retrieving TTL, defaulting.","commit":"7655d9c","error":"\"knativebrokerttl\" not found"}
{"level":"info","ts":"2019-12-03T21:04:45.762Z","logger":"broker_ingress","caller":"ingress/ingress_handler.go:120","msg":"Error retrieving TTL, defaulting.","commit":"7655d9c","error":"\"knativebrokerttl\" not found"}
{"level":"info","ts":"2019-12-03T21:04:45.762Z","logger":"broker_ingress","caller":"ingress/ingress_handler.go:120","msg":"Error retrieving TTL, defaulting.","commit":"7655d9c","error":"\"knativebrokerttl\" not found"}
{"level":"info","ts":"2019-12-03T21:04:45.762Z","logger":"broker_ingress","caller":"ingress/ingress_handler.go:120","msg":"Error retrieving TTL, defaulting.","commit":"7655d9c","error":"\"knativebrokerttl\" not found"}
{"level":"info","ts":"2019-12-03T21:04:45.763Z","logger":"broker_ingress","caller":"ingress/ingress_handler.go:120","msg":"Error retrieving TTL, defaulting.","commit":"7655d9c","error":"\"knativebrokerttl\" not found"}
{"level":"info","ts":"2019-12-03T21:04:45.763Z","logger":"broker_ingress","caller":"ingress/ingress_handler.go:120","msg":"Error retrieving TTL, defaulting.","commit":"7655d9c","error":"\"knativebrokerttl\" not found"}
{"level":"info","ts":"2019-12-03T21:04:45.763Z","logger":"broker_ingress","caller":"ingress/ingress_handler.go:120","msg":"Error retrieving TTL, defaulting.","commit":"7655d9c","error":"\"knativebrokerttl\" not found"}
{"level":"info","ts":"2019-12-03T21:04:45.763Z","logger":"broker_ingress","caller":"ingress/ingress_handler.go:120","msg":"Error retrieving TTL, defaulting.","commit":"7655d9c","error":"\"knativebrokerttl\" not found"}
{"level":"info","ts":"2019-12-03T21:04:45.763Z","logger":"broker_ingress","caller":"ingress/ingress_handler.go:120","msg":"Error retrieving TTL, defaulting.","commit":"7655d9c","error":"\"knativebrokerttl\" not found"}
{"level":"info","ts":"2019-12-03T21:04:45.763Z","logger":"broker_ingress","caller":"ingress/ingress_handler.go:120","msg":"Error retrieving TTL, defaulting.","commit":"7655d9c","error":"\"knativebrokerttl\" not found"}
{"level":"info","ts":"2019-12-03T21:04:45.763Z","logger":"broker_ingress","caller":"ingress/ingress_handler.go:120","msg":"Error retrieving TTL, defaulting.","commit":"7655d9c","error":"\"knativebrokerttl\" not found"}
{"level":"info","ts":"2019-12-03T21:04:45.763Z","logger":"broker_ingress","caller":"ingress/ingress_handler.go:120","msg":"Error retrieving TTL, defaulting.","commit":"7655d9c","error":"\"knativebrokerttl\" not found"}
{"level":"info","ts":"2019-12-03T21:04:45.764Z","logger":"broker_ingress","caller":"ingress/ingress_handler.go:120","msg":"Error retrieving TTL, defaulting.","commit":"7655d9c","error":"\"knativebrokerttl\" not found"}
{"level":"info","ts":"2019-12-03T21:04:45.761Z","logger":"broker_ingress","caller":"ingress/ingress_handler.go:120","msg":"Error retrieving TTL, defaulting.","commit":"7655d9c","error":"\"knativebrokerttl\" not found"}
{"level":"info","ts":"2019-12-03T21:04:45.764Z","logger":"broker_ingress","caller":"ingress/ingress_handler.go:120","msg":"Error retrieving TTL, defaulting.","commit":"7655d9c","error":"\"knativebrokerttl\" not found"}
{"level":"info","ts":"2019-12-03T21:04:45.764Z","logger":"broker_ingress","caller":"ingress/ingress_handler.go:120","msg":"Error retrieving TTL, defaulting.","commit":"7655d9c","error":"\"knativebrokerttl\" not found"}
{"level":"info","ts":"2019-12-03T21:04:45.764Z","logger":"broker_ingress","caller":"ingress/ingress_handler.go:120","msg":"Error retrieving TTL, defaulting.","commit":"7655d9c","error":"\"knativebrokerttl\" not found"}
{"level":"info","ts":"2019-12-03T21:04:45.764Z","logger":"broker_ingress","caller":"ingress/ingress_handler.go:120","msg":"Error retrieving TTL, defaulting.","commit":"7655d9c","error":"\"knativebrokerttl\" not found"}
{"level":"info","ts":"2019-12-03T21:04:45.765Z","logger":"broker_ingress","caller":"ingress/ingress_handler.go:120","msg":"Error retrieving TTL, defaulting.","commit":"7655d9c","error":"\"knativebrokerttl\" not found"}
{"level":"info","ts":"2019-12-03T21:04:45.765Z","logger":"broker_ingress","caller":"ingress/ingress_handler.go:120","msg":"Error retrieving TTL, defaulting.","commit":"7655d9c","error":"\"knativebrokerttl\" not found"}
{"level":"info","ts":"2019-12-03T21:04:45.766Z","logger":"broker_ingress","caller":"ingress/ingress_handler.go:120","msg":"Error retrieving TTL, defaulting.","commit":"7655d9c","error":"\"knativebrokerttl\" not found"}
{"level":"info","ts":"2019-12-03T21:04:45.768Z","logger":"broker_ingress","caller":"ingress/ingress_handler.go:120","msg":"Error retrieving TTL, defaulting.","commit":"7655d9c","error":"\"knativebrokerttl\" not found"}
{"level":"info","ts":"2019-12-03T21:04:45.768Z","logger":"broker_ingress","caller":"ingress/ingress_handler.go:120","msg":"Error retrieving TTL, defaulting.","commit":"7655d9c","error":"\"knativebrokerttl\" not found"}
{"level":"info","ts":"2019-12-03T21:04:45.769Z","logger":"broker_ingress","caller":"ingress/ingress_handler.go:120","msg":"Error retrieving TTL, defaulting.","commit":"7655d9c","error":"\"knativebrokerttl\" not found"}
{"level":"info","ts":"2019-12-03T21:04:45.771Z","logger":"broker_ingress","caller":"ingress/ingress_handler.go:120","msg":"Error retrieving TTL, defaulting.","commit":"7655d9c","error":"\"knativebrokerttl\" not found"}
{"level":"info","ts":"2019-12-03T21:04:45.772Z","logger":"broker_ingress","caller":"ingress/ingress_handler.go:120","msg":"Error retrieving TTL, defaulting.","commit":"7655d9c","error":"\"knativebrokerttl\" not found"}
{"level":"info","ts":"2019-12-03T21:04:45.772Z","logger":"broker_ingress","caller":"ingress/ingress_handler.go:120","msg":"Error retrieving TTL, defaulting.","commit":"7655d9c","error":"\"knativebrokerttl\" not found"}
{"level":"info","ts":"2019-12-03T21:04:45.772Z","logger":"broker_ingress","caller":"ingress/ingress_handler.go:120","msg":"Error retrieving TTL, defaulting.","commit":"7655d9c","error":"\"knativebrokerttl\" not found"}
{"level":"info","ts":"2019-12-03T21:04:45.773Z","logger":"broker_ingress","caller":"ingress/ingress_handler.go:120","msg":"Error retrieving TTL, defaulting.","commit":"7655d9c","error":"\"knativebrokerttl\" not found"}
{"level":"info","ts":"2019-12-03T21:04:45.773Z","logger":"broker_ingress","caller":"ingress/ingress_handler.go:120","msg":"Error retrieving TTL, defaulting.","commit":"7655d9c","error":"\"knativebrokerttl\" not found"}
{"level":"info","ts":"2019-12-03T21:04:45.773Z","logger":"broker_ingress","caller":"ingress/ingress_handler.go:120","msg":"Error retrieving TTL, defaulting.","commit":"7655d9c","error":"\"knativebrokerttl\" not found"}
{"level":"info","ts":"2019-12-03T21:04:45.773Z","logger":"broker_ingress","caller":"ingress/ingress_handler.go:120","msg":"Error retrieving TTL, defaulting.","commit":"7655d9c","error":"\"knativebrokerttl\" not found"}
{"level":"info","ts":"2019-12-03T21:04:45.773Z","logger":"broker_ingress","caller":"ingress/ingress_handler.go:120","msg":"Error retrieving TTL, defaulting.","commit":"7655d9c","error":"\"knativebrokerttl\" not found"}
{"level":"info","ts":"2019-12-03T21:04:45.774Z","logger":"broker_ingress","caller":"ingress/ingress_handler.go:120","msg":"Error retrieving TTL, defaulting.","commit":"7655d9c","error":"\"knativebrokerttl\" not found"}
{"level":"info","ts":"2019-12-03T21:04:45.774Z","logger":"broker_ingress","caller":"ingress/ingress_handler.go:120","msg":"Error retrieving TTL, defaulting.","commit":"7655d9c","error":"\"knativebrokerttl\" not found"}
{"level":"info","ts":"2019-12-03T21:04:45.775Z","logger":"broker_ingress","caller":"ingress/ingress_handler.go:120","msg":"Error retrieving TTL, defaulting.","commit":"7655d9c","error":"\"knativebrokerttl\" not found"}
{"level":"info","ts":"2019-12-03T21:04:45.775Z","logger":"broker_ingress","caller":"ingress/ingress_handler.go:120","msg":"Error retrieving TTL, defaulting.","commit":"7655d9c","error":"\"knativebrokerttl\" not found"}
{"level":"info","ts":"2019-12-03T21:04:45.775Z","logger":"broker_ingress","caller":"ingress/ingress_handler.go:120","msg":"Error retrieving TTL, defaulting.","commit":"7655d9c","error":"\"knativebrokerttl\" not found"}
{"level":"info","ts":"2019-12-03T21:04:45.775Z","logger":"broker_ingress","caller":"ingress/ingress_handler.go:120","msg":"Error retrieving TTL, defaulting.","commit":"7655d9c","error":"\"knativebrokerttl\" not found"}
{"level":"info","ts":"2019-12-03T21:04:45.775Z","logger":"broker_ingress","caller":"ingress/ingress_handler.go:120","msg":"Error retrieving TTL, defaulting.","commit":"7655d9c","error":"\"knativebrokerttl\" not found"}
{"level":"info","ts":"2019-12-03T21:04:45.775Z","logger":"broker_ingress","caller":"ingress/ingress_handler.go:120","msg":"Error retrieving TTL, defaulting.","commit":"7655d9c","error":"\"knativebrokerttl\" not found"}
{"level":"info","ts":"2019-12-03T21:04:45.775Z","logger":"broker_ingress","caller":"ingress/ingress_handler.go:120","msg":"Error retrieving TTL, defaulting.","commit":"7655d9c","error":"\"knativebrokerttl\" not found"}
{"level":"info","ts":"2019-12-03T21:04:45.776Z","logger":"broker_ingress","caller":"ingress/ingress_handler.go:120","msg":"Error retrieving TTL, defaulting.","commit":"7655d9c","error":"\"knativebrokerttl\" not found"}
{"level":"info","ts":"2019-12-03T21:04:45.776Z","logger":"broker_ingress","caller":"ingress/ingress_handler.go:120","msg":"Error retrieving TTL, defaulting.","commit":"7655d9c","error":"\"knativebrokerttl\" not found"}
{"level":"info","ts":"2019-12-03T21:04:45.776Z","logger":"broker_ingress","caller":"ingress/ingress_handler.go:120","msg":"Error retrieving TTL, defaulting.","commit":"7655d9c","error":"\"knativebrokerttl\" not found"}
{"level":"info","ts":"2019-12-03T21:04:45.777Z","logger":"broker_ingress","caller":"ingress/ingress_handler.go:120","msg":"Error retrieving TTL, defaulting.","commit":"7655d9c","error":"\"knativebrokerttl\" not found"}
{"level":"info","ts":"2019-12-03T21:04:45.777Z","logger":"broker_ingress","caller":"ingress/ingress_handler.go:120","msg":"Error retrieving TTL, defaulting.","commit":"7655d9c","error":"\"knativebrokerttl\" not found"}
{"level":"info","ts":"2019-12-03T21:04:45.777Z","logger":"broker_ingress","caller":"ingress/ingress_handler.go:120","msg":"Error retrieving TTL, defaulting.","commit":"7655d9c","error":"\"knativebrokerttl\" not found"}
{"level":"info","ts":"2019-12-03T21:04:45.777Z","logger":"broker_ingress","caller":"ingress/ingress_handler.go:120","msg":"Error retrieving TTL, defaulting.","commit":"7655d9c","error":"\"knativebrokerttl\" not found"}
{"level":"info","ts":"2019-12-03T21:04:45.777Z","logger":"broker_ingress","caller":"ingress/ingress_handler.go:120","msg":"Error retrieving TTL, defaulting.","commit":"7655d9c","error":"\"knativebrokerttl\" not found"}
{"level":"info","ts":"2019-12-03T21:04:45.778Z","logger":"broker_ingress","caller":"ingress/ingress_handler.go:120","msg":"Error retrieving TTL, defaulting.","commit":"7655d9c","error":"\"knativebrokerttl\" not found"}
{"level":"info","ts":"2019-12-03T21:04:45.778Z","logger":"broker_ingress","caller":"ingress/ingress_handler.go:120","msg":"Error retrieving TTL, defaulting.","commit":"7655d9c","error":"\"knativebrokerttl\" not found"}
{"level":"info","ts":"2019-12-03T21:04:45.778Z","logger":"broker_ingress","caller":"ingress/ingress_handler.go:120","msg":"Error retrieving TTL, defaulting.","commit":"7655d9c","error":"\"knativebrokerttl\" not found"}
{"level":"info","ts":"2019-12-03T21:04:45.778Z","logger":"broker_ingress","caller":"ingress/ingress_handler.go:120","msg":"Error retrieving TTL, defaulting.","commit":"7655d9c","error":"\"knativebrokerttl\" not found"}
{"level":"info","ts":"2019-12-03T21:04:45.779Z","logger":"broker_ingress","caller":"ingress/ingress_handler.go:120","msg":"Error retrieving TTL, defaulting.","commit":"7655d9c","error":"\"knativebrokerttl\" not found"}
{"level":"info","ts":"2019-12-03T21:04:45.779Z","logger":"broker_ingress","caller":"ingress/ingress_handler.go:120","msg":"Error retrieving TTL, defaulting.","commit":"7655d9c","error":"\"knativebrokerttl\" not found"}
{"level":"info","ts":"2019-12-03T21:04:45.780Z","logger":"broker_ingress","caller":"ingress/ingress_handler.go:120","msg":"Error retrieving TTL, defaulting.","commit":"7655d9c","error":"\"knativebrokerttl\" not found"}
{"level":"info","ts":"2019-12-03T21:04:45.780Z","logger":"broker_ingress","caller":"ingress/ingress_handler.go:120","msg":"Error retrieving TTL, defaulting.","commit":"7655d9c","error":"\"knativebrokerttl\" not found"}
{"level":"info","ts":"2019-12-03T21:04:45.780Z","logger":"broker_ingress","caller":"ingress/ingress_handler.go:120","msg":"Error retrieving TTL, defaulting.","commit":"7655d9c","error":"\"knativebrokerttl\" not found"}
{"level":"info","ts":"2019-12-03T21:04:45.781Z","logger":"broker_ingress","caller":"ingress/ingress_handler.go:120","msg":"Error retrieving TTL, defaulting.","commit":"7655d9c","error":"\"knativebrokerttl\" not found"}
{"level":"info","ts":"2019-12-03T21:04:45.781Z","logger":"broker_ingress","caller":"ingress/ingress_handler.go:120","msg":"Error retrieving TTL, defaulting.","commit":"7655d9c","error":"\"knativebrokerttl\" not found"}
{"level":"info","ts":"2019-12-03T21:04:45.790Z","logger":"broker_ingress","caller":"ingress/ingress_handler.go:120","msg":"Error retrieving TTL, defaulting.","commit":"7655d9c","error":"\"knativebrokerttl\" not found"}
{"level":"info","ts":"2019-12-03T21:04:45.790Z","logger":"broker_ingress","caller":"ingress/ingress_handler.go:120","msg":"Error retrieving TTL, defaulting.","commit":"7655d9c","error":"\"knativebrokerttl\" not found"}
{"level":"info","ts":"2019-12-03T21:04:45.790Z","logger":"broker_ingress","caller":"ingress/ingress_handler.go:120","msg":"Error retrieving TTL, defaulting.","commit":"7655d9c","error":"\"knativebrokerttl\" not found"}
{"level":"info","ts":"2019-12-03T21:04:45.790Z","logger":"broker_ingress","caller":"ingress/ingress_handler.go:120","msg":"Error retrieving TTL, defaulting.","commit":"7655d9c","error":"\"knativebrokerttl\" not found"}
{"level":"info","ts":"2019-12-03T21:04:45.790Z","logger":"broker_ingress","caller":"ingress/ingress_handler.go:120","msg":"Error retrieving TTL, defaulting.","commit":"7655d9c","error":"\"knativebrokerttl\" not found"}
{"level":"info","ts":"2019-12-03T21:04:45.791Z","logger":"broker_ingress","caller":"ingress/ingress_handler.go:120","msg":"Error retrieving TTL, defaulting.","commit":"7655d9c","error":"\"knativebrokerttl\" not found"}
{"level":"info","ts":"2019-12-03T21:04:45.795Z","logger":"broker_ingress","caller":"ingress/ingress_handler.go:120","msg":"Error retrieving TTL, defaulting.","commit":"7655d9c","error":"\"knativebrokerttl\" not found"}
{"level":"info","ts":"2019-12-03T21:04:45.795Z","logger":"broker_ingress","caller":"ingress/ingress_handler.go:120","msg":"Error retrieving TTL, defaulting.","commit":"7655d9c","error":"\"knativebrokerttl\" not found"}
{"level":"info","ts":"2019-12-03T21:04:45.795Z","logger":"broker_ingress","caller":"ingress/ingress_handler.go:120","msg":"Error retrieving TTL, defaulting.","commit":"7655d9c","error":"\"knativebrokerttl\" not found"}
{"level":"info","ts":"2019-12-03T21:04:45.795Z","logger":"broker_ingress","caller":"ingress/ingress_handler.go:120","msg":"Error retrieving TTL, defaulting.","commit":"7655d9c","error":"\"knativebrokerttl\" not found"}
{"level":"info","ts":"2019-12-03T21:04:45.795Z","logger":"broker_ingress","caller":"ingress/ingress_handler.go:120","msg":"Error retrieving TTL, defaulting.","commit":"7655d9c","error":"\"knativebrokerttl\" not found"}
{"level":"info","ts":"2019-12-03T21:04:45.796Z","logger":"broker_ingress","caller":"ingress/ingress_handler.go:120","msg":"Error retrieving TTL, defaulting.","commit":"7655d9c","error":"\"knativebrokerttl\" not found"}
{"level":"info","ts":"2019-12-03T21:04:45.796Z","logger":"broker_ingress","caller":"ingress/ingress_handler.go:120","msg":"Error retrieving TTL, defaulting.","commit":"7655d9c","error":"\"knativebrokerttl\" not found"}
{"level":"info","ts":"2019-12-03T21:04:45.800Z","logger":"broker_ingress","caller":"ingress/ingress_handler.go:120","msg":"Error retrieving TTL, defaulting.","commit":"7655d9c","error":"\"knativebrokerttl\" not found"}
{"level":"info","ts":"2019-12-03T21:04:45.801Z","logger":"broker_ingress","caller":"ingress/ingress_handler.go:120","msg":"Error retrieving TTL, defaulting.","commit":"7655d9c","error":"\"knativebrokerttl\" not found"}
{"level":"info","ts":"2019-12-03T21:04:45.801Z","logger":"broker_ingress","caller":"ingress/ingress_handler.go:120","msg":"Error retrieving TTL, defaulting.","commit":"7655d9c","error":"\"knativebrokerttl\" not found"}
{"level":"info","ts":"2019-12-03T21:04:45.801Z","logger":"broker_ingress","caller":"ingress/ingress_handler.go:120","msg":"Error retrieving TTL, defaulting.","commit":"7655d9c","error":"\"knativebrokerttl\" not found"}
{"level":"info","ts":"2019-12-03T21:04:45.801Z","logger":"broker_ingress","caller":"ingress/ingress_handler.go:120","msg":"Error retrieving TTL, defaulting.","commit":"7655d9c","error":"\"knativebrokerttl\" not found"}
{"level":"info","ts":"2019-12-03T21:04:45.801Z","logger":"broker_ingress","caller":"ingress/ingress_handler.go:120","msg":"Error retrieving TTL, defaulting.","commit":"7655d9c","error":"\"knativebrokerttl\" not found"}
{"level":"info","ts":"2019-12-03T21:04:45.801Z","logger":"broker_ingress","caller":"ingress/ingress_handler.go:120","msg":"Error retrieving TTL, defaulting.","commit":"7655d9c","error":"\"knativebrokerttl\" not found"}
{"level":"info","ts":"2019-12-03T21:04:45.801Z","logger":"broker_ingress","caller":"ingress/ingress_handler.go:120","msg":"Error retrieving TTL, defaulting.","commit":"7655d9c","error":"\"knativebrokerttl\" not found"}
{"level":"info","ts":"2019-12-03T21:04:45.802Z","logger":"broker_ingress","caller":"ingress/ingress_handler.go:120","msg":"Error retrieving TTL, defaulting.","commit":"7655d9c","error":"\"knativebrokerttl\" not found"}
{"level":"info","ts":"2019-12-03T21:04:45.802Z","logger":"broker_ingress","caller":"ingress/ingress_handler.go:120","msg":"Error retrieving TTL, defaulting.","commit":"7655d9c","error":"\"knativebrokerttl\" not found"}
{"level":"info","ts":"2019-12-03T21:04:45.804Z","logger":"broker_ingress","caller":"ingress/ingress_handler.go:120","msg":"Error retrieving TTL, defaulting.","commit":"7655d9c","error":"\"knativebrokerttl\" not found"}
{"level":"info","ts":"2019-12-03T21:04:45.805Z","logger":"broker_ingress","caller":"ingress/ingress_handler.go:120","msg":"Error retrieving TTL, defaulting.","commit":"7655d9c","error":"\"knativebrokerttl\" not found"}
{"level":"info","ts":"2019-12-03T21:04:45.805Z","logger":"broker_ingress","caller":"ingress/ingress_handler.go:120","msg":"Error retrieving TTL, defaulting.","commit":"7655d9c","error":"\"knativebrokerttl\" not found"}
{"level":"info","ts":"2019-12-03T21:04:45.805Z","logger":"broker_ingress","caller":"ingress/ingress_handler.go:120","msg":"Error retrieving TTL, defaulting.","commit":"7655d9c","error":"\"knativebrokerttl\" not found"}
{"level":"info","ts":"2019-12-03T21:04:45.805Z","logger":"broker_ingress","caller":"ingress/ingress_handler.go:120","msg":"Error retrieving TTL, defaulting.","commit":"7655d9c","error":"\"knativebrokerttl\" not found"}
{"level":"info","ts":"2019-12-03T21:04:45.806Z","logger":"broker_ingress","caller":"ingress/ingress_handler.go:120","msg":"Error retrieving TTL, defaulting.","commit":"7655d9c","error":"\"knativebrokerttl\" not found"}
{"level":"info","ts":"2019-12-03T21:04:45.808Z","logger":"broker_ingress","caller":"ingress/ingress_handler.go:120","msg":"Error retrieving TTL, defaulting.","commit":"7655d9c","error":"\"knativebrokerttl\" not found"}
{"level":"info","ts":"2019-12-03T21:04:45.809Z","logger":"broker_ingress","caller":"ingress/ingress_handler.go:120","msg":"Error retrieving TTL, defaulting.","commit":"7655d9c","error":"\"knativebrokerttl\" not found"}
{"level":"info","ts":"2019-12-03T21:04:45.809Z","logger":"broker_ingress","caller":"ingress/ingress_handler.go:120","msg":"Error retrieving TTL, defaulting.","commit":"7655d9c","error":"\"knativebrokerttl\" not found"}
{"level":"info","ts":"2019-12-03T21:04:45.809Z","logger":"broker_ingress","caller":"ingress/ingress_handler.go:120","msg":"Error retrieving TTL, defaulting.","commit":"7655d9c","error":"\"knativebrokerttl\" not found"}
{"level":"info","ts":"2019-12-03T21:04:45.809Z","logger":"broker_ingress","caller":"ingress/ingress_handler.go:120","msg":"Error retrieving TTL, defaulting.","commit":"7655d9c","error":"\"knativebrokerttl\" not found"}
{"level":"info","ts":"2019-12-03T21:04:45.811Z","logger":"broker_ingress","caller":"ingress/ingress_handler.go:120","msg":"Error retrieving TTL, defaulting.","commit":"7655d9c","error":"\"knativebrokerttl\" not found"}
{"level":"info","ts":"2019-12-03T21:04:45.811Z","logger":"broker_ingress","caller":"ingress/ingress_handler.go:120","msg":"Error retrieving TTL, defaulting.","commit":"7655d9c","error":"\"knativebrokerttl\" not found"}
{"level":"info","ts":"2019-12-03T21:04:45.811Z","logger":"broker_ingress","caller":"ingress/ingress_handler.go:120","msg":"Error retrieving TTL, defaulting.","commit":"7655d9c","error":"\"knativebrokerttl\" not found"}
{"level":"info","ts":"2019-12-03T21:04:45.811Z","logger":"broker_ingress","caller":"ingress/ingress_handler.go:120","msg":"Error retrieving TTL, defaulting.","commit":"7655d9c","error":"\"knativebrokerttl\" not found"}
{"level":"info","ts":"2019-12-03T21:04:45.821Z","logger":"broker_ingress","caller":"ingress/ingress_handler.go:120","msg":"Error retrieving TTL, defaulting.","commit":"7655d9c","error":"\"knativebrokerttl\" not found"}
{"level":"info","ts":"2019-12-03T21:04:45.822Z","logger":"broker_ingress","caller":"ingress/ingress_handler.go:120","msg":"Error retrieving TTL, defaulting.","commit":"7655d9c","error":"\"knativebrokerttl\" not found"}
{"level":"info","ts":"2019-12-03T21:04:45.824Z","logger":"broker_ingress","caller":"ingress/ingress_handler.go:120","msg":"Error retrieving TTL, defaulting.","commit":"7655d9c","error":"\"knativebrokerttl\" not found"}
{"level":"info","ts":"2019-12-03T21:04:45.825Z","logger":"broker_ingress","caller":"ingress/ingress_handler.go:120","msg":"Error retrieving TTL, defaulting.","commit":"7655d9c","error":"\"knativebrokerttl\" not found"}
{"level":"info","ts":"2019-12-03T21:04:45.825Z","logger":"broker_ingress","caller":"ingress/ingress_handler.go:120","msg":"Error retrieving TTL, defaulting.","commit":"7655d9c","error":"\"knativebrokerttl\" not found"}
{"level":"info","ts":"2019-12-03T21:04:45.826Z","logger":"broker_ingress","caller":"ingress/ingress_handler.go:120","msg":"Error retrieving TTL, defaulting.","commit":"7655d9c","error":"\"knativebrokerttl\" not found"}
{"level":"info","ts":"2019-12-03T21:04:45.826Z","logger":"broker_ingress","caller":"ingress/ingress_handler.go:120","msg":"Error retrieving TTL, defaulting.","commit":"7655d9c","error":"\"knativebrokerttl\" not found"}
{"level":"info","ts":"2019-12-03T21:04:45.828Z","logger":"broker_ingress","caller":"ingress/ingress_handler.go:120","msg":"Error retrieving TTL, defaulting.","commit":"7655d9c","error":"\"knativebrokerttl\" not found"}
{"level":"info","ts":"2019-12-03T21:04:45.828Z","logger":"broker_ingress","caller":"ingress/ingress_handler.go:120","msg":"Error retrieving TTL, defaulting.","commit":"7655d9c","error":"\"knativebrokerttl\" not found"}
{"level":"info","ts":"2019-12-03T21:04:45.829Z","logger":"broker_ingress","caller":"ingress/ingress_handler.go:120","msg":"Error retrieving TTL, defaulting.","commit":"7655d9c","error":"\"knativebrokerttl\" not found"}
{"level":"info","ts":"2019-12-03T21:04:45.829Z","logger":"broker_ingress","caller":"ingress/ingress_handler.go:120","msg":"Error retrieving TTL, defaulting.","commit":"7655d9c","error":"\"knativebrokerttl\" not found"}
{"level":"info","ts":"2019-12-03T21:04:45.829Z","logger":"broker_ingress","caller":"ingress/ingress_handler.go:120","msg":"Error retrieving TTL, defaulting.","commit":"7655d9c","error":"\"knativebrokerttl\" not found"}
{"level":"info","ts":"2019-12-03T21:04:45.829Z","logger":"broker_ingress","caller":"ingress/ingress_handler.go:120","msg":"Error retrieving TTL, defaulting.","commit":"7655d9c","error":"\"knativebrokerttl\" not found"}
{"level":"info","ts":"2019-12-03T21:04:45.829Z","logger":"broker_ingress","caller":"ingress/ingress_handler.go:120","msg":"Error retrieving TTL, defaulting.","commit":"7655d9c","error":"\"knativebrokerttl\" not found"}
{"level":"info","ts":"2019-12-03T21:04:45.829Z","logger":"broker_ingress","caller":"ingress/ingress_handler.go:120","msg":"Error retrieving TTL, defaulting.","commit":"7655d9c","error":"\"knativebrokerttl\" not found"}
{"level":"info","ts":"2019-12-03T21:04:45.830Z","logger":"broker_ingress","caller":"ingress/ingress_handler.go:120","msg":"Error retrieving TTL, defaulting.","commit":"7655d9c","error":"\"knativebrokerttl\" not found"}
{"level":"info","ts":"2019-12-03T21:04:45.830Z","logger":"broker_ingress","caller":"ingress/ingress_handler.go:120","msg":"Error retrieving TTL, defaulting.","commit":"7655d9c","error":"\"knativebrokerttl\" not found"}
{"level":"info","ts":"2019-12-03T21:04:45.831Z","logger":"broker_ingress","caller":"ingress/ingress_handler.go:120","msg":"Error retrieving TTL, defaulting.","commit":"7655d9c","error":"\"knativebrokerttl\" not found"}
{"level":"info","ts":"2019-12-03T21:04:45.831Z","logger":"broker_ingress","caller":"ingress/ingress_handler.go:120","msg":"Error retrieving TTL, defaulting.","commit":"7655d9c","error":"\"knativebrokerttl\" not found"}
{"level":"info","ts":"2019-12-03T21:04:45.832Z","logger":"broker_ingress","caller":"ingress/ingress_handler.go:120","msg":"Error retrieving TTL, defaulting.","commit":"7655d9c","error":"\"knativebrokerttl\" not found"}
{"level":"info","ts":"2019-12-03T21:04:45.832Z","logger":"broker_ingress","caller":"ingress/ingress_handler.go:120","msg":"Error retrieving TTL, defaulting.","commit":"7655d9c","error":"\"knativebrokerttl\" not found"}
{"level":"info","ts":"2019-12-03T21:04:45.833Z","logger":"broker_ingress","caller":"ingress/ingress_handler.go:120","msg":"Error retrieving TTL, defaulting.","commit":"7655d9c","error":"\"knativebrokerttl\" not found"}
{"level":"info","ts":"2019-12-03T21:04:45.833Z","logger":"broker_ingress","caller":"ingress/ingress_handler.go:120","msg":"Error retrieving TTL, defaulting.","commit":"7655d9c","error":"\"knativebrokerttl\" not found"}
{"level":"info","ts":"2019-12-03T21:04:45.835Z","logger":"broker_ingress","caller":"ingress/ingress_handler.go:120","msg":"Error retrieving TTL, defaulting.","commit":"7655d9c","error":"\"knativebrokerttl\" not found"}
{"level":"info","ts":"2019-12-03T21:04:45.835Z","logger":"broker_ingress","caller":"ingress/ingress_handler.go:120","msg":"Error retrieving TTL, defaulting.","commit":"7655d9c","error":"\"knativebrokerttl\" not found"}
{"level":"info","ts":"2019-12-03T21:04:45.835Z","logger":"broker_ingress","caller":"ingress/ingress_handler.go:120","msg":"Error retrieving TTL, defaulting.","commit":"7655d9c","error":"\"knativebrokerttl\" not found"}
{"level":"info","ts":"2019-12-03T21:04:45.836Z","logger":"broker_ingress","caller":"ingress/ingress_handler.go:120","msg":"Error retrieving TTL, defaulting.","commit":"7655d9c","error":"\"knativebrokerttl\" not found"}
{"level":"info","ts":"2019-12-03T21:04:45.841Z","logger":"broker_ingress","caller":"ingress/ingress_handler.go:120","msg":"Error retrieving TTL, defaulting.","commit":"7655d9c","error":"\"knativebrokerttl\" not found"}
{"level":"info","ts":"2019-12-03T21:04:45.841Z","logger":"broker_ingress","caller":"ingress/ingress_handler.go:120","msg":"Error retrieving TTL, defaulting.","commit":"7655d9c","error":"\"knativebrokerttl\" not found"}
{"level":"info","ts":"2019-12-03T21:04:45.842Z","logger":"broker_ingress","caller":"ingress/ingress_handler.go:120","msg":"Error retrieving TTL, defaulting.","commit":"7655d9c","error":"\"knativebrokerttl\" not found"}
{"level":"info","ts":"2019-12-03T21:04:45.843Z","logger":"broker_ingress","caller":"ingress/ingress_handler.go:120","msg":"Error retrieving TTL, defaulting.","commit":"7655d9c","error":"\"knativebrokerttl\" not found"}
{"level":"info","ts":"2019-12-03T21:04:45.843Z","logger":"broker_ingress","caller":"ingress/ingress_handler.go:120","msg":"Error retrieving TTL, defaulting.","commit":"7655d9c","error":"\"knativebrokerttl\" not found"}
{"level":"info","ts":"2019-12-03T21:04:45.844Z","logger":"broker_ingress","caller":"ingress/ingress_handler.go:120","msg":"Error retrieving TTL, defaulting.","commit":"7655d9c","error":"\"knativebrokerttl\" not found"}
{"level":"info","ts":"2019-12-03T21:04:45.842Z","logger":"broker_ingress","caller":"ingress/ingress_handler.go:120","msg":"Error retrieving TTL, defaulting.","commit":"7655d9c","error":"\"knativebrokerttl\" not found"}
{"level":"info","ts":"2019-12-03T21:04:45.844Z","logger":"broker_ingress","caller":"ingress/ingress_handler.go:120","msg":"Error retrieving TTL, defaulting.","commit":"7655d9c","error":"\"knativebrokerttl\" not found"}
{"level":"info","ts":"2019-12-03T21:04:45.844Z","logger":"broker_ingress","caller":"ingress/ingress_handler.go:120","msg":"Error retrieving TTL, defaulting.","commit":"7655d9c","error":"\"knativebrokerttl\" not found"}
{"level":"info","ts":"2019-12-03T21:04:45.844Z","logger":"broker_ingress","caller":"ingress/ingress_handler.go:120","msg":"Error retrieving TTL, defaulting.","commit":"7655d9c","error":"\"knativebrokerttl\" not found"}
{"level":"info","ts":"2019-12-03T21:04:45.850Z","logger":"broker_ingress","caller":"ingress/ingress_handler.go:120","msg":"Error retrieving TTL, defaulting.","commit":"7655d9c","error":"\"knativebrokerttl\" not found"}
{"level":"info","ts":"2019-12-03T21:04:45.851Z","logger":"broker_ingress","caller":"ingress/ingress_handler.go:120","msg":"Error retrieving TTL, defaulting.","commit":"7655d9c","error":"\"knativebrokerttl\" not found"}
{"level":"info","ts":"2019-12-03T21:04:45.851Z","logger":"broker_ingress","caller":"ingress/ingress_handler.go:120","msg":"Error retrieving TTL, defaulting.","commit":"7655d9c","error":"\"knativebrokerttl\" not found"}
{"level":"info","ts":"2019-12-03T21:04:45.852Z","logger":"broker_ingress","caller":"ingress/ingress_handler.go:120","msg":"Error retrieving TTL, defaulting.","commit":"7655d9c","error":"\"knativebrokerttl\" not found"}
{"level":"info","ts":"2019-12-03T21:04:45.852Z","logger":"broker_ingress","caller":"ingress/ingress_handler.go:120","msg":"Error retrieving TTL, defaulting.","commit":"7655d9c","error":"\"knativebrokerttl\" not found"}
{"level":"info","ts":"2019-12-03T21:04:45.852Z","logger":"broker_ingress","caller":"ingress/ingress_handler.go:120","msg":"Error retrieving TTL, defaulting.","commit":"7655d9c","error":"\"knativebrokerttl\" not found"}
{"level":"info","ts":"2019-12-03T21:04:45.854Z","logger":"broker_ingress","caller":"ingress/ingress_handler.go:120","msg":"Error retrieving TTL, defaulting.","commit":"7655d9c","error":"\"knativebrokerttl\" not found"}
{"level":"info","ts":"2019-12-03T21:04:45.854Z","logger":"broker_ingress","caller":"ingress/ingress_handler.go:120","msg":"Error retrieving TTL, defaulting.","commit":"7655d9c","error":"\"knativebrokerttl\" not found"}
{"level":"info","ts":"2019-12-03T21:04:45.856Z","logger":"broker_ingress","caller":"ingress/ingress_handler.go:120","msg":"Error retrieving TTL, defaulting.","commit":"7655d9c","error":"\"knativebrokerttl\" not found"}
{"level":"info","ts":"2019-12-03T21:04:45.857Z","logger":"broker_ingress","caller":"ingress/ingress_handler.go:120","msg":"Error retrieving TTL, defaulting.","commit":"7655d9c","error":"\"knativebrokerttl\" not found"}
{"level":"info","ts":"2019-12-03T21:04:45.859Z","logger":"broker_ingress","caller":"ingress/ingress_handler.go:120","msg":"Error retrieving TTL, defaulting.","commit":"7655d9c","error":"\"knativebrokerttl\" not found"}
{"level":"info","ts":"2019-12-03T21:04:45.859Z","logger":"broker_ingress","caller":"ingress/ingress_handler.go:120","msg":"Error retrieving TTL, defaulting.","commit":"7655d9c","error":"\"knativebrokerttl\" not found"}
{"level":"info","ts":"2019-12-03T21:04:45.859Z","logger":"broker_ingress","caller":"ingress/ingress_handler.go:120","msg":"Error retrieving TTL, defaulting.","commit":"7655d9c","error":"\"knativebrokerttl\" not found"}
{"level":"info","ts":"2019-12-03T21:04:45.859Z","logger":"broker_ingress","caller":"ingress/ingress_handler.go:120","msg":"Error retrieving TTL, defaulting.","commit":"7655d9c","error":"\"knativebrokerttl\" not found"}
{"level":"info","ts":"2019-12-03T21:04:45.860Z","logger":"broker_ingress","caller":"ingress/ingress_handler.go:120","msg":"Error retrieving TTL, defaulting.","commit":"7655d9c","error":"\"knativebrokerttl\" not found"}
{"level":"info","ts":"2019-12-03T21:04:45.862Z","logger":"broker_ingress","caller":"ingress/ingress_handler.go:120","msg":"Error retrieving TTL, defaulting.","commit":"7655d9c","error":"\"knativebrokerttl\" not found"}
{"level":"info","ts":"2019-12-03T21:04:45.861Z","logger":"broker_ingress","caller":"ingress/ingress_handler.go:120","msg":"Error retrieving TTL, defaulting.","commit":"7655d9c","error":"\"knativebrokerttl\" not found"}
{"level":"info","ts":"2019-12-03T21:04:45.866Z","logger":"broker_ingress","caller":"ingress/ingress_handler.go:120","msg":"Error retrieving TTL, defaulting.","commit":"7655d9c","error":"\"knativebrokerttl\" not found"}
{"level":"info","ts":"2019-12-03T21:04:45.868Z","logger":"broker_ingress","caller":"ingress/ingress_handler.go:120","msg":"Error retrieving TTL, defaulting.","commit":"7655d9c","error":"\"knativebrokerttl\" not found"}
{"level":"info","ts":"2019-12-03T21:04:45.870Z","logger":"broker_ingress","caller":"ingress/ingress_handler.go:120","msg":"Error retrieving TTL, defaulting.","commit":"7655d9c","error":"\"knativebrokerttl\" not found"}
{"level":"info","ts":"2019-12-03T21:04:45.870Z","logger":"broker_ingress","caller":"ingress/ingress_handler.go:120","msg":"Error retrieving TTL, defaulting.","commit":"7655d9c","error":"\"knativebrokerttl\" not found"}
{"level":"info","ts":"2019-12-03T21:04:45.870Z","logger":"broker_ingress","caller":"ingress/ingress_handler.go:120","msg":"Error retrieving TTL, defaulting.","commit":"7655d9c","error":"\"knativebrokerttl\" not found"}
{"level":"info","ts":"2019-12-03T21:04:45.871Z","logger":"broker_ingress","caller":"ingress/ingress_handler.go:120","msg":"Error retrieving TTL, defaulting.","commit":"7655d9c","error":"\"knativebrokerttl\" not found"}
{"level":"info","ts":"2019-12-03T21:04:45.871Z","logger":"broker_ingress","caller":"ingress/ingress_handler.go:120","msg":"Error retrieving TTL, defaulting.","commit":"7655d9c","error":"\"knativebrokerttl\" not found"}
{"level":"info","ts":"2019-12-03T21:04:45.871Z","logger":"broker_ingress","caller":"ingress/ingress_handler.go:120","msg":"Error retrieving TTL, defaulting.","commit":"7655d9c","error":"\"knativebrokerttl\" not found"}
{"level":"info","ts":"2019-12-03T21:04:45.871Z","logger":"broker_ingress","caller":"ingress/ingress_handler.go:120","msg":"Error retrieving TTL, defaulting.","commit":"7655d9c","error":"\"knativebrokerttl\" not found"}
{"level":"info","ts":"2019-12-03T21:04:45.875Z","logger":"broker_ingress","caller":"ingress/ingress_handler.go:120","msg":"Error retrieving TTL, defaulting.","commit":"7655d9c","error":"\"knativebrokerttl\" not found"}
{"level":"info","ts":"2019-12-03T21:04:45.875Z","logger":"broker_ingress","caller":"ingress/ingress_handler.go:120","msg":"Error retrieving TTL, defaulting.","commit":"7655d9c","error":"\"knativebrokerttl\" not found"}
{"level":"info","ts":"2019-12-03T21:04:45.875Z","logger":"broker_ingress","caller":"ingress/ingress_handler.go:120","msg":"Error retrieving TTL, defaulting.","commit":"7655d9c","error":"\"knativebrokerttl\" not found"}
{"level":"info","ts":"2019-12-03T21:04:45.876Z","logger":"broker_ingress","caller":"ingress/ingress_handler.go:120","msg":"Error retrieving TTL, defaulting.","commit":"7655d9c","error":"\"knativebrokerttl\" not found"}
{"level":"info","ts":"2019-12-03T21:04:45.879Z","logger":"broker_ingress","caller":"ingress/ingress_handler.go:120","msg":"Error retrieving TTL, defaulting.","commit":"7655d9c","error":"\"knativebrokerttl\" not found"}
{"level":"info","ts":"2019-12-03T21:04:45.879Z","logger":"broker_ingress","caller":"ingress/ingress_handler.go:120","msg":"Error retrieving TTL, defaulting.","commit":"7655d9c","error":"\"knativebrokerttl\" not found"}
{"level":"info","ts":"2019-12-03T21:04:45.879Z","logger":"broker_ingress","caller":"ingress/ingress_handler.go:120","msg":"Error retrieving TTL, defaulting.","commit":"7655d9c","error":"\"knativebrokerttl\" not found"}
{"level":"info","ts":"2019-12-03T21:04:45.879Z","logger":"broker_ingress","caller":"ingress/ingress_handler.go:120","msg":"Error retrieving TTL, defaulting.","commit":"7655d9c","error":"\"knativebrokerttl\" not found"}
{"level":"info","ts":"2019-12-03T21:04:45.879Z","logger":"broker_ingress","caller":"ingress/ingress_handler.go:120","msg":"Error retrieving TTL, defaulting.","commit":"7655d9c","error":"\"knativebrokerttl\" not found"}
{"level":"info","ts":"2019-12-03T21:04:45.879Z","logger":"broker_ingress","caller":"ingress/ingress_handler.go:120","msg":"Error retrieving TTL, defaulting.","commit":"7655d9c","error":"\"knativebrokerttl\" not found"}
{"level":"info","ts":"2019-12-03T21:04:45.884Z","logger":"broker_ingress","caller":"ingress/ingress_handler.go:120","msg":"Error retrieving TTL, defaulting.","commit":"7655d9c","error":"\"knativebrokerttl\" not found"}
{"level":"info","ts":"2019-12-03T21:04:45.884Z","logger":"broker_ingress","caller":"ingress/ingress_handler.go:120","msg":"Error retrieving TTL, defaulting.","commit":"7655d9c","error":"\"knativebrokerttl\" not found"}
{"level":"info","ts":"2019-12-03T21:04:45.884Z","logger":"broker_ingress","caller":"ingress/ingress_handler.go:120","msg":"Error retrieving TTL, defaulting.","commit":"7655d9c","error":"\"knativebrokerttl\" not found"}
{"level":"info","ts":"2019-12-03T21:04:45.884Z","logger":"broker_ingress","caller":"ingress/ingress_handler.go:120","msg":"Error retrieving TTL, defaulting.","commit":"7655d9c","error":"\"knativebrokerttl\" not found"}
{"level":"info","ts":"2019-12-03T21:04:45.884Z","logger":"broker_ingress","caller":"ingress/ingress_handler.go:120","msg":"Error retrieving TTL, defaulting.","commit":"7655d9c","error":"\"knativebrokerttl\" not found"}
{"level":"info","ts":"2019-12-03T21:04:45.885Z","logger":"broker_ingress","caller":"ingress/ingress_handler.go:120","msg":"Error retrieving TTL, defaulting.","commit":"7655d9c","error":"\"knativebrokerttl\" not found"}
{"level":"info","ts":"2019-12-03T21:04:45.886Z","logger":"broker_ingress","caller":"ingress/ingress_handler.go:120","msg":"Error retrieving TTL, defaulting.","commit":"7655d9c","error":"\"knativebrokerttl\" not found"}
{"level":"info","ts":"2019-12-03T21:04:45.886Z","logger":"broker_ingress","caller":"ingress/ingress_handler.go:120","msg":"Error retrieving TTL, defaulting.","commit":"7655d9c","error":"\"knativebrokerttl\" not found"}
{"level":"info","ts":"2019-12-03T21:04:45.886Z","logger":"broker_ingress","caller":"ingress/ingress_handler.go:120","msg":"Error retrieving TTL, defaulting.","commit":"7655d9c","error":"\"knativebrokerttl\" not found"}
{"level":"info","ts":"2019-12-03T21:04:45.887Z","logger":"broker_ingress","caller":"ingress/ingress_handler.go:120","msg":"Error retrieving TTL, defaulting.","commit":"7655d9c","error":"\"knativebrokerttl\" not found"}
{"level":"info","ts":"2019-12-03T21:04:45.887Z","logger":"broker_ingress","caller":"ingress/ingress_handler.go:120","msg":"Error retrieving TTL, defaulting.","commit":"7655d9c","error":"\"knativebrokerttl\" not found"}
{"level":"info","ts":"2019-12-03T21:04:45.888Z","logger":"broker_ingress","caller":"ingress/ingress_handler.go:120","msg":"Error retrieving TTL, defaulting.","commit":"7655d9c","error":"\"knativebrokerttl\" not found"}
{"level":"info","ts":"2019-12-03T21:04:45.889Z","logger":"broker_ingress","caller":"ingress/ingress_handler.go:120","msg":"Error retrieving TTL, defaulting.","commit":"7655d9c","error":"\"knativebrokerttl\" not found"}
{"level":"info","ts":"2019-12-03T21:04:45.890Z","logger":"broker_ingress","caller":"ingress/ingress_handler.go:120","msg":"Error retrieving TTL, defaulting.","commit":"7655d9c","error":"\"knativebrokerttl\" not found"}
{"level":"info","ts":"2019-12-03T21:04:45.892Z","logger":"broker_ingress","caller":"ingress/ingress_handler.go:120","msg":"Error retrieving TTL, defaulting.","commit":"7655d9c","error":"\"knativebrokerttl\" not found"}
{"level":"info","ts":"2019-12-03T21:04:45.892Z","logger":"broker_ingress","caller":"ingress/ingress_handler.go:120","msg":"Error retrieving TTL, defaulting.","commit":"7655d9c","error":"\"knativebrokerttl\" not found"}
{"level":"info","ts":"2019-12-03T21:04:45.894Z","logger":"broker_ingress","caller":"ingress/ingress_handler.go:120","msg":"Error retrieving TTL, defaulting.","commit":"7655d9c","error":"\"knativebrokerttl\" not found"}
{"level":"info","ts":"2019-12-03T21:04:45.895Z","logger":"broker_ingress","caller":"ingress/ingress_handler.go:120","msg":"Error retrieving TTL, defaulting.","commit":"7655d9c","error":"\"knativebrokerttl\" not found"}
{"level":"info","ts":"2019-12-03T21:04:45.895Z","logger":"broker_ingress","caller":"ingress/ingress_handler.go:120","msg":"Error retrieving TTL, defaulting.","commit":"7655d9c","error":"\"knativebrokerttl\" not found"}
{"level":"info","ts":"2019-12-03T21:04:45.905Z","logger":"broker_ingress","caller":"ingress/ingress_handler.go:120","msg":"Error retrieving TTL, defaulting.","commit":"7655d9c","error":"\"knativebrokerttl\" not found"}
{"level":"info","ts":"2019-12-03T21:04:45.905Z","logger":"broker_ingress","caller":"ingress/ingress_handler.go:120","msg":"Error retrieving TTL, defaulting.","commit":"7655d9c","error":"\"knativebrokerttl\" not found"}
{"level":"info","ts":"2019-12-03T21:04:45.905Z","logger":"broker_ingress","caller":"ingress/ingress_handler.go:120","msg":"Error retrieving TTL, defaulting.","commit":"7655d9c","error":"\"knativebrokerttl\" not found"}
{"level":"info","ts":"2019-12-03T21:04:45.905Z","logger":"broker_ingress","caller":"ingress/ingress_handler.go:120","msg":"Error retrieving TTL, defaulting.","commit":"7655d9c","error":"\"knativebrokerttl\" not found"}
{"level":"info","ts":"2019-12-03T21:04:45.905Z","logger":"broker_ingress","caller":"ingress/ingress_handler.go:120","msg":"Error retrieving TTL, defaulting.","commit":"7655d9c","error":"\"knativebrokerttl\" not found"}
{"level":"info","ts":"2019-12-03T21:04:45.906Z","logger":"broker_ingress","caller":"ingress/ingress_handler.go:120","msg":"Error retrieving TTL, defaulting.","commit":"7655d9c","error":"\"knativebrokerttl\" not found"}
{"level":"info","ts":"2019-12-03T21:04:45.909Z","logger":"broker_ingress","caller":"ingress/ingress_handler.go:120","msg":"Error retrieving TTL, defaulting.","commit":"7655d9c","error":"\"knativebrokerttl\" not found"}
{"level":"info","ts":"2019-12-03T21:04:45.909Z","logger":"broker_ingress","caller":"ingress/ingress_handler.go:120","msg":"Error retrieving TTL, defaulting.","commit":"7655d9c","error":"\"knativebrokerttl\" not found"}
{"level":"info","ts":"2019-12-03T21:04:45.910Z","logger":"broker_ingress","caller":"ingress/ingress_handler.go:120","msg":"Error retrieving TTL, defaulting.","commit":"7655d9c","error":"\"knativebrokerttl\" not found"}
{"level":"info","ts":"2019-12-03T21:04:45.910Z","logger":"broker_ingress","caller":"ingress/ingress_handler.go:120","msg":"Error retrieving TTL, defaulting.","commit":"7655d9c","error":"\"knativebrokerttl\" not found"}
{"level":"info","ts":"2019-12-03T21:04:45.910Z","logger":"broker_ingress","caller":"ingress/ingress_handler.go:120","msg":"Error retrieving TTL, defaulting.","commit":"7655d9c","error":"\"knativebrokerttl\" not found"}
{"level":"info","ts":"2019-12-03T21:04:45.910Z","logger":"broker_ingress","caller":"ingress/ingress_handler.go:120","msg":"Error retrieving TTL, defaulting.","commit":"7655d9c","error":"\"knativebrokerttl\" not found"}
{"level":"info","ts":"2019-12-03T21:04:45.910Z","logger":"broker_ingress","caller":"ingress/ingress_handler.go:120","msg":"Error retrieving TTL, defaulting.","commit":"7655d9c","error":"\"knativebrokerttl\" not found"}
{"level":"info","ts":"2019-12-03T21:04:45.911Z","logger":"broker_ingress","caller":"ingress/ingress_handler.go:120","msg":"Error retrieving TTL, defaulting.","commit":"7655d9c","error":"\"knativebrokerttl\" not found"}
{"level":"info","ts":"2019-12-03T21:04:45.911Z","logger":"broker_ingress","caller":"ingress/ingress_handler.go:120","msg":"Error retrieving TTL, defaulting.","commit":"7655d9c","error":"\"knativebrokerttl\" not found"}
{"level":"info","ts":"2019-12-03T21:04:45.911Z","logger":"broker_ingress","caller":"ingress/ingress_handler.go:120","msg":"Error retrieving TTL, defaulting.","commit":"7655d9c","error":"\"knativebrokerttl\" not found"}
{"level":"info","ts":"2019-12-03T21:04:45.906Z","logger":"broker_ingress","caller":"ingress/ingress_handler.go:120","msg":"Error retrieving TTL, defaulting.","commit":"7655d9c","error":"\"knativebrokerttl\" not found"}
{"level":"info","ts":"2019-12-03T21:04:45.913Z","logger":"broker_ingress","caller":"ingress/ingress_handler.go:120","msg":"Error retrieving TTL, defaulting.","commit":"7655d9c","error":"\"knativebrokerttl\" not found"}
{"level":"info","ts":"2019-12-03T21:04:45.913Z","logger":"broker_ingress","caller":"ingress/ingress_handler.go:120","msg":"Error retrieving TTL, defaulting.","commit":"7655d9c","error":"\"knativebrokerttl\" not found"}
{"level":"info","ts":"2019-12-03T21:04:45.911Z","logger":"broker_ingress","caller":"ingress/ingress_handler.go:120","msg":"Error retrieving TTL, defaulting.","commit":"7655d9c","error":"\"knativebrokerttl\" not found"}
{"level":"info","ts":"2019-12-03T21:04:45.914Z","logger":"broker_ingress","caller":"ingress/ingress_handler.go:120","msg":"Error retrieving TTL, defaulting.","commit":"7655d9c","error":"\"knativebrokerttl\" not found"}
{"level":"info","ts":"2019-12-03T21:04:45.915Z","logger":"broker_ingress","caller":"ingress/ingress_handler.go:120","msg":"Error retrieving TTL, defaulting.","commit":"7655d9c","error":"\"knativebrokerttl\" not found"}
{"level":"info","ts":"2019-12-03T21:04:45.931Z","logger":"broker_ingress","caller":"ingress/ingress_handler.go:120","msg":"Error retrieving TTL, defaulting.","commit":"7655d9c","error":"\"knativebrokerttl\" not found"}
{"level":"info","ts":"2019-12-03T21:04:45.932Z","logger":"broker_ingress","caller":"ingress/ingress_handler.go:120","msg":"Error retrieving TTL, defaulting.","commit":"7655d9c","error":"\"knativebrokerttl\" not found"}
{"level":"info","ts":"2019-12-03T21:04:45.932Z","logger":"broker_ingress","caller":"ingress/ingress_handler.go:120","msg":"Error retrieving TTL, defaulting.","commit":"7655d9c","error":"\"knativebrokerttl\" not found"}
{"level":"info","ts":"2019-12-03T21:04:45.932Z","logger":"broker_ingress","caller":"ingress/ingress_handler.go:120","msg":"Error retrieving TTL, defaulting.","commit":"7655d9c","error":"\"knativebrokerttl\" not found"}
{"level":"info","ts":"2019-12-03T21:04:45.932Z","logger":"broker_ingress","caller":"ingress/ingress_handler.go:120","msg":"Error retrieving TTL, defaulting.","commit":"7655d9c","error":"\"knativebrokerttl\" not found"}
{"level":"info","ts":"2019-12-03T21:04:45.932Z","logger":"broker_ingress","caller":"ingress/ingress_handler.go:120","msg":"Error retrieving TTL, defaulting.","commit":"7655d9c","error":"\"knativebrokerttl\" not found"}
{"level":"info","ts":"2019-12-03T21:04:45.932Z","logger":"broker_ingress","caller":"ingress/ingress_handler.go:120","msg":"Error retrieving TTL, defaulting.","commit":"7655d9c","error":"\"knativebrokerttl\" not found"}
{"level":"info","ts":"2019-12-03T21:04:45.932Z","logger":"broker_ingress","caller":"ingress/ingress_handler.go:120","msg":"Error retrieving TTL, defaulting.","commit":"7655d9c","error":"\"knativebrokerttl\" not found"}
{"level":"info","ts":"2019-12-03T21:04:45.932Z","logger":"broker_ingress","caller":"ingress/ingress_handler.go:120","msg":"Error retrieving TTL, defaulting.","commit":"7655d9c","error":"\"knativebrokerttl\" not found"}
{"level":"info","ts":"2019-12-03T21:04:45.932Z","logger":"broker_ingress","caller":"ingress/ingress_handler.go:120","msg":"Error retrieving TTL, defaulting.","commit":"7655d9c","error":"\"knativebrokerttl\" not found"}
{"level":"info","ts":"2019-12-03T21:04:45.932Z","logger":"broker_ingress","caller":"ingress/ingress_handler.go:120","msg":"Error retrieving TTL, defaulting.","commit":"7655d9c","error":"\"knativebrokerttl\" not found"}
{"level":"info","ts":"2019-12-03T21:04:45.932Z","logger":"broker_ingress","caller":"ingress/ingress_handler.go:120","msg":"Error retrieving TTL, defaulting.","commit":"7655d9c","error":"\"knativebrokerttl\" not found"}
{"level":"info","ts":"2019-12-03T21:04:45.932Z","logger":"broker_ingress","caller":"ingress/ingress_handler.go:120","msg":"Error retrieving TTL, defaulting.","commit":"7655d9c","error":"\"knativebrokerttl\" not found"}
{"level":"info","ts":"2019-12-03T21:04:45.932Z","logger":"broker_ingress","caller":"ingress/ingress_handler.go:120","msg":"Error retrieving TTL, defaulting.","commit":"7655d9c","error":"\"knativebrokerttl\" not found"}
{"level":"info","ts":"2019-12-03T21:04:45.933Z","logger":"broker_ingress","caller":"ingress/ingress_handler.go:120","msg":"Error retrieving TTL, defaulting.","commit":"7655d9c","error":"\"knativebrokerttl\" not found"}
{"level":"info","ts":"2019-12-03T21:04:45.933Z","logger":"broker_ingress","caller":"ingress/ingress_handler.go:120","msg":"Error retrieving TTL, defaulting.","commit":"7655d9c","error":"\"knativebrokerttl\" not found"}
{"level":"info","ts":"2019-12-03T21:04:45.933Z","logger":"broker_ingress","caller":"ingress/ingress_handler.go:120","msg":"Error retrieving TTL, defaulting.","commit":"7655d9c","error":"\"knativebrokerttl\" not found"}
{"level":"info","ts":"2019-12-03T21:04:45.935Z","logger":"broker_ingress","caller":"ingress/ingress_handler.go:120","msg":"Error retrieving TTL, defaulting.","commit":"7655d9c","error":"\"knativebrokerttl\" not found"}
{"level":"info","ts":"2019-12-03T21:04:45.936Z","logger":"broker_ingress","caller":"ingress/ingress_handler.go:120","msg":"Error retrieving TTL, defaulting.","commit":"7655d9c","error":"\"knativebrokerttl\" not found"}
{"level":"info","ts":"2019-12-03T21:04:45.941Z","logger":"broker_ingress","caller":"ingress/ingress_handler.go:120","msg":"Error retrieving TTL, defaulting.","commit":"7655d9c","error":"\"knativebrokerttl\" not found"}
{"level":"info","ts":"2019-12-03T21:04:45.941Z","logger":"broker_ingress","caller":"ingress/ingress_handler.go:120","msg":"Error retrieving TTL, defaulting.","commit":"7655d9c","error":"\"knativebrokerttl\" not found"}
{"level":"info","ts":"2019-12-03T21:04:45.941Z","logger":"broker_ingress","caller":"ingress/ingress_handler.go:120","msg":"Error retrieving TTL, defaulting.","commit":"7655d9c","error":"\"knativebrokerttl\" not found"}
{"level":"info","ts":"2019-12-03T21:04:45.941Z","logger":"broker_ingress","caller":"ingress/ingress_handler.go:120","msg":"Error retrieving TTL, defaulting.","commit":"7655d9c","error":"\"knativebrokerttl\" not found"}
{"level":"info","ts":"2019-12-03T21:04:45.941Z","logger":"broker_ingress","caller":"ingress/ingress_handler.go:120","msg":"Error retrieving TTL, defaulting.","commit":"7655d9c","error":"\"knativebrokerttl\" not found"}
{"level":"info","ts":"2019-12-03T21:04:45.941Z","logger":"broker_ingress","caller":"ingress/ingress_handler.go:120","msg":"Error retrieving TTL, defaulting.","commit":"7655d9c","error":"\"knativebrokerttl\" not found"}
{"level":"info","ts":"2019-12-03T21:04:45.942Z","logger":"broker_ingress","caller":"ingress/ingress_handler.go:120","msg":"Error retrieving TTL, defaulting.","commit":"7655d9c","error":"\"knativebrokerttl\" not found"}
{"level":"info","ts":"2019-12-03T21:04:45.942Z","logger":"broker_ingress","caller":"ingress/ingress_handler.go:120","msg":"Error retrieving TTL, defaulting.","commit":"7655d9c","error":"\"knativebrokerttl\" not found"}
{"level":"info","ts":"2019-12-03T21:04:45.942Z","logger":"broker_ingress","caller":"ingress/ingress_handler.go:120","msg":"Error retrieving TTL, defaulting.","commit":"7655d9c","error":"\"knativebrokerttl\" not found"}
{"level":"info","ts":"2019-12-03T21:04:45.945Z","logger":"broker_ingress","caller":"ingress/ingress_handler.go:120","msg":"Error retrieving TTL, defaulting.","commit":"7655d9c","error":"\"knativebrokerttl\" not found"}
{"level":"info","ts":"2019-12-03T21:04:45.946Z","logger":"broker_ingress","caller":"ingress/ingress_handler.go:120","msg":"Error retrieving TTL, defaulting.","commit":"7655d9c","error":"\"knativebrokerttl\" not found"}
{"level":"info","ts":"2019-12-03T21:04:45.946Z","logger":"broker_ingress","caller":"ingress/ingress_handler.go:120","msg":"Error retrieving TTL, defaulting.","commit":"7655d9c","error":"\"knativebrokerttl\" not found"}
{"level":"info","ts":"2019-12-03T21:04:45.946Z","logger":"broker_ingress","caller":"ingress/ingress_handler.go:120","msg":"Error retrieving TTL, defaulting.","commit":"7655d9c","error":"\"knativebrokerttl\" not found"}
{"level":"info","ts":"2019-12-03T21:04:45.946Z","logger":"broker_ingress","caller":"ingress/ingress_handler.go:120","msg":"Error retrieving TTL, defaulting.","commit":"7655d9c","error":"\"knativebrokerttl\" not found"}
{"level":"info","ts":"2019-12-03T21:04:45.950Z","logger":"broker_ingress","caller":"ingress/ingress_handler.go:120","msg":"Error retrieving TTL, defaulting.","commit":"7655d9c","error":"\"knativebrokerttl\" not found"}
{"level":"info","ts":"2019-12-03T21:04:45.950Z","logger":"broker_ingress","caller":"ingress/ingress_handler.go:120","msg":"Error retrieving TTL, defaulting.","commit":"7655d9c","error":"\"knativebrokerttl\" not found"}
{"level":"info","ts":"2019-12-03T21:04:45.950Z","logger":"broker_ingress","caller":"ingress/ingress_handler.go:120","msg":"Error retrieving TTL, defaulting.","commit":"7655d9c","error":"\"knativebrokerttl\" not found"}
{"level":"info","ts":"2019-12-03T21:04:45.952Z","logger":"broker_ingress","caller":"ingress/ingress_handler.go:120","msg":"Error retrieving TTL, defaulting.","commit":"7655d9c","error":"\"knativebrokerttl\" not found"}
{"level":"info","ts":"2019-12-03T21:04:45.952Z","logger":"broker_ingress","caller":"ingress/ingress_handler.go:120","msg":"Error retrieving TTL, defaulting.","commit":"7655d9c","error":"\"knativebrokerttl\" not found"}
{"level":"info","ts":"2019-12-03T21:04:45.952Z","logger":"broker_ingress","caller":"ingress/ingress_handler.go:120","msg":"Error retrieving TTL, defaulting.","commit":"7655d9c","error":"\"knativebrokerttl\" not found"}
{"level":"info","ts":"2019-12-03T21:04:45.955Z","logger":"broker_ingress","caller":"ingress/ingress_handler.go:120","msg":"Error retrieving TTL, defaulting.","commit":"7655d9c","error":"\"knativebrokerttl\" not found"}
{"level":"info","ts":"2019-12-03T21:04:45.956Z","logger":"broker_ingress","caller":"ingress/ingress_handler.go:120","msg":"Error retrieving TTL, defaulting.","commit":"7655d9c","error":"\"knativebrokerttl\" not found"}
{"level":"info","ts":"2019-12-03T21:04:45.959Z","logger":"broker_ingress","caller":"ingress/ingress_handler.go:120","msg":"Error retrieving TTL, defaulting.","commit":"7655d9c","error":"\"knativebrokerttl\" not found"}
{"level":"info","ts":"2019-12-03T21:04:45.962Z","logger":"broker_ingress","caller":"ingress/ingress_handler.go:120","msg":"Error retrieving TTL, defaulting.","commit":"7655d9c","error":"\"knativebrokerttl\" not found"}
{"level":"info","ts":"2019-12-03T21:04:45.962Z","logger":"broker_ingress","caller":"ingress/ingress_handler.go:120","msg":"Error retrieving TTL, defaulting.","commit":"7655d9c","error":"\"knativebrokerttl\" not found"}
{"level":"info","ts":"2019-12-03T21:04:45.962Z","logger":"broker_ingress","caller":"ingress/ingress_handler.go:120","msg":"Error retrieving TTL, defaulting.","commit":"7655d9c","error":"\"knativebrokerttl\" not found"}
{"level":"info","ts":"2019-12-03T21:04:45.963Z","logger":"broker_ingress","caller":"ingress/ingress_handler.go:120","msg":"Error retrieving TTL, defaulting.","commit":"7655d9c","error":"\"knativebrokerttl\" not found"}
{"level":"info","ts":"2019-12-03T21:04:45.963Z","logger":"broker_ingress","caller":"ingress/ingress_handler.go:120","msg":"Error retrieving TTL, defaulting.","commit":"7655d9c","error":"\"knativebrokerttl\" not found"}
{"level":"info","ts":"2019-12-03T21:04:45.963Z","logger":"broker_ingress","caller":"ingress/ingress_handler.go:120","msg":"Error retrieving TTL, defaulting.","commit":"7655d9c","error":"\"knativebrokerttl\" not found"}
{"level":"info","ts":"2019-12-03T21:04:45.963Z","logger":"broker_ingress","caller":"ingress/ingress_handler.go:120","msg":"Error retrieving TTL, defaulting.","commit":"7655d9c","error":"\"knativebrokerttl\" not found"}
{"level":"info","ts":"2019-12-03T21:04:45.963Z","logger":"broker_ingress","caller":"ingress/ingress_handler.go:120","msg":"Error retrieving TTL, defaulting.","commit":"7655d9c","error":"\"knativebrokerttl\" not found"}
{"level":"info","ts":"2019-12-03T21:04:45.963Z","logger":"broker_ingress","caller":"ingress/ingress_handler.go:120","msg":"Error retrieving TTL, defaulting.","commit":"7655d9c","error":"\"knativebrokerttl\" not found"}
{"level":"info","ts":"2019-12-03T21:04:45.963Z","logger":"broker_ingress","caller":"ingress/ingress_handler.go:120","msg":"Error retrieving TTL, defaulting.","commit":"7655d9c","error":"\"knativebrokerttl\" not found"}
{"level":"info","ts":"2019-12-03T21:04:45.968Z","logger":"broker_ingress","caller":"ingress/ingress_handler.go:120","msg":"Error retrieving TTL, defaulting.","commit":"7655d9c","error":"\"knativebrokerttl\" not found"}
{"level":"info","ts":"2019-12-03T21:04:45.968Z","logger":"broker_ingress","caller":"ingress/ingress_handler.go:120","msg":"Error retrieving TTL, defaulting.","commit":"7655d9c","error":"\"knativebrokerttl\" not found"}
{"level":"info","ts":"2019-12-03T21:04:45.969Z","logger":"broker_ingress","caller":"ingress/ingress_handler.go:120","msg":"Error retrieving TTL, defaulting.","commit":"7655d9c","error":"\"knativebrokerttl\" not found"}
{"level":"info","ts":"2019-12-03T21:04:45.969Z","logger":"broker_ingress","caller":"ingress/ingress_handler.go:120","msg":"Error retrieving TTL, defaulting.","commit":"7655d9c","error":"\"knativebrokerttl\" not found"}
{"level":"info","ts":"2019-12-03T21:04:45.970Z","logger":"broker_ingress","caller":"ingress/ingress_handler.go:120","msg":"Error retrieving TTL, defaulting.","commit":"7655d9c","error":"\"knativebrokerttl\" not found"}
{"level":"info","ts":"2019-12-03T21:04:45.971Z","logger":"broker_ingress","caller":"ingress/ingress_handler.go:120","msg":"Error retrieving TTL, defaulting.","commit":"7655d9c","error":"\"knativebrokerttl\" not found"}
{"level":"info","ts":"2019-12-03T21:04:45.972Z","logger":"broker_ingress","caller":"ingress/ingress_handler.go:120","msg":"Error retrieving TTL, defaulting.","commit":"7655d9c","error":"\"knativebrokerttl\" not found"}
{"level":"info","ts":"2019-12-03T21:04:45.972Z","logger":"broker_ingress","caller":"ingress/ingress_handler.go:120","msg":"Error retrieving TTL, defaulting.","commit":"7655d9c","error":"\"knativebrokerttl\" not found"}
{"level":"info","ts":"2019-12-03T21:04:45.974Z","logger":"broker_ingress","caller":"ingress/ingress_handler.go:120","msg":"Error retrieving TTL, defaulting.","commit":"7655d9c","error":"\"knativebrokerttl\" not found"}
{"level":"info","ts":"2019-12-03T21:04:45.977Z","logger":"broker_ingress","caller":"ingress/ingress_handler.go:120","msg":"Error retrieving TTL, defaulting.","commit":"7655d9c","error":"\"knativebrokerttl\" not found"}
{"level":"info","ts":"2019-12-03T21:04:45.977Z","logger":"broker_ingress","caller":"ingress/ingress_handler.go:120","msg":"Error retrieving TTL, defaulting.","commit":"7655d9c","error":"\"knativebrokerttl\" not found"}
{"level":"info","ts":"2019-12-03T21:04:45.977Z","logger":"broker_ingress","caller":"ingress/ingress_handler.go:120","msg":"Error retrieving TTL, defaulting.","commit":"7655d9c","error":"\"knativebrokerttl\" not found"}
{"level":"info","ts":"2019-12-03T21:04:45.977Z","logger":"broker_ingress","caller":"ingress/ingress_handler.go:120","msg":"Error retrieving TTL, defaulting.","commit":"7655d9c","error":"\"knativebrokerttl\" not found"}
{"level":"info","ts":"2019-12-03T21:04:45.978Z","logger":"broker_ingress","caller":"ingress/ingress_handler.go:120","msg":"Error retrieving TTL, defaulting.","commit":"7655d9c","error":"\"knativebrokerttl\" not found"}
{"level":"info","ts":"2019-12-03T21:04:45.979Z","logger":"broker_ingress","caller":"ingress/ingress_handler.go:120","msg":"Error retrieving TTL, defaulting.","commit":"7655d9c","error":"\"knativebrokerttl\" not found"}
{"level":"info","ts":"2019-12-03T21:04:45.979Z","logger":"broker_ingress","caller":"ingress/ingress_handler.go:120","msg":"Error retrieving TTL, defaulting.","commit":"7655d9c","error":"\"knativebrokerttl\" not found"}
{"level":"info","ts":"2019-12-03T21:04:45.979Z","logger":"broker_ingress","caller":"ingress/ingress_handler.go:120","msg":"Error retrieving TTL, defaulting.","commit":"7655d9c","error":"\"knativebrokerttl\" not found"}
{"level":"info","ts":"2019-12-03T21:04:45.979Z","logger":"broker_ingress","caller":"ingress/ingress_handler.go:120","msg":"Error retrieving TTL, defaulting.","commit":"7655d9c","error":"\"knativebrokerttl\" not found"}
{"level":"info","ts":"2019-12-03T21:04:45.982Z","logger":"broker_ingress","caller":"ingress/ingress_handler.go:120","msg":"Error retrieving TTL, defaulting.","commit":"7655d9c","error":"\"knativebrokerttl\" not found"}
{"level":"info","ts":"2019-12-03T21:04:45.984Z","logger":"broker_ingress","caller":"ingress/ingress_handler.go:120","msg":"Error retrieving TTL, defaulting.","commit":"7655d9c","error":"\"knativebrokerttl\" not found"}
{"level":"info","ts":"2019-12-03T21:04:45.984Z","logger":"broker_ingress","caller":"ingress/ingress_handler.go:120","msg":"Error retrieving TTL, defaulting.","commit":"7655d9c","error":"\"knativebrokerttl\" not found"}
{"level":"info","ts":"2019-12-03T21:04:45.984Z","logger":"broker_ingress","caller":"ingress/ingress_handler.go:120","msg":"Error retrieving TTL, defaulting.","commit":"7655d9c","error":"\"knativebrokerttl\" not found"}
{"level":"info","ts":"2019-12-03T21:04:45.984Z","logger":"broker_ingress","caller":"ingress/ingress_handler.go:120","msg":"Error retrieving TTL, defaulting.","commit":"7655d9c","error":"\"knativebrokerttl\" not found"}
{"level":"info","ts":"2019-12-03T21:04:45.989Z","logger":"broker_ingress","caller":"ingress/ingress_handler.go:120","msg":"Error retrieving TTL, defaulting.","commit":"7655d9c","error":"\"knativebrokerttl\" not found"}
{"level":"info","ts":"2019-12-03T21:04:45.989Z","logger":"broker_ingress","caller":"ingress/ingress_handler.go:120","msg":"Error retrieving TTL, defaulting.","commit":"7655d9c","error":"\"knativebrokerttl\" not found"}
{"level":"info","ts":"2019-12-03T21:04:45.990Z","logger":"broker_ingress","caller":"ingress/ingress_handler.go:120","msg":"Error retrieving TTL, defaulting.","commit":"7655d9c","error":"\"knativebrokerttl\" not found"}
{"level":"info","ts":"2019-12-03T21:04:45.990Z","logger":"broker_ingress","caller":"ingress/ingress_handler.go:120","msg":"Error retrieving TTL, defaulting.","commit":"7655d9c","error":"\"knativebrokerttl\" not found"}
{"level":"info","ts":"2019-12-03T21:04:45.990Z","logger":"broker_ingress","caller":"ingress/ingress_handler.go:120","msg":"Error retrieving TTL, defaulting.","commit":"7655d9c","error":"\"knativebrokerttl\" not found"}
{"level":"info","ts":"2019-12-03T21:04:46.028Z","logger":"broker_ingress","caller":"ingress/ingress_handler.go:120","msg":"Error retrieving TTL, defaulting.","commit":"7655d9c","error":"\"knativebrokerttl\" not found"}
{"level":"info","ts":"2019-12-03T21:04:46.029Z","logger":"broker_ingress","caller":"ingress/ingress_handler.go:120","msg":"Error retrieving TTL, defaulting.","commit":"7655d9c","error":"\"knativebrokerttl\" not found"}
{"level":"info","ts":"2019-12-03T21:04:46.029Z","logger":"broker_ingress","caller":"ingress/ingress_handler.go:120","msg":"Error retrieving TTL, defaulting.","commit":"7655d9c","error":"\"knativebrokerttl\" not found"}
{"level":"info","ts":"2019-12-03T21:04:46.039Z","logger":"broker_ingress","caller":"ingress/ingress_handler.go:120","msg":"Error retrieving TTL, defaulting.","commit":"7655d9c","error":"\"knativebrokerttl\" not found"}
{"level":"info","ts":"2019-12-03T21:04:46.039Z","logger":"broker_ingress","caller":"ingress/ingress_handler.go:120","msg":"Error retrieving TTL, defaulting.","commit":"7655d9c","error":"\"knativebrokerttl\" not found"}
{"level":"info","ts":"2019-12-03T21:04:46.039Z","logger":"broker_ingress","caller":"ingress/ingress_handler.go:120","msg":"Error retrieving TTL, defaulting.","commit":"7655d9c","error":"\"knativebrokerttl\" not found"}
{"level":"info","ts":"2019-12-03T21:04:46.039Z","logger":"broker_ingress","caller":"ingress/ingress_handler.go:120","msg":"Error retrieving TTL, defaulting.","commit":"7655d9c","error":"\"knativebrokerttl\" not found"}
{"level":"info","ts":"2019-12-03T21:04:46.040Z","logger":"broker_ingress","caller":"ingress/ingress_handler.go:120","msg":"Error retrieving TTL, defaulting.","commit":"7655d9c","error":"\"knativebrokerttl\" not found"}
{"level":"info","ts":"2019-12-03T21:04:46.041Z","logger":"broker_ingress","caller":"ingress/ingress_handler.go:120","msg":"Error retrieving TTL, defaulting.","commit":"7655d9c","error":"\"knativebrokerttl\" not found"}
{"level":"info","ts":"2019-12-03T21:04:46.041Z","logger":"broker_ingress","caller":"ingress/ingress_handler.go:120","msg":"Error retrieving TTL, defaulting.","commit":"7655d9c","error":"\"knativebrokerttl\" not found"}
{"level":"info","ts":"2019-12-03T21:04:46.042Z","logger":"broker_ingress","caller":"ingress/ingress_handler.go:120","msg":"Error retrieving TTL, defaulting.","commit":"7655d9c","error":"\"knativebrokerttl\" not found"}
{"level":"info","ts":"2019-12-03T21:04:46.042Z","logger":"broker_ingress","caller":"ingress/ingress_handler.go:120","msg":"Error retrieving TTL, defaulting.","commit":"7655d9c","error":"\"knativebrokerttl\" not found"}
{"level":"info","ts":"2019-12-03T21:04:46.042Z","logger":"broker_ingress","caller":"ingress/ingress_handler.go:120","msg":"Error retrieving TTL, defaulting.","commit":"7655d9c","error":"\"knativebrokerttl\" not found"}
{"level":"info","ts":"2019-12-03T21:04:46.042Z","logger":"broker_ingress","caller":"ingress/ingress_handler.go:120","msg":"Error retrieving TTL, defaulting.","commit":"7655d9c","error":"\"knativebrokerttl\" not found"}
{"level":"info","ts":"2019-12-03T21:04:46.042Z","logger":"broker_ingress","caller":"ingress/ingress_handler.go:120","msg":"Error retrieving TTL, defaulting.","commit":"7655d9c","error":"\"knativebrokerttl\" not found"}
{"level":"info","ts":"2019-12-03T21:04:46.042Z","logger":"broker_ingress","caller":"ingress/ingress_handler.go:120","msg":"Error retrieving TTL, defaulting.","commit":"7655d9c","error":"\"knativebrokerttl\" not found"}
{"level":"info","ts":"2019-12-03T21:04:46.043Z","logger":"broker_ingress","caller":"ingress/ingress_handler.go:120","msg":"Error retrieving TTL, defaulting.","commit":"7655d9c","error":"\"knativebrokerttl\" not found"}
{"level":"info","ts":"2019-12-03T21:04:46.043Z","logger":"broker_ingress","caller":"ingress/ingress_handler.go:120","msg":"Error retrieving TTL, defaulting.","commit":"7655d9c","error":"\"knativebrokerttl\" not found"}
{"level":"info","ts":"2019-12-03T21:04:46.043Z","logger":"broker_ingress","caller":"ingress/ingress_handler.go:120","msg":"Error retrieving TTL, defaulting.","commit":"7655d9c","error":"\"knativebrokerttl\" not found"}
{"level":"info","ts":"2019-12-03T21:04:46.043Z","logger":"broker_ingress","caller":"ingress/ingress_handler.go:120","msg":"Error retrieving TTL, defaulting.","commit":"7655d9c","error":"\"knativebrokerttl\" not found"}
{"level":"info","ts":"2019-12-03T21:04:46.043Z","logger":"broker_ingress","caller":"ingress/ingress_handler.go:120","msg":"Error retrieving TTL, defaulting.","commit":"7655d9c","error":"\"knativebrokerttl\" not found"}
{"level":"info","ts":"2019-12-03T21:04:46.043Z","logger":"broker_ingress","caller":"ingress/ingress_handler.go:120","msg":"Error retrieving TTL, defaulting.","commit":"7655d9c","error":"\"knativebrokerttl\" not found"}
{"level":"info","ts":"2019-12-03T21:04:46.043Z","logger":"broker_ingress","caller":"ingress/ingress_handler.go:120","msg":"Error retrieving TTL, defaulting.","commit":"7655d9c","error":"\"knativebrokerttl\" not found"}
{"level":"info","ts":"2019-12-03T21:04:46.044Z","logger":"broker_ingress","caller":"ingress/ingress_handler.go:120","msg":"Error retrieving TTL, defaulting.","commit":"7655d9c","error":"\"knativebrokerttl\" not found"}
{"level":"info","ts":"2019-12-03T21:04:46.044Z","logger":"broker_ingress","caller":"ingress/ingress_handler.go:120","msg":"Error retrieving TTL, defaulting.","commit":"7655d9c","error":"\"knativebrokerttl\" not found"}
{"level":"info","ts":"2019-12-03T21:04:46.044Z","logger":"broker_ingress","caller":"ingress/ingress_handler.go:120","msg":"Error retrieving TTL, defaulting.","commit":"7655d9c","error":"\"knativebrokerttl\" not found"}
{"level":"info","ts":"2019-12-03T21:04:46.044Z","logger":"broker_ingress","caller":"ingress/ingress_handler.go:120","msg":"Error retrieving TTL, defaulting.","commit":"7655d9c","error":"\"knativebrokerttl\" not found"}
{"level":"info","ts":"2019-12-03T21:04:46.044Z","logger":"broker_ingress","caller":"ingress/ingress_handler.go:120","msg":"Error retrieving TTL, defaulting.","commit":"7655d9c","error":"\"knativebrokerttl\" not found"}
{"level":"info","ts":"2019-12-03T21:04:46.044Z","logger":"broker_ingress","caller":"ingress/ingress_handler.go:120","msg":"Error retrieving TTL, defaulting.","commit":"7655d9c","error":"\"knativebrokerttl\" not found"}
{"level":"info","ts":"2019-12-03T21:04:46.044Z","logger":"broker_ingress","caller":"ingress/ingress_handler.go:120","msg":"Error retrieving TTL, defaulting.","commit":"7655d9c","error":"\"knativebrokerttl\" not found"}
{"level":"info","ts":"2019-12-03T21:04:46.044Z","logger":"broker_ingress","caller":"ingress/ingress_handler.go:120","msg":"Error retrieving TTL, defaulting.","commit":"7655d9c","error":"\"knativebrokerttl\" not found"}
{"level":"info","ts":"2019-12-03T21:04:46.045Z","logger":"broker_ingress","caller":"ingress/ingress_handler.go:120","msg":"Error retrieving TTL, defaulting.","commit":"7655d9c","error":"\"knativebrokerttl\" not found"}
{"level":"info","ts":"2019-12-03T21:04:46.045Z","logger":"broker_ingress","caller":"ingress/ingress_handler.go:120","msg":"Error retrieving TTL, defaulting.","commit":"7655d9c","error":"\"knativebrokerttl\" not found"}
{"level":"info","ts":"2019-12-03T21:04:46.045Z","logger":"broker_ingress","caller":"ingress/ingress_handler.go:120","msg":"Error retrieving TTL, defaulting.","commit":"7655d9c","error":"\"knativebrokerttl\" not found"}
{"level":"info","ts":"2019-12-03T21:04:46.045Z","logger":"broker_ingress","caller":"ingress/ingress_handler.go:120","msg":"Error retrieving TTL, defaulting.","commit":"7655d9c","error":"\"knativebrokerttl\" not found"}
{"level":"info","ts":"2019-12-03T21:04:46.045Z","logger":"broker_ingress","caller":"ingress/ingress_handler.go:120","msg":"Error retrieving TTL, defaulting.","commit":"7655d9c","error":"\"knativebrokerttl\" not found"}
{"level":"info","ts":"2019-12-03T21:04:46.045Z","logger":"broker_ingress","caller":"ingress/ingress_handler.go:120","msg":"Error retrieving TTL, defaulting.","commit":"7655d9c","error":"\"knativebrokerttl\" not found"}
{"level":"info","ts":"2019-12-03T21:04:46.045Z","logger":"broker_ingress","caller":"ingress/ingress_handler.go:120","msg":"Error retrieving TTL, defaulting.","commit":"7655d9c","error":"\"knativebrokerttl\" not found"}
{"level":"info","ts":"2019-12-03T21:04:46.046Z","logger":"broker_ingress","caller":"ingress/ingress_handler.go:120","msg":"Error retrieving TTL, defaulting.","commit":"7655d9c","error":"\"knativebrokerttl\" not found"}
{"level":"info","ts":"2019-12-03T21:04:46.046Z","logger":"broker_ingress","caller":"ingress/ingress_handler.go:120","msg":"Error retrieving TTL, defaulting.","commit":"7655d9c","error":"\"knativebrokerttl\" not found"}
{"level":"info","ts":"2019-12-03T21:04:46.046Z","logger":"broker_ingress","caller":"ingress/ingress_handler.go:120","msg":"Error retrieving TTL, defaulting.","commit":"7655d9c","error":"\"knativebrokerttl\" not found"}
{"level":"info","ts":"2019-12-03T21:04:46.046Z","logger":"broker_ingress","caller":"ingress/ingress_handler.go:120","msg":"Error retrieving TTL, defaulting.","commit":"7655d9c","error":"\"knativebrokerttl\" not found"}
{"level":"info","ts":"2019-12-03T21:04:46.046Z","logger":"broker_ingress","caller":"ingress/ingress_handler.go:120","msg":"Error retrieving TTL, defaulting.","commit":"7655d9c","error":"\"knativebrokerttl\" not found"}
{"level":"info","ts":"2019-12-03T21:04:46.046Z","logger":"broker_ingress","caller":"ingress/ingress_handler.go:120","msg":"Error retrieving TTL, defaulting.","commit":"7655d9c","error":"\"knativebrokerttl\" not found"}
{"level":"info","ts":"2019-12-03T21:04:46.046Z","logger":"broker_ingress","caller":"ingress/ingress_handler.go:120","msg":"Error retrieving TTL, defaulting.","commit":"7655d9c","error":"\"knativebrokerttl\" not found"}
{"level":"info","ts":"2019-12-03T21:04:46.046Z","logger":"broker_ingress","caller":"ingress/ingress_handler.go:120","msg":"Error retrieving TTL, defaulting.","commit":"7655d9c","error":"\"knativebrokerttl\" not found"}
{"level":"info","ts":"2019-12-03T21:04:46.047Z","logger":"broker_ingress","caller":"ingress/ingress_handler.go:120","msg":"Error retrieving TTL, defaulting.","commit":"7655d9c","error":"\"knativebrokerttl\" not found"}
{"level":"info","ts":"2019-12-03T21:04:46.047Z","logger":"broker_ingress","caller":"ingress/ingress_handler.go:120","msg":"Error retrieving TTL, defaulting.","commit":"7655d9c","error":"\"knativebrokerttl\" not found"}
{"level":"info","ts":"2019-12-03T21:04:46.047Z","logger":"broker_ingress","caller":"ingress/ingress_handler.go:120","msg":"Error retrieving TTL, defaulting.","commit":"7655d9c","error":"\"knativebrokerttl\" not found"}
{"level":"info","ts":"2019-12-03T21:04:46.047Z","logger":"broker_ingress","caller":"ingress/ingress_handler.go:120","msg":"Error retrieving TTL, defaulting.","commit":"7655d9c","error":"\"knativebrokerttl\" not found"}
{"level":"info","ts":"2019-12-03T21:04:46.047Z","logger":"broker_ingress","caller":"ingress/ingress_handler.go:120","msg":"Error retrieving TTL, defaulting.","commit":"7655d9c","error":"\"knativebrokerttl\" not found"}
{"level":"info","ts":"2019-12-03T21:04:46.047Z","logger":"broker_ingress","caller":"ingress/ingress_handler.go:120","msg":"Error retrieving TTL, defaulting.","commit":"7655d9c","error":"\"knativebrokerttl\" not found"}
{"level":"info","ts":"2019-12-03T21:04:46.047Z","logger":"broker_ingress","caller":"ingress/ingress_handler.go:120","msg":"Error retrieving TTL, defaulting.","commit":"7655d9c","error":"\"knativebrokerttl\" not found"}
{"level":"info","ts":"2019-12-03T21:04:46.047Z","logger":"broker_ingress","caller":"ingress/ingress_handler.go:120","msg":"Error retrieving TTL, defaulting.","commit":"7655d9c","error":"\"knativebrokerttl\" not found"}
{"level":"info","ts":"2019-12-03T21:04:46.047Z","logger":"broker_ingress","caller":"ingress/ingress_handler.go:120","msg":"Error retrieving TTL, defaulting.","commit":"7655d9c","error":"\"knativebrokerttl\" not found"}
{"level":"info","ts":"2019-12-03T21:04:46.047Z","logger":"broker_ingress","caller":"ingress/ingress_handler.go:120","msg":"Error retrieving TTL, defaulting.","commit":"7655d9c","error":"\"knativebrokerttl\" not found"}
{"level":"info","ts":"2019-12-03T21:04:46.048Z","logger":"broker_ingress","caller":"ingress/ingress_handler.go:120","msg":"Error retrieving TTL, defaulting.","commit":"7655d9c","error":"\"knativebrokerttl\" not found"}
{"level":"info","ts":"2019-12-03T21:04:46.048Z","logger":"broker_ingress","caller":"ingress/ingress_handler.go:120","msg":"Error retrieving TTL, defaulting.","commit":"7655d9c","error":"\"knativebrokerttl\" not found"}
{"level":"info","ts":"2019-12-03T21:04:46.048Z","logger":"broker_ingress","caller":"ingress/ingress_handler.go:120","msg":"Error retrieving TTL, defaulting.","commit":"7655d9c","error":"\"knativebrokerttl\" not found"}
{"level":"info","ts":"2019-12-03T21:04:46.048Z","logger":"broker_ingress","caller":"ingress/ingress_handler.go:120","msg":"Error retrieving TTL, defaulting.","commit":"7655d9c","error":"\"knativebrokerttl\" not found"}
{"level":"info","ts":"2019-12-03T21:04:46.048Z","logger":"broker_ingress","caller":"ingress/ingress_handler.go:120","msg":"Error retrieving TTL, defaulting.","commit":"7655d9c","error":"\"knativebrokerttl\" not found"}
{"level":"info","ts":"2019-12-03T21:04:46.048Z","logger":"broker_ingress","caller":"ingress/ingress_handler.go:120","msg":"Error retrieving TTL, defaulting.","commit":"7655d9c","error":"\"knativebrokerttl\" not found"}
{"level":"info","ts":"2019-12-03T21:04:46.049Z","logger":"broker_ingress","caller":"ingress/ingress_handler.go:120","msg":"Error retrieving TTL, defaulting.","commit":"7655d9c","error":"\"knativebrokerttl\" not found"}
{"level":"info","ts":"2019-12-03T21:04:46.049Z","logger":"broker_ingress","caller":"ingress/ingress_handler.go:120","msg":"Error retrieving TTL, defaulting.","commit":"7655d9c","error":"\"knativebrokerttl\" not found"}
{"level":"info","ts":"2019-12-03T21:04:46.049Z","logger":"broker_ingress","caller":"ingress/ingress_handler.go:120","msg":"Error retrieving TTL, defaulting.","commit":"7655d9c","error":"\"knativebrokerttl\" not found"}
{"level":"info","ts":"2019-12-03T21:04:46.049Z","logger":"broker_ingress","caller":"ingress/ingress_handler.go:120","msg":"Error retrieving TTL, defaulting.","commit":"7655d9c","error":"\"knativebrokerttl\" not found"}
{"level":"info","ts":"2019-12-03T21:04:46.047Z","logger":"broker_ingress","caller":"ingress/ingress_handler.go:120","msg":"Error retrieving TTL, defaulting.","commit":"7655d9c","error":"\"knativebrokerttl\" not found"}
{"level":"info","ts":"2019-12-03T21:04:46.049Z","logger":"broker_ingress","caller":"ingress/ingress_handler.go:120","msg":"Error retrieving TTL, defaulting.","commit":"7655d9c","error":"\"knativebrokerttl\" not found"}
{"level":"info","ts":"2019-12-03T21:04:46.050Z","logger":"broker_ingress","caller":"ingress/ingress_handler.go:120","msg":"Error retrieving TTL, defaulting.","commit":"7655d9c","error":"\"knativebrokerttl\" not found"}
{"level":"info","ts":"2019-12-03T21:04:46.054Z","logger":"broker_ingress","caller":"ingress/ingress_handler.go:120","msg":"Error retrieving TTL, defaulting.","commit":"7655d9c","error":"\"knativebrokerttl\" not found"}
{"level":"info","ts":"2019-12-03T21:04:46.054Z","logger":"broker_ingress","caller":"ingress/ingress_handler.go:120","msg":"Error retrieving TTL, defaulting.","commit":"7655d9c","error":"\"knativebrokerttl\" not found"}
{"level":"info","ts":"2019-12-03T21:04:46.054Z","logger":"broker_ingress","caller":"ingress/ingress_handler.go:120","msg":"Error retrieving TTL, defaulting.","commit":"7655d9c","error":"\"knativebrokerttl\" not found"}
{"level":"info","ts":"2019-12-03T21:04:46.054Z","logger":"broker_ingress","caller":"ingress/ingress_handler.go:120","msg":"Error retrieving TTL, defaulting.","commit":"7655d9c","error":"\"knativebrokerttl\" not found"}
{"level":"info","ts":"2019-12-03T21:04:46.068Z","logger":"broker_ingress","caller":"ingress/ingress_handler.go:120","msg":"Error retrieving TTL, defaulting.","commit":"7655d9c","error":"\"knativebrokerttl\" not found"}
{"level":"info","ts":"2019-12-03T21:04:46.068Z","logger":"broker_ingress","caller":"ingress/ingress_handler.go:120","msg":"Error retrieving TTL, defaulting.","commit":"7655d9c","error":"\"knativebrokerttl\" not found"}
{"level":"info","ts":"2019-12-03T21:04:46.068Z","logger":"broker_ingress","caller":"ingress/ingress_handler.go:120","msg":"Error retrieving TTL, defaulting.","commit":"7655d9c","error":"\"knativebrokerttl\" not found"}
{"level":"info","ts":"2019-12-03T21:04:46.068Z","logger":"broker_ingress","caller":"ingress/ingress_handler.go:120","msg":"Error retrieving TTL, defaulting.","commit":"7655d9c","error":"\"knativebrokerttl\" not found"}
{"level":"info","ts":"2019-12-03T21:04:46.069Z","logger":"broker_ingress","caller":"ingress/ingress_handler.go:120","msg":"Error retrieving TTL, defaulting.","commit":"7655d9c","error":"\"knativebrokerttl\" not found"}
{"level":"info","ts":"2019-12-03T21:04:46.069Z","logger":"broker_ingress","caller":"ingress/ingress_handler.go:120","msg":"Error retrieving TTL, defaulting.","commit":"7655d9c","error":"\"knativebrokerttl\" not found"}
{"level":"info","ts":"2019-12-03T21:04:46.070Z","logger":"broker_ingress","caller":"ingress/ingress_handler.go:120","msg":"Error retrieving TTL, defaulting.","commit":"7655d9c","error":"\"knativebrokerttl\" not found"}
{"level":"info","ts":"2019-12-03T21:04:46.070Z","logger":"broker_ingress","caller":"ingress/ingress_handler.go:120","msg":"Error retrieving TTL, defaulting.","commit":"7655d9c","error":"\"knativebrokerttl\" not found"}
{"level":"info","ts":"2019-12-03T21:04:46.070Z","logger":"broker_ingress","caller":"ingress/ingress_handler.go:120","msg":"Error retrieving TTL, defaulting.","commit":"7655d9c","error":"\"knativebrokerttl\" not found"}
{"level":"info","ts":"2019-12-03T21:04:46.070Z","logger":"broker_ingress","caller":"ingress/ingress_handler.go:120","msg":"Error retrieving TTL, defaulting.","commit":"7655d9c","error":"\"knativebrokerttl\" not found"}
{"level":"info","ts":"2019-12-03T21:04:46.070Z","logger":"broker_ingress","caller":"ingress/ingress_handler.go:120","msg":"Error retrieving TTL, defaulting.","commit":"7655d9c","error":"\"knativebrokerttl\" not found"}
{"level":"info","ts":"2019-12-03T21:04:46.074Z","logger":"broker_ingress","caller":"ingress/ingress_handler.go:120","msg":"Error retrieving TTL, defaulting.","commit":"7655d9c","error":"\"knativebrokerttl\" not found"}
{"level":"info","ts":"2019-12-03T21:04:46.082Z","logger":"broker_ingress","caller":"ingress/ingress_handler.go:120","msg":"Error retrieving TTL, defaulting.","commit":"7655d9c","error":"\"knativebrokerttl\" not found"}
{"level":"info","ts":"2019-12-03T21:04:46.082Z","logger":"broker_ingress","caller":"ingress/ingress_handler.go:120","msg":"Error retrieving TTL, defaulting.","commit":"7655d9c","error":"\"knativebrokerttl\" not found"}
{"level":"info","ts":"2019-12-03T21:04:46.083Z","logger":"broker_ingress","caller":"ingress/ingress_handler.go:120","msg":"Error retrieving TTL, defaulting.","commit":"7655d9c","error":"\"knativebrokerttl\" not found"}
{"level":"info","ts":"2019-12-03T21:04:46.083Z","logger":"broker_ingress","caller":"ingress/ingress_handler.go:120","msg":"Error retrieving TTL, defaulting.","commit":"7655d9c","error":"\"knativebrokerttl\" not found"}
{"level":"info","ts":"2019-12-03T21:04:46.083Z","logger":"broker_ingress","caller":"ingress/ingress_handler.go:120","msg":"Error retrieving TTL, defaulting.","commit":"7655d9c","error":"\"knativebrokerttl\" not found"}
{"level":"info","ts":"2019-12-03T21:04:46.083Z","logger":"broker_ingress","caller":"ingress/ingress_handler.go:120","msg":"Error retrieving TTL, defaulting.","commit":"7655d9c","error":"\"knativebrokerttl\" not found"}
{"level":"info","ts":"2019-12-03T21:04:46.086Z","logger":"broker_ingress","caller":"ingress/ingress_handler.go:120","msg":"Error retrieving TTL, defaulting.","commit":"7655d9c","error":"\"knativebrokerttl\" not found"}
{"level":"info","ts":"2019-12-03T21:04:46.088Z","logger":"broker_ingress","caller":"ingress/ingress_handler.go:120","msg":"Error retrieving TTL, defaulting.","commit":"7655d9c","error":"\"knativebrokerttl\" not found"}
{"level":"info","ts":"2019-12-03T21:04:46.088Z","logger":"broker_ingress","caller":"ingress/ingress_handler.go:120","msg":"Error retrieving TTL, defaulting.","commit":"7655d9c","error":"\"knativebrokerttl\" not found"}
{"level":"info","ts":"2019-12-03T21:04:46.088Z","logger":"broker_ingress","caller":"ingress/ingress_handler.go:120","msg":"Error retrieving TTL, defaulting.","commit":"7655d9c","error":"\"knativebrokerttl\" not found"}
{"level":"info","ts":"2019-12-03T21:04:46.090Z","logger":"broker_ingress","caller":"ingress/ingress_handler.go:120","msg":"Error retrieving TTL, defaulting.","commit":"7655d9c","error":"\"knativebrokerttl\" not found"}
{"level":"info","ts":"2019-12-03T21:04:46.090Z","logger":"broker_ingress","caller":"ingress/ingress_handler.go:120","msg":"Error retrieving TTL, defaulting.","commit":"7655d9c","error":"\"knativebrokerttl\" not found"}
{"level":"info","ts":"2019-12-03T21:04:46.090Z","logger":"broker_ingress","caller":"ingress/ingress_handler.go:120","msg":"Error retrieving TTL, defaulting.","commit":"7655d9c","error":"\"knativebrokerttl\" not found"}
{"level":"info","ts":"2019-12-03T21:04:46.091Z","logger":"broker_ingress","caller":"ingress/ingress_handler.go:120","msg":"Error retrieving TTL, defaulting.","commit":"7655d9c","error":"\"knativebrokerttl\" not found"}
{"level":"info","ts":"2019-12-03T21:04:46.092Z","logger":"broker_ingress","caller":"ingress/ingress_handler.go:120","msg":"Error retrieving TTL, defaulting.","commit":"7655d9c","error":"\"knativebrokerttl\" not found"}
{"level":"info","ts":"2019-12-03T21:04:46.092Z","logger":"broker_ingress","caller":"ingress/ingress_handler.go:120","msg":"Error retrieving TTL, defaulting.","commit":"7655d9c","error":"\"knativebrokerttl\" not found"}
{"level":"info","ts":"2019-12-03T21:04:46.093Z","logger":"broker_ingress","caller":"ingress/ingress_handler.go:120","msg":"Error retrieving TTL, defaulting.","commit":"7655d9c","error":"\"knativebrokerttl\" not found"}
{"level":"info","ts":"2019-12-03T21:04:46.093Z","logger":"broker_ingress","caller":"ingress/ingress_handler.go:120","msg":"Error retrieving TTL, defaulting.","commit":"7655d9c","error":"\"knativebrokerttl\" not found"}
{"level":"info","ts":"2019-12-03T21:04:46.095Z","logger":"broker_ingress","caller":"ingress/ingress_handler.go:120","msg":"Error retrieving TTL, defaulting.","commit":"7655d9c","error":"\"knativebrokerttl\" not found"}
{"level":"info","ts":"2019-12-03T21:04:46.096Z","logger":"broker_ingress","caller":"ingress/ingress_handler.go:120","msg":"Error retrieving TTL, defaulting.","commit":"7655d9c","error":"\"knativebrokerttl\" not found"}
{"level":"info","ts":"2019-12-03T21:04:46.099Z","logger":"broker_ingress","caller":"ingress/ingress_handler.go:120","msg":"Error retrieving TTL, defaulting.","commit":"7655d9c","error":"\"knativebrokerttl\" not found"}
{"level":"info","ts":"2019-12-03T21:04:46.102Z","logger":"broker_ingress","caller":"ingress/ingress_handler.go:120","msg":"Error retrieving TTL, defaulting.","commit":"7655d9c","error":"\"knativebrokerttl\" not found"}
{"level":"info","ts":"2019-12-03T21:04:46.102Z","logger":"broker_ingress","caller":"ingress/ingress_handler.go:120","msg":"Error retrieving TTL, defaulting.","commit":"7655d9c","error":"\"knativebrokerttl\" not found"}
{"level":"info","ts":"2019-12-03T21:04:46.103Z","logger":"broker_ingress","caller":"ingress/ingress_handler.go:120","msg":"Error retrieving TTL, defaulting.","commit":"7655d9c","error":"\"knativebrokerttl\" not found"}
{"level":"info","ts":"2019-12-03T21:04:46.104Z","logger":"broker_ingress","caller":"ingress/ingress_handler.go:120","msg":"Error retrieving TTL, defaulting.","commit":"7655d9c","error":"\"knativebrokerttl\" not found"}
{"level":"info","ts":"2019-12-03T21:04:46.105Z","logger":"broker_ingress","caller":"ingress/ingress_handler.go:120","msg":"Error retrieving TTL, defaulting.","commit":"7655d9c","error":"\"knativebrokerttl\" not found"}
{"level":"info","ts":"2019-12-03T21:04:46.105Z","logger":"broker_ingress","caller":"ingress/ingress_handler.go:120","msg":"Error retrieving TTL, defaulting.","commit":"7655d9c","error":"\"knativebrokerttl\" not found"}
{"level":"info","ts":"2019-12-03T21:04:46.106Z","logger":"broker_ingress","caller":"ingress/ingress_handler.go:120","msg":"Error retrieving TTL, defaulting.","commit":"7655d9c","error":"\"knativebrokerttl\" not found"}
{"level":"info","ts":"2019-12-03T21:04:46.107Z","logger":"broker_ingress","caller":"ingress/ingress_handler.go:120","msg":"Error retrieving TTL, defaulting.","commit":"7655d9c","error":"\"knativebrokerttl\" not found"}
{"level":"info","ts":"2019-12-03T21:04:46.107Z","logger":"broker_ingress","caller":"ingress/ingress_handler.go:120","msg":"Error retrieving TTL, defaulting.","commit":"7655d9c","error":"\"knativebrokerttl\" not found"}
{"level":"info","ts":"2019-12-03T21:04:46.108Z","logger":"broker_ingress","caller":"ingress/ingress_handler.go:120","msg":"Error retrieving TTL, defaulting.","commit":"7655d9c","error":"\"knativebrokerttl\" not found"}
{"level":"info","ts":"2019-12-03T21:04:46.109Z","logger":"broker_ingress","caller":"ingress/ingress_handler.go:120","msg":"Error retrieving TTL, defaulting.","commit":"7655d9c","error":"\"knativebrokerttl\" not found"}
{"level":"info","ts":"2019-12-03T21:04:46.109Z","logger":"broker_ingress","caller":"ingress/ingress_handler.go:120","msg":"Error retrieving TTL, defaulting.","commit":"7655d9c","error":"\"knativebrokerttl\" not found"}
{"level":"info","ts":"2019-12-03T21:04:46.109Z","logger":"broker_ingress","caller":"ingress/ingress_handler.go:120","msg":"Error retrieving TTL, defaulting.","commit":"7655d9c","error":"\"knativebrokerttl\" not found"}
{"level":"info","ts":"2019-12-03T21:04:46.110Z","logger":"broker_ingress","caller":"ingress/ingress_handler.go:120","msg":"Error retrieving TTL, defaulting.","commit":"7655d9c","error":"\"knativebrokerttl\" not found"}
{"level":"info","ts":"2019-12-03T21:04:46.110Z","logger":"broker_ingress","caller":"ingress/ingress_handler.go:120","msg":"Error retrieving TTL, defaulting.","commit":"7655d9c","error":"\"knativebrokerttl\" not found"}
{"level":"info","ts":"2019-12-03T21:04:46.110Z","logger":"broker_ingress","caller":"ingress/ingress_handler.go:120","msg":"Error retrieving TTL, defaulting.","commit":"7655d9c","error":"\"knativebrokerttl\" not found"}
{"level":"info","ts":"2019-12-03T21:04:46.111Z","logger":"broker_ingress","caller":"ingress/ingress_handler.go:120","msg":"Error retrieving TTL, defaulting.","commit":"7655d9c","error":"\"knativebrokerttl\" not found"}
{"level":"info","ts":"2019-12-03T21:04:46.111Z","logger":"broker_ingress","caller":"ingress/ingress_handler.go:120","msg":"Error retrieving TTL, defaulting.","commit":"7655d9c","error":"\"knativebrokerttl\" not found"}
{"level":"info","ts":"2019-12-03T21:04:46.111Z","logger":"broker_ingress","caller":"ingress/ingress_handler.go:120","msg":"Error retrieving TTL, defaulting.","commit":"7655d9c","error":"\"knativebrokerttl\" not found"}
{"level":"info","ts":"2019-12-03T21:04:46.111Z","logger":"broker_ingress","caller":"ingress/ingress_handler.go:120","msg":"Error retrieving TTL, defaulting.","commit":"7655d9c","error":"\"knativebrokerttl\" not found"}
{"level":"info","ts":"2019-12-03T21:04:46.113Z","logger":"broker_ingress","caller":"ingress/ingress_handler.go:120","msg":"Error retrieving TTL, defaulting.","commit":"7655d9c","error":"\"knativebrokerttl\" not found"}
{"level":"info","ts":"2019-12-03T21:04:46.114Z","logger":"broker_ingress","caller":"ingress/ingress_handler.go:120","msg":"Error retrieving TTL, defaulting.","commit":"7655d9c","error":"\"knativebrokerttl\" not found"}
{"level":"info","ts":"2019-12-03T21:04:46.114Z","logger":"broker_ingress","caller":"ingress/ingress_handler.go:120","msg":"Error retrieving TTL, defaulting.","commit":"7655d9c","error":"\"knativebrokerttl\" not found"}
{"level":"info","ts":"2019-12-03T21:04:46.114Z","logger":"broker_ingress","caller":"ingress/ingress_handler.go:120","msg":"Error retrieving TTL, defaulting.","commit":"7655d9c","error":"\"knativebrokerttl\" not found"}
{"level":"info","ts":"2019-12-03T21:04:46.114Z","logger":"broker_ingress","caller":"ingress/ingress_handler.go:120","msg":"Error retrieving TTL, defaulting.","commit":"7655d9c","error":"\"knativebrokerttl\" not found"}
{"level":"info","ts":"2019-12-03T21:04:46.114Z","logger":"broker_ingress","caller":"ingress/ingress_handler.go:120","msg":"Error retrieving TTL, defaulting.","commit":"7655d9c","error":"\"knativebrokerttl\" not found"}
{"level":"info","ts":"2019-12-03T21:04:46.114Z","logger":"broker_ingress","caller":"ingress/ingress_handler.go:120","msg":"Error retrieving TTL, defaulting.","commit":"7655d9c","error":"\"knativebrokerttl\" not found"}
{"level":"info","ts":"2019-12-03T21:04:46.116Z","logger":"broker_ingress","caller":"ingress/ingress_handler.go:120","msg":"Error retrieving TTL, defaulting.","commit":"7655d9c","error":"\"knativebrokerttl\" not found"}
{"level":"info","ts":"2019-12-03T21:04:46.116Z","logger":"broker_ingress","caller":"ingress/ingress_handler.go:120","msg":"Error retrieving TTL, defaulting.","commit":"7655d9c","error":"\"knativebrokerttl\" not found"}
{"level":"info","ts":"2019-12-03T21:04:46.116Z","logger":"broker_ingress","caller":"ingress/ingress_handler.go:120","msg":"Error retrieving TTL, defaulting.","commit":"7655d9c","error":"\"knativebrokerttl\" not found"}
{"level":"info","ts":"2019-12-03T21:04:46.117Z","logger":"broker_ingress","caller":"ingress/ingress_handler.go:120","msg":"Error retrieving TTL, defaulting.","commit":"7655d9c","error":"\"knativebrokerttl\" not found"}
{"level":"info","ts":"2019-12-03T21:04:46.115Z","logger":"broker_ingress","caller":"ingress/ingress_handler.go:120","msg":"Error retrieving TTL, defaulting.","commit":"7655d9c","error":"\"knativebrokerttl\" not found"}
{"level":"info","ts":"2019-12-03T21:04:46.119Z","logger":"broker_ingress","caller":"ingress/ingress_handler.go:120","msg":"Error retrieving TTL, defaulting.","commit":"7655d9c","error":"\"knativebrokerttl\" not found"}
{"level":"info","ts":"2019-12-03T21:04:46.119Z","logger":"broker_ingress","caller":"ingress/ingress_handler.go:120","msg":"Error retrieving TTL, defaulting.","commit":"7655d9c","error":"\"knativebrokerttl\" not found"}
{"level":"info","ts":"2019-12-03T21:04:46.119Z","logger":"broker_ingress","caller":"ingress/ingress_handler.go:120","msg":"Error retrieving TTL, defaulting.","commit":"7655d9c","error":"\"knativebrokerttl\" not found"}
{"level":"info","ts":"2019-12-03T21:04:46.120Z","logger":"broker_ingress","caller":"ingress/ingress_handler.go:120","msg":"Error retrieving TTL, defaulting.","commit":"7655d9c","error":"\"knativebrokerttl\" not found"}
{"level":"info","ts":"2019-12-03T21:04:46.112Z","logger":"broker_ingress","caller":"ingress/ingress_handler.go:120","msg":"Error retrieving TTL, defaulting.","commit":"7655d9c","error":"\"knativebrokerttl\" not found"}
{"level":"info","ts":"2019-12-03T21:04:46.120Z","logger":"broker_ingress","caller":"ingress/ingress_handler.go:120","msg":"Error retrieving TTL, defaulting.","commit":"7655d9c","error":"\"knativebrokerttl\" not found"}
{"level":"info","ts":"2019-12-03T21:04:46.121Z","logger":"broker_ingress","caller":"ingress/ingress_handler.go:120","msg":"Error retrieving TTL, defaulting.","commit":"7655d9c","error":"\"knativebrokerttl\" not found"}
{"level":"info","ts":"2019-12-03T21:04:46.121Z","logger":"broker_ingress","caller":"ingress/ingress_handler.go:120","msg":"Error retrieving TTL, defaulting.","commit":"7655d9c","error":"\"knativebrokerttl\" not found"}
{"level":"info","ts":"2019-12-03T21:04:46.122Z","logger":"broker_ingress","caller":"ingress/ingress_handler.go:120","msg":"Error retrieving TTL, defaulting.","commit":"7655d9c","error":"\"knativebrokerttl\" not found"}
{"level":"info","ts":"2019-12-03T21:04:46.124Z","logger":"broker_ingress","caller":"ingress/ingress_handler.go:120","msg":"Error retrieving TTL, defaulting.","commit":"7655d9c","error":"\"knativebrokerttl\" not found"}
{"level":"info","ts":"2019-12-03T21:04:46.126Z","logger":"broker_ingress","caller":"ingress/ingress_handler.go:120","msg":"Error retrieving TTL, defaulting.","commit":"7655d9c","error":"\"knativebrokerttl\" not found"}
{"level":"info","ts":"2019-12-03T21:04:46.126Z","logger":"broker_ingress","caller":"ingress/ingress_handler.go:120","msg":"Error retrieving TTL, defaulting.","commit":"7655d9c","error":"\"knativebrokerttl\" not found"}
{"level":"info","ts":"2019-12-03T21:04:46.126Z","logger":"broker_ingress","caller":"ingress/ingress_handler.go:120","msg":"Error retrieving TTL, defaulting.","commit":"7655d9c","error":"\"knativebrokerttl\" not found"}
{"level":"info","ts":"2019-12-03T21:04:46.132Z","logger":"broker_ingress","caller":"ingress/ingress_handler.go:120","msg":"Error retrieving TTL, defaulting.","commit":"7655d9c","error":"\"knativebrokerttl\" not found"}
{"level":"info","ts":"2019-12-03T21:04:46.132Z","logger":"broker_ingress","caller":"ingress/ingress_handler.go:120","msg":"Error retrieving TTL, defaulting.","commit":"7655d9c","error":"\"knativebrokerttl\" not found"}
{"level":"info","ts":"2019-12-03T21:04:46.133Z","logger":"broker_ingress","caller":"ingress/ingress_handler.go:120","msg":"Error retrieving TTL, defaulting.","commit":"7655d9c","error":"\"knativebrokerttl\" not found"}
{"level":"info","ts":"2019-12-03T21:04:46.133Z","logger":"broker_ingress","caller":"ingress/ingress_handler.go:120","msg":"Error retrieving TTL, defaulting.","commit":"7655d9c","error":"\"knativebrokerttl\" not found"}
{"level":"info","ts":"2019-12-03T21:04:46.133Z","logger":"broker_ingress","caller":"ingress/ingress_handler.go:120","msg":"Error retrieving TTL, defaulting.","commit":"7655d9c","error":"\"knativebrokerttl\" not found"}
{"level":"info","ts":"2019-12-03T21:04:46.133Z","logger":"broker_ingress","caller":"ingress/ingress_handler.go:120","msg":"Error retrieving TTL, defaulting.","commit":"7655d9c","error":"\"knativebrokerttl\" not found"}
{"level":"info","ts":"2019-12-03T21:04:46.134Z","logger":"broker_ingress","caller":"ingress/ingress_handler.go:120","msg":"Error retrieving TTL, defaulting.","commit":"7655d9c","error":"\"knativebrokerttl\" not found"}
{"level":"info","ts":"2019-12-03T21:04:46.134Z","logger":"broker_ingress","caller":"ingress/ingress_handler.go:120","msg":"Error retrieving TTL, defaulting.","commit":"7655d9c","error":"\"knativebrokerttl\" not found"}
{"level":"info","ts":"2019-12-03T21:04:46.134Z","logger":"broker_ingress","caller":"ingress/ingress_handler.go:120","msg":"Error retrieving TTL, defaulting.","commit":"7655d9c","error":"\"knativebrokerttl\" not found"}
{"level":"info","ts":"2019-12-03T21:04:46.134Z","logger":"broker_ingress","caller":"ingress/ingress_handler.go:120","msg":"Error retrieving TTL, defaulting.","commit":"7655d9c","error":"\"knativebrokerttl\" not found"}
{"level":"info","ts":"2019-12-03T21:04:46.136Z","logger":"broker_ingress","caller":"ingress/ingress_handler.go:120","msg":"Error retrieving TTL, defaulting.","commit":"7655d9c","error":"\"knativebrokerttl\" not found"}
{"level":"info","ts":"2019-12-03T21:04:46.138Z","logger":"broker_ingress","caller":"ingress/ingress_handler.go:120","msg":"Error retrieving TTL, defaulting.","commit":"7655d9c","error":"\"knativebrokerttl\" not found"}
{"level":"info","ts":"2019-12-03T21:04:46.138Z","logger":"broker_ingress","caller":"ingress/ingress_handler.go:120","msg":"Error retrieving TTL, defaulting.","commit":"7655d9c","error":"\"knativebrokerttl\" not found"}
{"level":"info","ts":"2019-12-03T21:04:46.139Z","logger":"broker_ingress","caller":"ingress/ingress_handler.go:120","msg":"Error retrieving TTL, defaulting.","commit":"7655d9c","error":"\"knativebrokerttl\" not found"}
{"level":"info","ts":"2019-12-03T21:04:46.141Z","logger":"broker_ingress","caller":"ingress/ingress_handler.go:120","msg":"Error retrieving TTL, defaulting.","commit":"7655d9c","error":"\"knativebrokerttl\" not found"}
{"level":"info","ts":"2019-12-03T21:04:46.142Z","logger":"broker_ingress","caller":"ingress/ingress_handler.go:120","msg":"Error retrieving TTL, defaulting.","commit":"7655d9c","error":"\"knativebrokerttl\" not found"}
{"level":"info","ts":"2019-12-03T21:04:46.142Z","logger":"broker_ingress","caller":"ingress/ingress_handler.go:120","msg":"Error retrieving TTL, defaulting.","commit":"7655d9c","error":"\"knativebrokerttl\" not found"}
{"level":"info","ts":"2019-12-03T21:04:46.142Z","logger":"broker_ingress","caller":"ingress/ingress_handler.go:120","msg":"Error retrieving TTL, defaulting.","commit":"7655d9c","error":"\"knativebrokerttl\" not found"}
{"level":"info","ts":"2019-12-03T21:04:46.143Z","logger":"broker_ingress","caller":"ingress/ingress_handler.go:120","msg":"Error retrieving TTL, defaulting.","commit":"7655d9c","error":"\"knativebrokerttl\" not found"}
{"level":"info","ts":"2019-12-03T21:04:46.143Z","logger":"broker_ingress","caller":"ingress/ingress_handler.go:120","msg":"Error retrieving TTL, defaulting.","commit":"7655d9c","error":"\"knativebrokerttl\" not found"}
{"level":"info","ts":"2019-12-03T21:04:46.145Z","logger":"broker_ingress","caller":"ingress/ingress_handler.go:120","msg":"Error retrieving TTL, defaulting.","commit":"7655d9c","error":"\"knativebrokerttl\" not found"}
{"level":"info","ts":"2019-12-03T21:04:46.146Z","logger":"broker_ingress","caller":"ingress/ingress_handler.go:120","msg":"Error retrieving TTL, defaulting.","commit":"7655d9c","error":"\"knativebrokerttl\" not found"}
{"level":"info","ts":"2019-12-03T21:04:46.147Z","logger":"broker_ingress","caller":"ingress/ingress_handler.go:120","msg":"Error retrieving TTL, defaulting.","commit":"7655d9c","error":"\"knativebrokerttl\" not found"}
{"level":"info","ts":"2019-12-03T21:04:46.147Z","logger":"broker_ingress","caller":"ingress/ingress_handler.go:120","msg":"Error retrieving TTL, defaulting.","commit":"7655d9c","error":"\"knativebrokerttl\" not found"}
{"level":"info","ts":"2019-12-03T21:04:46.151Z","logger":"broker_ingress","caller":"ingress/ingress_handler.go:120","msg":"Error retrieving TTL, defaulting.","commit":"7655d9c","error":"\"knativebrokerttl\" not found"}
{"level":"info","ts":"2019-12-03T21:04:46.151Z","logger":"broker_ingress","caller":"ingress/ingress_handler.go:120","msg":"Error retrieving TTL, defaulting.","commit":"7655d9c","error":"\"knativebrokerttl\" not found"}
{"level":"info","ts":"2019-12-03T21:04:46.151Z","logger":"broker_ingress","caller":"ingress/ingress_handler.go:120","msg":"Error retrieving TTL, defaulting.","commit":"7655d9c","error":"\"knativebrokerttl\" not found"}
{"level":"info","ts":"2019-12-03T21:04:46.153Z","logger":"broker_ingress","caller":"ingress/ingress_handler.go:120","msg":"Error retrieving TTL, defaulting.","commit":"7655d9c","error":"\"knativebrokerttl\" not found"}
{"level":"info","ts":"2019-12-03T21:04:46.153Z","logger":"broker_ingress","caller":"ingress/ingress_handler.go:120","msg":"Error retrieving TTL, defaulting.","commit":"7655d9c","error":"\"knativebrokerttl\" not found"}
{"level":"info","ts":"2019-12-03T21:04:46.154Z","logger":"broker_ingress","caller":"ingress/ingress_handler.go:120","msg":"Error retrieving TTL, defaulting.","commit":"7655d9c","error":"\"knativebrokerttl\" not found"}
{"level":"info","ts":"2019-12-03T21:04:46.155Z","logger":"broker_ingress","caller":"ingress/ingress_handler.go:120","msg":"Error retrieving TTL, defaulting.","commit":"7655d9c","error":"\"knativebrokerttl\" not found"}
{"level":"info","ts":"2019-12-03T21:04:46.157Z","logger":"broker_ingress","caller":"ingress/ingress_handler.go:120","msg":"Error retrieving TTL, defaulting.","commit":"7655d9c","error":"\"knativebrokerttl\" not found"}
{"level":"info","ts":"2019-12-03T21:04:46.157Z","logger":"broker_ingress","caller":"ingress/ingress_handler.go:120","msg":"Error retrieving TTL, defaulting.","commit":"7655d9c","error":"\"knativebrokerttl\" not found"}
{"level":"info","ts":"2019-12-03T21:04:46.157Z","logger":"broker_ingress","caller":"ingress/ingress_handler.go:120","msg":"Error retrieving TTL, defaulting.","commit":"7655d9c","error":"\"knativebrokerttl\" not found"}
{"level":"info","ts":"2019-12-03T21:04:46.159Z","logger":"broker_ingress","caller":"ingress/ingress_handler.go:120","msg":"Error retrieving TTL, defaulting.","commit":"7655d9c","error":"\"knativebrokerttl\" not found"}
{"level":"info","ts":"2019-12-03T21:04:46.159Z","logger":"broker_ingress","caller":"ingress/ingress_handler.go:120","msg":"Error retrieving TTL, defaulting.","commit":"7655d9c","error":"\"knativebrokerttl\" not found"}
{"level":"info","ts":"2019-12-03T21:04:46.163Z","logger":"broker_ingress","caller":"ingress/ingress_handler.go:120","msg":"Error retrieving TTL, defaulting.","commit":"7655d9c","error":"\"knativebrokerttl\" not found"}
{"level":"info","ts":"2019-12-03T21:04:46.164Z","logger":"broker_ingress","caller":"ingress/ingress_handler.go:120","msg":"Error retrieving TTL, defaulting.","commit":"7655d9c","error":"\"knativebrokerttl\" not found"}
{"level":"info","ts":"2019-12-03T21:04:46.164Z","logger":"broker_ingress","caller":"ingress/ingress_handler.go:120","msg":"Error retrieving TTL, defaulting.","commit":"7655d9c","error":"\"knativebrokerttl\" not found"}
{"level":"info","ts":"2019-12-03T21:04:46.164Z","logger":"broker_ingress","caller":"ingress/ingress_handler.go:120","msg":"Error retrieving TTL, defaulting.","commit":"7655d9c","error":"\"knativebrokerttl\" not found"}
{"level":"info","ts":"2019-12-03T21:04:46.164Z","logger":"broker_ingress","caller":"ingress/ingress_handler.go:120","msg":"Error retrieving TTL, defaulting.","commit":"7655d9c","error":"\"knativebrokerttl\" not found"}
{"level":"info","ts":"2019-12-03T21:04:46.165Z","logger":"broker_ingress","caller":"ingress/ingress_handler.go:120","msg":"Error retrieving TTL, defaulting.","commit":"7655d9c","error":"\"knativebrokerttl\" not found"}
{"level":"info","ts":"2019-12-03T21:04:46.172Z","logger":"broker_ingress","caller":"ingress/ingress_handler.go:120","msg":"Error retrieving TTL, defaulting.","commit":"7655d9c","error":"\"knativebrokerttl\" not found"}
{"level":"info","ts":"2019-12-03T21:04:46.172Z","logger":"broker_ingress","caller":"ingress/ingress_handler.go:120","msg":"Error retrieving TTL, defaulting.","commit":"7655d9c","error":"\"knativebrokerttl\" not found"}
{"level":"info","ts":"2019-12-03T21:04:46.172Z","logger":"broker_ingress","caller":"ingress/ingress_handler.go:120","msg":"Error retrieving TTL, defaulting.","commit":"7655d9c","error":"\"knativebrokerttl\" not found"}
{"level":"info","ts":"2019-12-03T21:04:46.172Z","logger":"broker_ingress","caller":"ingress/ingress_handler.go:120","msg":"Error retrieving TTL, defaulting.","commit":"7655d9c","error":"\"knativebrokerttl\" not found"}
{"level":"info","ts":"2019-12-03T21:04:46.172Z","logger":"broker_ingress","caller":"ingress/ingress_handler.go:120","msg":"Error retrieving TTL, defaulting.","commit":"7655d9c","error":"\"knativebrokerttl\" not found"}
{"level":"info","ts":"2019-12-03T21:04:46.184Z","logger":"broker_ingress","caller":"ingress/ingress_handler.go:120","msg":"Error retrieving TTL, defaulting.","commit":"7655d9c","error":"\"knativebrokerttl\" not found"}
{"level":"info","ts":"2019-12-03T21:04:46.184Z","logger":"broker_ingress","caller":"ingress/ingress_handler.go:120","msg":"Error retrieving TTL, defaulting.","commit":"7655d9c","error":"\"knativebrokerttl\" not found"}
{"level":"info","ts":"2019-12-03T21:04:46.166Z","logger":"broker_ingress","caller":"ingress/ingress_handler.go:120","msg":"Error retrieving TTL, defaulting.","commit":"7655d9c","error":"\"knativebrokerttl\" not found"}
{"level":"info","ts":"2019-12-03T21:04:46.188Z","logger":"broker_ingress","caller":"ingress/ingress_handler.go:120","msg":"Error retrieving TTL, defaulting.","commit":"7655d9c","error":"\"knativebrokerttl\" not found"}
{"level":"info","ts":"2019-12-03T21:04:46.189Z","logger":"broker_ingress","caller":"ingress/ingress_handler.go:120","msg":"Error retrieving TTL, defaulting.","commit":"7655d9c","error":"\"knativebrokerttl\" not found"}
{"level":"info","ts":"2019-12-03T21:04:46.189Z","logger":"broker_ingress","caller":"ingress/ingress_handler.go:120","msg":"Error retrieving TTL, defaulting.","commit":"7655d9c","error":"\"knativebrokerttl\" not found"}
{"level":"info","ts":"2019-12-03T21:04:46.189Z","logger":"broker_ingress","caller":"ingress/ingress_handler.go:120","msg":"Error retrieving TTL, defaulting.","commit":"7655d9c","error":"\"knativebrokerttl\" not found"}
{"level":"info","ts":"2019-12-03T21:04:46.189Z","logger":"broker_ingress","caller":"ingress/ingress_handler.go:120","msg":"Error retrieving TTL, defaulting.","commit":"7655d9c","error":"\"knativebrokerttl\" not found"}
{"level":"info","ts":"2019-12-03T21:04:46.190Z","logger":"broker_ingress","caller":"ingress/ingress_handler.go:120","msg":"Error retrieving TTL, defaulting.","commit":"7655d9c","error":"\"knativebrokerttl\" not found"}
{"level":"info","ts":"2019-12-03T21:04:46.190Z","logger":"broker_ingress","caller":"ingress/ingress_handler.go:120","msg":"Error retrieving TTL, defaulting.","commit":"7655d9c","error":"\"knativebrokerttl\" not found"}
{"level":"info","ts":"2019-12-03T21:04:46.190Z","logger":"broker_ingress","caller":"ingress/ingress_handler.go:120","msg":"Error retrieving TTL, defaulting.","commit":"7655d9c","error":"\"knativebrokerttl\" not found"}
{"level":"info","ts":"2019-12-03T21:04:46.190Z","logger":"broker_ingress","caller":"ingress/ingress_handler.go:120","msg":"Error retrieving TTL, defaulting.","commit":"7655d9c","error":"\"knativebrokerttl\" not found"}
{"level":"info","ts":"2019-12-03T21:04:46.191Z","logger":"broker_ingress","caller":"ingress/ingress_handler.go:120","msg":"Error retrieving TTL, defaulting.","commit":"7655d9c","error":"\"knativebrokerttl\" not found"}
{"level":"info","ts":"2019-12-03T21:04:46.191Z","logger":"broker_ingress","caller":"ingress/ingress_handler.go:120","msg":"Error retrieving TTL, defaulting.","commit":"7655d9c","error":"\"knativebrokerttl\" not found"}
{"level":"info","ts":"2019-12-03T21:04:46.191Z","logger":"broker_ingress","caller":"ingress/ingress_handler.go:120","msg":"Error retrieving TTL, defaulting.","commit":"7655d9c","error":"\"knativebrokerttl\" not found"}
{"level":"info","ts":"2019-12-03T21:04:46.193Z","logger":"broker_ingress","caller":"ingress/ingress_handler.go:120","msg":"Error retrieving TTL, defaulting.","commit":"7655d9c","error":"\"knativebrokerttl\" not found"}
{"level":"info","ts":"2019-12-03T21:04:46.194Z","logger":"broker_ingress","caller":"ingress/ingress_handler.go:120","msg":"Error retrieving TTL, defaulting.","commit":"7655d9c","error":"\"knativebrokerttl\" not found"}
{"level":"info","ts":"2019-12-03T21:04:46.167Z","logger":"broker_ingress","caller":"ingress/ingress_handler.go:120","msg":"Error retrieving TTL, defaulting.","commit":"7655d9c","error":"\"knativebrokerttl\" not found"}
{"level":"info","ts":"2019-12-03T21:04:46.194Z","logger":"broker_ingress","caller":"ingress/ingress_handler.go:120","msg":"Error retrieving TTL, defaulting.","commit":"7655d9c","error":"\"knativebrokerttl\" not found"}
{"level":"info","ts":"2019-12-03T21:04:46.194Z","logger":"broker_ingress","caller":"ingress/ingress_handler.go:120","msg":"Error retrieving TTL, defaulting.","commit":"7655d9c","error":"\"knativebrokerttl\" not found"}
{"level":"info","ts":"2019-12-03T21:04:46.194Z","logger":"broker_ingress","caller":"ingress/ingress_handler.go:120","msg":"Error retrieving TTL, defaulting.","commit":"7655d9c","error":"\"knativebrokerttl\" not found"}
{"level":"info","ts":"2019-12-03T21:04:46.194Z","logger":"broker_ingress","caller":"ingress/ingress_handler.go:120","msg":"Error retrieving TTL, defaulting.","commit":"7655d9c","error":"\"knativebrokerttl\" not found"}
{"level":"info","ts":"2019-12-03T21:04:46.195Z","logger":"broker_ingress","caller":"ingress/ingress_handler.go:120","msg":"Error retrieving TTL, defaulting.","commit":"7655d9c","error":"\"knativebrokerttl\" not found"}
{"level":"info","ts":"2019-12-03T21:04:46.195Z","logger":"broker_ingress","caller":"ingress/ingress_handler.go:120","msg":"Error retrieving TTL, defaulting.","commit":"7655d9c","error":"\"knativebrokerttl\" not found"}
{"level":"info","ts":"2019-12-03T21:04:46.195Z","logger":"broker_ingress","caller":"ingress/ingress_handler.go:120","msg":"Error retrieving TTL, defaulting.","commit":"7655d9c","error":"\"knativebrokerttl\" not found"}
{"level":"info","ts":"2019-12-03T21:04:46.195Z","logger":"broker_ingress","caller":"ingress/ingress_handler.go:120","msg":"Error retrieving TTL, defaulting.","commit":"7655d9c","error":"\"knativebrokerttl\" not found"}
{"level":"info","ts":"2019-12-03T21:04:46.195Z","logger":"broker_ingress","caller":"ingress/ingress_handler.go:120","msg":"Error retrieving TTL, defaulting.","commit":"7655d9c","error":"\"knativebrokerttl\" not found"}
{"level":"info","ts":"2019-12-03T21:04:46.196Z","logger":"broker_ingress","caller":"ingress/ingress_handler.go:120","msg":"Error retrieving TTL, defaulting.","commit":"7655d9c","error":"\"knativebrokerttl\" not found"}
{"level":"info","ts":"2019-12-03T21:04:46.196Z","logger":"broker_ingress","caller":"ingress/ingress_handler.go:120","msg":"Error retrieving TTL, defaulting.","commit":"7655d9c","error":"\"knativebrokerttl\" not found"}
{"level":"info","ts":"2019-12-03T21:04:46.197Z","logger":"broker_ingress","caller":"ingress/ingress_handler.go:120","msg":"Error retrieving TTL, defaulting.","commit":"7655d9c","error":"\"knativebrokerttl\" not found"}
{"level":"info","ts":"2019-12-03T21:04:46.197Z","logger":"broker_ingress","caller":"ingress/ingress_handler.go:120","msg":"Error retrieving TTL, defaulting.","commit":"7655d9c","error":"\"knativebrokerttl\" not found"}
{"level":"info","ts":"2019-12-03T21:04:46.198Z","logger":"broker_ingress","caller":"ingress/ingress_handler.go:120","msg":"Error retrieving TTL, defaulting.","commit":"7655d9c","error":"\"knativebrokerttl\" not found"}
{"level":"info","ts":"2019-12-03T21:04:46.201Z","logger":"broker_ingress","caller":"ingress/ingress_handler.go:120","msg":"Error retrieving TTL, defaulting.","commit":"7655d9c","error":"\"knativebrokerttl\" not found"}
{"level":"info","ts":"2019-12-03T21:04:46.201Z","logger":"broker_ingress","caller":"ingress/ingress_handler.go:120","msg":"Error retrieving TTL, defaulting.","commit":"7655d9c","error":"\"knativebrokerttl\" not found"}
{"level":"info","ts":"2019-12-03T21:04:46.201Z","logger":"broker_ingress","caller":"ingress/ingress_handler.go:120","msg":"Error retrieving TTL, defaulting.","commit":"7655d9c","error":"\"knativebrokerttl\" not found"}
{"level":"info","ts":"2019-12-03T21:04:46.201Z","logger":"broker_ingress","caller":"ingress/ingress_handler.go:120","msg":"Error retrieving TTL, defaulting.","commit":"7655d9c","error":"\"knativebrokerttl\" not found"}
{"level":"info","ts":"2019-12-03T21:04:46.203Z","logger":"broker_ingress","caller":"ingress/ingress_handler.go:120","msg":"Error retrieving TTL, defaulting.","commit":"7655d9c","error":"\"knativebrokerttl\" not found"}
{"level":"info","ts":"2019-12-03T21:04:46.203Z","logger":"broker_ingress","caller":"ingress/ingress_handler.go:120","msg":"Error retrieving TTL, defaulting.","commit":"7655d9c","error":"\"knativebrokerttl\" not found"}
{"level":"info","ts":"2019-12-03T21:04:46.205Z","logger":"broker_ingress","caller":"ingress/ingress_handler.go:120","msg":"Error retrieving TTL, defaulting.","commit":"7655d9c","error":"\"knativebrokerttl\" not found"}
{"level":"info","ts":"2019-12-03T21:04:46.206Z","logger":"broker_ingress","caller":"ingress/ingress_handler.go:120","msg":"Error retrieving TTL, defaulting.","commit":"7655d9c","error":"\"knativebrokerttl\" not found"}
{"level":"info","ts":"2019-12-03T21:04:46.207Z","logger":"broker_ingress","caller":"ingress/ingress_handler.go:120","msg":"Error retrieving TTL, defaulting.","commit":"7655d9c","error":"\"knativebrokerttl\" not found"}
{"level":"info","ts":"2019-12-03T21:04:46.208Z","logger":"broker_ingress","caller":"ingress/ingress_handler.go:120","msg":"Error retrieving TTL, defaulting.","commit":"7655d9c","error":"\"knativebrokerttl\" not found"}
{"level":"info","ts":"2019-12-03T21:04:46.208Z","logger":"broker_ingress","caller":"ingress/ingress_handler.go:120","msg":"Error retrieving TTL, defaulting.","commit":"7655d9c","error":"\"knativebrokerttl\" not found"}
{"level":"info","ts":"2019-12-03T21:04:46.208Z","logger":"broker_ingress","caller":"ingress/ingress_handler.go:120","msg":"Error retrieving TTL, defaulting.","commit":"7655d9c","error":"\"knativebrokerttl\" not found"}
{"level":"info","ts":"2019-12-03T21:04:46.211Z","logger":"broker_ingress","caller":"ingress/ingress_handler.go:120","msg":"Error retrieving TTL, defaulting.","commit":"7655d9c","error":"\"knativebrokerttl\" not found"}
{"level":"info","ts":"2019-12-03T21:04:46.212Z","logger":"broker_ingress","caller":"ingress/ingress_handler.go:120","msg":"Error retrieving TTL, defaulting.","commit":"7655d9c","error":"\"knativebrokerttl\" not found"}
{"level":"info","ts":"2019-12-03T21:04:46.212Z","logger":"broker_ingress","caller":"ingress/ingress_handler.go:120","msg":"Error retrieving TTL, defaulting.","commit":"7655d9c","error":"\"knativebrokerttl\" not found"}
{"level":"info","ts":"2019-12-03T21:04:46.212Z","logger":"broker_ingress","caller":"ingress/ingress_handler.go:120","msg":"Error retrieving TTL, defaulting.","commit":"7655d9c","error":"\"knativebrokerttl\" not found"}
{"level":"info","ts":"2019-12-03T21:04:46.214Z","logger":"broker_ingress","caller":"ingress/ingress_handler.go:120","msg":"Error retrieving TTL, defaulting.","commit":"7655d9c","error":"\"knativebrokerttl\" not found"}
{"level":"info","ts":"2019-12-03T21:04:46.215Z","logger":"broker_ingress","caller":"ingress/ingress_handler.go:120","msg":"Error retrieving TTL, defaulting.","commit":"7655d9c","error":"\"knativebrokerttl\" not found"}
{"level":"info","ts":"2019-12-03T21:04:46.215Z","logger":"broker_ingress","caller":"ingress/ingress_handler.go:120","msg":"Error retrieving TTL, defaulting.","commit":"7655d9c","error":"\"knativebrokerttl\" not found"}
{"level":"info","ts":"2019-12-03T21:04:46.216Z","logger":"broker_ingress","caller":"ingress/ingress_handler.go:120","msg":"Error retrieving TTL, defaulting.","commit":"7655d9c","error":"\"knativebrokerttl\" not found"}
{"level":"info","ts":"2019-12-03T21:04:46.216Z","logger":"broker_ingress","caller":"ingress/ingress_handler.go:120","msg":"Error retrieving TTL, defaulting.","commit":"7655d9c","error":"\"knativebrokerttl\" not found"}
{"level":"info","ts":"2019-12-03T21:04:46.218Z","logger":"broker_ingress","caller":"ingress/ingress_handler.go:120","msg":"Error retrieving TTL, defaulting.","commit":"7655d9c","error":"\"knativebrokerttl\" not found"}
{"level":"info","ts":"2019-12-03T21:04:46.219Z","logger":"broker_ingress","caller":"ingress/ingress_handler.go:120","msg":"Error retrieving TTL, defaulting.","commit":"7655d9c","error":"\"knativebrokerttl\" not found"}
{"level":"info","ts":"2019-12-03T21:04:46.221Z","logger":"broker_ingress","caller":"ingress/ingress_handler.go:120","msg":"Error retrieving TTL, defaulting.","commit":"7655d9c","error":"\"knativebrokerttl\" not found"}
{"level":"info","ts":"2019-12-03T21:04:46.221Z","logger":"broker_ingress","caller":"ingress/ingress_handler.go:120","msg":"Error retrieving TTL, defaulting.","commit":"7655d9c","error":"\"knativebrokerttl\" not found"}
{"level":"info","ts":"2019-12-03T21:04:46.221Z","logger":"broker_ingress","caller":"ingress/ingress_handler.go:120","msg":"Error retrieving TTL, defaulting.","commit":"7655d9c","error":"\"knativebrokerttl\" not found"}
{"level":"info","ts":"2019-12-03T21:04:46.222Z","logger":"broker_ingress","caller":"ingress/ingress_handler.go:120","msg":"Error retrieving TTL, defaulting.","commit":"7655d9c","error":"\"knativebrokerttl\" not found"}
{"level":"info","ts":"2019-12-03T21:04:46.224Z","logger":"broker_ingress","caller":"ingress/ingress_handler.go:120","msg":"Error retrieving TTL, defaulting.","commit":"7655d9c","error":"\"knativebrokerttl\" not found"}
{"level":"info","ts":"2019-12-03T21:04:46.224Z","logger":"broker_ingress","caller":"ingress/ingress_handler.go:120","msg":"Error retrieving TTL, defaulting.","commit":"7655d9c","error":"\"knativebrokerttl\" not found"}
{"level":"info","ts":"2019-12-03T21:04:46.225Z","logger":"broker_ingress","caller":"ingress/ingress_handler.go:120","msg":"Error retrieving TTL, defaulting.","commit":"7655d9c","error":"\"knativebrokerttl\" not found"}
{"level":"info","ts":"2019-12-03T21:04:46.225Z","logger":"broker_ingress","caller":"ingress/ingress_handler.go:120","msg":"Error retrieving TTL, defaulting.","commit":"7655d9c","error":"\"knativebrokerttl\" not found"}
{"level":"info","ts":"2019-12-03T21:04:46.226Z","logger":"broker_ingress","caller":"ingress/ingress_handler.go:120","msg":"Error retrieving TTL, defaulting.","commit":"7655d9c","error":"\"knativebrokerttl\" not found"}
{"level":"info","ts":"2019-12-03T21:04:46.227Z","logger":"broker_ingress","caller":"ingress/ingress_handler.go:120","msg":"Error retrieving TTL, defaulting.","commit":"7655d9c","error":"\"knativebrokerttl\" not found"}
{"level":"info","ts":"2019-12-03T21:04:46.228Z","logger":"broker_ingress","caller":"ingress/ingress_handler.go:120","msg":"Error retrieving TTL, defaulting.","commit":"7655d9c","error":"\"knativebrokerttl\" not found"}
{"level":"info","ts":"2019-12-03T21:04:46.230Z","logger":"broker_ingress","caller":"ingress/ingress_handler.go:120","msg":"Error retrieving TTL, defaulting.","commit":"7655d9c","error":"\"knativebrokerttl\" not found"}
{"level":"info","ts":"2019-12-03T21:04:46.230Z","logger":"broker_ingress","caller":"ingress/ingress_handler.go:120","msg":"Error retrieving TTL, defaulting.","commit":"7655d9c","error":"\"knativebrokerttl\" not found"}
{"level":"info","ts":"2019-12-03T21:04:46.231Z","logger":"broker_ingress","caller":"ingress/ingress_handler.go:120","msg":"Error retrieving TTL, defaulting.","commit":"7655d9c","error":"\"knativebrokerttl\" not found"}
{"level":"info","ts":"2019-12-03T21:04:46.241Z","logger":"broker_ingress","caller":"ingress/ingress_handler.go:120","msg":"Error retrieving TTL, defaulting.","commit":"7655d9c","error":"\"knativebrokerttl\" not found"}
{"level":"info","ts":"2019-12-03T21:04:46.243Z","logger":"broker_ingress","caller":"ingress/ingress_handler.go:120","msg":"Error retrieving TTL, defaulting.","commit":"7655d9c","error":"\"knativebrokerttl\" not found"}
{"level":"info","ts":"2019-12-03T21:04:46.245Z","logger":"broker_ingress","caller":"ingress/ingress_handler.go:120","msg":"Error retrieving TTL, defaulting.","commit":"7655d9c","error":"\"knativebrokerttl\" not found"}
{"level":"info","ts":"2019-12-03T21:04:46.245Z","logger":"broker_ingress","caller":"ingress/ingress_handler.go:120","msg":"Error retrieving TTL, defaulting.","commit":"7655d9c","error":"\"knativebrokerttl\" not found"}
{"level":"info","ts":"2019-12-03T21:04:46.245Z","logger":"broker_ingress","caller":"ingress/ingress_handler.go:120","msg":"Error retrieving TTL, defaulting.","commit":"7655d9c","error":"\"knativebrokerttl\" not found"}
{"level":"info","ts":"2019-12-03T21:04:46.246Z","logger":"broker_ingress","caller":"ingress/ingress_handler.go:120","msg":"Error retrieving TTL, defaulting.","commit":"7655d9c","error":"\"knativebrokerttl\" not found"}
{"level":"info","ts":"2019-12-03T21:04:46.246Z","logger":"broker_ingress","caller":"ingress/ingress_handler.go:120","msg":"Error retrieving TTL, defaulting.","commit":"7655d9c","error":"\"knativebrokerttl\" not found"}
{"level":"info","ts":"2019-12-03T21:04:46.246Z","logger":"broker_ingress","caller":"ingress/ingress_handler.go:120","msg":"Error retrieving TTL, defaulting.","commit":"7655d9c","error":"\"knativebrokerttl\" not found"}
{"level":"info","ts":"2019-12-03T21:04:46.247Z","logger":"broker_ingress","caller":"ingress/ingress_handler.go:120","msg":"Error retrieving TTL, defaulting.","commit":"7655d9c","error":"\"knativebrokerttl\" not found"}
{"level":"info","ts":"2019-12-03T21:04:46.250Z","logger":"broker_ingress","caller":"ingress/ingress_handler.go:120","msg":"Error retrieving TTL, defaulting.","commit":"7655d9c","error":"\"knativebrokerttl\" not found"}
{"level":"info","ts":"2019-12-03T21:04:46.250Z","logger":"broker_ingress","caller":"ingress/ingress_handler.go:120","msg":"Error retrieving TTL, defaulting.","commit":"7655d9c","error":"\"knativebrokerttl\" not found"}
{"level":"info","ts":"2019-12-03T21:04:46.251Z","logger":"broker_ingress","caller":"ingress/ingress_handler.go:120","msg":"Error retrieving TTL, defaulting.","commit":"7655d9c","error":"\"knativebrokerttl\" not found"}
{"level":"info","ts":"2019-12-03T21:04:46.252Z","logger":"broker_ingress","caller":"ingress/ingress_handler.go:120","msg":"Error retrieving TTL, defaulting.","commit":"7655d9c","error":"\"knativebrokerttl\" not found"}
{"level":"info","ts":"2019-12-03T21:04:46.253Z","logger":"broker_ingress","caller":"ingress/ingress_handler.go:120","msg":"Error retrieving TTL, defaulting.","commit":"7655d9c","error":"\"knativebrokerttl\" not found"}
{"level":"info","ts":"2019-12-03T21:04:46.253Z","logger":"broker_ingress","caller":"ingress/ingress_handler.go:120","msg":"Error retrieving TTL, defaulting.","commit":"7655d9c","error":"\"knativebrokerttl\" not found"}
{"level":"info","ts":"2019-12-03T21:04:46.253Z","logger":"broker_ingress","caller":"ingress/ingress_handler.go:120","msg":"Error retrieving TTL, defaulting.","commit":"7655d9c","error":"\"knativebrokerttl\" not found"}
{"level":"info","ts":"2019-12-03T21:04:46.253Z","logger":"broker_ingress","caller":"ingress/ingress_handler.go:120","msg":"Error retrieving TTL, defaulting.","commit":"7655d9c","error":"\"knativebrokerttl\" not found"}
{"level":"info","ts":"2019-12-03T21:04:46.253Z","logger":"broker_ingress","caller":"ingress/ingress_handler.go:120","msg":"Error retrieving TTL, defaulting.","commit":"7655d9c","error":"\"knativebrokerttl\" not found"}
{"level":"info","ts":"2019-12-03T21:04:46.254Z","logger":"broker_ingress","caller":"ingress/ingress_handler.go:120","msg":"Error retrieving TTL, defaulting.","commit":"7655d9c","error":"\"knativebrokerttl\" not found"}
{"level":"info","ts":"2019-12-03T21:04:46.254Z","logger":"broker_ingress","caller":"ingress/ingress_handler.go:120","msg":"Error retrieving TTL, defaulting.","commit":"7655d9c","error":"\"knativebrokerttl\" not found"}
{"level":"info","ts":"2019-12-03T21:04:46.255Z","logger":"broker_ingress","caller":"ingress/ingress_handler.go:120","msg":"Error retrieving TTL, defaulting.","commit":"7655d9c","error":"\"knativebrokerttl\" not found"}
{"level":"info","ts":"2019-12-03T21:04:46.255Z","logger":"broker_ingress","caller":"ingress/ingress_handler.go:120","msg":"Error retrieving TTL, defaulting.","commit":"7655d9c","error":"\"knativebrokerttl\" not found"}
{"level":"info","ts":"2019-12-03T21:04:46.255Z","logger":"broker_ingress","caller":"ingress/ingress_handler.go:120","msg":"Error retrieving TTL, defaulting.","commit":"7655d9c","error":"\"knativebrokerttl\" not found"}
{"level":"info","ts":"2019-12-03T21:04:46.255Z","logger":"broker_ingress","caller":"ingress/ingress_handler.go:120","msg":"Error retrieving TTL, defaulting.","commit":"7655d9c","error":"\"knativebrokerttl\" not found"}
{"level":"info","ts":"2019-12-03T21:04:46.256Z","logger":"broker_ingress","caller":"ingress/ingress_handler.go:120","msg":"Error retrieving TTL, defaulting.","commit":"7655d9c","error":"\"knativebrokerttl\" not found"}
{"level":"info","ts":"2019-12-03T21:04:46.257Z","logger":"broker_ingress","caller":"ingress/ingress_handler.go:120","msg":"Error retrieving TTL, defaulting.","commit":"7655d9c","error":"\"knativebrokerttl\" not found"}
{"level":"info","ts":"2019-12-03T21:04:46.257Z","logger":"broker_ingress","caller":"ingress/ingress_handler.go:120","msg":"Error retrieving TTL, defaulting.","commit":"7655d9c","error":"\"knativebrokerttl\" not found"}
{"level":"info","ts":"2019-12-03T21:04:46.266Z","logger":"broker_ingress","caller":"ingress/ingress_handler.go:120","msg":"Error retrieving TTL, defaulting.","commit":"7655d9c","error":"\"knativebrokerttl\" not found"}
{"level":"info","ts":"2019-12-03T21:04:46.267Z","logger":"broker_ingress","caller":"ingress/ingress_handler.go:120","msg":"Error retrieving TTL, defaulting.","commit":"7655d9c","error":"\"knativebrokerttl\" not found"}
{"level":"info","ts":"2019-12-03T21:04:46.267Z","logger":"broker_ingress","caller":"ingress/ingress_handler.go:120","msg":"Error retrieving TTL, defaulting.","commit":"7655d9c","error":"\"knativebrokerttl\" not found"}
{"level":"info","ts":"2019-12-03T21:04:46.267Z","logger":"broker_ingress","caller":"ingress/ingress_handler.go:120","msg":"Error retrieving TTL, defaulting.","commit":"7655d9c","error":"\"knativebrokerttl\" not found"}
{"level":"info","ts":"2019-12-03T21:04:46.267Z","logger":"broker_ingress","caller":"ingress/ingress_handler.go:120","msg":"Error retrieving TTL, defaulting.","commit":"7655d9c","error":"\"knativebrokerttl\" not found"}
{"level":"info","ts":"2019-12-03T21:04:46.267Z","logger":"broker_ingress","caller":"ingress/ingress_handler.go:120","msg":"Error retrieving TTL, defaulting.","commit":"7655d9c","error":"\"knativebrokerttl\" not found"}
{"level":"info","ts":"2019-12-03T21:04:46.268Z","logger":"broker_ingress","caller":"ingress/ingress_handler.go:120","msg":"Error retrieving TTL, defaulting.","commit":"7655d9c","error":"\"knativebrokerttl\" not found"}
{"level":"info","ts":"2019-12-03T21:04:46.269Z","logger":"broker_ingress","caller":"ingress/ingress_handler.go:120","msg":"Error retrieving TTL, defaulting.","commit":"7655d9c","error":"\"knativebrokerttl\" not found"}
{"level":"info","ts":"2019-12-03T21:04:46.269Z","logger":"broker_ingress","caller":"ingress/ingress_handler.go:120","msg":"Error retrieving TTL, defaulting.","commit":"7655d9c","error":"\"knativebrokerttl\" not found"}
{"level":"info","ts":"2019-12-03T21:04:46.270Z","logger":"broker_ingress","caller":"ingress/ingress_handler.go:120","msg":"Error retrieving TTL, defaulting.","commit":"7655d9c","error":"\"knativebrokerttl\" not found"}
{"level":"info","ts":"2019-12-03T21:04:46.270Z","logger":"broker_ingress","caller":"ingress/ingress_handler.go:120","msg":"Error retrieving TTL, defaulting.","commit":"7655d9c","error":"\"knativebrokerttl\" not found"}
{"level":"info","ts":"2019-12-03T21:04:46.256Z","logger":"broker_ingress","caller":"ingress/ingress_handler.go:120","msg":"Error retrieving TTL, defaulting.","commit":"7655d9c","error":"\"knativebrokerttl\" not found"}
{"level":"info","ts":"2019-12-03T21:04:46.286Z","logger":"broker_ingress","caller":"ingress/ingress_handler.go:120","msg":"Error retrieving TTL, defaulting.","commit":"7655d9c","error":"\"knativebrokerttl\" not found"}
{"level":"info","ts":"2019-12-03T21:04:46.287Z","logger":"broker_ingress","caller":"ingress/ingress_handler.go:120","msg":"Error retrieving TTL, defaulting.","commit":"7655d9c","error":"\"knativebrokerttl\" not found"}
{"level":"info","ts":"2019-12-03T21:04:46.287Z","logger":"broker_ingress","caller":"ingress/ingress_handler.go:120","msg":"Error retrieving TTL, defaulting.","commit":"7655d9c","error":"\"knativebrokerttl\" not found"}
{"level":"info","ts":"2019-12-03T21:04:46.287Z","logger":"broker_ingress","caller":"ingress/ingress_handler.go:120","msg":"Error retrieving TTL, defaulting.","commit":"7655d9c","error":"\"knativebrokerttl\" not found"}
{"level":"info","ts":"2019-12-03T21:04:46.288Z","logger":"broker_ingress","caller":"ingress/ingress_handler.go:120","msg":"Error retrieving TTL, defaulting.","commit":"7655d9c","error":"\"knativebrokerttl\" not found"}
{"level":"info","ts":"2019-12-03T21:04:46.288Z","logger":"broker_ingress","caller":"ingress/ingress_handler.go:120","msg":"Error retrieving TTL, defaulting.","commit":"7655d9c","error":"\"knativebrokerttl\" not found"}
{"level":"info","ts":"2019-12-03T21:04:46.288Z","logger":"broker_ingress","caller":"ingress/ingress_handler.go:120","msg":"Error retrieving TTL, defaulting.","commit":"7655d9c","error":"\"knativebrokerttl\" not found"}
{"level":"info","ts":"2019-12-03T21:04:46.288Z","logger":"broker_ingress","caller":"ingress/ingress_handler.go:120","msg":"Error retrieving TTL, defaulting.","commit":"7655d9c","error":"\"knativebrokerttl\" not found"}
{"level":"info","ts":"2019-12-03T21:04:46.288Z","logger":"broker_ingress","caller":"ingress/ingress_handler.go:120","msg":"Error retrieving TTL, defaulting.","commit":"7655d9c","error":"\"knativebrokerttl\" not found"}
{"level":"info","ts":"2019-12-03T21:04:46.288Z","logger":"broker_ingress","caller":"ingress/ingress_handler.go:120","msg":"Error retrieving TTL, defaulting.","commit":"7655d9c","error":"\"knativebrokerttl\" not found"}
{"level":"info","ts":"2019-12-03T21:04:46.289Z","logger":"broker_ingress","caller":"ingress/ingress_handler.go:120","msg":"Error retrieving TTL, defaulting.","commit":"7655d9c","error":"\"knativebrokerttl\" not found"}
{"level":"info","ts":"2019-12-03T21:04:46.290Z","logger":"broker_ingress","caller":"ingress/ingress_handler.go:120","msg":"Error retrieving TTL, defaulting.","commit":"7655d9c","error":"\"knativebrokerttl\" not found"}
{"level":"info","ts":"2019-12-03T21:04:46.290Z","logger":"broker_ingress","caller":"ingress/ingress_handler.go:120","msg":"Error retrieving TTL, defaulting.","commit":"7655d9c","error":"\"knativebrokerttl\" not found"}
{"level":"info","ts":"2019-12-03T21:04:46.290Z","logger":"broker_ingress","caller":"ingress/ingress_handler.go:120","msg":"Error retrieving TTL, defaulting.","commit":"7655d9c","error":"\"knativebrokerttl\" not found"}
{"level":"info","ts":"2019-12-03T21:04:46.290Z","logger":"broker_ingress","caller":"ingress/ingress_handler.go:120","msg":"Error retrieving TTL, defaulting.","commit":"7655d9c","error":"\"knativebrokerttl\" not found"}
{"level":"info","ts":"2019-12-03T21:04:46.290Z","logger":"broker_ingress","caller":"ingress/ingress_handler.go:120","msg":"Error retrieving TTL, defaulting.","commit":"7655d9c","error":"\"knativebrokerttl\" not found"}
{"level":"info","ts":"2019-12-03T21:04:46.290Z","logger":"broker_ingress","caller":"ingress/ingress_handler.go:120","msg":"Error retrieving TTL, defaulting.","commit":"7655d9c","error":"\"knativebrokerttl\" not found"}
{"level":"info","ts":"2019-12-03T21:04:46.268Z","logger":"broker_ingress","caller":"ingress/ingress_handler.go:120","msg":"Error retrieving TTL, defaulting.","commit":"7655d9c","error":"\"knativebrokerttl\" not found"}
{"level":"info","ts":"2019-12-03T21:04:46.291Z","logger":"broker_ingress","caller":"ingress/ingress_handler.go:120","msg":"Error retrieving TTL, defaulting.","commit":"7655d9c","error":"\"knativebrokerttl\" not found"}
{"level":"info","ts":"2019-12-03T21:04:46.297Z","logger":"broker_ingress","caller":"ingress/ingress_handler.go:120","msg":"Error retrieving TTL, defaulting.","commit":"7655d9c","error":"\"knativebrokerttl\" not found"}
{"level":"info","ts":"2019-12-03T21:04:46.297Z","logger":"broker_ingress","caller":"ingress/ingress_handler.go:120","msg":"Error retrieving TTL, defaulting.","commit":"7655d9c","error":"\"knativebrokerttl\" not found"}
{"level":"info","ts":"2019-12-03T21:04:46.297Z","logger":"broker_ingress","caller":"ingress/ingress_handler.go:120","msg":"Error retrieving TTL, defaulting.","commit":"7655d9c","error":"\"knativebrokerttl\" not found"}
{"level":"info","ts":"2019-12-03T21:04:46.299Z","logger":"broker_ingress","caller":"ingress/ingress_handler.go:120","msg":"Error retrieving TTL, defaulting.","commit":"7655d9c","error":"\"knativebrokerttl\" not found"}
{"level":"info","ts":"2019-12-03T21:04:46.302Z","logger":"broker_ingress","caller":"ingress/ingress_handler.go:120","msg":"Error retrieving TTL, defaulting.","commit":"7655d9c","error":"\"knativebrokerttl\" not found"}
{"level":"info","ts":"2019-12-03T21:04:46.302Z","logger":"broker_ingress","caller":"ingress/ingress_handler.go:120","msg":"Error retrieving TTL, defaulting.","commit":"7655d9c","error":"\"knativebrokerttl\" not found"}
{"level":"info","ts":"2019-12-03T21:04:46.302Z","logger":"broker_ingress","caller":"ingress/ingress_handler.go:120","msg":"Error retrieving TTL, defaulting.","commit":"7655d9c","error":"\"knativebrokerttl\" not found"}
{"level":"info","ts":"2019-12-03T21:04:46.302Z","logger":"broker_ingress","caller":"ingress/ingress_handler.go:120","msg":"Error retrieving TTL, defaulting.","commit":"7655d9c","error":"\"knativebrokerttl\" not found"}
{"level":"info","ts":"2019-12-03T21:04:46.303Z","logger":"broker_ingress","caller":"ingress/ingress_handler.go:120","msg":"Error retrieving TTL, defaulting.","commit":"7655d9c","error":"\"knativebrokerttl\" not found"}
{"level":"info","ts":"2019-12-03T21:04:46.303Z","logger":"broker_ingress","caller":"ingress/ingress_handler.go:120","msg":"Error retrieving TTL, defaulting.","commit":"7655d9c","error":"\"knativebrokerttl\" not found"}
{"level":"info","ts":"2019-12-03T21:04:46.303Z","logger":"broker_ingress","caller":"ingress/ingress_handler.go:120","msg":"Error retrieving TTL, defaulting.","commit":"7655d9c","error":"\"knativebrokerttl\" not found"}
{"level":"info","ts":"2019-12-03T21:04:46.303Z","logger":"broker_ingress","caller":"ingress/ingress_handler.go:120","msg":"Error retrieving TTL, defaulting.","commit":"7655d9c","error":"\"knativebrokerttl\" not found"}
{"level":"info","ts":"2019-12-03T21:04:46.303Z","logger":"broker_ingress","caller":"ingress/ingress_handler.go:120","msg":"Error retrieving TTL, defaulting.","commit":"7655d9c","error":"\"knativebrokerttl\" not found"}
{"level":"info","ts":"2019-12-03T21:04:46.304Z","logger":"broker_ingress","caller":"ingress/ingress_handler.go:120","msg":"Error retrieving TTL, defaulting.","commit":"7655d9c","error":"\"knativebrokerttl\" not found"}
{"level":"info","ts":"2019-12-03T21:04:46.304Z","logger":"broker_ingress","caller":"ingress/ingress_handler.go:120","msg":"Error retrieving TTL, defaulting.","commit":"7655d9c","error":"\"knativebrokerttl\" not found"}
{"level":"info","ts":"2019-12-03T21:04:46.305Z","logger":"broker_ingress","caller":"ingress/ingress_handler.go:120","msg":"Error retrieving TTL, defaulting.","commit":"7655d9c","error":"\"knativebrokerttl\" not found"}
{"level":"info","ts":"2019-12-03T21:04:46.298Z","logger":"broker_ingress","caller":"ingress/ingress_handler.go:120","msg":"Error retrieving TTL, defaulting.","commit":"7655d9c","error":"\"knativebrokerttl\" not found"}
{"level":"info","ts":"2019-12-03T21:04:46.305Z","logger":"broker_ingress","caller":"ingress/ingress_handler.go:120","msg":"Error retrieving TTL, defaulting.","commit":"7655d9c","error":"\"knativebrokerttl\" not found"}
{"level":"info","ts":"2019-12-03T21:04:46.305Z","logger":"broker_ingress","caller":"ingress/ingress_handler.go:120","msg":"Error retrieving TTL, defaulting.","commit":"7655d9c","error":"\"knativebrokerttl\" not found"}
{"level":"info","ts":"2019-12-03T21:04:46.306Z","logger":"broker_ingress","caller":"ingress/ingress_handler.go:120","msg":"Error retrieving TTL, defaulting.","commit":"7655d9c","error":"\"knativebrokerttl\" not found"}
{"level":"info","ts":"2019-12-03T21:04:46.306Z","logger":"broker_ingress","caller":"ingress/ingress_handler.go:120","msg":"Error retrieving TTL, defaulting.","commit":"7655d9c","error":"\"knativebrokerttl\" not found"}
{"level":"info","ts":"2019-12-03T21:04:46.307Z","logger":"broker_ingress","caller":"ingress/ingress_handler.go:120","msg":"Error retrieving TTL, defaulting.","commit":"7655d9c","error":"\"knativebrokerttl\" not found"}
{"level":"info","ts":"2019-12-03T21:04:46.307Z","logger":"broker_ingress","caller":"ingress/ingress_handler.go:120","msg":"Error retrieving TTL, defaulting.","commit":"7655d9c","error":"\"knativebrokerttl\" not found"}
{"level":"info","ts":"2019-12-03T21:04:46.307Z","logger":"broker_ingress","caller":"ingress/ingress_handler.go:120","msg":"Error retrieving TTL, defaulting.","commit":"7655d9c","error":"\"knativebrokerttl\" not found"}
{"level":"info","ts":"2019-12-03T21:04:46.307Z","logger":"broker_ingress","caller":"ingress/ingress_handler.go:120","msg":"Error retrieving TTL, defaulting.","commit":"7655d9c","error":"\"knativebrokerttl\" not found"}
{"level":"info","ts":"2019-12-03T21:04:46.308Z","logger":"broker_ingress","caller":"ingress/ingress_handler.go:120","msg":"Error retrieving TTL, defaulting.","commit":"7655d9c","error":"\"knativebrokerttl\" not found"}
{"level":"info","ts":"2019-12-03T21:04:46.309Z","logger":"broker_ingress","caller":"ingress/ingress_handler.go:120","msg":"Error retrieving TTL, defaulting.","commit":"7655d9c","error":"\"knativebrokerttl\" not found"}
{"level":"info","ts":"2019-12-03T21:04:46.312Z","logger":"broker_ingress","caller":"ingress/ingress_handler.go:120","msg":"Error retrieving TTL, defaulting.","commit":"7655d9c","error":"\"knativebrokerttl\" not found"}
{"level":"info","ts":"2019-12-03T21:04:46.312Z","logger":"broker_ingress","caller":"ingress/ingress_handler.go:120","msg":"Error retrieving TTL, defaulting.","commit":"7655d9c","error":"\"knativebrokerttl\" not found"}
{"level":"info","ts":"2019-12-03T21:04:46.316Z","logger":"broker_ingress","caller":"ingress/ingress_handler.go:120","msg":"Error retrieving TTL, defaulting.","commit":"7655d9c","error":"\"knativebrokerttl\" not found"}
{"level":"info","ts":"2019-12-03T21:04:46.316Z","logger":"broker_ingress","caller":"ingress/ingress_handler.go:120","msg":"Error retrieving TTL, defaulting.","commit":"7655d9c","error":"\"knativebrokerttl\" not found"}
{"level":"info","ts":"2019-12-03T21:04:46.317Z","logger":"broker_ingress","caller":"ingress/ingress_handler.go:120","msg":"Error retrieving TTL, defaulting.","commit":"7655d9c","error":"\"knativebrokerttl\" not found"}
{"level":"info","ts":"2019-12-03T21:04:46.317Z","logger":"broker_ingress","caller":"ingress/ingress_handler.go:120","msg":"Error retrieving TTL, defaulting.","commit":"7655d9c","error":"\"knativebrokerttl\" not found"}
{"level":"info","ts":"2019-12-03T21:04:46.317Z","logger":"broker_ingress","caller":"ingress/ingress_handler.go:120","msg":"Error retrieving TTL, defaulting.","commit":"7655d9c","error":"\"knativebrokerttl\" not found"}
{"level":"info","ts":"2019-12-03T21:04:46.320Z","logger":"broker_ingress","caller":"ingress/ingress_handler.go:120","msg":"Error retrieving TTL, defaulting.","commit":"7655d9c","error":"\"knativebrokerttl\" not found"}
{"level":"info","ts":"2019-12-03T21:04:46.316Z","logger":"broker_ingress","caller":"ingress/ingress_handler.go:120","msg":"Error retrieving TTL, defaulting.","commit":"7655d9c","error":"\"knativebrokerttl\" not found"}
{"level":"info","ts":"2019-12-03T21:04:46.321Z","logger":"broker_ingress","caller":"ingress/ingress_handler.go:120","msg":"Error retrieving TTL, defaulting.","commit":"7655d9c","error":"\"knativebrokerttl\" not found"}
{"level":"info","ts":"2019-12-03T21:04:46.321Z","logger":"broker_ingress","caller":"ingress/ingress_handler.go:120","msg":"Error retrieving TTL, defaulting.","commit":"7655d9c","error":"\"knativebrokerttl\" not found"}
{"level":"info","ts":"2019-12-03T21:04:46.322Z","logger":"broker_ingress","caller":"ingress/ingress_handler.go:120","msg":"Error retrieving TTL, defaulting.","commit":"7655d9c","error":"\"knativebrokerttl\" not found"}
{"level":"info","ts":"2019-12-03T21:04:46.322Z","logger":"broker_ingress","caller":"ingress/ingress_handler.go:120","msg":"Error retrieving TTL, defaulting.","commit":"7655d9c","error":"\"knativebrokerttl\" not found"}
{"level":"info","ts":"2019-12-03T21:04:46.322Z","logger":"broker_ingress","caller":"ingress/ingress_handler.go:120","msg":"Error retrieving TTL, defaulting.","commit":"7655d9c","error":"\"knativebrokerttl\" not found"}
{"level":"info","ts":"2019-12-03T21:04:46.321Z","logger":"broker_ingress","caller":"ingress/ingress_handler.go:120","msg":"Error retrieving TTL, defaulting.","commit":"7655d9c","error":"\"knativebrokerttl\" not found"}
{"level":"info","ts":"2019-12-03T21:04:46.326Z","logger":"broker_ingress","caller":"ingress/ingress_handler.go:120","msg":"Error retrieving TTL, defaulting.","commit":"7655d9c","error":"\"knativebrokerttl\" not found"}
{"level":"info","ts":"2019-12-03T21:04:46.327Z","logger":"broker_ingress","caller":"ingress/ingress_handler.go:120","msg":"Error retrieving TTL, defaulting.","commit":"7655d9c","error":"\"knativebrokerttl\" not found"}
{"level":"info","ts":"2019-12-03T21:04:46.328Z","logger":"broker_ingress","caller":"ingress/ingress_handler.go:120","msg":"Error retrieving TTL, defaulting.","commit":"7655d9c","error":"\"knativebrokerttl\" not found"}
{"level":"info","ts":"2019-12-03T21:04:46.328Z","logger":"broker_ingress","caller":"ingress/ingress_handler.go:120","msg":"Error retrieving TTL, defaulting.","commit":"7655d9c","error":"\"knativebrokerttl\" not found"}
{"level":"info","ts":"2019-12-03T21:04:46.328Z","logger":"broker_ingress","caller":"ingress/ingress_handler.go:120","msg":"Error retrieving TTL, defaulting.","commit":"7655d9c","error":"\"knativebrokerttl\" not found"}
{"level":"info","ts":"2019-12-03T21:04:46.329Z","logger":"broker_ingress","caller":"ingress/ingress_handler.go:120","msg":"Error retrieving TTL, defaulting.","commit":"7655d9c","error":"\"knativebrokerttl\" not found"}
{"level":"info","ts":"2019-12-03T21:04:46.338Z","logger":"broker_ingress","caller":"ingress/ingress_handler.go:120","msg":"Error retrieving TTL, defaulting.","commit":"7655d9c","error":"\"knativebrokerttl\" not found"}
{"level":"info","ts":"2019-12-03T21:04:46.339Z","logger":"broker_ingress","caller":"ingress/ingress_handler.go:120","msg":"Error retrieving TTL, defaulting.","commit":"7655d9c","error":"\"knativebrokerttl\" not found"}
{"level":"info","ts":"2019-12-03T21:04:46.339Z","logger":"broker_ingress","caller":"ingress/ingress_handler.go:120","msg":"Error retrieving TTL, defaulting.","commit":"7655d9c","error":"\"knativebrokerttl\" not found"}
{"level":"info","ts":"2019-12-03T21:04:46.339Z","logger":"broker_ingress","caller":"ingress/ingress_handler.go:120","msg":"Error retrieving TTL, defaulting.","commit":"7655d9c","error":"\"knativebrokerttl\" not found"}
{"level":"info","ts":"2019-12-03T21:04:46.339Z","logger":"broker_ingress","caller":"ingress/ingress_handler.go:120","msg":"Error retrieving TTL, defaulting.","commit":"7655d9c","error":"\"knativebrokerttl\" not found"}
{"level":"info","ts":"2019-12-03T21:04:46.339Z","logger":"broker_ingress","caller":"ingress/ingress_handler.go:120","msg":"Error retrieving TTL, defaulting.","commit":"7655d9c","error":"\"knativebrokerttl\" not found"}
{"level":"info","ts":"2019-12-03T21:04:46.340Z","logger":"broker_ingress","caller":"ingress/ingress_handler.go:120","msg":"Error retrieving TTL, defaulting.","commit":"7655d9c","error":"\"knativebrokerttl\" not found"}
{"level":"info","ts":"2019-12-03T21:04:46.340Z","logger":"broker_ingress","caller":"ingress/ingress_handler.go:120","msg":"Error retrieving TTL, defaulting.","commit":"7655d9c","error":"\"knativebrokerttl\" not found"}
{"level":"info","ts":"2019-12-03T21:04:46.340Z","logger":"broker_ingress","caller":"ingress/ingress_handler.go:120","msg":"Error retrieving TTL, defaulting.","commit":"7655d9c","error":"\"knativebrokerttl\" not found"}
{"level":"info","ts":"2019-12-03T21:04:46.340Z","logger":"broker_ingress","caller":"ingress/ingress_handler.go:120","msg":"Error retrieving TTL, defaulting.","commit":"7655d9c","error":"\"knativebrokerttl\" not found"}
{"level":"info","ts":"2019-12-03T21:04:46.340Z","logger":"broker_ingress","caller":"ingress/ingress_handler.go:120","msg":"Error retrieving TTL, defaulting.","commit":"7655d9c","error":"\"knativebrokerttl\" not found"}
{"level":"info","ts":"2019-12-03T21:04:46.340Z","logger":"broker_ingress","caller":"ingress/ingress_handler.go:120","msg":"Error retrieving TTL, defaulting.","commit":"7655d9c","error":"\"knativebrokerttl\" not found"}
{"level":"info","ts":"2019-12-03T21:04:46.341Z","logger":"broker_ingress","caller":"ingress/ingress_handler.go:120","msg":"Error retrieving TTL, defaulting.","commit":"7655d9c","error":"\"knativebrokerttl\" not found"}
{"level":"info","ts":"2019-12-03T21:04:46.343Z","logger":"broker_ingress","caller":"ingress/ingress_handler.go:120","msg":"Error retrieving TTL, defaulting.","commit":"7655d9c","error":"\"knativebrokerttl\" not found"}
{"level":"info","ts":"2019-12-03T21:04:46.345Z","logger":"broker_ingress","caller":"ingress/ingress_handler.go:120","msg":"Error retrieving TTL, defaulting.","commit":"7655d9c","error":"\"knativebrokerttl\" not found"}
{"level":"info","ts":"2019-12-03T21:04:46.351Z","logger":"broker_ingress","caller":"ingress/ingress_handler.go:120","msg":"Error retrieving TTL, defaulting.","commit":"7655d9c","error":"\"knativebrokerttl\" not found"}
{"level":"info","ts":"2019-12-03T21:04:46.351Z","logger":"broker_ingress","caller":"ingress/ingress_handler.go:120","msg":"Error retrieving TTL, defaulting.","commit":"7655d9c","error":"\"knativebrokerttl\" not found"}
{"level":"info","ts":"2019-12-03T21:04:46.351Z","logger":"broker_ingress","caller":"ingress/ingress_handler.go:120","msg":"Error retrieving TTL, defaulting.","commit":"7655d9c","error":"\"knativebrokerttl\" not found"}
{"level":"info","ts":"2019-12-03T21:04:46.351Z","logger":"broker_ingress","caller":"ingress/ingress_handler.go:120","msg":"Error retrieving TTL, defaulting.","commit":"7655d9c","error":"\"knativebrokerttl\" not found"}
{"level":"info","ts":"2019-12-03T21:04:46.351Z","logger":"broker_ingress","caller":"ingress/ingress_handler.go:120","msg":"Error retrieving TTL, defaulting.","commit":"7655d9c","error":"\"knativebrokerttl\" not found"}
{"level":"info","ts":"2019-12-03T21:04:46.352Z","logger":"broker_ingress","caller":"ingress/ingress_handler.go:120","msg":"Error retrieving TTL, defaulting.","commit":"7655d9c","error":"\"knativebrokerttl\" not found"}
{"level":"info","ts":"2019-12-03T21:04:46.352Z","logger":"broker_ingress","caller":"ingress/ingress_handler.go:120","msg":"Error retrieving TTL, defaulting.","commit":"7655d9c","error":"\"knativebrokerttl\" not found"}
{"level":"info","ts":"2019-12-03T21:04:46.352Z","logger":"broker_ingress","caller":"ingress/ingress_handler.go:120","msg":"Error retrieving TTL, defaulting.","commit":"7655d9c","error":"\"knativebrokerttl\" not found"}
{"level":"info","ts":"2019-12-03T21:04:46.352Z","logger":"broker_ingress","caller":"ingress/ingress_handler.go:120","msg":"Error retrieving TTL, defaulting.","commit":"7655d9c","error":"\"knativebrokerttl\" not found"}
{"level":"info","ts":"2019-12-03T21:04:46.354Z","logger":"broker_ingress","caller":"ingress/ingress_handler.go:120","msg":"Error retrieving TTL, defaulting.","commit":"7655d9c","error":"\"knativebrokerttl\" not found"}
{"level":"info","ts":"2019-12-03T21:04:46.354Z","logger":"broker_ingress","caller":"ingress/ingress_handler.go:120","msg":"Error retrieving TTL, defaulting.","commit":"7655d9c","error":"\"knativebrokerttl\" not found"}
{"level":"info","ts":"2019-12-03T21:04:46.356Z","logger":"broker_ingress","caller":"ingress/ingress_handler.go:120","msg":"Error retrieving TTL, defaulting.","commit":"7655d9c","error":"\"knativebrokerttl\" not found"}
{"level":"info","ts":"2019-12-03T21:04:46.356Z","logger":"broker_ingress","caller":"ingress/ingress_handler.go:120","msg":"Error retrieving TTL, defaulting.","commit":"7655d9c","error":"\"knativebrokerttl\" not found"}
{"level":"info","ts":"2019-12-03T21:04:46.357Z","logger":"broker_ingress","caller":"ingress/ingress_handler.go:120","msg":"Error retrieving TTL, defaulting.","commit":"7655d9c","error":"\"knativebrokerttl\" not found"}
{"level":"info","ts":"2019-12-03T21:04:46.357Z","logger":"broker_ingress","caller":"ingress/ingress_handler.go:120","msg":"Error retrieving TTL, defaulting.","commit":"7655d9c","error":"\"knativebrokerttl\" not found"}
{"level":"info","ts":"2019-12-03T21:04:46.357Z","logger":"broker_ingress","caller":"ingress/ingress_handler.go:120","msg":"Error retrieving TTL, defaulting.","commit":"7655d9c","error":"\"knativebrokerttl\" not found"}
{"level":"info","ts":"2019-12-03T21:04:46.357Z","logger":"broker_ingress","caller":"ingress/ingress_handler.go:120","msg":"Error retrieving TTL, defaulting.","commit":"7655d9c","error":"\"knativebrokerttl\" not found"}
{"level":"info","ts":"2019-12-03T21:04:46.357Z","logger":"broker_ingress","caller":"ingress/ingress_handler.go:120","msg":"Error retrieving TTL, defaulting.","commit":"7655d9c","error":"\"knativebrokerttl\" not found"}
{"level":"info","ts":"2019-12-03T21:04:46.358Z","logger":"broker_ingress","caller":"ingress/ingress_handler.go:120","msg":"Error retrieving TTL, defaulting.","commit":"7655d9c","error":"\"knativebrokerttl\" not found"}
{"level":"info","ts":"2019-12-03T21:04:46.359Z","logger":"broker_ingress","caller":"ingress/ingress_handler.go:120","msg":"Error retrieving TTL, defaulting.","commit":"7655d9c","error":"\"knativebrokerttl\" not found"}
{"level":"info","ts":"2019-12-03T21:04:46.360Z","logger":"broker_ingress","caller":"ingress/ingress_handler.go:120","msg":"Error retrieving TTL, defaulting.","commit":"7655d9c","error":"\"knativebrokerttl\" not found"}
{"level":"info","ts":"2019-12-03T21:04:46.360Z","logger":"broker_ingress","caller":"ingress/ingress_handler.go:120","msg":"Error retrieving TTL, defaulting.","commit":"7655d9c","error":"\"knativebrokerttl\" not found"}
{"level":"info","ts":"2019-12-03T21:04:46.366Z","logger":"broker_ingress","caller":"ingress/ingress_handler.go:120","msg":"Error retrieving TTL, defaulting.","commit":"7655d9c","error":"\"knativebrokerttl\" not found"}
{"level":"info","ts":"2019-12-03T21:04:46.369Z","logger":"broker_ingress","caller":"ingress/ingress_handler.go:120","msg":"Error retrieving TTL, defaulting.","commit":"7655d9c","error":"\"knativebrokerttl\" not found"}
{"level":"info","ts":"2019-12-03T21:04:46.371Z","logger":"broker_ingress","caller":"ingress/ingress_handler.go:120","msg":"Error retrieving TTL, defaulting.","commit":"7655d9c","error":"\"knativebrokerttl\" not found"}
{"level":"info","ts":"2019-12-03T21:04:46.372Z","logger":"broker_ingress","caller":"ingress/ingress_handler.go:120","msg":"Error retrieving TTL, defaulting.","commit":"7655d9c","error":"\"knativebrokerttl\" not found"}
{"level":"info","ts":"2019-12-03T21:04:46.373Z","logger":"broker_ingress","caller":"ingress/ingress_handler.go:120","msg":"Error retrieving TTL, defaulting.","commit":"7655d9c","error":"\"knativebrokerttl\" not found"}
{"level":"info","ts":"2019-12-03T21:04:46.379Z","logger":"broker_ingress","caller":"ingress/ingress_handler.go:120","msg":"Error retrieving TTL, defaulting.","commit":"7655d9c","error":"\"knativebrokerttl\" not found"}
{"level":"info","ts":"2019-12-03T21:04:46.384Z","logger":"broker_ingress","caller":"ingress/ingress_handler.go:120","msg":"Error retrieving TTL, defaulting.","commit":"7655d9c","error":"\"knativebrokerttl\" not found"}
{"level":"info","ts":"2019-12-03T21:04:46.387Z","logger":"broker_ingress","caller":"ingress/ingress_handler.go:120","msg":"Error retrieving TTL, defaulting.","commit":"7655d9c","error":"\"knativebrokerttl\" not found"}
{"level":"info","ts":"2019-12-03T21:04:46.387Z","logger":"broker_ingress","caller":"ingress/ingress_handler.go:120","msg":"Error retrieving TTL, defaulting.","commit":"7655d9c","error":"\"knativebrokerttl\" not found"}
{"level":"info","ts":"2019-12-03T21:04:46.387Z","logger":"broker_ingress","caller":"ingress/ingress_handler.go:120","msg":"Error retrieving TTL, defaulting.","commit":"7655d9c","error":"\"knativebrokerttl\" not found"}
{"level":"info","ts":"2019-12-03T21:04:46.387Z","logger":"broker_ingress","caller":"ingress/ingress_handler.go:120","msg":"Error retrieving TTL, defaulting.","commit":"7655d9c","error":"\"knativebrokerttl\" not found"}
{"level":"info","ts":"2019-12-03T21:04:46.387Z","logger":"broker_ingress","caller":"ingress/ingress_handler.go:120","msg":"Error retrieving TTL, defaulting.","commit":"7655d9c","error":"\"knativebrokerttl\" not found"}
{"level":"info","ts":"2019-12-03T21:04:46.387Z","logger":"broker_ingress","caller":"ingress/ingress_handler.go:120","msg":"Error retrieving TTL, defaulting.","commit":"7655d9c","error":"\"knativebrokerttl\" not found"}
{"level":"info","ts":"2019-12-03T21:04:46.387Z","logger":"broker_ingress","caller":"ingress/ingress_handler.go:120","msg":"Error retrieving TTL, defaulting.","commit":"7655d9c","error":"\"knativebrokerttl\" not found"}
{"level":"info","ts":"2019-12-03T21:04:46.387Z","logger":"broker_ingress","caller":"ingress/ingress_handler.go:120","msg":"Error retrieving TTL, defaulting.","commit":"7655d9c","error":"\"knativebrokerttl\" not found"}
{"level":"info","ts":"2019-12-03T21:04:46.388Z","logger":"broker_ingress","caller":"ingress/ingress_handler.go:120","msg":"Error retrieving TTL, defaulting.","commit":"7655d9c","error":"\"knativebrokerttl\" not found"}
{"level":"info","ts":"2019-12-03T21:04:46.388Z","logger":"broker_ingress","caller":"ingress/ingress_handler.go:120","msg":"Error retrieving TTL, defaulting.","commit":"7655d9c","error":"\"knativebrokerttl\" not found"}
{"level":"info","ts":"2019-12-03T21:04:46.388Z","logger":"broker_ingress","caller":"ingress/ingress_handler.go:120","msg":"Error retrieving TTL, defaulting.","commit":"7655d9c","error":"\"knativebrokerttl\" not found"}
{"level":"info","ts":"2019-12-03T21:04:46.388Z","logger":"broker_ingress","caller":"ingress/ingress_handler.go:120","msg":"Error retrieving TTL, defaulting.","commit":"7655d9c","error":"\"knativebrokerttl\" not found"}
{"level":"info","ts":"2019-12-03T21:04:46.389Z","logger":"broker_ingress","caller":"ingress/ingress_handler.go:120","msg":"Error retrieving TTL, defaulting.","commit":"7655d9c","error":"\"knativebrokerttl\" not found"}
{"level":"info","ts":"2019-12-03T21:04:46.389Z","logger":"broker_ingress","caller":"ingress/ingress_handler.go:120","msg":"Error retrieving TTL, defaulting.","commit":"7655d9c","error":"\"knativebrokerttl\" not found"}
{"level":"info","ts":"2019-12-03T21:04:46.390Z","logger":"broker_ingress","caller":"ingress/ingress_handler.go:120","msg":"Error retrieving TTL, defaulting.","commit":"7655d9c","error":"\"knativebrokerttl\" not found"}
{"level":"info","ts":"2019-12-03T21:04:46.390Z","logger":"broker_ingress","caller":"ingress/ingress_handler.go:120","msg":"Error retrieving TTL, defaulting.","commit":"7655d9c","error":"\"knativebrokerttl\" not found"}
{"level":"info","ts":"2019-12-03T21:04:46.391Z","logger":"broker_ingress","caller":"ingress/ingress_handler.go:120","msg":"Error retrieving TTL, defaulting.","commit":"7655d9c","error":"\"knativebrokerttl\" not found"}
{"level":"info","ts":"2019-12-03T21:04:46.391Z","logger":"broker_ingress","caller":"ingress/ingress_handler.go:120","msg":"Error retrieving TTL, defaulting.","commit":"7655d9c","error":"\"knativebrokerttl\" not found"}
{"level":"info","ts":"2019-12-03T21:04:46.391Z","logger":"broker_ingress","caller":"ingress/ingress_handler.go:120","msg":"Error retrieving TTL, defaulting.","commit":"7655d9c","error":"\"knativebrokerttl\" not found"}
{"level":"info","ts":"2019-12-03T21:04:46.392Z","logger":"broker_ingress","caller":"ingress/ingress_handler.go:120","msg":"Error retrieving TTL, defaulting.","commit":"7655d9c","error":"\"knativebrokerttl\" not found"}
{"level":"info","ts":"2019-12-03T21:04:46.392Z","logger":"broker_ingress","caller":"ingress/ingress_handler.go:120","msg":"Error retrieving TTL, defaulting.","commit":"7655d9c","error":"\"knativebrokerttl\" not found"}
{"level":"info","ts":"2019-12-03T21:04:46.392Z","logger":"broker_ingress","caller":"ingress/ingress_handler.go:120","msg":"Error retrieving TTL, defaulting.","commit":"7655d9c","error":"\"knativebrokerttl\" not found"}
{"level":"info","ts":"2019-12-03T21:04:46.392Z","logger":"broker_ingress","caller":"ingress/ingress_handler.go:120","msg":"Error retrieving TTL, defaulting.","commit":"7655d9c","error":"\"knativebrokerttl\" not found"}
{"level":"info","ts":"2019-12-03T21:04:46.392Z","logger":"broker_ingress","caller":"ingress/ingress_handler.go:120","msg":"Error retrieving TTL, defaulting.","commit":"7655d9c","error":"\"knativebrokerttl\" not found"}
{"level":"info","ts":"2019-12-03T21:04:46.392Z","logger":"broker_ingress","caller":"ingress/ingress_handler.go:120","msg":"Error retrieving TTL, defaulting.","commit":"7655d9c","error":"\"knativebrokerttl\" not found"}
{"level":"info","ts":"2019-12-03T21:04:46.392Z","logger":"broker_ingress","caller":"ingress/ingress_handler.go:120","msg":"Error retrieving TTL, defaulting.","commit":"7655d9c","error":"\"knativebrokerttl\" not found"}
{"level":"info","ts":"2019-12-03T21:04:46.392Z","logger":"broker_ingress","caller":"ingress/ingress_handler.go:120","msg":"Error retrieving TTL, defaulting.","commit":"7655d9c","error":"\"knativebrokerttl\" not found"}
{"level":"info","ts":"2019-12-03T21:04:46.396Z","logger":"broker_ingress","caller":"ingress/ingress_handler.go:120","msg":"Error retrieving TTL, defaulting.","commit":"7655d9c","error":"\"knativebrokerttl\" not found"}
{"level":"info","ts":"2019-12-03T21:04:46.396Z","logger":"broker_ingress","caller":"ingress/ingress_handler.go:120","msg":"Error retrieving TTL, defaulting.","commit":"7655d9c","error":"\"knativebrokerttl\" not found"}
{"level":"info","ts":"2019-12-03T21:04:46.396Z","logger":"broker_ingress","caller":"ingress/ingress_handler.go:120","msg":"Error retrieving TTL, defaulting.","commit":"7655d9c","error":"\"knativebrokerttl\" not found"}
{"level":"info","ts":"2019-12-03T21:04:46.402Z","logger":"broker_ingress","caller":"ingress/ingress_handler.go:120","msg":"Error retrieving TTL, defaulting.","commit":"7655d9c","error":"\"knativebrokerttl\" not found"}
{"level":"info","ts":"2019-12-03T21:04:46.402Z","logger":"broker_ingress","caller":"ingress/ingress_handler.go:120","msg":"Error retrieving TTL, defaulting.","commit":"7655d9c","error":"\"knativebrokerttl\" not found"}
{"level":"info","ts":"2019-12-03T21:04:46.402Z","logger":"broker_ingress","caller":"ingress/ingress_handler.go:120","msg":"Error retrieving TTL, defaulting.","commit":"7655d9c","error":"\"knativebrokerttl\" not found"}
{"level":"info","ts":"2019-12-03T21:04:46.402Z","logger":"broker_ingress","caller":"ingress/ingress_handler.go:120","msg":"Error retrieving TTL, defaulting.","commit":"7655d9c","error":"\"knativebrokerttl\" not found"}
{"level":"info","ts":"2019-12-03T21:04:46.402Z","logger":"broker_ingress","caller":"ingress/ingress_handler.go:120","msg":"Error retrieving TTL, defaulting.","commit":"7655d9c","error":"\"knativebrokerttl\" not found"}
{"level":"info","ts":"2019-12-03T21:04:46.402Z","logger":"broker_ingress","caller":"ingress/ingress_handler.go:120","msg":"Error retrieving TTL, defaulting.","commit":"7655d9c","error":"\"knativebrokerttl\" not found"}
{"level":"info","ts":"2019-12-03T21:04:46.404Z","logger":"broker_ingress","caller":"ingress/ingress_handler.go:120","msg":"Error retrieving TTL, defaulting.","commit":"7655d9c","error":"\"knativebrokerttl\" not found"}
{"level":"info","ts":"2019-12-03T21:04:46.404Z","logger":"broker_ingress","caller":"ingress/ingress_handler.go:120","msg":"Error retrieving TTL, defaulting.","commit":"7655d9c","error":"\"knativebrokerttl\" not found"}
{"level":"info","ts":"2019-12-03T21:04:46.405Z","logger":"broker_ingress","caller":"ingress/ingress_handler.go:120","msg":"Error retrieving TTL, defaulting.","commit":"7655d9c","error":"\"knativebrokerttl\" not found"}
{"level":"info","ts":"2019-12-03T21:04:46.406Z","logger":"broker_ingress","caller":"ingress/ingress_handler.go:120","msg":"Error retrieving TTL, defaulting.","commit":"7655d9c","error":"\"knativebrokerttl\" not found"}
{"level":"info","ts":"2019-12-03T21:04:46.406Z","logger":"broker_ingress","caller":"ingress/ingress_handler.go:120","msg":"Error retrieving TTL, defaulting.","commit":"7655d9c","error":"\"knativebrokerttl\" not found"}
{"level":"info","ts":"2019-12-03T21:04:46.407Z","logger":"broker_ingress","caller":"ingress/ingress_handler.go:120","msg":"Error retrieving TTL, defaulting.","commit":"7655d9c","error":"\"knativebrokerttl\" not found"}
{"level":"info","ts":"2019-12-03T21:04:46.433Z","logger":"broker_ingress","caller":"ingress/ingress_handler.go:120","msg":"Error retrieving TTL, defaulting.","commit":"7655d9c","error":"\"knativebrokerttl\" not found"}
{"level":"info","ts":"2019-12-03T21:04:46.379Z","logger":"broker_ingress","caller":"ingress/ingress_handler.go:120","msg":"Error retrieving TTL, defaulting.","commit":"7655d9c","error":"\"knativebrokerttl\" not found"}
{"level":"info","ts":"2019-12-03T21:04:46.437Z","logger":"broker_ingress","caller":"ingress/ingress_handler.go:120","msg":"Error retrieving TTL, defaulting.","commit":"7655d9c","error":"\"knativebrokerttl\" not found"}
{"level":"info","ts":"2019-12-03T21:04:46.437Z","logger":"broker_ingress","caller":"ingress/ingress_handler.go:120","msg":"Error retrieving TTL, defaulting.","commit":"7655d9c","error":"\"knativebrokerttl\" not found"}
{"level":"info","ts":"2019-12-03T21:04:46.437Z","logger":"broker_ingress","caller":"ingress/ingress_handler.go:120","msg":"Error retrieving TTL, defaulting.","commit":"7655d9c","error":"\"knativebrokerttl\" not found"}
{"level":"info","ts":"2019-12-03T21:04:46.438Z","logger":"broker_ingress","caller":"ingress/ingress_handler.go:120","msg":"Error retrieving TTL, defaulting.","commit":"7655d9c","error":"\"knativebrokerttl\" not found"}
{"level":"info","ts":"2019-12-03T21:04:46.438Z","logger":"broker_ingress","caller":"ingress/ingress_handler.go:120","msg":"Error retrieving TTL, defaulting.","commit":"7655d9c","error":"\"knativebrokerttl\" not found"}
{"level":"info","ts":"2019-12-03T21:04:46.438Z","logger":"broker_ingress","caller":"ingress/ingress_handler.go:120","msg":"Error retrieving TTL, defaulting.","commit":"7655d9c","error":"\"knativebrokerttl\" not found"}
{"level":"info","ts":"2019-12-03T21:04:46.439Z","logger":"broker_ingress","caller":"ingress/ingress_handler.go:120","msg":"Error retrieving TTL, defaulting.","commit":"7655d9c","error":"\"knativebrokerttl\" not found"}
{"level":"info","ts":"2019-12-03T21:04:46.439Z","logger":"broker_ingress","caller":"ingress/ingress_handler.go:120","msg":"Error retrieving TTL, defaulting.","commit":"7655d9c","error":"\"knativebrokerttl\" not found"}
{"level":"info","ts":"2019-12-03T21:04:46.439Z","logger":"broker_ingress","caller":"ingress/ingress_handler.go:120","msg":"Error retrieving TTL, defaulting.","commit":"7655d9c","error":"\"knativebrokerttl\" not found"}
{"level":"info","ts":"2019-12-03T21:04:46.442Z","logger":"broker_ingress","caller":"ingress/ingress_handler.go:120","msg":"Error retrieving TTL, defaulting.","commit":"7655d9c","error":"\"knativebrokerttl\" not found"}
{"level":"info","ts":"2019-12-03T21:04:46.444Z","logger":"broker_ingress","caller":"ingress/ingress_handler.go:120","msg":"Error retrieving TTL, defaulting.","commit":"7655d9c","error":"\"knativebrokerttl\" not found"}
{"level":"info","ts":"2019-12-03T21:04:46.446Z","logger":"broker_ingress","caller":"ingress/ingress_handler.go:120","msg":"Error retrieving TTL, defaulting.","commit":"7655d9c","error":"\"knativebrokerttl\" not found"}
{"level":"info","ts":"2019-12-03T21:04:46.447Z","logger":"broker_ingress","caller":"ingress/ingress_handler.go:120","msg":"Error retrieving TTL, defaulting.","commit":"7655d9c","error":"\"knativebrokerttl\" not found"}
{"level":"info","ts":"2019-12-03T21:04:46.447Z","logger":"broker_ingress","caller":"ingress/ingress_handler.go:120","msg":"Error retrieving TTL, defaulting.","commit":"7655d9c","error":"\"knativebrokerttl\" not found"}
{"level":"info","ts":"2019-12-03T21:04:46.448Z","logger":"broker_ingress","caller":"ingress/ingress_handler.go:120","msg":"Error retrieving TTL, defaulting.","commit":"7655d9c","error":"\"knativebrokerttl\" not found"}
{"level":"info","ts":"2019-12-03T21:04:46.449Z","logger":"broker_ingress","caller":"ingress/ingress_handler.go:120","msg":"Error retrieving TTL, defaulting.","commit":"7655d9c","error":"\"knativebrokerttl\" not found"}
{"level":"info","ts":"2019-12-03T21:04:46.450Z","logger":"broker_ingress","caller":"ingress/ingress_handler.go:120","msg":"Error retrieving TTL, defaulting.","commit":"7655d9c","error":"\"knativebrokerttl\" not found"}
{"level":"info","ts":"2019-12-03T21:04:46.451Z","logger":"broker_ingress","caller":"ingress/ingress_handler.go:120","msg":"Error retrieving TTL, defaulting.","commit":"7655d9c","error":"\"knativebrokerttl\" not found"}
{"level":"info","ts":"2019-12-03T21:04:46.451Z","logger":"broker_ingress","caller":"ingress/ingress_handler.go:120","msg":"Error retrieving TTL, defaulting.","commit":"7655d9c","error":"\"knativebrokerttl\" not found"}
{"level":"info","ts":"2019-12-03T21:04:46.451Z","logger":"broker_ingress","caller":"ingress/ingress_handler.go:120","msg":"Error retrieving TTL, defaulting.","commit":"7655d9c","error":"\"knativebrokerttl\" not found"}
{"level":"info","ts":"2019-12-03T21:04:46.451Z","logger":"broker_ingress","caller":"ingress/ingress_handler.go:120","msg":"Error retrieving TTL, defaulting.","commit":"7655d9c","error":"\"knativebrokerttl\" not found"}
{"level":"info","ts":"2019-12-03T21:04:46.451Z","logger":"broker_ingress","caller":"ingress/ingress_handler.go:120","msg":"Error retrieving TTL, defaulting.","commit":"7655d9c","error":"\"knativebrokerttl\" not found"}
{"level":"info","ts":"2019-12-03T21:04:46.451Z","logger":"broker_ingress","caller":"ingress/ingress_handler.go:120","msg":"Error retrieving TTL, defaulting.","commit":"7655d9c","error":"\"knativebrokerttl\" not found"}
{"level":"info","ts":"2019-12-03T21:04:46.452Z","logger":"broker_ingress","caller":"ingress/ingress_handler.go:120","msg":"Error retrieving TTL, defaulting.","commit":"7655d9c","error":"\"knativebrokerttl\" not found"}
{"level":"info","ts":"2019-12-03T21:04:46.453Z","logger":"broker_ingress","caller":"ingress/ingress_handler.go:120","msg":"Error retrieving TTL, defaulting.","commit":"7655d9c","error":"\"knativebrokerttl\" not found"}
{"level":"info","ts":"2019-12-03T21:04:46.453Z","logger":"broker_ingress","caller":"ingress/ingress_handler.go:120","msg":"Error retrieving TTL, defaulting.","commit":"7655d9c","error":"\"knativebrokerttl\" not found"}
{"level":"info","ts":"2019-12-03T21:04:46.453Z","logger":"broker_ingress","caller":"ingress/ingress_handler.go:120","msg":"Error retrieving TTL, defaulting.","commit":"7655d9c","error":"\"knativebrokerttl\" not found"}
{"level":"info","ts":"2019-12-03T21:04:46.453Z","logger":"broker_ingress","caller":"ingress/ingress_handler.go:120","msg":"Error retrieving TTL, defaulting.","commit":"7655d9c","error":"\"knativebrokerttl\" not found"}
{"level":"info","ts":"2019-12-03T21:04:46.454Z","logger":"broker_ingress","caller":"ingress/ingress_handler.go:120","msg":"Error retrieving TTL, defaulting.","commit":"7655d9c","error":"\"knativebrokerttl\" not found"}
{"level":"info","ts":"2019-12-03T21:04:46.453Z","logger":"broker_ingress","caller":"ingress/ingress_handler.go:120","msg":"Error retrieving TTL, defaulting.","commit":"7655d9c","error":"\"knativebrokerttl\" not found"}
{"level":"info","ts":"2019-12-03T21:04:46.454Z","logger":"broker_ingress","caller":"ingress/ingress_handler.go:120","msg":"Error retrieving TTL, defaulting.","commit":"7655d9c","error":"\"knativebrokerttl\" not found"}
{"level":"info","ts":"2019-12-03T21:04:46.455Z","logger":"broker_ingress","caller":"ingress/ingress_handler.go:120","msg":"Error retrieving TTL, defaulting.","commit":"7655d9c","error":"\"knativebrokerttl\" not found"}
{"level":"info","ts":"2019-12-03T21:04:46.455Z","logger":"broker_ingress","caller":"ingress/ingress_handler.go:120","msg":"Error retrieving TTL, defaulting.","commit":"7655d9c","error":"\"knativebrokerttl\" not found"}
{"level":"info","ts":"2019-12-03T21:04:46.455Z","logger":"broker_ingress","caller":"ingress/ingress_handler.go:120","msg":"Error retrieving TTL, defaulting.","commit":"7655d9c","error":"\"knativebrokerttl\" not found"}
{"level":"info","ts":"2019-12-03T21:04:46.456Z","logger":"broker_ingress","caller":"ingress/ingress_handler.go:120","msg":"Error retrieving TTL, defaulting.","commit":"7655d9c","error":"\"knativebrokerttl\" not found"}
{"level":"info","ts":"2019-12-03T21:04:46.456Z","logger":"broker_ingress","caller":"ingress/ingress_handler.go:120","msg":"Error retrieving TTL, defaulting.","commit":"7655d9c","error":"\"knativebrokerttl\" not found"}
{"level":"info","ts":"2019-12-03T21:04:46.456Z","logger":"broker_ingress","caller":"ingress/ingress_handler.go:120","msg":"Error retrieving TTL, defaulting.","commit":"7655d9c","error":"\"knativebrokerttl\" not found"}
{"level":"info","ts":"2019-12-03T21:04:46.456Z","logger":"broker_ingress","caller":"ingress/ingress_handler.go:120","msg":"Error retrieving TTL, defaulting.","commit":"7655d9c","error":"\"knativebrokerttl\" not found"}
{"level":"info","ts":"2019-12-03T21:04:46.457Z","logger":"broker_ingress","caller":"ingress/ingress_handler.go:120","msg":"Error retrieving TTL, defaulting.","commit":"7655d9c","error":"\"knativebrokerttl\" not found"}
{"level":"info","ts":"2019-12-03T21:04:46.457Z","logger":"broker_ingress","caller":"ingress/ingress_handler.go:120","msg":"Error retrieving TTL, defaulting.","commit":"7655d9c","error":"\"knativebrokerttl\" not found"}
{"level":"info","ts":"2019-12-03T21:04:46.457Z","logger":"broker_ingress","caller":"ingress/ingress_handler.go:120","msg":"Error retrieving TTL, defaulting.","commit":"7655d9c","error":"\"knativebrokerttl\" not found"}
{"level":"info","ts":"2019-12-03T21:04:46.457Z","logger":"broker_ingress","caller":"ingress/ingress_handler.go:120","msg":"Error retrieving TTL, defaulting.","commit":"7655d9c","error":"\"knativebrokerttl\" not found"}
{"level":"info","ts":"2019-12-03T21:04:46.458Z","logger":"broker_ingress","caller":"ingress/ingress_handler.go:120","msg":"Error retrieving TTL, defaulting.","commit":"7655d9c","error":"\"knativebrokerttl\" not found"}
{"level":"info","ts":"2019-12-03T21:04:46.458Z","logger":"broker_ingress","caller":"ingress/ingress_handler.go:120","msg":"Error retrieving TTL, defaulting.","commit":"7655d9c","error":"\"knativebrokerttl\" not found"}
{"level":"info","ts":"2019-12-03T21:04:46.458Z","logger":"broker_ingress","caller":"ingress/ingress_handler.go:120","msg":"Error retrieving TTL, defaulting.","commit":"7655d9c","error":"\"knativebrokerttl\" not found"}
{"level":"info","ts":"2019-12-03T21:04:46.465Z","logger":"broker_ingress","caller":"ingress/ingress_handler.go:120","msg":"Error retrieving TTL, defaulting.","commit":"7655d9c","error":"\"knativebrokerttl\" not found"}
{"level":"info","ts":"2019-12-03T21:04:46.469Z","logger":"broker_ingress","caller":"ingress/ingress_handler.go:120","msg":"Error retrieving TTL, defaulting.","commit":"7655d9c","error":"\"knativebrokerttl\" not found"}
{"level":"info","ts":"2019-12-03T21:04:46.469Z","logger":"broker_ingress","caller":"ingress/ingress_handler.go:120","msg":"Error retrieving TTL, defaulting.","commit":"7655d9c","error":"\"knativebrokerttl\" not found"}
{"level":"info","ts":"2019-12-03T21:04:46.469Z","logger":"broker_ingress","caller":"ingress/ingress_handler.go:120","msg":"Error retrieving TTL, defaulting.","commit":"7655d9c","error":"\"knativebrokerttl\" not found"}
{"level":"info","ts":"2019-12-03T21:04:46.456Z","logger":"broker_ingress","caller":"ingress/ingress_handler.go:120","msg":"Error retrieving TTL, defaulting.","commit":"7655d9c","error":"\"knativebrokerttl\" not found"}
{"level":"info","ts":"2019-12-03T21:04:46.469Z","logger":"broker_ingress","caller":"ingress/ingress_handler.go:120","msg":"Error retrieving TTL, defaulting.","commit":"7655d9c","error":"\"knativebrokerttl\" not found"}
{"level":"info","ts":"2019-12-03T21:04:46.466Z","logger":"broker_ingress","caller":"ingress/ingress_handler.go:120","msg":"Error retrieving TTL, defaulting.","commit":"7655d9c","error":"\"knativebrokerttl\" not found"}
{"level":"info","ts":"2019-12-03T21:04:46.470Z","logger":"broker_ingress","caller":"ingress/ingress_handler.go:120","msg":"Error retrieving TTL, defaulting.","commit":"7655d9c","error":"\"knativebrokerttl\" not found"}
{"level":"info","ts":"2019-12-03T21:04:46.471Z","logger":"broker_ingress","caller":"ingress/ingress_handler.go:120","msg":"Error retrieving TTL, defaulting.","commit":"7655d9c","error":"\"knativebrokerttl\" not found"}
{"level":"info","ts":"2019-12-03T21:04:46.472Z","logger":"broker_ingress","caller":"ingress/ingress_handler.go:120","msg":"Error retrieving TTL, defaulting.","commit":"7655d9c","error":"\"knativebrokerttl\" not found"}
{"level":"info","ts":"2019-12-03T21:04:46.472Z","logger":"broker_ingress","caller":"ingress/ingress_handler.go:120","msg":"Error retrieving TTL, defaulting.","commit":"7655d9c","error":"\"knativebrokerttl\" not found"}
{"level":"info","ts":"2019-12-03T21:04:46.472Z","logger":"broker_ingress","caller":"ingress/ingress_handler.go:120","msg":"Error retrieving TTL, defaulting.","commit":"7655d9c","error":"\"knativebrokerttl\" not found"}
{"level":"info","ts":"2019-12-03T21:04:46.471Z","logger":"broker_ingress","caller":"ingress/ingress_handler.go:120","msg":"Error retrieving TTL, defaulting.","commit":"7655d9c","error":"\"knativebrokerttl\" not found"}
{"level":"info","ts":"2019-12-03T21:04:46.476Z","logger":"broker_ingress","caller":"ingress/ingress_handler.go:120","msg":"Error retrieving TTL, defaulting.","commit":"7655d9c","error":"\"knativebrokerttl\" not found"}
{"level":"info","ts":"2019-12-03T21:04:46.475Z","logger":"broker_ingress","caller":"ingress/ingress_handler.go:120","msg":"Error retrieving TTL, defaulting.","commit":"7655d9c","error":"\"knativebrokerttl\" not found"}
{"level":"info","ts":"2019-12-03T21:04:46.478Z","logger":"broker_ingress","caller":"ingress/ingress_handler.go:120","msg":"Error retrieving TTL, defaulting.","commit":"7655d9c","error":"\"knativebrokerttl\" not found"}
{"level":"info","ts":"2019-12-03T21:04:46.480Z","logger":"broker_ingress","caller":"ingress/ingress_handler.go:120","msg":"Error retrieving TTL, defaulting.","commit":"7655d9c","error":"\"knativebrokerttl\" not found"}
{"level":"info","ts":"2019-12-03T21:04:46.480Z","logger":"broker_ingress","caller":"ingress/ingress_handler.go:120","msg":"Error retrieving TTL, defaulting.","commit":"7655d9c","error":"\"knativebrokerttl\" not found"}
{"level":"info","ts":"2019-12-03T21:04:46.481Z","logger":"broker_ingress","caller":"ingress/ingress_handler.go:120","msg":"Error retrieving TTL, defaulting.","commit":"7655d9c","error":"\"knativebrokerttl\" not found"}
{"level":"info","ts":"2019-12-03T21:04:46.482Z","logger":"broker_ingress","caller":"ingress/ingress_handler.go:120","msg":"Error retrieving TTL, defaulting.","commit":"7655d9c","error":"\"knativebrokerttl\" not found"}
{"level":"info","ts":"2019-12-03T21:04:46.485Z","logger":"broker_ingress","caller":"ingress/ingress_handler.go:120","msg":"Error retrieving TTL, defaulting.","commit":"7655d9c","error":"\"knativebrokerttl\" not found"}
{"level":"info","ts":"2019-12-03T21:04:46.485Z","logger":"broker_ingress","caller":"ingress/ingress_handler.go:120","msg":"Error retrieving TTL, defaulting.","commit":"7655d9c","error":"\"knativebrokerttl\" not found"}
{"level":"info","ts":"2019-12-03T21:04:46.486Z","logger":"broker_ingress","caller":"ingress/ingress_handler.go:120","msg":"Error retrieving TTL, defaulting.","commit":"7655d9c","error":"\"knativebrokerttl\" not found"}
{"level":"info","ts":"2019-12-03T21:04:46.486Z","logger":"broker_ingress","caller":"ingress/ingress_handler.go:120","msg":"Error retrieving TTL, defaulting.","commit":"7655d9c","error":"\"knativebrokerttl\" not found"}
{"level":"info","ts":"2019-12-03T21:04:46.477Z","logger":"broker_ingress","caller":"ingress/ingress_handler.go:120","msg":"Error retrieving TTL, defaulting.","commit":"7655d9c","error":"\"knativebrokerttl\" not found"}
{"level":"info","ts":"2019-12-03T21:04:46.471Z","logger":"broker_ingress","caller":"ingress/ingress_handler.go:120","msg":"Error retrieving TTL, defaulting.","commit":"7655d9c","error":"\"knativebrokerttl\" not found"}
{"level":"info","ts":"2019-12-03T21:04:46.487Z","logger":"broker_ingress","caller":"ingress/ingress_handler.go:120","msg":"Error retrieving TTL, defaulting.","commit":"7655d9c","error":"\"knativebrokerttl\" not found"}
{"level":"info","ts":"2019-12-03T21:04:46.470Z","logger":"broker_ingress","caller":"ingress/ingress_handler.go:120","msg":"Error retrieving TTL, defaulting.","commit":"7655d9c","error":"\"knativebrokerttl\" not found"}
{"level":"info","ts":"2019-12-03T21:04:46.489Z","logger":"broker_ingress","caller":"ingress/ingress_handler.go:120","msg":"Error retrieving TTL, defaulting.","commit":"7655d9c","error":"\"knativebrokerttl\" not found"}
{"level":"info","ts":"2019-12-03T21:04:46.489Z","logger":"broker_ingress","caller":"ingress/ingress_handler.go:120","msg":"Error retrieving TTL, defaulting.","commit":"7655d9c","error":"\"knativebrokerttl\" not found"}
{"level":"info","ts":"2019-12-03T21:04:46.490Z","logger":"broker_ingress","caller":"ingress/ingress_handler.go:120","msg":"Error retrieving TTL, defaulting.","commit":"7655d9c","error":"\"knativebrokerttl\" not found"}
{"level":"info","ts":"2019-12-03T21:04:46.490Z","logger":"broker_ingress","caller":"ingress/ingress_handler.go:120","msg":"Error retrieving TTL, defaulting.","commit":"7655d9c","error":"\"knativebrokerttl\" not found"}
{"level":"info","ts":"2019-12-03T21:04:46.490Z","logger":"broker_ingress","caller":"ingress/ingress_handler.go:120","msg":"Error retrieving TTL, defaulting.","commit":"7655d9c","error":"\"knativebrokerttl\" not found"}
{"level":"info","ts":"2019-12-03T21:04:46.491Z","logger":"broker_ingress","caller":"ingress/ingress_handler.go:120","msg":"Error retrieving TTL, defaulting.","commit":"7655d9c","error":"\"knativebrokerttl\" not found"}
{"level":"info","ts":"2019-12-03T21:04:46.492Z","logger":"broker_ingress","caller":"ingress/ingress_handler.go:120","msg":"Error retrieving TTL, defaulting.","commit":"7655d9c","error":"\"knativebrokerttl\" not found"}
{"level":"info","ts":"2019-12-03T21:04:46.493Z","logger":"broker_ingress","caller":"ingress/ingress_handler.go:120","msg":"Error retrieving TTL, defaulting.","commit":"7655d9c","error":"\"knativebrokerttl\" not found"}
{"level":"info","ts":"2019-12-03T21:04:46.494Z","logger":"broker_ingress","caller":"ingress/ingress_handler.go:120","msg":"Error retrieving TTL, defaulting.","commit":"7655d9c","error":"\"knativebrokerttl\" not found"}
{"level":"info","ts":"2019-12-03T21:04:46.495Z","logger":"broker_ingress","caller":"ingress/ingress_handler.go:120","msg":"Error retrieving TTL, defaulting.","commit":"7655d9c","error":"\"knativebrokerttl\" not found"}
{"level":"info","ts":"2019-12-03T21:04:46.497Z","logger":"broker_ingress","caller":"ingress/ingress_handler.go:120","msg":"Error retrieving TTL, defaulting.","commit":"7655d9c","error":"\"knativebrokerttl\" not found"}
{"level":"info","ts":"2019-12-03T21:04:46.498Z","logger":"broker_ingress","caller":"ingress/ingress_handler.go:120","msg":"Error retrieving TTL, defaulting.","commit":"7655d9c","error":"\"knativebrokerttl\" not found"}
{"level":"info","ts":"2019-12-03T21:04:46.498Z","logger":"broker_ingress","caller":"ingress/ingress_handler.go:120","msg":"Error retrieving TTL, defaulting.","commit":"7655d9c","error":"\"knativebrokerttl\" not found"}
{"level":"info","ts":"2019-12-03T21:04:46.499Z","logger":"broker_ingress","caller":"ingress/ingress_handler.go:120","msg":"Error retrieving TTL, defaulting.","commit":"7655d9c","error":"\"knativebrokerttl\" not found"}
{"level":"info","ts":"2019-12-03T21:04:46.500Z","logger":"broker_ingress","caller":"ingress/ingress_handler.go:120","msg":"Error retrieving TTL, defaulting.","commit":"7655d9c","error":"\"knativebrokerttl\" not found"}
{"level":"info","ts":"2019-12-03T21:04:46.504Z","logger":"broker_ingress","caller":"ingress/ingress_handler.go:120","msg":"Error retrieving TTL, defaulting.","commit":"7655d9c","error":"\"knativebrokerttl\" not found"}
{"level":"info","ts":"2019-12-03T21:04:46.505Z","logger":"broker_ingress","caller":"ingress/ingress_handler.go:120","msg":"Error retrieving TTL, defaulting.","commit":"7655d9c","error":"\"knativebrokerttl\" not found"}
{"level":"info","ts":"2019-12-03T21:04:46.506Z","logger":"broker_ingress","caller":"ingress/ingress_handler.go:120","msg":"Error retrieving TTL, defaulting.","commit":"7655d9c","error":"\"knativebrokerttl\" not found"}
{"level":"info","ts":"2019-12-03T21:04:46.506Z","logger":"broker_ingress","caller":"ingress/ingress_handler.go:120","msg":"Error retrieving TTL, defaulting.","commit":"7655d9c","error":"\"knativebrokerttl\" not found"}
{"level":"info","ts":"2019-12-03T21:04:46.508Z","logger":"broker_ingress","caller":"ingress/ingress_handler.go:120","msg":"Error retrieving TTL, defaulting.","commit":"7655d9c","error":"\"knativebrokerttl\" not found"}
{"level":"info","ts":"2019-12-03T21:04:46.509Z","logger":"broker_ingress","caller":"ingress/ingress_handler.go:120","msg":"Error retrieving TTL, defaulting.","commit":"7655d9c","error":"\"knativebrokerttl\" not found"}
{"level":"info","ts":"2019-12-03T21:04:46.510Z","logger":"broker_ingress","caller":"ingress/ingress_handler.go:120","msg":"Error retrieving TTL, defaulting.","commit":"7655d9c","error":"\"knativebrokerttl\" not found"}
{"level":"info","ts":"2019-12-03T21:04:46.511Z","logger":"broker_ingress","caller":"ingress/ingress_handler.go:120","msg":"Error retrieving TTL, defaulting.","commit":"7655d9c","error":"\"knativebrokerttl\" not found"}
{"level":"info","ts":"2019-12-03T21:04:46.511Z","logger":"broker_ingress","caller":"ingress/ingress_handler.go:120","msg":"Error retrieving TTL, defaulting.","commit":"7655d9c","error":"\"knativebrokerttl\" not found"}
{"level":"info","ts":"2019-12-03T21:04:46.512Z","logger":"broker_ingress","caller":"ingress/ingress_handler.go:120","msg":"Error retrieving TTL, defaulting.","commit":"7655d9c","error":"\"knativebrokerttl\" not found"}
{"level":"info","ts":"2019-12-03T21:04:46.512Z","logger":"broker_ingress","caller":"ingress/ingress_handler.go:120","msg":"Error retrieving TTL, defaulting.","commit":"7655d9c","error":"\"knativebrokerttl\" not found"}
{"level":"info","ts":"2019-12-03T21:04:46.513Z","logger":"broker_ingress","caller":"ingress/ingress_handler.go:120","msg":"Error retrieving TTL, defaulting.","commit":"7655d9c","error":"\"knativebrokerttl\" not found"}
{"level":"info","ts":"2019-12-03T21:04:46.513Z","logger":"broker_ingress","caller":"ingress/ingress_handler.go:120","msg":"Error retrieving TTL, defaulting.","commit":"7655d9c","error":"\"knativebrokerttl\" not found"}
{"level":"info","ts":"2019-12-03T21:04:46.514Z","logger":"broker_ingress","caller":"ingress/ingress_handler.go:120","msg":"Error retrieving TTL, defaulting.","commit":"7655d9c","error":"\"knativebrokerttl\" not found"}
{"level":"info","ts":"2019-12-03T21:04:46.517Z","logger":"broker_ingress","caller":"ingress/ingress_handler.go:120","msg":"Error retrieving TTL, defaulting.","commit":"7655d9c","error":"\"knativebrokerttl\" not found"}
{"level":"info","ts":"2019-12-03T21:04:46.518Z","logger":"broker_ingress","caller":"ingress/ingress_handler.go:120","msg":"Error retrieving TTL, defaulting.","commit":"7655d9c","error":"\"knativebrokerttl\" not found"}
{"level":"info","ts":"2019-12-03T21:04:46.519Z","logger":"broker_ingress","caller":"ingress/ingress_handler.go:120","msg":"Error retrieving TTL, defaulting.","commit":"7655d9c","error":"\"knativebrokerttl\" not found"}
{"level":"info","ts":"2019-12-03T21:04:46.519Z","logger":"broker_ingress","caller":"ingress/ingress_handler.go:120","msg":"Error retrieving TTL, defaulting.","commit":"7655d9c","error":"\"knativebrokerttl\" not found"}
{"level":"info","ts":"2019-12-03T21:04:46.520Z","logger":"broker_ingress","caller":"ingress/ingress_handler.go:120","msg":"Error retrieving TTL, defaulting.","commit":"7655d9c","error":"\"knativebrokerttl\" not found"}
{"level":"info","ts":"2019-12-03T21:04:46.520Z","logger":"broker_ingress","caller":"ingress/ingress_handler.go:120","msg":"Error retrieving TTL, defaulting.","commit":"7655d9c","error":"\"knativebrokerttl\" not found"}
{"level":"info","ts":"2019-12-03T21:04:46.521Z","logger":"broker_ingress","caller":"ingress/ingress_handler.go:120","msg":"Error retrieving TTL, defaulting.","commit":"7655d9c","error":"\"knativebrokerttl\" not found"}
{"level":"info","ts":"2019-12-03T21:04:46.522Z","logger":"broker_ingress","caller":"ingress/ingress_handler.go:120","msg":"Error retrieving TTL, defaulting.","commit":"7655d9c","error":"\"knativebrokerttl\" not found"}
{"level":"info","ts":"2019-12-03T21:04:46.522Z","logger":"broker_ingress","caller":"ingress/ingress_handler.go:120","msg":"Error retrieving TTL, defaulting.","commit":"7655d9c","error":"\"knativebrokerttl\" not found"}
{"level":"info","ts":"2019-12-03T21:04:46.522Z","logger":"broker_ingress","caller":"ingress/ingress_handler.go:120","msg":"Error retrieving TTL, defaulting.","commit":"7655d9c","error":"\"knativebrokerttl\" not found"}
{"level":"info","ts":"2019-12-03T21:04:46.523Z","logger":"broker_ingress","caller":"ingress/ingress_handler.go:120","msg":"Error retrieving TTL, defaulting.","commit":"7655d9c","error":"\"knativebrokerttl\" not found"}
{"level":"info","ts":"2019-12-03T21:04:46.523Z","logger":"broker_ingress","caller":"ingress/ingress_handler.go:120","msg":"Error retrieving TTL, defaulting.","commit":"7655d9c","error":"\"knativebrokerttl\" not found"}
{"level":"info","ts":"2019-12-03T21:04:46.523Z","logger":"broker_ingress","caller":"ingress/ingress_handler.go:120","msg":"Error retrieving TTL, defaulting.","commit":"7655d9c","error":"\"knativebrokerttl\" not found"}
{"level":"info","ts":"2019-12-03T21:04:46.525Z","logger":"broker_ingress","caller":"ingress/ingress_handler.go:120","msg":"Error retrieving TTL, defaulting.","commit":"7655d9c","error":"\"knativebrokerttl\" not found"}
{"level":"info","ts":"2019-12-03T21:04:46.525Z","logger":"broker_ingress","caller":"ingress/ingress_handler.go:120","msg":"Error retrieving TTL, defaulting.","commit":"7655d9c","error":"\"knativebrokerttl\" not found"}
{"level":"info","ts":"2019-12-03T21:04:46.526Z","logger":"broker_ingress","caller":"ingress/ingress_handler.go:120","msg":"Error retrieving TTL, defaulting.","commit":"7655d9c","error":"\"knativebrokerttl\" not found"}
{"level":"info","ts":"2019-12-03T21:04:46.526Z","logger":"broker_ingress","caller":"ingress/ingress_handler.go:120","msg":"Error retrieving TTL, defaulting.","commit":"7655d9c","error":"\"knativebrokerttl\" not found"}
{"level":"info","ts":"2019-12-03T21:04:46.527Z","logger":"broker_ingress","caller":"ingress/ingress_handler.go:120","msg":"Error retrieving TTL, defaulting.","commit":"7655d9c","error":"\"knativebrokerttl\" not found"}
{"level":"info","ts":"2019-12-03T21:04:46.529Z","logger":"broker_ingress","caller":"ingress/ingress_handler.go:120","msg":"Error retrieving TTL, defaulting.","commit":"7655d9c","error":"\"knativebrokerttl\" not found"}
{"level":"info","ts":"2019-12-03T21:04:46.529Z","logger":"broker_ingress","caller":"ingress/ingress_handler.go:120","msg":"Error retrieving TTL, defaulting.","commit":"7655d9c","error":"\"knativebrokerttl\" not found"}
{"level":"info","ts":"2019-12-03T21:04:46.533Z","logger":"broker_ingress","caller":"ingress/ingress_handler.go:120","msg":"Error retrieving TTL, defaulting.","commit":"7655d9c","error":"\"knativebrokerttl\" not found"}
{"level":"info","ts":"2019-12-03T21:04:46.531Z","logger":"broker_ingress","caller":"ingress/ingress_handler.go:120","msg":"Error retrieving TTL, defaulting.","commit":"7655d9c","error":"\"knativebrokerttl\" not found"}
{"level":"info","ts":"2019-12-03T21:04:46.530Z","logger":"broker_ingress","caller":"ingress/ingress_handler.go:120","msg":"Error retrieving TTL, defaulting.","commit":"7655d9c","error":"\"knativebrokerttl\" not found"}
{"level":"info","ts":"2019-12-03T21:04:46.534Z","logger":"broker_ingress","caller":"ingress/ingress_handler.go:120","msg":"Error retrieving TTL, defaulting.","commit":"7655d9c","error":"\"knativebrokerttl\" not found"}
{"level":"info","ts":"2019-12-03T21:04:46.535Z","logger":"broker_ingress","caller":"ingress/ingress_handler.go:120","msg":"Error retrieving TTL, defaulting.","commit":"7655d9c","error":"\"knativebrokerttl\" not found"}
{"level":"info","ts":"2019-12-03T21:04:46.535Z","logger":"broker_ingress","caller":"ingress/ingress_handler.go:120","msg":"Error retrieving TTL, defaulting.","commit":"7655d9c","error":"\"knativebrokerttl\" not found"}
{"level":"info","ts":"2019-12-03T21:04:46.536Z","logger":"broker_ingress","caller":"ingress/ingress_handler.go:120","msg":"Error retrieving TTL, defaulting.","commit":"7655d9c","error":"\"knativebrokerttl\" not found"}
{"level":"info","ts":"2019-12-03T21:04:46.536Z","logger":"broker_ingress","caller":"ingress/ingress_handler.go:120","msg":"Error retrieving TTL, defaulting.","commit":"7655d9c","error":"\"knativebrokerttl\" not found"}
{"level":"info","ts":"2019-12-03T21:04:46.537Z","logger":"broker_ingress","caller":"ingress/ingress_handler.go:120","msg":"Error retrieving TTL, defaulting.","commit":"7655d9c","error":"\"knativebrokerttl\" not found"}
{"level":"info","ts":"2019-12-03T21:04:46.537Z","logger":"broker_ingress","caller":"ingress/ingress_handler.go:120","msg":"Error retrieving TTL, defaulting.","commit":"7655d9c","error":"\"knativebrokerttl\" not found"}
{"level":"info","ts":"2019-12-03T21:04:46.546Z","logger":"broker_ingress","caller":"ingress/ingress_handler.go:120","msg":"Error retrieving TTL, defaulting.","commit":"7655d9c","error":"\"knativebrokerttl\" not found"}
{"level":"info","ts":"2019-12-03T21:04:46.547Z","logger":"broker_ingress","caller":"ingress/ingress_handler.go:120","msg":"Error retrieving TTL, defaulting.","commit":"7655d9c","error":"\"knativebrokerttl\" not found"}
{"level":"info","ts":"2019-12-03T21:04:46.548Z","logger":"broker_ingress","caller":"ingress/ingress_handler.go:120","msg":"Error retrieving TTL, defaulting.","commit":"7655d9c","error":"\"knativebrokerttl\" not found"}
{"level":"info","ts":"2019-12-03T21:04:46.549Z","logger":"broker_ingress","caller":"ingress/ingress_handler.go:120","msg":"Error retrieving TTL, defaulting.","commit":"7655d9c","error":"\"knativebrokerttl\" not found"}
{"level":"info","ts":"2019-12-03T21:04:46.549Z","logger":"broker_ingress","caller":"ingress/ingress_handler.go:120","msg":"Error retrieving TTL, defaulting.","commit":"7655d9c","error":"\"knativebrokerttl\" not found"}
{"level":"info","ts":"2019-12-03T21:04:46.550Z","logger":"broker_ingress","caller":"ingress/ingress_handler.go:120","msg":"Error retrieving TTL, defaulting.","commit":"7655d9c","error":"\"knativebrokerttl\" not found"}
{"level":"info","ts":"2019-12-03T21:04:46.538Z","logger":"broker_ingress","caller":"ingress/ingress_handler.go:120","msg":"Error retrieving TTL, defaulting.","commit":"7655d9c","error":"\"knativebrokerttl\" not found"}
{"level":"info","ts":"2019-12-03T21:04:46.538Z","logger":"broker_ingress","caller":"ingress/ingress_handler.go:120","msg":"Error retrieving TTL, defaulting.","commit":"7655d9c","error":"\"knativebrokerttl\" not found"}
{"level":"info","ts":"2019-12-03T21:04:46.557Z","logger":"broker_ingress","caller":"ingress/ingress_handler.go:120","msg":"Error retrieving TTL, defaulting.","commit":"7655d9c","error":"\"knativebrokerttl\" not found"}
{"level":"info","ts":"2019-12-03T21:04:46.539Z","logger":"broker_ingress","caller":"ingress/ingress_handler.go:120","msg":"Error retrieving TTL, defaulting.","commit":"7655d9c","error":"\"knativebrokerttl\" not found"}
{"level":"info","ts":"2019-12-03T21:04:46.539Z","logger":"broker_ingress","caller":"ingress/ingress_handler.go:120","msg":"Error retrieving TTL, defaulting.","commit":"7655d9c","error":"\"knativebrokerttl\" not found"}
{"level":"info","ts":"2019-12-03T21:04:46.539Z","logger":"broker_ingress","caller":"ingress/ingress_handler.go:120","msg":"Error retrieving TTL, defaulting.","commit":"7655d9c","error":"\"knativebrokerttl\" not found"}
{"level":"info","ts":"2019-12-03T21:04:46.558Z","logger":"broker_ingress","caller":"ingress/ingress_handler.go:120","msg":"Error retrieving TTL, defaulting.","commit":"7655d9c","error":"\"knativebrokerttl\" not found"}
{"level":"info","ts":"2019-12-03T21:04:46.539Z","logger":"broker_ingress","caller":"ingress/ingress_handler.go:120","msg":"Error retrieving TTL, defaulting.","commit":"7655d9c","error":"\"knativebrokerttl\" not found"}
{"level":"info","ts":"2019-12-03T21:04:46.541Z","logger":"broker_ingress","caller":"ingress/ingress_handler.go:120","msg":"Error retrieving TTL, defaulting.","commit":"7655d9c","error":"\"knativebrokerttl\" not found"}
{"level":"info","ts":"2019-12-03T21:04:46.541Z","logger":"broker_ingress","caller":"ingress/ingress_handler.go:120","msg":"Error retrieving TTL, defaulting.","commit":"7655d9c","error":"\"knativebrokerttl\" not found"}
{"level":"info","ts":"2019-12-03T21:04:46.541Z","logger":"broker_ingress","caller":"ingress/ingress_handler.go:120","msg":"Error retrieving TTL, defaulting.","commit":"7655d9c","error":"\"knativebrokerttl\" not found"}
{"level":"info","ts":"2019-12-03T21:04:46.554Z","logger":"broker_ingress","caller":"ingress/ingress_handler.go:120","msg":"Error retrieving TTL, defaulting.","commit":"7655d9c","error":"\"knativebrokerttl\" not found"}
{"level":"info","ts":"2019-12-03T21:04:46.563Z","logger":"broker_ingress","caller":"ingress/ingress_handler.go:120","msg":"Error retrieving TTL, defaulting.","commit":"7655d9c","error":"\"knativebrokerttl\" not found"}
{"level":"info","ts":"2019-12-03T21:04:46.563Z","logger":"broker_ingress","caller":"ingress/ingress_handler.go:120","msg":"Error retrieving TTL, defaulting.","commit":"7655d9c","error":"\"knativebrokerttl\" not found"}
{"level":"info","ts":"2019-12-03T21:04:46.565Z","logger":"broker_ingress","caller":"ingress/ingress_handler.go:120","msg":"Error retrieving TTL, defaulting.","commit":"7655d9c","error":"\"knativebrokerttl\" not found"}
{"level":"info","ts":"2019-12-03T21:04:46.565Z","logger":"broker_ingress","caller":"ingress/ingress_handler.go:120","msg":"Error retrieving TTL, defaulting.","commit":"7655d9c","error":"\"knativebrokerttl\" not found"}
{"level":"info","ts":"2019-12-03T21:04:46.566Z","logger":"broker_ingress","caller":"ingress/ingress_handler.go:120","msg":"Error retrieving TTL, defaulting.","commit":"7655d9c","error":"\"knativebrokerttl\" not found"}
{"level":"info","ts":"2019-12-03T21:04:46.554Z","logger":"broker_ingress","caller":"ingress/ingress_handler.go:120","msg":"Error retrieving TTL, defaulting.","commit":"7655d9c","error":"\"knativebrokerttl\" not found"}
{"level":"info","ts":"2019-12-03T21:04:46.581Z","logger":"broker_ingress","caller":"ingress/ingress_handler.go:120","msg":"Error retrieving TTL, defaulting.","commit":"7655d9c","error":"\"knativebrokerttl\" not found"}
{"level":"info","ts":"2019-12-03T21:04:46.583Z","logger":"broker_ingress","caller":"ingress/ingress_handler.go:120","msg":"Error retrieving TTL, defaulting.","commit":"7655d9c","error":"\"knativebrokerttl\" not found"}
{"level":"info","ts":"2019-12-03T21:04:46.584Z","logger":"broker_ingress","caller":"ingress/ingress_handler.go:120","msg":"Error retrieving TTL, defaulting.","commit":"7655d9c","error":"\"knativebrokerttl\" not found"}
{"level":"info","ts":"2019-12-03T21:04:46.583Z","logger":"broker_ingress","caller":"ingress/ingress_handler.go:120","msg":"Error retrieving TTL, defaulting.","commit":"7655d9c","error":"\"knativebrokerttl\" not found"}
{"level":"info","ts":"2019-12-03T21:04:46.584Z","logger":"broker_ingress","caller":"ingress/ingress_handler.go:120","msg":"Error retrieving TTL, defaulting.","commit":"7655d9c","error":"\"knativebrokerttl\" not found"}
{"level":"info","ts":"2019-12-03T21:04:46.584Z","logger":"broker_ingress","caller":"ingress/ingress_handler.go:120","msg":"Error retrieving TTL, defaulting.","commit":"7655d9c","error":"\"knativebrokerttl\" not found"}
{"level":"info","ts":"2019-12-03T21:04:46.554Z","logger":"broker_ingress","caller":"ingress/ingress_handler.go:120","msg":"Error retrieving TTL, defaulting.","commit":"7655d9c","error":"\"knativebrokerttl\" not found"}
{"level":"info","ts":"2019-12-03T21:04:46.585Z","logger":"broker_ingress","caller":"ingress/ingress_handler.go:120","msg":"Error retrieving TTL, defaulting.","commit":"7655d9c","error":"\"knativebrokerttl\" not found"}
{"level":"info","ts":"2019-12-03T21:04:46.554Z","logger":"broker_ingress","caller":"ingress/ingress_handler.go:120","msg":"Error retrieving TTL, defaulting.","commit":"7655d9c","error":"\"knativebrokerttl\" not found"}
{"level":"info","ts":"2019-12-03T21:04:46.555Z","logger":"broker_ingress","caller":"ingress/ingress_handler.go:120","msg":"Error retrieving TTL, defaulting.","commit":"7655d9c","error":"\"knativebrokerttl\" not found"}
{"level":"info","ts":"2019-12-03T21:04:46.555Z","logger":"broker_ingress","caller":"ingress/ingress_handler.go:120","msg":"Error retrieving TTL, defaulting.","commit":"7655d9c","error":"\"knativebrokerttl\" not found"}
{"level":"info","ts":"2019-12-03T21:04:46.555Z","logger":"broker_ingress","caller":"ingress/ingress_handler.go:120","msg":"Error retrieving TTL, defaulting.","commit":"7655d9c","error":"\"knativebrokerttl\" not found"}
{"level":"info","ts":"2019-12-03T21:04:46.560Z","logger":"broker_ingress","caller":"ingress/ingress_handler.go:120","msg":"Error retrieving TTL, defaulting.","commit":"7655d9c","error":"\"knativebrokerttl\" not found"}
{"level":"info","ts":"2019-12-03T21:04:46.561Z","logger":"broker_ingress","caller":"ingress/ingress_handler.go:120","msg":"Error retrieving TTL, defaulting.","commit":"7655d9c","error":"\"knativebrokerttl\" not found"}
{"level":"info","ts":"2019-12-03T21:04:46.561Z","logger":"broker_ingress","caller":"ingress/ingress_handler.go:120","msg":"Error retrieving TTL, defaulting.","commit":"7655d9c","error":"\"knativebrokerttl\" not found"}
{"level":"info","ts":"2019-12-03T21:04:46.587Z","logger":"broker_ingress","caller":"ingress/ingress_handler.go:120","msg":"Error retrieving TTL, defaulting.","commit":"7655d9c","error":"\"knativebrokerttl\" not found"}
{"level":"info","ts":"2019-12-03T21:04:46.587Z","logger":"broker_ingress","caller":"ingress/ingress_handler.go:120","msg":"Error retrieving TTL, defaulting.","commit":"7655d9c","error":"\"knativebrokerttl\" not found"}
{"level":"info","ts":"2019-12-03T21:04:46.561Z","logger":"broker_ingress","caller":"ingress/ingress_handler.go:120","msg":"Error retrieving TTL, defaulting.","commit":"7655d9c","error":"\"knativebrokerttl\" not found"}
{"level":"info","ts":"2019-12-03T21:04:46.562Z","logger":"broker_ingress","caller":"ingress/ingress_handler.go:120","msg":"Error retrieving TTL, defaulting.","commit":"7655d9c","error":"\"knativebrokerttl\" not found"}
{"level":"info","ts":"2019-12-03T21:04:46.562Z","logger":"broker_ingress","caller":"ingress/ingress_handler.go:120","msg":"Error retrieving TTL, defaulting.","commit":"7655d9c","error":"\"knativebrokerttl\" not found"}
{"level":"info","ts":"2019-12-03T21:04:46.578Z","logger":"broker_ingress","caller":"ingress/ingress_handler.go:120","msg":"Error retrieving TTL, defaulting.","commit":"7655d9c","error":"\"knativebrokerttl\" not found"}
{"level":"info","ts":"2019-12-03T21:04:46.578Z","logger":"broker_ingress","caller":"ingress/ingress_handler.go:120","msg":"Error retrieving TTL, defaulting.","commit":"7655d9c","error":"\"knativebrokerttl\" not found"}
{"level":"info","ts":"2019-12-03T21:04:46.578Z","logger":"broker_ingress","caller":"ingress/ingress_handler.go:120","msg":"Error retrieving TTL, defaulting.","commit":"7655d9c","error":"\"knativebrokerttl\" not found"}
{"level":"info","ts":"2019-12-03T21:04:46.578Z","logger":"broker_ingress","caller":"ingress/ingress_handler.go:120","msg":"Error retrieving TTL, defaulting.","commit":"7655d9c","error":"\"knativebrokerttl\" not found"}
{"level":"info","ts":"2019-12-03T21:04:46.579Z","logger":"broker_ingress","caller":"ingress/ingress_handler.go:120","msg":"Error retrieving TTL, defaulting.","commit":"7655d9c","error":"\"knativebrokerttl\" not found"}
{"level":"info","ts":"2019-12-03T21:04:46.579Z","logger":"broker_ingress","caller":"ingress/ingress_handler.go:120","msg":"Error retrieving TTL, defaulting.","commit":"7655d9c","error":"\"knativebrokerttl\" not found"}
{"level":"info","ts":"2019-12-03T21:04:46.579Z","logger":"broker_ingress","caller":"ingress/ingress_handler.go:120","msg":"Error retrieving TTL, defaulting.","commit":"7655d9c","error":"\"knativebrokerttl\" not found"}
{"level":"info","ts":"2019-12-03T21:04:46.579Z","logger":"broker_ingress","caller":"ingress/ingress_handler.go:120","msg":"Error retrieving TTL, defaulting.","commit":"7655d9c","error":"\"knativebrokerttl\" not found"}
{"level":"info","ts":"2019-12-03T21:04:46.590Z","logger":"broker_ingress","caller":"ingress/ingress_handler.go:120","msg":"Error retrieving TTL, defaulting.","commit":"7655d9c","error":"\"knativebrokerttl\" not found"}
{"level":"info","ts":"2019-12-03T21:04:46.579Z","logger":"broker_ingress","caller":"ingress/ingress_handler.go:120","msg":"Error retrieving TTL, defaulting.","commit":"7655d9c","error":"\"knativebrokerttl\" not found"}
{"level":"info","ts":"2019-12-03T21:04:46.579Z","logger":"broker_ingress","caller":"ingress/ingress_handler.go:120","msg":"Error retrieving TTL, defaulting.","commit":"7655d9c","error":"\"knativebrokerttl\" not found"}
{"level":"info","ts":"2019-12-03T21:04:46.580Z","logger":"broker_ingress","caller":"ingress/ingress_handler.go:120","msg":"Error retrieving TTL, defaulting.","commit":"7655d9c","error":"\"knativebrokerttl\" not found"}
{"level":"info","ts":"2019-12-03T21:04:46.622Z","logger":"broker_ingress","caller":"ingress/ingress_handler.go:120","msg":"Error retrieving TTL, defaulting.","commit":"7655d9c","error":"\"knativebrokerttl\" not found"}
{"level":"info","ts":"2019-12-03T21:04:46.580Z","logger":"broker_ingress","caller":"ingress/ingress_handler.go:120","msg":"Error retrieving TTL, defaulting.","commit":"7655d9c","error":"\"knativebrokerttl\" not found"}
{"level":"info","ts":"2019-12-03T21:04:46.623Z","logger":"broker_ingress","caller":"ingress/ingress_handler.go:120","msg":"Error retrieving TTL, defaulting.","commit":"7655d9c","error":"\"knativebrokerttl\" not found"}
{"level":"info","ts":"2019-12-03T21:04:46.625Z","logger":"broker_ingress","caller":"ingress/ingress_handler.go:120","msg":"Error retrieving TTL, defaulting.","commit":"7655d9c","error":"\"knativebrokerttl\" not found"}
{"level":"info","ts":"2019-12-03T21:04:46.625Z","logger":"broker_ingress","caller":"ingress/ingress_handler.go:120","msg":"Error retrieving TTL, defaulting.","commit":"7655d9c","error":"\"knativebrokerttl\" not found"}
{"level":"info","ts":"2019-12-03T21:04:46.629Z","logger":"broker_ingress","caller":"ingress/ingress_handler.go:120","msg":"Error retrieving TTL, defaulting.","commit":"7655d9c","error":"\"knativebrokerttl\" not found"}
{"level":"info","ts":"2019-12-03T21:04:46.633Z","logger":"broker_ingress","caller":"ingress/ingress_handler.go:120","msg":"Error retrieving TTL, defaulting.","commit":"7655d9c","error":"\"knativebrokerttl\" not found"}
{"level":"info","ts":"2019-12-03T21:04:46.580Z","logger":"broker_ingress","caller":"ingress/ingress_handler.go:120","msg":"Error retrieving TTL, defaulting.","commit":"7655d9c","error":"\"knativebrokerttl\" not found"}
{"level":"info","ts":"2019-12-03T21:04:46.628Z","logger":"broker_ingress","caller":"ingress/ingress_handler.go:120","msg":"Error retrieving TTL, defaulting.","commit":"7655d9c","error":"\"knativebrokerttl\" not found"}
{"level":"info","ts":"2019-12-03T21:04:46.636Z","logger":"broker_ingress","caller":"ingress/ingress_handler.go:120","msg":"Error retrieving TTL, defaulting.","commit":"7655d9c","error":"\"knativebrokerttl\" not found"}
{"level":"info","ts":"2019-12-03T21:04:46.635Z","logger":"broker_ingress","caller":"ingress/ingress_handler.go:120","msg":"Error retrieving TTL, defaulting.","commit":"7655d9c","error":"\"knativebrokerttl\" not found"}
{"level":"info","ts":"2019-12-03T21:04:46.581Z","logger":"broker_ingress","caller":"ingress/ingress_handler.go:120","msg":"Error retrieving TTL, defaulting.","commit":"7655d9c","error":"\"knativebrokerttl\" not found"}
{"level":"info","ts":"2019-12-03T21:04:46.581Z","logger":"broker_ingress","caller":"ingress/ingress_handler.go:120","msg":"Error retrieving TTL, defaulting.","commit":"7655d9c","error":"\"knativebrokerttl\" not found"}
{"level":"info","ts":"2019-12-03T21:04:46.581Z","logger":"broker_ingress","caller":"ingress/ingress_handler.go:120","msg":"Error retrieving TTL, defaulting.","commit":"7655d9c","error":"\"knativebrokerttl\" not found"}
{"level":"info","ts":"2019-12-03T21:04:46.554Z","logger":"broker_ingress","caller":"ingress/ingress_handler.go:120","msg":"Error retrieving TTL, defaulting.","commit":"7655d9c","error":"\"knativebrokerttl\" not found"}
{"level":"info","ts":"2019-12-03T21:04:46.583Z","logger":"broker_ingress","caller":"ingress/ingress_handler.go:120","msg":"Error retrieving TTL, defaulting.","commit":"7655d9c","error":"\"knativebrokerttl\" not found"}
{"level":"info","ts":"2019-12-03T21:04:46.586Z","logger":"broker_ingress","caller":"ingress/ingress_handler.go:120","msg":"Error retrieving TTL, defaulting.","commit":"7655d9c","error":"\"knativebrokerttl\" not found"}
{"level":"info","ts":"2019-12-03T21:04:46.586Z","logger":"broker_ingress","caller":"ingress/ingress_handler.go:120","msg":"Error retrieving TTL, defaulting.","commit":"7655d9c","error":"\"knativebrokerttl\" not found"}
{"level":"info","ts":"2019-12-03T21:04:46.591Z","logger":"broker_ingress","caller":"ingress/ingress_handler.go:120","msg":"Error retrieving TTL, defaulting.","commit":"7655d9c","error":"\"knativebrokerttl\" not found"}
{"level":"info","ts":"2019-12-03T21:04:46.591Z","logger":"broker_ingress","caller":"ingress/ingress_handler.go:120","msg":"Error retrieving TTL, defaulting.","commit":"7655d9c","error":"\"knativebrokerttl\" not found"}
{"level":"info","ts":"2019-12-03T21:04:46.592Z","logger":"broker_ingress","caller":"ingress/ingress_handler.go:120","msg":"Error retrieving TTL, defaulting.","commit":"7655d9c","error":"\"knativebrokerttl\" not found"}
{"level":"info","ts":"2019-12-03T21:04:46.594Z","logger":"broker_ingress","caller":"ingress/ingress_handler.go:120","msg":"Error retrieving TTL, defaulting.","commit":"7655d9c","error":"\"knativebrokerttl\" not found"}
{"level":"info","ts":"2019-12-03T21:04:46.595Z","logger":"broker_ingress","caller":"ingress/ingress_handler.go:120","msg":"Error retrieving TTL, defaulting.","commit":"7655d9c","error":"\"knativebrokerttl\" not found"}
{"level":"info","ts":"2019-12-03T21:04:46.597Z","logger":"broker_ingress","caller":"ingress/ingress_handler.go:120","msg":"Error retrieving TTL, defaulting.","commit":"7655d9c","error":"\"knativebrokerttl\" not found"}
{"level":"info","ts":"2019-12-03T21:04:46.601Z","logger":"broker_ingress","caller":"ingress/ingress_handler.go:120","msg":"Error retrieving TTL, defaulting.","commit":"7655d9c","error":"\"knativebrokerttl\" not found"}
{"level":"info","ts":"2019-12-03T21:04:46.602Z","logger":"broker_ingress","caller":"ingress/ingress_handler.go:120","msg":"Error retrieving TTL, defaulting.","commit":"7655d9c","error":"\"knativebrokerttl\" not found"}
{"level":"info","ts":"2019-12-03T21:04:46.602Z","logger":"broker_ingress","caller":"ingress/ingress_handler.go:120","msg":"Error retrieving TTL, defaulting.","commit":"7655d9c","error":"\"knativebrokerttl\" not found"}
{"level":"info","ts":"2019-12-03T21:04:46.602Z","logger":"broker_ingress","caller":"ingress/ingress_handler.go:120","msg":"Error retrieving TTL, defaulting.","commit":"7655d9c","error":"\"knativebrokerttl\" not found"}
{"level":"info","ts":"2019-12-03T21:04:46.608Z","logger":"broker_ingress","caller":"ingress/ingress_handler.go:120","msg":"Error retrieving TTL, defaulting.","commit":"7655d9c","error":"\"knativebrokerttl\" not found"}
{"level":"info","ts":"2019-12-03T21:04:46.609Z","logger":"broker_ingress","caller":"ingress/ingress_handler.go:120","msg":"Error retrieving TTL, defaulting.","commit":"7655d9c","error":"\"knativebrokerttl\" not found"}
{"level":"info","ts":"2019-12-03T21:04:46.609Z","logger":"broker_ingress","caller":"ingress/ingress_handler.go:120","msg":"Error retrieving TTL, defaulting.","commit":"7655d9c","error":"\"knativebrokerttl\" not found"}
{"level":"info","ts":"2019-12-03T21:04:46.609Z","logger":"broker_ingress","caller":"ingress/ingress_handler.go:120","msg":"Error retrieving TTL, defaulting.","commit":"7655d9c","error":"\"knativebrokerttl\" not found"}
{"level":"info","ts":"2019-12-03T21:04:46.612Z","logger":"broker_ingress","caller":"ingress/ingress_handler.go:120","msg":"Error retrieving TTL, defaulting.","commit":"7655d9c","error":"\"knativebrokerttl\" not found"}
{"level":"info","ts":"2019-12-03T21:04:46.612Z","logger":"broker_ingress","caller":"ingress/ingress_handler.go:120","msg":"Error retrieving TTL, defaulting.","commit":"7655d9c","error":"\"knativebrokerttl\" not found"}
{"level":"info","ts":"2019-12-03T21:04:46.613Z","logger":"broker_ingress","caller":"ingress/ingress_handler.go:120","msg":"Error retrieving TTL, defaulting.","commit":"7655d9c","error":"\"knativebrokerttl\" not found"}
{"level":"info","ts":"2019-12-03T21:04:46.613Z","logger":"broker_ingress","caller":"ingress/ingress_handler.go:120","msg":"Error retrieving TTL, defaulting.","commit":"7655d9c","error":"\"knativebrokerttl\" not found"}
{"level":"info","ts":"2019-12-03T21:04:46.613Z","logger":"broker_ingress","caller":"ingress/ingress_handler.go:120","msg":"Error retrieving TTL, defaulting.","commit":"7655d9c","error":"\"knativebrokerttl\" not found"}
{"level":"info","ts":"2019-12-03T21:04:46.613Z","logger":"broker_ingress","caller":"ingress/ingress_handler.go:120","msg":"Error retrieving TTL, defaulting.","commit":"7655d9c","error":"\"knativebrokerttl\" not found"}
{"level":"info","ts":"2019-12-03T21:04:46.613Z","logger":"broker_ingress","caller":"ingress/ingress_handler.go:120","msg":"Error retrieving TTL, defaulting.","commit":"7655d9c","error":"\"knativebrokerttl\" not found"}
{"level":"info","ts":"2019-12-03T21:04:46.614Z","logger":"broker_ingress","caller":"ingress/ingress_handler.go:120","msg":"Error retrieving TTL, defaulting.","commit":"7655d9c","error":"\"knativebrokerttl\" not found"}
{"level":"info","ts":"2019-12-03T21:04:46.617Z","logger":"broker_ingress","caller":"ingress/ingress_handler.go:120","msg":"Error retrieving TTL, defaulting.","commit":"7655d9c","error":"\"knativebrokerttl\" not found"}
{"level":"info","ts":"2019-12-03T21:04:46.617Z","logger":"broker_ingress","caller":"ingress/ingress_handler.go:120","msg":"Error retrieving TTL, defaulting.","commit":"7655d9c","error":"\"knativebrokerttl\" not found"}
{"level":"info","ts":"2019-12-03T21:04:46.618Z","logger":"broker_ingress","caller":"ingress/ingress_handler.go:120","msg":"Error retrieving TTL, defaulting.","commit":"7655d9c","error":"\"knativebrokerttl\" not found"}
{"level":"info","ts":"2019-12-03T21:04:46.619Z","logger":"broker_ingress","caller":"ingress/ingress_handler.go:120","msg":"Error retrieving TTL, defaulting.","commit":"7655d9c","error":"\"knativebrokerttl\" not found"}
{"level":"info","ts":"2019-12-03T21:04:46.619Z","logger":"broker_ingress","caller":"ingress/ingress_handler.go:120","msg":"Error retrieving TTL, defaulting.","commit":"7655d9c","error":"\"knativebrokerttl\" not found"}
{"level":"info","ts":"2019-12-03T21:04:46.619Z","logger":"broker_ingress","caller":"ingress/ingress_handler.go:120","msg":"Error retrieving TTL, defaulting.","commit":"7655d9c","error":"\"knativebrokerttl\" not found"}
{"level":"info","ts":"2019-12-03T21:04:46.621Z","logger":"broker_ingress","caller":"ingress/ingress_handler.go:120","msg":"Error retrieving TTL, defaulting.","commit":"7655d9c","error":"\"knativebrokerttl\" not found"}
{"level":"info","ts":"2019-12-03T21:04:46.621Z","logger":"broker_ingress","caller":"ingress/ingress_handler.go:120","msg":"Error retrieving TTL, defaulting.","commit":"7655d9c","error":"\"knativebrokerttl\" not found"}
{"level":"info","ts":"2019-12-03T21:04:46.629Z","logger":"broker_ingress","caller":"ingress/ingress_handler.go:120","msg":"Error retrieving TTL, defaulting.","commit":"7655d9c","error":"\"knativebrokerttl\" not found"}
{"level":"info","ts":"2019-12-03T21:04:46.635Z","logger":"broker_ingress","caller":"ingress/ingress_handler.go:120","msg":"Error retrieving TTL, defaulting.","commit":"7655d9c","error":"\"knativebrokerttl\" not found"}
{"level":"info","ts":"2019-12-03T21:04:46.635Z","logger":"broker_ingress","caller":"ingress/ingress_handler.go:120","msg":"Error retrieving TTL, defaulting.","commit":"7655d9c","error":"\"knativebrokerttl\" not found"}
{"level":"info","ts":"2019-12-03T21:04:46.635Z","logger":"broker_ingress","caller":"ingress/ingress_handler.go:120","msg":"Error retrieving TTL, defaulting.","commit":"7655d9c","error":"\"knativebrokerttl\" not found"}
{"level":"info","ts":"2019-12-03T21:04:46.580Z","logger":"broker_ingress","caller":"ingress/ingress_handler.go:120","msg":"Error retrieving TTL, defaulting.","commit":"7655d9c","error":"\"knativebrokerttl\" not found"}
{"level":"info","ts":"2019-12-03T21:04:46.581Z","logger":"broker_ingress","caller":"ingress/ingress_handler.go:120","msg":"Error retrieving TTL, defaulting.","commit":"7655d9c","error":"\"knativebrokerttl\" not found"}
{"level":"info","ts":"2019-12-03T21:04:46.641Z","logger":"broker_ingress","caller":"ingress/ingress_handler.go:120","msg":"Error retrieving TTL, defaulting.","commit":"7655d9c","error":"\"knativebrokerttl\" not found"}
{"level":"info","ts":"2019-12-03T21:04:46.641Z","logger":"broker_ingress","caller":"ingress/ingress_handler.go:120","msg":"Error retrieving TTL, defaulting.","commit":"7655d9c","error":"\"knativebrokerttl\" not found"}
{"level":"info","ts":"2019-12-03T21:04:46.641Z","logger":"broker_ingress","caller":"ingress/ingress_handler.go:120","msg":"Error retrieving TTL, defaulting.","commit":"7655d9c","error":"\"knativebrokerttl\" not found"}
{"level":"info","ts":"2019-12-03T21:04:46.642Z","logger":"broker_ingress","caller":"ingress/ingress_handler.go:120","msg":"Error retrieving TTL, defaulting.","commit":"7655d9c","error":"\"knativebrokerttl\" not found"}
{"level":"info","ts":"2019-12-03T21:04:46.642Z","logger":"broker_ingress","caller":"ingress/ingress_handler.go:120","msg":"Error retrieving TTL, defaulting.","commit":"7655d9c","error":"\"knativebrokerttl\" not found"}
{"level":"info","ts":"2019-12-03T21:04:46.647Z","logger":"broker_ingress","caller":"ingress/ingress_handler.go:120","msg":"Error retrieving TTL, defaulting.","commit":"7655d9c","error":"\"knativebrokerttl\" not found"}
{"level":"info","ts":"2019-12-03T21:04:46.647Z","logger":"broker_ingress","caller":"ingress/ingress_handler.go:120","msg":"Error retrieving TTL, defaulting.","commit":"7655d9c","error":"\"knativebrokerttl\" not found"}
{"level":"info","ts":"2019-12-03T21:04:46.648Z","logger":"broker_ingress","caller":"ingress/ingress_handler.go:120","msg":"Error retrieving TTL, defaulting.","commit":"7655d9c","error":"\"knativebrokerttl\" not found"}
{"level":"info","ts":"2019-12-03T21:04:46.648Z","logger":"broker_ingress","caller":"ingress/ingress_handler.go:120","msg":"Error retrieving TTL, defaulting.","commit":"7655d9c","error":"\"knativebrokerttl\" not found"}
{"level":"info","ts":"2019-12-03T21:04:46.648Z","logger":"broker_ingress","caller":"ingress/ingress_handler.go:120","msg":"Error retrieving TTL, defaulting.","commit":"7655d9c","error":"\"knativebrokerttl\" not found"}
{"level":"info","ts":"2019-12-03T21:04:46.649Z","logger":"broker_ingress","caller":"ingress/ingress_handler.go:120","msg":"Error retrieving TTL, defaulting.","commit":"7655d9c","error":"\"knativebrokerttl\" not found"}
{"level":"info","ts":"2019-12-03T21:04:46.649Z","logger":"broker_ingress","caller":"ingress/ingress_handler.go:120","msg":"Error retrieving TTL, defaulting.","commit":"7655d9c","error":"\"knativebrokerttl\" not found"}
{"level":"info","ts":"2019-12-03T21:04:46.649Z","logger":"broker_ingress","caller":"ingress/ingress_handler.go:120","msg":"Error retrieving TTL, defaulting.","commit":"7655d9c","error":"\"knativebrokerttl\" not found"}
{"level":"info","ts":"2019-12-03T21:04:46.650Z","logger":"broker_ingress","caller":"ingress/ingress_handler.go:120","msg":"Error retrieving TTL, defaulting.","commit":"7655d9c","error":"\"knativebrokerttl\" not found"}
{"level":"info","ts":"2019-12-03T21:04:46.650Z","logger":"broker_ingress","caller":"ingress/ingress_handler.go:120","msg":"Error retrieving TTL, defaulting.","commit":"7655d9c","error":"\"knativebrokerttl\" not found"}
{"level":"info","ts":"2019-12-03T21:04:46.650Z","logger":"broker_ingress","caller":"ingress/ingress_handler.go:120","msg":"Error retrieving TTL, defaulting.","commit":"7655d9c","error":"\"knativebrokerttl\" not found"}
{"level":"info","ts":"2019-12-03T21:04:46.642Z","logger":"broker_ingress","caller":"ingress/ingress_handler.go:120","msg":"Error retrieving TTL, defaulting.","commit":"7655d9c","error":"\"knativebrokerttl\" not found"}
{"level":"info","ts":"2019-12-03T21:04:46.654Z","logger":"broker_ingress","caller":"ingress/ingress_handler.go:120","msg":"Error retrieving TTL, defaulting.","commit":"7655d9c","error":"\"knativebrokerttl\" not found"}
{"level":"info","ts":"2019-12-03T21:04:46.654Z","logger":"broker_ingress","caller":"ingress/ingress_handler.go:120","msg":"Error retrieving TTL, defaulting.","commit":"7655d9c","error":"\"knativebrokerttl\" not found"}
{"level":"info","ts":"2019-12-03T21:04:46.654Z","logger":"broker_ingress","caller":"ingress/ingress_handler.go:120","msg":"Error retrieving TTL, defaulting.","commit":"7655d9c","error":"\"knativebrokerttl\" not found"}
{"level":"info","ts":"2019-12-03T21:04:46.655Z","logger":"broker_ingress","caller":"ingress/ingress_handler.go:120","msg":"Error retrieving TTL, defaulting.","commit":"7655d9c","error":"\"knativebrokerttl\" not found"}
{"level":"info","ts":"2019-12-03T21:04:46.655Z","logger":"broker_ingress","caller":"ingress/ingress_handler.go:120","msg":"Error retrieving TTL, defaulting.","commit":"7655d9c","error":"\"knativebrokerttl\" not found"}
{"level":"info","ts":"2019-12-03T21:04:46.655Z","logger":"broker_ingress","caller":"ingress/ingress_handler.go:120","msg":"Error retrieving TTL, defaulting.","commit":"7655d9c","error":"\"knativebrokerttl\" not found"}
{"level":"info","ts":"2019-12-03T21:04:46.656Z","logger":"broker_ingress","caller":"ingress/ingress_handler.go:120","msg":"Error retrieving TTL, defaulting.","commit":"7655d9c","error":"\"knativebrokerttl\" not found"}
{"level":"info","ts":"2019-12-03T21:04:46.657Z","logger":"broker_ingress","caller":"ingress/ingress_handler.go:120","msg":"Error retrieving TTL, defaulting.","commit":"7655d9c","error":"\"knativebrokerttl\" not found"}
{"level":"info","ts":"2019-12-03T21:04:46.657Z","logger":"broker_ingress","caller":"ingress/ingress_handler.go:120","msg":"Error retrieving TTL, defaulting.","commit":"7655d9c","error":"\"knativebrokerttl\" not found"}
{"level":"info","ts":"2019-12-03T21:04:46.661Z","logger":"broker_ingress","caller":"ingress/ingress_handler.go:120","msg":"Error retrieving TTL, defaulting.","commit":"7655d9c","error":"\"knativebrokerttl\" not found"}
{"level":"info","ts":"2019-12-03T21:04:46.662Z","logger":"broker_ingress","caller":"ingress/ingress_handler.go:120","msg":"Error retrieving TTL, defaulting.","commit":"7655d9c","error":"\"knativebrokerttl\" not found"}
{"level":"info","ts":"2019-12-03T21:04:46.662Z","logger":"broker_ingress","caller":"ingress/ingress_handler.go:120","msg":"Error retrieving TTL, defaulting.","commit":"7655d9c","error":"\"knativebrokerttl\" not found"}
{"level":"info","ts":"2019-12-03T21:04:46.662Z","logger":"broker_ingress","caller":"ingress/ingress_handler.go:120","msg":"Error retrieving TTL, defaulting.","commit":"7655d9c","error":"\"knativebrokerttl\" not found"}
{"level":"info","ts":"2019-12-03T21:04:46.663Z","logger":"broker_ingress","caller":"ingress/ingress_handler.go:120","msg":"Error retrieving TTL, defaulting.","commit":"7655d9c","error":"\"knativebrokerttl\" not found"}
{"level":"info","ts":"2019-12-03T21:04:46.663Z","logger":"broker_ingress","caller":"ingress/ingress_handler.go:120","msg":"Error retrieving TTL, defaulting.","commit":"7655d9c","error":"\"knativebrokerttl\" not found"}
{"level":"info","ts":"2019-12-03T21:04:46.663Z","logger":"broker_ingress","caller":"ingress/ingress_handler.go:120","msg":"Error retrieving TTL, defaulting.","commit":"7655d9c","error":"\"knativebrokerttl\" not found"}
{"level":"info","ts":"2019-12-03T21:04:46.664Z","logger":"broker_ingress","caller":"ingress/ingress_handler.go:120","msg":"Error retrieving TTL, defaulting.","commit":"7655d9c","error":"\"knativebrokerttl\" not found"}
{"level":"info","ts":"2019-12-03T21:04:46.664Z","logger":"broker_ingress","caller":"ingress/ingress_handler.go:120","msg":"Error retrieving TTL, defaulting.","commit":"7655d9c","error":"\"knativebrokerttl\" not found"}
{"level":"info","ts":"2019-12-03T21:04:46.680Z","logger":"broker_ingress","caller":"ingress/ingress_handler.go:120","msg":"Error retrieving TTL, defaulting.","commit":"7655d9c","error":"\"knativebrokerttl\" not found"}
{"level":"info","ts":"2019-12-03T21:04:46.682Z","logger":"broker_ingress","caller":"ingress/ingress_handler.go:120","msg":"Error retrieving TTL, defaulting.","commit":"7655d9c","error":"\"knativebrokerttl\" not found"}
{"level":"info","ts":"2019-12-03T21:04:46.682Z","logger":"broker_ingress","caller":"ingress/ingress_handler.go:120","msg":"Error retrieving TTL, defaulting.","commit":"7655d9c","error":"\"knativebrokerttl\" not found"}
{"level":"info","ts":"2019-12-03T21:04:46.684Z","logger":"broker_ingress","caller":"ingress/ingress_handler.go:120","msg":"Error retrieving TTL, defaulting.","commit":"7655d9c","error":"\"knativebrokerttl\" not found"}
{"level":"info","ts":"2019-12-03T21:04:46.685Z","logger":"broker_ingress","caller":"ingress/ingress_handler.go:120","msg":"Error retrieving TTL, defaulting.","commit":"7655d9c","error":"\"knativebrokerttl\" not found"}
{"level":"info","ts":"2019-12-03T21:04:46.685Z","logger":"broker_ingress","caller":"ingress/ingress_handler.go:120","msg":"Error retrieving TTL, defaulting.","commit":"7655d9c","error":"\"knativebrokerttl\" not found"}
{"level":"info","ts":"2019-12-03T21:04:46.685Z","logger":"broker_ingress","caller":"ingress/ingress_handler.go:120","msg":"Error retrieving TTL, defaulting.","commit":"7655d9c","error":"\"knativebrokerttl\" not found"}
{"level":"info","ts":"2019-12-03T21:04:46.683Z","logger":"broker_ingress","caller":"ingress/ingress_handler.go:120","msg":"Error retrieving TTL, defaulting.","commit":"7655d9c","error":"\"knativebrokerttl\" not found"}
{"level":"info","ts":"2019-12-03T21:04:46.687Z","logger":"broker_ingress","caller":"ingress/ingress_handler.go:120","msg":"Error retrieving TTL, defaulting.","commit":"7655d9c","error":"\"knativebrokerttl\" not found"}
{"level":"info","ts":"2019-12-03T21:04:46.687Z","logger":"broker_ingress","caller":"ingress/ingress_handler.go:120","msg":"Error retrieving TTL, defaulting.","commit":"7655d9c","error":"\"knativebrokerttl\" not found"}
{"level":"info","ts":"2019-12-03T21:04:46.687Z","logger":"broker_ingress","caller":"ingress/ingress_handler.go:120","msg":"Error retrieving TTL, defaulting.","commit":"7655d9c","error":"\"knativebrokerttl\" not found"}
{"level":"info","ts":"2019-12-03T21:04:46.688Z","logger":"broker_ingress","caller":"ingress/ingress_handler.go:120","msg":"Error retrieving TTL, defaulting.","commit":"7655d9c","error":"\"knativebrokerttl\" not found"}
{"level":"info","ts":"2019-12-03T21:04:46.688Z","logger":"broker_ingress","caller":"ingress/ingress_handler.go:120","msg":"Error retrieving TTL, defaulting.","commit":"7655d9c","error":"\"knativebrokerttl\" not found"}
{"level":"info","ts":"2019-12-03T21:04:46.688Z","logger":"broker_ingress","caller":"ingress/ingress_handler.go:120","msg":"Error retrieving TTL, defaulting.","commit":"7655d9c","error":"\"knativebrokerttl\" not found"}
{"level":"info","ts":"2019-12-03T21:04:46.688Z","logger":"broker_ingress","caller":"ingress/ingress_handler.go:120","msg":"Error retrieving TTL, defaulting.","commit":"7655d9c","error":"\"knativebrokerttl\" not found"}
{"level":"info","ts":"2019-12-03T21:04:46.689Z","logger":"broker_ingress","caller":"ingress/ingress_handler.go:120","msg":"Error retrieving TTL, defaulting.","commit":"7655d9c","error":"\"knativebrokerttl\" not found"}
{"level":"info","ts":"2019-12-03T21:04:46.690Z","logger":"broker_ingress","caller":"ingress/ingress_handler.go:120","msg":"Error retrieving TTL, defaulting.","commit":"7655d9c","error":"\"knativebrokerttl\" not found"}
{"level":"info","ts":"2019-12-03T21:04:46.691Z","logger":"broker_ingress","caller":"ingress/ingress_handler.go:120","msg":"Error retrieving TTL, defaulting.","commit":"7655d9c","error":"\"knativebrokerttl\" not found"}
{"level":"info","ts":"2019-12-03T21:04:46.691Z","logger":"broker_ingress","caller":"ingress/ingress_handler.go:120","msg":"Error retrieving TTL, defaulting.","commit":"7655d9c","error":"\"knativebrokerttl\" not found"}
{"level":"info","ts":"2019-12-03T21:04:46.691Z","logger":"broker_ingress","caller":"ingress/ingress_handler.go:120","msg":"Error retrieving TTL, defaulting.","commit":"7655d9c","error":"\"knativebrokerttl\" not found"}
{"level":"info","ts":"2019-12-03T21:04:46.691Z","logger":"broker_ingress","caller":"ingress/ingress_handler.go:120","msg":"Error retrieving TTL, defaulting.","commit":"7655d9c","error":"\"knativebrokerttl\" not found"}
{"level":"info","ts":"2019-12-03T21:04:46.691Z","logger":"broker_ingress","caller":"ingress/ingress_handler.go:120","msg":"Error retrieving TTL, defaulting.","commit":"7655d9c","error":"\"knativebrokerttl\" not found"}
{"level":"info","ts":"2019-12-03T21:04:46.691Z","logger":"broker_ingress","caller":"ingress/ingress_handler.go:120","msg":"Error retrieving TTL, defaulting.","commit":"7655d9c","error":"\"knativebrokerttl\" not found"}
{"level":"info","ts":"2019-12-03T21:04:46.692Z","logger":"broker_ingress","caller":"ingress/ingress_handler.go:120","msg":"Error retrieving TTL, defaulting.","commit":"7655d9c","error":"\"knativebrokerttl\" not found"}
{"level":"info","ts":"2019-12-03T21:04:46.693Z","logger":"broker_ingress","caller":"ingress/ingress_handler.go:120","msg":"Error retrieving TTL, defaulting.","commit":"7655d9c","error":"\"knativebrokerttl\" not found"}
{"level":"info","ts":"2019-12-03T21:04:46.693Z","logger":"broker_ingress","caller":"ingress/ingress_handler.go:120","msg":"Error retrieving TTL, defaulting.","commit":"7655d9c","error":"\"knativebrokerttl\" not found"}
{"level":"info","ts":"2019-12-03T21:04:46.693Z","logger":"broker_ingress","caller":"ingress/ingress_handler.go:120","msg":"Error retrieving TTL, defaulting.","commit":"7655d9c","error":"\"knativebrokerttl\" not found"}
{"level":"info","ts":"2019-12-03T21:04:46.694Z","logger":"broker_ingress","caller":"ingress/ingress_handler.go:120","msg":"Error retrieving TTL, defaulting.","commit":"7655d9c","error":"\"knativebrokerttl\" not found"}
{"level":"info","ts":"2019-12-03T21:04:46.694Z","logger":"broker_ingress","caller":"ingress/ingress_handler.go:120","msg":"Error retrieving TTL, defaulting.","commit":"7655d9c","error":"\"knativebrokerttl\" not found"}
{"level":"info","ts":"2019-12-03T21:04:46.660Z","logger":"broker_ingress","caller":"ingress/ingress_handler.go:120","msg":"Error retrieving TTL, defaulting.","commit":"7655d9c","error":"\"knativebrokerttl\" not found"}
{"level":"info","ts":"2019-12-03T21:04:46.695Z","logger":"broker_ingress","caller":"ingress/ingress_handler.go:120","msg":"Error retrieving TTL, defaulting.","commit":"7655d9c","error":"\"knativebrokerttl\" not found"}
{"level":"info","ts":"2019-12-03T21:04:46.695Z","logger":"broker_ingress","caller":"ingress/ingress_handler.go:120","msg":"Error retrieving TTL, defaulting.","commit":"7655d9c","error":"\"knativebrokerttl\" not found"}
{"level":"info","ts":"2019-12-03T21:04:46.695Z","logger":"broker_ingress","caller":"ingress/ingress_handler.go:120","msg":"Error retrieving TTL, defaulting.","commit":"7655d9c","error":"\"knativebrokerttl\" not found"}
{"level":"info","ts":"2019-12-03T21:04:46.695Z","logger":"broker_ingress","caller":"ingress/ingress_handler.go:120","msg":"Error retrieving TTL, defaulting.","commit":"7655d9c","error":"\"knativebrokerttl\" not found"}
{"level":"info","ts":"2019-12-03T21:04:46.695Z","logger":"broker_ingress","caller":"ingress/ingress_handler.go:120","msg":"Error retrieving TTL, defaulting.","commit":"7655d9c","error":"\"knativebrokerttl\" not found"}
{"level":"info","ts":"2019-12-03T21:04:46.696Z","logger":"broker_ingress","caller":"ingress/ingress_handler.go:120","msg":"Error retrieving TTL, defaulting.","commit":"7655d9c","error":"\"knativebrokerttl\" not found"}
{"level":"info","ts":"2019-12-03T21:04:46.696Z","logger":"broker_ingress","caller":"ingress/ingress_handler.go:120","msg":"Error retrieving TTL, defaulting.","commit":"7655d9c","error":"\"knativebrokerttl\" not found"}
{"level":"info","ts":"2019-12-03T21:04:46.698Z","logger":"broker_ingress","caller":"ingress/ingress_handler.go:120","msg":"Error retrieving TTL, defaulting.","commit":"7655d9c","error":"\"knativebrokerttl\" not found"}
{"level":"info","ts":"2019-12-03T21:04:46.699Z","logger":"broker_ingress","caller":"ingress/ingress_handler.go:120","msg":"Error retrieving TTL, defaulting.","commit":"7655d9c","error":"\"knativebrokerttl\" not found"}
{"level":"info","ts":"2019-12-03T21:04:46.699Z","logger":"broker_ingress","caller":"ingress/ingress_handler.go:120","msg":"Error retrieving TTL, defaulting.","commit":"7655d9c","error":"\"knativebrokerttl\" not found"}
{"level":"info","ts":"2019-12-03T21:04:46.699Z","logger":"broker_ingress","caller":"ingress/ingress_handler.go:120","msg":"Error retrieving TTL, defaulting.","commit":"7655d9c","error":"\"knativebrokerttl\" not found"}
{"level":"info","ts":"2019-12-03T21:04:46.699Z","logger":"broker_ingress","caller":"ingress/ingress_handler.go:120","msg":"Error retrieving TTL, defaulting.","commit":"7655d9c","error":"\"knativebrokerttl\" not found"}
{"level":"info","ts":"2019-12-03T21:04:46.699Z","logger":"broker_ingress","caller":"ingress/ingress_handler.go:120","msg":"Error retrieving TTL, defaulting.","commit":"7655d9c","error":"\"knativebrokerttl\" not found"}
{"level":"info","ts":"2019-12-03T21:04:46.700Z","logger":"broker_ingress","caller":"ingress/ingress_handler.go:120","msg":"Error retrieving TTL, defaulting.","commit":"7655d9c","error":"\"knativebrokerttl\" not found"}
{"level":"info","ts":"2019-12-03T21:04:46.700Z","logger":"broker_ingress","caller":"ingress/ingress_handler.go:120","msg":"Error retrieving TTL, defaulting.","commit":"7655d9c","error":"\"knativebrokerttl\" not found"}
{"level":"info","ts":"2019-12-03T21:04:46.701Z","logger":"broker_ingress","caller":"ingress/ingress_handler.go:120","msg":"Error retrieving TTL, defaulting.","commit":"7655d9c","error":"\"knativebrokerttl\" not found"}
{"level":"info","ts":"2019-12-03T21:04:46.702Z","logger":"broker_ingress","caller":"ingress/ingress_handler.go:120","msg":"Error retrieving TTL, defaulting.","commit":"7655d9c","error":"\"knativebrokerttl\" not found"}
{"level":"info","ts":"2019-12-03T21:04:46.704Z","logger":"broker_ingress","caller":"ingress/ingress_handler.go:120","msg":"Error retrieving TTL, defaulting.","commit":"7655d9c","error":"\"knativebrokerttl\" not found"}
{"level":"info","ts":"2019-12-03T21:04:46.704Z","logger":"broker_ingress","caller":"ingress/ingress_handler.go:120","msg":"Error retrieving TTL, defaulting.","commit":"7655d9c","error":"\"knativebrokerttl\" not found"}
{"level":"info","ts":"2019-12-03T21:04:46.715Z","logger":"broker_ingress","caller":"ingress/ingress_handler.go:120","msg":"Error retrieving TTL, defaulting.","commit":"7655d9c","error":"\"knativebrokerttl\" not found"}
{"level":"info","ts":"2019-12-03T21:04:46.718Z","logger":"broker_ingress","caller":"ingress/ingress_handler.go:120","msg":"Error retrieving TTL, defaulting.","commit":"7655d9c","error":"\"knativebrokerttl\" not found"}
{"level":"info","ts":"2019-12-03T21:04:46.756Z","logger":"broker_ingress","caller":"ingress/ingress_handler.go:120","msg":"Error retrieving TTL, defaulting.","commit":"7655d9c","error":"\"knativebrokerttl\" not found"}
{"level":"info","ts":"2019-12-03T21:04:46.757Z","logger":"broker_ingress","caller":"ingress/ingress_handler.go:120","msg":"Error retrieving TTL, defaulting.","commit":"7655d9c","error":"\"knativebrokerttl\" not found"}
{"level":"info","ts":"2019-12-03T21:04:46.758Z","logger":"broker_ingress","caller":"ingress/ingress_handler.go:120","msg":"Error retrieving TTL, defaulting.","commit":"7655d9c","error":"\"knativebrokerttl\" not found"}
{"level":"info","ts":"2019-12-03T21:04:46.759Z","logger":"broker_ingress","caller":"ingress/ingress_handler.go:120","msg":"Error retrieving TTL, defaulting.","commit":"7655d9c","error":"\"knativebrokerttl\" not found"}
{"level":"info","ts":"2019-12-03T21:04:46.759Z","logger":"broker_ingress","caller":"ingress/ingress_handler.go:120","msg":"Error retrieving TTL, defaulting.","commit":"7655d9c","error":"\"knativebrokerttl\" not found"}
{"level":"info","ts":"2019-12-03T21:04:46.760Z","logger":"broker_ingress","caller":"ingress/ingress_handler.go:120","msg":"Error retrieving TTL, defaulting.","commit":"7655d9c","error":"\"knativebrokerttl\" not found"}
{"level":"info","ts":"2019-12-03T21:04:46.760Z","logger":"broker_ingress","caller":"ingress/ingress_handler.go:120","msg":"Error retrieving TTL, defaulting.","commit":"7655d9c","error":"\"knativebrokerttl\" not found"}
{"level":"info","ts":"2019-12-03T21:04:46.761Z","logger":"broker_ingress","caller":"ingress/ingress_handler.go:120","msg":"Error retrieving TTL, defaulting.","commit":"7655d9c","error":"\"knativebrokerttl\" not found"}
{"level":"info","ts":"2019-12-03T21:04:46.761Z","logger":"broker_ingress","caller":"ingress/ingress_handler.go:120","msg":"Error retrieving TTL, defaulting.","commit":"7655d9c","error":"\"knativebrokerttl\" not found"}
{"level":"info","ts":"2019-12-03T21:04:46.761Z","logger":"broker_ingress","caller":"ingress/ingress_handler.go:120","msg":"Error retrieving TTL, defaulting.","commit":"7655d9c","error":"\"knativebrokerttl\" not found"}
{"level":"info","ts":"2019-12-03T21:04:46.761Z","logger":"broker_ingress","caller":"ingress/ingress_handler.go:120","msg":"Error retrieving TTL, defaulting.","commit":"7655d9c","error":"\"knativebrokerttl\" not found"}
{"level":"info","ts":"2019-12-03T21:04:46.762Z","logger":"broker_ingress","caller":"ingress/ingress_handler.go:120","msg":"Error retrieving TTL, defaulting.","commit":"7655d9c","error":"\"knativebrokerttl\" not found"}
{"level":"info","ts":"2019-12-03T21:04:46.761Z","logger":"broker_ingress","caller":"ingress/ingress_handler.go:120","msg":"Error retrieving TTL, defaulting.","commit":"7655d9c","error":"\"knativebrokerttl\" not found"}
{"level":"info","ts":"2019-12-03T21:04:46.765Z","logger":"broker_ingress","caller":"ingress/ingress_handler.go:120","msg":"Error retrieving TTL, defaulting.","commit":"7655d9c","error":"\"knativebrokerttl\" not found"}
{"level":"info","ts":"2019-12-03T21:04:46.765Z","logger":"broker_ingress","caller":"ingress/ingress_handler.go:120","msg":"Error retrieving TTL, defaulting.","commit":"7655d9c","error":"\"knativebrokerttl\" not found"}
{"level":"info","ts":"2019-12-03T21:04:46.765Z","logger":"broker_ingress","caller":"ingress/ingress_handler.go:120","msg":"Error retrieving TTL, defaulting.","commit":"7655d9c","error":"\"knativebrokerttl\" not found"}
{"level":"info","ts":"2019-12-03T21:04:46.766Z","logger":"broker_ingress","caller":"ingress/ingress_handler.go:120","msg":"Error retrieving TTL, defaulting.","commit":"7655d9c","error":"\"knativebrokerttl\" not found"}
{"level":"info","ts":"2019-12-03T21:04:46.766Z","logger":"broker_ingress","caller":"ingress/ingress_handler.go:120","msg":"Error retrieving TTL, defaulting.","commit":"7655d9c","error":"\"knativebrokerttl\" not found"}
{"level":"info","ts":"2019-12-03T21:04:46.766Z","logger":"broker_ingress","caller":"ingress/ingress_handler.go:120","msg":"Error retrieving TTL, defaulting.","commit":"7655d9c","error":"\"knativebrokerttl\" not found"}
{"level":"info","ts":"2019-12-03T21:04:46.767Z","logger":"broker_ingress","caller":"ingress/ingress_handler.go:120","msg":"Error retrieving TTL, defaulting.","commit":"7655d9c","error":"\"knativebrokerttl\" not found"}
{"level":"info","ts":"2019-12-03T21:04:46.759Z","logger":"broker_ingress","caller":"ingress/ingress_handler.go:120","msg":"Error retrieving TTL, defaulting.","commit":"7655d9c","error":"\"knativebrokerttl\" not found"}
{"level":"info","ts":"2019-12-03T21:04:46.762Z","logger":"broker_ingress","caller":"ingress/ingress_handler.go:120","msg":"Error retrieving TTL, defaulting.","commit":"7655d9c","error":"\"knativebrokerttl\" not found"}
{"level":"info","ts":"2019-12-03T21:04:46.763Z","logger":"broker_ingress","caller":"ingress/ingress_handler.go:120","msg":"Error retrieving TTL, defaulting.","commit":"7655d9c","error":"\"knativebrokerttl\" not found"}
{"level":"info","ts":"2019-12-03T21:04:46.763Z","logger":"broker_ingress","caller":"ingress/ingress_handler.go:120","msg":"Error retrieving TTL, defaulting.","commit":"7655d9c","error":"\"knativebrokerttl\" not found"}
{"level":"info","ts":"2019-12-03T21:04:46.763Z","logger":"broker_ingress","caller":"ingress/ingress_handler.go:120","msg":"Error retrieving TTL, defaulting.","commit":"7655d9c","error":"\"knativebrokerttl\" not found"}
{"level":"info","ts":"2019-12-03T21:04:46.768Z","logger":"broker_ingress","caller":"ingress/ingress_handler.go:120","msg":"Error retrieving TTL, defaulting.","commit":"7655d9c","error":"\"knativebrokerttl\" not found"}
{"level":"info","ts":"2019-12-03T21:04:46.763Z","logger":"broker_ingress","caller":"ingress/ingress_handler.go:120","msg":"Error retrieving TTL, defaulting.","commit":"7655d9c","error":"\"knativebrokerttl\" not found"}
{"level":"info","ts":"2019-12-03T21:04:46.762Z","logger":"broker_ingress","caller":"ingress/ingress_handler.go:120","msg":"Error retrieving TTL, defaulting.","commit":"7655d9c","error":"\"knativebrokerttl\" not found"}
{"level":"info","ts":"2019-12-03T21:04:46.763Z","logger":"broker_ingress","caller":"ingress/ingress_handler.go:120","msg":"Error retrieving TTL, defaulting.","commit":"7655d9c","error":"\"knativebrokerttl\" not found"}
{"level":"info","ts":"2019-12-03T21:04:46.763Z","logger":"broker_ingress","caller":"ingress/ingress_handler.go:120","msg":"Error retrieving TTL, defaulting.","commit":"7655d9c","error":"\"knativebrokerttl\" not found"}
{"level":"info","ts":"2019-12-03T21:04:46.763Z","logger":"broker_ingress","caller":"ingress/ingress_handler.go:120","msg":"Error retrieving TTL, defaulting.","commit":"7655d9c","error":"\"knativebrokerttl\" not found"}
{"level":"info","ts":"2019-12-03T21:04:46.764Z","logger":"broker_ingress","caller":"ingress/ingress_handler.go:120","msg":"Error retrieving TTL, defaulting.","commit":"7655d9c","error":"\"knativebrokerttl\" not found"}
{"level":"info","ts":"2019-12-03T21:04:46.764Z","logger":"broker_ingress","caller":"ingress/ingress_handler.go:120","msg":"Error retrieving TTL, defaulting.","commit":"7655d9c","error":"\"knativebrokerttl\" not found"}
{"level":"info","ts":"2019-12-03T21:04:46.764Z","logger":"broker_ingress","caller":"ingress/ingress_handler.go:120","msg":"Error retrieving TTL, defaulting.","commit":"7655d9c","error":"\"knativebrokerttl\" not found"}
{"level":"info","ts":"2019-12-03T21:04:46.764Z","logger":"broker_ingress","caller":"ingress/ingress_handler.go:120","msg":"Error retrieving TTL, defaulting.","commit":"7655d9c","error":"\"knativebrokerttl\" not found"}
{"level":"info","ts":"2019-12-03T21:04:46.764Z","logger":"broker_ingress","caller":"ingress/ingress_handler.go:120","msg":"Error retrieving TTL, defaulting.","commit":"7655d9c","error":"\"knativebrokerttl\" not found"}
{"level":"info","ts":"2019-12-03T21:04:46.765Z","logger":"broker_ingress","caller":"ingress/ingress_handler.go:120","msg":"Error retrieving TTL, defaulting.","commit":"7655d9c","error":"\"knativebrokerttl\" not found"}
{"level":"info","ts":"2019-12-03T21:04:46.765Z","logger":"broker_ingress","caller":"ingress/ingress_handler.go:120","msg":"Error retrieving TTL, defaulting.","commit":"7655d9c","error":"\"knativebrokerttl\" not found"}
{"level":"info","ts":"2019-12-03T21:04:46.771Z","logger":"broker_ingress","caller":"ingress/ingress_handler.go:120","msg":"Error retrieving TTL, defaulting.","commit":"7655d9c","error":"\"knativebrokerttl\" not found"}
{"level":"info","ts":"2019-12-03T21:04:46.772Z","logger":"broker_ingress","caller":"ingress/ingress_handler.go:120","msg":"Error retrieving TTL, defaulting.","commit":"7655d9c","error":"\"knativebrokerttl\" not found"}
{"level":"info","ts":"2019-12-03T21:04:46.772Z","logger":"broker_ingress","caller":"ingress/ingress_handler.go:120","msg":"Error retrieving TTL, defaulting.","commit":"7655d9c","error":"\"knativebrokerttl\" not found"}
{"level":"info","ts":"2019-12-03T21:04:46.772Z","logger":"broker_ingress","caller":"ingress/ingress_handler.go:120","msg":"Error retrieving TTL, defaulting.","commit":"7655d9c","error":"\"knativebrokerttl\" not found"}
{"level":"info","ts":"2019-12-03T21:04:46.772Z","logger":"broker_ingress","caller":"ingress/ingress_handler.go:120","msg":"Error retrieving TTL, defaulting.","commit":"7655d9c","error":"\"knativebrokerttl\" not found"}
{"level":"info","ts":"2019-12-03T21:04:46.772Z","logger":"broker_ingress","caller":"ingress/ingress_handler.go:120","msg":"Error retrieving TTL, defaulting.","commit":"7655d9c","error":"\"knativebrokerttl\" not found"}
{"level":"info","ts":"2019-12-03T21:04:46.772Z","logger":"broker_ingress","caller":"ingress/ingress_handler.go:120","msg":"Error retrieving TTL, defaulting.","commit":"7655d9c","error":"\"knativebrokerttl\" not found"}
{"level":"info","ts":"2019-12-03T21:04:46.772Z","logger":"broker_ingress","caller":"ingress/ingress_handler.go:120","msg":"Error retrieving TTL, defaulting.","commit":"7655d9c","error":"\"knativebrokerttl\" not found"}
{"level":"info","ts":"2019-12-03T21:04:46.773Z","logger":"broker_ingress","caller":"ingress/ingress_handler.go:120","msg":"Error retrieving TTL, defaulting.","commit":"7655d9c","error":"\"knativebrokerttl\" not found"}
{"level":"info","ts":"2019-12-03T21:04:46.773Z","logger":"broker_ingress","caller":"ingress/ingress_handler.go:120","msg":"Error retrieving TTL, defaulting.","commit":"7655d9c","error":"\"knativebrokerttl\" not found"}
{"level":"info","ts":"2019-12-03T21:04:46.773Z","logger":"broker_ingress","caller":"ingress/ingress_handler.go:120","msg":"Error retrieving TTL, defaulting.","commit":"7655d9c","error":"\"knativebrokerttl\" not found"}
{"level":"info","ts":"2019-12-03T21:04:46.773Z","logger":"broker_ingress","caller":"ingress/ingress_handler.go:120","msg":"Error retrieving TTL, defaulting.","commit":"7655d9c","error":"\"knativebrokerttl\" not found"}
{"level":"info","ts":"2019-12-03T21:04:46.773Z","logger":"broker_ingress","caller":"ingress/ingress_handler.go:120","msg":"Error retrieving TTL, defaulting.","commit":"7655d9c","error":"\"knativebrokerttl\" not found"}
{"level":"info","ts":"2019-12-03T21:04:46.773Z","logger":"broker_ingress","caller":"ingress/ingress_handler.go:120","msg":"Error retrieving TTL, defaulting.","commit":"7655d9c","error":"\"knativebrokerttl\" not found"}
{"level":"info","ts":"2019-12-03T21:04:46.773Z","logger":"broker_ingress","caller":"ingress/ingress_handler.go:120","msg":"Error retrieving TTL, defaulting.","commit":"7655d9c","error":"\"knativebrokerttl\" not found"}
{"level":"info","ts":"2019-12-03T21:04:46.774Z","logger":"broker_ingress","caller":"ingress/ingress_handler.go:120","msg":"Error retrieving TTL, defaulting.","commit":"7655d9c","error":"\"knativebrokerttl\" not found"}
{"level":"info","ts":"2019-12-03T21:04:46.774Z","logger":"broker_ingress","caller":"ingress/ingress_handler.go:120","msg":"Error retrieving TTL, defaulting.","commit":"7655d9c","error":"\"knativebrokerttl\" not found"}
{"level":"info","ts":"2019-12-03T21:04:46.774Z","logger":"broker_ingress","caller":"ingress/ingress_handler.go:120","msg":"Error retrieving TTL, defaulting.","commit":"7655d9c","error":"\"knativebrokerttl\" not found"}
{"level":"info","ts":"2019-12-03T21:04:46.774Z","logger":"broker_ingress","caller":"ingress/ingress_handler.go:120","msg":"Error retrieving TTL, defaulting.","commit":"7655d9c","error":"\"knativebrokerttl\" not found"}
{"level":"info","ts":"2019-12-03T21:04:46.774Z","logger":"broker_ingress","caller":"ingress/ingress_handler.go:120","msg":"Error retrieving TTL, defaulting.","commit":"7655d9c","error":"\"knativebrokerttl\" not found"}
{"level":"info","ts":"2019-12-03T21:04:46.774Z","logger":"broker_ingress","caller":"ingress/ingress_handler.go:120","msg":"Error retrieving TTL, defaulting.","commit":"7655d9c","error":"\"knativebrokerttl\" not found"}
{"level":"info","ts":"2019-12-03T21:04:46.775Z","logger":"broker_ingress","caller":"ingress/ingress_handler.go:120","msg":"Error retrieving TTL, defaulting.","commit":"7655d9c","error":"\"knativebrokerttl\" not found"}
{"level":"info","ts":"2019-12-03T21:04:46.776Z","logger":"broker_ingress","caller":"ingress/ingress_handler.go:120","msg":"Error retrieving TTL, defaulting.","commit":"7655d9c","error":"\"knativebrokerttl\" not found"}
{"level":"info","ts":"2019-12-03T21:04:46.777Z","logger":"broker_ingress","caller":"ingress/ingress_handler.go:120","msg":"Error retrieving TTL, defaulting.","commit":"7655d9c","error":"\"knativebrokerttl\" not found"}
{"level":"info","ts":"2019-12-03T21:04:46.777Z","logger":"broker_ingress","caller":"ingress/ingress_handler.go:120","msg":"Error retrieving TTL, defaulting.","commit":"7655d9c","error":"\"knativebrokerttl\" not found"}
{"level":"info","ts":"2019-12-03T21:04:46.778Z","logger":"broker_ingress","caller":"ingress/ingress_handler.go:120","msg":"Error retrieving TTL, defaulting.","commit":"7655d9c","error":"\"knativebrokerttl\" not found"}
{"level":"info","ts":"2019-12-03T21:04:46.779Z","logger":"broker_ingress","caller":"ingress/ingress_handler.go:120","msg":"Error retrieving TTL, defaulting.","commit":"7655d9c","error":"\"knativebrokerttl\" not found"}
{"level":"info","ts":"2019-12-03T21:04:46.779Z","logger":"broker_ingress","caller":"ingress/ingress_handler.go:120","msg":"Error retrieving TTL, defaulting.","commit":"7655d9c","error":"\"knativebrokerttl\" not found"}
{"level":"info","ts":"2019-12-03T21:04:46.780Z","logger":"broker_ingress","caller":"ingress/ingress_handler.go:120","msg":"Error retrieving TTL, defaulting.","commit":"7655d9c","error":"\"knativebrokerttl\" not found"}
{"level":"info","ts":"2019-12-03T21:04:46.780Z","logger":"broker_ingress","caller":"ingress/ingress_handler.go:120","msg":"Error retrieving TTL, defaulting.","commit":"7655d9c","error":"\"knativebrokerttl\" not found"}
{"level":"info","ts":"2019-12-03T21:04:46.780Z","logger":"broker_ingress","caller":"ingress/ingress_handler.go:120","msg":"Error retrieving TTL, defaulting.","commit":"7655d9c","error":"\"knativebrokerttl\" not found"}
{"level":"info","ts":"2019-12-03T21:04:46.785Z","logger":"broker_ingress","caller":"ingress/ingress_handler.go:120","msg":"Error retrieving TTL, defaulting.","commit":"7655d9c","error":"\"knativebrokerttl\" not found"}
{"level":"info","ts":"2019-12-03T21:04:46.786Z","logger":"broker_ingress","caller":"ingress/ingress_handler.go:120","msg":"Error retrieving TTL, defaulting.","commit":"7655d9c","error":"\"knativebrokerttl\" not found"}
{"level":"info","ts":"2019-12-03T21:04:46.786Z","logger":"broker_ingress","caller":"ingress/ingress_handler.go:120","msg":"Error retrieving TTL, defaulting.","commit":"7655d9c","error":"\"knativebrokerttl\" not found"}
{"level":"info","ts":"2019-12-03T21:04:46.786Z","logger":"broker_ingress","caller":"ingress/ingress_handler.go:120","msg":"Error retrieving TTL, defaulting.","commit":"7655d9c","error":"\"knativebrokerttl\" not found"}
{"level":"info","ts":"2019-12-03T21:04:46.787Z","logger":"broker_ingress","caller":"ingress/ingress_handler.go:120","msg":"Error retrieving TTL, defaulting.","commit":"7655d9c","error":"\"knativebrokerttl\" not found"}
{"level":"info","ts":"2019-12-03T21:04:46.787Z","logger":"broker_ingress","caller":"ingress/ingress_handler.go:120","msg":"Error retrieving TTL, defaulting.","commit":"7655d9c","error":"\"knativebrokerttl\" not found"}
{"level":"info","ts":"2019-12-03T21:04:46.787Z","logger":"broker_ingress","caller":"ingress/ingress_handler.go:120","msg":"Error retrieving TTL, defaulting.","commit":"7655d9c","error":"\"knativebrokerttl\" not found"}
{"level":"info","ts":"2019-12-03T21:04:46.788Z","logger":"broker_ingress","caller":"ingress/ingress_handler.go:120","msg":"Error retrieving TTL, defaulting.","commit":"7655d9c","error":"\"knativebrokerttl\" not found"}
{"level":"info","ts":"2019-12-03T21:04:46.788Z","logger":"broker_ingress","caller":"ingress/ingress_handler.go:120","msg":"Error retrieving TTL, defaulting.","commit":"7655d9c","error":"\"knativebrokerttl\" not found"}
{"level":"info","ts":"2019-12-03T21:04:46.788Z","logger":"broker_ingress","caller":"ingress/ingress_handler.go:120","msg":"Error retrieving TTL, defaulting.","commit":"7655d9c","error":"\"knativebrokerttl\" not found"}
{"level":"info","ts":"2019-12-03T21:04:46.788Z","logger":"broker_ingress","caller":"ingress/ingress_handler.go:120","msg":"Error retrieving TTL, defaulting.","commit":"7655d9c","error":"\"knativebrokerttl\" not found"}
{"level":"info","ts":"2019-12-03T21:04:46.788Z","logger":"broker_ingress","caller":"ingress/ingress_handler.go:120","msg":"Error retrieving TTL, defaulting.","commit":"7655d9c","error":"\"knativebrokerttl\" not found"}
{"level":"info","ts":"2019-12-03T21:04:46.789Z","logger":"broker_ingress","caller":"ingress/ingress_handler.go:120","msg":"Error retrieving TTL, defaulting.","commit":"7655d9c","error":"\"knativebrokerttl\" not found"}
{"level":"info","ts":"2019-12-03T21:04:46.789Z","logger":"broker_ingress","caller":"ingress/ingress_handler.go:120","msg":"Error retrieving TTL, defaulting.","commit":"7655d9c","error":"\"knativebrokerttl\" not found"}
{"level":"info","ts":"2019-12-03T21:04:46.789Z","logger":"broker_ingress","caller":"ingress/ingress_handler.go:120","msg":"Error retrieving TTL, defaulting.","commit":"7655d9c","error":"\"knativebrokerttl\" not found"}
{"level":"info","ts":"2019-12-03T21:04:46.790Z","logger":"broker_ingress","caller":"ingress/ingress_handler.go:120","msg":"Error retrieving TTL, defaulting.","commit":"7655d9c","error":"\"knativebrokerttl\" not found"}
{"level":"info","ts":"2019-12-03T21:04:46.790Z","logger":"broker_ingress","caller":"ingress/ingress_handler.go:120","msg":"Error retrieving TTL, defaulting.","commit":"7655d9c","error":"\"knativebrokerttl\" not found"}
{"level":"info","ts":"2019-12-03T21:04:46.790Z","logger":"broker_ingress","caller":"ingress/ingress_handler.go:120","msg":"Error retrieving TTL, defaulting.","commit":"7655d9c","error":"\"knativebrokerttl\" not found"}
{"level":"info","ts":"2019-12-03T21:04:46.790Z","logger":"broker_ingress","caller":"ingress/ingress_handler.go:120","msg":"Error retrieving TTL, defaulting.","commit":"7655d9c","error":"\"knativebrokerttl\" not found"}
{"level":"info","ts":"2019-12-03T21:04:46.791Z","logger":"broker_ingress","caller":"ingress/ingress_handler.go:120","msg":"Error retrieving TTL, defaulting.","commit":"7655d9c","error":"\"knativebrokerttl\" not found"}
{"level":"info","ts":"2019-12-03T21:04:46.791Z","logger":"broker_ingress","caller":"ingress/ingress_handler.go:120","msg":"Error retrieving TTL, defaulting.","commit":"7655d9c","error":"\"knativebrokerttl\" not found"}
{"level":"info","ts":"2019-12-03T21:04:46.791Z","logger":"broker_ingress","caller":"ingress/ingress_handler.go:120","msg":"Error retrieving TTL, defaulting.","commit":"7655d9c","error":"\"knativebrokerttl\" not found"}
{"level":"info","ts":"2019-12-03T21:04:46.792Z","logger":"broker_ingress","caller":"ingress/ingress_handler.go:120","msg":"Error retrieving TTL, defaulting.","commit":"7655d9c","error":"\"knativebrokerttl\" not found"}
{"level":"info","ts":"2019-12-03T21:04:46.792Z","logger":"broker_ingress","caller":"ingress/ingress_handler.go:120","msg":"Error retrieving TTL, defaulting.","commit":"7655d9c","error":"\"knativebrokerttl\" not found"}
{"level":"info","ts":"2019-12-03T21:04:46.792Z","logger":"broker_ingress","caller":"ingress/ingress_handler.go:120","msg":"Error retrieving TTL, defaulting.","commit":"7655d9c","error":"\"knativebrokerttl\" not found"}
{"level":"info","ts":"2019-12-03T21:04:46.792Z","logger":"broker_ingress","caller":"ingress/ingress_handler.go:120","msg":"Error retrieving TTL, defaulting.","commit":"7655d9c","error":"\"knativebrokerttl\" not found"}
{"level":"info","ts":"2019-12-03T21:04:46.792Z","logger":"broker_ingress","caller":"ingress/ingress_handler.go:120","msg":"Error retrieving TTL, defaulting.","commit":"7655d9c","error":"\"knativebrokerttl\" not found"}
{"level":"info","ts":"2019-12-03T21:04:46.793Z","logger":"broker_ingress","caller":"ingress/ingress_handler.go:120","msg":"Error retrieving TTL, defaulting.","commit":"7655d9c","error":"\"knativebrokerttl\" not found"}
{"level":"info","ts":"2019-12-03T21:04:46.794Z","logger":"broker_ingress","caller":"ingress/ingress_handler.go:120","msg":"Error retrieving TTL, defaulting.","commit":"7655d9c","error":"\"knativebrokerttl\" not found"}
{"level":"info","ts":"2019-12-03T21:04:46.794Z","logger":"broker_ingress","caller":"ingress/ingress_handler.go:120","msg":"Error retrieving TTL, defaulting.","commit":"7655d9c","error":"\"knativebrokerttl\" not found"}
{"level":"info","ts":"2019-12-03T21:04:46.797Z","logger":"broker_ingress","caller":"ingress/ingress_handler.go:120","msg":"Error retrieving TTL, defaulting.","commit":"7655d9c","error":"\"knativebrokerttl\" not found"}
{"level":"info","ts":"2019-12-03T21:04:46.797Z","logger":"broker_ingress","caller":"ingress/ingress_handler.go:120","msg":"Error retrieving TTL, defaulting.","commit":"7655d9c","error":"\"knativebrokerttl\" not found"}
{"level":"info","ts":"2019-12-03T21:04:46.798Z","logger":"broker_ingress","caller":"ingress/ingress_handler.go:120","msg":"Error retrieving TTL, defaulting.","commit":"7655d9c","error":"\"knativebrokerttl\" not found"}
{"level":"info","ts":"2019-12-03T21:04:46.798Z","logger":"broker_ingress","caller":"ingress/ingress_handler.go:120","msg":"Error retrieving TTL, defaulting.","commit":"7655d9c","error":"\"knativebrokerttl\" not found"}
{"level":"info","ts":"2019-12-03T21:04:46.799Z","logger":"broker_ingress","caller":"ingress/ingress_handler.go:120","msg":"Error retrieving TTL, defaulting.","commit":"7655d9c","error":"\"knativebrokerttl\" not found"}
{"level":"info","ts":"2019-12-03T21:04:46.800Z","logger":"broker_ingress","caller":"ingress/ingress_handler.go:120","msg":"Error retrieving TTL, defaulting.","commit":"7655d9c","error":"\"knativebrokerttl\" not found"}
{"level":"info","ts":"2019-12-03T21:04:46.801Z","logger":"broker_ingress","caller":"ingress/ingress_handler.go:120","msg":"Error retrieving TTL, defaulting.","commit":"7655d9c","error":"\"knativebrokerttl\" not found"}
{"level":"info","ts":"2019-12-03T21:04:46.802Z","logger":"broker_ingress","caller":"ingress/ingress_handler.go:120","msg":"Error retrieving TTL, defaulting.","commit":"7655d9c","error":"\"knativebrokerttl\" not found"}
{"level":"info","ts":"2019-12-03T21:04:46.803Z","logger":"broker_ingress","caller":"ingress/ingress_handler.go:120","msg":"Error retrieving TTL, defaulting.","commit":"7655d9c","error":"\"knativebrokerttl\" not found"}
{"level":"info","ts":"2019-12-03T21:04:46.803Z","logger":"broker_ingress","caller":"ingress/ingress_handler.go:120","msg":"Error retrieving TTL, defaulting.","commit":"7655d9c","error":"\"knativebrokerttl\" not found"}
{"level":"info","ts":"2019-12-03T21:04:46.805Z","logger":"broker_ingress","caller":"ingress/ingress_handler.go:120","msg":"Error retrieving TTL, defaulting.","commit":"7655d9c","error":"\"knativebrokerttl\" not found"}
{"level":"info","ts":"2019-12-03T21:04:46.807Z","logger":"broker_ingress","caller":"ingress/ingress_handler.go:120","msg":"Error retrieving TTL, defaulting.","commit":"7655d9c","error":"\"knativebrokerttl\" not found"}
{"level":"info","ts":"2019-12-03T21:04:46.807Z","logger":"broker_ingress","caller":"ingress/ingress_handler.go:120","msg":"Error retrieving TTL, defaulting.","commit":"7655d9c","error":"\"knativebrokerttl\" not found"}
{"level":"info","ts":"2019-12-03T21:04:46.808Z","logger":"broker_ingress","caller":"ingress/ingress_handler.go:120","msg":"Error retrieving TTL, defaulting.","commit":"7655d9c","error":"\"knativebrokerttl\" not found"}
{"level":"info","ts":"2019-12-03T21:04:46.810Z","logger":"broker_ingress","caller":"ingress/ingress_handler.go:120","msg":"Error retrieving TTL, defaulting.","commit":"7655d9c","error":"\"knativebrokerttl\" not found"}
{"level":"info","ts":"2019-12-03T21:04:46.819Z","logger":"broker_ingress","caller":"ingress/ingress_handler.go:120","msg":"Error retrieving TTL, defaulting.","commit":"7655d9c","error":"\"knativebrokerttl\" not found"}
{"level":"info","ts":"2019-12-03T21:04:46.820Z","logger":"broker_ingress","caller":"ingress/ingress_handler.go:120","msg":"Error retrieving TTL, defaulting.","commit":"7655d9c","error":"\"knativebrokerttl\" not found"}
{"level":"info","ts":"2019-12-03T21:04:46.820Z","logger":"broker_ingress","caller":"ingress/ingress_handler.go:120","msg":"Error retrieving TTL, defaulting.","commit":"7655d9c","error":"\"knativebrokerttl\" not found"}
{"level":"info","ts":"2019-12-03T21:04:46.821Z","logger":"broker_ingress","caller":"ingress/ingress_handler.go:120","msg":"Error retrieving TTL, defaulting.","commit":"7655d9c","error":"\"knativebrokerttl\" not found"}
{"level":"info","ts":"2019-12-03T21:04:46.821Z","logger":"broker_ingress","caller":"ingress/ingress_handler.go:120","msg":"Error retrieving TTL, defaulting.","commit":"7655d9c","error":"\"knativebrokerttl\" not found"}
{"level":"info","ts":"2019-12-03T21:04:46.821Z","logger":"broker_ingress","caller":"ingress/ingress_handler.go:120","msg":"Error retrieving TTL, defaulting.","commit":"7655d9c","error":"\"knativebrokerttl\" not found"}
{"level":"info","ts":"2019-12-03T21:04:46.821Z","logger":"broker_ingress","caller":"ingress/ingress_handler.go:120","msg":"Error retrieving TTL, defaulting.","commit":"7655d9c","error":"\"knativebrokerttl\" not found"}
{"level":"info","ts":"2019-12-03T21:04:46.821Z","logger":"broker_ingress","caller":"ingress/ingress_handler.go:120","msg":"Error retrieving TTL, defaulting.","commit":"7655d9c","error":"\"knativebrokerttl\" not found"}
{"level":"info","ts":"2019-12-03T21:04:46.821Z","logger":"broker_ingress","caller":"ingress/ingress_handler.go:120","msg":"Error retrieving TTL, defaulting.","commit":"7655d9c","error":"\"knativebrokerttl\" not found"}
{"level":"info","ts":"2019-12-03T21:04:46.822Z","logger":"broker_ingress","caller":"ingress/ingress_handler.go:120","msg":"Error retrieving TTL, defaulting.","commit":"7655d9c","error":"\"knativebrokerttl\" not found"}
{"level":"info","ts":"2019-12-03T21:04:46.823Z","logger":"broker_ingress","caller":"ingress/ingress_handler.go:120","msg":"Error retrieving TTL, defaulting.","commit":"7655d9c","error":"\"knativebrokerttl\" not found"}
{"level":"info","ts":"2019-12-03T21:04:46.824Z","logger":"broker_ingress","caller":"ingress/ingress_handler.go:120","msg":"Error retrieving TTL, defaulting.","commit":"7655d9c","error":"\"knativebrokerttl\" not found"}
{"level":"info","ts":"2019-12-03T21:04:46.824Z","logger":"broker_ingress","caller":"ingress/ingress_handler.go:120","msg":"Error retrieving TTL, defaulting.","commit":"7655d9c","error":"\"knativebrokerttl\" not found"}
{"level":"info","ts":"2019-12-03T21:04:46.824Z","logger":"broker_ingress","caller":"ingress/ingress_handler.go:120","msg":"Error retrieving TTL, defaulting.","commit":"7655d9c","error":"\"knativebrokerttl\" not found"}
{"level":"info","ts":"2019-12-03T21:04:46.824Z","logger":"broker_ingress","caller":"ingress/ingress_handler.go:120","msg":"Error retrieving TTL, defaulting.","commit":"7655d9c","error":"\"knativebrokerttl\" not found"}
{"level":"info","ts":"2019-12-03T21:04:46.834Z","logger":"broker_ingress","caller":"ingress/ingress_handler.go:120","msg":"Error retrieving TTL, defaulting.","commit":"7655d9c","error":"\"knativebrokerttl\" not found"}
{"level":"info","ts":"2019-12-03T21:04:46.835Z","logger":"broker_ingress","caller":"ingress/ingress_handler.go:120","msg":"Error retrieving TTL, defaulting.","commit":"7655d9c","error":"\"knativebrokerttl\" not found"}
{"level":"info","ts":"2019-12-03T21:04:46.837Z","logger":"broker_ingress","caller":"ingress/ingress_handler.go:120","msg":"Error retrieving TTL, defaulting.","commit":"7655d9c","error":"\"knativebrokerttl\" not found"}
{"level":"info","ts":"2019-12-03T21:04:46.837Z","logger":"broker_ingress","caller":"ingress/ingress_handler.go:120","msg":"Error retrieving TTL, defaulting.","commit":"7655d9c","error":"\"knativebrokerttl\" not found"}
{"level":"info","ts":"2019-12-03T21:04:46.837Z","logger":"broker_ingress","caller":"ingress/ingress_handler.go:120","msg":"Error retrieving TTL, defaulting.","commit":"7655d9c","error":"\"knativebrokerttl\" not found"}
{"level":"info","ts":"2019-12-03T21:04:46.837Z","logger":"broker_ingress","caller":"ingress/ingress_handler.go:120","msg":"Error retrieving TTL, defaulting.","commit":"7655d9c","error":"\"knativebrokerttl\" not found"}
{"level":"info","ts":"2019-12-03T21:04:46.837Z","logger":"broker_ingress","caller":"ingress/ingress_handler.go:120","msg":"Error retrieving TTL, defaulting.","commit":"7655d9c","error":"\"knativebrokerttl\" not found"}
{"level":"info","ts":"2019-12-03T21:04:46.837Z","logger":"broker_ingress","caller":"ingress/ingress_handler.go:120","msg":"Error retrieving TTL, defaulting.","commit":"7655d9c","error":"\"knativebrokerttl\" not found"}
{"level":"info","ts":"2019-12-03T21:04:46.838Z","logger":"broker_ingress","caller":"ingress/ingress_handler.go:120","msg":"Error retrieving TTL, defaulting.","commit":"7655d9c","error":"\"knativebrokerttl\" not found"}
{"level":"info","ts":"2019-12-03T21:04:46.839Z","logger":"broker_ingress","caller":"ingress/ingress_handler.go:120","msg":"Error retrieving TTL, defaulting.","commit":"7655d9c","error":"\"knativebrokerttl\" not found"}
{"level":"info","ts":"2019-12-03T21:04:46.839Z","logger":"broker_ingress","caller":"ingress/ingress_handler.go:120","msg":"Error retrieving TTL, defaulting.","commit":"7655d9c","error":"\"knativebrokerttl\" not found"}
{"level":"info","ts":"2019-12-03T21:04:46.840Z","logger":"broker_ingress","caller":"ingress/ingress_handler.go:120","msg":"Error retrieving TTL, defaulting.","commit":"7655d9c","error":"\"knativebrokerttl\" not found"}
{"level":"info","ts":"2019-12-03T21:04:46.840Z","logger":"broker_ingress","caller":"ingress/ingress_handler.go:120","msg":"Error retrieving TTL, defaulting.","commit":"7655d9c","error":"\"knativebrokerttl\" not found"}
{"level":"info","ts":"2019-12-03T21:04:46.841Z","logger":"broker_ingress","caller":"ingress/ingress_handler.go:120","msg":"Error retrieving TTL, defaulting.","commit":"7655d9c","error":"\"knativebrokerttl\" not found"}
{"level":"info","ts":"2019-12-03T21:04:46.842Z","logger":"broker_ingress","caller":"ingress/ingress_handler.go:120","msg":"Error retrieving TTL, defaulting.","commit":"7655d9c","error":"\"knativebrokerttl\" not found"}
{"level":"info","ts":"2019-12-03T21:04:46.842Z","logger":"broker_ingress","caller":"ingress/ingress_handler.go:120","msg":"Error retrieving TTL, defaulting.","commit":"7655d9c","error":"\"knativebrokerttl\" not found"}
{"level":"info","ts":"2019-12-03T21:04:46.842Z","logger":"broker_ingress","caller":"ingress/ingress_handler.go:120","msg":"Error retrieving TTL, defaulting.","commit":"7655d9c","error":"\"knativebrokerttl\" not found"}
{"level":"info","ts":"2019-12-03T21:04:46.846Z","logger":"broker_ingress","caller":"ingress/ingress_handler.go:120","msg":"Error retrieving TTL, defaulting.","commit":"7655d9c","error":"\"knativebrokerttl\" not found"}
{"level":"info","ts":"2019-12-03T21:04:46.846Z","logger":"broker_ingress","caller":"ingress/ingress_handler.go:120","msg":"Error retrieving TTL, defaulting.","commit":"7655d9c","error":"\"knativebrokerttl\" not found"}
{"level":"info","ts":"2019-12-03T21:04:46.846Z","logger":"broker_ingress","caller":"ingress/ingress_handler.go:120","msg":"Error retrieving TTL, defaulting.","commit":"7655d9c","error":"\"knativebrokerttl\" not found"}
{"level":"info","ts":"2019-12-03T21:04:46.850Z","logger":"broker_ingress","caller":"ingress/ingress_handler.go:120","msg":"Error retrieving TTL, defaulting.","commit":"7655d9c","error":"\"knativebrokerttl\" not found"}
{"level":"info","ts":"2019-12-03T21:04:46.852Z","logger":"broker_ingress","caller":"ingress/ingress_handler.go:120","msg":"Error retrieving TTL, defaulting.","commit":"7655d9c","error":"\"knativebrokerttl\" not found"}
{"level":"info","ts":"2019-12-03T21:04:46.857Z","logger":"broker_ingress","caller":"ingress/ingress_handler.go:120","msg":"Error retrieving TTL, defaulting.","commit":"7655d9c","error":"\"knativebrokerttl\" not found"}
{"level":"info","ts":"2019-12-03T21:04:46.857Z","logger":"broker_ingress","caller":"ingress/ingress_handler.go:120","msg":"Error retrieving TTL, defaulting.","commit":"7655d9c","error":"\"knativebrokerttl\" not found"}
{"level":"info","ts":"2019-12-03T21:04:46.857Z","logger":"broker_ingress","caller":"ingress/ingress_handler.go:120","msg":"Error retrieving TTL, defaulting.","commit":"7655d9c","error":"\"knativebrokerttl\" not found"}
{"level":"info","ts":"2019-12-03T21:04:46.858Z","logger":"broker_ingress","caller":"ingress/ingress_handler.go:120","msg":"Error retrieving TTL, defaulting.","commit":"7655d9c","error":"\"knativebrokerttl\" not found"}
{"level":"info","ts":"2019-12-03T21:04:46.858Z","logger":"broker_ingress","caller":"ingress/ingress_handler.go:120","msg":"Error retrieving TTL, defaulting.","commit":"7655d9c","error":"\"knativebrokerttl\" not found"}
{"level":"info","ts":"2019-12-03T21:04:46.858Z","logger":"broker_ingress","caller":"ingress/ingress_handler.go:120","msg":"Error retrieving TTL, defaulting.","commit":"7655d9c","error":"\"knativebrokerttl\" not found"}
{"level":"info","ts":"2019-12-03T21:04:46.858Z","logger":"broker_ingress","caller":"ingress/ingress_handler.go:120","msg":"Error retrieving TTL, defaulting.","commit":"7655d9c","error":"\"knativebrokerttl\" not found"}
{"level":"info","ts":"2019-12-03T21:04:46.858Z","logger":"broker_ingress","caller":"ingress/ingress_handler.go:120","msg":"Error retrieving TTL, defaulting.","commit":"7655d9c","error":"\"knativebrokerttl\" not found"}
{"level":"info","ts":"2019-12-03T21:04:46.858Z","logger":"broker_ingress","caller":"ingress/ingress_handler.go:120","msg":"Error retrieving TTL, defaulting.","commit":"7655d9c","error":"\"knativebrokerttl\" not found"}
{"level":"info","ts":"2019-12-03T21:04:46.858Z","logger":"broker_ingress","caller":"ingress/ingress_handler.go:120","msg":"Error retrieving TTL, defaulting.","commit":"7655d9c","error":"\"knativebrokerttl\" not found"}
{"level":"info","ts":"2019-12-03T21:04:46.859Z","logger":"broker_ingress","caller":"ingress/ingress_handler.go:120","msg":"Error retrieving TTL, defaulting.","commit":"7655d9c","error":"\"knativebrokerttl\" not found"}
{"level":"info","ts":"2019-12-03T21:04:46.859Z","logger":"broker_ingress","caller":"ingress/ingress_handler.go:120","msg":"Error retrieving TTL, defaulting.","commit":"7655d9c","error":"\"knativebrokerttl\" not found"}
{"level":"info","ts":"2019-12-03T21:04:46.859Z","logger":"broker_ingress","caller":"ingress/ingress_handler.go:120","msg":"Error retrieving TTL, defaulting.","commit":"7655d9c","error":"\"knativebrokerttl\" not found"}
{"level":"info","ts":"2019-12-03T21:04:46.859Z","logger":"broker_ingress","caller":"ingress/ingress_handler.go:120","msg":"Error retrieving TTL, defaulting.","commit":"7655d9c","error":"\"knativebrokerttl\" not found"}
{"level":"info","ts":"2019-12-03T21:04:46.859Z","logger":"broker_ingress","caller":"ingress/ingress_handler.go:120","msg":"Error retrieving TTL, defaulting.","commit":"7655d9c","error":"\"knativebrokerttl\" not found"}
{"level":"info","ts":"2019-12-03T21:04:46.868Z","logger":"broker_ingress","caller":"ingress/ingress_handler.go:120","msg":"Error retrieving TTL, defaulting.","commit":"7655d9c","error":"\"knativebrokerttl\" not found"}
{"level":"info","ts":"2019-12-03T21:04:46.870Z","logger":"broker_ingress","caller":"ingress/ingress_handler.go:120","msg":"Error retrieving TTL, defaulting.","commit":"7655d9c","error":"\"knativebrokerttl\" not found"}
{"level":"info","ts":"2019-12-03T21:04:46.871Z","logger":"broker_ingress","caller":"ingress/ingress_handler.go:120","msg":"Error retrieving TTL, defaulting.","commit":"7655d9c","error":"\"knativebrokerttl\" not found"}
{"level":"info","ts":"2019-12-03T21:04:46.871Z","logger":"broker_ingress","caller":"ingress/ingress_handler.go:120","msg":"Error retrieving TTL, defaulting.","commit":"7655d9c","error":"\"knativebrokerttl\" not found"}
{"level":"info","ts":"2019-12-03T21:04:46.874Z","logger":"broker_ingress","caller":"ingress/ingress_handler.go:120","msg":"Error retrieving TTL, defaulting.","commit":"7655d9c","error":"\"knativebrokerttl\" not found"}
{"level":"info","ts":"2019-12-03T21:04:46.878Z","logger":"broker_ingress","caller":"ingress/ingress_handler.go:120","msg":"Error retrieving TTL, defaulting.","commit":"7655d9c","error":"\"knativebrokerttl\" not found"}
{"level":"info","ts":"2019-12-03T21:04:46.878Z","logger":"broker_ingress","caller":"ingress/ingress_handler.go:120","msg":"Error retrieving TTL, defaulting.","commit":"7655d9c","error":"\"knativebrokerttl\" not found"}
{"level":"info","ts":"2019-12-03T21:04:46.879Z","logger":"broker_ingress","caller":"ingress/ingress_handler.go:120","msg":"Error retrieving TTL, defaulting.","commit":"7655d9c","error":"\"knativebrokerttl\" not found"}
{"level":"info","ts":"2019-12-03T21:04:46.879Z","logger":"broker_ingress","caller":"ingress/ingress_handler.go:120","msg":"Error retrieving TTL, defaulting.","commit":"7655d9c","error":"\"knativebrokerttl\" not found"}
{"level":"info","ts":"2019-12-03T21:04:46.880Z","logger":"broker_ingress","caller":"ingress/ingress_handler.go:120","msg":"Error retrieving TTL, defaulting.","commit":"7655d9c","error":"\"knativebrokerttl\" not found"}
{"level":"info","ts":"2019-12-03T21:04:46.880Z","logger":"broker_ingress","caller":"ingress/ingress_handler.go:120","msg":"Error retrieving TTL, defaulting.","commit":"7655d9c","error":"\"knativebrokerttl\" not found"}
{"level":"info","ts":"2019-12-03T21:04:46.881Z","logger":"broker_ingress","caller":"ingress/ingress_handler.go:120","msg":"Error retrieving TTL, defaulting.","commit":"7655d9c","error":"\"knativebrokerttl\" not found"}
{"level":"info","ts":"2019-12-03T21:04:46.881Z","logger":"broker_ingress","caller":"ingress/ingress_handler.go:120","msg":"Error retrieving TTL, defaulting.","commit":"7655d9c","error":"\"knativebrokerttl\" not found"}
{"level":"info","ts":"2019-12-03T21:04:46.882Z","logger":"broker_ingress","caller":"ingress/ingress_handler.go:120","msg":"Error retrieving TTL, defaulting.","commit":"7655d9c","error":"\"knativebrokerttl\" not found"}
{"level":"info","ts":"2019-12-03T21:04:46.882Z","logger":"broker_ingress","caller":"ingress/ingress_handler.go:120","msg":"Error retrieving TTL, defaulting.","commit":"7655d9c","error":"\"knativebrokerttl\" not found"}
{"level":"info","ts":"2019-12-03T21:04:46.883Z","logger":"broker_ingress","caller":"ingress/ingress_handler.go:120","msg":"Error retrieving TTL, defaulting.","commit":"7655d9c","error":"\"knativebrokerttl\" not found"}
{"level":"info","ts":"2019-12-03T21:04:46.884Z","logger":"broker_ingress","caller":"ingress/ingress_handler.go:120","msg":"Error retrieving TTL, defaulting.","commit":"7655d9c","error":"\"knativebrokerttl\" not found"}
{"level":"info","ts":"2019-12-03T21:04:46.884Z","logger":"broker_ingress","caller":"ingress/ingress_handler.go:120","msg":"Error retrieving TTL, defaulting.","commit":"7655d9c","error":"\"knativebrokerttl\" not found"}
{"level":"info","ts":"2019-12-03T21:04:46.886Z","logger":"broker_ingress","caller":"ingress/ingress_handler.go:120","msg":"Error retrieving TTL, defaulting.","commit":"7655d9c","error":"\"knativebrokerttl\" not found"}
{"level":"info","ts":"2019-12-03T21:04:46.887Z","logger":"broker_ingress","caller":"ingress/ingress_handler.go:120","msg":"Error retrieving TTL, defaulting.","commit":"7655d9c","error":"\"knativebrokerttl\" not found"}
{"level":"info","ts":"2019-12-03T21:04:46.891Z","logger":"broker_ingress","caller":"ingress/ingress_handler.go:120","msg":"Error retrieving TTL, defaulting.","commit":"7655d9c","error":"\"knativebrokerttl\" not found"}
{"level":"info","ts":"2019-12-03T21:04:46.892Z","logger":"broker_ingress","caller":"ingress/ingress_handler.go:120","msg":"Error retrieving TTL, defaulting.","commit":"7655d9c","error":"\"knativebrokerttl\" not found"}
{"level":"info","ts":"2019-12-03T21:04:46.892Z","logger":"broker_ingress","caller":"ingress/ingress_handler.go:120","msg":"Error retrieving TTL, defaulting.","commit":"7655d9c","error":"\"knativebrokerttl\" not found"}
{"level":"info","ts":"2019-12-03T21:04:46.894Z","logger":"broker_ingress","caller":"ingress/ingress_handler.go:120","msg":"Error retrieving TTL, defaulting.","commit":"7655d9c","error":"\"knativebrokerttl\" not found"}
{"level":"info","ts":"2019-12-03T21:04:46.895Z","logger":"broker_ingress","caller":"ingress/ingress_handler.go:120","msg":"Error retrieving TTL, defaulting.","commit":"7655d9c","error":"\"knativebrokerttl\" not found"}
{"level":"info","ts":"2019-12-03T21:04:46.897Z","logger":"broker_ingress","caller":"ingress/ingress_handler.go:120","msg":"Error retrieving TTL, defaulting.","commit":"7655d9c","error":"\"knativebrokerttl\" not found"}
{"level":"info","ts":"2019-12-03T21:04:46.900Z","logger":"broker_ingress","caller":"ingress/ingress_handler.go:120","msg":"Error retrieving TTL, defaulting.","commit":"7655d9c","error":"\"knativebrokerttl\" not found"}
{"level":"info","ts":"2019-12-03T21:04:46.901Z","logger":"broker_ingress","caller":"ingress/ingress_handler.go:120","msg":"Error retrieving TTL, defaulting.","commit":"7655d9c","error":"\"knativebrokerttl\" not found"}
{"level":"info","ts":"2019-12-03T21:04:46.900Z","logger":"broker_ingress","caller":"ingress/ingress_handler.go:120","msg":"Error retrieving TTL, defaulting.","commit":"7655d9c","error":"\"knativebrokerttl\" not found"}
{"level":"info","ts":"2019-12-03T21:04:46.904Z","logger":"broker_ingress","caller":"ingress/ingress_handler.go:120","msg":"Error retrieving TTL, defaulting.","commit":"7655d9c","error":"\"knativebrokerttl\" not found"}
{"level":"info","ts":"2019-12-03T21:04:46.906Z","logger":"broker_ingress","caller":"ingress/ingress_handler.go:120","msg":"Error retrieving TTL, defaulting.","commit":"7655d9c","error":"\"knativebrokerttl\" not found"}
{"level":"info","ts":"2019-12-03T21:04:46.912Z","logger":"broker_ingress","caller":"ingress/ingress_handler.go:120","msg":"Error retrieving TTL, defaulting.","commit":"7655d9c","error":"\"knativebrokerttl\" not found"}
{"level":"info","ts":"2019-12-03T21:04:46.914Z","logger":"broker_ingress","caller":"ingress/ingress_handler.go:120","msg":"Error retrieving TTL, defaulting.","commit":"7655d9c","error":"\"knativebrokerttl\" not found"}
{"level":"info","ts":"2019-12-03T21:04:46.914Z","logger":"broker_ingress","caller":"ingress/ingress_handler.go:120","msg":"Error retrieving TTL, defaulting.","commit":"7655d9c","error":"\"knativebrokerttl\" not found"}
{"level":"info","ts":"2019-12-03T21:04:46.915Z","logger":"broker_ingress","caller":"ingress/ingress_handler.go:120","msg":"Error retrieving TTL, defaulting.","commit":"7655d9c","error":"\"knativebrokerttl\" not found"}
{"level":"info","ts":"2019-12-03T21:04:46.915Z","logger":"broker_ingress","caller":"ingress/ingress_handler.go:120","msg":"Error retrieving TTL, defaulting.","commit":"7655d9c","error":"\"knativebrokerttl\" not found"}
{"level":"info","ts":"2019-12-03T21:04:46.915Z","logger":"broker_ingress","caller":"ingress/ingress_handler.go:120","msg":"Error retrieving TTL, defaulting.","commit":"7655d9c","error":"\"knativebrokerttl\" not found"}
{"level":"info","ts":"2019-12-03T21:04:46.915Z","logger":"broker_ingress","caller":"ingress/ingress_handler.go:120","msg":"Error retrieving TTL, defaulting.","commit":"7655d9c","error":"\"knativebrokerttl\" not found"}
{"level":"info","ts":"2019-12-03T21:04:46.916Z","logger":"broker_ingress","caller":"ingress/ingress_handler.go:120","msg":"Error retrieving TTL, defaulting.","commit":"7655d9c","error":"\"knativebrokerttl\" not found"}
{"level":"info","ts":"2019-12-03T21:04:46.916Z","logger":"broker_ingress","caller":"ingress/ingress_handler.go:120","msg":"Error retrieving TTL, defaulting.","commit":"7655d9c","error":"\"knativebrokerttl\" not found"}
{"level":"info","ts":"2019-12-03T21:04:46.917Z","logger":"broker_ingress","caller":"ingress/ingress_handler.go:120","msg":"Error retrieving TTL, defaulting.","commit":"7655d9c","error":"\"knativebrokerttl\" not found"}
{"level":"info","ts":"2019-12-03T21:04:46.917Z","logger":"broker_ingress","caller":"ingress/ingress_handler.go:120","msg":"Error retrieving TTL, defaulting.","commit":"7655d9c","error":"\"knativebrokerttl\" not found"}
{"level":"info","ts":"2019-12-03T21:04:46.917Z","logger":"broker_ingress","caller":"ingress/ingress_handler.go:120","msg":"Error retrieving TTL, defaulting.","commit":"7655d9c","error":"\"knativebrokerttl\" not found"}
{"level":"info","ts":"2019-12-03T21:04:46.917Z","logger":"broker_ingress","caller":"ingress/ingress_handler.go:120","msg":"Error retrieving TTL, defaulting.","commit":"7655d9c","error":"\"knativebrokerttl\" not found"}
{"level":"info","ts":"2019-12-03T21:04:46.917Z","logger":"broker_ingress","caller":"ingress/ingress_handler.go:120","msg":"Error retrieving TTL, defaulting.","commit":"7655d9c","error":"\"knativebrokerttl\" not found"}
{"level":"info","ts":"2019-12-03T21:04:46.918Z","logger":"broker_ingress","caller":"ingress/ingress_handler.go:120","msg":"Error retrieving TTL, defaulting.","commit":"7655d9c","error":"\"knativebrokerttl\" not found"}
{"level":"info","ts":"2019-12-03T21:04:46.918Z","logger":"broker_ingress","caller":"ingress/ingress_handler.go:120","msg":"Error retrieving TTL, defaulting.","commit":"7655d9c","error":"\"knativebrokerttl\" not found"}
{"level":"info","ts":"2019-12-03T21:04:46.919Z","logger":"broker_ingress","caller":"ingress/ingress_handler.go:120","msg":"Error retrieving TTL, defaulting.","commit":"7655d9c","error":"\"knativebrokerttl\" not found"}
{"level":"info","ts":"2019-12-03T21:04:46.919Z","logger":"broker_ingress","caller":"ingress/ingress_handler.go:120","msg":"Error retrieving TTL, defaulting.","commit":"7655d9c","error":"\"knativebrokerttl\" not found"}
{"level":"info","ts":"2019-12-03T21:04:46.920Z","logger":"broker_ingress","caller":"ingress/ingress_handler.go:120","msg":"Error retrieving TTL, defaulting.","commit":"7655d9c","error":"\"knativebrokerttl\" not found"}
{"level":"info","ts":"2019-12-03T21:04:46.920Z","logger":"broker_ingress","caller":"ingress/ingress_handler.go:120","msg":"Error retrieving TTL, defaulting.","commit":"7655d9c","error":"\"knativebrokerttl\" not found"}
{"level":"info","ts":"2019-12-03T21:04:46.922Z","logger":"broker_ingress","caller":"ingress/ingress_handler.go:120","msg":"Error retrieving TTL, defaulting.","commit":"7655d9c","error":"\"knativebrokerttl\" not found"}
{"level":"info","ts":"2019-12-03T21:04:46.925Z","logger":"broker_ingress","caller":"ingress/ingress_handler.go:120","msg":"Error retrieving TTL, defaulting.","commit":"7655d9c","error":"\"knativebrokerttl\" not found"}
{"level":"info","ts":"2019-12-03T21:04:46.925Z","logger":"broker_ingress","caller":"ingress/ingress_handler.go:120","msg":"Error retrieving TTL, defaulting.","commit":"7655d9c","error":"\"knativebrokerttl\" not found"}
{"level":"info","ts":"2019-12-03T21:04:46.926Z","logger":"broker_ingress","caller":"ingress/ingress_handler.go:120","msg":"Error retrieving TTL, defaulting.","commit":"7655d9c","error":"\"knativebrokerttl\" not found"}
{"level":"info","ts":"2019-12-03T21:04:46.926Z","logger":"broker_ingress","caller":"ingress/ingress_handler.go:120","msg":"Error retrieving TTL, defaulting.","commit":"7655d9c","error":"\"knativebrokerttl\" not found"}
{"level":"info","ts":"2019-12-03T21:04:46.928Z","logger":"broker_ingress","caller":"ingress/ingress_handler.go:120","msg":"Error retrieving TTL, defaulting.","commit":"7655d9c","error":"\"knativebrokerttl\" not found"}
{"level":"info","ts":"2019-12-03T21:04:46.931Z","logger":"broker_ingress","caller":"ingress/ingress_handler.go:120","msg":"Error retrieving TTL, defaulting.","commit":"7655d9c","error":"\"knativebrokerttl\" not found"}
{"level":"info","ts":"2019-12-03T21:04:46.931Z","logger":"broker_ingress","caller":"ingress/ingress_handler.go:120","msg":"Error retrieving TTL, defaulting.","commit":"7655d9c","error":"\"knativebrokerttl\" not found"}
{"level":"info","ts":"2019-12-03T21:04:46.932Z","logger":"broker_ingress","caller":"ingress/ingress_handler.go:120","msg":"Error retrieving TTL, defaulting.","commit":"7655d9c","error":"\"knativebrokerttl\" not found"}
{"level":"info","ts":"2019-12-03T21:04:46.932Z","logger":"broker_ingress","caller":"ingress/ingress_handler.go:120","msg":"Error retrieving TTL, defaulting.","commit":"7655d9c","error":"\"knativebrokerttl\" not found"}
{"level":"info","ts":"2019-12-03T21:04:46.932Z","logger":"broker_ingress","caller":"ingress/ingress_handler.go:120","msg":"Error retrieving TTL, defaulting.","commit":"7655d9c","error":"\"knativebrokerttl\" not found"}
{"level":"info","ts":"2019-12-03T21:04:46.934Z","logger":"broker_ingress","caller":"ingress/ingress_handler.go:120","msg":"Error retrieving TTL, defaulting.","commit":"7655d9c","error":"\"knativebrokerttl\" not found"}
{"level":"info","ts":"2019-12-03T21:04:46.935Z","logger":"broker_ingress","caller":"ingress/ingress_handler.go:120","msg":"Error retrieving TTL, defaulting.","commit":"7655d9c","error":"\"knativebrokerttl\" not found"}
{"level":"info","ts":"2019-12-03T21:04:46.938Z","logger":"broker_ingress","caller":"ingress/ingress_handler.go:120","msg":"Error retrieving TTL, defaulting.","commit":"7655d9c","error":"\"knativebrokerttl\" not found"}
{"level":"info","ts":"2019-12-03T21:04:46.938Z","logger":"broker_ingress","caller":"ingress/ingress_handler.go:120","msg":"Error retrieving TTL, defaulting.","commit":"7655d9c","error":"\"knativebrokerttl\" not found"}
{"level":"info","ts":"2019-12-03T21:04:46.939Z","logger":"broker_ingress","caller":"ingress/ingress_handler.go:120","msg":"Error retrieving TTL, defaulting.","commit":"7655d9c","error":"\"knativebrokerttl\" not found"}
{"level":"info","ts":"2019-12-03T21:04:46.939Z","logger":"broker_ingress","caller":"ingress/ingress_handler.go:120","msg":"Error retrieving TTL, defaulting.","commit":"7655d9c","error":"\"knativebrokerttl\" not found"}
{"level":"info","ts":"2019-12-03T21:04:46.948Z","logger":"broker_ingress","caller":"ingress/ingress_handler.go:120","msg":"Error retrieving TTL, defaulting.","commit":"7655d9c","error":"\"knativebrokerttl\" not found"}
{"level":"info","ts":"2019-12-03T21:04:46.949Z","logger":"broker_ingress","caller":"ingress/ingress_handler.go:120","msg":"Error retrieving TTL, defaulting.","commit":"7655d9c","error":"\"knativebrokerttl\" not found"}
{"level":"info","ts":"2019-12-03T21:04:46.951Z","logger":"broker_ingress","caller":"ingress/ingress_handler.go:120","msg":"Error retrieving TTL, defaulting.","commit":"7655d9c","error":"\"knativebrokerttl\" not found"}
{"level":"info","ts":"2019-12-03T21:04:46.951Z","logger":"broker_ingress","caller":"ingress/ingress_handler.go:120","msg":"Error retrieving TTL, defaulting.","commit":"7655d9c","error":"\"knativebrokerttl\" not found"}
{"level":"info","ts":"2019-12-03T21:04:46.955Z","logger":"broker_ingress","caller":"ingress/ingress_handler.go:120","msg":"Error retrieving TTL, defaulting.","commit":"7655d9c","error":"\"knativebrokerttl\" not found"}
{"level":"info","ts":"2019-12-03T21:04:46.956Z","logger":"broker_ingress","caller":"ingress/ingress_handler.go:120","msg":"Error retrieving TTL, defaulting.","commit":"7655d9c","error":"\"knativebrokerttl\" not found"}
{"level":"info","ts":"2019-12-03T21:04:46.957Z","logger":"broker_ingress","caller":"ingress/ingress_handler.go:120","msg":"Error retrieving TTL, defaulting.","commit":"7655d9c","error":"\"knativebrokerttl\" not found"}
{"level":"info","ts":"2019-12-03T21:04:46.958Z","logger":"broker_ingress","caller":"ingress/ingress_handler.go:120","msg":"Error retrieving TTL, defaulting.","commit":"7655d9c","error":"\"knativebrokerttl\" not found"}
{"level":"info","ts":"2019-12-03T21:04:46.958Z","logger":"broker_ingress","caller":"ingress/ingress_handler.go:120","msg":"Error retrieving TTL, defaulting.","commit":"7655d9c","error":"\"knativebrokerttl\" not found"}
{"level":"info","ts":"2019-12-03T21:04:46.959Z","logger":"broker_ingress","caller":"ingress/ingress_handler.go:120","msg":"Error retrieving TTL, defaulting.","commit":"7655d9c","error":"\"knativebrokerttl\" not found"}
{"level":"info","ts":"2019-12-03T21:04:46.959Z","logger":"broker_ingress","caller":"ingress/ingress_handler.go:120","msg":"Error retrieving TTL, defaulting.","commit":"7655d9c","error":"\"knativebrokerttl\" not found"}
{"level":"info","ts":"2019-12-03T21:04:46.962Z","logger":"broker_ingress","caller":"ingress/ingress_handler.go:120","msg":"Error retrieving TTL, defaulting.","commit":"7655d9c","error":"\"knativebrokerttl\" not found"}
{"level":"info","ts":"2019-12-03T21:04:46.962Z","logger":"broker_ingress","caller":"ingress/ingress_handler.go:120","msg":"Error retrieving TTL, defaulting.","commit":"7655d9c","error":"\"knativebrokerttl\" not found"}
{"level":"info","ts":"2019-12-03T21:04:46.963Z","logger":"broker_ingress","caller":"ingress/ingress_handler.go:120","msg":"Error retrieving TTL, defaulting.","commit":"7655d9c","error":"\"knativebrokerttl\" not found"}
{"level":"info","ts":"2019-12-03T21:04:46.963Z","logger":"broker_ingress","caller":"ingress/ingress_handler.go:120","msg":"Error retrieving TTL, defaulting.","commit":"7655d9c","error":"\"knativebrokerttl\" not found"}
{"level":"info","ts":"2019-12-03T21:04:46.963Z","logger":"broker_ingress","caller":"ingress/ingress_handler.go:120","msg":"Error retrieving TTL, defaulting.","commit":"7655d9c","error":"\"knativebrokerttl\" not found"}
{"level":"info","ts":"2019-12-03T21:04:46.965Z","logger":"broker_ingress","caller":"ingress/ingress_handler.go:120","msg":"Error retrieving TTL, defaulting.","commit":"7655d9c","error":"\"knativebrokerttl\" not found"}
{"level":"info","ts":"2019-12-03T21:04:46.966Z","logger":"broker_ingress","caller":"ingress/ingress_handler.go:120","msg":"Error retrieving TTL, defaulting.","commit":"7655d9c","error":"\"knativebrokerttl\" not found"}
{"level":"info","ts":"2019-12-03T21:04:46.966Z","logger":"broker_ingress","caller":"ingress/ingress_handler.go:120","msg":"Error retrieving TTL, defaulting.","commit":"7655d9c","error":"\"knativebrokerttl\" not found"}
{"level":"info","ts":"2019-12-03T21:04:46.968Z","logger":"broker_ingress","caller":"ingress/ingress_handler.go:120","msg":"Error retrieving TTL, defaulting.","commit":"7655d9c","error":"\"knativebrokerttl\" not found"}
{"level":"info","ts":"2019-12-03T21:04:46.971Z","logger":"broker_ingress","caller":"ingress/ingress_handler.go:120","msg":"Error retrieving TTL, defaulting.","commit":"7655d9c","error":"\"knativebrokerttl\" not found"}
{"level":"info","ts":"2019-12-03T21:04:46.972Z","logger":"broker_ingress","caller":"ingress/ingress_handler.go:120","msg":"Error retrieving TTL, defaulting.","commit":"7655d9c","error":"\"knativebrokerttl\" not found"}
{"level":"info","ts":"2019-12-03T21:04:46.972Z","logger":"broker_ingress","caller":"ingress/ingress_handler.go:120","msg":"Error retrieving TTL, defaulting.","commit":"7655d9c","error":"\"knativebrokerttl\" not found"}
{"level":"info","ts":"2019-12-03T21:04:46.973Z","logger":"broker_ingress","caller":"ingress/ingress_handler.go:120","msg":"Error retrieving TTL, defaulting.","commit":"7655d9c","error":"\"knativebrokerttl\" not found"}
{"level":"info","ts":"2019-12-03T21:04:46.973Z","logger":"broker_ingress","caller":"ingress/ingress_handler.go:120","msg":"Error retrieving TTL, defaulting.","commit":"7655d9c","error":"\"knativebrokerttl\" not found"}
{"level":"info","ts":"2019-12-03T21:04:46.973Z","logger":"broker_ingress","caller":"ingress/ingress_handler.go:120","msg":"Error retrieving TTL, defaulting.","commit":"7655d9c","error":"\"knativebrokerttl\" not found"}
{"level":"info","ts":"2019-12-03T21:04:46.973Z","logger":"broker_ingress","caller":"ingress/ingress_handler.go:120","msg":"Error retrieving TTL, defaulting.","commit":"7655d9c","error":"\"knativebrokerttl\" not found"}
{"level":"info","ts":"2019-12-03T21:04:46.973Z","logger":"broker_ingress","caller":"ingress/ingress_handler.go:120","msg":"Error retrieving TTL, defaulting.","commit":"7655d9c","error":"\"knativebrokerttl\" not found"}
{"level":"info","ts":"2019-12-03T21:04:46.973Z","logger":"broker_ingress","caller":"ingress/ingress_handler.go:120","msg":"Error retrieving TTL, defaulting.","commit":"7655d9c","error":"\"knativebrokerttl\" not found"}
{"level":"info","ts":"2019-12-03T21:04:46.973Z","logger":"broker_ingress","caller":"ingress/ingress_handler.go:120","msg":"Error retrieving TTL, defaulting.","commit":"7655d9c","error":"\"knativebrokerttl\" not found"}
{"level":"info","ts":"2019-12-03T21:04:46.974Z","logger":"broker_ingress","caller":"ingress/ingress_handler.go:120","msg":"Error retrieving TTL, defaulting.","commit":"7655d9c","error":"\"knativebrokerttl\" not found"}
{"level":"info","ts":"2019-12-03T21:04:46.974Z","logger":"broker_ingress","caller":"ingress/ingress_handler.go:120","msg":"Error retrieving TTL, defaulting.","commit":"7655d9c","error":"\"knativebrokerttl\" not found"}
{"level":"info","ts":"2019-12-03T21:04:46.975Z","logger":"broker_ingress","caller":"ingress/ingress_handler.go:120","msg":"Error retrieving TTL, defaulting.","commit":"7655d9c","error":"\"knativebrokerttl\" not found"}
{"level":"info","ts":"2019-12-03T21:04:46.975Z","logger":"broker_ingress","caller":"ingress/ingress_handler.go:120","msg":"Error retrieving TTL, defaulting.","commit":"7655d9c","error":"\"knativebrokerttl\" not found"}
{"level":"info","ts":"2019-12-03T21:04:46.976Z","logger":"broker_ingress","caller":"ingress/ingress_handler.go:120","msg":"Error retrieving TTL, defaulting.","commit":"7655d9c","error":"\"knativebrokerttl\" not found"}
{"level":"info","ts":"2019-12-03T21:04:46.976Z","logger":"broker_ingress","caller":"ingress/ingress_handler.go:120","msg":"Error retrieving TTL, defaulting.","commit":"7655d9c","error":"\"knativebrokerttl\" not found"}
{"level":"info","ts":"2019-12-03T21:04:46.977Z","logger":"broker_ingress","caller":"ingress/ingress_handler.go:120","msg":"Error retrieving TTL, defaulting.","commit":"7655d9c","error":"\"knativebrokerttl\" not found"}
{"level":"info","ts":"2019-12-03T21:04:46.977Z","logger":"broker_ingress","caller":"ingress/ingress_handler.go:120","msg":"Error retrieving TTL, defaulting.","commit":"7655d9c","error":"\"knativebrokerttl\" not found"}
{"level":"info","ts":"2019-12-03T21:04:46.977Z","logger":"broker_ingress","caller":"ingress/ingress_handler.go:120","msg":"Error retrieving TTL, defaulting.","commit":"7655d9c","error":"\"knativebrokerttl\" not found"}
{"level":"info","ts":"2019-12-03T21:04:46.978Z","logger":"broker_ingress","caller":"ingress/ingress_handler.go:120","msg":"Error retrieving TTL, defaulting.","commit":"7655d9c","error":"\"knativebrokerttl\" not found"}
{"level":"info","ts":"2019-12-03T21:04:46.978Z","logger":"broker_ingress","caller":"ingress/ingress_handler.go:120","msg":"Error retrieving TTL, defaulting.","commit":"7655d9c","error":"\"knativebrokerttl\" not found"}
{"level":"info","ts":"2019-12-03T21:04:46.978Z","logger":"broker_ingress","caller":"ingress/ingress_handler.go:120","msg":"Error retrieving TTL, defaulting.","commit":"7655d9c","error":"\"knativebrokerttl\" not found"}
{"level":"info","ts":"2019-12-03T21:04:46.978Z","logger":"broker_ingress","caller":"ingress/ingress_handler.go:120","msg":"Error retrieving TTL, defaulting.","commit":"7655d9c","error":"\"knativebrokerttl\" not found"}
{"level":"info","ts":"2019-12-03T21:04:46.978Z","logger":"broker_ingress","caller":"ingress/ingress_handler.go:120","msg":"Error retrieving TTL, defaulting.","commit":"7655d9c","error":"\"knativebrokerttl\" not found"}
{"level":"info","ts":"2019-12-03T21:04:46.978Z","logger":"broker_ingress","caller":"ingress/ingress_handler.go:120","msg":"Error retrieving TTL, defaulting.","commit":"7655d9c","error":"\"knativebrokerttl\" not found"}
{"level":"info","ts":"2019-12-03T21:04:46.979Z","logger":"broker_ingress","caller":"ingress/ingress_handler.go:120","msg":"Error retrieving TTL, defaulting.","commit":"7655d9c","error":"\"knativebrokerttl\" not found"}
{"level":"info","ts":"2019-12-03T21:04:46.979Z","logger":"broker_ingress","caller":"ingress/ingress_handler.go:120","msg":"Error retrieving TTL, defaulting.","commit":"7655d9c","error":"\"knativebrokerttl\" not found"}
{"level":"info","ts":"2019-12-03T21:04:46.979Z","logger":"broker_ingress","caller":"ingress/ingress_handler.go:120","msg":"Error retrieving TTL, defaulting.","commit":"7655d9c","error":"\"knativebrokerttl\" not found"}
{"level":"info","ts":"2019-12-03T21:04:46.979Z","logger":"broker_ingress","caller":"ingress/ingress_handler.go:120","msg":"Error retrieving TTL, defaulting.","commit":"7655d9c","error":"\"knativebrokerttl\" not found"}
{"level":"info","ts":"2019-12-03T21:04:46.979Z","logger":"broker_ingress","caller":"ingress/ingress_handler.go:120","msg":"Error retrieving TTL, defaulting.","commit":"7655d9c","error":"\"knativebrokerttl\" not found"}
{"level":"info","ts":"2019-12-03T21:04:46.980Z","logger":"broker_ingress","caller":"ingress/ingress_handler.go:120","msg":"Error retrieving TTL, defaulting.","commit":"7655d9c","error":"\"knativebrokerttl\" not found"}
{"level":"info","ts":"2019-12-03T21:04:46.981Z","logger":"broker_ingress","caller":"ingress/ingress_handler.go:120","msg":"Error retrieving TTL, defaulting.","commit":"7655d9c","error":"\"knativebrokerttl\" not found"}
{"level":"info","ts":"2019-12-03T21:04:46.982Z","logger":"broker_ingress","caller":"ingress/ingress_handler.go:120","msg":"Error retrieving TTL, defaulting.","commit":"7655d9c","error":"\"knativebrokerttl\" not found"}
{"level":"info","ts":"2019-12-03T21:04:46.982Z","logger":"broker_ingress","caller":"ingress/ingress_handler.go:120","msg":"Error retrieving TTL, defaulting.","commit":"7655d9c","error":"\"knativebrokerttl\" not found"}
{"level":"info","ts":"2019-12-03T21:04:46.982Z","logger":"broker_ingress","caller":"ingress/ingress_handler.go:120","msg":"Error retrieving TTL, defaulting.","commit":"7655d9c","error":"\"knativebrokerttl\" not found"}
{"level":"info","ts":"2019-12-03T21:04:46.983Z","logger":"broker_ingress","caller":"ingress/ingress_handler.go:120","msg":"Error retrieving TTL, defaulting.","commit":"7655d9c","error":"\"knativebrokerttl\" not found"}
{"level":"info","ts":"2019-12-03T21:04:46.983Z","logger":"broker_ingress","caller":"ingress/ingress_handler.go:120","msg":"Error retrieving TTL, defaulting.","commit":"7655d9c","error":"\"knativebrokerttl\" not found"}
{"level":"info","ts":"2019-12-03T21:04:46.984Z","logger":"broker_ingress","caller":"ingress/ingress_handler.go:120","msg":"Error retrieving TTL, defaulting.","commit":"7655d9c","error":"\"knativebrokerttl\" not found"}
{"level":"info","ts":"2019-12-03T21:04:46.984Z","logger":"broker_ingress","caller":"ingress/ingress_handler.go:120","msg":"Error retrieving TTL, defaulting.","commit":"7655d9c","error":"\"knativebrokerttl\" not found"}
{"level":"info","ts":"2019-12-03T21:04:46.985Z","logger":"broker_ingress","caller":"ingress/ingress_handler.go:120","msg":"Error retrieving TTL, defaulting.","commit":"7655d9c","error":"\"knativebrokerttl\" not found"}
{"level":"info","ts":"2019-12-03T21:04:46.986Z","logger":"broker_ingress","caller":"ingress/ingress_handler.go:120","msg":"Error retrieving TTL, defaulting.","commit":"7655d9c","error":"\"knativebrokerttl\" not found"}
{"level":"info","ts":"2019-12-03T21:04:46.987Z","logger":"broker_ingress","caller":"ingress/ingress_handler.go:120","msg":"Error retrieving TTL, defaulting.","commit":"7655d9c","error":"\"knativebrokerttl\" not found"}
{"level":"info","ts":"2019-12-03T21:04:46.987Z","logger":"broker_ingress","caller":"ingress/ingress_handler.go:120","msg":"Error retrieving TTL, defaulting.","commit":"7655d9c","error":"\"knativebrokerttl\" not found"}
{"level":"info","ts":"2019-12-03T21:04:46.988Z","logger":"broker_ingress","caller":"ingress/ingress_handler.go:120","msg":"Error retrieving TTL, defaulting.","commit":"7655d9c","error":"\"knativebrokerttl\" not found"}
{"level":"info","ts":"2019-12-03T21:04:46.988Z","logger":"broker_ingress","caller":"ingress/ingress_handler.go:120","msg":"Error retrieving TTL, defaulting.","commit":"7655d9c","error":"\"knativebrokerttl\" not found"}
{"level":"info","ts":"2019-12-03T21:04:46.989Z","logger":"broker_ingress","caller":"ingress/ingress_handler.go:120","msg":"Error retrieving TTL, defaulting.","commit":"7655d9c","error":"\"knativebrokerttl\" not found"}
{"level":"info","ts":"2019-12-03T21:04:46.990Z","logger":"broker_ingress","caller":"ingress/ingress_handler.go:120","msg":"Error retrieving TTL, defaulting.","commit":"7655d9c","error":"\"knativebrokerttl\" not found"}
{"level":"info","ts":"2019-12-03T21:04:46.990Z","logger":"broker_ingress","caller":"ingress/ingress_handler.go:120","msg":"Error retrieving TTL, defaulting.","commit":"7655d9c","error":"\"knativebrokerttl\" not found"}
{"level":"info","ts":"2019-12-03T21:04:46.991Z","logger":"broker_ingress","caller":"ingress/ingress_handler.go:120","msg":"Error retrieving TTL, defaulting.","commit":"7655d9c","error":"\"knativebrokerttl\" not found"}
{"level":"info","ts":"2019-12-03T21:04:46.991Z","logger":"broker_ingress","caller":"ingress/ingress_handler.go:120","msg":"Error retrieving TTL, defaulting.","commit":"7655d9c","error":"\"knativebrokerttl\" not found"}
{"level":"info","ts":"2019-12-03T21:04:46.991Z","logger":"broker_ingress","caller":"ingress/ingress_handler.go:120","msg":"Error retrieving TTL, defaulting.","commit":"7655d9c","error":"\"knativebrokerttl\" not found"}
{"level":"info","ts":"2019-12-03T21:04:46.991Z","logger":"broker_ingress","caller":"ingress/ingress_handler.go:120","msg":"Error retrieving TTL, defaulting.","commit":"7655d9c","error":"\"knativebrokerttl\" not found"}
{"level":"info","ts":"2019-12-03T21:04:46.991Z","logger":"broker_ingress","caller":"ingress/ingress_handler.go:120","msg":"Error retrieving TTL, defaulting.","commit":"7655d9c","error":"\"knativebrokerttl\" not found"}
{"level":"info","ts":"2019-12-03T21:04:46.992Z","logger":"broker_ingress","caller":"ingress/ingress_handler.go:120","msg":"Error retrieving TTL, defaulting.","commit":"7655d9c","error":"\"knativebrokerttl\" not found"}
{"level":"info","ts":"2019-12-03T21:04:46.992Z","logger":"broker_ingress","caller":"ingress/ingress_handler.go:120","msg":"Error retrieving TTL, defaulting.","commit":"7655d9c","error":"\"knativebrokerttl\" not found"}
{"level":"info","ts":"2019-12-03T21:04:46.992Z","logger":"broker_ingress","caller":"ingress/ingress_handler.go:120","msg":"Error retrieving TTL, defaulting.","commit":"7655d9c","error":"\"knativebrokerttl\" not found"}
{"level":"info","ts":"2019-12-03T21:04:46.993Z","logger":"broker_ingress","caller":"ingress/ingress_handler.go:120","msg":"Error retrieving TTL, defaulting.","commit":"7655d9c","error":"\"knativebrokerttl\" not found"}
{"level":"info","ts":"2019-12-03T21:04:46.993Z","logger":"broker_ingress","caller":"ingress/ingress_handler.go:120","msg":"Error retrieving TTL, defaulting.","commit":"7655d9c","error":"\"knativebrokerttl\" not found"}
{"level":"info","ts":"2019-12-03T21:04:46.993Z","logger":"broker_ingress","caller":"ingress/ingress_handler.go:120","msg":"Error retrieving TTL, defaulting.","commit":"7655d9c","error":"\"knativebrokerttl\" not found"}
{"level":"info","ts":"2019-12-03T21:04:46.993Z","logger":"broker_ingress","caller":"ingress/ingress_handler.go:120","msg":"Error retrieving TTL, defaulting.","commit":"7655d9c","error":"\"knativebrokerttl\" not found"}
{"level":"info","ts":"2019-12-03T21:04:46.994Z","logger":"broker_ingress","caller":"ingress/ingress_handler.go:120","msg":"Error retrieving TTL, defaulting.","commit":"7655d9c","error":"\"knativebrokerttl\" not found"}
{"level":"info","ts":"2019-12-03T21:04:46.995Z","logger":"broker_ingress","caller":"ingress/ingress_handler.go:120","msg":"Error retrieving TTL, defaulting.","commit":"7655d9c","error":"\"knativebrokerttl\" not found"}
{"level":"info","ts":"2019-12-03T21:04:46.996Z","logger":"broker_ingress","caller":"ingress/ingress_handler.go:120","msg":"Error retrieving TTL, defaulting.","commit":"7655d9c","error":"\"knativebrokerttl\" not found"}
{"level":"info","ts":"2019-12-03T21:04:46.997Z","logger":"broker_ingress","caller":"ingress/ingress_handler.go:120","msg":"Error retrieving TTL, defaulting.","commit":"7655d9c","error":"\"knativebrokerttl\" not found"}
{"level":"info","ts":"2019-12-03T21:04:46.998Z","logger":"broker_ingress","caller":"ingress/ingress_handler.go:120","msg":"Error retrieving TTL, defaulting.","commit":"7655d9c","error":"\"knativebrokerttl\" not found"}
{"level":"info","ts":"2019-12-03T21:04:46.999Z","logger":"broker_ingress","caller":"ingress/ingress_handler.go:120","msg":"Error retrieving TTL, defaulting.","commit":"7655d9c","error":"\"knativebrokerttl\" not found"}
{"level":"info","ts":"2019-12-03T21:04:46.999Z","logger":"broker_ingress","caller":"ingress/ingress_handler.go:120","msg":"Error retrieving TTL, defaulting.","commit":"7655d9c","error":"\"knativebrokerttl\" not found"}
{"level":"info","ts":"2019-12-03T21:04:47.001Z","logger":"broker_ingress","caller":"ingress/ingress_handler.go:120","msg":"Error retrieving TTL, defaulting.","commit":"7655d9c","error":"\"knativebrokerttl\" not found"}
{"level":"info","ts":"2019-12-03T21:04:47.002Z","logger":"broker_ingress","caller":"ingress/ingress_handler.go:120","msg":"Error retrieving TTL, defaulting.","commit":"7655d9c","error":"\"knativebrokerttl\" not found"}
{"level":"info","ts":"2019-12-03T21:04:47.003Z","logger":"broker_ingress","caller":"ingress/ingress_handler.go:120","msg":"Error retrieving TTL, defaulting.","commit":"7655d9c","error":"\"knativebrokerttl\" not found"}
{"level":"info","ts":"2019-12-03T21:04:47.004Z","logger":"broker_ingress","caller":"ingress/ingress_handler.go:120","msg":"Error retrieving TTL, defaulting.","commit":"7655d9c","error":"\"knativebrokerttl\" not found"}
{"level":"info","ts":"2019-12-03T21:04:47.005Z","logger":"broker_ingress","caller":"ingress/ingress_handler.go:120","msg":"Error retrieving TTL, defaulting.","commit":"7655d9c","error":"\"knativebrokerttl\" not found"}
{"level":"info","ts":"2019-12-03T21:04:47.005Z","logger":"broker_ingress","caller":"ingress/ingress_handler.go:120","msg":"Error retrieving TTL, defaulting.","commit":"7655d9c","error":"\"knativebrokerttl\" not found"}
{"level":"info","ts":"2019-12-03T21:04:47.006Z","logger":"broker_ingress","caller":"ingress/ingress_handler.go:120","msg":"Error retrieving TTL, defaulting.","commit":"7655d9c","error":"\"knativebrokerttl\" not found"}
{"level":"info","ts":"2019-12-03T21:04:47.006Z","logger":"broker_ingress","caller":"ingress/ingress_handler.go:120","msg":"Error retrieving TTL, defaulting.","commit":"7655d9c","error":"\"knativebrokerttl\" not found"}
{"level":"info","ts":"2019-12-03T21:04:47.007Z","logger":"broker_ingress","caller":"ingress/ingress_handler.go:120","msg":"Error retrieving TTL, defaulting.","commit":"7655d9c","error":"\"knativebrokerttl\" not found"}
{"level":"info","ts":"2019-12-03T21:04:47.008Z","logger":"broker_ingress","caller":"ingress/ingress_handler.go:120","msg":"Error retrieving TTL, defaulting.","commit":"7655d9c","error":"\"knativebrokerttl\" not found"}
{"level":"info","ts":"2019-12-03T21:04:47.008Z","logger":"broker_ingress","caller":"ingress/ingress_handler.go:120","msg":"Error retrieving TTL, defaulting.","commit":"7655d9c","error":"\"knativebrokerttl\" not found"}
{"level":"info","ts":"2019-12-03T21:04:47.009Z","logger":"broker_ingress","caller":"ingress/ingress_handler.go:120","msg":"Error retrieving TTL, defaulting.","commit":"7655d9c","error":"\"knativebrokerttl\" not found"}
{"level":"info","ts":"2019-12-03T21:04:47.010Z","logger":"broker_ingress","caller":"ingress/ingress_handler.go:120","msg":"Error retrieving TTL, defaulting.","commit":"7655d9c","error":"\"knativebrokerttl\" not found"}
{"level":"info","ts":"2019-12-03T21:04:47.010Z","logger":"broker_ingress","caller":"ingress/ingress_handler.go:120","msg":"Error retrieving TTL, defaulting.","commit":"7655d9c","error":"\"knativebrokerttl\" not found"}
{"level":"info","ts":"2019-12-03T21:04:47.011Z","logger":"broker_ingress","caller":"ingress/ingress_handler.go:120","msg":"Error retrieving TTL, defaulting.","commit":"7655d9c","error":"\"knativebrokerttl\" not found"}
{"level":"info","ts":"2019-12-03T21:04:47.012Z","logger":"broker_ingress","caller":"ingress/ingress_handler.go:120","msg":"Error retrieving TTL, defaulting.","commit":"7655d9c","error":"\"knativebrokerttl\" not found"}
{"level":"info","ts":"2019-12-03T21:04:47.013Z","logger":"broker_ingress","caller":"ingress/ingress_handler.go:120","msg":"Error retrieving TTL, defaulting.","commit":"7655d9c","error":"\"knativebrokerttl\" not found"}
{"level":"info","ts":"2019-12-03T21:04:47.013Z","logger":"broker_ingress","caller":"ingress/ingress_handler.go:120","msg":"Error retrieving TTL, defaulting.","commit":"7655d9c","error":"\"knativebrokerttl\" not found"}
{"level":"info","ts":"2019-12-03T21:04:47.013Z","logger":"broker_ingress","caller":"ingress/ingress_handler.go:120","msg":"Error retrieving TTL, defaulting.","commit":"7655d9c","error":"\"knativebrokerttl\" not found"}
{"level":"info","ts":"2019-12-03T21:04:47.020Z","logger":"broker_ingress","caller":"ingress/ingress_handler.go:120","msg":"Error retrieving TTL, defaulting.","commit":"7655d9c","error":"\"knativebrokerttl\" not found"}
{"level":"info","ts":"2019-12-03T21:04:47.026Z","logger":"broker_ingress","caller":"ingress/ingress_handler.go:120","msg":"Error retrieving TTL, defaulting.","commit":"7655d9c","error":"\"knativebrokerttl\" not found"}
{"level":"info","ts":"2019-12-03T21:04:47.032Z","logger":"broker_ingress","caller":"ingress/ingress_handler.go:120","msg":"Error retrieving TTL, defaulting.","commit":"7655d9c","error":"\"knativebrokerttl\" not found"}
{"level":"info","ts":"2019-12-03T21:04:47.043Z","logger":"broker_ingress","caller":"ingress/ingress_handler.go:120","msg":"Error retrieving TTL, defaulting.","commit":"7655d9c","error":"\"knativebrokerttl\" not found"}
{"level":"info","ts":"2019-12-03T21:04:47.043Z","logger":"broker_ingress","caller":"ingress/ingress_handler.go:120","msg":"Error retrieving TTL, defaulting.","commit":"7655d9c","error":"\"knativebrokerttl\" not found"}
{"level":"info","ts":"2019-12-03T21:04:47.043Z","logger":"broker_ingress","caller":"ingress/ingress_handler.go:120","msg":"Error retrieving TTL, defaulting.","commit":"7655d9c","error":"\"knativebrokerttl\" not found"}
{"level":"info","ts":"2019-12-03T21:04:47.044Z","logger":"broker_ingress","caller":"ingress/ingress_handler.go:120","msg":"Error retrieving TTL, defaulting.","commit":"7655d9c","error":"\"knativebrokerttl\" not found"}
{"level":"info","ts":"2019-12-03T21:04:47.047Z","logger":"broker_ingress","caller":"ingress/ingress_handler.go:120","msg":"Error retrieving TTL, defaulting.","commit":"7655d9c","error":"\"knativebrokerttl\" not found"}
{"level":"info","ts":"2019-12-03T21:04:47.048Z","logger":"broker_ingress","caller":"ingress/ingress_handler.go:120","msg":"Error retrieving TTL, defaulting.","commit":"7655d9c","error":"\"knativebrokerttl\" not found"}
{"level":"info","ts":"2019-12-03T21:04:47.044Z","logger":"broker_ingress","caller":"ingress/ingress_handler.go:120","msg":"Error retrieving TTL, defaulting.","commit":"7655d9c","error":"\"knativebrokerttl\" not found"}
{"level":"info","ts":"2019-12-03T21:04:47.047Z","logger":"broker_ingress","caller":"ingress/ingress_handler.go:120","msg":"Error retrieving TTL, defaulting.","commit":"7655d9c","error":"\"knativebrokerttl\" not found"}
{"level":"info","ts":"2019-12-03T21:04:47.033Z","logger":"broker_ingress","caller":"ingress/ingress_handler.go:120","msg":"Error retrieving TTL, defaulting.","commit":"7655d9c","error":"\"knativebrokerttl\" not found"}
{"level":"info","ts":"2019-12-03T21:04:47.044Z","logger":"broker_ingress","caller":"ingress/ingress_handler.go:120","msg":"Error retrieving TTL, defaulting.","commit":"7655d9c","error":"\"knativebrokerttl\" not found"}
{"level":"info","ts":"2019-12-03T21:04:47.044Z","logger":"broker_ingress","caller":"ingress/ingress_handler.go:120","msg":"Error retrieving TTL, defaulting.","commit":"7655d9c","error":"\"knativebrokerttl\" not found"}
{"level":"info","ts":"2019-12-03T21:04:47.044Z","logger":"broker_ingress","caller":"ingress/ingress_handler.go:120","msg":"Error retrieving TTL, defaulting.","commit":"7655d9c","error":"\"knativebrokerttl\" not found"}
{"level":"info","ts":"2019-12-03T21:04:47.045Z","logger":"broker_ingress","caller":"ingress/ingress_handler.go:120","msg":"Error retrieving TTL, defaulting.","commit":"7655d9c","error":"\"knativebrokerttl\" not found"}
{"level":"info","ts":"2019-12-03T21:04:47.064Z","logger":"broker_ingress","caller":"ingress/ingress_handler.go:120","msg":"Error retrieving TTL, defaulting.","commit":"7655d9c","error":"\"knativebrokerttl\" not found"}
{"level":"info","ts":"2019-12-03T21:04:47.045Z","logger":"broker_ingress","caller":"ingress/ingress_handler.go:120","msg":"Error retrieving TTL, defaulting.","commit":"7655d9c","error":"\"knativebrokerttl\" not found"}
{"level":"info","ts":"2019-12-03T21:04:47.045Z","logger":"broker_ingress","caller":"ingress/ingress_handler.go:120","msg":"Error retrieving TTL, defaulting.","commit":"7655d9c","error":"\"knativebrokerttl\" not found"}
{"level":"info","ts":"2019-12-03T21:04:47.045Z","logger":"broker_ingress","caller":"ingress/ingress_handler.go:120","msg":"Error retrieving TTL, defaulting.","commit":"7655d9c","error":"\"knativebrokerttl\" not found"}
{"level":"info","ts":"2019-12-03T21:04:47.045Z","logger":"broker_ingress","caller":"ingress/ingress_handler.go:120","msg":"Error retrieving TTL, defaulting.","commit":"7655d9c","error":"\"knativebrokerttl\" not found"}
{"level":"info","ts":"2019-12-03T21:04:47.045Z","logger":"broker_ingress","caller":"ingress/ingress_handler.go:120","msg":"Error retrieving TTL, defaulting.","commit":"7655d9c","error":"\"knativebrokerttl\" not found"}
{"level":"info","ts":"2019-12-03T21:04:47.046Z","logger":"broker_ingress","caller":"ingress/ingress_handler.go:120","msg":"Error retrieving TTL, defaulting.","commit":"7655d9c","error":"\"knativebrokerttl\" not found"}
{"level":"info","ts":"2019-12-03T21:04:47.046Z","logger":"broker_ingress","caller":"ingress/ingress_handler.go:120","msg":"Error retrieving TTL, defaulting.","commit":"7655d9c","error":"\"knativebrokerttl\" not found"}
{"level":"info","ts":"2019-12-03T21:04:47.046Z","logger":"broker_ingress","caller":"ingress/ingress_handler.go:120","msg":"Error retrieving TTL, defaulting.","commit":"7655d9c","error":"\"knativebrokerttl\" not found"}
{"level":"info","ts":"2019-12-03T21:04:47.046Z","logger":"broker_ingress","caller":"ingress/ingress_handler.go:120","msg":"Error retrieving TTL, defaulting.","commit":"7655d9c","error":"\"knativebrokerttl\" not found"}
{"level":"info","ts":"2019-12-03T21:04:47.046Z","logger":"broker_ingress","caller":"ingress/ingress_handler.go:120","msg":"Error retrieving TTL, defaulting.","commit":"7655d9c","error":"\"knativebrokerttl\" not found"}
{"level":"info","ts":"2019-12-03T21:04:47.046Z","logger":"broker_ingress","caller":"ingress/ingress_handler.go:120","msg":"Error retrieving TTL, defaulting.","commit":"7655d9c","error":"\"knativebrokerttl\" not found"}
{"level":"info","ts":"2019-12-03T21:04:47.046Z","logger":"broker_ingress","caller":"ingress/ingress_handler.go:120","msg":"Error retrieving TTL, defaulting.","commit":"7655d9c","error":"\"knativebrokerttl\" not found"}
{"level":"info","ts":"2019-12-03T21:04:47.046Z","logger":"broker_ingress","caller":"ingress/ingress_handler.go:120","msg":"Error retrieving TTL, defaulting.","commit":"7655d9c","error":"\"knativebrokerttl\" not found"}
{"level":"info","ts":"2019-12-03T21:04:47.046Z","logger":"broker_ingress","caller":"ingress/ingress_handler.go:120","msg":"Error retrieving TTL, defaulting.","commit":"7655d9c","error":"\"knativebrokerttl\" not found"}
{"level":"info","ts":"2019-12-03T21:04:47.046Z","logger":"broker_ingress","caller":"ingress/ingress_handler.go:120","msg":"Error retrieving TTL, defaulting.","commit":"7655d9c","error":"\"knativebrokerttl\" not found"}
{"level":"info","ts":"2019-12-03T21:04:47.047Z","logger":"broker_ingress","caller":"ingress/ingress_handler.go:120","msg":"Error retrieving TTL, defaulting.","commit":"7655d9c","error":"\"knativebrokerttl\" not found"}
{"level":"info","ts":"2019-12-03T21:04:47.080Z","logger":"broker_ingress","caller":"ingress/ingress_handler.go:120","msg":"Error retrieving TTL, defaulting.","commit":"7655d9c","error":"\"knativebrokerttl\" not found"}
{"level":"info","ts":"2019-12-03T21:04:47.047Z","logger":"broker_ingress","caller":"ingress/ingress_handler.go:120","msg":"Error retrieving TTL, defaulting.","commit":"7655d9c","error":"\"knativebrokerttl\" not found"}
{"level":"info","ts":"2019-12-03T21:04:47.050Z","logger":"broker_ingress","caller":"ingress/ingress_handler.go:120","msg":"Error retrieving TTL, defaulting.","commit":"7655d9c","error":"\"knativebrokerttl\" not found"}
{"level":"info","ts":"2019-12-03T21:04:47.050Z","logger":"broker_ingress","caller":"ingress/ingress_handler.go:120","msg":"Error retrieving TTL, defaulting.","commit":"7655d9c","error":"\"knativebrokerttl\" not found"}
{"level":"info","ts":"2019-12-03T21:04:47.051Z","logger":"broker_ingress","caller":"ingress/ingress_handler.go:120","msg":"Error retrieving TTL, defaulting.","commit":"7655d9c","error":"\"knativebrokerttl\" not found"}
{"level":"info","ts":"2019-12-03T21:04:47.054Z","logger":"broker_ingress","caller":"ingress/ingress_handler.go:120","msg":"Error retrieving TTL, defaulting.","commit":"7655d9c","error":"\"knativebrokerttl\" not found"}
{"level":"info","ts":"2019-12-03T21:04:47.054Z","logger":"broker_ingress","caller":"ingress/ingress_handler.go:120","msg":"Error retrieving TTL, defaulting.","commit":"7655d9c","error":"\"knativebrokerttl\" not found"}
{"level":"info","ts":"2019-12-03T21:04:47.055Z","logger":"broker_ingress","caller":"ingress/ingress_handler.go:120","msg":"Error retrieving TTL, defaulting.","commit":"7655d9c","error":"\"knativebrokerttl\" not found"}
{"level":"info","ts":"2019-12-03T21:04:47.056Z","logger":"broker_ingress","caller":"ingress/ingress_handler.go:120","msg":"Error retrieving TTL, defaulting.","commit":"7655d9c","error":"\"knativebrokerttl\" not found"}
{"level":"info","ts":"2019-12-03T21:04:47.056Z","logger":"broker_ingress","caller":"ingress/ingress_handler.go:120","msg":"Error retrieving TTL, defaulting.","commit":"7655d9c","error":"\"knativebrokerttl\" not found"}
{"level":"info","ts":"2019-12-03T21:04:47.061Z","logger":"broker_ingress","caller":"ingress/ingress_handler.go:120","msg":"Error retrieving TTL, defaulting.","commit":"7655d9c","error":"\"knativebrokerttl\" not found"}
{"level":"info","ts":"2019-12-03T21:04:47.069Z","logger":"broker_ingress","caller":"ingress/ingress_handler.go:120","msg":"Error retrieving TTL, defaulting.","commit":"7655d9c","error":"\"knativebrokerttl\" not found"}
{"level":"info","ts":"2019-12-03T21:04:47.069Z","logger":"broker_ingress","caller":"ingress/ingress_handler.go:120","msg":"Error retrieving TTL, defaulting.","commit":"7655d9c","error":"\"knativebrokerttl\" not found"}
{"level":"info","ts":"2019-12-03T21:04:47.069Z","logger":"broker_ingress","caller":"ingress/ingress_handler.go:120","msg":"Error retrieving TTL, defaulting.","commit":"7655d9c","error":"\"knativebrokerttl\" not found"}
{"level":"info","ts":"2019-12-03T21:04:47.070Z","logger":"broker_ingress","caller":"ingress/ingress_handler.go:120","msg":"Error retrieving TTL, defaulting.","commit":"7655d9c","error":"\"knativebrokerttl\" not found"}
{"level":"info","ts":"2019-12-03T21:04:47.070Z","logger":"broker_ingress","caller":"ingress/ingress_handler.go:120","msg":"Error retrieving TTL, defaulting.","commit":"7655d9c","error":"\"knativebrokerttl\" not found"}
{"level":"info","ts":"2019-12-03T21:04:47.070Z","logger":"broker_ingress","caller":"ingress/ingress_handler.go:120","msg":"Error retrieving TTL, defaulting.","commit":"7655d9c","error":"\"knativebrokerttl\" not found"}
{"level":"info","ts":"2019-12-03T21:04:47.070Z","logger":"broker_ingress","caller":"ingress/ingress_handler.go:120","msg":"Error retrieving TTL, defaulting.","commit":"7655d9c","error":"\"knativebrokerttl\" not found"}
{"level":"info","ts":"2019-12-03T21:04:47.071Z","logger":"broker_ingress","caller":"ingress/ingress_handler.go:120","msg":"Error retrieving TTL, defaulting.","commit":"7655d9c","error":"\"knativebrokerttl\" not found"}
{"level":"info","ts":"2019-12-03T21:04:47.073Z","logger":"broker_ingress","caller":"ingress/ingress_handler.go:120","msg":"Error retrieving TTL, defaulting.","commit":"7655d9c","error":"\"knativebrokerttl\" not found"}
{"level":"info","ts":"2019-12-03T21:04:47.049Z","logger":"broker_ingress","caller":"ingress/ingress_handler.go:120","msg":"Error retrieving TTL, defaulting.","commit":"7655d9c","error":"\"knativebrokerttl\" not found"}
{"level":"info","ts":"2019-12-03T21:04:47.082Z","logger":"broker_ingress","caller":"ingress/ingress_handler.go:120","msg":"Error retrieving TTL, defaulting.","commit":"7655d9c","error":"\"knativebrokerttl\" not found"}
{"level":"info","ts":"2019-12-03T21:04:47.083Z","logger":"broker_ingress","caller":"ingress/ingress_handler.go:120","msg":"Error retrieving TTL, defaulting.","commit":"7655d9c","error":"\"knativebrokerttl\" not found"}
{"level":"info","ts":"2019-12-03T21:04:47.083Z","logger":"broker_ingress","caller":"ingress/ingress_handler.go:120","msg":"Error retrieving TTL, defaulting.","commit":"7655d9c","error":"\"knativebrokerttl\" not found"}
{"level":"info","ts":"2019-12-03T21:04:47.083Z","logger":"broker_ingress","caller":"ingress/ingress_handler.go:120","msg":"Error retrieving TTL, defaulting.","commit":"7655d9c","error":"\"knativebrokerttl\" not found"}
{"level":"info","ts":"2019-12-03T21:04:47.085Z","logger":"broker_ingress","caller":"ingress/ingress_handler.go:120","msg":"Error retrieving TTL, defaulting.","commit":"7655d9c","error":"\"knativebrokerttl\" not found"}
{"level":"info","ts":"2019-12-03T21:04:47.085Z","logger":"broker_ingress","caller":"ingress/ingress_handler.go:120","msg":"Error retrieving TTL, defaulting.","commit":"7655d9c","error":"\"knativebrokerttl\" not found"}
{"level":"info","ts":"2019-12-03T21:04:47.086Z","logger":"broker_ingress","caller":"ingress/ingress_handler.go:120","msg":"Error retrieving TTL, defaulting.","commit":"7655d9c","error":"\"knativebrokerttl\" not found"}
{"level":"info","ts":"2019-12-03T21:04:47.086Z","logger":"broker_ingress","caller":"ingress/ingress_handler.go:120","msg":"Error retrieving TTL, defaulting.","commit":"7655d9c","error":"\"knativebrokerttl\" not found"}
{"level":"info","ts":"2019-12-03T21:04:47.086Z","logger":"broker_ingress","caller":"ingress/ingress_handler.go:120","msg":"Error retrieving TTL, defaulting.","commit":"7655d9c","error":"\"knativebrokerttl\" not found"}
{"level":"info","ts":"2019-12-03T21:04:47.086Z","logger":"broker_ingress","caller":"ingress/ingress_handler.go:120","msg":"Error retrieving TTL, defaulting.","commit":"7655d9c","error":"\"knativebrokerttl\" not found"}
{"level":"info","ts":"2019-12-03T21:04:47.087Z","logger":"broker_ingress","caller":"ingress/ingress_handler.go:120","msg":"Error retrieving TTL, defaulting.","commit":"7655d9c","error":"\"knativebrokerttl\" not found"}
{"level":"info","ts":"2019-12-03T21:04:47.088Z","logger":"broker_ingress","caller":"ingress/ingress_handler.go:120","msg":"Error retrieving TTL, defaulting.","commit":"7655d9c","error":"\"knativebrokerttl\" not found"}
{"level":"info","ts":"2019-12-03T21:04:47.089Z","logger":"broker_ingress","caller":"ingress/ingress_handler.go:120","msg":"Error retrieving TTL, defaulting.","commit":"7655d9c","error":"\"knativebrokerttl\" not found"}
{"level":"info","ts":"2019-12-03T21:04:47.089Z","logger":"broker_ingress","caller":"ingress/ingress_handler.go:120","msg":"Error retrieving TTL, defaulting.","commit":"7655d9c","error":"\"knativebrokerttl\" not found"}
{"level":"info","ts":"2019-12-03T21:04:47.089Z","logger":"broker_ingress","caller":"ingress/ingress_handler.go:120","msg":"Error retrieving TTL, defaulting.","commit":"7655d9c","error":"\"knativebrokerttl\" not found"}
{"level":"info","ts":"2019-12-03T21:04:47.092Z","logger":"broker_ingress","caller":"ingress/ingress_handler.go:120","msg":"Error retrieving TTL, defaulting.","commit":"7655d9c","error":"\"knativebrokerttl\" not found"}
{"level":"info","ts":"2019-12-03T21:04:47.092Z","logger":"broker_ingress","caller":"ingress/ingress_handler.go:120","msg":"Error retrieving TTL, defaulting.","commit":"7655d9c","error":"\"knativebrokerttl\" not found"}
{"level":"info","ts":"2019-12-03T21:04:47.094Z","logger":"broker_ingress","caller":"ingress/ingress_handler.go:120","msg":"Error retrieving TTL, defaulting.","commit":"7655d9c","error":"\"knativebrokerttl\" not found"}
{"level":"info","ts":"2019-12-03T21:04:47.096Z","logger":"broker_ingress","caller":"ingress/ingress_handler.go:120","msg":"Error retrieving TTL, defaulting.","commit":"7655d9c","error":"\"knativebrokerttl\" not found"}
{"level":"info","ts":"2019-12-03T21:04:47.096Z","logger":"broker_ingress","caller":"ingress/ingress_handler.go:120","msg":"Error retrieving TTL, defaulting.","commit":"7655d9c","error":"\"knativebrokerttl\" not found"}
{"level":"info","ts":"2019-12-03T21:04:47.096Z","logger":"broker_ingress","caller":"ingress/ingress_handler.go:120","msg":"Error retrieving TTL, defaulting.","commit":"7655d9c","error":"\"knativebrokerttl\" not found"}
{"level":"info","ts":"2019-12-03T21:04:47.097Z","logger":"broker_ingress","caller":"ingress/ingress_handler.go:120","msg":"Error retrieving TTL, defaulting.","commit":"7655d9c","error":"\"knativebrokerttl\" not found"}
{"level":"info","ts":"2019-12-03T21:04:47.098Z","logger":"broker_ingress","caller":"ingress/ingress_handler.go:120","msg":"Error retrieving TTL, defaulting.","commit":"7655d9c","error":"\"knativebrokerttl\" not found"}
{"level":"info","ts":"2019-12-03T21:04:47.098Z","logger":"broker_ingress","caller":"ingress/ingress_handler.go:120","msg":"Error retrieving TTL, defaulting.","commit":"7655d9c","error":"\"knativebrokerttl\" not found"}
{"level":"info","ts":"2019-12-03T21:04:47.102Z","logger":"broker_ingress","caller":"ingress/ingress_handler.go:120","msg":"Error retrieving TTL, defaulting.","commit":"7655d9c","error":"\"knativebrokerttl\" not found"}
{"level":"info","ts":"2019-12-03T21:04:47.102Z","logger":"broker_ingress","caller":"ingress/ingress_handler.go:120","msg":"Error retrieving TTL, defaulting.","commit":"7655d9c","error":"\"knativebrokerttl\" not found"}
{"level":"info","ts":"2019-12-03T21:04:47.103Z","logger":"broker_ingress","caller":"ingress/ingress_handler.go:120","msg":"Error retrieving TTL, defaulting.","commit":"7655d9c","error":"\"knativebrokerttl\" not found"}
{"level":"info","ts":"2019-12-03T21:04:47.103Z","logger":"broker_ingress","caller":"ingress/ingress_handler.go:120","msg":"Error retrieving TTL, defaulting.","commit":"7655d9c","error":"\"knativebrokerttl\" not found"}
{"level":"info","ts":"2019-12-03T21:04:47.103Z","logger":"broker_ingress","caller":"ingress/ingress_handler.go:120","msg":"Error retrieving TTL, defaulting.","commit":"7655d9c","error":"\"knativebrokerttl\" not found"}
{"level":"info","ts":"2019-12-03T21:04:47.103Z","logger":"broker_ingress","caller":"ingress/ingress_handler.go:120","msg":"Error retrieving TTL, defaulting.","commit":"7655d9c","error":"\"knativebrokerttl\" not found"}
{"level":"info","ts":"2019-12-03T21:04:47.104Z","logger":"broker_ingress","caller":"ingress/ingress_handler.go:120","msg":"Error retrieving TTL, defaulting.","commit":"7655d9c","error":"\"knativebrokerttl\" not found"}
{"level":"info","ts":"2019-12-03T21:04:47.106Z","logger":"broker_ingress","caller":"ingress/ingress_handler.go:120","msg":"Error retrieving TTL, defaulting.","commit":"7655d9c","error":"\"knativebrokerttl\" not found"}
{"level":"info","ts":"2019-12-03T21:04:47.106Z","logger":"broker_ingress","caller":"ingress/ingress_handler.go:120","msg":"Error retrieving TTL, defaulting.","commit":"7655d9c","error":"\"knativebrokerttl\" not found"}
{"level":"info","ts":"2019-12-03T21:04:47.111Z","logger":"broker_ingress","caller":"ingress/ingress_handler.go:120","msg":"Error retrieving TTL, defaulting.","commit":"7655d9c","error":"\"knativebrokerttl\" not found"}
{"level":"info","ts":"2019-12-03T21:04:47.111Z","logger":"broker_ingress","caller":"ingress/ingress_handler.go:120","msg":"Error retrieving TTL, defaulting.","commit":"7655d9c","error":"\"knativebrokerttl\" not found"}
{"level":"info","ts":"2019-12-03T21:04:47.111Z","logger":"broker_ingress","caller":"ingress/ingress_handler.go:120","msg":"Error retrieving TTL, defaulting.","commit":"7655d9c","error":"\"knativebrokerttl\" not found"}
{"level":"info","ts":"2019-12-03T21:04:47.104Z","logger":"broker_ingress","caller":"ingress/ingress_handler.go:120","msg":"Error retrieving TTL, defaulting.","commit":"7655d9c","error":"\"knativebrokerttl\" not found"}
{"level":"info","ts":"2019-12-03T21:04:47.113Z","logger":"broker_ingress","caller":"ingress/ingress_handler.go:120","msg":"Error retrieving TTL, defaulting.","commit":"7655d9c","error":"\"knativebrokerttl\" not found"}
{"level":"info","ts":"2019-12-03T21:04:47.113Z","logger":"broker_ingress","caller":"ingress/ingress_handler.go:120","msg":"Error retrieving TTL, defaulting.","commit":"7655d9c","error":"\"knativebrokerttl\" not found"}
{"level":"info","ts":"2019-12-03T21:04:47.113Z","logger":"broker_ingress","caller":"ingress/ingress_handler.go:120","msg":"Error retrieving TTL, defaulting.","commit":"7655d9c","error":"\"knativebrokerttl\" not found"}
{"level":"info","ts":"2019-12-03T21:04:47.116Z","logger":"broker_ingress","caller":"ingress/ingress_handler.go:120","msg":"Error retrieving TTL, defaulting.","commit":"7655d9c","error":"\"knativebrokerttl\" not found"}
{"level":"info","ts":"2019-12-03T21:04:47.116Z","logger":"broker_ingress","caller":"ingress/ingress_handler.go:120","msg":"Error retrieving TTL, defaulting.","commit":"7655d9c","error":"\"knativebrokerttl\" not found"}
{"level":"info","ts":"2019-12-03T21:04:47.117Z","logger":"broker_ingress","caller":"ingress/ingress_handler.go:120","msg":"Error retrieving TTL, defaulting.","commit":"7655d9c","error":"\"knativebrokerttl\" not found"}
{"level":"info","ts":"2019-12-03T21:04:47.117Z","logger":"broker_ingress","caller":"ingress/ingress_handler.go:120","msg":"Error retrieving TTL, defaulting.","commit":"7655d9c","error":"\"knativebrokerttl\" not found"}
{"level":"info","ts":"2019-12-03T21:04:47.117Z","logger":"broker_ingress","caller":"ingress/ingress_handler.go:120","msg":"Error retrieving TTL, defaulting.","commit":"7655d9c","error":"\"knativebrokerttl\" not found"}
{"level":"info","ts":"2019-12-03T21:04:47.117Z","logger":"broker_ingress","caller":"ingress/ingress_handler.go:120","msg":"Error retrieving TTL, defaulting.","commit":"7655d9c","error":"\"knativebrokerttl\" not found"}
{"level":"info","ts":"2019-12-03T21:04:47.117Z","logger":"broker_ingress","caller":"ingress/ingress_handler.go:120","msg":"Error retrieving TTL, defaulting.","commit":"7655d9c","error":"\"knativebrokerttl\" not found"}
{"level":"info","ts":"2019-12-03T21:04:47.121Z","logger":"broker_ingress","caller":"ingress/ingress_handler.go:120","msg":"Error retrieving TTL, defaulting.","commit":"7655d9c","error":"\"knativebrokerttl\" not found"}
{"level":"info","ts":"2019-12-03T21:04:47.121Z","logger":"broker_ingress","caller":"ingress/ingress_handler.go:120","msg":"Error retrieving TTL, defaulting.","commit":"7655d9c","error":"\"knativebrokerttl\" not found"}
{"level":"info","ts":"2019-12-03T21:04:47.122Z","logger":"broker_ingress","caller":"ingress/ingress_handler.go:120","msg":"Error retrieving TTL, defaulting.","commit":"7655d9c","error":"\"knativebrokerttl\" not found"}
{"level":"info","ts":"2019-12-03T21:04:47.122Z","logger":"broker_ingress","caller":"ingress/ingress_handler.go:120","msg":"Error retrieving TTL, defaulting.","commit":"7655d9c","error":"\"knativebrokerttl\" not found"}
{"level":"info","ts":"2019-12-03T21:04:47.123Z","logger":"broker_ingress","caller":"ingress/ingress_handler.go:120","msg":"Error retrieving TTL, defaulting.","commit":"7655d9c","error":"\"knativebrokerttl\" not found"}
{"level":"info","ts":"2019-12-03T21:04:47.123Z","logger":"broker_ingress","caller":"ingress/ingress_handler.go:120","msg":"Error retrieving TTL, defaulting.","commit":"7655d9c","error":"\"knativebrokerttl\" not found"}
{"level":"info","ts":"2019-12-03T21:04:47.126Z","logger":"broker_ingress","caller":"ingress/ingress_handler.go:120","msg":"Error retrieving TTL, defaulting.","commit":"7655d9c","error":"\"knativebrokerttl\" not found"}
{"level":"info","ts":"2019-12-03T21:04:47.127Z","logger":"broker_ingress","caller":"ingress/ingress_handler.go:120","msg":"Error retrieving TTL, defaulting.","commit":"7655d9c","error":"\"knativebrokerttl\" not found"}
{"level":"info","ts":"2019-12-03T21:04:47.127Z","logger":"broker_ingress","caller":"ingress/ingress_handler.go:120","msg":"Error retrieving TTL, defaulting.","commit":"7655d9c","error":"\"knativebrokerttl\" not found"}
{"level":"info","ts":"2019-12-03T21:04:47.128Z","logger":"broker_ingress","caller":"ingress/ingress_handler.go:120","msg":"Error retrieving TTL, defaulting.","commit":"7655d9c","error":"\"knativebrokerttl\" not found"}
{"level":"info","ts":"2019-12-03T21:04:47.128Z","logger":"broker_ingress","caller":"ingress/ingress_handler.go:120","msg":"Error retrieving TTL, defaulting.","commit":"7655d9c","error":"\"knativebrokerttl\" not found"}
{"level":"info","ts":"2019-12-03T21:04:47.128Z","logger":"broker_ingress","caller":"ingress/ingress_handler.go:120","msg":"Error retrieving TTL, defaulting.","commit":"7655d9c","error":"\"knativebrokerttl\" not found"}
{"level":"info","ts":"2019-12-03T21:04:47.130Z","logger":"broker_ingress","caller":"ingress/ingress_handler.go:120","msg":"Error retrieving TTL, defaulting.","commit":"7655d9c","error":"\"knativebrokerttl\" not found"}
{"level":"info","ts":"2019-12-03T21:04:47.130Z","logger":"broker_ingress","caller":"ingress/ingress_handler.go:120","msg":"Error retrieving TTL, defaulting.","commit":"7655d9c","error":"\"knativebrokerttl\" not found"}
{"level":"info","ts":"2019-12-03T21:04:47.130Z","logger":"broker_ingress","caller":"ingress/ingress_handler.go:120","msg":"Error retrieving TTL, defaulting.","commit":"7655d9c","error":"\"knativebrokerttl\" not found"}
{"level":"info","ts":"2019-12-03T21:04:47.130Z","logger":"broker_ingress","caller":"ingress/ingress_handler.go:120","msg":"Error retrieving TTL, defaulting.","commit":"7655d9c","error":"\"knativebrokerttl\" not found"}
{"level":"info","ts":"2019-12-03T21:04:47.131Z","logger":"broker_ingress","caller":"ingress/ingress_handler.go:120","msg":"Error retrieving TTL, defaulting.","commit":"7655d9c","error":"\"knativebrokerttl\" not found"}
{"level":"info","ts":"2019-12-03T21:04:47.131Z","logger":"broker_ingress","caller":"ingress/ingress_handler.go:120","msg":"Error retrieving TTL, defaulting.","commit":"7655d9c","error":"\"knativebrokerttl\" not found"}
{"level":"info","ts":"2019-12-03T21:04:47.131Z","logger":"broker_ingress","caller":"ingress/ingress_handler.go:120","msg":"Error retrieving TTL, defaulting.","commit":"7655d9c","error":"\"knativebrokerttl\" not found"}
{"level":"info","ts":"2019-12-03T21:04:47.131Z","logger":"broker_ingress","caller":"ingress/ingress_handler.go:120","msg":"Error retrieving TTL, defaulting.","commit":"7655d9c","error":"\"knativebrokerttl\" not found"}
{"level":"info","ts":"2019-12-03T21:04:47.132Z","logger":"broker_ingress","caller":"ingress/ingress_handler.go:120","msg":"Error retrieving TTL, defaulting.","commit":"7655d9c","error":"\"knativebrokerttl\" not found"}
{"level":"info","ts":"2019-12-03T21:04:47.132Z","logger":"broker_ingress","caller":"ingress/ingress_handler.go:120","msg":"Error retrieving TTL, defaulting.","commit":"7655d9c","error":"\"knativebrokerttl\" not found"}
{"level":"info","ts":"2019-12-03T21:04:47.132Z","logger":"broker_ingress","caller":"ingress/ingress_handler.go:120","msg":"Error retrieving TTL, defaulting.","commit":"7655d9c","error":"\"knativebrokerttl\" not found"}
{"level":"info","ts":"2019-12-03T21:04:47.132Z","logger":"broker_ingress","caller":"ingress/ingress_handler.go:120","msg":"Error retrieving TTL, defaulting.","commit":"7655d9c","error":"\"knativebrokerttl\" not found"}
{"level":"info","ts":"2019-12-03T21:04:47.132Z","logger":"broker_ingress","caller":"ingress/ingress_handler.go:120","msg":"Error retrieving TTL, defaulting.","commit":"7655d9c","error":"\"knativebrokerttl\" not found"}
{"level":"info","ts":"2019-12-03T21:04:47.132Z","logger":"broker_ingress","caller":"ingress/ingress_handler.go:120","msg":"Error retrieving TTL, defaulting.","commit":"7655d9c","error":"\"knativebrokerttl\" not found"}
{"level":"info","ts":"2019-12-03T21:04:47.133Z","logger":"broker_ingress","caller":"ingress/ingress_handler.go:120","msg":"Error retrieving TTL, defaulting.","commit":"7655d9c","error":"\"knativebrokerttl\" not found"}
{"level":"info","ts":"2019-12-03T21:04:47.133Z","logger":"broker_ingress","caller":"ingress/ingress_handler.go:120","msg":"Error retrieving TTL, defaulting.","commit":"7655d9c","error":"\"knativebrokerttl\" not found"}
{"level":"info","ts":"2019-12-03T21:04:47.133Z","logger":"broker_ingress","caller":"ingress/ingress_handler.go:120","msg":"Error retrieving TTL, defaulting.","commit":"7655d9c","error":"\"knativebrokerttl\" not found"}
{"level":"info","ts":"2019-12-03T21:04:47.145Z","logger":"broker_ingress","caller":"ingress/ingress_handler.go:120","msg":"Error retrieving TTL, defaulting.","commit":"7655d9c","error":"\"knativebrokerttl\" not found"}
{"level":"info","ts":"2019-12-03T21:04:47.145Z","logger":"broker_ingress","caller":"ingress/ingress_handler.go:120","msg":"Error retrieving TTL, defaulting.","commit":"7655d9c","error":"\"knativebrokerttl\" not found"}
{"level":"info","ts":"2019-12-03T21:04:47.145Z","logger":"broker_ingress","caller":"ingress/ingress_handler.go:120","msg":"Error retrieving TTL, defaulting.","commit":"7655d9c","error":"\"knativebrokerttl\" not found"}
{"level":"info","ts":"2019-12-03T21:04:47.146Z","logger":"broker_ingress","caller":"ingress/ingress_handler.go:120","msg":"Error retrieving TTL, defaulting.","commit":"7655d9c","error":"\"knativebrokerttl\" not found"}
{"level":"info","ts":"2019-12-03T21:04:47.157Z","logger":"broker_ingress","caller":"ingress/ingress_handler.go:120","msg":"Error retrieving TTL, defaulting.","commit":"7655d9c","error":"\"knativebrokerttl\" not found"}
{"level":"info","ts":"2019-12-03T21:04:47.161Z","logger":"broker_ingress","caller":"ingress/ingress_handler.go:120","msg":"Error retrieving TTL, defaulting.","commit":"7655d9c","error":"\"knativebrokerttl\" not found"}
{"level":"info","ts":"2019-12-03T21:04:47.161Z","logger":"broker_ingress","caller":"ingress/ingress_handler.go:120","msg":"Error retrieving TTL, defaulting.","commit":"7655d9c","error":"\"knativebrokerttl\" not found"}
{"level":"info","ts":"2019-12-03T21:04:47.161Z","logger":"broker_ingress","caller":"ingress/ingress_handler.go:120","msg":"Error retrieving TTL, defaulting.","commit":"7655d9c","error":"\"knativebrokerttl\" not found"}
{"level":"info","ts":"2019-12-03T21:04:47.161Z","logger":"broker_ingress","caller":"ingress/ingress_handler.go:120","msg":"Error retrieving TTL, defaulting.","commit":"7655d9c","error":"\"knativebrokerttl\" not found"}
{"level":"info","ts":"2019-12-03T21:04:47.162Z","logger":"broker_ingress","caller":"ingress/ingress_handler.go:120","msg":"Error retrieving TTL, defaulting.","commit":"7655d9c","error":"\"knativebrokerttl\" not found"}
{"level":"info","ts":"2019-12-03T21:04:47.161Z","logger":"broker_ingress","caller":"ingress/ingress_handler.go:120","msg":"Error retrieving TTL, defaulting.","commit":"7655d9c","error":"\"knativebrokerttl\" not found"}
{"level":"info","ts":"2019-12-03T21:04:47.165Z","logger":"broker_ingress","caller":"ingress/ingress_handler.go:120","msg":"Error retrieving TTL, defaulting.","commit":"7655d9c","error":"\"knativebrokerttl\" not found"}
{"level":"info","ts":"2019-12-03T21:04:47.146Z","logger":"broker_ingress","caller":"ingress/ingress_handler.go:120","msg":"Error retrieving TTL, defaulting.","commit":"7655d9c","error":"\"knativebrokerttl\" not found"}
{"level":"info","ts":"2019-12-03T21:04:47.166Z","logger":"broker_ingress","caller":"ingress/ingress_handler.go:120","msg":"Error retrieving TTL, defaulting.","commit":"7655d9c","error":"\"knativebrokerttl\" not found"}
{"level":"info","ts":"2019-12-03T21:04:47.166Z","logger":"broker_ingress","caller":"ingress/ingress_handler.go:120","msg":"Error retrieving TTL, defaulting.","commit":"7655d9c","error":"\"knativebrokerttl\" not found"}
{"level":"info","ts":"2019-12-03T21:04:47.166Z","logger":"broker_ingress","caller":"ingress/ingress_handler.go:120","msg":"Error retrieving TTL, defaulting.","commit":"7655d9c","error":"\"knativebrokerttl\" not found"}
{"level":"info","ts":"2019-12-03T21:04:47.166Z","logger":"broker_ingress","caller":"ingress/ingress_handler.go:120","msg":"Error retrieving TTL, defaulting.","commit":"7655d9c","error":"\"knativebrokerttl\" not found"}
{"level":"info","ts":"2019-12-03T21:04:47.166Z","logger":"broker_ingress","caller":"ingress/ingress_handler.go:120","msg":"Error retrieving TTL, defaulting.","commit":"7655d9c","error":"\"knativebrokerttl\" not found"}
{"level":"info","ts":"2019-12-03T21:04:47.166Z","logger":"broker_ingress","caller":"ingress/ingress_handler.go:120","msg":"Error retrieving TTL, defaulting.","commit":"7655d9c","error":"\"knativebrokerttl\" not found"}
{"level":"info","ts":"2019-12-03T21:04:47.166Z","logger":"broker_ingress","caller":"ingress/ingress_handler.go:120","msg":"Error retrieving TTL, defaulting.","commit":"7655d9c","error":"\"knativebrokerttl\" not found"}
{"level":"info","ts":"2019-12-03T21:04:47.166Z","logger":"broker_ingress","caller":"ingress/ingress_handler.go:120","msg":"Error retrieving TTL, defaulting.","commit":"7655d9c","error":"\"knativebrokerttl\" not found"}
{"level":"info","ts":"2019-12-03T21:04:47.166Z","logger":"broker_ingress","caller":"ingress/ingress_handler.go:120","msg":"Error retrieving TTL, defaulting.","commit":"7655d9c","error":"\"knativebrokerttl\" not found"}
{"level":"info","ts":"2019-12-03T21:04:47.167Z","logger":"broker_ingress","caller":"ingress/ingress_handler.go:120","msg":"Error retrieving TTL, defaulting.","commit":"7655d9c","error":"\"knativebrokerttl\" not found"}
{"level":"info","ts":"2019-12-03T21:04:47.167Z","logger":"broker_ingress","caller":"ingress/ingress_handler.go:120","msg":"Error retrieving TTL, defaulting.","commit":"7655d9c","error":"\"knativebrokerttl\" not found"}
{"level":"info","ts":"2019-12-03T21:04:47.167Z","logger":"broker_ingress","caller":"ingress/ingress_handler.go:120","msg":"Error retrieving TTL, defaulting.","commit":"7655d9c","error":"\"knativebrokerttl\" not found"}
{"level":"info","ts":"2019-12-03T21:04:47.167Z","logger":"broker_ingress","caller":"ingress/ingress_handler.go:120","msg":"Error retrieving TTL, defaulting.","commit":"7655d9c","error":"\"knativebrokerttl\" not found"}
{"level":"info","ts":"2019-12-03T21:04:47.167Z","logger":"broker_ingress","caller":"ingress/ingress_handler.go:120","msg":"Error retrieving TTL, defaulting.","commit":"7655d9c","error":"\"knativebrokerttl\" not found"}
{"level":"info","ts":"2019-12-03T21:04:47.167Z","logger":"broker_ingress","caller":"ingress/ingress_handler.go:120","msg":"Error retrieving TTL, defaulting.","commit":"7655d9c","error":"\"knativebrokerttl\" not found"}
{"level":"info","ts":"2019-12-03T21:04:47.167Z","logger":"broker_ingress","caller":"ingress/ingress_handler.go:120","msg":"Error retrieving TTL, defaulting.","commit":"7655d9c","error":"\"knativebrokerttl\" not found"}
{"level":"info","ts":"2019-12-03T21:04:47.167Z","logger":"broker_ingress","caller":"ingress/ingress_handler.go:120","msg":"Error retrieving TTL, defaulting.","commit":"7655d9c","error":"\"knativebrokerttl\" not found"}
{"level":"info","ts":"2019-12-03T21:04:47.167Z","logger":"broker_ingress","caller":"ingress/ingress_handler.go:120","msg":"Error retrieving TTL, defaulting.","commit":"7655d9c","error":"\"knativebrokerttl\" not found"}
{"level":"info","ts":"2019-12-03T21:04:47.167Z","logger":"broker_ingress","caller":"ingress/ingress_handler.go:120","msg":"Error retrieving TTL, defaulting.","commit":"7655d9c","error":"\"knativebrokerttl\" not found"}
{"level":"info","ts":"2019-12-03T21:04:47.168Z","logger":"broker_ingress","caller":"ingress/ingress_handler.go:120","msg":"Error retrieving TTL, defaulting.","commit":"7655d9c","error":"\"knativebrokerttl\" not found"}
{"level":"info","ts":"2019-12-03T21:04:47.168Z","logger":"broker_ingress","caller":"ingress/ingress_handler.go:120","msg":"Error retrieving TTL, defaulting.","commit":"7655d9c","error":"\"knativebrokerttl\" not found"}
{"level":"info","ts":"2019-12-03T21:04:47.168Z","logger":"broker_ingress","caller":"ingress/ingress_handler.go:120","msg":"Error retrieving TTL, defaulting.","commit":"7655d9c","error":"\"knativebrokerttl\" not found"}
{"level":"info","ts":"2019-12-03T21:04:47.168Z","logger":"broker_ingress","caller":"ingress/ingress_handler.go:120","msg":"Error retrieving TTL, defaulting.","commit":"7655d9c","error":"\"knativebrokerttl\" not found"}
{"level":"info","ts":"2019-12-03T21:04:47.168Z","logger":"broker_ingress","caller":"ingress/ingress_handler.go:120","msg":"Error retrieving TTL, defaulting.","commit":"7655d9c","error":"\"knativebrokerttl\" not found"}
{"level":"info","ts":"2019-12-03T21:04:47.174Z","logger":"broker_ingress","caller":"ingress/ingress_handler.go:120","msg":"Error retrieving TTL, defaulting.","commit":"7655d9c","error":"\"knativebrokerttl\" not found"}
{"level":"info","ts":"2019-12-03T21:04:47.180Z","logger":"broker_ingress","caller":"ingress/ingress_handler.go:120","msg":"Error retrieving TTL, defaulting.","commit":"7655d9c","error":"\"knativebrokerttl\" not found"}
{"level":"info","ts":"2019-12-03T21:04:47.180Z","logger":"broker_ingress","caller":"ingress/ingress_handler.go:120","msg":"Error retrieving TTL, defaulting.","commit":"7655d9c","error":"\"knativebrokerttl\" not found"}
{"level":"info","ts":"2019-12-03T21:04:47.180Z","logger":"broker_ingress","caller":"ingress/ingress_handler.go:120","msg":"Error retrieving TTL, defaulting.","commit":"7655d9c","error":"\"knativebrokerttl\" not found"}
{"level":"info","ts":"2019-12-03T21:04:47.180Z","logger":"broker_ingress","caller":"ingress/ingress_handler.go:120","msg":"Error retrieving TTL, defaulting.","commit":"7655d9c","error":"\"knativebrokerttl\" not found"}
{"level":"info","ts":"2019-12-03T21:04:47.184Z","logger":"broker_ingress","caller":"ingress/ingress_handler.go:120","msg":"Error retrieving TTL, defaulting.","commit":"7655d9c","error":"\"knativebrokerttl\" not found"}
{"level":"info","ts":"2019-12-03T21:04:47.184Z","logger":"broker_ingress","caller":"ingress/ingress_handler.go:120","msg":"Error retrieving TTL, defaulting.","commit":"7655d9c","error":"\"knativebrokerttl\" not found"}
{"level":"info","ts":"2019-12-03T21:04:47.185Z","logger":"broker_ingress","caller":"ingress/ingress_handler.go:120","msg":"Error retrieving TTL, defaulting.","commit":"7655d9c","error":"\"knativebrokerttl\" not found"}
{"level":"info","ts":"2019-12-03T21:04:47.190Z","logger":"broker_ingress","caller":"ingress/ingress_handler.go:120","msg":"Error retrieving TTL, defaulting.","commit":"7655d9c","error":"\"knativebrokerttl\" not found"}
{"level":"info","ts":"2019-12-03T21:04:47.190Z","logger":"broker_ingress","caller":"ingress/ingress_handler.go:120","msg":"Error retrieving TTL, defaulting.","commit":"7655d9c","error":"\"knativebrokerttl\" not found"}
{"level":"info","ts":"2019-12-03T21:04:47.190Z","logger":"broker_ingress","caller":"ingress/ingress_handler.go:120","msg":"Error retrieving TTL, defaulting.","commit":"7655d9c","error":"\"knativebrokerttl\" not found"}
{"level":"info","ts":"2019-12-03T21:04:47.190Z","logger":"broker_ingress","caller":"ingress/ingress_handler.go:120","msg":"Error retrieving TTL, defaulting.","commit":"7655d9c","error":"\"knativebrokerttl\" not found"}
{"level":"info","ts":"2019-12-03T21:04:47.190Z","logger":"broker_ingress","caller":"ingress/ingress_handler.go:120","msg":"Error retrieving TTL, defaulting.","commit":"7655d9c","error":"\"knativebrokerttl\" not found"}
{"level":"info","ts":"2019-12-03T21:04:47.191Z","logger":"broker_ingress","caller":"ingress/ingress_handler.go:120","msg":"Error retrieving TTL, defaulting.","commit":"7655d9c","error":"\"knativebrokerttl\" not found"}
{"level":"info","ts":"2019-12-03T21:04:47.192Z","logger":"broker_ingress","caller":"ingress/ingress_handler.go:120","msg":"Error retrieving TTL, defaulting.","commit":"7655d9c","error":"\"knativebrokerttl\" not found"}
{"level":"info","ts":"2019-12-03T21:04:47.192Z","logger":"broker_ingress","caller":"ingress/ingress_handler.go:120","msg":"Error retrieving TTL, defaulting.","commit":"7655d9c","error":"\"knativebrokerttl\" not found"}
{"level":"info","ts":"2019-12-03T21:04:47.193Z","logger":"broker_ingress","caller":"ingress/ingress_handler.go:120","msg":"Error retrieving TTL, defaulting.","commit":"7655d9c","error":"\"knativebrokerttl\" not found"}
{"level":"info","ts":"2019-12-03T21:04:47.202Z","logger":"broker_ingress","caller":"ingress/ingress_handler.go:120","msg":"Error retrieving TTL, defaulting.","commit":"7655d9c","error":"\"knativebrokerttl\" not found"}
{"level":"info","ts":"2019-12-03T21:04:47.203Z","logger":"broker_ingress","caller":"ingress/ingress_handler.go:120","msg":"Error retrieving TTL, defaulting.","commit":"7655d9c","error":"\"knativebrokerttl\" not found"}
{"level":"info","ts":"2019-12-03T21:04:47.203Z","logger":"broker_ingress","caller":"ingress/ingress_handler.go:120","msg":"Error retrieving TTL, defaulting.","commit":"7655d9c","error":"\"knativebrokerttl\" not found"}
{"level":"info","ts":"2019-12-03T21:04:47.204Z","logger":"broker_ingress","caller":"ingress/ingress_handler.go:120","msg":"Error retrieving TTL, defaulting.","commit":"7655d9c","error":"\"knativebrokerttl\" not found"}
{"level":"info","ts":"2019-12-03T21:04:47.206Z","logger":"broker_ingress","caller":"ingress/ingress_handler.go:120","msg":"Error retrieving TTL, defaulting.","commit":"7655d9c","error":"\"knativebrokerttl\" not found"}
{"level":"info","ts":"2019-12-03T21:04:47.206Z","logger":"broker_ingress","caller":"ingress/ingress_handler.go:120","msg":"Error retrieving TTL, defaulting.","commit":"7655d9c","error":"\"knativebrokerttl\" not found"}
{"level":"info","ts":"2019-12-03T21:04:47.208Z","logger":"broker_ingress","caller":"ingress/ingress_handler.go:120","msg":"Error retrieving TTL, defaulting.","commit":"7655d9c","error":"\"knativebrokerttl\" not found"}
{"level":"info","ts":"2019-12-03T21:04:47.208Z","logger":"broker_ingress","caller":"ingress/ingress_handler.go:120","msg":"Error retrieving TTL, defaulting.","commit":"7655d9c","error":"\"knativebrokerttl\" not found"}
{"level":"info","ts":"2019-12-03T21:04:47.208Z","logger":"broker_ingress","caller":"ingress/ingress_handler.go:120","msg":"Error retrieving TTL, defaulting.","commit":"7655d9c","error":"\"knativebrokerttl\" not found"}
{"level":"info","ts":"2019-12-03T21:04:47.208Z","logger":"broker_ingress","caller":"ingress/ingress_handler.go:120","msg":"Error retrieving TTL, defaulting.","commit":"7655d9c","error":"\"knativebrokerttl\" not found"}
{"level":"info","ts":"2019-12-03T21:04:47.208Z","logger":"broker_ingress","caller":"ingress/ingress_handler.go:120","msg":"Error retrieving TTL, defaulting.","commit":"7655d9c","error":"\"knativebrokerttl\" not found"}
{"level":"info","ts":"2019-12-03T21:04:47.211Z","logger":"broker_ingress","caller":"ingress/ingress_handler.go:120","msg":"Error retrieving TTL, defaulting.","commit":"7655d9c","error":"\"knativebrokerttl\" not found"}
{"level":"info","ts":"2019-12-03T21:04:47.211Z","logger":"broker_ingress","caller":"ingress/ingress_handler.go:120","msg":"Error retrieving TTL, defaulting.","commit":"7655d9c","error":"\"knativebrokerttl\" not found"}
{"level":"info","ts":"2019-12-03T21:04:47.211Z","logger":"broker_ingress","caller":"ingress/ingress_handler.go:120","msg":"Error retrieving TTL, defaulting.","commit":"7655d9c","error":"\"knativebrokerttl\" not found"}
{"level":"info","ts":"2019-12-03T21:04:47.211Z","logger":"broker_ingress","caller":"ingress/ingress_handler.go:120","msg":"Error retrieving TTL, defaulting.","commit":"7655d9c","error":"\"knativebrokerttl\" not found"}
{"level":"info","ts":"2019-12-03T21:04:47.211Z","logger":"broker_ingress","caller":"ingress/ingress_handler.go:120","msg":"Error retrieving TTL, defaulting.","commit":"7655d9c","error":"\"knativebrokerttl\" not found"}
{"level":"info","ts":"2019-12-03T21:04:47.211Z","logger":"broker_ingress","caller":"ingress/ingress_handler.go:120","msg":"Error retrieving TTL, defaulting.","commit":"7655d9c","error":"\"knativebrokerttl\" not found"}
{"level":"info","ts":"2019-12-03T21:04:47.212Z","logger":"broker_ingress","caller":"ingress/ingress_handler.go:120","msg":"Error retrieving TTL, defaulting.","commit":"7655d9c","error":"\"knativebrokerttl\" not found"}
{"level":"info","ts":"2019-12-03T21:04:47.213Z","logger":"broker_ingress","caller":"ingress/ingress_handler.go:120","msg":"Error retrieving TTL, defaulting.","commit":"7655d9c","error":"\"knativebrokerttl\" not found"}
{"level":"info","ts":"2019-12-03T21:04:47.213Z","logger":"broker_ingress","caller":"ingress/ingress_handler.go:120","msg":"Error retrieving TTL, defaulting.","commit":"7655d9c","error":"\"knativebrokerttl\" not found"}
{"level":"info","ts":"2019-12-03T21:04:47.213Z","logger":"broker_ingress","caller":"ingress/ingress_handler.go:120","msg":"Error retrieving TTL, defaulting.","commit":"7655d9c","error":"\"knativebrokerttl\" not found"}
{"level":"info","ts":"2019-12-03T21:04:47.213Z","logger":"broker_ingress","caller":"ingress/ingress_handler.go:120","msg":"Error retrieving TTL, defaulting.","commit":"7655d9c","error":"\"knativebrokerttl\" not found"}
{"level":"info","ts":"2019-12-03T21:04:47.215Z","logger":"broker_ingress","caller":"ingress/ingress_handler.go:120","msg":"Error retrieving TTL, defaulting.","commit":"7655d9c","error":"\"knativebrokerttl\" not found"}
{"level":"info","ts":"2019-12-03T21:04:47.215Z","logger":"broker_ingress","caller":"ingress/ingress_handler.go:120","msg":"Error retrieving TTL, defaulting.","commit":"7655d9c","error":"\"knativebrokerttl\" not found"}
{"level":"info","ts":"2019-12-03T21:04:47.215Z","logger":"broker_ingress","caller":"ingress/ingress_handler.go:120","msg":"Error retrieving TTL, defaulting.","commit":"7655d9c","error":"\"knativebrokerttl\" not found"}
{"level":"info","ts":"2019-12-03T21:04:47.185Z","logger":"broker_ingress","caller":"ingress/ingress_handler.go:120","msg":"Error retrieving TTL, defaulting.","commit":"7655d9c","error":"\"knativebrokerttl\" not found"}
{"level":"info","ts":"2019-12-03T21:04:47.215Z","logger":"broker_ingress","caller":"ingress/ingress_handler.go:120","msg":"Error retrieving TTL, defaulting.","commit":"7655d9c","error":"\"knativebrokerttl\" not found"}
{"level":"info","ts":"2019-12-03T21:04:47.216Z","logger":"broker_ingress","caller":"ingress/ingress_handler.go:120","msg":"Error retrieving TTL, defaulting.","commit":"7655d9c","error":"\"knativebrokerttl\" not found"}
{"level":"info","ts":"2019-12-03T21:04:47.217Z","logger":"broker_ingress","caller":"ingress/ingress_handler.go:120","msg":"Error retrieving TTL, defaulting.","commit":"7655d9c","error":"\"knativebrokerttl\" not found"}
{"level":"info","ts":"2019-12-03T21:04:47.217Z","logger":"broker_ingress","caller":"ingress/ingress_handler.go:120","msg":"Error retrieving TTL, defaulting.","commit":"7655d9c","error":"\"knativebrokerttl\" not found"}
{"level":"info","ts":"2019-12-03T21:04:47.217Z","logger":"broker_ingress","caller":"ingress/ingress_handler.go:120","msg":"Error retrieving TTL, defaulting.","commit":"7655d9c","error":"\"knativebrokerttl\" not found"}
{"level":"info","ts":"2019-12-03T21:04:47.217Z","logger":"broker_ingress","caller":"ingress/ingress_handler.go:120","msg":"Error retrieving TTL, defaulting.","commit":"7655d9c","error":"\"knativebrokerttl\" not found"}
{"level":"info","ts":"2019-12-03T21:04:47.218Z","logger":"broker_ingress","caller":"ingress/ingress_handler.go:120","msg":"Error retrieving TTL, defaulting.","commit":"7655d9c","error":"\"knativebrokerttl\" not found"}
{"level":"info","ts":"2019-12-03T21:04:47.218Z","logger":"broker_ingress","caller":"ingress/ingress_handler.go:120","msg":"Error retrieving TTL, defaulting.","commit":"7655d9c","error":"\"knativebrokerttl\" not found"}
{"level":"info","ts":"2019-12-03T21:04:47.218Z","logger":"broker_ingress","caller":"ingress/ingress_handler.go:120","msg":"Error retrieving TTL, defaulting.","commit":"7655d9c","error":"\"knativebrokerttl\" not found"}
{"level":"info","ts":"2019-12-03T21:04:47.219Z","logger":"broker_ingress","caller":"ingress/ingress_handler.go:120","msg":"Error retrieving TTL, defaulting.","commit":"7655d9c","error":"\"knativebrokerttl\" not found"}
{"level":"info","ts":"2019-12-03T21:04:47.219Z","logger":"broker_ingress","caller":"ingress/ingress_handler.go:120","msg":"Error retrieving TTL, defaulting.","commit":"7655d9c","error":"\"knativebrokerttl\" not found"}
{"level":"info","ts":"2019-12-03T21:04:47.220Z","logger":"broker_ingress","caller":"ingress/ingress_handler.go:120","msg":"Error retrieving TTL, defaulting.","commit":"7655d9c","error":"\"knativebrokerttl\" not found"}
{"level":"info","ts":"2019-12-03T21:04:47.220Z","logger":"broker_ingress","caller":"ingress/ingress_handler.go:120","msg":"Error retrieving TTL, defaulting.","commit":"7655d9c","error":"\"knativebrokerttl\" not found"}
{"level":"info","ts":"2019-12-03T21:04:47.221Z","logger":"broker_ingress","caller":"ingress/ingress_handler.go:120","msg":"Error retrieving TTL, defaulting.","commit":"7655d9c","error":"\"knativebrokerttl\" not found"}
{"level":"info","ts":"2019-12-03T21:04:47.222Z","logger":"broker_ingress","caller":"ingress/ingress_handler.go:120","msg":"Error retrieving TTL, defaulting.","commit":"7655d9c","error":"\"knativebrokerttl\" not found"}
{"level":"info","ts":"2019-12-03T21:04:47.222Z","logger":"broker_ingress","caller":"ingress/ingress_handler.go:120","msg":"Error retrieving TTL, defaulting.","commit":"7655d9c","error":"\"knativebrokerttl\" not found"}
{"level":"info","ts":"2019-12-03T21:04:47.222Z","logger":"broker_ingress","caller":"ingress/ingress_handler.go:120","msg":"Error retrieving TTL, defaulting.","commit":"7655d9c","error":"\"knativebrokerttl\" not found"}
{"level":"info","ts":"2019-12-03T21:04:47.222Z","logger":"broker_ingress","caller":"ingress/ingress_handler.go:120","msg":"Error retrieving TTL, defaulting.","commit":"7655d9c","error":"\"knativebrokerttl\" not found"}
{"level":"info","ts":"2019-12-03T21:04:47.224Z","logger":"broker_ingress","caller":"ingress/ingress_handler.go:120","msg":"Error retrieving TTL, defaulting.","commit":"7655d9c","error":"\"knativebrokerttl\" not found"}
{"level":"info","ts":"2019-12-03T21:04:47.224Z","logger":"broker_ingress","caller":"ingress/ingress_handler.go:120","msg":"Error retrieving TTL, defaulting.","commit":"7655d9c","error":"\"knativebrokerttl\" not found"}
{"level":"info","ts":"2019-12-03T21:04:47.224Z","logger":"broker_ingress","caller":"ingress/ingress_handler.go:120","msg":"Error retrieving TTL, defaulting.","commit":"7655d9c","error":"\"knativebrokerttl\" not found"}
{"level":"info","ts":"2019-12-03T21:04:47.225Z","logger":"broker_ingress","caller":"ingress/ingress_handler.go:120","msg":"Error retrieving TTL, defaulting.","commit":"7655d9c","error":"\"knativebrokerttl\" not found"}
{"level":"info","ts":"2019-12-03T21:04:47.228Z","logger":"broker_ingress","caller":"ingress/ingress_handler.go:120","msg":"Error retrieving TTL, defaulting.","commit":"7655d9c","error":"\"knativebrokerttl\" not found"}
{"level":"info","ts":"2019-12-03T21:04:47.228Z","logger":"broker_ingress","caller":"ingress/ingress_handler.go:120","msg":"Error retrieving TTL, defaulting.","commit":"7655d9c","error":"\"knativebrokerttl\" not found"}
{"level":"info","ts":"2019-12-03T21:04:47.229Z","logger":"broker_ingress","caller":"ingress/ingress_handler.go:120","msg":"Error retrieving TTL, defaulting.","commit":"7655d9c","error":"\"knativebrokerttl\" not found"}
{"level":"info","ts":"2019-12-03T21:04:47.241Z","logger":"broker_ingress","caller":"ingress/ingress_handler.go:120","msg":"Error retrieving TTL, defaulting.","commit":"7655d9c","error":"\"knativebrokerttl\" not found"}
{"level":"info","ts":"2019-12-03T21:04:47.250Z","logger":"broker_ingress","caller":"ingress/ingress_handler.go:120","msg":"Error retrieving TTL, defaulting.","commit":"7655d9c","error":"\"knativebrokerttl\" not found"}
{"level":"info","ts":"2019-12-03T21:04:47.251Z","logger":"broker_ingress","caller":"ingress/ingress_handler.go:120","msg":"Error retrieving TTL, defaulting.","commit":"7655d9c","error":"\"knativebrokerttl\" not found"}
{"level":"info","ts":"2019-12-03T21:04:47.253Z","logger":"broker_ingress","caller":"ingress/ingress_handler.go:120","msg":"Error retrieving TTL, defaulting.","commit":"7655d9c","error":"\"knativebrokerttl\" not found"}
{"level":"info","ts":"2019-12-03T21:04:47.253Z","logger":"broker_ingress","caller":"ingress/ingress_handler.go:120","msg":"Error retrieving TTL, defaulting.","commit":"7655d9c","error":"\"knativebrokerttl\" not found"}
{"level":"info","ts":"2019-12-03T21:04:47.253Z","logger":"broker_ingress","caller":"ingress/ingress_handler.go:120","msg":"Error retrieving TTL, defaulting.","commit":"7655d9c","error":"\"knativebrokerttl\" not found"}
{"level":"info","ts":"2019-12-03T21:04:47.253Z","logger":"broker_ingress","caller":"ingress/ingress_handler.go:120","msg":"Error retrieving TTL, defaulting.","commit":"7655d9c","error":"\"knativebrokerttl\" not found"}
{"level":"info","ts":"2019-12-03T21:04:47.253Z","logger":"broker_ingress","caller":"ingress/ingress_handler.go:120","msg":"Error retrieving TTL, defaulting.","commit":"7655d9c","error":"\"knativebrokerttl\" not found"}
{"level":"info","ts":"2019-12-03T21:04:47.255Z","logger":"broker_ingress","caller":"ingress/ingress_handler.go:120","msg":"Error retrieving TTL, defaulting.","commit":"7655d9c","error":"\"knativebrokerttl\" not found"}
{"level":"info","ts":"2019-12-03T21:04:47.255Z","logger":"broker_ingress","caller":"ingress/ingress_handler.go:120","msg":"Error retrieving TTL, defaulting.","commit":"7655d9c","error":"\"knativebrokerttl\" not found"}
{"level":"info","ts":"2019-12-03T21:04:47.255Z","logger":"broker_ingress","caller":"ingress/ingress_handler.go:120","msg":"Error retrieving TTL, defaulting.","commit":"7655d9c","error":"\"knativebrokerttl\" not found"}
{"level":"info","ts":"2019-12-03T21:04:47.255Z","logger":"broker_ingress","caller":"ingress/ingress_handler.go:120","msg":"Error retrieving TTL, defaulting.","commit":"7655d9c","error":"\"knativebrokerttl\" not found"}
{"level":"info","ts":"2019-12-03T21:04:47.256Z","logger":"broker_ingress","caller":"ingress/ingress_handler.go:120","msg":"Error retrieving TTL, defaulting.","commit":"7655d9c","error":"\"knativebrokerttl\" not found"}
{"level":"info","ts":"2019-12-03T21:04:47.256Z","logger":"broker_ingress","caller":"ingress/ingress_handler.go:120","msg":"Error retrieving TTL, defaulting.","commit":"7655d9c","error":"\"knativebrokerttl\" not found"}
{"level":"info","ts":"2019-12-03T21:04:47.256Z","logger":"broker_ingress","caller":"ingress/ingress_handler.go:120","msg":"Error retrieving TTL, defaulting.","commit":"7655d9c","error":"\"knativebrokerttl\" not found"}
{"level":"info","ts":"2019-12-03T21:04:47.242Z","logger":"broker_ingress","caller":"ingress/ingress_handler.go:120","msg":"Error retrieving TTL, defaulting.","commit":"7655d9c","error":"\"knativebrokerttl\" not found"}
{"level":"info","ts":"2019-12-03T21:04:47.256Z","logger":"broker_ingress","caller":"ingress/ingress_handler.go:120","msg":"Error retrieving TTL, defaulting.","commit":"7655d9c","error":"\"knativebrokerttl\" not found"}
{"level":"info","ts":"2019-12-03T21:04:47.256Z","logger":"broker_ingress","caller":"ingress/ingress_handler.go:120","msg":"Error retrieving TTL, defaulting.","commit":"7655d9c","error":"\"knativebrokerttl\" not found"}
{"level":"info","ts":"2019-12-03T21:04:47.256Z","logger":"broker_ingress","caller":"ingress/ingress_handler.go:120","msg":"Error retrieving TTL, defaulting.","commit":"7655d9c","error":"\"knativebrokerttl\" not found"}
{"level":"info","ts":"2019-12-03T21:04:47.257Z","logger":"broker_ingress","caller":"ingress/ingress_handler.go:120","msg":"Error retrieving TTL, defaulting.","commit":"7655d9c","error":"\"knativebrokerttl\" not found"}
{"level":"info","ts":"2019-12-03T21:04:47.257Z","logger":"broker_ingress","caller":"ingress/ingress_handler.go:120","msg":"Error retrieving TTL, defaulting.","commit":"7655d9c","error":"\"knativebrokerttl\" not found"}
{"level":"info","ts":"2019-12-03T21:04:47.257Z","logger":"broker_ingress","caller":"ingress/ingress_handler.go:120","msg":"Error retrieving TTL, defaulting.","commit":"7655d9c","error":"\"knativebrokerttl\" not found"}
{"level":"info","ts":"2019-12-03T21:04:47.257Z","logger":"broker_ingress","caller":"ingress/ingress_handler.go:120","msg":"Error retrieving TTL, defaulting.","commit":"7655d9c","error":"\"knativebrokerttl\" not found"}
{"level":"info","ts":"2019-12-03T21:04:47.258Z","logger":"broker_ingress","caller":"ingress/ingress_handler.go:120","msg":"Error retrieving TTL, defaulting.","commit":"7655d9c","error":"\"knativebrokerttl\" not found"}
{"level":"info","ts":"2019-12-03T21:04:47.258Z","logger":"broker_ingress","caller":"ingress/ingress_handler.go:120","msg":"Error retrieving TTL, defaulting.","commit":"7655d9c","error":"\"knativebrokerttl\" not found"}
{"level":"info","ts":"2019-12-03T21:04:47.259Z","logger":"broker_ingress","caller":"ingress/ingress_handler.go:120","msg":"Error retrieving TTL, defaulting.","commit":"7655d9c","error":"\"knativebrokerttl\" not found"}
{"level":"info","ts":"2019-12-03T21:04:47.259Z","logger":"broker_ingress","caller":"ingress/ingress_handler.go:120","msg":"Error retrieving TTL, defaulting.","commit":"7655d9c","error":"\"knativebrokerttl\" not found"}
{"level":"info","ts":"2019-12-03T21:04:47.260Z","logger":"broker_ingress","caller":"ingress/ingress_handler.go:120","msg":"Error retrieving TTL, defaulting.","commit":"7655d9c","error":"\"knativebrokerttl\" not found"}
{"level":"info","ts":"2019-12-03T21:04:47.260Z","logger":"broker_ingress","caller":"ingress/ingress_handler.go:120","msg":"Error retrieving TTL, defaulting.","commit":"7655d9c","error":"\"knativebrokerttl\" not found"}
{"level":"info","ts":"2019-12-03T21:04:47.261Z","logger":"broker_ingress","caller":"ingress/ingress_handler.go:120","msg":"Error retrieving TTL, defaulting.","commit":"7655d9c","error":"\"knativebrokerttl\" not found"}
{"level":"info","ts":"2019-12-03T21:04:47.261Z","logger":"broker_ingress","caller":"ingress/ingress_handler.go:120","msg":"Error retrieving TTL, defaulting.","commit":"7655d9c","error":"\"knativebrokerttl\" not found"}
{"level":"info","ts":"2019-12-03T21:04:47.261Z","logger":"broker_ingress","caller":"ingress/ingress_handler.go:120","msg":"Error retrieving TTL, defaulting.","commit":"7655d9c","error":"\"knativebrokerttl\" not found"}
{"level":"info","ts":"2019-12-03T21:04:47.261Z","logger":"broker_ingress","caller":"ingress/ingress_handler.go:120","msg":"Error retrieving TTL, defaulting.","commit":"7655d9c","error":"\"knativebrokerttl\" not found"}
{"level":"info","ts":"2019-12-03T21:04:47.262Z","logger":"broker_ingress","caller":"ingress/ingress_handler.go:120","msg":"Error retrieving TTL, defaulting.","commit":"7655d9c","error":"\"knativebrokerttl\" not found"}
{"level":"info","ts":"2019-12-03T21:04:47.262Z","logger":"broker_ingress","caller":"ingress/ingress_handler.go:120","msg":"Error retrieving TTL, defaulting.","commit":"7655d9c","error":"\"knativebrokerttl\" not found"}
{"level":"info","ts":"2019-12-03T21:04:47.266Z","logger":"broker_ingress","caller":"ingress/ingress_handler.go:120","msg":"Error retrieving TTL, defaulting.","commit":"7655d9c","error":"\"knativebrokerttl\" not found"}
{"level":"info","ts":"2019-12-03T21:04:47.271Z","logger":"broker_ingress","caller":"ingress/ingress_handler.go:120","msg":"Error retrieving TTL, defaulting.","commit":"7655d9c","error":"\"knativebrokerttl\" not found"}
{"level":"info","ts":"2019-12-03T21:04:47.272Z","logger":"broker_ingress","caller":"ingress/ingress_handler.go:120","msg":"Error retrieving TTL, defaulting.","commit":"7655d9c","error":"\"knativebrokerttl\" not found"}
{"level":"info","ts":"2019-12-03T21:04:47.275Z","logger":"broker_ingress","caller":"ingress/ingress_handler.go:120","msg":"Error retrieving TTL, defaulting.","commit":"7655d9c","error":"\"knativebrokerttl\" not found"}
{"level":"info","ts":"2019-12-03T21:04:47.277Z","logger":"broker_ingress","caller":"ingress/ingress_handler.go:120","msg":"Error retrieving TTL, defaulting.","commit":"7655d9c","error":"\"knativebrokerttl\" not found"}
{"level":"info","ts":"2019-12-03T21:04:47.279Z","logger":"broker_ingress","caller":"ingress/ingress_handler.go:120","msg":"Error retrieving TTL, defaulting.","commit":"7655d9c","error":"\"knativebrokerttl\" not found"}
{"level":"info","ts":"2019-12-03T21:04:47.280Z","logger":"broker_ingress","caller":"ingress/ingress_handler.go:120","msg":"Error retrieving TTL, defaulting.","commit":"7655d9c","error":"\"knativebrokerttl\" not found"}
{"level":"info","ts":"2019-12-03T21:04:47.280Z","logger":"broker_ingress","caller":"ingress/ingress_handler.go:120","msg":"Error retrieving TTL, defaulting.","commit":"7655d9c","error":"\"knativebrokerttl\" not found"}
{"level":"info","ts":"2019-12-03T21:04:47.278Z","logger":"broker_ingress","caller":"ingress/ingress_handler.go:120","msg":"Error retrieving TTL, defaulting.","commit":"7655d9c","error":"\"knativebrokerttl\" not found"}
{"level":"info","ts":"2019-12-03T21:04:47.281Z","logger":"broker_ingress","caller":"ingress/ingress_handler.go:120","msg":"Error retrieving TTL, defaulting.","commit":"7655d9c","error":"\"knativebrokerttl\" not found"}
{"level":"info","ts":"2019-12-03T21:04:47.282Z","logger":"broker_ingress","caller":"ingress/ingress_handler.go:120","msg":"Error retrieving TTL, defaulting.","commit":"7655d9c","error":"\"knativebrokerttl\" not found"}
{"level":"info","ts":"2019-12-03T21:04:47.282Z","logger":"broker_ingress","caller":"ingress/ingress_handler.go:120","msg":"Error retrieving TTL, defaulting.","commit":"7655d9c","error":"\"knativebrokerttl\" not found"}
{"level":"info","ts":"2019-12-03T21:04:47.283Z","logger":"broker_ingress","caller":"ingress/ingress_handler.go:120","msg":"Error retrieving TTL, defaulting.","commit":"7655d9c","error":"\"knativebrokerttl\" not found"}
{"level":"info","ts":"2019-12-03T21:04:47.283Z","logger":"broker_ingress","caller":"ingress/ingress_handler.go:120","msg":"Error retrieving TTL, defaulting.","commit":"7655d9c","error":"\"knativebrokerttl\" not found"}
{"level":"info","ts":"2019-12-03T21:04:47.276Z","logger":"broker_ingress","caller":"ingress/ingress_handler.go:120","msg":"Error retrieving TTL, defaulting.","commit":"7655d9c","error":"\"knativebrokerttl\" not found"}
{"level":"info","ts":"2019-12-03T21:04:47.284Z","logger":"broker_ingress","caller":"ingress/ingress_handler.go:120","msg":"Error retrieving TTL, defaulting.","commit":"7655d9c","error":"\"knativebrokerttl\" not found"}
{"level":"info","ts":"2019-12-03T21:04:47.284Z","logger":"broker_ingress","caller":"ingress/ingress_handler.go:120","msg":"Error retrieving TTL, defaulting.","commit":"7655d9c","error":"\"knativebrokerttl\" not found"}
{"level":"info","ts":"2019-12-03T21:04:47.285Z","logger":"broker_ingress","caller":"ingress/ingress_handler.go:120","msg":"Error retrieving TTL, defaulting.","commit":"7655d9c","error":"\"knativebrokerttl\" not found"}
{"level":"info","ts":"2019-12-03T21:04:47.303Z","logger":"broker_ingress","caller":"ingress/ingress_handler.go:120","msg":"Error retrieving TTL, defaulting.","commit":"7655d9c","error":"\"knativebrokerttl\" not found"}
{"level":"info","ts":"2019-12-03T21:04:47.304Z","logger":"broker_ingress","caller":"ingress/ingress_handler.go:120","msg":"Error retrieving TTL, defaulting.","commit":"7655d9c","error":"\"knativebrokerttl\" not found"}
{"level":"info","ts":"2019-12-03T21:04:47.305Z","logger":"broker_ingress","caller":"ingress/ingress_handler.go:120","msg":"Error retrieving TTL, defaulting.","commit":"7655d9c","error":"\"knativebrokerttl\" not found"}
{"level":"info","ts":"2019-12-03T21:04:47.305Z","logger":"broker_ingress","caller":"ingress/ingress_handler.go:120","msg":"Error retrieving TTL, defaulting.","commit":"7655d9c","error":"\"knativebrokerttl\" not found"}
{"level":"info","ts":"2019-12-03T21:04:47.306Z","logger":"broker_ingress","caller":"ingress/ingress_handler.go:120","msg":"Error retrieving TTL, defaulting.","commit":"7655d9c","error":"\"knativebrokerttl\" not found"}
{"level":"info","ts":"2019-12-03T21:04:47.309Z","logger":"broker_ingress","caller":"ingress/ingress_handler.go:120","msg":"Error retrieving TTL, defaulting.","commit":"7655d9c","error":"\"knativebrokerttl\" not found"}
{"level":"info","ts":"2019-12-03T21:04:47.309Z","logger":"broker_ingress","caller":"ingress/ingress_handler.go:120","msg":"Error retrieving TTL, defaulting.","commit":"7655d9c","error":"\"knativebrokerttl\" not found"}
{"level":"info","ts":"2019-12-03T21:04:47.310Z","logger":"broker_ingress","caller":"ingress/ingress_handler.go:120","msg":"Error retrieving TTL, defaulting.","commit":"7655d9c","error":"\"knativebrokerttl\" not found"}
{"level":"info","ts":"2019-12-03T21:04:47.310Z","logger":"broker_ingress","caller":"ingress/ingress_handler.go:120","msg":"Error retrieving TTL, defaulting.","commit":"7655d9c","error":"\"knativebrokerttl\" not found"}
{"level":"info","ts":"2019-12-03T21:04:47.310Z","logger":"broker_ingress","caller":"ingress/ingress_handler.go:120","msg":"Error retrieving TTL, defaulting.","commit":"7655d9c","error":"\"knativebrokerttl\" not found"}
{"level":"info","ts":"2019-12-03T21:04:47.310Z","logger":"broker_ingress","caller":"ingress/ingress_handler.go:120","msg":"Error retrieving TTL, defaulting.","commit":"7655d9c","error":"\"knativebrokerttl\" not found"}
{"level":"info","ts":"2019-12-03T21:04:47.313Z","logger":"broker_ingress","caller":"ingress/ingress_handler.go:120","msg":"Error retrieving TTL, defaulting.","commit":"7655d9c","error":"\"knativebrokerttl\" not found"}
{"level":"info","ts":"2019-12-03T21:04:47.319Z","logger":"broker_ingress","caller":"ingress/ingress_handler.go:120","msg":"Error retrieving TTL, defaulting.","commit":"7655d9c","error":"\"knativebrokerttl\" not found"}
{"level":"info","ts":"2019-12-03T21:04:47.320Z","logger":"broker_ingress","caller":"ingress/ingress_handler.go:120","msg":"Error retrieving TTL, defaulting.","commit":"7655d9c","error":"\"knativebrokerttl\" not found"}
{"level":"info","ts":"2019-12-03T21:04:47.337Z","logger":"broker_ingress","caller":"ingress/ingress_handler.go:120","msg":"Error retrieving TTL, defaulting.","commit":"7655d9c","error":"\"knativebrokerttl\" not found"}
{"level":"info","ts":"2019-12-03T21:04:47.339Z","logger":"broker_ingress","caller":"ingress/ingress_handler.go:120","msg":"Error retrieving TTL, defaulting.","commit":"7655d9c","error":"\"knativebrokerttl\" not found"}
{"level":"info","ts":"2019-12-03T21:04:47.340Z","logger":"broker_ingress","caller":"ingress/ingress_handler.go:120","msg":"Error retrieving TTL, defaulting.","commit":"7655d9c","error":"\"knativebrokerttl\" not found"}
{"level":"info","ts":"2019-12-03T21:04:47.341Z","logger":"broker_ingress","caller":"ingress/ingress_handler.go:120","msg":"Error retrieving TTL, defaulting.","commit":"7655d9c","error":"\"knativebrokerttl\" not found"}
{"level":"info","ts":"2019-12-03T21:04:47.342Z","logger":"broker_ingress","caller":"ingress/ingress_handler.go:120","msg":"Error retrieving TTL, defaulting.","commit":"7655d9c","error":"\"knativebrokerttl\" not found"}
{"level":"info","ts":"2019-12-03T21:04:47.343Z","logger":"broker_ingress","caller":"ingress/ingress_handler.go:120","msg":"Error retrieving TTL, defaulting.","commit":"7655d9c","error":"\"knativebrokerttl\" not found"}
{"level":"info","ts":"2019-12-03T21:04:47.344Z","logger":"broker_ingress","caller":"ingress/ingress_handler.go:120","msg":"Error retrieving TTL, defaulting.","commit":"7655d9c","error":"\"knativebrokerttl\" not found"}
{"level":"info","ts":"2019-12-03T21:04:47.345Z","logger":"broker_ingress","caller":"ingress/ingress_handler.go:120","msg":"Error retrieving TTL, defaulting.","commit":"7655d9c","error":"\"knativebrokerttl\" not found"}
{"level":"info","ts":"2019-12-03T21:04:47.345Z","logger":"broker_ingress","caller":"ingress/ingress_handler.go:120","msg":"Error retrieving TTL, defaulting.","commit":"7655d9c","error":"\"knativebrokerttl\" not found"}
{"level":"info","ts":"2019-12-03T21:04:47.347Z","logger":"broker_ingress","caller":"ingress/ingress_handler.go:120","msg":"Error retrieving TTL, defaulting.","commit":"7655d9c","error":"\"knativebrokerttl\" not found"}
{"level":"info","ts":"2019-12-03T21:04:47.348Z","logger":"broker_ingress","caller":"ingress/ingress_handler.go:120","msg":"Error retrieving TTL, defaulting.","commit":"7655d9c","error":"\"knativebrokerttl\" not found"}
{"level":"info","ts":"2019-12-03T21:04:47.349Z","logger":"broker_ingress","caller":"ingress/ingress_handler.go:120","msg":"Error retrieving TTL, defaulting.","commit":"7655d9c","error":"\"knativebrokerttl\" not found"}
{"level":"info","ts":"2019-12-03T21:04:47.350Z","logger":"broker_ingress","caller":"ingress/ingress_handler.go:120","msg":"Error retrieving TTL, defaulting.","commit":"7655d9c","error":"\"knativebrokerttl\" not found"}
{"level":"info","ts":"2019-12-03T21:04:47.351Z","logger":"broker_ingress","caller":"ingress/ingress_handler.go:120","msg":"Error retrieving TTL, defaulting.","commit":"7655d9c","error":"\"knativebrokerttl\" not found"}
{"level":"info","ts":"2019-12-03T21:04:47.355Z","logger":"broker_ingress","caller":"ingress/ingress_handler.go:120","msg":"Error retrieving TTL, defaulting.","commit":"7655d9c","error":"\"knativebrokerttl\" not found"}
{"level":"info","ts":"2019-12-03T21:04:47.356Z","logger":"broker_ingress","caller":"ingress/ingress_handler.go:120","msg":"Error retrieving TTL, defaulting.","commit":"7655d9c","error":"\"knativebrokerttl\" not found"}
{"level":"info","ts":"2019-12-03T21:04:47.358Z","logger":"broker_ingress","caller":"ingress/ingress_handler.go:120","msg":"Error retrieving TTL, defaulting.","commit":"7655d9c","error":"\"knativebrokerttl\" not found"}
{"level":"info","ts":"2019-12-03T21:04:47.361Z","logger":"broker_ingress","caller":"ingress/ingress_handler.go:120","msg":"Error retrieving TTL, defaulting.","commit":"7655d9c","error":"\"knativebrokerttl\" not found"}
{"level":"info","ts":"2019-12-03T21:04:47.362Z","logger":"broker_ingress","caller":"ingress/ingress_handler.go:120","msg":"Error retrieving TTL, defaulting.","commit":"7655d9c","error":"\"knativebrokerttl\" not found"}
{"level":"info","ts":"2019-12-03T21:04:47.362Z","logger":"broker_ingress","caller":"ingress/ingress_handler.go:120","msg":"Error retrieving TTL, defaulting.","commit":"7655d9c","error":"\"knativebrokerttl\" not found"}
{"level":"info","ts":"2019-12-03T21:04:47.365Z","logger":"broker_ingress","caller":"ingress/ingress_handler.go:120","msg":"Error retrieving TTL, defaulting.","commit":"7655d9c","error":"\"knativebrokerttl\" not found"}
{"level":"info","ts":"2019-12-03T21:04:47.366Z","logger":"broker_ingress","caller":"ingress/ingress_handler.go:120","msg":"Error retrieving TTL, defaulting.","commit":"7655d9c","error":"\"knativebrokerttl\" not found"}
{"level":"info","ts":"2019-12-03T21:04:47.368Z","logger":"broker_ingress","caller":"ingress/ingress_handler.go:120","msg":"Error retrieving TTL, defaulting.","commit":"7655d9c","error":"\"knativebrokerttl\" not found"}
{"level":"info","ts":"2019-12-03T21:04:47.368Z","logger":"broker_ingress","caller":"ingress/ingress_handler.go:120","msg":"Error retrieving TTL, defaulting.","commit":"7655d9c","error":"\"knativebrokerttl\" not found"}
{"level":"info","ts":"2019-12-03T21:04:47.369Z","logger":"broker_ingress","caller":"ingress/ingress_handler.go:120","msg":"Error retrieving TTL, defaulting.","commit":"7655d9c","error":"\"knativebrokerttl\" not found"}
{"level":"info","ts":"2019-12-03T21:04:47.370Z","logger":"broker_ingress","caller":"ingress/ingress_handler.go:120","msg":"Error retrieving TTL, defaulting.","commit":"7655d9c","error":"\"knativebrokerttl\" not found"}
{"level":"info","ts":"2019-12-03T21:04:47.370Z","logger":"broker_ingress","caller":"ingress/ingress_handler.go:120","msg":"Error retrieving TTL, defaulting.","commit":"7655d9c","error":"\"knativebrokerttl\" not found"}
{"level":"info","ts":"2019-12-03T21:04:47.370Z","logger":"broker_ingress","caller":"ingress/ingress_handler.go:120","msg":"Error retrieving TTL, defaulting.","commit":"7655d9c","error":"\"knativebrokerttl\" not found"}
{"level":"info","ts":"2019-12-03T21:04:47.371Z","logger":"broker_ingress","caller":"ingress/ingress_handler.go:120","msg":"Error retrieving TTL, defaulting.","commit":"7655d9c","error":"\"knativebrokerttl\" not found"}
{"level":"info","ts":"2019-12-03T21:04:47.376Z","logger":"broker_ingress","caller":"ingress/ingress_handler.go:120","msg":"Error retrieving TTL, defaulting.","commit":"7655d9c","error":"\"knativebrokerttl\" not found"}
{"level":"info","ts":"2019-12-03T21:04:47.378Z","logger":"broker_ingress","caller":"ingress/ingress_handler.go:120","msg":"Error retrieving TTL, defaulting.","commit":"7655d9c","error":"\"knativebrokerttl\" not found"}
{"level":"info","ts":"2019-12-03T21:04:47.379Z","logger":"broker_ingress","caller":"ingress/ingress_handler.go:120","msg":"Error retrieving TTL, defaulting.","commit":"7655d9c","error":"\"knativebrokerttl\" not found"}
{"level":"info","ts":"2019-12-03T21:04:47.379Z","logger":"broker_ingress","caller":"ingress/ingress_handler.go:120","msg":"Error retrieving TTL, defaulting.","commit":"7655d9c","error":"\"knativebrokerttl\" not found"}
{"level":"info","ts":"2019-12-03T21:04:47.381Z","logger":"broker_ingress","caller":"ingress/ingress_handler.go:120","msg":"Error retrieving TTL, defaulting.","commit":"7655d9c","error":"\"knativebrokerttl\" not found"}
{"level":"info","ts":"2019-12-03T21:04:47.382Z","logger":"broker_ingress","caller":"ingress/ingress_handler.go:120","msg":"Error retrieving TTL, defaulting.","commit":"7655d9c","error":"\"knativebrokerttl\" not found"}
{"level":"info","ts":"2019-12-03T21:04:47.382Z","logger":"broker_ingress","caller":"ingress/ingress_handler.go:120","msg":"Error retrieving TTL, defaulting.","commit":"7655d9c","error":"\"knativebrokerttl\" not found"}
{"level":"info","ts":"2019-12-03T21:04:47.383Z","logger":"broker_ingress","caller":"ingress/ingress_handler.go:120","msg":"Error retrieving TTL, defaulting.","commit":"7655d9c","error":"\"knativebrokerttl\" not found"}
{"level":"info","ts":"2019-12-03T21:04:47.384Z","logger":"broker_ingress","caller":"ingress/ingress_handler.go:120","msg":"Error retrieving TTL, defaulting.","commit":"7655d9c","error":"\"knativebrokerttl\" not found"}
{"level":"info","ts":"2019-12-03T21:04:47.384Z","logger":"broker_ingress","caller":"ingress/ingress_handler.go:120","msg":"Error retrieving TTL, defaulting.","commit":"7655d9c","error":"\"knativebrokerttl\" not found"}
{"level":"info","ts":"2019-12-03T21:04:47.384Z","logger":"broker_ingress","caller":"ingress/ingress_handler.go:120","msg":"Error retrieving TTL, defaulting.","commit":"7655d9c","error":"\"knativebrokerttl\" not found"}
{"level":"info","ts":"2019-12-03T21:04:47.385Z","logger":"broker_ingress","caller":"ingress/ingress_handler.go:120","msg":"Error retrieving TTL, defaulting.","commit":"7655d9c","error":"\"knativebrokerttl\" not found"}
{"level":"info","ts":"2019-12-03T21:04:47.387Z","logger":"broker_ingress","caller":"ingress/ingress_handler.go:120","msg":"Error retrieving TTL, defaulting.","commit":"7655d9c","error":"\"knativebrokerttl\" not found"}
{"level":"info","ts":"2019-12-03T21:04:47.388Z","logger":"broker_ingress","caller":"ingress/ingress_handler.go:120","msg":"Error retrieving TTL, defaulting.","commit":"7655d9c","error":"\"knativebrokerttl\" not found"}
{"level":"info","ts":"2019-12-03T21:04:47.389Z","logger":"broker_ingress","caller":"ingress/ingress_handler.go:120","msg":"Error retrieving TTL, defaulting.","commit":"7655d9c","error":"\"knativebrokerttl\" not found"}
{"level":"info","ts":"2019-12-03T21:04:47.389Z","logger":"broker_ingress","caller":"ingress/ingress_handler.go:120","msg":"Error retrieving TTL, defaulting.","commit":"7655d9c","error":"\"knativebrokerttl\" not found"}
{"level":"info","ts":"2019-12-03T21:04:47.389Z","logger":"broker_ingress","caller":"ingress/ingress_handler.go:120","msg":"Error retrieving TTL, defaulting.","commit":"7655d9c","error":"\"knativebrokerttl\" not found"}
{"level":"info","ts":"2019-12-03T21:04:47.391Z","logger":"broker_ingress","caller":"ingress/ingress_handler.go:120","msg":"Error retrieving TTL, defaulting.","commit":"7655d9c","error":"\"knativebrokerttl\" not found"}
{"level":"info","ts":"2019-12-03T21:04:47.392Z","logger":"broker_ingress","caller":"ingress/ingress_handler.go:120","msg":"Error retrieving TTL, defaulting.","commit":"7655d9c","error":"\"knativebrokerttl\" not found"}
{"level":"info","ts":"2019-12-03T21:04:47.393Z","logger":"broker_ingress","caller":"ingress/ingress_handler.go:120","msg":"Error retrieving TTL, defaulting.","commit":"7655d9c","error":"\"knativebrokerttl\" not found"}
{"level":"info","ts":"2019-12-03T21:04:47.394Z","logger":"broker_ingress","caller":"ingress/ingress_handler.go:120","msg":"Error retrieving TTL, defaulting.","commit":"7655d9c","error":"\"knativebrokerttl\" not found"}
{"level":"info","ts":"2019-12-03T21:04:47.394Z","logger":"broker_ingress","caller":"ingress/ingress_handler.go:120","msg":"Error retrieving TTL, defaulting.","commit":"7655d9c","error":"\"knativebrokerttl\" not found"}
{"level":"info","ts":"2019-12-03T21:04:47.394Z","logger":"broker_ingress","caller":"ingress/ingress_handler.go:120","msg":"Error retrieving TTL, defaulting.","commit":"7655d9c","error":"\"knativebrokerttl\" not found"}
{"level":"info","ts":"2019-12-03T21:04:47.395Z","logger":"broker_ingress","caller":"ingress/ingress_handler.go:120","msg":"Error retrieving TTL, defaulting.","commit":"7655d9c","error":"\"knativebrokerttl\" not found"}
{"level":"info","ts":"2019-12-03T21:04:47.395Z","logger":"broker_ingress","caller":"ingress/ingress_handler.go:120","msg":"Error retrieving TTL, defaulting.","commit":"7655d9c","error":"\"knativebrokerttl\" not found"}
{"level":"info","ts":"2019-12-03T21:04:47.396Z","logger":"broker_ingress","caller":"ingress/ingress_handler.go:120","msg":"Error retrieving TTL, defaulting.","commit":"7655d9c","error":"\"knativebrokerttl\" not found"}
{"level":"info","ts":"2019-12-03T21:04:47.398Z","logger":"broker_ingress","caller":"ingress/ingress_handler.go:120","msg":"Error retrieving TTL, defaulting.","commit":"7655d9c","error":"\"knativebrokerttl\" not found"}
{"level":"info","ts":"2019-12-03T21:04:47.399Z","logger":"broker_ingress","caller":"ingress/ingress_handler.go:120","msg":"Error retrieving TTL, defaulting.","commit":"7655d9c","error":"\"knativebrokerttl\" not found"}
{"level":"info","ts":"2019-12-03T21:04:47.401Z","logger":"broker_ingress","caller":"ingress/ingress_handler.go:120","msg":"Error retrieving TTL, defaulting.","commit":"7655d9c","error":"\"knativebrokerttl\" not found"}
{"level":"info","ts":"2019-12-03T21:04:47.402Z","logger":"broker_ingress","caller":"ingress/ingress_handler.go:120","msg":"Error retrieving TTL, defaulting.","commit":"7655d9c","error":"\"knativebrokerttl\" not found"}
{"level":"info","ts":"2019-12-03T21:04:47.402Z","logger":"broker_ingress","caller":"ingress/ingress_handler.go:120","msg":"Error retrieving TTL, defaulting.","commit":"7655d9c","error":"\"knativebrokerttl\" not found"}
{"level":"info","ts":"2019-12-03T21:04:47.402Z","logger":"broker_ingress","caller":"ingress/ingress_handler.go:120","msg":"Error retrieving TTL, defaulting.","commit":"7655d9c","error":"\"knativebrokerttl\" not found"}
{"level":"info","ts":"2019-12-03T21:04:47.403Z","logger":"broker_ingress","caller":"ingress/ingress_handler.go:120","msg":"Error retrieving TTL, defaulting.","commit":"7655d9c","error":"\"knativebrokerttl\" not found"}
{"level":"info","ts":"2019-12-03T21:04:47.403Z","logger":"broker_ingress","caller":"ingress/ingress_handler.go:120","msg":"Error retrieving TTL, defaulting.","commit":"7655d9c","error":"\"knativebrokerttl\" not found"}
{"level":"info","ts":"2019-12-03T21:04:47.404Z","logger":"broker_ingress","caller":"ingress/ingress_handler.go:120","msg":"Error retrieving TTL, defaulting.","commit":"7655d9c","error":"\"knativebrokerttl\" not found"}
{"level":"info","ts":"2019-12-03T21:04:47.404Z","logger":"broker_ingress","caller":"ingress/ingress_handler.go:120","msg":"Error retrieving TTL, defaulting.","commit":"7655d9c","error":"\"knativebrokerttl\" not found"}
{"level":"info","ts":"2019-12-03T21:04:47.405Z","logger":"broker_ingress","caller":"ingress/ingress_handler.go:120","msg":"Error retrieving TTL, defaulting.","commit":"7655d9c","error":"\"knativebrokerttl\" not found"}
{"level":"info","ts":"2019-12-03T21:04:47.405Z","logger":"broker_ingress","caller":"ingress/ingress_handler.go:120","msg":"Error retrieving TTL, defaulting.","commit":"7655d9c","error":"\"knativebrokerttl\" not found"}
{"level":"info","ts":"2019-12-03T21:04:47.407Z","logger":"broker_ingress","caller":"ingress/ingress_handler.go:120","msg":"Error retrieving TTL, defaulting.","commit":"7655d9c","error":"\"knativebrokerttl\" not found"}
{"level":"info","ts":"2019-12-03T21:04:47.408Z","logger":"broker_ingress","caller":"ingress/ingress_handler.go:120","msg":"Error retrieving TTL, defaulting.","commit":"7655d9c","error":"\"knativebrokerttl\" not found"}
{"level":"info","ts":"2019-12-03T21:04:47.408Z","logger":"broker_ingress","caller":"ingress/ingress_handler.go:120","msg":"Error retrieving TTL, defaulting.","commit":"7655d9c","error":"\"knativebrokerttl\" not found"}
{"level":"info","ts":"2019-12-03T21:04:47.409Z","logger":"broker_ingress","caller":"ingress/ingress_handler.go:120","msg":"Error retrieving TTL, defaulting.","commit":"7655d9c","error":"\"knativebrokerttl\" not found"}
{"level":"info","ts":"2019-12-03T21:04:47.409Z","logger":"broker_ingress","caller":"ingress/ingress_handler.go:120","msg":"Error retrieving TTL, defaulting.","commit":"7655d9c","error":"\"knativebrokerttl\" not found"}
{"level":"info","ts":"2019-12-03T21:04:47.409Z","logger":"broker_ingress","caller":"ingress/ingress_handler.go:120","msg":"Error retrieving TTL, defaulting.","commit":"7655d9c","error":"\"knativebrokerttl\" not found"}
{"level":"info","ts":"2019-12-03T21:04:47.410Z","logger":"broker_ingress","caller":"ingress/ingress_handler.go:120","msg":"Error retrieving TTL, defaulting.","commit":"7655d9c","error":"\"knativebrokerttl\" not found"}
{"level":"info","ts":"2019-12-03T21:04:47.410Z","logger":"broker_ingress","caller":"ingress/ingress_handler.go:120","msg":"Error retrieving TTL, defaulting.","commit":"7655d9c","error":"\"knativebrokerttl\" not found"}
{"level":"info","ts":"2019-12-03T21:04:47.411Z","logger":"broker_ingress","caller":"ingress/ingress_handler.go:120","msg":"Error retrieving TTL, defaulting.","commit":"7655d9c","error":"\"knativebrokerttl\" not found"}
{"level":"info","ts":"2019-12-03T21:04:47.412Z","logger":"broker_ingress","caller":"ingress/ingress_handler.go:120","msg":"Error retrieving TTL, defaulting.","commit":"7655d9c","error":"\"knativebrokerttl\" not found"}
{"level":"info","ts":"2019-12-03T21:04:47.413Z","logger":"broker_ingress","caller":"ingress/ingress_handler.go:120","msg":"Error retrieving TTL, defaulting.","commit":"7655d9c","error":"\"knativebrokerttl\" not found"}
{"level":"info","ts":"2019-12-03T21:04:47.413Z","logger":"broker_ingress","caller":"ingress/ingress_handler.go:120","msg":"Error retrieving TTL, defaulting.","commit":"7655d9c","error":"\"knativebrokerttl\" not found"}
{"level":"info","ts":"2019-12-03T21:04:47.413Z","logger":"broker_ingress","caller":"ingress/ingress_handler.go:120","msg":"Error retrieving TTL, defaulting.","commit":"7655d9c","error":"\"knativebrokerttl\" not found"}
{"level":"info","ts":"2019-12-03T21:04:47.414Z","logger":"broker_ingress","caller":"ingress/ingress_handler.go:120","msg":"Error retrieving TTL, defaulting.","commit":"7655d9c","error":"\"knativebrokerttl\" not found"}
{"level":"info","ts":"2019-12-03T21:04:47.414Z","logger":"broker_ingress","caller":"ingress/ingress_handler.go:120","msg":"Error retrieving TTL, defaulting.","commit":"7655d9c","error":"\"knativebrokerttl\" not found"}
{"level":"info","ts":"2019-12-03T21:04:47.414Z","logger":"broker_ingress","caller":"ingress/ingress_handler.go:120","msg":"Error retrieving TTL, defaulting.","commit":"7655d9c","error":"\"knativebrokerttl\" not found"}
{"level":"info","ts":"2019-12-03T21:04:47.417Z","logger":"broker_ingress","caller":"ingress/ingress_handler.go:120","msg":"Error retrieving TTL, defaulting.","commit":"7655d9c","error":"\"knativebrokerttl\" not found"}
{"level":"info","ts":"2019-12-03T21:04:47.417Z","logger":"broker_ingress","caller":"ingress/ingress_handler.go:120","msg":"Error retrieving TTL, defaulting.","commit":"7655d9c","error":"\"knativebrokerttl\" not found"}
{"level":"info","ts":"2019-12-03T21:04:47.415Z","logger":"broker_ingress","caller":"ingress/ingress_handler.go:120","msg":"Error retrieving TTL, defaulting.","commit":"7655d9c","error":"\"knativebrokerttl\" not found"}
{"level":"info","ts":"2019-12-03T21:04:47.418Z","logger":"broker_ingress","caller":"ingress/ingress_handler.go:120","msg":"Error retrieving TTL, defaulting.","commit":"7655d9c","error":"\"knativebrokerttl\" not found"}
{"level":"info","ts":"2019-12-03T21:04:47.418Z","logger":"broker_ingress","caller":"ingress/ingress_handler.go:120","msg":"Error retrieving TTL, defaulting.","commit":"7655d9c","error":"\"knativebrokerttl\" not found"}
{"level":"info","ts":"2019-12-03T21:04:47.419Z","logger":"broker_ingress","caller":"ingress/ingress_handler.go:120","msg":"Error retrieving TTL, defaulting.","commit":"7655d9c","error":"\"knativebrokerttl\" not found"}
{"level":"info","ts":"2019-12-03T21:04:47.419Z","logger":"broker_ingress","caller":"ingress/ingress_handler.go:120","msg":"Error retrieving TTL, defaulting.","commit":"7655d9c","error":"\"knativebrokerttl\" not found"}
{"level":"info","ts":"2019-12-03T21:04:47.419Z","logger":"broker_ingress","caller":"ingress/ingress_handler.go:120","msg":"Error retrieving TTL, defaulting.","commit":"7655d9c","error":"\"knativebrokerttl\" not found"}
{"level":"info","ts":"2019-12-03T21:04:47.420Z","logger":"broker_ingress","caller":"ingress/ingress_handler.go:120","msg":"Error retrieving TTL, defaulting.","commit":"7655d9c","error":"\"knativebrokerttl\" not found"}
{"level":"info","ts":"2019-12-03T21:04:47.421Z","logger":"broker_ingress","caller":"ingress/ingress_handler.go:120","msg":"Error retrieving TTL, defaulting.","commit":"7655d9c","error":"\"knativebrokerttl\" not found"}
{"level":"info","ts":"2019-12-03T21:04:47.422Z","logger":"broker_ingress","caller":"ingress/ingress_handler.go:120","msg":"Error retrieving TTL, defaulting.","commit":"7655d9c","error":"\"knativebrokerttl\" not found"}
{"level":"info","ts":"2019-12-03T21:04:47.422Z","logger":"broker_ingress","caller":"ingress/ingress_handler.go:120","msg":"Error retrieving TTL, defaulting.","commit":"7655d9c","error":"\"knativebrokerttl\" not found"}
{"level":"info","ts":"2019-12-03T21:04:47.423Z","logger":"broker_ingress","caller":"ingress/ingress_handler.go:120","msg":"Error retrieving TTL, defaulting.","commit":"7655d9c","error":"\"knativebrokerttl\" not found"}
{"level":"info","ts":"2019-12-03T21:04:47.423Z","logger":"broker_ingress","caller":"ingress/ingress_handler.go:120","msg":"Error retrieving TTL, defaulting.","commit":"7655d9c","error":"\"knativebrokerttl\" not found"}
{"level":"info","ts":"2019-12-03T21:04:47.424Z","logger":"broker_ingress","caller":"ingress/ingress_handler.go:120","msg":"Error retrieving TTL, defaulting.","commit":"7655d9c","error":"\"knativebrokerttl\" not found"}
{"level":"info","ts":"2019-12-03T21:04:47.424Z","logger":"broker_ingress","caller":"ingress/ingress_handler.go:120","msg":"Error retrieving TTL, defaulting.","commit":"7655d9c","error":"\"knativebrokerttl\" not found"}
{"level":"info","ts":"2019-12-03T21:04:47.425Z","logger":"broker_ingress","caller":"ingress/ingress_handler.go:120","msg":"Error retrieving TTL, defaulting.","commit":"7655d9c","error":"\"knativebrokerttl\" not found"}
{"level":"info","ts":"2019-12-03T21:04:47.425Z","logger":"broker_ingress","caller":"ingress/ingress_handler.go:120","msg":"Error retrieving TTL, defaulting.","commit":"7655d9c","error":"\"knativebrokerttl\" not found"}
{"level":"info","ts":"2019-12-03T21:04:47.426Z","logger":"broker_ingress","caller":"ingress/ingress_handler.go:120","msg":"Error retrieving TTL, defaulting.","commit":"7655d9c","error":"\"knativebrokerttl\" not found"}
{"level":"info","ts":"2019-12-03T21:04:47.427Z","logger":"broker_ingress","caller":"ingress/ingress_handler.go:120","msg":"Error retrieving TTL, defaulting.","commit":"7655d9c","error":"\"knativebrokerttl\" not found"}
{"level":"info","ts":"2019-12-03T21:04:47.427Z","logger":"broker_ingress","caller":"ingress/ingress_handler.go:120","msg":"Error retrieving TTL, defaulting.","commit":"7655d9c","error":"\"knativebrokerttl\" not found"}
{"level":"info","ts":"2019-12-03T21:04:47.428Z","logger":"broker_ingress","caller":"ingress/ingress_handler.go:120","msg":"Error retrieving TTL, defaulting.","commit":"7655d9c","error":"\"knativebrokerttl\" not found"}
{"level":"info","ts":"2019-12-03T21:04:47.431Z","logger":"broker_ingress","caller":"ingress/ingress_handler.go:120","msg":"Error retrieving TTL, defaulting.","commit":"7655d9c","error":"\"knativebrokerttl\" not found"}
{"level":"info","ts":"2019-12-03T21:04:47.432Z","logger":"broker_ingress","caller":"ingress/ingress_handler.go:120","msg":"Error retrieving TTL, defaulting.","commit":"7655d9c","error":"\"knativebrokerttl\" not found"}
{"level":"info","ts":"2019-12-03T21:04:47.432Z","logger":"broker_ingress","caller":"ingress/ingress_handler.go:120","msg":"Error retrieving TTL, defaulting.","commit":"7655d9c","error":"\"knativebrokerttl\" not found"}
{"level":"info","ts":"2019-12-03T21:04:47.433Z","logger":"broker_ingress","caller":"ingress/ingress_handler.go:120","msg":"Error retrieving TTL, defaulting.","commit":"7655d9c","error":"\"knativebrokerttl\" not found"}
{"level":"info","ts":"2019-12-03T21:04:47.434Z","logger":"broker_ingress","caller":"ingress/ingress_handler.go:120","msg":"Error retrieving TTL, defaulting.","commit":"7655d9c","error":"\"knativebrokerttl\" not found"}
{"level":"info","ts":"2019-12-03T21:04:47.434Z","logger":"broker_ingress","caller":"ingress/ingress_handler.go:120","msg":"Error retrieving TTL, defaulting.","commit":"7655d9c","error":"\"knativebrokerttl\" not found"}
{"level":"info","ts":"2019-12-03T21:04:47.437Z","logger":"broker_ingress","caller":"ingress/ingress_handler.go:120","msg":"Error retrieving TTL, defaulting.","commit":"7655d9c","error":"\"knativebrokerttl\" not found"}
{"level":"info","ts":"2019-12-03T21:04:47.438Z","logger":"broker_ingress","caller":"ingress/ingress_handler.go:120","msg":"Error retrieving TTL, defaulting.","commit":"7655d9c","error":"\"knativebrokerttl\" not found"}
{"level":"info","ts":"2019-12-03T21:04:47.439Z","logger":"broker_ingress","caller":"ingress/ingress_handler.go:120","msg":"Error retrieving TTL, defaulting.","commit":"7655d9c","error":"\"knativebrokerttl\" not found"}
{"level":"info","ts":"2019-12-03T21:04:47.439Z","logger":"broker_ingress","caller":"ingress/ingress_handler.go:120","msg":"Error retrieving TTL, defaulting.","commit":"7655d9c","error":"\"knativebrokerttl\" not found"}
{"level":"info","ts":"2019-12-03T21:04:47.440Z","logger":"broker_ingress","caller":"ingress/ingress_handler.go:120","msg":"Error retrieving TTL, defaulting.","commit":"7655d9c","error":"\"knativebrokerttl\" not found"}
{"level":"info","ts":"2019-12-03T21:04:47.440Z","logger":"broker_ingress","caller":"ingress/ingress_handler.go:120","msg":"Error retrieving TTL, defaulting.","commit":"7655d9c","error":"\"knativebrokerttl\" not found"}
{"level":"info","ts":"2019-12-03T21:04:47.441Z","logger":"broker_ingress","caller":"ingress/ingress_handler.go:120","msg":"Error retrieving TTL, defaulting.","commit":"7655d9c","error":"\"knativebrokerttl\" not found"}
{"level":"info","ts":"2019-12-03T21:04:47.441Z","logger":"broker_ingress","caller":"ingress/ingress_handler.go:120","msg":"Error retrieving TTL, defaulting.","commit":"7655d9c","error":"\"knativebrokerttl\" not found"}
{"level":"info","ts":"2019-12-03T21:04:47.442Z","logger":"broker_ingress","caller":"ingress/ingress_handler.go:120","msg":"Error retrieving TTL, defaulting.","commit":"7655d9c","error":"\"knativebrokerttl\" not found"}
{"level":"info","ts":"2019-12-03T21:04:47.442Z","logger":"broker_ingress","caller":"ingress/ingress_handler.go:120","msg":"Error retrieving TTL, defaulting.","commit":"7655d9c","error":"\"knativebrokerttl\" not found"}
{"level":"info","ts":"2019-12-03T21:04:47.444Z","logger":"broker_ingress","caller":"ingress/ingress_handler.go:120","msg":"Error retrieving TTL, defaulting.","commit":"7655d9c","error":"\"knativebrokerttl\" not found"}
{"level":"info","ts":"2019-12-03T21:04:47.445Z","logger":"broker_ingress","caller":"ingress/ingress_handler.go:120","msg":"Error retrieving TTL, defaulting.","commit":"7655d9c","error":"\"knativebrokerttl\" not found"}
{"level":"info","ts":"2019-12-03T21:04:47.445Z","logger":"broker_ingress","caller":"ingress/ingress_handler.go:120","msg":"Error retrieving TTL, defaulting.","commit":"7655d9c","error":"\"knativebrokerttl\" not found"}
{"level":"info","ts":"2019-12-03T21:04:47.446Z","logger":"broker_ingress","caller":"ingress/ingress_handler.go:120","msg":"Error retrieving TTL, defaulting.","commit":"7655d9c","error":"\"knativebrokerttl\" not found"}
{"level":"info","ts":"2019-12-03T21:04:47.448Z","logger":"broker_ingress","caller":"ingress/ingress_handler.go:120","msg":"Error retrieving TTL, defaulting.","commit":"7655d9c","error":"\"knativebrokerttl\" not found"}
{"level":"info","ts":"2019-12-03T21:04:47.449Z","logger":"broker_ingress","caller":"ingress/ingress_handler.go:120","msg":"Error retrieving TTL, defaulting.","commit":"7655d9c","error":"\"knativebrokerttl\" not found"}
{"level":"info","ts":"2019-12-03T21:04:47.449Z","logger":"broker_ingress","caller":"ingress/ingress_handler.go:120","msg":"Error retrieving TTL, defaulting.","commit":"7655d9c","error":"\"knativebrokerttl\" not found"}
{"level":"info","ts":"2019-12-03T21:04:47.450Z","logger":"broker_ingress","caller":"ingress/ingress_handler.go:120","msg":"Error retrieving TTL, defaulting.","commit":"7655d9c","error":"\"knativebrokerttl\" not found"}
{"level":"info","ts":"2019-12-03T21:04:47.452Z","logger":"broker_ingress","caller":"ingress/ingress_handler.go:120","msg":"Error retrieving TTL, defaulting.","commit":"7655d9c","error":"\"knativebrokerttl\" not found"}
{"level":"info","ts":"2019-12-03T21:04:47.461Z","logger":"broker_ingress","caller":"ingress/ingress_handler.go:120","msg":"Error retrieving TTL, defaulting.","commit":"7655d9c","error":"\"knativebrokerttl\" not found"}
{"level":"info","ts":"2019-12-03T21:04:47.463Z","logger":"broker_ingress","caller":"ingress/ingress_handler.go:120","msg":"Error retrieving TTL, defaulting.","commit":"7655d9c","error":"\"knativebrokerttl\" not found"}
{"level":"info","ts":"2019-12-03T21:04:47.463Z","logger":"broker_ingress","caller":"ingress/ingress_handler.go:120","msg":"Error retrieving TTL, defaulting.","commit":"7655d9c","error":"\"knativebrokerttl\" not found"}
{"level":"info","ts":"2019-12-03T21:04:47.467Z","logger":"broker_ingress","caller":"ingress/ingress_handler.go:120","msg":"Error retrieving TTL, defaulting.","commit":"7655d9c","error":"\"knativebrokerttl\" not found"}
{"level":"info","ts":"2019-12-03T21:04:47.467Z","logger":"broker_ingress","caller":"ingress/ingress_handler.go:120","msg":"Error retrieving TTL, defaulting.","commit":"7655d9c","error":"\"knativebrokerttl\" not found"}
{"level":"info","ts":"2019-12-03T21:04:47.468Z","logger":"broker_ingress","caller":"ingress/ingress_handler.go:120","msg":"Error retrieving TTL, defaulting.","commit":"7655d9c","error":"\"knativebrokerttl\" not found"}
{"level":"info","ts":"2019-12-03T21:04:47.468Z","logger":"broker_ingress","caller":"ingress/ingress_handler.go:120","msg":"Error retrieving TTL, defaulting.","commit":"7655d9c","error":"\"knativebrokerttl\" not found"}
{"level":"info","ts":"2019-12-03T21:04:47.471Z","logger":"broker_ingress","caller":"ingress/ingress_handler.go:120","msg":"Error retrieving TTL, defaulting.","commit":"7655d9c","error":"\"knativebrokerttl\" not found"}
{"level":"info","ts":"2019-12-03T21:04:47.471Z","logger":"broker_ingress","caller":"ingress/ingress_handler.go:120","msg":"Error retrieving TTL, defaulting.","commit":"7655d9c","error":"\"knativebrokerttl\" not found"}
{"level":"info","ts":"2019-12-03T21:04:47.476Z","logger":"broker_ingress","caller":"ingress/ingress_handler.go:120","msg":"Error retrieving TTL, defaulting.","commit":"7655d9c","error":"\"knativebrokerttl\" not found"}
{"level":"info","ts":"2019-12-03T21:04:47.477Z","logger":"broker_ingress","caller":"ingress/ingress_handler.go:120","msg":"Error retrieving TTL, defaulting.","commit":"7655d9c","error":"\"knativebrokerttl\" not found"}
{"level":"info","ts":"2019-12-03T21:04:47.478Z","logger":"broker_ingress","caller":"ingress/ingress_handler.go:120","msg":"Error retrieving TTL, defaulting.","commit":"7655d9c","error":"\"knativebrokerttl\" not found"}
{"level":"info","ts":"2019-12-03T21:04:47.480Z","logger":"broker_ingress","caller":"ingress/ingress_handler.go:120","msg":"Error retrieving TTL, defaulting.","commit":"7655d9c","error":"\"knativebrokerttl\" not found"}
{"level":"info","ts":"2019-12-03T21:04:47.481Z","logger":"broker_ingress","caller":"ingress/ingress_handler.go:120","msg":"Error retrieving TTL, defaulting.","commit":"7655d9c","error":"\"knativebrokerttl\" not found"}
{"level":"info","ts":"2019-12-03T21:04:47.481Z","logger":"broker_ingress","caller":"ingress/ingress_handler.go:120","msg":"Error retrieving TTL, defaulting.","commit":"7655d9c","error":"\"knativebrokerttl\" not found"}
{"level":"info","ts":"2019-12-03T21:04:47.485Z","logger":"broker_ingress","caller":"ingress/ingress_handler.go:120","msg":"Error retrieving TTL, defaulting.","commit":"7655d9c","error":"\"knativebrokerttl\" not found"}
{"level":"info","ts":"2019-12-03T21:04:47.488Z","logger":"broker_ingress","caller":"ingress/ingress_handler.go:120","msg":"Error retrieving TTL, defaulting.","commit":"7655d9c","error":"\"knativebrokerttl\" not found"}
{"level":"info","ts":"2019-12-03T21:04:47.491Z","logger":"broker_ingress","caller":"ingress/ingress_handler.go:120","msg":"Error retrieving TTL, defaulting.","commit":"7655d9c","error":"\"knativebrokerttl\" not found"}
{"level":"info","ts":"2019-12-03T21:04:47.492Z","logger":"broker_ingress","caller":"ingress/ingress_handler.go:120","msg":"Error retrieving TTL, defaulting.","commit":"7655d9c","error":"\"knativebrokerttl\" not found"}
{"level":"info","ts":"2019-12-03T21:04:47.492Z","logger":"broker_ingress","caller":"ingress/ingress_handler.go:120","msg":"Error retrieving TTL, defaulting.","commit":"7655d9c","error":"\"knativebrokerttl\" not found"}
{"level":"info","ts":"2019-12-03T21:04:47.493Z","logger":"broker_ingress","caller":"ingress/ingress_handler.go:120","msg":"Error retrieving TTL, defaulting.","commit":"7655d9c","error":"\"knativebrokerttl\" not found"}
{"level":"info","ts":"2019-12-03T21:04:47.496Z","logger":"broker_ingress","caller":"ingress/ingress_handler.go:120","msg":"Error retrieving TTL, defaulting.","commit":"7655d9c","error":"\"knativebrokerttl\" not found"}
{"level":"info","ts":"2019-12-03T21:04:47.497Z","logger":"broker_ingress","caller":"ingress/ingress_handler.go:120","msg":"Error retrieving TTL, defaulting.","commit":"7655d9c","error":"\"knativebrokerttl\" not found"}
{"level":"info","ts":"2019-12-03T21:04:47.498Z","logger":"broker_ingress","caller":"ingress/ingress_handler.go:120","msg":"Error retrieving TTL, defaulting.","commit":"7655d9c","error":"\"knativebrokerttl\" not found"}
{"level":"info","ts":"2019-12-03T21:04:47.498Z","logger":"broker_ingress","caller":"ingress/ingress_handler.go:120","msg":"Error retrieving TTL, defaulting.","commit":"7655d9c","error":"\"knativebrokerttl\" not found"}
{"level":"info","ts":"2019-12-03T21:04:47.500Z","logger":"broker_ingress","caller":"ingress/ingress_handler.go:120","msg":"Error retrieving TTL, defaulting.","commit":"7655d9c","error":"\"knativebrokerttl\" not found"}
{"level":"info","ts":"2019-12-03T21:04:47.501Z","logger":"broker_ingress","caller":"ingress/ingress_handler.go:120","msg":"Error retrieving TTL, defaulting.","commit":"7655d9c","error":"\"knativebrokerttl\" not found"}
{"level":"info","ts":"2019-12-03T21:04:47.503Z","logger":"broker_ingress","caller":"ingress/ingress_handler.go:120","msg":"Error retrieving TTL, defaulting.","commit":"7655d9c","error":"\"knativebrokerttl\" not found"}
{"level":"info","ts":"2019-12-03T21:04:47.509Z","logger":"broker_ingress","caller":"ingress/ingress_handler.go:120","msg":"Error retrieving TTL, defaulting.","commit":"7655d9c","error":"\"knativebrokerttl\" not found"}
{"level":"info","ts":"2019-12-03T21:04:47.509Z","logger":"broker_ingress","caller":"ingress/ingress_handler.go:120","msg":"Error retrieving TTL, defaulting.","commit":"7655d9c","error":"\"knativebrokerttl\" not found"}
{"level":"info","ts":"2019-12-03T21:04:47.514Z","logger":"broker_ingress","caller":"ingress/ingress_handler.go:120","msg":"Error retrieving TTL, defaulting.","commit":"7655d9c","error":"\"knativebrokerttl\" not found"}
{"level":"info","ts":"2019-12-03T21:04:47.515Z","logger":"broker_ingress","caller":"ingress/ingress_handler.go:120","msg":"Error retrieving TTL, defaulting.","commit":"7655d9c","error":"\"knativebrokerttl\" not found"}
{"level":"info","ts":"2019-12-03T21:04:47.521Z","logger":"broker_ingress","caller":"ingress/ingress_handler.go:120","msg":"Error retrieving TTL, defaulting.","commit":"7655d9c","error":"\"knativebrokerttl\" not found"}
{"level":"info","ts":"2019-12-03T21:04:47.522Z","logger":"broker_ingress","caller":"ingress/ingress_handler.go:120","msg":"Error retrieving TTL, defaulting.","commit":"7655d9c","error":"\"knativebrokerttl\" not found"}
{"level":"info","ts":"2019-12-03T21:04:47.525Z","logger":"broker_ingress","caller":"ingress/ingress_handler.go:120","msg":"Error retrieving TTL, defaulting.","commit":"7655d9c","error":"\"knativebrokerttl\" not found"}
{"level":"info","ts":"2019-12-03T21:04:47.526Z","logger":"broker_ingress","caller":"ingress/ingress_handler.go:120","msg":"Error retrieving TTL, defaulting.","commit":"7655d9c","error":"\"knativebrokerttl\" not found"}
{"level":"info","ts":"2019-12-03T21:04:47.528Z","logger":"broker_ingress","caller":"ingress/ingress_handler.go:120","msg":"Error retrieving TTL, defaulting.","commit":"7655d9c","error":"\"knativebrokerttl\" not found"}
{"level":"info","ts":"2019-12-03T21:04:47.528Z","logger":"broker_ingress","caller":"ingress/ingress_handler.go:120","msg":"Error retrieving TTL, defaulting.","commit":"7655d9c","error":"\"knativebrokerttl\" not found"}
{"level":"info","ts":"2019-12-03T21:04:47.542Z","logger":"broker_ingress","caller":"ingress/ingress_handler.go:120","msg":"Error retrieving TTL, defaulting.","commit":"7655d9c","error":"\"knativebrokerttl\" not found"}
{"level":"info","ts":"2019-12-03T21:04:47.506Z","logger":"broker_ingress","caller":"ingress/ingress_handler.go:120","msg":"Error retrieving TTL, defaulting.","commit":"7655d9c","error":"\"knativebrokerttl\" not found"}
{"level":"info","ts":"2019-12-03T21:04:47.554Z","logger":"broker_ingress","caller":"ingress/ingress_handler.go:120","msg":"Error retrieving TTL, defaulting.","commit":"7655d9c","error":"\"knativebrokerttl\" not found"}
{"level":"info","ts":"2019-12-03T21:04:47.554Z","logger":"broker_ingress","caller":"ingress/ingress_handler.go:120","msg":"Error retrieving TTL, defaulting.","commit":"7655d9c","error":"\"knativebrokerttl\" not found"}
{"level":"info","ts":"2019-12-03T21:04:47.554Z","logger":"broker_ingress","caller":"ingress/ingress_handler.go:120","msg":"Error retrieving TTL, defaulting.","commit":"7655d9c","error":"\"knativebrokerttl\" not found"}
{"level":"info","ts":"2019-12-03T21:04:47.554Z","logger":"broker_ingress","caller":"ingress/ingress_handler.go:120","msg":"Error retrieving TTL, defaulting.","commit":"7655d9c","error":"\"knativebrokerttl\" not found"}
{"level":"info","ts":"2019-12-03T21:04:47.566Z","logger":"broker_ingress","caller":"ingress/ingress_handler.go:120","msg":"Error retrieving TTL, defaulting.","commit":"7655d9c","error":"\"knativebrokerttl\" not found"}
{"level":"info","ts":"2019-12-03T21:04:47.571Z","logger":"broker_ingress","caller":"ingress/ingress_handler.go:120","msg":"Error retrieving TTL, defaulting.","commit":"7655d9c","error":"\"knativebrokerttl\" not found"}
{"level":"info","ts":"2019-12-03T21:04:47.573Z","logger":"broker_ingress","caller":"ingress/ingress_handler.go:120","msg":"Error retrieving TTL, defaulting.","commit":"7655d9c","error":"\"knativebrokerttl\" not found"}
{"level":"info","ts":"2019-12-03T21:04:47.578Z","logger":"broker_ingress","caller":"ingress/ingress_handler.go:120","msg":"Error retrieving TTL, defaulting.","commit":"7655d9c","error":"\"knativebrokerttl\" not found"}
{"level":"info","ts":"2019-12-03T21:04:47.579Z","logger":"broker_ingress","caller":"ingress/ingress_handler.go:120","msg":"Error retrieving TTL, defaulting.","commit":"7655d9c","error":"\"knativebrokerttl\" not found"}
{"level":"info","ts":"2019-12-03T21:04:47.582Z","logger":"broker_ingress","caller":"ingress/ingress_handler.go:120","msg":"Error retrieving TTL, defaulting.","commit":"7655d9c","error":"\"knativebrokerttl\" not found"}
{"level":"info","ts":"2019-12-03T21:04:47.589Z","logger":"broker_ingress","caller":"ingress/ingress_handler.go:120","msg":"Error retrieving TTL, defaulting.","commit":"7655d9c","error":"\"knativebrokerttl\" not found"}
{"level":"info","ts":"2019-12-03T21:04:47.590Z","logger":"broker_ingress","caller":"ingress/ingress_handler.go:120","msg":"Error retrieving TTL, defaulting.","commit":"7655d9c","error":"\"knativebrokerttl\" not found"}
{"level":"info","ts":"2019-12-03T21:04:47.592Z","logger":"broker_ingress","caller":"ingress/ingress_handler.go:120","msg":"Error retrieving TTL, defaulting.","commit":"7655d9c","error":"\"knativebrokerttl\" not found"}
{"level":"info","ts":"2019-12-03T21:04:47.593Z","logger":"broker_ingress","caller":"ingress/ingress_handler.go:120","msg":"Error retrieving TTL, defaulting.","commit":"7655d9c","error":"\"knativebrokerttl\" not found"}
{"level":"info","ts":"2019-12-03T21:04:47.597Z","logger":"broker_ingress","caller":"ingress/ingress_handler.go:120","msg":"Error retrieving TTL, defaulting.","commit":"7655d9c","error":"\"knativebrokerttl\" not found"}
{"level":"info","ts":"2019-12-03T21:04:47.599Z","logger":"broker_ingress","caller":"ingress/ingress_handler.go:120","msg":"Error retrieving TTL, defaulting.","commit":"7655d9c","error":"\"knativebrokerttl\" not found"}
{"level":"info","ts":"2019-12-03T21:04:47.600Z","logger":"broker_ingress","caller":"ingress/ingress_handler.go:120","msg":"Error retrieving TTL, defaulting.","commit":"7655d9c","error":"\"knativebrokerttl\" not found"}
{"level":"info","ts":"2019-12-03T21:04:47.600Z","logger":"broker_ingress","caller":"ingress/ingress_handler.go:120","msg":"Error retrieving TTL, defaulting.","commit":"7655d9c","error":"\"knativebrokerttl\" not found"}
{"level":"info","ts":"2019-12-03T21:04:47.605Z","logger":"broker_ingress","caller":"ingress/ingress_handler.go:120","msg":"Error retrieving TTL, defaulting.","commit":"7655d9c","error":"\"knativebrokerttl\" not found"}
{"level":"info","ts":"2019-12-03T21:04:47.610Z","logger":"broker_ingress","caller":"ingress/ingress_handler.go:120","msg":"Error retrieving TTL, defaulting.","commit":"7655d9c","error":"\"knativebrokerttl\" not found"}
{"level":"info","ts":"2019-12-03T21:04:47.612Z","logger":"broker_ingress","caller":"ingress/ingress_handler.go:120","msg":"Error retrieving TTL, defaulting.","commit":"7655d9c","error":"\"knativebrokerttl\" not found"}
{"level":"info","ts":"2019-12-03T21:04:47.615Z","logger":"broker_ingress","caller":"ingress/ingress_handler.go:120","msg":"Error retrieving TTL, defaulting.","commit":"7655d9c","error":"\"knativebrokerttl\" not found"}
{"level":"info","ts":"2019-12-03T21:04:47.618Z","logger":"broker_ingress","caller":"ingress/ingress_handler.go:120","msg":"Error retrieving TTL, defaulting.","commit":"7655d9c","error":"\"knativebrokerttl\" not found"}
{"level":"info","ts":"2019-12-03T21:04:47.618Z","logger":"broker_ingress","caller":"ingress/ingress_handler.go:120","msg":"Error retrieving TTL, defaulting.","commit":"7655d9c","error":"\"knativebrokerttl\" not found"}
{"level":"info","ts":"2019-12-03T21:04:47.619Z","logger":"broker_ingress","caller":"ingress/ingress_handler.go:120","msg":"Error retrieving TTL, defaulting.","commit":"7655d9c","error":"\"knativebrokerttl\" not found"}
{"level":"info","ts":"2019-12-03T21:04:47.619Z","logger":"broker_ingress","caller":"ingress/ingress_handler.go:120","msg":"Error retrieving TTL, defaulting.","commit":"7655d9c","error":"\"knativebrokerttl\" not found"}
{"level":"info","ts":"2019-12-03T21:04:47.620Z","logger":"broker_ingress","caller":"ingress/ingress_handler.go:120","msg":"Error retrieving TTL, defaulting.","commit":"7655d9c","error":"\"knativebrokerttl\" not found"}
{"level":"info","ts":"2019-12-03T21:04:47.624Z","logger":"broker_ingress","caller":"ingress/ingress_handler.go:120","msg":"Error retrieving TTL, defaulting.","commit":"7655d9c","error":"\"knativebrokerttl\" not found"}
{"level":"info","ts":"2019-12-03T21:04:47.625Z","logger":"broker_ingress","caller":"ingress/ingress_handler.go:120","msg":"Error retrieving TTL, defaulting.","commit":"7655d9c","error":"\"knativebrokerttl\" not found"}
{"level":"info","ts":"2019-12-03T21:04:47.626Z","logger":"broker_ingress","caller":"ingress/ingress_handler.go:120","msg":"Error retrieving TTL, defaulting.","commit":"7655d9c","error":"\"knativebrokerttl\" not found"}
{"level":"info","ts":"2019-12-03T21:04:47.627Z","logger":"broker_ingress","caller":"ingress/ingress_handler.go:120","msg":"Error retrieving TTL, defaulting.","commit":"7655d9c","error":"\"knativebrokerttl\" not found"}
{"level":"info","ts":"2019-12-03T21:04:47.638Z","logger":"broker_ingress","caller":"ingress/ingress_handler.go:120","msg":"Error retrieving TTL, defaulting.","commit":"7655d9c","error":"\"knativebrokerttl\" not found"}
{"level":"info","ts":"2019-12-03T21:04:47.638Z","logger":"broker_ingress","caller":"ingress/ingress_handler.go:120","msg":"Error retrieving TTL, defaulting.","commit":"7655d9c","error":"\"knativebrokerttl\" not found"}
{"level":"info","ts":"2019-12-03T21:04:47.639Z","logger":"broker_ingress","caller":"ingress/ingress_handler.go:120","msg":"Error retrieving TTL, defaulting.","commit":"7655d9c","error":"\"knativebrokerttl\" not found"}
{"level":"info","ts":"2019-12-03T21:04:47.640Z","logger":"broker_ingress","caller":"ingress/ingress_handler.go:120","msg":"Error retrieving TTL, defaulting.","commit":"7655d9c","error":"\"knativebrokerttl\" not found"}
{"level":"info","ts":"2019-12-03T21:04:47.640Z","logger":"broker_ingress","caller":"ingress/ingress_handler.go:120","msg":"Error retrieving TTL, defaulting.","commit":"7655d9c","error":"\"knativebrokerttl\" not found"}
{"level":"info","ts":"2019-12-03T21:04:47.645Z","logger":"broker_ingress","caller":"ingress/ingress_handler.go:120","msg":"Error retrieving TTL, defaulting.","commit":"7655d9c","error":"\"knativebrokerttl\" not found"}
{"level":"info","ts":"2019-12-03T21:04:47.645Z","logger":"broker_ingress","caller":"ingress/ingress_handler.go:120","msg":"Error retrieving TTL, defaulting.","commit":"7655d9c","error":"\"knativebrokerttl\" not found"}
{"level":"info","ts":"2019-12-03T21:04:47.648Z","logger":"broker_ingress","caller":"ingress/ingress_handler.go:120","msg":"Error retrieving TTL, defaulting.","commit":"7655d9c","error":"\"knativebrokerttl\" not found"}
{"level":"info","ts":"2019-12-03T21:04:47.649Z","logger":"broker_ingress","caller":"ingress/ingress_handler.go:120","msg":"Error retrieving TTL, defaulting.","commit":"7655d9c","error":"\"knativebrokerttl\" not found"}
{"level":"info","ts":"2019-12-03T21:04:47.649Z","logger":"broker_ingress","caller":"ingress/ingress_handler.go:120","msg":"Error retrieving TTL, defaulting.","commit":"7655d9c","error":"\"knativebrokerttl\" not found"}
{"level":"info","ts":"2019-12-03T21:04:47.650Z","logger":"broker_ingress","caller":"ingress/ingress_handler.go:120","msg":"Error retrieving TTL, defaulting.","commit":"7655d9c","error":"\"knativebrokerttl\" not found"}
{"level":"info","ts":"2019-12-03T21:04:47.650Z","logger":"broker_ingress","caller":"ingress/ingress_handler.go:120","msg":"Error retrieving TTL, defaulting.","commit":"7655d9c","error":"\"knativebrokerttl\" not found"}
{"level":"info","ts":"2019-12-03T21:04:47.651Z","logger":"broker_ingress","caller":"ingress/ingress_handler.go:120","msg":"Error retrieving TTL, defaulting.","commit":"7655d9c","error":"\"knativebrokerttl\" not found"}
{"level":"info","ts":"2019-12-03T21:04:47.654Z","logger":"broker_ingress","caller":"ingress/ingress_handler.go:120","msg":"Error retrieving TTL, defaulting.","commit":"7655d9c","error":"\"knativebrokerttl\" not found"}
{"level":"info","ts":"2019-12-03T21:04:47.655Z","logger":"broker_ingress","caller":"ingress/ingress_handler.go:120","msg":"Error retrieving TTL, defaulting.","commit":"7655d9c","error":"\"knativebrokerttl\" not found"}
{"level":"info","ts":"2019-12-03T21:04:47.656Z","logger":"broker_ingress","caller":"ingress/ingress_handler.go:120","msg":"Error retrieving TTL, defaulting.","commit":"7655d9c","error":"\"knativebrokerttl\" not found"}
{"level":"info","ts":"2019-12-03T21:04:47.656Z","logger":"broker_ingress","caller":"ingress/ingress_handler.go:120","msg":"Error retrieving TTL, defaulting.","commit":"7655d9c","error":"\"knativebrokerttl\" not found"}
{"level":"info","ts":"2019-12-03T21:04:47.657Z","logger":"broker_ingress","caller":"ingress/ingress_handler.go:120","msg":"Error retrieving TTL, defaulting.","commit":"7655d9c","error":"\"knativebrokerttl\" not found"}
{"level":"info","ts":"2019-12-03T21:04:47.661Z","logger":"broker_ingress","caller":"ingress/ingress_handler.go:120","msg":"Error retrieving TTL, defaulting.","commit":"7655d9c","error":"\"knativebrokerttl\" not found"}
{"level":"info","ts":"2019-12-03T21:04:47.662Z","logger":"broker_ingress","caller":"ingress/ingress_handler.go:120","msg":"Error retrieving TTL, defaulting.","commit":"7655d9c","error":"\"knativebrokerttl\" not found"}
{"level":"info","ts":"2019-12-03T21:04:47.662Z","logger":"broker_ingress","caller":"ingress/ingress_handler.go:120","msg":"Error retrieving TTL, defaulting.","commit":"7655d9c","error":"\"knativebrokerttl\" not found"}
{"level":"info","ts":"2019-12-03T21:04:47.663Z","logger":"broker_ingress","caller":"ingress/ingress_handler.go:120","msg":"Error retrieving TTL, defaulting.","commit":"7655d9c","error":"\"knativebrokerttl\" not found"}
{"level":"info","ts":"2019-12-03T21:04:47.664Z","logger":"broker_ingress","caller":"ingress/ingress_handler.go:120","msg":"Error retrieving TTL, defaulting.","commit":"7655d9c","error":"\"knativebrokerttl\" not found"}
{"level":"info","ts":"2019-12-03T21:04:47.665Z","logger":"broker_ingress","caller":"ingress/ingress_handler.go:120","msg":"Error retrieving TTL, defaulting.","commit":"7655d9c","error":"\"knativebrokerttl\" not found"}
{"level":"info","ts":"2019-12-03T21:04:47.666Z","logger":"broker_ingress","caller":"ingress/ingress_handler.go:120","msg":"Error retrieving TTL, defaulting.","commit":"7655d9c","error":"\"knativebrokerttl\" not found"}
{"level":"info","ts":"2019-12-03T21:04:47.667Z","logger":"broker_ingress","caller":"ingress/ingress_handler.go:120","msg":"Error retrieving TTL, defaulting.","commit":"7655d9c","error":"\"knativebrokerttl\" not found"}
{"level":"info","ts":"2019-12-03T21:04:47.667Z","logger":"broker_ingress","caller":"ingress/ingress_handler.go:120","msg":"Error retrieving TTL, defaulting.","commit":"7655d9c","error":"\"knativebrokerttl\" not found"}
{"level":"info","ts":"2019-12-03T21:04:47.667Z","logger":"broker_ingress","caller":"ingress/ingress_handler.go:120","msg":"Error retrieving TTL, defaulting.","commit":"7655d9c","error":"\"knativebrokerttl\" not found"}
{"level":"info","ts":"2019-12-03T21:04:47.671Z","logger":"broker_ingress","caller":"ingress/ingress_handler.go:120","msg":"Error retrieving TTL, defaulting.","commit":"7655d9c","error":"\"knativebrokerttl\" not found"}
{"level":"info","ts":"2019-12-03T21:04:47.672Z","logger":"broker_ingress","caller":"ingress/ingress_handler.go:120","msg":"Error retrieving TTL, defaulting.","commit":"7655d9c","error":"\"knativebrokerttl\" not found"}
{"level":"info","ts":"2019-12-03T21:04:47.673Z","logger":"broker_ingress","caller":"ingress/ingress_handler.go:120","msg":"Error retrieving TTL, defaulting.","commit":"7655d9c","error":"\"knativebrokerttl\" not found"}
{"level":"info","ts":"2019-12-03T21:04:47.674Z","logger":"broker_ingress","caller":"ingress/ingress_handler.go:120","msg":"Error retrieving TTL, defaulting.","commit":"7655d9c","error":"\"knativebrokerttl\" not found"}
{"level":"info","ts":"2019-12-03T21:04:47.674Z","logger":"broker_ingress","caller":"ingress/ingress_handler.go:120","msg":"Error retrieving TTL, defaulting.","commit":"7655d9c","error":"\"knativebrokerttl\" not found"}
{"level":"info","ts":"2019-12-03T21:04:47.672Z","logger":"broker_ingress","caller":"ingress/ingress_handler.go:120","msg":"Error retrieving TTL, defaulting.","commit":"7655d9c","error":"\"knativebrokerttl\" not found"}
{"level":"info","ts":"2019-12-03T21:04:47.677Z","logger":"broker_ingress","caller":"ingress/ingress_handler.go:120","msg":"Error retrieving TTL, defaulting.","commit":"7655d9c","error":"\"knativebrokerttl\" not found"}
{"level":"info","ts":"2019-12-03T21:04:47.679Z","logger":"broker_ingress","caller":"ingress/ingress_handler.go:120","msg":"Error retrieving TTL, defaulting.","commit":"7655d9c","error":"\"knativebrokerttl\" not found"}
{"level":"info","ts":"2019-12-03T21:04:47.679Z","logger":"broker_ingress","caller":"ingress/ingress_handler.go:120","msg":"Error retrieving TTL, defaulting.","commit":"7655d9c","error":"\"knativebrokerttl\" not found"}
{"level":"info","ts":"2019-12-03T21:04:47.684Z","logger":"broker_ingress","caller":"ingress/ingress_handler.go:120","msg":"Error retrieving TTL, defaulting.","commit":"7655d9c","error":"\"knativebrokerttl\" not found"}
{"level":"info","ts":"2019-12-03T21:04:47.684Z","logger":"broker_ingress","caller":"ingress/ingress_handler.go:120","msg":"Error retrieving TTL, defaulting.","commit":"7655d9c","error":"\"knativebrokerttl\" not found"}
{"level":"info","ts":"2019-12-03T21:04:47.689Z","logger":"broker_ingress","caller":"ingress/ingress_handler.go:120","msg":"Error retrieving TTL, defaulting.","commit":"7655d9c","error":"\"knativebrokerttl\" not found"}
{"level":"info","ts":"2019-12-03T21:04:47.693Z","logger":"broker_ingress","caller":"ingress/ingress_handler.go:120","msg":"Error retrieving TTL, defaulting.","commit":"7655d9c","error":"\"knativebrokerttl\" not found"}
{"level":"info","ts":"2019-12-03T21:04:47.695Z","logger":"broker_ingress","caller":"ingress/ingress_handler.go:120","msg":"Error retrieving TTL, defaulting.","commit":"7655d9c","error":"\"knativebrokerttl\" not found"}
{"level":"info","ts":"2019-12-03T21:04:47.696Z","logger":"broker_ingress","caller":"ingress/ingress_handler.go:120","msg":"Error retrieving TTL, defaulting.","commit":"7655d9c","error":"\"knativebrokerttl\" not found"}
{"level":"info","ts":"2019-12-03T21:04:47.696Z","logger":"broker_ingress","caller":"ingress/ingress_handler.go:120","msg":"Error retrieving TTL, defaulting.","commit":"7655d9c","error":"\"knativebrokerttl\" not found"}
{"level":"info","ts":"2019-12-03T21:04:47.700Z","logger":"broker_ingress","caller":"ingress/ingress_handler.go:120","msg":"Error retrieving TTL, defaulting.","commit":"7655d9c","error":"\"knativebrokerttl\" not found"}
{"level":"info","ts":"2019-12-03T21:04:47.700Z","logger":"broker_ingress","caller":"ingress/ingress_handler.go:120","msg":"Error retrieving TTL, defaulting.","commit":"7655d9c","error":"\"knativebrokerttl\" not found"}
{"level":"info","ts":"2019-12-03T21:04:47.701Z","logger":"broker_ingress","caller":"ingress/ingress_handler.go:120","msg":"Error retrieving TTL, defaulting.","commit":"7655d9c","error":"\"knativebrokerttl\" not found"}
{"level":"info","ts":"2019-12-03T21:04:47.704Z","logger":"broker_ingress","caller":"ingress/ingress_handler.go:120","msg":"Error retrieving TTL, defaulting.","commit":"7655d9c","error":"\"knativebrokerttl\" not found"}
{"level":"info","ts":"2019-12-03T21:04:47.707Z","logger":"broker_ingress","caller":"ingress/ingress_handler.go:120","msg":"Error retrieving TTL, defaulting.","commit":"7655d9c","error":"\"knativebrokerttl\" not found"}
{"level":"info","ts":"2019-12-03T21:04:47.708Z","logger":"broker_ingress","caller":"ingress/ingress_handler.go:120","msg":"Error retrieving TTL, defaulting.","commit":"7655d9c","error":"\"knativebrokerttl\" not found"}
{"level":"info","ts":"2019-12-03T21:04:47.709Z","logger":"broker_ingress","caller":"ingress/ingress_handler.go:120","msg":"Error retrieving TTL, defaulting.","commit":"7655d9c","error":"\"knativebrokerttl\" not found"}
{"level":"info","ts":"2019-12-03T21:04:47.710Z","logger":"broker_ingress","caller":"ingress/ingress_handler.go:120","msg":"Error retrieving TTL, defaulting.","commit":"7655d9c","error":"\"knativebrokerttl\" not found"}
{"level":"info","ts":"2019-12-03T21:04:47.710Z","logger":"broker_ingress","caller":"ingress/ingress_handler.go:120","msg":"Error retrieving TTL, defaulting.","commit":"7655d9c","error":"\"knativebrokerttl\" not found"}
{"level":"info","ts":"2019-12-03T21:04:47.711Z","logger":"broker_ingress","caller":"ingress/ingress_handler.go:120","msg":"Error retrieving TTL, defaulting.","commit":"7655d9c","error":"\"knativebrokerttl\" not found"}
{"level":"info","ts":"2019-12-03T21:04:47.714Z","logger":"broker_ingress","caller":"ingress/ingress_handler.go:120","msg":"Error retrieving TTL, defaulting.","commit":"7655d9c","error":"\"knativebrokerttl\" not found"}
{"level":"info","ts":"2019-12-03T21:04:47.715Z","logger":"broker_ingress","caller":"ingress/ingress_handler.go:120","msg":"Error retrieving TTL, defaulting.","commit":"7655d9c","error":"\"knativebrokerttl\" not found"}
{"level":"info","ts":"2019-12-03T21:04:47.715Z","logger":"broker_ingress","caller":"ingress/ingress_handler.go:120","msg":"Error retrieving TTL, defaulting.","commit":"7655d9c","error":"\"knativebrokerttl\" not found"}
{"level":"info","ts":"2019-12-03T21:04:47.716Z","logger":"broker_ingress","caller":"ingress/ingress_handler.go:120","msg":"Error retrieving TTL, defaulting.","commit":"7655d9c","error":"\"knativebrokerttl\" not found"}
{"level":"info","ts":"2019-12-03T21:04:47.717Z","logger":"broker_ingress","caller":"ingress/ingress_handler.go:120","msg":"Error retrieving TTL, defaulting.","commit":"7655d9c","error":"\"knativebrokerttl\" not found"}
{"level":"info","ts":"2019-12-03T21:04:47.717Z","logger":"broker_ingress","caller":"ingress/ingress_handler.go:120","msg":"Error retrieving TTL, defaulting.","commit":"7655d9c","error":"\"knativebrokerttl\" not found"}
{"level":"info","ts":"2019-12-03T21:04:47.717Z","logger":"broker_ingress","caller":"ingress/ingress_handler.go:120","msg":"Error retrieving TTL, defaulting.","commit":"7655d9c","error":"\"knativebrokerttl\" not found"}
{"level":"info","ts":"2019-12-03T21:04:47.718Z","logger":"broker_ingress","caller":"ingress/ingress_handler.go:120","msg":"Error retrieving TTL, defaulting.","commit":"7655d9c","error":"\"knativebrokerttl\" not found"}
{"level":"info","ts":"2019-12-03T21:04:47.721Z","logger":"broker_ingress","caller":"ingress/ingress_handler.go:120","msg":"Error retrieving TTL, defaulting.","commit":"7655d9c","error":"\"knativebrokerttl\" not found"}
{"level":"info","ts":"2019-12-03T21:04:47.722Z","logger":"broker_ingress","caller":"ingress/ingress_handler.go:120","msg":"Error retrieving TTL, defaulting.","commit":"7655d9c","error":"\"knativebrokerttl\" not found"}
{"level":"info","ts":"2019-12-03T21:04:47.723Z","logger":"broker_ingress","caller":"ingress/ingress_handler.go:120","msg":"Error retrieving TTL, defaulting.","commit":"7655d9c","error":"\"knativebrokerttl\" not found"}
{"level":"info","ts":"2019-12-03T21:04:47.725Z","logger":"broker_ingress","caller":"ingress/ingress_handler.go:120","msg":"Error retrieving TTL, defaulting.","commit":"7655d9c","error":"\"knativebrokerttl\" not found"}
{"level":"info","ts":"2019-12-03T21:04:47.726Z","logger":"broker_ingress","caller":"ingress/ingress_handler.go:120","msg":"Error retrieving TTL, defaulting.","commit":"7655d9c","error":"\"knativebrokerttl\" not found"}
{"level":"info","ts":"2019-12-03T21:04:47.727Z","logger":"broker_ingress","caller":"ingress/ingress_handler.go:120","msg":"Error retrieving TTL, defaulting.","commit":"7655d9c","error":"\"knativebrokerttl\" not found"}
{"level":"info","ts":"2019-12-03T21:04:47.727Z","logger":"broker_ingress","caller":"ingress/ingress_handler.go:120","msg":"Error retrieving TTL, defaulting.","commit":"7655d9c","error":"\"knativebrokerttl\" not found"}
{"level":"info","ts":"2019-12-03T21:04:47.729Z","logger":"broker_ingress","caller":"ingress/ingress_handler.go:120","msg":"Error retrieving TTL, defaulting.","commit":"7655d9c","error":"\"knativebrokerttl\" not found"}
{"level":"info","ts":"2019-12-03T21:04:47.730Z","logger":"broker_ingress","caller":"ingress/ingress_handler.go:120","msg":"Error retrieving TTL, defaulting.","commit":"7655d9c","error":"\"knativebrokerttl\" not found"}
{"level":"info","ts":"2019-12-03T21:04:47.732Z","logger":"broker_ingress","caller":"ingress/ingress_handler.go:120","msg":"Error retrieving TTL, defaulting.","commit":"7655d9c","error":"\"knativebrokerttl\" not found"}
{"level":"info","ts":"2019-12-03T21:04:47.734Z","logger":"broker_ingress","caller":"ingress/ingress_handler.go:120","msg":"Error retrieving TTL, defaulting.","commit":"7655d9c","error":"\"knativebrokerttl\" not found"}
{"level":"info","ts":"2019-12-03T21:04:47.735Z","logger":"broker_ingress","caller":"ingress/ingress_handler.go:120","msg":"Error retrieving TTL, defaulting.","commit":"7655d9c","error":"\"knativebrokerttl\" not found"}
{"level":"info","ts":"2019-12-03T21:04:47.737Z","logger":"broker_ingress","caller":"ingress/ingress_handler.go:120","msg":"Error retrieving TTL, defaulting.","commit":"7655d9c","error":"\"knativebrokerttl\" not found"}
{"level":"info","ts":"2019-12-03T21:04:47.738Z","logger":"broker_ingress","caller":"ingress/ingress_handler.go:120","msg":"Error retrieving TTL, defaulting.","commit":"7655d9c","error":"\"knativebrokerttl\" not found"}
{"level":"info","ts":"2019-12-03T21:04:47.741Z","logger":"broker_ingress","caller":"ingress/ingress_handler.go:120","msg":"Error retrieving TTL, defaulting.","commit":"7655d9c","error":"\"knativebrokerttl\" not found"}
{"level":"info","ts":"2019-12-03T21:04:47.742Z","logger":"broker_ingress","caller":"ingress/ingress_handler.go:120","msg":"Error retrieving TTL, defaulting.","commit":"7655d9c","error":"\"knativebrokerttl\" not found"}
{"level":"info","ts":"2019-12-03T21:04:47.744Z","logger":"broker_ingress","caller":"ingress/ingress_handler.go:120","msg":"Error retrieving TTL, defaulting.","commit":"7655d9c","error":"\"knativebrokerttl\" not found"}
{"level":"info","ts":"2019-12-03T21:04:47.744Z","logger":"broker_ingress","caller":"ingress/ingress_handler.go:120","msg":"Error retrieving TTL, defaulting.","commit":"7655d9c","error":"\"knativebrokerttl\" not found"}
{"level":"info","ts":"2019-12-03T21:04:47.747Z","logger":"broker_ingress","caller":"ingress/ingress_handler.go:120","msg":"Error retrieving TTL, defaulting.","commit":"7655d9c","error":"\"knativebrokerttl\" not found"}
{"level":"info","ts":"2019-12-03T21:04:47.748Z","logger":"broker_ingress","caller":"ingress/ingress_handler.go:120","msg":"Error retrieving TTL, defaulting.","commit":"7655d9c","error":"\"knativebrokerttl\" not found"}
{"level":"info","ts":"2019-12-03T21:04:47.753Z","logger":"broker_ingress","caller":"ingress/ingress_handler.go:120","msg":"Error retrieving TTL, defaulting.","commit":"7655d9c","error":"\"knativebrokerttl\" not found"}
{"level":"info","ts":"2019-12-03T21:04:47.754Z","logger":"broker_ingress","caller":"ingress/ingress_handler.go:120","msg":"Error retrieving TTL, defaulting.","commit":"7655d9c","error":"\"knativebrokerttl\" not found"}
{"level":"info","ts":"2019-12-03T21:04:47.755Z","logger":"broker_ingress","caller":"ingress/ingress_handler.go:120","msg":"Error retrieving TTL, defaulting.","commit":"7655d9c","error":"\"knativebrokerttl\" not found"}
{"level":"info","ts":"2019-12-03T21:04:47.756Z","logger":"broker_ingress","caller":"ingress/ingress_handler.go:120","msg":"Error retrieving TTL, defaulting.","commit":"7655d9c","error":"\"knativebrokerttl\" not found"}
{"level":"info","ts":"2019-12-03T21:04:47.757Z","logger":"broker_ingress","caller":"ingress/ingress_handler.go:120","msg":"Error retrieving TTL, defaulting.","commit":"7655d9c","error":"\"knativebrokerttl\" not found"}
{"level":"info","ts":"2019-12-03T21:04:47.757Z","logger":"broker_ingress","caller":"ingress/ingress_handler.go:120","msg":"Error retrieving TTL, defaulting.","commit":"7655d9c","error":"\"knativebrokerttl\" not found"}
{"level":"info","ts":"2019-12-03T21:04:47.759Z","logger":"broker_ingress","caller":"ingress/ingress_handler.go:120","msg":"Error retrieving TTL, defaulting.","commit":"7655d9c","error":"\"knativebrokerttl\" not found"}
{"level":"info","ts":"2019-12-03T21:04:47.760Z","logger":"broker_ingress","caller":"ingress/ingress_handler.go:120","msg":"Error retrieving TTL, defaulting.","commit":"7655d9c","error":"\"knativebrokerttl\" not found"}
{"level":"info","ts":"2019-12-03T21:04:47.760Z","logger":"broker_ingress","caller":"ingress/ingress_handler.go:120","msg":"Error retrieving TTL, defaulting.","commit":"7655d9c","error":"\"knativebrokerttl\" not found"}
{"level":"info","ts":"2019-12-03T21:04:47.762Z","logger":"broker_ingress","caller":"ingress/ingress_handler.go:120","msg":"Error retrieving TTL, defaulting.","commit":"7655d9c","error":"\"knativebrokerttl\" not found"}
{"level":"info","ts":"2019-12-03T21:04:47.763Z","logger":"broker_ingress","caller":"ingress/ingress_handler.go:120","msg":"Error retrieving TTL, defaulting.","commit":"7655d9c","error":"\"knativebrokerttl\" not found"}
{"level":"info","ts":"2019-12-03T21:04:47.764Z","logger":"broker_ingress","caller":"ingress/ingress_handler.go:120","msg":"Error retrieving TTL, defaulting.","commit":"7655d9c","error":"\"knativebrokerttl\" not found"}
{"level":"info","ts":"2019-12-03T21:04:47.766Z","logger":"broker_ingress","caller":"ingress/ingress_handler.go:120","msg":"Error retrieving TTL, defaulting.","commit":"7655d9c","error":"\"knativebrokerttl\" not found"}
{"level":"info","ts":"2019-12-03T21:04:47.768Z","logger":"broker_ingress","caller":"ingress/ingress_handler.go:120","msg":"Error retrieving TTL, defaulting.","commit":"7655d9c","error":"\"knativebrokerttl\" not found"}
{"level":"info","ts":"2019-12-03T21:04:47.770Z","logger":"broker_ingress","caller":"ingress/ingress_handler.go:120","msg":"Error retrieving TTL, defaulting.","commit":"7655d9c","error":"\"knativebrokerttl\" not found"}
{"level":"info","ts":"2019-12-03T21:04:47.771Z","logger":"broker_ingress","caller":"ingress/ingress_handler.go:120","msg":"Error retrieving TTL, defaulting.","commit":"7655d9c","error":"\"knativebrokerttl\" not found"}
{"level":"info","ts":"2019-12-03T21:04:47.773Z","logger":"broker_ingress","caller":"ingress/ingress_handler.go:120","msg":"Error retrieving TTL, defaulting.","commit":"7655d9c","error":"\"knativebrokerttl\" not found"}
{"level":"info","ts":"2019-12-03T21:04:47.773Z","logger":"broker_ingress","caller":"ingress/ingress_handler.go:120","msg":"Error retrieving TTL, defaulting.","commit":"7655d9c","error":"\"knativebrokerttl\" not found"}
{"level":"info","ts":"2019-12-03T21:04:47.775Z","logger":"broker_ingress","caller":"ingress/ingress_handler.go:120","msg":"Error retrieving TTL, defaulting.","commit":"7655d9c","error":"\"knativebrokerttl\" not found"}
{"level":"info","ts":"2019-12-03T21:04:47.776Z","logger":"broker_ingress","caller":"ingress/ingress_handler.go:120","msg":"Error retrieving TTL, defaulting.","commit":"7655d9c","error":"\"knativebrokerttl\" not found"}
{"level":"info","ts":"2019-12-03T21:04:47.777Z","logger":"broker_ingress","caller":"ingress/ingress_handler.go:120","msg":"Error retrieving TTL, defaulting.","commit":"7655d9c","error":"\"knativebrokerttl\" not found"}
{"level":"info","ts":"2019-12-03T21:04:47.778Z","logger":"broker_ingress","caller":"ingress/ingress_handler.go:120","msg":"Error retrieving TTL, defaulting.","commit":"7655d9c","error":"\"knativebrokerttl\" not found"}
{"level":"info","ts":"2019-12-03T21:04:47.780Z","logger":"broker_ingress","caller":"ingress/ingress_handler.go:120","msg":"Error retrieving TTL, defaulting.","commit":"7655d9c","error":"\"knativebrokerttl\" not found"}
{"level":"info","ts":"2019-12-03T21:04:47.783Z","logger":"broker_ingress","caller":"ingress/ingress_handler.go:120","msg":"Error retrieving TTL, defaulting.","commit":"7655d9c","error":"\"knativebrokerttl\" not found"}
{"level":"info","ts":"2019-12-03T21:04:47.784Z","logger":"broker_ingress","caller":"ingress/ingress_handler.go:120","msg":"Error retrieving TTL, defaulting.","commit":"7655d9c","error":"\"knativebrokerttl\" not found"}
{"level":"info","ts":"2019-12-03T21:04:47.785Z","logger":"broker_ingress","caller":"ingress/ingress_handler.go:120","msg":"Error retrieving TTL, defaulting.","commit":"7655d9c","error":"\"knativebrokerttl\" not found"}
{"level":"info","ts":"2019-12-03T21:04:47.785Z","logger":"broker_ingress","caller":"ingress/ingress_handler.go:120","msg":"Error retrieving TTL, defaulting.","commit":"7655d9c","error":"\"knativebrokerttl\" not found"}
{"level":"info","ts":"2019-12-03T21:04:47.788Z","logger":"broker_ingress","caller":"ingress/ingress_handler.go:120","msg":"Error retrieving TTL, defaulting.","commit":"7655d9c","error":"\"knativebrokerttl\" not found"}
{"level":"info","ts":"2019-12-03T21:04:47.789Z","logger":"broker_ingress","caller":"ingress/ingress_handler.go:120","msg":"Error retrieving TTL, defaulting.","commit":"7655d9c","error":"\"knativebrokerttl\" not found"}
{"level":"info","ts":"2019-12-03T21:04:47.790Z","logger":"broker_ingress","caller":"ingress/ingress_handler.go:120","msg":"Error retrieving TTL, defaulting.","commit":"7655d9c","error":"\"knativebrokerttl\" not found"}
{"level":"info","ts":"2019-12-03T21:04:47.792Z","logger":"broker_ingress","caller":"ingress/ingress_handler.go:120","msg":"Error retrieving TTL, defaulting.","commit":"7655d9c","error":"\"knativebrokerttl\" not found"}
{"level":"info","ts":"2019-12-03T21:04:47.793Z","logger":"broker_ingress","caller":"ingress/ingress_handler.go:120","msg":"Error retrieving TTL, defaulting.","commit":"7655d9c","error":"\"knativebrokerttl\" not found"}
{"level":"info","ts":"2019-12-03T21:04:47.794Z","logger":"broker_ingress","caller":"ingress/ingress_handler.go:120","msg":"Error retrieving TTL, defaulting.","commit":"7655d9c","error":"\"knativebrokerttl\" not found"}
{"level":"info","ts":"2019-12-03T21:04:47.795Z","logger":"broker_ingress","caller":"ingress/ingress_handler.go:120","msg":"Error retrieving TTL, defaulting.","commit":"7655d9c","error":"\"knativebrokerttl\" not found"}
{"level":"info","ts":"2019-12-03T21:04:47.797Z","logger":"broker_ingress","caller":"ingress/ingress_handler.go:120","msg":"Error retrieving TTL, defaulting.","commit":"7655d9c","error":"\"knativebrokerttl\" not found"}
{"level":"info","ts":"2019-12-03T21:04:47.798Z","logger":"broker_ingress","caller":"ingress/ingress_handler.go:120","msg":"Error retrieving TTL, defaulting.","commit":"7655d9c","error":"\"knativebrokerttl\" not found"}
{"level":"info","ts":"2019-12-03T21:04:47.798Z","logger":"broker_ingress","caller":"ingress/ingress_handler.go:120","msg":"Error retrieving TTL, defaulting.","commit":"7655d9c","error":"\"knativebrokerttl\" not found"}
{"level":"info","ts":"2019-12-03T21:04:47.799Z","logger":"broker_ingress","caller":"ingress/ingress_handler.go:120","msg":"Error retrieving TTL, defaulting.","commit":"7655d9c","error":"\"knativebrokerttl\" not found"}
{"level":"info","ts":"2019-12-03T21:04:47.800Z","logger":"broker_ingress","caller":"ingress/ingress_handler.go:120","msg":"Error retrieving TTL, defaulting.","commit":"7655d9c","error":"\"knativebrokerttl\" not found"}
{"level":"info","ts":"2019-12-03T21:04:47.800Z","logger":"broker_ingress","caller":"ingress/ingress_handler.go:120","msg":"Error retrieving TTL, defaulting.","commit":"7655d9c","error":"\"knativebrokerttl\" not found"}
{"level":"info","ts":"2019-12-03T21:04:47.804Z","logger":"broker_ingress","caller":"ingress/ingress_handler.go:120","msg":"Error retrieving TTL, defaulting.","commit":"7655d9c","error":"\"knativebrokerttl\" not found"}
{"level":"info","ts":"2019-12-03T21:04:47.804Z","logger":"broker_ingress","caller":"ingress/ingress_handler.go:120","msg":"Error retrieving TTL, defaulting.","commit":"7655d9c","error":"\"knativebrokerttl\" not found"}
{"level":"info","ts":"2019-12-03T21:04:47.806Z","logger":"broker_ingress","caller":"ingress/ingress_handler.go:120","msg":"Error retrieving TTL, defaulting.","commit":"7655d9c","error":"\"knativebrokerttl\" not found"}
{"level":"info","ts":"2019-12-03T21:04:47.806Z","logger":"broker_ingress","caller":"ingress/ingress_handler.go:120","msg":"Error retrieving TTL, defaulting.","commit":"7655d9c","error":"\"knativebrokerttl\" not found"}
{"level":"info","ts":"2019-12-03T21:04:47.807Z","logger":"broker_ingress","caller":"ingress/ingress_handler.go:120","msg":"Error retrieving TTL, defaulting.","commit":"7655d9c","error":"\"knativebrokerttl\" not found"}
{"level":"info","ts":"2019-12-03T21:04:47.808Z","logger":"broker_ingress","caller":"ingress/ingress_handler.go:120","msg":"Error retrieving TTL, defaulting.","commit":"7655d9c","error":"\"knativebrokerttl\" not found"}
{"level":"info","ts":"2019-12-03T21:04:47.810Z","logger":"broker_ingress","caller":"ingress/ingress_handler.go:120","msg":"Error retrieving TTL, defaulting.","commit":"7655d9c","error":"\"knativebrokerttl\" not found"}
{"level":"info","ts":"2019-12-03T21:04:47.810Z","logger":"broker_ingress","caller":"ingress/ingress_handler.go:120","msg":"Error retrieving TTL, defaulting.","commit":"7655d9c","error":"\"knativebrokerttl\" not found"}
{"level":"info","ts":"2019-12-03T21:04:47.810Z","logger":"broker_ingress","caller":"ingress/ingress_handler.go:120","msg":"Error retrieving TTL, defaulting.","commit":"7655d9c","error":"\"knativebrokerttl\" not found"}
{"level":"info","ts":"2019-12-03T21:04:47.813Z","logger":"broker_ingress","caller":"ingress/ingress_handler.go:120","msg":"Error retrieving TTL, defaulting.","commit":"7655d9c","error":"\"knativebrokerttl\" not found"}
{"level":"info","ts":"2019-12-03T21:04:47.813Z","logger":"broker_ingress","caller":"ingress/ingress_handler.go:120","msg":"Error retrieving TTL, defaulting.","commit":"7655d9c","error":"\"knativebrokerttl\" not found"}
{"level":"info","ts":"2019-12-03T21:04:47.814Z","logger":"broker_ingress","caller":"ingress/ingress_handler.go:120","msg":"Error retrieving TTL, defaulting.","commit":"7655d9c","error":"\"knativebrokerttl\" not found"}
{"level":"info","ts":"2019-12-03T21:04:47.816Z","logger":"broker_ingress","caller":"ingress/ingress_handler.go:120","msg":"Error retrieving TTL, defaulting.","commit":"7655d9c","error":"\"knativebrokerttl\" not found"}
{"level":"info","ts":"2019-12-03T21:04:47.820Z","logger":"broker_ingress","caller":"ingress/ingress_handler.go:120","msg":"Error retrieving TTL, defaulting.","commit":"7655d9c","error":"\"knativebrokerttl\" not found"}
{"level":"info","ts":"2019-12-03T21:04:47.821Z","logger":"broker_ingress","caller":"ingress/ingress_handler.go:120","msg":"Error retrieving TTL, defaulting.","commit":"7655d9c","error":"\"knativebrokerttl\" not found"}
{"level":"info","ts":"2019-12-03T21:04:47.822Z","logger":"broker_ingress","caller":"ingress/ingress_handler.go:120","msg":"Error retrieving TTL, defaulting.","commit":"7655d9c","error":"\"knativebrokerttl\" not found"}
{"level":"info","ts":"2019-12-03T21:04:47.823Z","logger":"broker_ingress","caller":"ingress/ingress_handler.go:120","msg":"Error retrieving TTL, defaulting.","commit":"7655d9c","error":"\"knativebrokerttl\" not found"}
{"level":"info","ts":"2019-12-03T21:04:47.823Z","logger":"broker_ingress","caller":"ingress/ingress_handler.go:120","msg":"Error retrieving TTL, defaulting.","commit":"7655d9c","error":"\"knativebrokerttl\" not found"}
{"level":"info","ts":"2019-12-03T21:04:47.824Z","logger":"broker_ingress","caller":"ingress/ingress_handler.go:120","msg":"Error retrieving TTL, defaulting.","commit":"7655d9c","error":"\"knativebrokerttl\" not found"}
{"level":"info","ts":"2019-12-03T21:04:47.828Z","logger":"broker_ingress","caller":"ingress/ingress_handler.go:120","msg":"Error retrieving TTL, defaulting.","commit":"7655d9c","error":"\"knativebrokerttl\" not found"}
{"level":"info","ts":"2019-12-03T21:04:47.828Z","logger":"broker_ingress","caller":"ingress/ingress_handler.go:120","msg":"Error retrieving TTL, defaulting.","commit":"7655d9c","error":"\"knativebrokerttl\" not found"}
{"level":"info","ts":"2019-12-03T21:04:47.829Z","logger":"broker_ingress","caller":"ingress/ingress_handler.go:120","msg":"Error retrieving TTL, defaulting.","commit":"7655d9c","error":"\"knativebrokerttl\" not found"}
{"level":"info","ts":"2019-12-03T21:04:47.829Z","logger":"broker_ingress","caller":"ingress/ingress_handler.go:120","msg":"Error retrieving TTL, defaulting.","commit":"7655d9c","error":"\"knativebrokerttl\" not found"}
{"level":"info","ts":"2019-12-03T21:04:47.829Z","logger":"broker_ingress","caller":"ingress/ingress_handler.go:120","msg":"Error retrieving TTL, defaulting.","commit":"7655d9c","error":"\"knativebrokerttl\" not found"}
{"level":"info","ts":"2019-12-03T21:04:47.829Z","logger":"broker_ingress","caller":"ingress/ingress_handler.go:120","msg":"Error retrieving TTL, defaulting.","commit":"7655d9c","error":"\"knativebrokerttl\" not found"}
{"level":"info","ts":"2019-12-03T21:04:47.832Z","logger":"broker_ingress","caller":"ingress/ingress_handler.go:120","msg":"Error retrieving TTL, defaulting.","commit":"7655d9c","error":"\"knativebrokerttl\" not found"}
{"level":"info","ts":"2019-12-03T21:04:47.834Z","logger":"broker_ingress","caller":"ingress/ingress_handler.go:120","msg":"Error retrieving TTL, defaulting.","commit":"7655d9c","error":"\"knativebrokerttl\" not found"}
{"level":"info","ts":"2019-12-03T21:04:47.835Z","logger":"broker_ingress","caller":"ingress/ingress_handler.go:120","msg":"Error retrieving TTL, defaulting.","commit":"7655d9c","error":"\"knativebrokerttl\" not found"}
{"level":"info","ts":"2019-12-03T21:04:47.835Z","logger":"broker_ingress","caller":"ingress/ingress_handler.go:120","msg":"Error retrieving TTL, defaulting.","commit":"7655d9c","error":"\"knativebrokerttl\" not found"}
{"level":"info","ts":"2019-12-03T21:04:47.836Z","logger":"broker_ingress","caller":"ingress/ingress_handler.go:120","msg":"Error retrieving TTL, defaulting.","commit":"7655d9c","error":"\"knativebrokerttl\" not found"}
{"level":"info","ts":"2019-12-03T21:04:47.836Z","logger":"broker_ingress","caller":"ingress/ingress_handler.go:120","msg":"Error retrieving TTL, defaulting.","commit":"7655d9c","error":"\"knativebrokerttl\" not found"}
{"level":"info","ts":"2019-12-03T21:04:47.838Z","logger":"broker_ingress","caller":"ingress/ingress_handler.go:120","msg":"Error retrieving TTL, defaulting.","commit":"7655d9c","error":"\"knativebrokerttl\" not found"}
{"level":"info","ts":"2019-12-03T21:04:47.838Z","logger":"broker_ingress","caller":"ingress/ingress_handler.go:120","msg":"Error retrieving TTL, defaulting.","commit":"7655d9c","error":"\"knativebrokerttl\" not found"}
{"level":"info","ts":"2019-12-03T21:04:47.839Z","logger":"broker_ingress","caller":"ingress/ingress_handler.go:120","msg":"Error retrieving TTL, defaulting.","commit":"7655d9c","error":"\"knativebrokerttl\" not found"}
{"level":"info","ts":"2019-12-03T21:04:47.839Z","logger":"broker_ingress","caller":"ingress/ingress_handler.go:120","msg":"Error retrieving TTL, defaulting.","commit":"7655d9c","error":"\"knativebrokerttl\" not found"}
{"level":"info","ts":"2019-12-03T21:04:47.840Z","logger":"broker_ingress","caller":"ingress/ingress_handler.go:120","msg":"Error retrieving TTL, defaulting.","commit":"7655d9c","error":"\"knativebrokerttl\" not found"}
{"level":"info","ts":"2019-12-03T21:04:47.841Z","logger":"broker_ingress","caller":"ingress/ingress_handler.go:120","msg":"Error retrieving TTL, defaulting.","commit":"7655d9c","error":"\"knativebrokerttl\" not found"}
{"level":"info","ts":"2019-12-03T21:04:47.841Z","logger":"broker_ingress","caller":"ingress/ingress_handler.go:120","msg":"Error retrieving TTL, defaulting.","commit":"7655d9c","error":"\"knativebrokerttl\" not found"}
{"level":"info","ts":"2019-12-03T21:04:47.844Z","logger":"broker_ingress","caller":"ingress/ingress_handler.go:120","msg":"Error retrieving TTL, defaulting.","commit":"7655d9c","error":"\"knativebrokerttl\" not found"}
{"level":"info","ts":"2019-12-03T21:04:47.845Z","logger":"broker_ingress","caller":"ingress/ingress_handler.go:120","msg":"Error retrieving TTL, defaulting.","commit":"7655d9c","error":"\"knativebrokerttl\" not found"}
{"level":"info","ts":"2019-12-03T21:04:47.846Z","logger":"broker_ingress","caller":"ingress/ingress_handler.go:120","msg":"Error retrieving TTL, defaulting.","commit":"7655d9c","error":"\"knativebrokerttl\" not found"}
{"level":"info","ts":"2019-12-03T21:04:47.847Z","logger":"broker_ingress","caller":"ingress/ingress_handler.go:120","msg":"Error retrieving TTL, defaulting.","commit":"7655d9c","error":"\"knativebrokerttl\" not found"}
{"level":"info","ts":"2019-12-03T21:04:47.848Z","logger":"broker_ingress","caller":"ingress/ingress_handler.go:120","msg":"Error retrieving TTL, defaulting.","commit":"7655d9c","error":"\"knativebrokerttl\" not found"}
{"level":"info","ts":"2019-12-03T21:04:47.848Z","logger":"broker_ingress","caller":"ingress/ingress_handler.go:120","msg":"Error retrieving TTL, defaulting.","commit":"7655d9c","error":"\"knativebrokerttl\" not found"}
{"level":"info","ts":"2019-12-03T21:04:47.849Z","logger":"broker_ingress","caller":"ingress/ingress_handler.go:120","msg":"Error retrieving TTL, defaulting.","commit":"7655d9c","error":"\"knativebrokerttl\" not found"}
{"level":"info","ts":"2019-12-03T21:04:47.849Z","logger":"broker_ingress","caller":"ingress/ingress_handler.go:120","msg":"Error retrieving TTL, defaulting.","commit":"7655d9c","error":"\"knativebrokerttl\" not found"}
{"level":"info","ts":"2019-12-03T21:04:47.850Z","logger":"broker_ingress","caller":"ingress/ingress_handler.go:120","msg":"Error retrieving TTL, defaulting.","commit":"7655d9c","error":"\"knativebrokerttl\" not found"}
{"level":"info","ts":"2019-12-03T21:04:47.850Z","logger":"broker_ingress","caller":"ingress/ingress_handler.go:120","msg":"Error retrieving TTL, defaulting.","commit":"7655d9c","error":"\"knativebrokerttl\" not found"}
{"level":"info","ts":"2019-12-03T21:04:47.851Z","logger":"broker_ingress","caller":"ingress/ingress_handler.go:120","msg":"Error retrieving TTL, defaulting.","commit":"7655d9c","error":"\"knativebrokerttl\" not found"}
{"level":"info","ts":"2019-12-03T21:04:47.852Z","logger":"broker_ingress","caller":"ingress/ingress_handler.go:120","msg":"Error retrieving TTL, defaulting.","commit":"7655d9c","error":"\"knativebrokerttl\" not found"}
{"level":"info","ts":"2019-12-03T21:04:47.852Z","logger":"broker_ingress","caller":"ingress/ingress_handler.go:120","msg":"Error retrieving TTL, defaulting.","commit":"7655d9c","error":"\"knativebrokerttl\" not found"}
{"level":"info","ts":"2019-12-03T21:04:47.851Z","logger":"broker_ingress","caller":"ingress/ingress_handler.go:120","msg":"Error retrieving TTL, defaulting.","commit":"7655d9c","error":"\"knativebrokerttl\" not found"}
{"level":"info","ts":"2019-12-03T21:04:47.855Z","logger":"broker_ingress","caller":"ingress/ingress_handler.go:120","msg":"Error retrieving TTL, defaulting.","commit":"7655d9c","error":"\"knativebrokerttl\" not found"}
{"level":"info","ts":"2019-12-03T21:04:47.855Z","logger":"broker_ingress","caller":"ingress/ingress_handler.go:120","msg":"Error retrieving TTL, defaulting.","commit":"7655d9c","error":"\"knativebrokerttl\" not found"}
{"level":"info","ts":"2019-12-03T21:04:47.856Z","logger":"broker_ingress","caller":"ingress/ingress_handler.go:120","msg":"Error retrieving TTL, defaulting.","commit":"7655d9c","error":"\"knativebrokerttl\" not found"}
{"level":"info","ts":"2019-12-03T21:04:47.857Z","logger":"broker_ingress","caller":"ingress/ingress_handler.go:120","msg":"Error retrieving TTL, defaulting.","commit":"7655d9c","error":"\"knativebrokerttl\" not found"}
{"level":"info","ts":"2019-12-03T21:04:47.857Z","logger":"broker_ingress","caller":"ingress/ingress_handler.go:120","msg":"Error retrieving TTL, defaulting.","commit":"7655d9c","error":"\"knativebrokerttl\" not found"}
{"level":"info","ts":"2019-12-03T21:04:47.858Z","logger":"broker_ingress","caller":"ingress/ingress_handler.go:120","msg":"Error retrieving TTL, defaulting.","commit":"7655d9c","error":"\"knativebrokerttl\" not found"}
{"level":"info","ts":"2019-12-03T21:04:47.858Z","logger":"broker_ingress","caller":"ingress/ingress_handler.go:120","msg":"Error retrieving TTL, defaulting.","commit":"7655d9c","error":"\"knativebrokerttl\" not found"}
{"level":"info","ts":"2019-12-03T21:04:47.858Z","logger":"broker_ingress","caller":"ingress/ingress_handler.go:120","msg":"Error retrieving TTL, defaulting.","commit":"7655d9c","error":"\"knativebrokerttl\" not found"}
{"level":"info","ts":"2019-12-03T21:04:47.859Z","logger":"broker_ingress","caller":"ingress/ingress_handler.go:120","msg":"Error retrieving TTL, defaulting.","commit":"7655d9c","error":"\"knativebrokerttl\" not found"}
{"level":"info","ts":"2019-12-03T21:04:47.859Z","logger":"broker_ingress","caller":"ingress/ingress_handler.go:120","msg":"Error retrieving TTL, defaulting.","commit":"7655d9c","error":"\"knativebrokerttl\" not found"}
{"level":"info","ts":"2019-12-03T21:04:47.863Z","logger":"broker_ingress","caller":"ingress/ingress_handler.go:120","msg":"Error retrieving TTL, defaulting.","commit":"7655d9c","error":"\"knativebrokerttl\" not found"}
{"level":"info","ts":"2019-12-03T21:04:47.864Z","logger":"broker_ingress","caller":"ingress/ingress_handler.go:120","msg":"Error retrieving TTL, defaulting.","commit":"7655d9c","error":"\"knativebrokerttl\" not found"}
{"level":"info","ts":"2019-12-03T21:04:47.864Z","logger":"broker_ingress","caller":"ingress/ingress_handler.go:120","msg":"Error retrieving TTL, defaulting.","commit":"7655d9c","error":"\"knativebrokerttl\" not found"}
{"level":"info","ts":"2019-12-03T21:04:47.868Z","logger":"broker_ingress","caller":"ingress/ingress_handler.go:120","msg":"Error retrieving TTL, defaulting.","commit":"7655d9c","error":"\"knativebrokerttl\" not found"}
{"level":"info","ts":"2019-12-03T21:04:47.868Z","logger":"broker_ingress","caller":"ingress/ingress_handler.go:120","msg":"Error retrieving TTL, defaulting.","commit":"7655d9c","error":"\"knativebrokerttl\" not found"}
{"level":"info","ts":"2019-12-03T21:04:47.869Z","logger":"broker_ingress","caller":"ingress/ingress_handler.go:120","msg":"Error retrieving TTL, defaulting.","commit":"7655d9c","error":"\"knativebrokerttl\" not found"}
{"level":"info","ts":"2019-12-03T21:04:47.870Z","logger":"broker_ingress","caller":"ingress/ingress_handler.go:120","msg":"Error retrieving TTL, defaulting.","commit":"7655d9c","error":"\"knativebrokerttl\" not found"}
{"level":"info","ts":"2019-12-03T21:04:47.870Z","logger":"broker_ingress","caller":"ingress/ingress_handler.go:120","msg":"Error retrieving TTL, defaulting.","commit":"7655d9c","error":"\"knativebrokerttl\" not found"}
{"level":"info","ts":"2019-12-03T21:04:47.872Z","logger":"broker_ingress","caller":"ingress/ingress_handler.go:120","msg":"Error retrieving TTL, defaulting.","commit":"7655d9c","error":"\"knativebrokerttl\" not found"}
{"level":"info","ts":"2019-12-03T21:04:47.872Z","logger":"broker_ingress","caller":"ingress/ingress_handler.go:120","msg":"Error retrieving TTL, defaulting.","commit":"7655d9c","error":"\"knativebrokerttl\" not found"}
{"level":"info","ts":"2019-12-03T21:04:47.875Z","logger":"broker_ingress","caller":"ingress/ingress_handler.go:120","msg":"Error retrieving TTL, defaulting.","commit":"7655d9c","error":"\"knativebrokerttl\" not found"}
{"level":"info","ts":"2019-12-03T21:04:47.876Z","logger":"broker_ingress","caller":"ingress/ingress_handler.go:120","msg":"Error retrieving TTL, defaulting.","commit":"7655d9c","error":"\"knativebrokerttl\" not found"}
{"level":"info","ts":"2019-12-03T21:04:47.876Z","logger":"broker_ingress","caller":"ingress/ingress_handler.go:120","msg":"Error retrieving TTL, defaulting.","commit":"7655d9c","error":"\"knativebrokerttl\" not found"}
{"level":"info","ts":"2019-12-03T21:04:47.879Z","logger":"broker_ingress","caller":"ingress/ingress_handler.go:120","msg":"Error retrieving TTL, defaulting.","commit":"7655d9c","error":"\"knativebrokerttl\" not found"}
{"level":"info","ts":"2019-12-03T21:04:47.880Z","logger":"broker_ingress","caller":"ingress/ingress_handler.go:120","msg":"Error retrieving TTL, defaulting.","commit":"7655d9c","error":"\"knativebrokerttl\" not found"}
{"level":"info","ts":"2019-12-03T21:04:47.881Z","logger":"broker_ingress","caller":"ingress/ingress_handler.go:120","msg":"Error retrieving TTL, defaulting.","commit":"7655d9c","error":"\"knativebrokerttl\" not found"}
{"level":"info","ts":"2019-12-03T21:04:47.899Z","logger":"broker_ingress","caller":"ingress/ingress_handler.go:120","msg":"Error retrieving TTL, defaulting.","commit":"7655d9c","error":"\"knativebrokerttl\" not found"}
{"level":"info","ts":"2019-12-03T21:04:47.900Z","logger":"broker_ingress","caller":"ingress/ingress_handler.go:120","msg":"Error retrieving TTL, defaulting.","commit":"7655d9c","error":"\"knativebrokerttl\" not found"}
{"level":"info","ts":"2019-12-03T21:04:47.901Z","logger":"broker_ingress","caller":"ingress/ingress_handler.go:120","msg":"Error retrieving TTL, defaulting.","commit":"7655d9c","error":"\"knativebrokerttl\" not found"}
{"level":"info","ts":"2019-12-03T21:04:47.901Z","logger":"broker_ingress","caller":"ingress/ingress_handler.go:120","msg":"Error retrieving TTL, defaulting.","commit":"7655d9c","error":"\"knativebrokerttl\" not found"}
{"level":"info","ts":"2019-12-03T21:04:47.902Z","logger":"broker_ingress","caller":"ingress/ingress_handler.go:120","msg":"Error retrieving TTL, defaulting.","commit":"7655d9c","error":"\"knativebrokerttl\" not found"}
{"level":"info","ts":"2019-12-03T21:04:47.903Z","logger":"broker_ingress","caller":"ingress/ingress_handler.go:120","msg":"Error retrieving TTL, defaulting.","commit":"7655d9c","error":"\"knativebrokerttl\" not found"}
{"level":"info","ts":"2019-12-03T21:04:47.906Z","logger":"broker_ingress","caller":"ingress/ingress_handler.go:120","msg":"Error retrieving TTL, defaulting.","commit":"7655d9c","error":"\"knativebrokerttl\" not found"}
{"level":"info","ts":"2019-12-03T21:04:47.906Z","logger":"broker_ingress","caller":"ingress/ingress_handler.go:120","msg":"Error retrieving TTL, defaulting.","commit":"7655d9c","error":"\"knativebrokerttl\" not found"}
{"level":"info","ts":"2019-12-03T21:04:47.910Z","logger":"broker_ingress","caller":"ingress/ingress_handler.go:120","msg":"Error retrieving TTL, defaulting.","commit":"7655d9c","error":"\"knativebrokerttl\" not found"}
{"level":"info","ts":"2019-12-03T21:04:47.916Z","logger":"broker_ingress","caller":"ingress/ingress_handler.go:120","msg":"Error retrieving TTL, defaulting.","commit":"7655d9c","error":"\"knativebrokerttl\" not found"}
{"level":"info","ts":"2019-12-03T21:04:47.917Z","logger":"broker_ingress","caller":"ingress/ingress_handler.go:120","msg":"Error retrieving TTL, defaulting.","commit":"7655d9c","error":"\"knativebrokerttl\" not found"}
{"level":"info","ts":"2019-12-03T21:04:47.917Z","logger":"broker_ingress","caller":"ingress/ingress_handler.go:120","msg":"Error retrieving TTL, defaulting.","commit":"7655d9c","error":"\"knativebrokerttl\" not found"}
{"level":"info","ts":"2019-12-03T21:04:47.918Z","logger":"broker_ingress","caller":"ingress/ingress_handler.go:120","msg":"Error retrieving TTL, defaulting.","commit":"7655d9c","error":"\"knativebrokerttl\" not found"}
{"level":"info","ts":"2019-12-03T21:04:47.923Z","logger":"broker_ingress","caller":"ingress/ingress_handler.go:120","msg":"Error retrieving TTL, defaulting.","commit":"7655d9c","error":"\"knativebrokerttl\" not found"}
{"level":"info","ts":"2019-12-03T21:04:47.924Z","logger":"broker_ingress","caller":"ingress/ingress_handler.go:120","msg":"Error retrieving TTL, defaulting.","commit":"7655d9c","error":"\"knativebrokerttl\" not found"}
{"level":"info","ts":"2019-12-03T21:04:47.924Z","logger":"broker_ingress","caller":"ingress/ingress_handler.go:120","msg":"Error retrieving TTL, defaulting.","commit":"7655d9c","error":"\"knativebrokerttl\" not found"}
{"level":"info","ts":"2019-12-03T21:04:47.930Z","logger":"broker_ingress","caller":"ingress/ingress_handler.go:120","msg":"Error retrieving TTL, defaulting.","commit":"7655d9c","error":"\"knativebrokerttl\" not found"}
{"level":"info","ts":"2019-12-03T21:04:47.931Z","logger":"broker_ingress","caller":"ingress/ingress_handler.go:120","msg":"Error retrieving TTL, defaulting.","commit":"7655d9c","error":"\"knativebrokerttl\" not found"}
{"level":"info","ts":"2019-12-03T21:04:47.932Z","logger":"broker_ingress","caller":"ingress/ingress_handler.go:120","msg":"Error retrieving TTL, defaulting.","commit":"7655d9c","error":"\"knativebrokerttl\" not found"}
{"level":"info","ts":"2019-12-03T21:04:47.932Z","logger":"broker_ingress","caller":"ingress/ingress_handler.go:120","msg":"Error retrieving TTL, defaulting.","commit":"7655d9c","error":"\"knativebrokerttl\" not found"}
{"level":"info","ts":"2019-12-03T21:04:47.941Z","logger":"broker_ingress","caller":"ingress/ingress_handler.go:120","msg":"Error retrieving TTL, defaulting.","commit":"7655d9c","error":"\"knativebrokerttl\" not found"}
{"level":"info","ts":"2019-12-03T21:04:47.942Z","logger":"broker_ingress","caller":"ingress/ingress_handler.go:120","msg":"Error retrieving TTL, defaulting.","commit":"7655d9c","error":"\"knativebrokerttl\" not found"}
{"level":"info","ts":"2019-12-03T21:04:47.943Z","logger":"broker_ingress","caller":"ingress/ingress_handler.go:120","msg":"Error retrieving TTL, defaulting.","commit":"7655d9c","error":"\"knativebrokerttl\" not found"}
{"level":"info","ts":"2019-12-03T21:04:47.943Z","logger":"broker_ingress","caller":"ingress/ingress_handler.go:120","msg":"Error retrieving TTL, defaulting.","commit":"7655d9c","error":"\"knativebrokerttl\" not found"}
{"level":"info","ts":"2019-12-03T21:04:47.947Z","logger":"broker_ingress","caller":"ingress/ingress_handler.go:120","msg":"Error retrieving TTL, defaulting.","commit":"7655d9c","error":"\"knativebrokerttl\" not found"}
{"level":"info","ts":"2019-12-03T21:04:47.947Z","logger":"broker_ingress","caller":"ingress/ingress_handler.go:120","msg":"Error retrieving TTL, defaulting.","commit":"7655d9c","error":"\"knativebrokerttl\" not found"}
{"level":"info","ts":"2019-12-03T21:04:47.948Z","logger":"broker_ingress","caller":"ingress/ingress_handler.go:120","msg":"Error retrieving TTL, defaulting.","commit":"7655d9c","error":"\"knativebrokerttl\" not found"}
{"level":"info","ts":"2019-12-03T21:04:47.949Z","logger":"broker_ingress","caller":"ingress/ingress_handler.go:120","msg":"Error retrieving TTL, defaulting.","commit":"7655d9c","error":"\"knativebrokerttl\" not found"}
{"level":"info","ts":"2019-12-03T21:04:47.955Z","logger":"broker_ingress","caller":"ingress/ingress_handler.go:120","msg":"Error retrieving TTL, defaulting.","commit":"7655d9c","error":"\"knativebrokerttl\" not found"}
{"level":"info","ts":"2019-12-03T21:04:47.956Z","logger":"broker_ingress","caller":"ingress/ingress_handler.go:120","msg":"Error retrieving TTL, defaulting.","commit":"7655d9c","error":"\"knativebrokerttl\" not found"}
{"level":"info","ts":"2019-12-03T21:04:47.956Z","logger":"broker_ingress","caller":"ingress/ingress_handler.go:120","msg":"Error retrieving TTL, defaulting.","commit":"7655d9c","error":"\"knativebrokerttl\" not found"}
{"level":"info","ts":"2019-12-03T21:04:47.960Z","logger":"broker_ingress","caller":"ingress/ingress_handler.go:120","msg":"Error retrieving TTL, defaulting.","commit":"7655d9c","error":"\"knativebrokerttl\" not found"}
{"level":"info","ts":"2019-12-03T21:04:47.961Z","logger":"broker_ingress","caller":"ingress/ingress_handler.go:120","msg":"Error retrieving TTL, defaulting.","commit":"7655d9c","error":"\"knativebrokerttl\" not found"}
{"level":"info","ts":"2019-12-03T21:04:47.961Z","logger":"broker_ingress","caller":"ingress/ingress_handler.go:120","msg":"Error retrieving TTL, defaulting.","commit":"7655d9c","error":"\"knativebrokerttl\" not found"}
{"level":"info","ts":"2019-12-03T21:04:47.965Z","logger":"broker_ingress","caller":"ingress/ingress_handler.go:120","msg":"Error retrieving TTL, defaulting.","commit":"7655d9c","error":"\"knativebrokerttl\" not found"}
{"level":"info","ts":"2019-12-03T21:04:47.966Z","logger":"broker_ingress","caller":"ingress/ingress_handler.go:120","msg":"Error retrieving TTL, defaulting.","commit":"7655d9c","error":"\"knativebrokerttl\" not found"}
{"level":"info","ts":"2019-12-03T21:04:47.967Z","logger":"broker_ingress","caller":"ingress/ingress_handler.go:120","msg":"Error retrieving TTL, defaulting.","commit":"7655d9c","error":"\"knativebrokerttl\" not found"}
{"level":"info","ts":"2019-12-03T21:04:47.968Z","logger":"broker_ingress","caller":"ingress/ingress_handler.go:120","msg":"Error retrieving TTL, defaulting.","commit":"7655d9c","error":"\"knativebrokerttl\" not found"}
{"level":"info","ts":"2019-12-03T21:04:47.971Z","logger":"broker_ingress","caller":"ingress/ingress_handler.go:120","msg":"Error retrieving TTL, defaulting.","commit":"7655d9c","error":"\"knativebrokerttl\" not found"}
{"level":"info","ts":"2019-12-03T21:04:47.971Z","logger":"broker_ingress","caller":"ingress/ingress_handler.go:120","msg":"Error retrieving TTL, defaulting.","commit":"7655d9c","error":"\"knativebrokerttl\" not found"}
{"level":"info","ts":"2019-12-03T21:04:47.975Z","logger":"broker_ingress","caller":"ingress/ingress_handler.go:120","msg":"Error retrieving TTL, defaulting.","commit":"7655d9c","error":"\"knativebrokerttl\" not found"}
{"level":"info","ts":"2019-12-03T21:04:47.976Z","logger":"broker_ingress","caller":"ingress/ingress_handler.go:120","msg":"Error retrieving TTL, defaulting.","commit":"7655d9c","error":"\"knativebrokerttl\" not found"}
{"level":"info","ts":"2019-12-03T21:04:47.978Z","logger":"broker_ingress","caller":"ingress/ingress_handler.go:120","msg":"Error retrieving TTL, defaulting.","commit":"7655d9c","error":"\"knativebrokerttl\" not found"}
{"level":"info","ts":"2019-12-03T21:04:47.983Z","logger":"broker_ingress","caller":"ingress/ingress_handler.go:120","msg":"Error retrieving TTL, defaulting.","commit":"7655d9c","error":"\"knativebrokerttl\" not found"}
{"level":"info","ts":"2019-12-03T21:04:47.984Z","logger":"broker_ingress","caller":"ingress/ingress_handler.go:120","msg":"Error retrieving TTL, defaulting.","commit":"7655d9c","error":"\"knativebrokerttl\" not found"}
{"level":"info","ts":"2019-12-03T21:04:47.985Z","logger":"broker_ingress","caller":"ingress/ingress_handler.go:120","msg":"Error retrieving TTL, defaulting.","commit":"7655d9c","error":"\"knativebrokerttl\" not found"}
{"level":"info","ts":"2019-12-03T21:04:47.985Z","logger":"broker_ingress","caller":"ingress/ingress_handler.go:120","msg":"Error retrieving TTL, defaulting.","commit":"7655d9c","error":"\"knativebrokerttl\" not found"}
{"level":"info","ts":"2019-12-03T21:04:47.989Z","logger":"broker_ingress","caller":"ingress/ingress_handler.go:120","msg":"Error retrieving TTL, defaulting.","commit":"7655d9c","error":"\"knativebrokerttl\" not found"}
{"level":"info","ts":"2019-12-03T21:04:47.989Z","logger":"broker_ingress","caller":"ingress/ingress_handler.go:120","msg":"Error retrieving TTL, defaulting.","commit":"7655d9c","error":"\"knativebrokerttl\" not found"}
{"level":"info","ts":"2019-12-03T21:04:47.995Z","logger":"broker_ingress","caller":"ingress/ingress_handler.go:120","msg":"Error retrieving TTL, defaulting.","commit":"7655d9c","error":"\"knativebrokerttl\" not found"}
{"level":"info","ts":"2019-12-03T21:04:47.995Z","logger":"broker_ingress","caller":"ingress/ingress_handler.go:120","msg":"Error retrieving TTL, defaulting.","commit":"7655d9c","error":"\"knativebrokerttl\" not found"}
{"level":"info","ts":"2019-12-03T21:04:47.996Z","logger":"broker_ingress","caller":"ingress/ingress_handler.go:120","msg":"Error retrieving TTL, defaulting.","commit":"7655d9c","error":"\"knativebrokerttl\" not found"}
{"level":"info","ts":"2019-12-03T21:04:47.996Z","logger":"broker_ingress","caller":"ingress/ingress_handler.go:120","msg":"Error retrieving TTL, defaulting.","commit":"7655d9c","error":"\"knativebrokerttl\" not found"}
{"level":"info","ts":"2019-12-03T21:04:48.000Z","logger":"broker_ingress","caller":"ingress/ingress_handler.go:120","msg":"Error retrieving TTL, defaulting.","commit":"7655d9c","error":"\"knativebrokerttl\" not found"}
{"level":"info","ts":"2019-12-03T21:04:48.001Z","logger":"broker_ingress","caller":"ingress/ingress_handler.go:120","msg":"Error retrieving TTL, defaulting.","commit":"7655d9c","error":"\"knativebrokerttl\" not found"}
{"level":"info","ts":"2019-12-03T21:04:48.002Z","logger":"broker_ingress","caller":"ingress/ingress_handler.go:120","msg":"Error retrieving TTL, defaulting.","commit":"7655d9c","error":"\"knativebrokerttl\" not found"}
{"level":"info","ts":"2019-12-03T21:04:48.002Z","logger":"broker_ingress","caller":"ingress/ingress_handler.go:120","msg":"Error retrieving TTL, defaulting.","commit":"7655d9c","error":"\"knativebrokerttl\" not found"}
{"level":"info","ts":"2019-12-03T21:04:48.008Z","logger":"broker_ingress","caller":"ingress/ingress_handler.go:120","msg":"Error retrieving TTL, defaulting.","commit":"7655d9c","error":"\"knativebrokerttl\" not found"}
{"level":"info","ts":"2019-12-03T21:04:48.011Z","logger":"broker_ingress","caller":"ingress/ingress_handler.go:120","msg":"Error retrieving TTL, defaulting.","commit":"7655d9c","error":"\"knativebrokerttl\" not found"}
{"level":"info","ts":"2019-12-03T21:04:48.012Z","logger":"broker_ingress","caller":"ingress/ingress_handler.go:120","msg":"Error retrieving TTL, defaulting.","commit":"7655d9c","error":"\"knativebrokerttl\" not found"}
{"level":"info","ts":"2019-12-03T21:04:48.012Z","logger":"broker_ingress","caller":"ingress/ingress_handler.go:120","msg":"Error retrieving TTL, defaulting.","commit":"7655d9c","error":"\"knativebrokerttl\" not found"}
{"level":"info","ts":"2019-12-03T21:04:48.012Z","logger":"broker_ingress","caller":"ingress/ingress_handler.go:120","msg":"Error retrieving TTL, defaulting.","commit":"7655d9c","error":"\"knativebrokerttl\" not found"}
{"level":"info","ts":"2019-12-03T21:04:48.013Z","logger":"broker_ingress","caller":"ingress/ingress_handler.go:120","msg":"Error retrieving TTL, defaulting.","commit":"7655d9c","error":"\"knativebrokerttl\" not found"}
{"level":"info","ts":"2019-12-03T21:04:48.014Z","logger":"broker_ingress","caller":"ingress/ingress_handler.go:120","msg":"Error retrieving TTL, defaulting.","commit":"7655d9c","error":"\"knativebrokerttl\" not found"}
{"level":"info","ts":"2019-12-03T21:04:48.022Z","logger":"broker_ingress","caller":"ingress/ingress_handler.go:120","msg":"Error retrieving TTL, defaulting.","commit":"7655d9c","error":"\"knativebrokerttl\" not found"}
{"level":"info","ts":"2019-12-03T21:04:47.919Z","logger":"broker_ingress","caller":"ingress/ingress_handler.go:120","msg":"Error retrieving TTL, defaulting.","commit":"7655d9c","error":"\"knativebrokerttl\" not found"}
{"level":"info","ts":"2019-12-03T21:04:48.022Z","logger":"broker_ingress","caller":"ingress/ingress_handler.go:120","msg":"Error retrieving TTL, defaulting.","commit":"7655d9c","error":"\"knativebrokerttl\" not found"}
{"level":"info","ts":"2019-12-03T21:04:48.022Z","logger":"broker_ingress","caller":"ingress/ingress_handler.go:120","msg":"Error retrieving TTL, defaulting.","commit":"7655d9c","error":"\"knativebrokerttl\" not found"}
{"level":"info","ts":"2019-12-03T21:04:48.023Z","logger":"broker_ingress","caller":"ingress/ingress_handler.go:120","msg":"Error retrieving TTL, defaulting.","commit":"7655d9c","error":"\"knativebrokerttl\" not found"}
{"level":"info","ts":"2019-12-03T21:04:48.020Z","logger":"broker_ingress","caller":"ingress/ingress_handler.go:120","msg":"Error retrieving TTL, defaulting.","commit":"7655d9c","error":"\"knativebrokerttl\" not found"}
{"level":"info","ts":"2019-12-03T21:04:48.024Z","logger":"broker_ingress","caller":"ingress/ingress_handler.go:120","msg":"Error retrieving TTL, defaulting.","commit":"7655d9c","error":"\"knativebrokerttl\" not found"}
{"level":"info","ts":"2019-12-03T21:04:48.024Z","logger":"broker_ingress","caller":"ingress/ingress_handler.go:120","msg":"Error retrieving TTL, defaulting.","commit":"7655d9c","error":"\"knativebrokerttl\" not found"}
{"level":"info","ts":"2019-12-03T21:04:48.024Z","logger":"broker_ingress","caller":"ingress/ingress_handler.go:120","msg":"Error retrieving TTL, defaulting.","commit":"7655d9c","error":"\"knativebrokerttl\" not found"}
{"level":"info","ts":"2019-12-03T21:04:48.025Z","logger":"broker_ingress","caller":"ingress/ingress_handler.go:120","msg":"Error retrieving TTL, defaulting.","commit":"7655d9c","error":"\"knativebrokerttl\" not found"}
{"level":"info","ts":"2019-12-03T21:04:48.025Z","logger":"broker_ingress","caller":"ingress/ingress_handler.go:120","msg":"Error retrieving TTL, defaulting.","commit":"7655d9c","error":"\"knativebrokerttl\" not found"}
{"level":"info","ts":"2019-12-03T21:04:48.026Z","logger":"broker_ingress","caller":"ingress/ingress_handler.go:120","msg":"Error retrieving TTL, defaulting.","commit":"7655d9c","error":"\"knativebrokerttl\" not found"}
{"level":"info","ts":"2019-12-03T21:04:48.027Z","logger":"broker_ingress","caller":"ingress/ingress_handler.go:120","msg":"Error retrieving TTL, defaulting.","commit":"7655d9c","error":"\"knativebrokerttl\" not found"}
{"level":"info","ts":"2019-12-03T21:04:48.028Z","logger":"broker_ingress","caller":"ingress/ingress_handler.go:120","msg":"Error retrieving TTL, defaulting.","commit":"7655d9c","error":"\"knativebrokerttl\" not found"}
{"level":"info","ts":"2019-12-03T21:04:48.029Z","logger":"broker_ingress","caller":"ingress/ingress_handler.go:120","msg":"Error retrieving TTL, defaulting.","commit":"7655d9c","error":"\"knativebrokerttl\" not found"}
{"level":"info","ts":"2019-12-03T21:04:48.030Z","logger":"broker_ingress","caller":"ingress/ingress_handler.go:120","msg":"Error retrieving TTL, defaulting.","commit":"7655d9c","error":"\"knativebrokerttl\" not found"}
{"level":"info","ts":"2019-12-03T21:04:48.030Z","logger":"broker_ingress","caller":"ingress/ingress_handler.go:120","msg":"Error retrieving TTL, defaulting.","commit":"7655d9c","error":"\"knativebrokerttl\" not found"}
{"level":"info","ts":"2019-12-03T21:04:48.033Z","logger":"broker_ingress","caller":"ingress/ingress_handler.go:120","msg":"Error retrieving TTL, defaulting.","commit":"7655d9c","error":"\"knativebrokerttl\" not found"}
{"level":"info","ts":"2019-12-03T21:04:48.034Z","logger":"broker_ingress","caller":"ingress/ingress_handler.go:120","msg":"Error retrieving TTL, defaulting.","commit":"7655d9c","error":"\"knativebrokerttl\" not found"}
{"level":"info","ts":"2019-12-03T21:04:48.034Z","logger":"broker_ingress","caller":"ingress/ingress_handler.go:120","msg":"Error retrieving TTL, defaulting.","commit":"7655d9c","error":"\"knativebrokerttl\" not found"}
{"level":"info","ts":"2019-12-03T21:04:48.034Z","logger":"broker_ingress","caller":"ingress/ingress_handler.go:120","msg":"Error retrieving TTL, defaulting.","commit":"7655d9c","error":"\"knativebrokerttl\" not found"}
{"level":"info","ts":"2019-12-03T21:04:48.036Z","logger":"broker_ingress","caller":"ingress/ingress_handler.go:120","msg":"Error retrieving TTL, defaulting.","commit":"7655d9c","error":"\"knativebrokerttl\" not found"}
{"level":"info","ts":"2019-12-03T21:04:48.037Z","logger":"broker_ingress","caller":"ingress/ingress_handler.go:120","msg":"Error retrieving TTL, defaulting.","commit":"7655d9c","error":"\"knativebrokerttl\" not found"}
{"level":"info","ts":"2019-12-03T21:04:48.039Z","logger":"broker_ingress","caller":"ingress/ingress_handler.go:120","msg":"Error retrieving TTL, defaulting.","commit":"7655d9c","error":"\"knativebrokerttl\" not found"}
{"level":"info","ts":"2019-12-03T21:04:48.039Z","logger":"broker_ingress","caller":"ingress/ingress_handler.go:120","msg":"Error retrieving TTL, defaulting.","commit":"7655d9c","error":"\"knativebrokerttl\" not found"}
{"level":"info","ts":"2019-12-03T21:04:48.040Z","logger":"broker_ingress","caller":"ingress/ingress_handler.go:120","msg":"Error retrieving TTL, defaulting.","commit":"7655d9c","error":"\"knativebrokerttl\" not found"}
{"level":"info","ts":"2019-12-03T21:04:48.041Z","logger":"broker_ingress","caller":"ingress/ingress_handler.go:120","msg":"Error retrieving TTL, defaulting.","commit":"7655d9c","error":"\"knativebrokerttl\" not found"}
{"level":"info","ts":"2019-12-03T21:04:48.041Z","logger":"broker_ingress","caller":"ingress/ingress_handler.go:120","msg":"Error retrieving TTL, defaulting.","commit":"7655d9c","error":"\"knativebrokerttl\" not found"}
{"level":"info","ts":"2019-12-03T21:04:48.042Z","logger":"broker_ingress","caller":"ingress/ingress_handler.go:120","msg":"Error retrieving TTL, defaulting.","commit":"7655d9c","error":"\"knativebrokerttl\" not found"}
{"level":"info","ts":"2019-12-03T21:04:48.042Z","logger":"broker_ingress","caller":"ingress/ingress_handler.go:120","msg":"Error retrieving TTL, defaulting.","commit":"7655d9c","error":"\"knativebrokerttl\" not found"}
{"level":"info","ts":"2019-12-03T21:04:48.045Z","logger":"broker_ingress","caller":"ingress/ingress_handler.go:120","msg":"Error retrieving TTL, defaulting.","commit":"7655d9c","error":"\"knativebrokerttl\" not found"}
{"level":"info","ts":"2019-12-03T21:04:48.046Z","logger":"broker_ingress","caller":"ingress/ingress_handler.go:120","msg":"Error retrieving TTL, defaulting.","commit":"7655d9c","error":"\"knativebrokerttl\" not found"}
{"level":"info","ts":"2019-12-03T21:04:48.048Z","logger":"broker_ingress","caller":"ingress/ingress_handler.go:120","msg":"Error retrieving TTL, defaulting.","commit":"7655d9c","error":"\"knativebrokerttl\" not found"}
{"level":"info","ts":"2019-12-03T21:04:48.048Z","logger":"broker_ingress","caller":"ingress/ingress_handler.go:120","msg":"Error retrieving TTL, defaulting.","commit":"7655d9c","error":"\"knativebrokerttl\" not found"}
{"level":"info","ts":"2019-12-03T21:04:48.048Z","logger":"broker_ingress","caller":"ingress/ingress_handler.go:120","msg":"Error retrieving TTL, defaulting.","commit":"7655d9c","error":"\"knativebrokerttl\" not found"}
{"level":"info","ts":"2019-12-03T21:04:48.049Z","logger":"broker_ingress","caller":"ingress/ingress_handler.go:120","msg":"Error retrieving TTL, defaulting.","commit":"7655d9c","error":"\"knativebrokerttl\" not found"}
{"level":"info","ts":"2019-12-03T21:04:48.050Z","logger":"broker_ingress","caller":"ingress/ingress_handler.go:120","msg":"Error retrieving TTL, defaulting.","commit":"7655d9c","error":"\"knativebrokerttl\" not found"}
{"level":"info","ts":"2019-12-03T21:04:48.051Z","logger":"broker_ingress","caller":"ingress/ingress_handler.go:120","msg":"Error retrieving TTL, defaulting.","commit":"7655d9c","error":"\"knativebrokerttl\" not found"}
{"level":"info","ts":"2019-12-03T21:04:48.052Z","logger":"broker_ingress","caller":"ingress/ingress_handler.go:120","msg":"Error retrieving TTL, defaulting.","commit":"7655d9c","error":"\"knativebrokerttl\" not found"}
{"level":"info","ts":"2019-12-03T21:04:48.053Z","logger":"broker_ingress","caller":"ingress/ingress_handler.go:120","msg":"Error retrieving TTL, defaulting.","commit":"7655d9c","error":"\"knativebrokerttl\" not found"}
{"level":"info","ts":"2019-12-03T21:04:48.053Z","logger":"broker_ingress","caller":"ingress/ingress_handler.go:120","msg":"Error retrieving TTL, defaulting.","commit":"7655d9c","error":"\"knativebrokerttl\" not found"}
{"level":"info","ts":"2019-12-03T21:04:48.054Z","logger":"broker_ingress","caller":"ingress/ingress_handler.go:120","msg":"Error retrieving TTL, defaulting.","commit":"7655d9c","error":"\"knativebrokerttl\" not found"}
{"level":"info","ts":"2019-12-03T21:04:48.056Z","logger":"broker_ingress","caller":"ingress/ingress_handler.go:120","msg":"Error retrieving TTL, defaulting.","commit":"7655d9c","error":"\"knativebrokerttl\" not found"}
{"level":"info","ts":"2019-12-03T21:04:48.057Z","logger":"broker_ingress","caller":"ingress/ingress_handler.go:120","msg":"Error retrieving TTL, defaulting.","commit":"7655d9c","error":"\"knativebrokerttl\" not found"}
{"level":"info","ts":"2019-12-03T21:04:48.057Z","logger":"broker_ingress","caller":"ingress/ingress_handler.go:120","msg":"Error retrieving TTL, defaulting.","commit":"7655d9c","error":"\"knativebrokerttl\" not found"}
{"level":"info","ts":"2019-12-03T21:04:48.061Z","logger":"broker_ingress","caller":"ingress/ingress_handler.go:120","msg":"Error retrieving TTL, defaulting.","commit":"7655d9c","error":"\"knativebrokerttl\" not found"}
{"level":"info","ts":"2019-12-03T21:04:48.061Z","logger":"broker_ingress","caller":"ingress/ingress_handler.go:120","msg":"Error retrieving TTL, defaulting.","commit":"7655d9c","error":"\"knativebrokerttl\" not found"}
{"level":"info","ts":"2019-12-03T21:04:48.063Z","logger":"broker_ingress","caller":"ingress/ingress_handler.go:120","msg":"Error retrieving TTL, defaulting.","commit":"7655d9c","error":"\"knativebrokerttl\" not found"}
{"level":"info","ts":"2019-12-03T21:04:48.064Z","logger":"broker_ingress","caller":"ingress/ingress_handler.go:120","msg":"Error retrieving TTL, defaulting.","commit":"7655d9c","error":"\"knativebrokerttl\" not found"}
{"level":"info","ts":"2019-12-03T21:04:48.064Z","logger":"broker_ingress","caller":"ingress/ingress_handler.go:120","msg":"Error retrieving TTL, defaulting.","commit":"7655d9c","error":"\"knativebrokerttl\" not found"}
{"level":"info","ts":"2019-12-03T21:04:48.065Z","logger":"broker_ingress","caller":"ingress/ingress_handler.go:120","msg":"Error retrieving TTL, defaulting.","commit":"7655d9c","error":"\"knativebrokerttl\" not found"}
{"level":"info","ts":"2019-12-03T21:04:48.066Z","logger":"broker_ingress","caller":"ingress/ingress_handler.go:120","msg":"Error retrieving TTL, defaulting.","commit":"7655d9c","error":"\"knativebrokerttl\" not found"}
{"level":"info","ts":"2019-12-03T21:04:48.067Z","logger":"broker_ingress","caller":"ingress/ingress_handler.go:120","msg":"Error retrieving TTL, defaulting.","commit":"7655d9c","error":"\"knativebrokerttl\" not found"}
{"level":"info","ts":"2019-12-03T21:04:48.068Z","logger":"broker_ingress","caller":"ingress/ingress_handler.go:120","msg":"Error retrieving TTL, defaulting.","commit":"7655d9c","error":"\"knativebrokerttl\" not found"}
{"level":"info","ts":"2019-12-03T21:04:48.068Z","logger":"broker_ingress","caller":"ingress/ingress_handler.go:120","msg":"Error retrieving TTL, defaulting.","commit":"7655d9c","error":"\"knativebrokerttl\" not found"}
{"level":"info","ts":"2019-12-03T21:04:48.069Z","logger":"broker_ingress","caller":"ingress/ingress_handler.go:120","msg":"Error retrieving TTL, defaulting.","commit":"7655d9c","error":"\"knativebrokerttl\" not found"}
{"level":"info","ts":"2019-12-03T21:04:48.070Z","logger":"broker_ingress","caller":"ingress/ingress_handler.go:120","msg":"Error retrieving TTL, defaulting.","commit":"7655d9c","error":"\"knativebrokerttl\" not found"}
{"level":"info","ts":"2019-12-03T21:04:48.071Z","logger":"broker_ingress","caller":"ingress/ingress_handler.go:120","msg":"Error retrieving TTL, defaulting.","commit":"7655d9c","error":"\"knativebrokerttl\" not found"}
{"level":"info","ts":"2019-12-03T21:04:48.073Z","logger":"broker_ingress","caller":"ingress/ingress_handler.go:120","msg":"Error retrieving TTL, defaulting.","commit":"7655d9c","error":"\"knativebrokerttl\" not found"}
{"level":"info","ts":"2019-12-03T21:04:48.074Z","logger":"broker_ingress","caller":"ingress/ingress_handler.go:120","msg":"Error retrieving TTL, defaulting.","commit":"7655d9c","error":"\"knativebrokerttl\" not found"}
{"level":"info","ts":"2019-12-03T21:04:48.075Z","logger":"broker_ingress","caller":"ingress/ingress_handler.go:120","msg":"Error retrieving TTL, defaulting.","commit":"7655d9c","error":"\"knativebrokerttl\" not found"}
{"level":"info","ts":"2019-12-03T21:04:48.076Z","logger":"broker_ingress","caller":"ingress/ingress_handler.go:120","msg":"Error retrieving TTL, defaulting.","commit":"7655d9c","error":"\"knativebrokerttl\" not found"}
{"level":"info","ts":"2019-12-03T21:04:48.079Z","logger":"broker_ingress","caller":"ingress/ingress_handler.go:120","msg":"Error retrieving TTL, defaulting.","commit":"7655d9c","error":"\"knativebrokerttl\" not found"}
{"level":"info","ts":"2019-12-03T21:04:48.079Z","logger":"broker_ingress","caller":"ingress/ingress_handler.go:120","msg":"Error retrieving TTL, defaulting.","commit":"7655d9c","error":"\"knativebrokerttl\" not found"}
{"level":"info","ts":"2019-12-03T21:04:48.080Z","logger":"broker_ingress","caller":"ingress/ingress_handler.go:120","msg":"Error retrieving TTL, defaulting.","commit":"7655d9c","error":"\"knativebrokerttl\" not found"}
{"level":"info","ts":"2019-12-03T21:04:48.080Z","logger":"broker_ingress","caller":"ingress/ingress_handler.go:120","msg":"Error retrieving TTL, defaulting.","commit":"7655d9c","error":"\"knativebrokerttl\" not found"}
{"level":"info","ts":"2019-12-03T21:04:48.080Z","logger":"broker_ingress","caller":"ingress/ingress_handler.go:120","msg":"Error retrieving TTL, defaulting.","commit":"7655d9c","error":"\"knativebrokerttl\" not found"}
{"level":"info","ts":"2019-12-03T21:04:48.081Z","logger":"broker_ingress","caller":"ingress/ingress_handler.go:120","msg":"Error retrieving TTL, defaulting.","commit":"7655d9c","error":"\"knativebrokerttl\" not found"}
{"level":"info","ts":"2019-12-03T21:04:48.081Z","logger":"broker_ingress","caller":"ingress/ingress_handler.go:120","msg":"Error retrieving TTL, defaulting.","commit":"7655d9c","error":"\"knativebrokerttl\" not found"}
{"level":"info","ts":"2019-12-03T21:04:48.081Z","logger":"broker_ingress","caller":"ingress/ingress_handler.go:120","msg":"Error retrieving TTL, defaulting.","commit":"7655d9c","error":"\"knativebrokerttl\" not found"}
{"level":"info","ts":"2019-12-03T21:04:48.082Z","logger":"broker_ingress","caller":"ingress/ingress_handler.go:120","msg":"Error retrieving TTL, defaulting.","commit":"7655d9c","error":"\"knativebrokerttl\" not found"}
{"level":"info","ts":"2019-12-03T21:04:48.083Z","logger":"broker_ingress","caller":"ingress/ingress_handler.go:120","msg":"Error retrieving TTL, defaulting.","commit":"7655d9c","error":"\"knativebrokerttl\" not found"}
{"level":"info","ts":"2019-12-03T21:04:48.085Z","logger":"broker_ingress","caller":"ingress/ingress_handler.go:120","msg":"Error retrieving TTL, defaulting.","commit":"7655d9c","error":"\"knativebrokerttl\" not found"}
{"level":"info","ts":"2019-12-03T21:04:48.085Z","logger":"broker_ingress","caller":"ingress/ingress_handler.go:120","msg":"Error retrieving TTL, defaulting.","commit":"7655d9c","error":"\"knativebrokerttl\" not found"}
{"level":"info","ts":"2019-12-03T21:04:48.085Z","logger":"broker_ingress","caller":"ingress/ingress_handler.go:120","msg":"Error retrieving TTL, defaulting.","commit":"7655d9c","error":"\"knativebrokerttl\" not found"}
{"level":"info","ts":"2019-12-03T21:04:48.086Z","logger":"broker_ingress","caller":"ingress/ingress_handler.go:120","msg":"Error retrieving TTL, defaulting.","commit":"7655d9c","error":"\"knativebrokerttl\" not found"}
{"level":"info","ts":"2019-12-03T21:04:48.086Z","logger":"broker_ingress","caller":"ingress/ingress_handler.go:120","msg":"Error retrieving TTL, defaulting.","commit":"7655d9c","error":"\"knativebrokerttl\" not found"}
{"level":"info","ts":"2019-12-03T21:04:48.086Z","logger":"broker_ingress","caller":"ingress/ingress_handler.go:120","msg":"Error retrieving TTL, defaulting.","commit":"7655d9c","error":"\"knativebrokerttl\" not found"}
{"level":"info","ts":"2019-12-03T21:04:48.086Z","logger":"broker_ingress","caller":"ingress/ingress_handler.go:120","msg":"Error retrieving TTL, defaulting.","commit":"7655d9c","error":"\"knativebrokerttl\" not found"}
{"level":"info","ts":"2019-12-03T21:04:48.087Z","logger":"broker_ingress","caller":"ingress/ingress_handler.go:120","msg":"Error retrieving TTL, defaulting.","commit":"7655d9c","error":"\"knativebrokerttl\" not found"}
{"level":"info","ts":"2019-12-03T21:04:48.087Z","logger":"broker_ingress","caller":"ingress/ingress_handler.go:120","msg":"Error retrieving TTL, defaulting.","commit":"7655d9c","error":"\"knativebrokerttl\" not found"}
{"level":"info","ts":"2019-12-03T21:04:48.087Z","logger":"broker_ingress","caller":"ingress/ingress_handler.go:120","msg":"Error retrieving TTL, defaulting.","commit":"7655d9c","error":"\"knativebrokerttl\" not found"}
{"level":"info","ts":"2019-12-03T21:04:48.088Z","logger":"broker_ingress","caller":"ingress/ingress_handler.go:120","msg":"Error retrieving TTL, defaulting.","commit":"7655d9c","error":"\"knativebrokerttl\" not found"}
{"level":"info","ts":"2019-12-03T21:04:48.088Z","logger":"broker_ingress","caller":"ingress/ingress_handler.go:120","msg":"Error retrieving TTL, defaulting.","commit":"7655d9c","error":"\"knativebrokerttl\" not found"}
{"level":"info","ts":"2019-12-03T21:04:48.089Z","logger":"broker_ingress","caller":"ingress/ingress_handler.go:120","msg":"Error retrieving TTL, defaulting.","commit":"7655d9c","error":"\"knativebrokerttl\" not found"}
{"level":"info","ts":"2019-12-03T21:04:48.089Z","logger":"broker_ingress","caller":"ingress/ingress_handler.go:120","msg":"Error retrieving TTL, defaulting.","commit":"7655d9c","error":"\"knativebrokerttl\" not found"}
{"level":"info","ts":"2019-12-03T21:04:48.090Z","logger":"broker_ingress","caller":"ingress/ingress_handler.go:120","msg":"Error retrieving TTL, defaulting.","commit":"7655d9c","error":"\"knativebrokerttl\" not found"}
{"level":"info","ts":"2019-12-03T21:04:48.090Z","logger":"broker_ingress","caller":"ingress/ingress_handler.go:120","msg":"Error retrieving TTL, defaulting.","commit":"7655d9c","error":"\"knativebrokerttl\" not found"}
{"level":"info","ts":"2019-12-03T21:04:48.091Z","logger":"broker_ingress","caller":"ingress/ingress_handler.go:120","msg":"Error retrieving TTL, defaulting.","commit":"7655d9c","error":"\"knativebrokerttl\" not found"}
{"level":"info","ts":"2019-12-03T21:04:48.091Z","logger":"broker_ingress","caller":"ingress/ingress_handler.go:120","msg":"Error retrieving TTL, defaulting.","commit":"7655d9c","error":"\"knativebrokerttl\" not found"}
{"level":"info","ts":"2019-12-03T21:04:48.092Z","logger":"broker_ingress","caller":"ingress/ingress_handler.go:120","msg":"Error retrieving TTL, defaulting.","commit":"7655d9c","error":"\"knativebrokerttl\" not found"}
{"level":"info","ts":"2019-12-03T21:04:48.098Z","logger":"broker_ingress","caller":"ingress/ingress_handler.go:120","msg":"Error retrieving TTL, defaulting.","commit":"7655d9c","error":"\"knativebrokerttl\" not found"}
{"level":"info","ts":"2019-12-03T21:04:48.103Z","logger":"broker_ingress","caller":"ingress/ingress_handler.go:120","msg":"Error retrieving TTL, defaulting.","commit":"7655d9c","error":"\"knativebrokerttl\" not found"}
{"level":"info","ts":"2019-12-03T21:04:48.103Z","logger":"broker_ingress","caller":"ingress/ingress_handler.go:120","msg":"Error retrieving TTL, defaulting.","commit":"7655d9c","error":"\"knativebrokerttl\" not found"}
{"level":"info","ts":"2019-12-03T21:04:48.099Z","logger":"broker_ingress","caller":"ingress/ingress_handler.go:120","msg":"Error retrieving TTL, defaulting.","commit":"7655d9c","error":"\"knativebrokerttl\" not found"}
{"level":"info","ts":"2019-12-03T21:04:48.104Z","logger":"broker_ingress","caller":"ingress/ingress_handler.go:120","msg":"Error retrieving TTL, defaulting.","commit":"7655d9c","error":"\"knativebrokerttl\" not found"}
{"level":"info","ts":"2019-12-03T21:04:48.105Z","logger":"broker_ingress","caller":"ingress/ingress_handler.go:120","msg":"Error retrieving TTL, defaulting.","commit":"7655d9c","error":"\"knativebrokerttl\" not found"}
{"level":"info","ts":"2019-12-03T21:04:48.105Z","logger":"broker_ingress","caller":"ingress/ingress_handler.go:120","msg":"Error retrieving TTL, defaulting.","commit":"7655d9c","error":"\"knativebrokerttl\" not found"}
{"level":"info","ts":"2019-12-03T21:04:48.106Z","logger":"broker_ingress","caller":"ingress/ingress_handler.go:120","msg":"Error retrieving TTL, defaulting.","commit":"7655d9c","error":"\"knativebrokerttl\" not found"}
{"level":"info","ts":"2019-12-03T21:04:48.106Z","logger":"broker_ingress","caller":"ingress/ingress_handler.go:120","msg":"Error retrieving TTL, defaulting.","commit":"7655d9c","error":"\"knativebrokerttl\" not found"}
{"level":"info","ts":"2019-12-03T21:04:48.106Z","logger":"broker_ingress","caller":"ingress/ingress_handler.go:120","msg":"Error retrieving TTL, defaulting.","commit":"7655d9c","error":"\"knativebrokerttl\" not found"}
{"level":"info","ts":"2019-12-03T21:04:48.108Z","logger":"broker_ingress","caller":"ingress/ingress_handler.go:120","msg":"Error retrieving TTL, defaulting.","commit":"7655d9c","error":"\"knativebrokerttl\" not found"}
{"level":"info","ts":"2019-12-03T21:04:48.109Z","logger":"broker_ingress","caller":"ingress/ingress_handler.go:120","msg":"Error retrieving TTL, defaulting.","commit":"7655d9c","error":"\"knativebrokerttl\" not found"}
{"level":"info","ts":"2019-12-03T21:04:48.113Z","logger":"broker_ingress","caller":"ingress/ingress_handler.go:120","msg":"Error retrieving TTL, defaulting.","commit":"7655d9c","error":"\"knativebrokerttl\" not found"}
{"level":"info","ts":"2019-12-03T21:04:48.114Z","logger":"broker_ingress","caller":"ingress/ingress_handler.go:120","msg":"Error retrieving TTL, defaulting.","commit":"7655d9c","error":"\"knativebrokerttl\" not found"}
{"level":"info","ts":"2019-12-03T21:04:48.115Z","logger":"broker_ingress","caller":"ingress/ingress_handler.go:120","msg":"Error retrieving TTL, defaulting.","commit":"7655d9c","error":"\"knativebrokerttl\" not found"}
{"level":"info","ts":"2019-12-03T21:04:48.115Z","logger":"broker_ingress","caller":"ingress/ingress_handler.go:120","msg":"Error retrieving TTL, defaulting.","commit":"7655d9c","error":"\"knativebrokerttl\" not found"}
{"level":"info","ts":"2019-12-03T21:04:48.119Z","logger":"broker_ingress","caller":"ingress/ingress_handler.go:120","msg":"Error retrieving TTL, defaulting.","commit":"7655d9c","error":"\"knativebrokerttl\" not found"}
{"level":"info","ts":"2019-12-03T21:04:48.120Z","logger":"broker_ingress","caller":"ingress/ingress_handler.go:120","msg":"Error retrieving TTL, defaulting.","commit":"7655d9c","error":"\"knativebrokerttl\" not found"}
{"level":"info","ts":"2019-12-03T21:04:48.121Z","logger":"broker_ingress","caller":"ingress/ingress_handler.go:120","msg":"Error retrieving TTL, defaulting.","commit":"7655d9c","error":"\"knativebrokerttl\" not found"}
{"level":"info","ts":"2019-12-03T21:04:48.122Z","logger":"broker_ingress","caller":"ingress/ingress_handler.go:120","msg":"Error retrieving TTL, defaulting.","commit":"7655d9c","error":"\"knativebrokerttl\" not found"}
{"level":"info","ts":"2019-12-03T21:04:48.123Z","logger":"broker_ingress","caller":"ingress/ingress_handler.go:120","msg":"Error retrieving TTL, defaulting.","commit":"7655d9c","error":"\"knativebrokerttl\" not found"}
{"level":"info","ts":"2019-12-03T21:04:48.123Z","logger":"broker_ingress","caller":"ingress/ingress_handler.go:120","msg":"Error retrieving TTL, defaulting.","commit":"7655d9c","error":"\"knativebrokerttl\" not found"}
{"level":"info","ts":"2019-12-03T21:04:48.123Z","logger":"broker_ingress","caller":"ingress/ingress_handler.go:120","msg":"Error retrieving TTL, defaulting.","commit":"7655d9c","error":"\"knativebrokerttl\" not found"}
{"level":"info","ts":"2019-12-03T21:04:48.123Z","logger":"broker_ingress","caller":"ingress/ingress_handler.go:120","msg":"Error retrieving TTL, defaulting.","commit":"7655d9c","error":"\"knativebrokerttl\" not found"}
{"level":"info","ts":"2019-12-03T21:04:48.124Z","logger":"broker_ingress","caller":"ingress/ingress_handler.go:120","msg":"Error retrieving TTL, defaulting.","commit":"7655d9c","error":"\"knativebrokerttl\" not found"}
{"level":"info","ts":"2019-12-03T21:04:48.124Z","logger":"broker_ingress","caller":"ingress/ingress_handler.go:120","msg":"Error retrieving TTL, defaulting.","commit":"7655d9c","error":"\"knativebrokerttl\" not found"}
{"level":"info","ts":"2019-12-03T21:04:48.125Z","logger":"broker_ingress","caller":"ingress/ingress_handler.go:120","msg":"Error retrieving TTL, defaulting.","commit":"7655d9c","error":"\"knativebrokerttl\" not found"}
{"level":"info","ts":"2019-12-03T21:04:48.125Z","logger":"broker_ingress","caller":"ingress/ingress_handler.go:120","msg":"Error retrieving TTL, defaulting.","commit":"7655d9c","error":"\"knativebrokerttl\" not found"}
{"level":"info","ts":"2019-12-03T21:04:48.126Z","logger":"broker_ingress","caller":"ingress/ingress_handler.go:120","msg":"Error retrieving TTL, defaulting.","commit":"7655d9c","error":"\"knativebrokerttl\" not found"}
{"level":"info","ts":"2019-12-03T21:04:48.126Z","logger":"broker_ingress","caller":"ingress/ingress_handler.go:120","msg":"Error retrieving TTL, defaulting.","commit":"7655d9c","error":"\"knativebrokerttl\" not found"}
{"level":"info","ts":"2019-12-03T21:04:48.126Z","logger":"broker_ingress","caller":"ingress/ingress_handler.go:120","msg":"Error retrieving TTL, defaulting.","commit":"7655d9c","error":"\"knativebrokerttl\" not found"}
{"level":"info","ts":"2019-12-03T21:04:48.127Z","logger":"broker_ingress","caller":"ingress/ingress_handler.go:120","msg":"Error retrieving TTL, defaulting.","commit":"7655d9c","error":"\"knativebrokerttl\" not found"}
{"level":"info","ts":"2019-12-03T21:04:48.127Z","logger":"broker_ingress","caller":"ingress/ingress_handler.go:120","msg":"Error retrieving TTL, defaulting.","commit":"7655d9c","error":"\"knativebrokerttl\" not found"}
{"level":"info","ts":"2019-12-03T21:04:48.129Z","logger":"broker_ingress","caller":"ingress/ingress_handler.go:120","msg":"Error retrieving TTL, defaulting.","commit":"7655d9c","error":"\"knativebrokerttl\" not found"}
{"level":"info","ts":"2019-12-03T21:04:48.130Z","logger":"broker_ingress","caller":"ingress/ingress_handler.go:120","msg":"Error retrieving TTL, defaulting.","commit":"7655d9c","error":"\"knativebrokerttl\" not found"}
{"level":"info","ts":"2019-12-03T21:04:48.130Z","logger":"broker_ingress","caller":"ingress/ingress_handler.go:120","msg":"Error retrieving TTL, defaulting.","commit":"7655d9c","error":"\"knativebrokerttl\" not found"}
{"level":"info","ts":"2019-12-03T21:04:48.136Z","logger":"broker_ingress","caller":"ingress/ingress_handler.go:120","msg":"Error retrieving TTL, defaulting.","commit":"7655d9c","error":"\"knativebrokerttl\" not found"}
{"level":"info","ts":"2019-12-03T21:04:48.136Z","logger":"broker_ingress","caller":"ingress/ingress_handler.go:120","msg":"Error retrieving TTL, defaulting.","commit":"7655d9c","error":"\"knativebrokerttl\" not found"}
{"level":"info","ts":"2019-12-03T21:04:48.144Z","logger":"broker_ingress","caller":"ingress/ingress_handler.go:120","msg":"Error retrieving TTL, defaulting.","commit":"7655d9c","error":"\"knativebrokerttl\" not found"}
{"level":"info","ts":"2019-12-03T21:04:48.147Z","logger":"broker_ingress","caller":"ingress/ingress_handler.go:120","msg":"Error retrieving TTL, defaulting.","commit":"7655d9c","error":"\"knativebrokerttl\" not found"}
{"level":"info","ts":"2019-12-03T21:04:48.148Z","logger":"broker_ingress","caller":"ingress/ingress_handler.go:120","msg":"Error retrieving TTL, defaulting.","commit":"7655d9c","error":"\"knativebrokerttl\" not found"}
{"level":"info","ts":"2019-12-03T21:04:48.152Z","logger":"broker_ingress","caller":"ingress/ingress_handler.go:120","msg":"Error retrieving TTL, defaulting.","commit":"7655d9c","error":"\"knativebrokerttl\" not found"}
{"level":"info","ts":"2019-12-03T21:04:48.152Z","logger":"broker_ingress","caller":"ingress/ingress_handler.go:120","msg":"Error retrieving TTL, defaulting.","commit":"7655d9c","error":"\"knativebrokerttl\" not found"}
{"level":"info","ts":"2019-12-03T21:04:48.152Z","logger":"broker_ingress","caller":"ingress/ingress_handler.go:120","msg":"Error retrieving TTL, defaulting.","commit":"7655d9c","error":"\"knativebrokerttl\" not found"}
{"level":"info","ts":"2019-12-03T21:04:48.153Z","logger":"broker_ingress","caller":"ingress/ingress_handler.go:120","msg":"Error retrieving TTL, defaulting.","commit":"7655d9c","error":"\"knativebrokerttl\" not found"}
{"level":"info","ts":"2019-12-03T21:04:48.156Z","logger":"broker_ingress","caller":"ingress/ingress_handler.go:120","msg":"Error retrieving TTL, defaulting.","commit":"7655d9c","error":"\"knativebrokerttl\" not found"}
{"level":"info","ts":"2019-12-03T21:04:48.160Z","logger":"broker_ingress","caller":"ingress/ingress_handler.go:120","msg":"Error retrieving TTL, defaulting.","commit":"7655d9c","error":"\"knativebrokerttl\" not found"}
{"level":"info","ts":"2019-12-03T21:04:48.160Z","logger":"broker_ingress","caller":"ingress/ingress_handler.go:120","msg":"Error retrieving TTL, defaulting.","commit":"7655d9c","error":"\"knativebrokerttl\" not found"}
{"level":"info","ts":"2019-12-03T21:04:48.161Z","logger":"broker_ingress","caller":"ingress/ingress_handler.go:120","msg":"Error retrieving TTL, defaulting.","commit":"7655d9c","error":"\"knativebrokerttl\" not found"}
{"level":"info","ts":"2019-12-03T21:04:48.161Z","logger":"broker_ingress","caller":"ingress/ingress_handler.go:120","msg":"Error retrieving TTL, defaulting.","commit":"7655d9c","error":"\"knativebrokerttl\" not found"}
{"level":"info","ts":"2019-12-03T21:04:48.161Z","logger":"broker_ingress","caller":"ingress/ingress_handler.go:120","msg":"Error retrieving TTL, defaulting.","commit":"7655d9c","error":"\"knativebrokerttl\" not found"}
{"level":"info","ts":"2019-12-03T21:04:48.161Z","logger":"broker_ingress","caller":"ingress/ingress_handler.go:120","msg":"Error retrieving TTL, defaulting.","commit":"7655d9c","error":"\"knativebrokerttl\" not found"}
{"level":"info","ts":"2019-12-03T21:04:48.162Z","logger":"broker_ingress","caller":"ingress/ingress_handler.go:120","msg":"Error retrieving TTL, defaulting.","commit":"7655d9c","error":"\"knativebrokerttl\" not found"}
{"level":"info","ts":"2019-12-03T21:04:48.164Z","logger":"broker_ingress","caller":"ingress/ingress_handler.go:120","msg":"Error retrieving TTL, defaulting.","commit":"7655d9c","error":"\"knativebrokerttl\" not found"}
{"level":"info","ts":"2019-12-03T21:04:48.165Z","logger":"broker_ingress","caller":"ingress/ingress_handler.go:120","msg":"Error retrieving TTL, defaulting.","commit":"7655d9c","error":"\"knativebrokerttl\" not found"}
{"level":"info","ts":"2019-12-03T21:04:48.165Z","logger":"broker_ingress","caller":"ingress/ingress_handler.go:120","msg":"Error retrieving TTL, defaulting.","commit":"7655d9c","error":"\"knativebrokerttl\" not found"}
{"level":"info","ts":"2019-12-03T21:04:48.165Z","logger":"broker_ingress","caller":"ingress/ingress_handler.go:120","msg":"Error retrieving TTL, defaulting.","commit":"7655d9c","error":"\"knativebrokerttl\" not found"}
{"level":"info","ts":"2019-12-03T21:04:48.167Z","logger":"broker_ingress","caller":"ingress/ingress_handler.go:120","msg":"Error retrieving TTL, defaulting.","commit":"7655d9c","error":"\"knativebrokerttl\" not found"}
{"level":"info","ts":"2019-12-03T21:04:48.167Z","logger":"broker_ingress","caller":"ingress/ingress_handler.go:120","msg":"Error retrieving TTL, defaulting.","commit":"7655d9c","error":"\"knativebrokerttl\" not found"}
{"level":"info","ts":"2019-12-03T21:04:48.167Z","logger":"broker_ingress","caller":"ingress/ingress_handler.go:120","msg":"Error retrieving TTL, defaulting.","commit":"7655d9c","error":"\"knativebrokerttl\" not found"}
{"level":"info","ts":"2019-12-03T21:04:48.168Z","logger":"broker_ingress","caller":"ingress/ingress_handler.go:120","msg":"Error retrieving TTL, defaulting.","commit":"7655d9c","error":"\"knativebrokerttl\" not found"}
{"level":"info","ts":"2019-12-03T21:04:48.168Z","logger":"broker_ingress","caller":"ingress/ingress_handler.go:120","msg":"Error retrieving TTL, defaulting.","commit":"7655d9c","error":"\"knativebrokerttl\" not found"}
{"level":"info","ts":"2019-12-03T21:04:48.168Z","logger":"broker_ingress","caller":"ingress/ingress_handler.go:120","msg":"Error retrieving TTL, defaulting.","commit":"7655d9c","error":"\"knativebrokerttl\" not found"}
{"level":"info","ts":"2019-12-03T21:04:48.168Z","logger":"broker_ingress","caller":"ingress/ingress_handler.go:120","msg":"Error retrieving TTL, defaulting.","commit":"7655d9c","error":"\"knativebrokerttl\" not found"}
{"level":"info","ts":"2019-12-03T21:04:48.164Z","logger":"broker_ingress","caller":"ingress/ingress_handler.go:120","msg":"Error retrieving TTL, defaulting.","commit":"7655d9c","error":"\"knativebrokerttl\" not found"}
{"level":"info","ts":"2019-12-03T21:04:48.174Z","logger":"broker_ingress","caller":"ingress/ingress_handler.go:120","msg":"Error retrieving TTL, defaulting.","commit":"7655d9c","error":"\"knativebrokerttl\" not found"}
{"level":"info","ts":"2019-12-03T21:04:48.174Z","logger":"broker_ingress","caller":"ingress/ingress_handler.go:120","msg":"Error retrieving TTL, defaulting.","commit":"7655d9c","error":"\"knativebrokerttl\" not found"}
{"level":"info","ts":"2019-12-03T21:04:48.175Z","logger":"broker_ingress","caller":"ingress/ingress_handler.go:120","msg":"Error retrieving TTL, defaulting.","commit":"7655d9c","error":"\"knativebrokerttl\" not found"}
{"level":"info","ts":"2019-12-03T21:04:48.175Z","logger":"broker_ingress","caller":"ingress/ingress_handler.go:120","msg":"Error retrieving TTL, defaulting.","commit":"7655d9c","error":"\"knativebrokerttl\" not found"}
{"level":"info","ts":"2019-12-03T21:04:48.175Z","logger":"broker_ingress","caller":"ingress/ingress_handler.go:120","msg":"Error retrieving TTL, defaulting.","commit":"7655d9c","error":"\"knativebrokerttl\" not found"}
{"level":"info","ts":"2019-12-03T21:04:48.175Z","logger":"broker_ingress","caller":"ingress/ingress_handler.go:120","msg":"Error retrieving TTL, defaulting.","commit":"7655d9c","error":"\"knativebrokerttl\" not found"}
{"level":"info","ts":"2019-12-03T21:04:48.175Z","logger":"broker_ingress","caller":"ingress/ingress_handler.go:120","msg":"Error retrieving TTL, defaulting.","commit":"7655d9c","error":"\"knativebrokerttl\" not found"}
{"level":"info","ts":"2019-12-03T21:04:48.176Z","logger":"broker_ingress","caller":"ingress/ingress_handler.go:120","msg":"Error retrieving TTL, defaulting.","commit":"7655d9c","error":"\"knativebrokerttl\" not found"}
{"level":"info","ts":"2019-12-03T21:04:48.176Z","logger":"broker_ingress","caller":"ingress/ingress_handler.go:120","msg":"Error retrieving TTL, defaulting.","commit":"7655d9c","error":"\"knativebrokerttl\" not found"}
{"level":"info","ts":"2019-12-03T21:04:48.176Z","logger":"broker_ingress","caller":"ingress/ingress_handler.go:120","msg":"Error retrieving TTL, defaulting.","commit":"7655d9c","error":"\"knativebrokerttl\" not found"}
{"level":"info","ts":"2019-12-03T21:04:48.176Z","logger":"broker_ingress","caller":"ingress/ingress_handler.go:120","msg":"Error retrieving TTL, defaulting.","commit":"7655d9c","error":"\"knativebrokerttl\" not found"}
{"level":"info","ts":"2019-12-03T21:04:48.176Z","logger":"broker_ingress","caller":"ingress/ingress_handler.go:120","msg":"Error retrieving TTL, defaulting.","commit":"7655d9c","error":"\"knativebrokerttl\" not found"}
{"level":"info","ts":"2019-12-03T21:04:48.176Z","logger":"broker_ingress","caller":"ingress/ingress_handler.go:120","msg":"Error retrieving TTL, defaulting.","commit":"7655d9c","error":"\"knativebrokerttl\" not found"}
{"level":"info","ts":"2019-12-03T21:04:48.176Z","logger":"broker_ingress","caller":"ingress/ingress_handler.go:120","msg":"Error retrieving TTL, defaulting.","commit":"7655d9c","error":"\"knativebrokerttl\" not found"}
{"level":"info","ts":"2019-12-03T21:04:48.177Z","logger":"broker_ingress","caller":"ingress/ingress_handler.go:120","msg":"Error retrieving TTL, defaulting.","commit":"7655d9c","error":"\"knativebrokerttl\" not found"}
{"level":"info","ts":"2019-12-03T21:04:48.177Z","logger":"broker_ingress","caller":"ingress/ingress_handler.go:120","msg":"Error retrieving TTL, defaulting.","commit":"7655d9c","error":"\"knativebrokerttl\" not found"}
{"level":"info","ts":"2019-12-03T21:04:48.177Z","logger":"broker_ingress","caller":"ingress/ingress_handler.go:120","msg":"Error retrieving TTL, defaulting.","commit":"7655d9c","error":"\"knativebrokerttl\" not found"}
{"level":"info","ts":"2019-12-03T21:04:48.177Z","logger":"broker_ingress","caller":"ingress/ingress_handler.go:120","msg":"Error retrieving TTL, defaulting.","commit":"7655d9c","error":"\"knativebrokerttl\" not found"}
{"level":"info","ts":"2019-12-03T21:04:48.177Z","logger":"broker_ingress","caller":"ingress/ingress_handler.go:120","msg":"Error retrieving TTL, defaulting.","commit":"7655d9c","error":"\"knativebrokerttl\" not found"}
{"level":"info","ts":"2019-12-03T21:04:48.177Z","logger":"broker_ingress","caller":"ingress/ingress_handler.go:120","msg":"Error retrieving TTL, defaulting.","commit":"7655d9c","error":"\"knativebrokerttl\" not found"}
{"level":"info","ts":"2019-12-03T21:04:48.178Z","logger":"broker_ingress","caller":"ingress/ingress_handler.go:120","msg":"Error retrieving TTL, defaulting.","commit":"7655d9c","error":"\"knativebrokerttl\" not found"}
{"level":"info","ts":"2019-12-03T21:04:48.178Z","logger":"broker_ingress","caller":"ingress/ingress_handler.go:120","msg":"Error retrieving TTL, defaulting.","commit":"7655d9c","error":"\"knativebrokerttl\" not found"}
{"level":"info","ts":"2019-12-03T21:04:48.178Z","logger":"broker_ingress","caller":"ingress/ingress_handler.go:120","msg":"Error retrieving TTL, defaulting.","commit":"7655d9c","error":"\"knativebrokerttl\" not found"}
{"level":"info","ts":"2019-12-03T21:04:48.178Z","logger":"broker_ingress","caller":"ingress/ingress_handler.go:120","msg":"Error retrieving TTL, defaulting.","commit":"7655d9c","error":"\"knativebrokerttl\" not found"}
{"level":"info","ts":"2019-12-03T21:04:48.178Z","logger":"broker_ingress","caller":"ingress/ingress_handler.go:120","msg":"Error retrieving TTL, defaulting.","commit":"7655d9c","error":"\"knativebrokerttl\" not found"}
{"level":"info","ts":"2019-12-03T21:04:48.178Z","logger":"broker_ingress","caller":"ingress/ingress_handler.go:120","msg":"Error retrieving TTL, defaulting.","commit":"7655d9c","error":"\"knativebrokerttl\" not found"}
{"level":"info","ts":"2019-12-03T21:04:48.178Z","logger":"broker_ingress","caller":"ingress/ingress_handler.go:120","msg":"Error retrieving TTL, defaulting.","commit":"7655d9c","error":"\"knativebrokerttl\" not found"}
{"level":"info","ts":"2019-12-03T21:04:48.178Z","logger":"broker_ingress","caller":"ingress/ingress_handler.go:120","msg":"Error retrieving TTL, defaulting.","commit":"7655d9c","error":"\"knativebrokerttl\" not found"}
{"level":"info","ts":"2019-12-03T21:04:48.179Z","logger":"broker_ingress","caller":"ingress/ingress_handler.go:120","msg":"Error retrieving TTL, defaulting.","commit":"7655d9c","error":"\"knativebrokerttl\" not found"}
{"level":"info","ts":"2019-12-03T21:04:48.179Z","logger":"broker_ingress","caller":"ingress/ingress_handler.go:120","msg":"Error retrieving TTL, defaulting.","commit":"7655d9c","error":"\"knativebrokerttl\" not found"}
{"level":"info","ts":"2019-12-03T21:04:48.179Z","logger":"broker_ingress","caller":"ingress/ingress_handler.go:120","msg":"Error retrieving TTL, defaulting.","commit":"7655d9c","error":"\"knativebrokerttl\" not found"}
{"level":"info","ts":"2019-12-03T21:04:48.179Z","logger":"broker_ingress","caller":"ingress/ingress_handler.go:120","msg":"Error retrieving TTL, defaulting.","commit":"7655d9c","error":"\"knativebrokerttl\" not found"}
{"level":"info","ts":"2019-12-03T21:04:48.179Z","logger":"broker_ingress","caller":"ingress/ingress_handler.go:120","msg":"Error retrieving TTL, defaulting.","commit":"7655d9c","error":"\"knativebrokerttl\" not found"}
{"level":"info","ts":"2019-12-03T21:04:48.179Z","logger":"broker_ingress","caller":"ingress/ingress_handler.go:120","msg":"Error retrieving TTL, defaulting.","commit":"7655d9c","error":"\"knativebrokerttl\" not found"}
{"level":"info","ts":"2019-12-03T21:04:48.179Z","logger":"broker_ingress","caller":"ingress/ingress_handler.go:120","msg":"Error retrieving TTL, defaulting.","commit":"7655d9c","error":"\"knativebrokerttl\" not found"}
{"level":"info","ts":"2019-12-03T21:04:48.179Z","logger":"broker_ingress","caller":"ingress/ingress_handler.go:120","msg":"Error retrieving TTL, defaulting.","commit":"7655d9c","error":"\"knativebrokerttl\" not found"}
{"level":"info","ts":"2019-12-03T21:04:48.180Z","logger":"broker_ingress","caller":"ingress/ingress_handler.go:120","msg":"Error retrieving TTL, defaulting.","commit":"7655d9c","error":"\"knativebrokerttl\" not found"}
{"level":"info","ts":"2019-12-03T21:04:48.180Z","logger":"broker_ingress","caller":"ingress/ingress_handler.go:120","msg":"Error retrieving TTL, defaulting.","commit":"7655d9c","error":"\"knativebrokerttl\" not found"}
{"level":"info","ts":"2019-12-03T21:04:48.181Z","logger":"broker_ingress","caller":"ingress/ingress_handler.go:120","msg":"Error retrieving TTL, defaulting.","commit":"7655d9c","error":"\"knativebrokerttl\" not found"}
{"level":"info","ts":"2019-12-03T21:04:48.182Z","logger":"broker_ingress","caller":"ingress/ingress_handler.go:120","msg":"Error retrieving TTL, defaulting.","commit":"7655d9c","error":"\"knativebrokerttl\" not found"}
{"level":"info","ts":"2019-12-03T21:04:48.182Z","logger":"broker_ingress","caller":"ingress/ingress_handler.go:120","msg":"Error retrieving TTL, defaulting.","commit":"7655d9c","error":"\"knativebrokerttl\" not found"}
{"level":"info","ts":"2019-12-03T21:04:48.182Z","logger":"broker_ingress","caller":"ingress/ingress_handler.go:120","msg":"Error retrieving TTL, defaulting.","commit":"7655d9c","error":"\"knativebrokerttl\" not found"}
{"level":"info","ts":"2019-12-03T21:04:48.185Z","logger":"broker_ingress","caller":"ingress/ingress_handler.go:120","msg":"Error retrieving TTL, defaulting.","commit":"7655d9c","error":"\"knativebrokerttl\" not found"}
{"level":"info","ts":"2019-12-03T21:04:48.185Z","logger":"broker_ingress","caller":"ingress/ingress_handler.go:120","msg":"Error retrieving TTL, defaulting.","commit":"7655d9c","error":"\"knativebrokerttl\" not found"}
{"level":"info","ts":"2019-12-03T21:04:48.203Z","logger":"broker_ingress","caller":"ingress/ingress_handler.go:120","msg":"Error retrieving TTL, defaulting.","commit":"7655d9c","error":"\"knativebrokerttl\" not found"}
{"level":"info","ts":"2019-12-03T21:04:48.206Z","logger":"broker_ingress","caller":"ingress/ingress_handler.go:120","msg":"Error retrieving TTL, defaulting.","commit":"7655d9c","error":"\"knativebrokerttl\" not found"}
{"level":"info","ts":"2019-12-03T21:04:48.169Z","logger":"broker_ingress","caller":"ingress/ingress_handler.go:120","msg":"Error retrieving TTL, defaulting.","commit":"7655d9c","error":"\"knativebrokerttl\" not found"}
{"level":"info","ts":"2019-12-03T21:04:48.208Z","logger":"broker_ingress","caller":"ingress/ingress_handler.go:120","msg":"Error retrieving TTL, defaulting.","commit":"7655d9c","error":"\"knativebrokerttl\" not found"}
{"level":"info","ts":"2019-12-03T21:04:48.208Z","logger":"broker_ingress","caller":"ingress/ingress_handler.go:120","msg":"Error retrieving TTL, defaulting.","commit":"7655d9c","error":"\"knativebrokerttl\" not found"}
{"level":"info","ts":"2019-12-03T21:04:48.209Z","logger":"broker_ingress","caller":"ingress/ingress_handler.go:120","msg":"Error retrieving TTL, defaulting.","commit":"7655d9c","error":"\"knativebrokerttl\" not found"}
{"level":"info","ts":"2019-12-03T21:04:48.245Z","logger":"broker_ingress","caller":"ingress/ingress_handler.go:120","msg":"Error retrieving TTL, defaulting.","commit":"7655d9c","error":"\"knativebrokerttl\" not found"}
{"level":"info","ts":"2019-12-03T21:04:48.296Z","logger":"broker_ingress","caller":"ingress/ingress_handler.go:120","msg":"Error retrieving TTL, defaulting.","commit":"7655d9c","error":"\"knativebrokerttl\" not found"}
{"level":"info","ts":"2019-12-03T21:04:48.297Z","logger":"broker_ingress","caller":"ingress/ingress_handler.go:120","msg":"Error retrieving TTL, defaulting.","commit":"7655d9c","error":"\"knativebrokerttl\" not found"}
{"level":"info","ts":"2019-12-03T21:04:48.297Z","logger":"broker_ingress","caller":"ingress/ingress_handler.go:120","msg":"Error retrieving TTL, defaulting.","commit":"7655d9c","error":"\"knativebrokerttl\" not found"}
{"level":"info","ts":"2019-12-03T21:04:48.297Z","logger":"broker_ingress","caller":"ingress/ingress_handler.go:120","msg":"Error retrieving TTL, defaulting.","commit":"7655d9c","error":"\"knativebrokerttl\" not found"}
{"level":"info","ts":"2019-12-03T21:04:48.298Z","logger":"broker_ingress","caller":"ingress/ingress_handler.go:120","msg":"Error retrieving TTL, defaulting.","commit":"7655d9c","error":"\"knativebrokerttl\" not found"}
{"level":"info","ts":"2019-12-03T21:04:48.299Z","logger":"broker_ingress","caller":"ingress/ingress_handler.go:120","msg":"Error retrieving TTL, defaulting.","commit":"7655d9c","error":"\"knativebrokerttl\" not found"}
{"level":"info","ts":"2019-12-03T21:04:48.299Z","logger":"broker_ingress","caller":"ingress/ingress_handler.go:120","msg":"Error retrieving TTL, defaulting.","commit":"7655d9c","error":"\"knativebrokerttl\" not found"}
{"level":"info","ts":"2019-12-03T21:04:48.299Z","logger":"broker_ingress","caller":"ingress/ingress_handler.go:120","msg":"Error retrieving TTL, defaulting.","commit":"7655d9c","error":"\"knativebrokerttl\" not found"}
{"level":"info","ts":"2019-12-03T21:04:48.299Z","logger":"broker_ingress","caller":"ingress/ingress_handler.go:120","msg":"Error retrieving TTL, defaulting.","commit":"7655d9c","error":"\"knativebrokerttl\" not found"}
{"level":"info","ts":"2019-12-03T21:04:48.299Z","logger":"broker_ingress","caller":"ingress/ingress_handler.go:120","msg":"Error retrieving TTL, defaulting.","commit":"7655d9c","error":"\"knativebrokerttl\" not found"}
{"level":"info","ts":"2019-12-03T21:04:48.300Z","logger":"broker_ingress","caller":"ingress/ingress_handler.go:120","msg":"Error retrieving TTL, defaulting.","commit":"7655d9c","error":"\"knativebrokerttl\" not found"}
{"level":"info","ts":"2019-12-03T21:04:48.300Z","logger":"broker_ingress","caller":"ingress/ingress_handler.go:120","msg":"Error retrieving TTL, defaulting.","commit":"7655d9c","error":"\"knativebrokerttl\" not found"}
{"level":"info","ts":"2019-12-03T21:04:48.301Z","logger":"broker_ingress","caller":"ingress/ingress_handler.go:120","msg":"Error retrieving TTL, defaulting.","commit":"7655d9c","error":"\"knativebrokerttl\" not found"}
{"level":"info","ts":"2019-12-03T21:04:48.301Z","logger":"broker_ingress","caller":"ingress/ingress_handler.go:120","msg":"Error retrieving TTL, defaulting.","commit":"7655d9c","error":"\"knativebrokerttl\" not found"}
{"level":"info","ts":"2019-12-03T21:04:48.301Z","logger":"broker_ingress","caller":"ingress/ingress_handler.go:120","msg":"Error retrieving TTL, defaulting.","commit":"7655d9c","error":"\"knativebrokerttl\" not found"}
{"level":"info","ts":"2019-12-03T21:04:48.301Z","logger":"broker_ingress","caller":"ingress/ingress_handler.go:120","msg":"Error retrieving TTL, defaulting.","commit":"7655d9c","error":"\"knativebrokerttl\" not found"}
{"level":"info","ts":"2019-12-03T21:04:48.301Z","logger":"broker_ingress","caller":"ingress/ingress_handler.go:120","msg":"Error retrieving TTL, defaulting.","commit":"7655d9c","error":"\"knativebrokerttl\" not found"}
{"level":"info","ts":"2019-12-03T21:04:48.302Z","logger":"broker_ingress","caller":"ingress/ingress_handler.go:120","msg":"Error retrieving TTL, defaulting.","commit":"7655d9c","error":"\"knativebrokerttl\" not found"}
{"level":"info","ts":"2019-12-03T21:04:48.302Z","logger":"broker_ingress","caller":"ingress/ingress_handler.go:120","msg":"Error retrieving TTL, defaulting.","commit":"7655d9c","error":"\"knativebrokerttl\" not found"}
{"level":"info","ts":"2019-12-03T21:04:48.302Z","logger":"broker_ingress","caller":"ingress/ingress_handler.go:120","msg":"Error retrieving TTL, defaulting.","commit":"7655d9c","error":"\"knativebrokerttl\" not found"}
{"level":"info","ts":"2019-12-03T21:04:48.302Z","logger":"broker_ingress","caller":"ingress/ingress_handler.go:120","msg":"Error retrieving TTL, defaulting.","commit":"7655d9c","error":"\"knativebrokerttl\" not found"}
{"level":"info","ts":"2019-12-03T21:04:48.303Z","logger":"broker_ingress","caller":"ingress/ingress_handler.go:120","msg":"Error retrieving TTL, defaulting.","commit":"7655d9c","error":"\"knativebrokerttl\" not found"}
{"level":"info","ts":"2019-12-03T21:04:48.303Z","logger":"broker_ingress","caller":"ingress/ingress_handler.go:120","msg":"Error retrieving TTL, defaulting.","commit":"7655d9c","error":"\"knativebrokerttl\" not found"}
{"level":"info","ts":"2019-12-03T21:04:48.303Z","logger":"broker_ingress","caller":"ingress/ingress_handler.go:120","msg":"Error retrieving TTL, defaulting.","commit":"7655d9c","error":"\"knativebrokerttl\" not found"}
{"level":"info","ts":"2019-12-03T21:04:48.304Z","logger":"broker_ingress","caller":"ingress/ingress_handler.go:120","msg":"Error retrieving TTL, defaulting.","commit":"7655d9c","error":"\"knativebrokerttl\" not found"}
{"level":"info","ts":"2019-12-03T21:04:48.306Z","logger":"broker_ingress","caller":"ingress/ingress_handler.go:120","msg":"Error retrieving TTL, defaulting.","commit":"7655d9c","error":"\"knativebrokerttl\" not found"}
{"level":"info","ts":"2019-12-03T21:04:48.302Z","logger":"broker_ingress","caller":"ingress/ingress_handler.go:120","msg":"Error retrieving TTL, defaulting.","commit":"7655d9c","error":"\"knativebrokerttl\" not found"}
{"level":"info","ts":"2019-12-03T21:04:48.309Z","logger":"broker_ingress","caller":"ingress/ingress_handler.go:120","msg":"Error retrieving TTL, defaulting.","commit":"7655d9c","error":"\"knativebrokerttl\" not found"}
{"level":"info","ts":"2019-12-03T21:04:48.309Z","logger":"broker_ingress","caller":"ingress/ingress_handler.go:120","msg":"Error retrieving TTL, defaulting.","commit":"7655d9c","error":"\"knativebrokerttl\" not found"}
{"level":"info","ts":"2019-12-03T21:04:48.310Z","logger":"broker_ingress","caller":"ingress/ingress_handler.go:120","msg":"Error retrieving TTL, defaulting.","commit":"7655d9c","error":"\"knativebrokerttl\" not found"}
{"level":"info","ts":"2019-12-03T21:04:48.310Z","logger":"broker_ingress","caller":"ingress/ingress_handler.go:120","msg":"Error retrieving TTL, defaulting.","commit":"7655d9c","error":"\"knativebrokerttl\" not found"}
{"level":"info","ts":"2019-12-03T21:04:48.310Z","logger":"broker_ingress","caller":"ingress/ingress_handler.go:120","msg":"Error retrieving TTL, defaulting.","commit":"7655d9c","error":"\"knativebrokerttl\" not found"}
{"level":"info","ts":"2019-12-03T21:04:48.310Z","logger":"broker_ingress","caller":"ingress/ingress_handler.go:120","msg":"Error retrieving TTL, defaulting.","commit":"7655d9c","error":"\"knativebrokerttl\" not found"}
{"level":"info","ts":"2019-12-03T21:04:48.310Z","logger":"broker_ingress","caller":"ingress/ingress_handler.go:120","msg":"Error retrieving TTL, defaulting.","commit":"7655d9c","error":"\"knativebrokerttl\" not found"}
{"level":"info","ts":"2019-12-03T21:04:48.311Z","logger":"broker_ingress","caller":"ingress/ingress_handler.go:120","msg":"Error retrieving TTL, defaulting.","commit":"7655d9c","error":"\"knativebrokerttl\" not found"}
{"level":"info","ts":"2019-12-03T21:04:48.311Z","logger":"broker_ingress","caller":"ingress/ingress_handler.go:120","msg":"Error retrieving TTL, defaulting.","commit":"7655d9c","error":"\"knativebrokerttl\" not found"}
{"level":"info","ts":"2019-12-03T21:04:48.311Z","logger":"broker_ingress","caller":"ingress/ingress_handler.go:120","msg":"Error retrieving TTL, defaulting.","commit":"7655d9c","error":"\"knativebrokerttl\" not found"}
{"level":"info","ts":"2019-12-03T21:04:48.311Z","logger":"broker_ingress","caller":"ingress/ingress_handler.go:120","msg":"Error retrieving TTL, defaulting.","commit":"7655d9c","error":"\"knativebrokerttl\" not found"}
{"level":"info","ts":"2019-12-03T21:04:48.311Z","logger":"broker_ingress","caller":"ingress/ingress_handler.go:120","msg":"Error retrieving TTL, defaulting.","commit":"7655d9c","error":"\"knativebrokerttl\" not found"}
{"level":"info","ts":"2019-12-03T21:04:48.312Z","logger":"broker_ingress","caller":"ingress/ingress_handler.go:120","msg":"Error retrieving TTL, defaulting.","commit":"7655d9c","error":"\"knativebrokerttl\" not found"}
{"level":"info","ts":"2019-12-03T21:04:48.312Z","logger":"broker_ingress","caller":"ingress/ingress_handler.go:120","msg":"Error retrieving TTL, defaulting.","commit":"7655d9c","error":"\"knativebrokerttl\" not found"}
{"level":"info","ts":"2019-12-03T21:04:48.312Z","logger":"broker_ingress","caller":"ingress/ingress_handler.go:120","msg":"Error retrieving TTL, defaulting.","commit":"7655d9c","error":"\"knativebrokerttl\" not found"}
{"level":"info","ts":"2019-12-03T21:04:48.312Z","logger":"broker_ingress","caller":"ingress/ingress_handler.go:120","msg":"Error retrieving TTL, defaulting.","commit":"7655d9c","error":"\"knativebrokerttl\" not found"}
{"level":"info","ts":"2019-12-03T21:04:48.312Z","logger":"broker_ingress","caller":"ingress/ingress_handler.go:120","msg":"Error retrieving TTL, defaulting.","commit":"7655d9c","error":"\"knativebrokerttl\" not found"}
{"level":"info","ts":"2019-12-03T21:04:48.312Z","logger":"broker_ingress","caller":"ingress/ingress_handler.go:120","msg":"Error retrieving TTL, defaulting.","commit":"7655d9c","error":"\"knativebrokerttl\" not found"}
{"level":"info","ts":"2019-12-03T21:04:48.313Z","logger":"broker_ingress","caller":"ingress/ingress_handler.go:120","msg":"Error retrieving TTL, defaulting.","commit":"7655d9c","error":"\"knativebrokerttl\" not found"}
{"level":"info","ts":"2019-12-03T21:04:48.314Z","logger":"broker_ingress","caller":"ingress/ingress_handler.go:120","msg":"Error retrieving TTL, defaulting.","commit":"7655d9c","error":"\"knativebrokerttl\" not found"}
{"level":"info","ts":"2019-12-03T21:04:48.314Z","logger":"broker_ingress","caller":"ingress/ingress_handler.go:120","msg":"Error retrieving TTL, defaulting.","commit":"7655d9c","error":"\"knativebrokerttl\" not found"}
{"level":"info","ts":"2019-12-03T21:04:48.314Z","logger":"broker_ingress","caller":"ingress/ingress_handler.go:120","msg":"Error retrieving TTL, defaulting.","commit":"7655d9c","error":"\"knativebrokerttl\" not found"}
{"level":"info","ts":"2019-12-03T21:04:48.314Z","logger":"broker_ingress","caller":"ingress/ingress_handler.go:120","msg":"Error retrieving TTL, defaulting.","commit":"7655d9c","error":"\"knativebrokerttl\" not found"}
{"level":"info","ts":"2019-12-03T21:04:48.314Z","logger":"broker_ingress","caller":"ingress/ingress_handler.go:120","msg":"Error retrieving TTL, defaulting.","commit":"7655d9c","error":"\"knativebrokerttl\" not found"}
{"level":"info","ts":"2019-12-03T21:04:48.315Z","logger":"broker_ingress","caller":"ingress/ingress_handler.go:120","msg":"Error retrieving TTL, defaulting.","commit":"7655d9c","error":"\"knativebrokerttl\" not found"}
{"level":"info","ts":"2019-12-03T21:04:48.315Z","logger":"broker_ingress","caller":"ingress/ingress_handler.go:120","msg":"Error retrieving TTL, defaulting.","commit":"7655d9c","error":"\"knativebrokerttl\" not found"}
{"level":"info","ts":"2019-12-03T21:04:48.315Z","logger":"broker_ingress","caller":"ingress/ingress_handler.go:120","msg":"Error retrieving TTL, defaulting.","commit":"7655d9c","error":"\"knativebrokerttl\" not found"}
{"level":"info","ts":"2019-12-03T21:04:48.315Z","logger":"broker_ingress","caller":"ingress/ingress_handler.go:120","msg":"Error retrieving TTL, defaulting.","commit":"7655d9c","error":"\"knativebrokerttl\" not found"}
{"level":"info","ts":"2019-12-03T21:04:48.315Z","logger":"broker_ingress","caller":"ingress/ingress_handler.go:120","msg":"Error retrieving TTL, defaulting.","commit":"7655d9c","error":"\"knativebrokerttl\" not found"}
{"level":"info","ts":"2019-12-03T21:04:48.315Z","logger":"broker_ingress","caller":"ingress/ingress_handler.go:120","msg":"Error retrieving TTL, defaulting.","commit":"7655d9c","error":"\"knativebrokerttl\" not found"}
{"level":"info","ts":"2019-12-03T21:04:48.316Z","logger":"broker_ingress","caller":"ingress/ingress_handler.go:120","msg":"Error retrieving TTL, defaulting.","commit":"7655d9c","error":"\"knativebrokerttl\" not found"}
{"level":"info","ts":"2019-12-03T21:04:48.316Z","logger":"broker_ingress","caller":"ingress/ingress_handler.go:120","msg":"Error retrieving TTL, defaulting.","commit":"7655d9c","error":"\"knativebrokerttl\" not found"}
{"level":"info","ts":"2019-12-03T21:04:48.316Z","logger":"broker_ingress","caller":"ingress/ingress_handler.go:120","msg":"Error retrieving TTL, defaulting.","commit":"7655d9c","error":"\"knativebrokerttl\" not found"}
{"level":"info","ts":"2019-12-03T21:04:48.316Z","logger":"broker_ingress","caller":"ingress/ingress_handler.go:120","msg":"Error retrieving TTL, defaulting.","commit":"7655d9c","error":"\"knativebrokerttl\" not found"}
{"level":"info","ts":"2019-12-03T21:04:48.316Z","logger":"broker_ingress","caller":"ingress/ingress_handler.go:120","msg":"Error retrieving TTL, defaulting.","commit":"7655d9c","error":"\"knativebrokerttl\" not found"}
{"level":"info","ts":"2019-12-03T21:04:48.316Z","logger":"broker_ingress","caller":"ingress/ingress_handler.go:120","msg":"Error retrieving TTL, defaulting.","commit":"7655d9c","error":"\"knativebrokerttl\" not found"}
{"level":"info","ts":"2019-12-03T21:04:48.317Z","logger":"broker_ingress","caller":"ingress/ingress_handler.go:120","msg":"Error retrieving TTL, defaulting.","commit":"7655d9c","error":"\"knativebrokerttl\" not found"}
{"level":"info","ts":"2019-12-03T21:04:48.320Z","logger":"broker_ingress","caller":"ingress/ingress_handler.go:120","msg":"Error retrieving TTL, defaulting.","commit":"7655d9c","error":"\"knativebrokerttl\" not found"}
{"level":"info","ts":"2019-12-03T21:04:48.320Z","logger":"broker_ingress","caller":"ingress/ingress_handler.go:120","msg":"Error retrieving TTL, defaulting.","commit":"7655d9c","error":"\"knativebrokerttl\" not found"}
{"level":"info","ts":"2019-12-03T21:04:48.321Z","logger":"broker_ingress","caller":"ingress/ingress_handler.go:120","msg":"Error retrieving TTL, defaulting.","commit":"7655d9c","error":"\"knativebrokerttl\" not found"}
{"level":"info","ts":"2019-12-03T21:04:48.321Z","logger":"broker_ingress","caller":"ingress/ingress_handler.go:120","msg":"Error retrieving TTL, defaulting.","commit":"7655d9c","error":"\"knativebrokerttl\" not found"}
{"level":"info","ts":"2019-12-03T21:04:48.321Z","logger":"broker_ingress","caller":"ingress/ingress_handler.go:120","msg":"Error retrieving TTL, defaulting.","commit":"7655d9c","error":"\"knativebrokerttl\" not found"}
{"level":"info","ts":"2019-12-03T21:04:48.321Z","logger":"broker_ingress","caller":"ingress/ingress_handler.go:120","msg":"Error retrieving TTL, defaulting.","commit":"7655d9c","error":"\"knativebrokerttl\" not found"}
{"level":"info","ts":"2019-12-03T21:04:48.321Z","logger":"broker_ingress","caller":"ingress/ingress_handler.go:120","msg":"Error retrieving TTL, defaulting.","commit":"7655d9c","error":"\"knativebrokerttl\" not found"}
{"level":"info","ts":"2019-12-03T21:04:48.321Z","logger":"broker_ingress","caller":"ingress/ingress_handler.go:120","msg":"Error retrieving TTL, defaulting.","commit":"7655d9c","error":"\"knativebrokerttl\" not found"}
{"level":"info","ts":"2019-12-03T21:04:48.322Z","logger":"broker_ingress","caller":"ingress/ingress_handler.go:120","msg":"Error retrieving TTL, defaulting.","commit":"7655d9c","error":"\"knativebrokerttl\" not found"}
{"level":"info","ts":"2019-12-03T21:04:48.322Z","logger":"broker_ingress","caller":"ingress/ingress_handler.go:120","msg":"Error retrieving TTL, defaulting.","commit":"7655d9c","error":"\"knativebrokerttl\" not found"}
{"level":"info","ts":"2019-12-03T21:04:48.322Z","logger":"broker_ingress","caller":"ingress/ingress_handler.go:120","msg":"Error retrieving TTL, defaulting.","commit":"7655d9c","error":"\"knativebrokerttl\" not found"}
{"level":"info","ts":"2019-12-03T21:04:48.322Z","logger":"broker_ingress","caller":"ingress/ingress_handler.go:120","msg":"Error retrieving TTL, defaulting.","commit":"7655d9c","error":"\"knativebrokerttl\" not found"}
{"level":"info","ts":"2019-12-03T21:04:48.322Z","logger":"broker_ingress","caller":"ingress/ingress_handler.go:120","msg":"Error retrieving TTL, defaulting.","commit":"7655d9c","error":"\"knativebrokerttl\" not found"}
{"level":"info","ts":"2019-12-03T21:04:48.322Z","logger":"broker_ingress","caller":"ingress/ingress_handler.go:120","msg":"Error retrieving TTL, defaulting.","commit":"7655d9c","error":"\"knativebrokerttl\" not found"}
{"level":"info","ts":"2019-12-03T21:04:48.323Z","logger":"broker_ingress","caller":"ingress/ingress_handler.go:120","msg":"Error retrieving TTL, defaulting.","commit":"7655d9c","error":"\"knativebrokerttl\" not found"}
{"level":"info","ts":"2019-12-03T21:04:48.323Z","logger":"broker_ingress","caller":"ingress/ingress_handler.go:120","msg":"Error retrieving TTL, defaulting.","commit":"7655d9c","error":"\"knativebrokerttl\" not found"}
{"level":"info","ts":"2019-12-03T21:04:48.323Z","logger":"broker_ingress","caller":"ingress/ingress_handler.go:120","msg":"Error retrieving TTL, defaulting.","commit":"7655d9c","error":"\"knativebrokerttl\" not found"}
{"level":"info","ts":"2019-12-03T21:04:48.323Z","logger":"broker_ingress","caller":"ingress/ingress_handler.go:120","msg":"Error retrieving TTL, defaulting.","commit":"7655d9c","error":"\"knativebrokerttl\" not found"}
{"level":"info","ts":"2019-12-03T21:04:48.323Z","logger":"broker_ingress","caller":"ingress/ingress_handler.go:120","msg":"Error retrieving TTL, defaulting.","commit":"7655d9c","error":"\"knativebrokerttl\" not found"}
{"level":"info","ts":"2019-12-03T21:04:48.329Z","logger":"broker_ingress","caller":"ingress/ingress_handler.go:120","msg":"Error retrieving TTL, defaulting.","commit":"7655d9c","error":"\"knativebrokerttl\" not found"}
{"level":"info","ts":"2019-12-03T21:04:48.329Z","logger":"broker_ingress","caller":"ingress/ingress_handler.go:120","msg":"Error retrieving TTL, defaulting.","commit":"7655d9c","error":"\"knativebrokerttl\" not found"}
{"level":"info","ts":"2019-12-03T21:04:48.329Z","logger":"broker_ingress","caller":"ingress/ingress_handler.go:120","msg":"Error retrieving TTL, defaulting.","commit":"7655d9c","error":"\"knativebrokerttl\" not found"}
{"level":"info","ts":"2019-12-03T21:04:48.329Z","logger":"broker_ingress","caller":"ingress/ingress_handler.go:120","msg":"Error retrieving TTL, defaulting.","commit":"7655d9c","error":"\"knativebrokerttl\" not found"}
{"level":"info","ts":"2019-12-03T21:04:48.330Z","logger":"broker_ingress","caller":"ingress/ingress_handler.go:120","msg":"Error retrieving TTL, defaulting.","commit":"7655d9c","error":"\"knativebrokerttl\" not found"}
{"level":"info","ts":"2019-12-03T21:04:48.331Z","logger":"broker_ingress","caller":"ingress/ingress_handler.go:120","msg":"Error retrieving TTL, defaulting.","commit":"7655d9c","error":"\"knativebrokerttl\" not found"}
{"level":"info","ts":"2019-12-03T21:04:48.331Z","logger":"broker_ingress","caller":"ingress/ingress_handler.go:120","msg":"Error retrieving TTL, defaulting.","commit":"7655d9c","error":"\"knativebrokerttl\" not found"}
{"level":"info","ts":"2019-12-03T21:04:48.332Z","logger":"broker_ingress","caller":"ingress/ingress_handler.go:120","msg":"Error retrieving TTL, defaulting.","commit":"7655d9c","error":"\"knativebrokerttl\" not found"}
{"level":"info","ts":"2019-12-03T21:04:48.333Z","logger":"broker_ingress","caller":"ingress/ingress_handler.go:120","msg":"Error retrieving TTL, defaulting.","commit":"7655d9c","error":"\"knativebrokerttl\" not found"}
{"level":"info","ts":"2019-12-03T21:04:48.333Z","logger":"broker_ingress","caller":"ingress/ingress_handler.go:120","msg":"Error retrieving TTL, defaulting.","commit":"7655d9c","error":"\"knativebrokerttl\" not found"}
{"level":"info","ts":"2019-12-03T21:04:48.337Z","logger":"broker_ingress","caller":"ingress/ingress_handler.go:120","msg":"Error retrieving TTL, defaulting.","commit":"7655d9c","error":"\"knativebrokerttl\" not found"}
{"level":"info","ts":"2019-12-03T21:04:48.337Z","logger":"broker_ingress","caller":"ingress/ingress_handler.go:120","msg":"Error retrieving TTL, defaulting.","commit":"7655d9c","error":"\"knativebrokerttl\" not found"}
{"level":"info","ts":"2019-12-03T21:04:48.337Z","logger":"broker_ingress","caller":"ingress/ingress_handler.go:120","msg":"Error retrieving TTL, defaulting.","commit":"7655d9c","error":"\"knativebrokerttl\" not found"}
{"level":"info","ts":"2019-12-03T21:04:48.337Z","logger":"broker_ingress","caller":"ingress/ingress_handler.go:120","msg":"Error retrieving TTL, defaulting.","commit":"7655d9c","error":"\"knativebrokerttl\" not found"}
{"level":"info","ts":"2019-12-03T21:04:48.313Z","logger":"broker_ingress","caller":"ingress/ingress_handler.go:120","msg":"Error retrieving TTL, defaulting.","commit":"7655d9c","error":"\"knativebrokerttl\" not found"}
{"level":"info","ts":"2019-12-03T21:04:48.342Z","logger":"broker_ingress","caller":"ingress/ingress_handler.go:120","msg":"Error retrieving TTL, defaulting.","commit":"7655d9c","error":"\"knativebrokerttl\" not found"}
{"level":"info","ts":"2019-12-03T21:04:48.342Z","logger":"broker_ingress","caller":"ingress/ingress_handler.go:120","msg":"Error retrieving TTL, defaulting.","commit":"7655d9c","error":"\"knativebrokerttl\" not found"}
{"level":"info","ts":"2019-12-03T21:04:48.342Z","logger":"broker_ingress","caller":"ingress/ingress_handler.go:120","msg":"Error retrieving TTL, defaulting.","commit":"7655d9c","error":"\"knativebrokerttl\" not found"}
{"level":"info","ts":"2019-12-03T21:04:48.342Z","logger":"broker_ingress","caller":"ingress/ingress_handler.go:120","msg":"Error retrieving TTL, defaulting.","commit":"7655d9c","error":"\"knativebrokerttl\" not found"}
{"level":"info","ts":"2019-12-03T21:04:48.342Z","logger":"broker_ingress","caller":"ingress/ingress_handler.go:120","msg":"Error retrieving TTL, defaulting.","commit":"7655d9c","error":"\"knativebrokerttl\" not found"}
{"level":"info","ts":"2019-12-03T21:04:48.342Z","logger":"broker_ingress","caller":"ingress/ingress_handler.go:120","msg":"Error retrieving TTL, defaulting.","commit":"7655d9c","error":"\"knativebrokerttl\" not found"}
{"level":"info","ts":"2019-12-03T21:04:48.349Z","logger":"broker_ingress","caller":"ingress/ingress_handler.go:120","msg":"Error retrieving TTL, defaulting.","commit":"7655d9c","error":"\"knativebrokerttl\" not found"}
{"level":"info","ts":"2019-12-03T21:04:48.349Z","logger":"broker_ingress","caller":"ingress/ingress_handler.go:120","msg":"Error retrieving TTL, defaulting.","commit":"7655d9c","error":"\"knativebrokerttl\" not found"}
{"level":"info","ts":"2019-12-03T21:04:48.349Z","logger":"broker_ingress","caller":"ingress/ingress_handler.go:120","msg":"Error retrieving TTL, defaulting.","commit":"7655d9c","error":"\"knativebrokerttl\" not found"}
{"level":"info","ts":"2019-12-03T21:04:48.349Z","logger":"broker_ingress","caller":"ingress/ingress_handler.go:120","msg":"Error retrieving TTL, defaulting.","commit":"7655d9c","error":"\"knativebrokerttl\" not found"}
{"level":"info","ts":"2019-12-03T21:04:48.351Z","logger":"broker_ingress","caller":"ingress/ingress_handler.go:120","msg":"Error retrieving TTL, defaulting.","commit":"7655d9c","error":"\"knativebrokerttl\" not found"}
{"level":"info","ts":"2019-12-03T21:04:48.352Z","logger":"broker_ingress","caller":"ingress/ingress_handler.go:120","msg":"Error retrieving TTL, defaulting.","commit":"7655d9c","error":"\"knativebrokerttl\" not found"}
{"level":"info","ts":"2019-12-03T21:04:48.355Z","logger":"broker_ingress","caller":"ingress/ingress_handler.go:120","msg":"Error retrieving TTL, defaulting.","commit":"7655d9c","error":"\"knativebrokerttl\" not found"}
{"level":"info","ts":"2019-12-03T21:04:48.355Z","logger":"broker_ingress","caller":"ingress/ingress_handler.go:120","msg":"Error retrieving TTL, defaulting.","commit":"7655d9c","error":"\"knativebrokerttl\" not found"}
{"level":"info","ts":"2019-12-03T21:04:48.352Z","logger":"broker_ingress","caller":"ingress/ingress_handler.go:120","msg":"Error retrieving TTL, defaulting.","commit":"7655d9c","error":"\"knativebrokerttl\" not found"}
{"level":"info","ts":"2019-12-03T21:04:48.357Z","logger":"broker_ingress","caller":"ingress/ingress_handler.go:120","msg":"Error retrieving TTL, defaulting.","commit":"7655d9c","error":"\"knativebrokerttl\" not found"}
{"level":"info","ts":"2019-12-03T21:04:48.358Z","logger":"broker_ingress","caller":"ingress/ingress_handler.go:120","msg":"Error retrieving TTL, defaulting.","commit":"7655d9c","error":"\"knativebrokerttl\" not found"}
{"level":"info","ts":"2019-12-03T21:04:48.359Z","logger":"broker_ingress","caller":"ingress/ingress_handler.go:120","msg":"Error retrieving TTL, defaulting.","commit":"7655d9c","error":"\"knativebrokerttl\" not found"}
{"level":"info","ts":"2019-12-03T21:04:48.359Z","logger":"broker_ingress","caller":"ingress/ingress_handler.go:120","msg":"Error retrieving TTL, defaulting.","commit":"7655d9c","error":"\"knativebrokerttl\" not found"}
{"level":"info","ts":"2019-12-03T21:04:48.359Z","logger":"broker_ingress","caller":"ingress/ingress_handler.go:120","msg":"Error retrieving TTL, defaulting.","commit":"7655d9c","error":"\"knativebrokerttl\" not found"}
{"level":"info","ts":"2019-12-03T21:04:48.359Z","logger":"broker_ingress","caller":"ingress/ingress_handler.go:120","msg":"Error retrieving TTL, defaulting.","commit":"7655d9c","error":"\"knativebrokerttl\" not found"}
{"level":"info","ts":"2019-12-03T21:04:48.359Z","logger":"broker_ingress","caller":"ingress/ingress_handler.go:120","msg":"Error retrieving TTL, defaulting.","commit":"7655d9c","error":"\"knativebrokerttl\" not found"}
{"level":"info","ts":"2019-12-03T21:04:48.360Z","logger":"broker_ingress","caller":"ingress/ingress_handler.go:120","msg":"Error retrieving TTL, defaulting.","commit":"7655d9c","error":"\"knativebrokerttl\" not found"}
{"level":"info","ts":"2019-12-03T21:04:48.360Z","logger":"broker_ingress","caller":"ingress/ingress_handler.go:120","msg":"Error retrieving TTL, defaulting.","commit":"7655d9c","error":"\"knativebrokerttl\" not found"}
{"level":"info","ts":"2019-12-03T21:04:48.360Z","logger":"broker_ingress","caller":"ingress/ingress_handler.go:120","msg":"Error retrieving TTL, defaulting.","commit":"7655d9c","error":"\"knativebrokerttl\" not found"}
{"level":"info","ts":"2019-12-03T21:04:48.361Z","logger":"broker_ingress","caller":"ingress/ingress_handler.go:120","msg":"Error retrieving TTL, defaulting.","commit":"7655d9c","error":"\"knativebrokerttl\" not found"}
{"level":"info","ts":"2019-12-03T21:04:48.362Z","logger":"broker_ingress","caller":"ingress/ingress_handler.go:120","msg":"Error retrieving TTL, defaulting.","commit":"7655d9c","error":"\"knativebrokerttl\" not found"}
{"level":"info","ts":"2019-12-03T21:04:48.362Z","logger":"broker_ingress","caller":"ingress/ingress_handler.go:120","msg":"Error retrieving TTL, defaulting.","commit":"7655d9c","error":"\"knativebrokerttl\" not found"}
{"level":"info","ts":"2019-12-03T21:04:48.362Z","logger":"broker_ingress","caller":"ingress/ingress_handler.go:120","msg":"Error retrieving TTL, defaulting.","commit":"7655d9c","error":"\"knativebrokerttl\" not found"}
{"level":"info","ts":"2019-12-03T21:04:48.362Z","logger":"broker_ingress","caller":"ingress/ingress_handler.go:120","msg":"Error retrieving TTL, defaulting.","commit":"7655d9c","error":"\"knativebrokerttl\" not found"}
{"level":"info","ts":"2019-12-03T21:04:48.362Z","logger":"broker_ingress","caller":"ingress/ingress_handler.go:120","msg":"Error retrieving TTL, defaulting.","commit":"7655d9c","error":"\"knativebrokerttl\" not found"}
{"level":"info","ts":"2019-12-03T21:04:48.362Z","logger":"broker_ingress","caller":"ingress/ingress_handler.go:120","msg":"Error retrieving TTL, defaulting.","commit":"7655d9c","error":"\"knativebrokerttl\" not found"}
{"level":"info","ts":"2019-12-03T21:04:48.363Z","logger":"broker_ingress","caller":"ingress/ingress_handler.go:120","msg":"Error retrieving TTL, defaulting.","commit":"7655d9c","error":"\"knativebrokerttl\" not found"}
{"level":"info","ts":"2019-12-03T21:04:48.363Z","logger":"broker_ingress","caller":"ingress/ingress_handler.go:120","msg":"Error retrieving TTL, defaulting.","commit":"7655d9c","error":"\"knativebrokerttl\" not found"}
{"level":"info","ts":"2019-12-03T21:04:48.363Z","logger":"broker_ingress","caller":"ingress/ingress_handler.go:120","msg":"Error retrieving TTL, defaulting.","commit":"7655d9c","error":"\"knativebrokerttl\" not found"}
{"level":"info","ts":"2019-12-03T21:04:48.363Z","logger":"broker_ingress","caller":"ingress/ingress_handler.go:120","msg":"Error retrieving TTL, defaulting.","commit":"7655d9c","error":"\"knativebrokerttl\" not found"}
{"level":"info","ts":"2019-12-03T21:04:48.363Z","logger":"broker_ingress","caller":"ingress/ingress_handler.go:120","msg":"Error retrieving TTL, defaulting.","commit":"7655d9c","error":"\"knativebrokerttl\" not found"}
{"level":"info","ts":"2019-12-03T21:04:48.363Z","logger":"broker_ingress","caller":"ingress/ingress_handler.go:120","msg":"Error retrieving TTL, defaulting.","commit":"7655d9c","error":"\"knativebrokerttl\" not found"}
{"level":"info","ts":"2019-12-03T21:04:48.359Z","logger":"broker_ingress","caller":"ingress/ingress_handler.go:120","msg":"Error retrieving TTL, defaulting.","commit":"7655d9c","error":"\"knativebrokerttl\" not found"}
{"level":"info","ts":"2019-12-03T21:04:48.364Z","logger":"broker_ingress","caller":"ingress/ingress_handler.go:120","msg":"Error retrieving TTL, defaulting.","commit":"7655d9c","error":"\"knativebrokerttl\" not found"}
{"level":"info","ts":"2019-12-03T21:04:48.364Z","logger":"broker_ingress","caller":"ingress/ingress_handler.go:120","msg":"Error retrieving TTL, defaulting.","commit":"7655d9c","error":"\"knativebrokerttl\" not found"}
{"level":"info","ts":"2019-12-03T21:04:48.364Z","logger":"broker_ingress","caller":"ingress/ingress_handler.go:120","msg":"Error retrieving TTL, defaulting.","commit":"7655d9c","error":"\"knativebrokerttl\" not found"}
{"level":"info","ts":"2019-12-03T21:04:48.364Z","logger":"broker_ingress","caller":"ingress/ingress_handler.go:120","msg":"Error retrieving TTL, defaulting.","commit":"7655d9c","error":"\"knativebrokerttl\" not found"}
{"level":"info","ts":"2019-12-03T21:04:48.364Z","logger":"broker_ingress","caller":"ingress/ingress_handler.go:120","msg":"Error retrieving TTL, defaulting.","commit":"7655d9c","error":"\"knativebrokerttl\" not found"}
{"level":"info","ts":"2019-12-03T21:04:48.364Z","logger":"broker_ingress","caller":"ingress/ingress_handler.go:120","msg":"Error retrieving TTL, defaulting.","commit":"7655d9c","error":"\"knativebrokerttl\" not found"}
{"level":"info","ts":"2019-12-03T21:04:48.365Z","logger":"broker_ingress","caller":"ingress/ingress_handler.go:120","msg":"Error retrieving TTL, defaulting.","commit":"7655d9c","error":"\"knativebrokerttl\" not found"}
{"level":"info","ts":"2019-12-03T21:04:48.365Z","logger":"broker_ingress","caller":"ingress/ingress_handler.go:120","msg":"Error retrieving TTL, defaulting.","commit":"7655d9c","error":"\"knativebrokerttl\" not found"}
{"level":"info","ts":"2019-12-03T21:04:48.365Z","logger":"broker_ingress","caller":"ingress/ingress_handler.go:120","msg":"Error retrieving TTL, defaulting.","commit":"7655d9c","error":"\"knativebrokerttl\" not found"}
{"level":"info","ts":"2019-12-03T21:04:48.367Z","logger":"broker_ingress","caller":"ingress/ingress_handler.go:120","msg":"Error retrieving TTL, defaulting.","commit":"7655d9c","error":"\"knativebrokerttl\" not found"}
{"level":"info","ts":"2019-12-03T21:04:48.367Z","logger":"broker_ingress","caller":"ingress/ingress_handler.go:120","msg":"Error retrieving TTL, defaulting.","commit":"7655d9c","error":"\"knativebrokerttl\" not found"}
{"level":"info","ts":"2019-12-03T21:04:48.367Z","logger":"broker_ingress","caller":"ingress/ingress_handler.go:120","msg":"Error retrieving TTL, defaulting.","commit":"7655d9c","error":"\"knativebrokerttl\" not found"}
{"level":"info","ts":"2019-12-03T21:04:48.367Z","logger":"broker_ingress","caller":"ingress/ingress_handler.go:120","msg":"Error retrieving TTL, defaulting.","commit":"7655d9c","error":"\"knativebrokerttl\" not found"}
{"level":"info","ts":"2019-12-03T21:04:48.368Z","logger":"broker_ingress","caller":"ingress/ingress_handler.go:120","msg":"Error retrieving TTL, defaulting.","commit":"7655d9c","error":"\"knativebrokerttl\" not found"}
{"level":"info","ts":"2019-12-03T21:04:48.369Z","logger":"broker_ingress","caller":"ingress/ingress_handler.go:120","msg":"Error retrieving TTL, defaulting.","commit":"7655d9c","error":"\"knativebrokerttl\" not found"}
{"level":"info","ts":"2019-12-03T21:04:48.369Z","logger":"broker_ingress","caller":"ingress/ingress_handler.go:120","msg":"Error retrieving TTL, defaulting.","commit":"7655d9c","error":"\"knativebrokerttl\" not found"}
{"level":"info","ts":"2019-12-03T21:04:48.369Z","logger":"broker_ingress","caller":"ingress/ingress_handler.go:120","msg":"Error retrieving TTL, defaulting.","commit":"7655d9c","error":"\"knativebrokerttl\" not found"}
{"level":"info","ts":"2019-12-03T21:04:48.370Z","logger":"broker_ingress","caller":"ingress/ingress_handler.go:120","msg":"Error retrieving TTL, defaulting.","commit":"7655d9c","error":"\"knativebrokerttl\" not found"}
{"level":"info","ts":"2019-12-03T21:04:48.370Z","logger":"broker_ingress","caller":"ingress/ingress_handler.go:120","msg":"Error retrieving TTL, defaulting.","commit":"7655d9c","error":"\"knativebrokerttl\" not found"}
{"level":"info","ts":"2019-12-03T21:04:48.370Z","logger":"broker_ingress","caller":"ingress/ingress_handler.go:120","msg":"Error retrieving TTL, defaulting.","commit":"7655d9c","error":"\"knativebrokerttl\" not found"}
{"level":"info","ts":"2019-12-03T21:04:48.370Z","logger":"broker_ingress","caller":"ingress/ingress_handler.go:120","msg":"Error retrieving TTL, defaulting.","commit":"7655d9c","error":"\"knativebrokerttl\" not found"}
{"level":"info","ts":"2019-12-03T21:04:48.371Z","logger":"broker_ingress","caller":"ingress/ingress_handler.go:120","msg":"Error retrieving TTL, defaulting.","commit":"7655d9c","error":"\"knativebrokerttl\" not found"}
{"level":"info","ts":"2019-12-03T21:04:48.371Z","logger":"broker_ingress","caller":"ingress/ingress_handler.go:120","msg":"Error retrieving TTL, defaulting.","commit":"7655d9c","error":"\"knativebrokerttl\" not found"}
{"level":"info","ts":"2019-12-03T21:04:48.371Z","logger":"broker_ingress","caller":"ingress/ingress_handler.go:120","msg":"Error retrieving TTL, defaulting.","commit":"7655d9c","error":"\"knativebrokerttl\" not found"}
{"level":"info","ts":"2019-12-03T21:04:48.371Z","logger":"broker_ingress","caller":"ingress/ingress_handler.go:120","msg":"Error retrieving TTL, defaulting.","commit":"7655d9c","error":"\"knativebrokerttl\" not found"}
{"level":"info","ts":"2019-12-03T21:04:48.371Z","logger":"broker_ingress","caller":"ingress/ingress_handler.go:120","msg":"Error retrieving TTL, defaulting.","commit":"7655d9c","error":"\"knativebrokerttl\" not found"}
{"level":"info","ts":"2019-12-03T21:04:48.372Z","logger":"broker_ingress","caller":"ingress/ingress_handler.go:120","msg":"Error retrieving TTL, defaulting.","commit":"7655d9c","error":"\"knativebrokerttl\" not found"}
{"level":"info","ts":"2019-12-03T21:04:48.372Z","logger":"broker_ingress","caller":"ingress/ingress_handler.go:120","msg":"Error retrieving TTL, defaulting.","commit":"7655d9c","error":"\"knativebrokerttl\" not found"}
{"level":"info","ts":"2019-12-03T21:04:48.372Z","logger":"broker_ingress","caller":"ingress/ingress_handler.go:120","msg":"Error retrieving TTL, defaulting.","commit":"7655d9c","error":"\"knativebrokerttl\" not found"}
{"level":"info","ts":"2019-12-03T21:04:48.372Z","logger":"broker_ingress","caller":"ingress/ingress_handler.go:120","msg":"Error retrieving TTL, defaulting.","commit":"7655d9c","error":"\"knativebrokerttl\" not found"}
{"level":"info","ts":"2019-12-03T21:04:48.369Z","logger":"broker_ingress","caller":"ingress/ingress_handler.go:120","msg":"Error retrieving TTL, defaulting.","commit":"7655d9c","error":"\"knativebrokerttl\" not found"}
{"level":"info","ts":"2019-12-03T21:04:48.373Z","logger":"broker_ingress","caller":"ingress/ingress_handler.go:120","msg":"Error retrieving TTL, defaulting.","commit":"7655d9c","error":"\"knativebrokerttl\" not found"}
{"level":"info","ts":"2019-12-03T21:04:48.373Z","logger":"broker_ingress","caller":"ingress/ingress_handler.go:120","msg":"Error retrieving TTL, defaulting.","commit":"7655d9c","error":"\"knativebrokerttl\" not found"}
{"level":"info","ts":"2019-12-03T21:04:48.373Z","logger":"broker_ingress","caller":"ingress/ingress_handler.go:120","msg":"Error retrieving TTL, defaulting.","commit":"7655d9c","error":"\"knativebrokerttl\" not found"}
{"level":"info","ts":"2019-12-03T21:04:48.373Z","logger":"broker_ingress","caller":"ingress/ingress_handler.go:120","msg":"Error retrieving TTL, defaulting.","commit":"7655d9c","error":"\"knativebrokerttl\" not found"}
{"level":"info","ts":"2019-12-03T21:04:48.373Z","logger":"broker_ingress","caller":"ingress/ingress_handler.go:120","msg":"Error retrieving TTL, defaulting.","commit":"7655d9c","error":"\"knativebrokerttl\" not found"}
{"level":"info","ts":"2019-12-03T21:04:48.373Z","logger":"broker_ingress","caller":"ingress/ingress_handler.go:120","msg":"Error retrieving TTL, defaulting.","commit":"7655d9c","error":"\"knativebrokerttl\" not found"}
{"level":"info","ts":"2019-12-03T21:04:48.373Z","logger":"broker_ingress","caller":"ingress/ingress_handler.go:120","msg":"Error retrieving TTL, defaulting.","commit":"7655d9c","error":"\"knativebrokerttl\" not found"}
{"level":"info","ts":"2019-12-03T21:04:48.373Z","logger":"broker_ingress","caller":"ingress/ingress_handler.go:120","msg":"Error retrieving TTL, defaulting.","commit":"7655d9c","error":"\"knativebrokerttl\" not found"}
{"level":"info","ts":"2019-12-03T21:04:48.373Z","logger":"broker_ingress","caller":"ingress/ingress_handler.go:120","msg":"Error retrieving TTL, defaulting.","commit":"7655d9c","error":"\"knativebrokerttl\" not found"}
{"level":"info","ts":"2019-12-03T21:04:48.373Z","logger":"broker_ingress","caller":"ingress/ingress_handler.go:120","msg":"Error retrieving TTL, defaulting.","commit":"7655d9c","error":"\"knativebrokerttl\" not found"}
{"level":"info","ts":"2019-12-03T21:04:48.373Z","logger":"broker_ingress","caller":"ingress/ingress_handler.go:120","msg":"Error retrieving TTL, defaulting.","commit":"7655d9c","error":"\"knativebrokerttl\" not found"}
{"level":"info","ts":"2019-12-03T21:04:48.374Z","logger":"broker_ingress","caller":"ingress/ingress_handler.go:120","msg":"Error retrieving TTL, defaulting.","commit":"7655d9c","error":"\"knativebrokerttl\" not found"}
{"level":"info","ts":"2019-12-03T21:04:48.374Z","logger":"broker_ingress","caller":"ingress/ingress_handler.go:120","msg":"Error retrieving TTL, defaulting.","commit":"7655d9c","error":"\"knativebrokerttl\" not found"}
{"level":"info","ts":"2019-12-03T21:04:48.374Z","logger":"broker_ingress","caller":"ingress/ingress_handler.go:120","msg":"Error retrieving TTL, defaulting.","commit":"7655d9c","error":"\"knativebrokerttl\" not found"}
{"level":"info","ts":"2019-12-03T21:04:48.374Z","logger":"broker_ingress","caller":"ingress/ingress_handler.go:120","msg":"Error retrieving TTL, defaulting.","commit":"7655d9c","error":"\"knativebrokerttl\" not found"}
{"level":"info","ts":"2019-12-03T21:04:48.374Z","logger":"broker_ingress","caller":"ingress/ingress_handler.go:120","msg":"Error retrieving TTL, defaulting.","commit":"7655d9c","error":"\"knativebrokerttl\" not found"}
{"level":"info","ts":"2019-12-03T21:04:48.374Z","logger":"broker_ingress","caller":"ingress/ingress_handler.go:120","msg":"Error retrieving TTL, defaulting.","commit":"7655d9c","error":"\"knativebrokerttl\" not found"}
{"level":"info","ts":"2019-12-03T21:04:48.374Z","logger":"broker_ingress","caller":"ingress/ingress_handler.go:120","msg":"Error retrieving TTL, defaulting.","commit":"7655d9c","error":"\"knativebrokerttl\" not found"}
{"level":"info","ts":"2019-12-03T21:04:48.374Z","logger":"broker_ingress","caller":"ingress/ingress_handler.go:120","msg":"Error retrieving TTL, defaulting.","commit":"7655d9c","error":"\"knativebrokerttl\" not found"}
{"level":"info","ts":"2019-12-03T21:04:48.375Z","logger":"broker_ingress","caller":"ingress/ingress_handler.go:120","msg":"Error retrieving TTL, defaulting.","commit":"7655d9c","error":"\"knativebrokerttl\" not found"}
{"level":"info","ts":"2019-12-03T21:04:48.375Z","logger":"broker_ingress","caller":"ingress/ingress_handler.go:120","msg":"Error retrieving TTL, defaulting.","commit":"7655d9c","error":"\"knativebrokerttl\" not found"}
{"level":"info","ts":"2019-12-03T21:04:48.375Z","logger":"broker_ingress","caller":"ingress/ingress_handler.go:120","msg":"Error retrieving TTL, defaulting.","commit":"7655d9c","error":"\"knativebrokerttl\" not found"}
{"level":"info","ts":"2019-12-03T21:04:48.376Z","logger":"broker_ingress","caller":"ingress/ingress_handler.go:120","msg":"Error retrieving TTL, defaulting.","commit":"7655d9c","error":"\"knativebrokerttl\" not found"}
{"level":"info","ts":"2019-12-03T21:04:48.377Z","logger":"broker_ingress","caller":"ingress/ingress_handler.go:120","msg":"Error retrieving TTL, defaulting.","commit":"7655d9c","error":"\"knativebrokerttl\" not found"}
{"level":"info","ts":"2019-12-03T21:04:48.377Z","logger":"broker_ingress","caller":"ingress/ingress_handler.go:120","msg":"Error retrieving TTL, defaulting.","commit":"7655d9c","error":"\"knativebrokerttl\" not found"}
{"level":"info","ts":"2019-12-03T21:04:48.378Z","logger":"broker_ingress","caller":"ingress/ingress_handler.go:120","msg":"Error retrieving TTL, defaulting.","commit":"7655d9c","error":"\"knativebrokerttl\" not found"}
{"level":"info","ts":"2019-12-03T21:04:48.378Z","logger":"broker_ingress","caller":"ingress/ingress_handler.go:120","msg":"Error retrieving TTL, defaulting.","commit":"7655d9c","error":"\"knativebrokerttl\" not found"}
{"level":"info","ts":"2019-12-03T21:04:48.378Z","logger":"broker_ingress","caller":"ingress/ingress_handler.go:120","msg":"Error retrieving TTL, defaulting.","commit":"7655d9c","error":"\"knativebrokerttl\" not found"}
{"level":"info","ts":"2019-12-03T21:04:48.378Z","logger":"broker_ingress","caller":"ingress/ingress_handler.go:120","msg":"Error retrieving TTL, defaulting.","commit":"7655d9c","error":"\"knativebrokerttl\" not found"}
{"level":"info","ts":"2019-12-03T21:04:48.378Z","logger":"broker_ingress","caller":"ingress/ingress_handler.go:120","msg":"Error retrieving TTL, defaulting.","commit":"7655d9c","error":"\"knativebrokerttl\" not found"}
{"level":"info","ts":"2019-12-03T21:04:48.379Z","logger":"broker_ingress","caller":"ingress/ingress_handler.go:120","msg":"Error retrieving TTL, defaulting.","commit":"7655d9c","error":"\"knativebrokerttl\" not found"}
{"level":"info","ts":"2019-12-03T21:04:48.379Z","logger":"broker_ingress","caller":"ingress/ingress_handler.go:120","msg":"Error retrieving TTL, defaulting.","commit":"7655d9c","error":"\"knativebrokerttl\" not found"}
{"level":"info","ts":"2019-12-03T21:04:48.379Z","logger":"broker_ingress","caller":"ingress/ingress_handler.go:120","msg":"Error retrieving TTL, defaulting.","commit":"7655d9c","error":"\"knativebrokerttl\" not found"}
{"level":"info","ts":"2019-12-03T21:04:48.379Z","logger":"broker_ingress","caller":"ingress/ingress_handler.go:120","msg":"Error retrieving TTL, defaulting.","commit":"7655d9c","error":"\"knativebrokerttl\" not found"}
{"level":"info","ts":"2019-12-03T21:04:48.379Z","logger":"broker_ingress","caller":"ingress/ingress_handler.go:120","msg":"Error retrieving TTL, defaulting.","commit":"7655d9c","error":"\"knativebrokerttl\" not found"}
{"level":"info","ts":"2019-12-03T21:04:48.380Z","logger":"broker_ingress","caller":"ingress/ingress_handler.go:120","msg":"Error retrieving TTL, defaulting.","commit":"7655d9c","error":"\"knativebrokerttl\" not found"}
{"level":"info","ts":"2019-12-03T21:04:48.380Z","logger":"broker_ingress","caller":"ingress/ingress_handler.go:120","msg":"Error retrieving TTL, defaulting.","commit":"7655d9c","error":"\"knativebrokerttl\" not found"}
{"level":"info","ts":"2019-12-03T21:04:48.380Z","logger":"broker_ingress","caller":"ingress/ingress_handler.go:120","msg":"Error retrieving TTL, defaulting.","commit":"7655d9c","error":"\"knativebrokerttl\" not found"}
{"level":"info","ts":"2019-12-03T21:04:48.380Z","logger":"broker_ingress","caller":"ingress/ingress_handler.go:120","msg":"Error retrieving TTL, defaulting.","commit":"7655d9c","error":"\"knativebrokerttl\" not found"}
{"level":"info","ts":"2019-12-03T21:04:48.380Z","logger":"broker_ingress","caller":"ingress/ingress_handler.go:120","msg":"Error retrieving TTL, defaulting.","commit":"7655d9c","error":"\"knativebrokerttl\" not found"}
{"level":"info","ts":"2019-12-03T21:04:48.380Z","logger":"broker_ingress","caller":"ingress/ingress_handler.go:120","msg":"Error retrieving TTL, defaulting.","commit":"7655d9c","error":"\"knativebrokerttl\" not found"}
{"level":"info","ts":"2019-12-03T21:04:48.380Z","logger":"broker_ingress","caller":"ingress/ingress_handler.go:120","msg":"Error retrieving TTL, defaulting.","commit":"7655d9c","error":"\"knativebrokerttl\" not found"}
{"level":"info","ts":"2019-12-03T21:04:48.380Z","logger":"broker_ingress","caller":"ingress/ingress_handler.go:120","msg":"Error retrieving TTL, defaulting.","commit":"7655d9c","error":"\"knativebrokerttl\" not found"}
{"level":"info","ts":"2019-12-03T21:04:48.381Z","logger":"broker_ingress","caller":"ingress/ingress_handler.go:120","msg":"Error retrieving TTL, defaulting.","commit":"7655d9c","error":"\"knativebrokerttl\" not found"}
{"level":"info","ts":"2019-12-03T21:04:48.381Z","logger":"broker_ingress","caller":"ingress/ingress_handler.go:120","msg":"Error retrieving TTL, defaulting.","commit":"7655d9c","error":"\"knativebrokerttl\" not found"}
{"level":"info","ts":"2019-12-03T21:04:48.382Z","logger":"broker_ingress","caller":"ingress/ingress_handler.go:120","msg":"Error retrieving TTL, defaulting.","commit":"7655d9c","error":"\"knativebrokerttl\" not found"}
{"level":"info","ts":"2019-12-03T21:04:48.382Z","logger":"broker_ingress","caller":"ingress/ingress_handler.go:120","msg":"Error retrieving TTL, defaulting.","commit":"7655d9c","error":"\"knativebrokerttl\" not found"}
{"level":"info","ts":"2019-12-03T21:04:48.384Z","logger":"broker_ingress","caller":"ingress/ingress_handler.go:120","msg":"Error retrieving TTL, defaulting.","commit":"7655d9c","error":"\"knativebrokerttl\" not found"}
{"level":"info","ts":"2019-12-03T21:04:48.385Z","logger":"broker_ingress","caller":"ingress/ingress_handler.go:120","msg":"Error retrieving TTL, defaulting.","commit":"7655d9c","error":"\"knativebrokerttl\" not found"}
{"level":"info","ts":"2019-12-03T21:04:48.389Z","logger":"broker_ingress","caller":"ingress/ingress_handler.go:120","msg":"Error retrieving TTL, defaulting.","commit":"7655d9c","error":"\"knativebrokerttl\" not found"}
{"level":"info","ts":"2019-12-03T21:04:48.389Z","logger":"broker_ingress","caller":"ingress/ingress_handler.go:120","msg":"Error retrieving TTL, defaulting.","commit":"7655d9c","error":"\"knativebrokerttl\" not found"}
{"level":"info","ts":"2019-12-03T21:04:48.389Z","logger":"broker_ingress","caller":"ingress/ingress_handler.go:120","msg":"Error retrieving TTL, defaulting.","commit":"7655d9c","error":"\"knativebrokerttl\" not found"}
{"level":"info","ts":"2019-12-03T21:04:48.390Z","logger":"broker_ingress","caller":"ingress/ingress_handler.go:120","msg":"Error retrieving TTL, defaulting.","commit":"7655d9c","error":"\"knativebrokerttl\" not found"}
{"level":"info","ts":"2019-12-03T21:04:48.390Z","logger":"broker_ingress","caller":"ingress/ingress_handler.go:120","msg":"Error retrieving TTL, defaulting.","commit":"7655d9c","error":"\"knativebrokerttl\" not found"}
{"level":"info","ts":"2019-12-03T21:04:48.390Z","logger":"broker_ingress","caller":"ingress/ingress_handler.go:120","msg":"Error retrieving TTL, defaulting.","commit":"7655d9c","error":"\"knativebrokerttl\" not found"}
{"level":"info","ts":"2019-12-03T21:04:48.390Z","logger":"broker_ingress","caller":"ingress/ingress_handler.go:120","msg":"Error retrieving TTL, defaulting.","commit":"7655d9c","error":"\"knativebrokerttl\" not found"}
{"level":"info","ts":"2019-12-03T21:04:48.392Z","logger":"broker_ingress","caller":"ingress/ingress_handler.go:120","msg":"Error retrieving TTL, defaulting.","commit":"7655d9c","error":"\"knativebrokerttl\" not found"}
{"level":"info","ts":"2019-12-03T21:04:48.392Z","logger":"broker_ingress","caller":"ingress/ingress_handler.go:120","msg":"Error retrieving TTL, defaulting.","commit":"7655d9c","error":"\"knativebrokerttl\" not found"}
{"level":"info","ts":"2019-12-03T21:04:48.394Z","logger":"broker_ingress","caller":"ingress/ingress_handler.go:120","msg":"Error retrieving TTL, defaulting.","commit":"7655d9c","error":"\"knativebrokerttl\" not found"}
{"level":"info","ts":"2019-12-03T21:04:48.394Z","logger":"broker_ingress","caller":"ingress/ingress_handler.go:120","msg":"Error retrieving TTL, defaulting.","commit":"7655d9c","error":"\"knativebrokerttl\" not found"}
{"level":"info","ts":"2019-12-03T21:04:48.394Z","logger":"broker_ingress","caller":"ingress/ingress_handler.go:120","msg":"Error retrieving TTL, defaulting.","commit":"7655d9c","error":"\"knativebrokerttl\" not found"}
{"level":"info","ts":"2019-12-03T21:04:48.394Z","logger":"broker_ingress","caller":"ingress/ingress_handler.go:120","msg":"Error retrieving TTL, defaulting.","commit":"7655d9c","error":"\"knativebrokerttl\" not found"}
{"level":"info","ts":"2019-12-03T21:04:48.395Z","logger":"broker_ingress","caller":"ingress/ingress_handler.go:120","msg":"Error retrieving TTL, defaulting.","commit":"7655d9c","error":"\"knativebrokerttl\" not found"}
{"level":"info","ts":"2019-12-03T21:04:48.395Z","logger":"broker_ingress","caller":"ingress/ingress_handler.go:120","msg":"Error retrieving TTL, defaulting.","commit":"7655d9c","error":"\"knativebrokerttl\" not found"}
{"level":"info","ts":"2019-12-03T21:04:48.395Z","logger":"broker_ingress","caller":"ingress/ingress_handler.go:120","msg":"Error retrieving TTL, defaulting.","commit":"7655d9c","error":"\"knativebrokerttl\" not found"}
{"level":"info","ts":"2019-12-03T21:04:48.395Z","logger":"broker_ingress","caller":"ingress/ingress_handler.go:120","msg":"Error retrieving TTL, defaulting.","commit":"7655d9c","error":"\"knativebrokerttl\" not found"}
{"level":"info","ts":"2019-12-03T21:04:48.395Z","logger":"broker_ingress","caller":"ingress/ingress_handler.go:120","msg":"Error retrieving TTL, defaulting.","commit":"7655d9c","error":"\"knativebrokerttl\" not found"}
{"level":"info","ts":"2019-12-03T21:04:48.395Z","logger":"broker_ingress","caller":"ingress/ingress_handler.go:120","msg":"Error retrieving TTL, defaulting.","commit":"7655d9c","error":"\"knativebrokerttl\" not found"}
{"level":"info","ts":"2019-12-03T21:04:48.396Z","logger":"broker_ingress","caller":"ingress/ingress_handler.go:120","msg":"Error retrieving TTL, defaulting.","commit":"7655d9c","error":"\"knativebrokerttl\" not found"}
{"level":"info","ts":"2019-12-03T21:04:48.401Z","logger":"broker_ingress","caller":"ingress/ingress_handler.go:120","msg":"Error retrieving TTL, defaulting.","commit":"7655d9c","error":"\"knativebrokerttl\" not found"}
{"level":"info","ts":"2019-12-03T21:04:48.401Z","logger":"broker_ingress","caller":"ingress/ingress_handler.go:120","msg":"Error retrieving TTL, defaulting.","commit":"7655d9c","error":"\"knativebrokerttl\" not found"}
{"level":"info","ts":"2019-12-03T21:04:48.402Z","logger":"broker_ingress","caller":"ingress/ingress_handler.go:120","msg":"Error retrieving TTL, defaulting.","commit":"7655d9c","error":"\"knativebrokerttl\" not found"}
{"level":"info","ts":"2019-12-03T21:04:48.405Z","logger":"broker_ingress","caller":"ingress/ingress_handler.go:120","msg":"Error retrieving TTL, defaulting.","commit":"7655d9c","error":"\"knativebrokerttl\" not found"}
{"level":"info","ts":"2019-12-03T21:04:48.405Z","logger":"broker_ingress","caller":"ingress/ingress_handler.go:120","msg":"Error retrieving TTL, defaulting.","commit":"7655d9c","error":"\"knativebrokerttl\" not found"}
{"level":"info","ts":"2019-12-03T21:04:48.405Z","logger":"broker_ingress","caller":"ingress/ingress_handler.go:120","msg":"Error retrieving TTL, defaulting.","commit":"7655d9c","error":"\"knativebrokerttl\" not found"}
{"level":"info","ts":"2019-12-03T21:04:48.405Z","logger":"broker_ingress","caller":"ingress/ingress_handler.go:120","msg":"Error retrieving TTL, defaulting.","commit":"7655d9c","error":"\"knativebrokerttl\" not found"}
{"level":"info","ts":"2019-12-03T21:04:48.405Z","logger":"broker_ingress","caller":"ingress/ingress_handler.go:120","msg":"Error retrieving TTL, defaulting.","commit":"7655d9c","error":"\"knativebrokerttl\" not found"}
{"level":"info","ts":"2019-12-03T21:04:48.405Z","logger":"broker_ingress","caller":"ingress/ingress_handler.go:120","msg":"Error retrieving TTL, defaulting.","commit":"7655d9c","error":"\"knativebrokerttl\" not found"}
{"level":"info","ts":"2019-12-03T21:04:48.405Z","logger":"broker_ingress","caller":"ingress/ingress_handler.go:120","msg":"Error retrieving TTL, defaulting.","commit":"7655d9c","error":"\"knativebrokerttl\" not found"}
{"level":"info","ts":"2019-12-03T21:04:48.406Z","logger":"broker_ingress","caller":"ingress/ingress_handler.go:120","msg":"Error retrieving TTL, defaulting.","commit":"7655d9c","error":"\"knativebrokerttl\" not found"}
{"level":"info","ts":"2019-12-03T21:04:48.406Z","logger":"broker_ingress","caller":"ingress/ingress_handler.go:120","msg":"Error retrieving TTL, defaulting.","commit":"7655d9c","error":"\"knativebrokerttl\" not found"}
{"level":"info","ts":"2019-12-03T21:04:48.406Z","logger":"broker_ingress","caller":"ingress/ingress_handler.go:120","msg":"Error retrieving TTL, defaulting.","commit":"7655d9c","error":"\"knativebrokerttl\" not found"}
{"level":"info","ts":"2019-12-03T21:04:48.406Z","logger":"broker_ingress","caller":"ingress/ingress_handler.go:120","msg":"Error retrieving TTL, defaulting.","commit":"7655d9c","error":"\"knativebrokerttl\" not found"}
{"level":"info","ts":"2019-12-03T21:04:48.406Z","logger":"broker_ingress","caller":"ingress/ingress_handler.go:120","msg":"Error retrieving TTL, defaulting.","commit":"7655d9c","error":"\"knativebrokerttl\" not found"}
{"level":"info","ts":"2019-12-03T21:04:48.406Z","logger":"broker_ingress","caller":"ingress/ingress_handler.go:120","msg":"Error retrieving TTL, defaulting.","commit":"7655d9c","error":"\"knativebrokerttl\" not found"}
{"level":"info","ts":"2019-12-03T21:04:48.406Z","logger":"broker_ingress","caller":"ingress/ingress_handler.go:120","msg":"Error retrieving TTL, defaulting.","commit":"7655d9c","error":"\"knativebrokerttl\" not found"}
{"level":"info","ts":"2019-12-03T21:04:48.406Z","logger":"broker_ingress","caller":"ingress/ingress_handler.go:120","msg":"Error retrieving TTL, defaulting.","commit":"7655d9c","error":"\"knativebrokerttl\" not found"}
{"level":"info","ts":"2019-12-03T21:04:48.407Z","logger":"broker_ingress","caller":"ingress/ingress_handler.go:120","msg":"Error retrieving TTL, defaulting.","commit":"7655d9c","error":"\"knativebrokerttl\" not found"}
{"level":"info","ts":"2019-12-03T21:04:48.413Z","logger":"broker_ingress","caller":"ingress/ingress_handler.go:120","msg":"Error retrieving TTL, defaulting.","commit":"7655d9c","error":"\"knativebrokerttl\" not found"}
{"level":"info","ts":"2019-12-03T21:04:48.414Z","logger":"broker_ingress","caller":"ingress/ingress_handler.go:120","msg":"Error retrieving TTL, defaulting.","commit":"7655d9c","error":"\"knativebrokerttl\" not found"}
{"level":"info","ts":"2019-12-03T21:04:48.414Z","logger":"broker_ingress","caller":"ingress/ingress_handler.go:120","msg":"Error retrieving TTL, defaulting.","commit":"7655d9c","error":"\"knativebrokerttl\" not found"}
{"level":"info","ts":"2019-12-03T21:04:48.414Z","logger":"broker_ingress","caller":"ingress/ingress_handler.go:120","msg":"Error retrieving TTL, defaulting.","commit":"7655d9c","error":"\"knativebrokerttl\" not found"}
{"level":"info","ts":"2019-12-03T21:04:48.414Z","logger":"broker_ingress","caller":"ingress/ingress_handler.go:120","msg":"Error retrieving TTL, defaulting.","commit":"7655d9c","error":"\"knativebrokerttl\" not found"}
{"level":"info","ts":"2019-12-03T21:04:48.414Z","logger":"broker_ingress","caller":"ingress/ingress_handler.go:120","msg":"Error retrieving TTL, defaulting.","commit":"7655d9c","error":"\"knativebrokerttl\" not found"}
{"level":"info","ts":"2019-12-03T21:04:48.414Z","logger":"broker_ingress","caller":"ingress/ingress_handler.go:120","msg":"Error retrieving TTL, defaulting.","commit":"7655d9c","error":"\"knativebrokerttl\" not found"}
{"level":"info","ts":"2019-12-03T21:04:48.415Z","logger":"broker_ingress","caller":"ingress/ingress_handler.go:120","msg":"Error retrieving TTL, defaulting.","commit":"7655d9c","error":"\"knativebrokerttl\" not found"}
{"level":"info","ts":"2019-12-03T21:04:48.425Z","logger":"broker_ingress","caller":"ingress/ingress_handler.go:120","msg":"Error retrieving TTL, defaulting.","commit":"7655d9c","error":"\"knativebrokerttl\" not found"}
{"level":"info","ts":"2019-12-03T21:04:48.425Z","logger":"broker_ingress","caller":"ingress/ingress_handler.go:120","msg":"Error retrieving TTL, defaulting.","commit":"7655d9c","error":"\"knativebrokerttl\" not found"}
{"level":"info","ts":"2019-12-03T21:04:48.426Z","logger":"broker_ingress","caller":"ingress/ingress_handler.go:120","msg":"Error retrieving TTL, defaulting.","commit":"7655d9c","error":"\"knativebrokerttl\" not found"}
{"level":"info","ts":"2019-12-03T21:04:48.427Z","logger":"broker_ingress","caller":"ingress/ingress_handler.go:120","msg":"Error retrieving TTL, defaulting.","commit":"7655d9c","error":"\"knativebrokerttl\" not found"}
{"level":"info","ts":"2019-12-03T21:04:48.427Z","logger":"broker_ingress","caller":"ingress/ingress_handler.go:120","msg":"Error retrieving TTL, defaulting.","commit":"7655d9c","error":"\"knativebrokerttl\" not found"}
{"level":"info","ts":"2019-12-03T21:04:48.429Z","logger":"broker_ingress","caller":"ingress/ingress_handler.go:120","msg":"Error retrieving TTL, defaulting.","commit":"7655d9c","error":"\"knativebrokerttl\" not found"}
{"level":"info","ts":"2019-12-03T21:04:48.429Z","logger":"broker_ingress","caller":"ingress/ingress_handler.go:120","msg":"Error retrieving TTL, defaulting.","commit":"7655d9c","error":"\"knativebrokerttl\" not found"}
{"level":"info","ts":"2019-12-03T21:04:48.429Z","logger":"broker_ingress","caller":"ingress/ingress_handler.go:120","msg":"Error retrieving TTL, defaulting.","commit":"7655d9c","error":"\"knativebrokerttl\" not found"}
{"level":"info","ts":"2019-12-03T21:04:48.429Z","logger":"broker_ingress","caller":"ingress/ingress_handler.go:120","msg":"Error retrieving TTL, defaulting.","commit":"7655d9c","error":"\"knativebrokerttl\" not found"}
{"level":"info","ts":"2019-12-03T21:04:48.430Z","logger":"broker_ingress","caller":"ingress/ingress_handler.go:120","msg":"Error retrieving TTL, defaulting.","commit":"7655d9c","error":"\"knativebrokerttl\" not found"}
{"level":"info","ts":"2019-12-03T21:04:48.442Z","logger":"broker_ingress","caller":"ingress/ingress_handler.go:120","msg":"Error retrieving TTL, defaulting.","commit":"7655d9c","error":"\"knativebrokerttl\" not found"}
{"level":"info","ts":"2019-12-03T21:04:48.445Z","logger":"broker_ingress","caller":"ingress/ingress_handler.go:120","msg":"Error retrieving TTL, defaulting.","commit":"7655d9c","error":"\"knativebrokerttl\" not found"}
{"level":"info","ts":"2019-12-03T21:04:48.445Z","logger":"broker_ingress","caller":"ingress/ingress_handler.go:120","msg":"Error retrieving TTL, defaulting.","commit":"7655d9c","error":"\"knativebrokerttl\" not found"}
{"level":"info","ts":"2019-12-03T21:04:48.446Z","logger":"broker_ingress","caller":"ingress/ingress_handler.go:120","msg":"Error retrieving TTL, defaulting.","commit":"7655d9c","error":"\"knativebrokerttl\" not found"}
{"level":"info","ts":"2019-12-03T21:04:48.446Z","logger":"broker_ingress","caller":"ingress/ingress_handler.go:120","msg":"Error retrieving TTL, defaulting.","commit":"7655d9c","error":"\"knativebrokerttl\" not found"}
{"level":"info","ts":"2019-12-03T21:04:48.446Z","logger":"broker_ingress","caller":"ingress/ingress_handler.go:120","msg":"Error retrieving TTL, defaulting.","commit":"7655d9c","error":"\"knativebrokerttl\" not found"}
{"level":"info","ts":"2019-12-03T21:04:48.447Z","logger":"broker_ingress","caller":"ingress/ingress_handler.go:120","msg":"Error retrieving TTL, defaulting.","commit":"7655d9c","error":"\"knativebrokerttl\" not found"}
{"level":"info","ts":"2019-12-03T21:04:48.447Z","logger":"broker_ingress","caller":"ingress/ingress_handler.go:120","msg":"Error retrieving TTL, defaulting.","commit":"7655d9c","error":"\"knativebrokerttl\" not found"}
{"level":"info","ts":"2019-12-03T21:04:48.448Z","logger":"broker_ingress","caller":"ingress/ingress_handler.go:120","msg":"Error retrieving TTL, defaulting.","commit":"7655d9c","error":"\"knativebrokerttl\" not found"}
{"level":"info","ts":"2019-12-03T21:04:48.448Z","logger":"broker_ingress","caller":"ingress/ingress_handler.go:120","msg":"Error retrieving TTL, defaulting.","commit":"7655d9c","error":"\"knativebrokerttl\" not found"}
{"level":"info","ts":"2019-12-03T21:04:48.448Z","logger":"broker_ingress","caller":"ingress/ingress_handler.go:120","msg":"Error retrieving TTL, defaulting.","commit":"7655d9c","error":"\"knativebrokerttl\" not found"}
{"level":"info","ts":"2019-12-03T21:04:48.448Z","logger":"broker_ingress","caller":"ingress/ingress_handler.go:120","msg":"Error retrieving TTL, defaulting.","commit":"7655d9c","error":"\"knativebrokerttl\" not found"}
{"level":"info","ts":"2019-12-03T21:04:48.449Z","logger":"broker_ingress","caller":"ingress/ingress_handler.go:120","msg":"Error retrieving TTL, defaulting.","commit":"7655d9c","error":"\"knativebrokerttl\" not found"}
{"level":"info","ts":"2019-12-03T21:04:48.449Z","logger":"broker_ingress","caller":"ingress/ingress_handler.go:120","msg":"Error retrieving TTL, defaulting.","commit":"7655d9c","error":"\"knativebrokerttl\" not found"}
{"level":"info","ts":"2019-12-03T21:04:48.450Z","logger":"broker_ingress","caller":"ingress/ingress_handler.go:120","msg":"Error retrieving TTL, defaulting.","commit":"7655d9c","error":"\"knativebrokerttl\" not found"}
{"level":"info","ts":"2019-12-03T21:04:48.452Z","logger":"broker_ingress","caller":"ingress/ingress_handler.go:120","msg":"Error retrieving TTL, defaulting.","commit":"7655d9c","error":"\"knativebrokerttl\" not found"}
{"level":"info","ts":"2019-12-03T21:04:48.452Z","logger":"broker_ingress","caller":"ingress/ingress_handler.go:120","msg":"Error retrieving TTL, defaulting.","commit":"7655d9c","error":"\"knativebrokerttl\" not found"}
{"level":"info","ts":"2019-12-03T21:04:48.452Z","logger":"broker_ingress","caller":"ingress/ingress_handler.go:120","msg":"Error retrieving TTL, defaulting.","commit":"7655d9c","error":"\"knativebrokerttl\" not found"}
{"level":"info","ts":"2019-12-03T21:04:48.453Z","logger":"broker_ingress","caller":"ingress/ingress_handler.go:120","msg":"Error retrieving TTL, defaulting.","commit":"7655d9c","error":"\"knativebrokerttl\" not found"}
{"level":"info","ts":"2019-12-03T21:04:48.453Z","logger":"broker_ingress","caller":"ingress/ingress_handler.go:120","msg":"Error retrieving TTL, defaulting.","commit":"7655d9c","error":"\"knativebrokerttl\" not found"}
{"level":"info","ts":"2019-12-03T21:04:48.454Z","logger":"broker_ingress","caller":"ingress/ingress_handler.go:120","msg":"Error retrieving TTL, defaulting.","commit":"7655d9c","error":"\"knativebrokerttl\" not found"}
{"level":"info","ts":"2019-12-03T21:04:48.454Z","logger":"broker_ingress","caller":"ingress/ingress_handler.go:120","msg":"Error retrieving TTL, defaulting.","commit":"7655d9c","error":"\"knativebrokerttl\" not found"}
{"level":"info","ts":"2019-12-03T21:04:48.501Z","logger":"broker_ingress","caller":"ingress/ingress_handler.go:120","msg":"Error retrieving TTL, defaulting.","commit":"7655d9c","error":"\"knativebrokerttl\" not found"}
{"level":"info","ts":"2019-12-03T21:04:48.501Z","logger":"broker_ingress","caller":"ingress/ingress_handler.go:120","msg":"Error retrieving TTL, defaulting.","commit":"7655d9c","error":"\"knativebrokerttl\" not found"}
{"level":"info","ts":"2019-12-03T21:04:48.502Z","logger":"broker_ingress","caller":"ingress/ingress_handler.go:120","msg":"Error retrieving TTL, defaulting.","commit":"7655d9c","error":"\"knativebrokerttl\" not found"}
{"level":"info","ts":"2019-12-03T21:04:48.511Z","logger":"broker_ingress","caller":"ingress/ingress_handler.go:120","msg":"Error retrieving TTL, defaulting.","commit":"7655d9c","error":"\"knativebrokerttl\" not found"}
{"level":"info","ts":"2019-12-03T21:04:48.511Z","logger":"broker_ingress","caller":"ingress/ingress_handler.go:120","msg":"Error retrieving TTL, defaulting.","commit":"7655d9c","error":"\"knativebrokerttl\" not found"}
{"level":"info","ts":"2019-12-03T21:04:48.512Z","logger":"broker_ingress","caller":"ingress/ingress_handler.go:120","msg":"Error retrieving TTL, defaulting.","commit":"7655d9c","error":"\"knativebrokerttl\" not found"}
{"level":"info","ts":"2019-12-03T21:04:48.514Z","logger":"broker_ingress","caller":"ingress/ingress_handler.go:120","msg":"Error retrieving TTL, defaulting.","commit":"7655d9c","error":"\"knativebrokerttl\" not found"}
{"level":"info","ts":"2019-12-03T21:04:48.514Z","logger":"broker_ingress","caller":"ingress/ingress_handler.go:120","msg":"Error retrieving TTL, defaulting.","commit":"7655d9c","error":"\"knativebrokerttl\" not found"}
{"level":"info","ts":"2019-12-03T21:04:48.514Z","logger":"broker_ingress","caller":"ingress/ingress_handler.go:120","msg":"Error retrieving TTL, defaulting.","commit":"7655d9c","error":"\"knativebrokerttl\" not found"}
{"level":"info","ts":"2019-12-03T21:04:48.516Z","logger":"broker_ingress","caller":"ingress/ingress_handler.go:120","msg":"Error retrieving TTL, defaulting.","commit":"7655d9c","error":"\"knativebrokerttl\" not found"}
{"level":"info","ts":"2019-12-03T21:04:48.516Z","logger":"broker_ingress","caller":"ingress/ingress_handler.go:120","msg":"Error retrieving TTL, defaulting.","commit":"7655d9c","error":"\"knativebrokerttl\" not found"}
{"level":"info","ts":"2019-12-03T21:04:48.516Z","logger":"broker_ingress","caller":"ingress/ingress_handler.go:120","msg":"Error retrieving TTL, defaulting.","commit":"7655d9c","error":"\"knativebrokerttl\" not found"}
{"level":"info","ts":"2019-12-03T21:04:48.516Z","logger":"broker_ingress","caller":"ingress/ingress_handler.go:120","msg":"Error retrieving TTL, defaulting.","commit":"7655d9c","error":"\"knativebrokerttl\" not found"}
{"level":"info","ts":"2019-12-03T21:04:48.518Z","logger":"broker_ingress","caller":"ingress/ingress_handler.go:120","msg":"Error retrieving TTL, defaulting.","commit":"7655d9c","error":"\"knativebrokerttl\" not found"}
{"level":"info","ts":"2019-12-03T21:04:48.518Z","logger":"broker_ingress","caller":"ingress/ingress_handler.go:120","msg":"Error retrieving TTL, defaulting.","commit":"7655d9c","error":"\"knativebrokerttl\" not found"}
{"level":"info","ts":"2019-12-03T21:04:48.518Z","logger":"broker_ingress","caller":"ingress/ingress_handler.go:120","msg":"Error retrieving TTL, defaulting.","commit":"7655d9c","error":"\"knativebrokerttl\" not found"}
{"level":"info","ts":"2019-12-03T21:04:48.518Z","logger":"broker_ingress","caller":"ingress/ingress_handler.go:120","msg":"Error retrieving TTL, defaulting.","commit":"7655d9c","error":"\"knativebrokerttl\" not found"}
{"level":"info","ts":"2019-12-03T21:04:48.518Z","logger":"broker_ingress","caller":"ingress/ingress_handler.go:120","msg":"Error retrieving TTL, defaulting.","commit":"7655d9c","error":"\"knativebrokerttl\" not found"}
{"level":"info","ts":"2019-12-03T21:04:48.519Z","logger":"broker_ingress","caller":"ingress/ingress_handler.go:120","msg":"Error retrieving TTL, defaulting.","commit":"7655d9c","error":"\"knativebrokerttl\" not found"}
{"level":"info","ts":"2019-12-03T21:04:48.520Z","logger":"broker_ingress","caller":"ingress/ingress_handler.go:120","msg":"Error retrieving TTL, defaulting.","commit":"7655d9c","error":"\"knativebrokerttl\" not found"}
{"level":"info","ts":"2019-12-03T21:04:48.520Z","logger":"broker_ingress","caller":"ingress/ingress_handler.go:120","msg":"Error retrieving TTL, defaulting.","commit":"7655d9c","error":"\"knativebrokerttl\" not found"}
{"level":"info","ts":"2019-12-03T21:04:48.520Z","logger":"broker_ingress","caller":"ingress/ingress_handler.go:120","msg":"Error retrieving TTL, defaulting.","commit":"7655d9c","error":"\"knativebrokerttl\" not found"}
{"level":"info","ts":"2019-12-03T21:04:48.515Z","logger":"broker_ingress","caller":"ingress/ingress_handler.go:120","msg":"Error retrieving TTL, defaulting.","commit":"7655d9c","error":"\"knativebrokerttl\" not found"}
{"level":"info","ts":"2019-12-03T21:04:48.521Z","logger":"broker_ingress","caller":"ingress/ingress_handler.go:120","msg":"Error retrieving TTL, defaulting.","commit":"7655d9c","error":"\"knativebrokerttl\" not found"}
{"level":"info","ts":"2019-12-03T21:04:48.521Z","logger":"broker_ingress","caller":"ingress/ingress_handler.go:120","msg":"Error retrieving TTL, defaulting.","commit":"7655d9c","error":"\"knativebrokerttl\" not found"}
{"level":"info","ts":"2019-12-03T21:04:48.521Z","logger":"broker_ingress","caller":"ingress/ingress_handler.go:120","msg":"Error retrieving TTL, defaulting.","commit":"7655d9c","error":"\"knativebrokerttl\" not found"}
{"level":"info","ts":"2019-12-03T21:04:48.520Z","logger":"broker_ingress","caller":"ingress/ingress_handler.go:120","msg":"Error retrieving TTL, defaulting.","commit":"7655d9c","error":"\"knativebrokerttl\" not found"}
{"level":"info","ts":"2019-12-03T21:04:48.521Z","logger":"broker_ingress","caller":"ingress/ingress_handler.go:120","msg":"Error retrieving TTL, defaulting.","commit":"7655d9c","error":"\"knativebrokerttl\" not found"}
{"level":"info","ts":"2019-12-03T21:04:48.522Z","logger":"broker_ingress","caller":"ingress/ingress_handler.go:120","msg":"Error retrieving TTL, defaulting.","commit":"7655d9c","error":"\"knativebrokerttl\" not found"}
{"level":"info","ts":"2019-12-03T21:04:48.522Z","logger":"broker_ingress","caller":"ingress/ingress_handler.go:120","msg":"Error retrieving TTL, defaulting.","commit":"7655d9c","error":"\"knativebrokerttl\" not found"}
{"level":"info","ts":"2019-12-03T21:04:48.522Z","logger":"broker_ingress","caller":"ingress/ingress_handler.go:120","msg":"Error retrieving TTL, defaulting.","commit":"7655d9c","error":"\"knativebrokerttl\" not found"}
{"level":"info","ts":"2019-12-03T21:04:48.522Z","logger":"broker_ingress","caller":"ingress/ingress_handler.go:120","msg":"Error retrieving TTL, defaulting.","commit":"7655d9c","error":"\"knativebrokerttl\" not found"}
{"level":"info","ts":"2019-12-03T21:04:48.522Z","logger":"broker_ingress","caller":"ingress/ingress_handler.go:120","msg":"Error retrieving TTL, defaulting.","commit":"7655d9c","error":"\"knativebrokerttl\" not found"}
{"level":"info","ts":"2019-12-03T21:04:48.522Z","logger":"broker_ingress","caller":"ingress/ingress_handler.go:120","msg":"Error retrieving TTL, defaulting.","commit":"7655d9c","error":"\"knativebrokerttl\" not found"}
{"level":"info","ts":"2019-12-03T21:04:48.522Z","logger":"broker_ingress","caller":"ingress/ingress_handler.go:120","msg":"Error retrieving TTL, defaulting.","commit":"7655d9c","error":"\"knativebrokerttl\" not found"}
{"level":"info","ts":"2019-12-03T21:04:48.523Z","logger":"broker_ingress","caller":"ingress/ingress_handler.go:120","msg":"Error retrieving TTL, defaulting.","commit":"7655d9c","error":"\"knativebrokerttl\" not found"}
{"level":"info","ts":"2019-12-03T21:04:48.523Z","logger":"broker_ingress","caller":"ingress/ingress_handler.go:120","msg":"Error retrieving TTL, defaulting.","commit":"7655d9c","error":"\"knativebrokerttl\" not found"}
{"level":"info","ts":"2019-12-03T21:04:48.523Z","logger":"broker_ingress","caller":"ingress/ingress_handler.go:120","msg":"Error retrieving TTL, defaulting.","commit":"7655d9c","error":"\"knativebrokerttl\" not found"}
{"level":"info","ts":"2019-12-03T21:04:48.523Z","logger":"broker_ingress","caller":"ingress/ingress_handler.go:120","msg":"Error retrieving TTL, defaulting.","commit":"7655d9c","error":"\"knativebrokerttl\" not found"}
{"level":"info","ts":"2019-12-03T21:04:48.523Z","logger":"broker_ingress","caller":"ingress/ingress_handler.go:120","msg":"Error retrieving TTL, defaulting.","commit":"7655d9c","error":"\"knativebrokerttl\" not found"}
{"level":"info","ts":"2019-12-03T21:04:48.523Z","logger":"broker_ingress","caller":"ingress/ingress_handler.go:120","msg":"Error retrieving TTL, defaulting.","commit":"7655d9c","error":"\"knativebrokerttl\" not found"}
{"level":"info","ts":"2019-12-03T21:04:48.523Z","logger":"broker_ingress","caller":"ingress/ingress_handler.go:120","msg":"Error retrieving TTL, defaulting.","commit":"7655d9c","error":"\"knativebrokerttl\" not found"}
{"level":"info","ts":"2019-12-03T21:04:48.524Z","logger":"broker_ingress","caller":"ingress/ingress_handler.go:120","msg":"Error retrieving TTL, defaulting.","commit":"7655d9c","error":"\"knativebrokerttl\" not found"}
{"level":"info","ts":"2019-12-03T21:04:48.525Z","logger":"broker_ingress","caller":"ingress/ingress_handler.go:120","msg":"Error retrieving TTL, defaulting.","commit":"7655d9c","error":"\"knativebrokerttl\" not found"}
{"level":"info","ts":"2019-12-03T21:04:48.525Z","logger":"broker_ingress","caller":"ingress/ingress_handler.go:120","msg":"Error retrieving TTL, defaulting.","commit":"7655d9c","error":"\"knativebrokerttl\" not found"}
{"level":"info","ts":"2019-12-03T21:04:48.526Z","logger":"broker_ingress","caller":"ingress/ingress_handler.go:120","msg":"Error retrieving TTL, defaulting.","commit":"7655d9c","error":"\"knativebrokerttl\" not found"}
{"level":"info","ts":"2019-12-03T21:04:48.528Z","logger":"broker_ingress","caller":"ingress/ingress_handler.go:120","msg":"Error retrieving TTL, defaulting.","commit":"7655d9c","error":"\"knativebrokerttl\" not found"}
{"level":"info","ts":"2019-12-03T21:04:48.529Z","logger":"broker_ingress","caller":"ingress/ingress_handler.go:120","msg":"Error retrieving TTL, defaulting.","commit":"7655d9c","error":"\"knativebrokerttl\" not found"}
{"level":"info","ts":"2019-12-03T21:04:48.529Z","logger":"broker_ingress","caller":"ingress/ingress_handler.go:120","msg":"Error retrieving TTL, defaulting.","commit":"7655d9c","error":"\"knativebrokerttl\" not found"}
{"level":"info","ts":"2019-12-03T21:04:48.529Z","logger":"broker_ingress","caller":"ingress/ingress_handler.go:120","msg":"Error retrieving TTL, defaulting.","commit":"7655d9c","error":"\"knativebrokerttl\" not found"}
{"level":"info","ts":"2019-12-03T21:04:48.529Z","logger":"broker_ingress","caller":"ingress/ingress_handler.go:120","msg":"Error retrieving TTL, defaulting.","commit":"7655d9c","error":"\"knativebrokerttl\" not found"}
{"level":"info","ts":"2019-12-03T21:04:48.529Z","logger":"broker_ingress","caller":"ingress/ingress_handler.go:120","msg":"Error retrieving TTL, defaulting.","commit":"7655d9c","error":"\"knativebrokerttl\" not found"}
{"level":"info","ts":"2019-12-03T21:04:48.530Z","logger":"broker_ingress","caller":"ingress/ingress_handler.go:120","msg":"Error retrieving TTL, defaulting.","commit":"7655d9c","error":"\"knativebrokerttl\" not found"}
{"level":"info","ts":"2019-12-03T21:04:48.530Z","logger":"broker_ingress","caller":"ingress/ingress_handler.go:120","msg":"Error retrieving TTL, defaulting.","commit":"7655d9c","error":"\"knativebrokerttl\" not found"}
{"level":"info","ts":"2019-12-03T21:04:48.530Z","logger":"broker_ingress","caller":"ingress/ingress_handler.go:120","msg":"Error retrieving TTL, defaulting.","commit":"7655d9c","error":"\"knativebrokerttl\" not found"}
{"level":"info","ts":"2019-12-03T21:04:48.530Z","logger":"broker_ingress","caller":"ingress/ingress_handler.go:120","msg":"Error retrieving TTL, defaulting.","commit":"7655d9c","error":"\"knativebrokerttl\" not found"}
{"level":"info","ts":"2019-12-03T21:04:48.530Z","logger":"broker_ingress","caller":"ingress/ingress_handler.go:120","msg":"Error retrieving TTL, defaulting.","commit":"7655d9c","error":"\"knativebrokerttl\" not found"}
{"level":"info","ts":"2019-12-03T21:04:48.530Z","logger":"broker_ingress","caller":"ingress/ingress_handler.go:120","msg":"Error retrieving TTL, defaulting.","commit":"7655d9c","error":"\"knativebrokerttl\" not found"}
{"level":"info","ts":"2019-12-03T21:04:48.530Z","logger":"broker_ingress","caller":"ingress/ingress_handler.go:120","msg":"Error retrieving TTL, defaulting.","commit":"7655d9c","error":"\"knativebrokerttl\" not found"}
{"level":"info","ts":"2019-12-03T21:04:48.531Z","logger":"broker_ingress","caller":"ingress/ingress_handler.go:120","msg":"Error retrieving TTL, defaulting.","commit":"7655d9c","error":"\"knativebrokerttl\" not found"}
{"level":"info","ts":"2019-12-03T21:04:48.531Z","logger":"broker_ingress","caller":"ingress/ingress_handler.go:120","msg":"Error retrieving TTL, defaulting.","commit":"7655d9c","error":"\"knativebrokerttl\" not found"}
{"level":"info","ts":"2019-12-03T21:04:48.531Z","logger":"broker_ingress","caller":"ingress/ingress_handler.go:120","msg":"Error retrieving TTL, defaulting.","commit":"7655d9c","error":"\"knativebrokerttl\" not found"}
{"level":"info","ts":"2019-12-03T21:04:48.531Z","logger":"broker_ingress","caller":"ingress/ingress_handler.go:120","msg":"Error retrieving TTL, defaulting.","commit":"7655d9c","error":"\"knativebrokerttl\" not found"}
{"level":"info","ts":"2019-12-03T21:04:48.531Z","logger":"broker_ingress","caller":"ingress/ingress_handler.go:120","msg":"Error retrieving TTL, defaulting.","commit":"7655d9c","error":"\"knativebrokerttl\" not found"}
{"level":"info","ts":"2019-12-03T21:04:48.531Z","logger":"broker_ingress","caller":"ingress/ingress_handler.go:120","msg":"Error retrieving TTL, defaulting.","commit":"7655d9c","error":"\"knativebrokerttl\" not found"}
{"level":"info","ts":"2019-12-03T21:04:48.531Z","logger":"broker_ingress","caller":"ingress/ingress_handler.go:120","msg":"Error retrieving TTL, defaulting.","commit":"7655d9c","error":"\"knativebrokerttl\" not found"}
{"level":"info","ts":"2019-12-03T21:04:48.533Z","logger":"broker_ingress","caller":"ingress/ingress_handler.go:120","msg":"Error retrieving TTL, defaulting.","commit":"7655d9c","error":"\"knativebrokerttl\" not found"}
{"level":"info","ts":"2019-12-03T21:04:48.533Z","logger":"broker_ingress","caller":"ingress/ingress_handler.go:120","msg":"Error retrieving TTL, defaulting.","commit":"7655d9c","error":"\"knativebrokerttl\" not found"}
{"level":"info","ts":"2019-12-03T21:04:48.533Z","logger":"broker_ingress","caller":"ingress/ingress_handler.go:120","msg":"Error retrieving TTL, defaulting.","commit":"7655d9c","error":"\"knativebrokerttl\" not found"}
{"level":"info","ts":"2019-12-03T21:04:48.533Z","logger":"broker_ingress","caller":"ingress/ingress_handler.go:120","msg":"Error retrieving TTL, defaulting.","commit":"7655d9c","error":"\"knativebrokerttl\" not found"}
{"level":"info","ts":"2019-12-03T21:04:48.533Z","logger":"broker_ingress","caller":"ingress/ingress_handler.go:120","msg":"Error retrieving TTL, defaulting.","commit":"7655d9c","error":"\"knativebrokerttl\" not found"}
{"level":"info","ts":"2019-12-03T21:04:48.533Z","logger":"broker_ingress","caller":"ingress/ingress_handler.go:120","msg":"Error retrieving TTL, defaulting.","commit":"7655d9c","error":"\"knativebrokerttl\" not found"}
{"level":"info","ts":"2019-12-03T21:04:48.534Z","logger":"broker_ingress","caller":"ingress/ingress_handler.go:120","msg":"Error retrieving TTL, defaulting.","commit":"7655d9c","error":"\"knativebrokerttl\" not found"}
{"level":"info","ts":"2019-12-03T21:04:48.532Z","logger":"broker_ingress","caller":"ingress/ingress_handler.go:120","msg":"Error retrieving TTL, defaulting.","commit":"7655d9c","error":"\"knativebrokerttl\" not found"}
{"level":"info","ts":"2019-12-03T21:04:48.534Z","logger":"broker_ingress","caller":"ingress/ingress_handler.go:120","msg":"Error retrieving TTL, defaulting.","commit":"7655d9c","error":"\"knativebrokerttl\" not found"}
{"level":"info","ts":"2019-12-03T21:04:48.534Z","logger":"broker_ingress","caller":"ingress/ingress_handler.go:120","msg":"Error retrieving TTL, defaulting.","commit":"7655d9c","error":"\"knativebrokerttl\" not found"}
{"level":"info","ts":"2019-12-03T21:04:48.534Z","logger":"broker_ingress","caller":"ingress/ingress_handler.go:120","msg":"Error retrieving TTL, defaulting.","commit":"7655d9c","error":"\"knativebrokerttl\" not found"}
{"level":"info","ts":"2019-12-03T21:04:48.534Z","logger":"broker_ingress","caller":"ingress/ingress_handler.go:120","msg":"Error retrieving TTL, defaulting.","commit":"7655d9c","error":"\"knativebrokerttl\" not found"}
{"level":"info","ts":"2019-12-03T21:04:48.535Z","logger":"broker_ingress","caller":"ingress/ingress_handler.go:120","msg":"Error retrieving TTL, defaulting.","commit":"7655d9c","error":"\"knativebrokerttl\" not found"}
{"level":"info","ts":"2019-12-03T21:04:48.541Z","logger":"broker_ingress","caller":"ingress/ingress_handler.go:120","msg":"Error retrieving TTL, defaulting.","commit":"7655d9c","error":"\"knativebrokerttl\" not found"}
{"level":"info","ts":"2019-12-03T21:04:48.541Z","logger":"broker_ingress","caller":"ingress/ingress_handler.go:120","msg":"Error retrieving TTL, defaulting.","commit":"7655d9c","error":"\"knativebrokerttl\" not found"}
{"level":"info","ts":"2019-12-03T21:04:48.541Z","logger":"broker_ingress","caller":"ingress/ingress_handler.go:120","msg":"Error retrieving TTL, defaulting.","commit":"7655d9c","error":"\"knativebrokerttl\" not found"}
{"level":"info","ts":"2019-12-03T21:04:48.541Z","logger":"broker_ingress","caller":"ingress/ingress_handler.go:120","msg":"Error retrieving TTL, defaulting.","commit":"7655d9c","error":"\"knativebrokerttl\" not found"}
{"level":"info","ts":"2019-12-03T21:04:48.541Z","logger":"broker_ingress","caller":"ingress/ingress_handler.go:120","msg":"Error retrieving TTL, defaulting.","commit":"7655d9c","error":"\"knativebrokerttl\" not found"}
{"level":"info","ts":"2019-12-03T21:04:48.542Z","logger":"broker_ingress","caller":"ingress/ingress_handler.go:120","msg":"Error retrieving TTL, defaulting.","commit":"7655d9c","error":"\"knativebrokerttl\" not found"}
{"level":"info","ts":"2019-12-03T21:04:48.542Z","logger":"broker_ingress","caller":"ingress/ingress_handler.go:120","msg":"Error retrieving TTL, defaulting.","commit":"7655d9c","error":"\"knativebrokerttl\" not found"}
{"level":"info","ts":"2019-12-03T21:04:48.542Z","logger":"broker_ingress","caller":"ingress/ingress_handler.go:120","msg":"Error retrieving TTL, defaulting.","commit":"7655d9c","error":"\"knativebrokerttl\" not found"}
{"level":"info","ts":"2019-12-03T21:04:48.543Z","logger":"broker_ingress","caller":"ingress/ingress_handler.go:120","msg":"Error retrieving TTL, defaulting.","commit":"7655d9c","error":"\"knativebrokerttl\" not found"}
{"level":"info","ts":"2019-12-03T21:04:48.543Z","logger":"broker_ingress","caller":"ingress/ingress_handler.go:120","msg":"Error retrieving TTL, defaulting.","commit":"7655d9c","error":"\"knativebrokerttl\" not found"}
{"level":"info","ts":"2019-12-03T21:04:48.543Z","logger":"broker_ingress","caller":"ingress/ingress_handler.go:120","msg":"Error retrieving TTL, defaulting.","commit":"7655d9c","error":"\"knativebrokerttl\" not found"}
{"level":"info","ts":"2019-12-03T21:04:48.543Z","logger":"broker_ingress","caller":"ingress/ingress_handler.go:120","msg":"Error retrieving TTL, defaulting.","commit":"7655d9c","error":"\"knativebrokerttl\" not found"}
{"level":"info","ts":"2019-12-03T21:04:48.543Z","logger":"broker_ingress","caller":"ingress/ingress_handler.go:120","msg":"Error retrieving TTL, defaulting.","commit":"7655d9c","error":"\"knativebrokerttl\" not found"}
{"level":"info","ts":"2019-12-03T21:04:48.543Z","logger":"broker_ingress","caller":"ingress/ingress_handler.go:120","msg":"Error retrieving TTL, defaulting.","commit":"7655d9c","error":"\"knativebrokerttl\" not found"}
{"level":"info","ts":"2019-12-03T21:04:48.544Z","logger":"broker_ingress","caller":"ingress/ingress_handler.go:120","msg":"Error retrieving TTL, defaulting.","commit":"7655d9c","error":"\"knativebrokerttl\" not found"}
{"level":"info","ts":"2019-12-03T21:04:48.544Z","logger":"broker_ingress","caller":"ingress/ingress_handler.go:120","msg":"Error retrieving TTL, defaulting.","commit":"7655d9c","error":"\"knativebrokerttl\" not found"}
{"level":"info","ts":"2019-12-03T21:04:48.544Z","logger":"broker_ingress","caller":"ingress/ingress_handler.go:120","msg":"Error retrieving TTL, defaulting.","commit":"7655d9c","error":"\"knativebrokerttl\" not found"}
{"level":"info","ts":"2019-12-03T21:04:48.544Z","logger":"broker_ingress","caller":"ingress/ingress_handler.go:120","msg":"Error retrieving TTL, defaulting.","commit":"7655d9c","error":"\"knativebrokerttl\" not found"}
{"level":"info","ts":"2019-12-03T21:04:48.544Z","logger":"broker_ingress","caller":"ingress/ingress_handler.go:120","msg":"Error retrieving TTL, defaulting.","commit":"7655d9c","error":"\"knativebrokerttl\" not found"}
{"level":"info","ts":"2019-12-03T21:04:48.545Z","logger":"broker_ingress","caller":"ingress/ingress_handler.go:120","msg":"Error retrieving TTL, defaulting.","commit":"7655d9c","error":"\"knativebrokerttl\" not found"}
{"level":"info","ts":"2019-12-03T21:04:48.545Z","logger":"broker_ingress","caller":"ingress/ingress_handler.go:120","msg":"Error retrieving TTL, defaulting.","commit":"7655d9c","error":"\"knativebrokerttl\" not found"}
{"level":"info","ts":"2019-12-03T21:04:48.545Z","logger":"broker_ingress","caller":"ingress/ingress_handler.go:120","msg":"Error retrieving TTL, defaulting.","commit":"7655d9c","error":"\"knativebrokerttl\" not found"}
{"level":"info","ts":"2019-12-03T21:04:48.545Z","logger":"broker_ingress","caller":"ingress/ingress_handler.go:120","msg":"Error retrieving TTL, defaulting.","commit":"7655d9c","error":"\"knativebrokerttl\" not found"}
{"level":"info","ts":"2019-12-03T21:04:48.545Z","logger":"broker_ingress","caller":"ingress/ingress_handler.go:120","msg":"Error retrieving TTL, defaulting.","commit":"7655d9c","error":"\"knativebrokerttl\" not found"}
{"level":"info","ts":"2019-12-03T21:04:48.545Z","logger":"broker_ingress","caller":"ingress/ingress_handler.go:120","msg":"Error retrieving TTL, defaulting.","commit":"7655d9c","error":"\"knativebrokerttl\" not found"}
{"level":"info","ts":"2019-12-03T21:04:48.546Z","logger":"broker_ingress","caller":"ingress/ingress_handler.go:120","msg":"Error retrieving TTL, defaulting.","commit":"7655d9c","error":"\"knativebrokerttl\" not found"}
{"level":"info","ts":"2019-12-03T21:04:48.546Z","logger":"broker_ingress","caller":"ingress/ingress_handler.go:120","msg":"Error retrieving TTL, defaulting.","commit":"7655d9c","error":"\"knativebrokerttl\" not found"}
{"level":"info","ts":"2019-12-03T21:04:48.546Z","logger":"broker_ingress","caller":"ingress/ingress_handler.go:120","msg":"Error retrieving TTL, defaulting.","commit":"7655d9c","error":"\"knativebrokerttl\" not found"}
{"level":"info","ts":"2019-12-03T21:04:48.547Z","logger":"broker_ingress","caller":"ingress/ingress_handler.go:120","msg":"Error retrieving TTL, defaulting.","commit":"7655d9c","error":"\"knativebrokerttl\" not found"}
{"level":"info","ts":"2019-12-03T21:04:48.546Z","logger":"broker_ingress","caller":"ingress/ingress_handler.go:120","msg":"Error retrieving TTL, defaulting.","commit":"7655d9c","error":"\"knativebrokerttl\" not found"}
{"level":"info","ts":"2019-12-03T21:04:48.547Z","logger":"broker_ingress","caller":"ingress/ingress_handler.go:120","msg":"Error retrieving TTL, defaulting.","commit":"7655d9c","error":"\"knativebrokerttl\" not found"}
{"level":"info","ts":"2019-12-03T21:04:48.548Z","logger":"broker_ingress","caller":"ingress/ingress_handler.go:120","msg":"Error retrieving TTL, defaulting.","commit":"7655d9c","error":"\"knativebrokerttl\" not found"}
{"level":"info","ts":"2019-12-03T21:04:48.548Z","logger":"broker_ingress","caller":"ingress/ingress_handler.go:120","msg":"Error retrieving TTL, defaulting.","commit":"7655d9c","error":"\"knativebrokerttl\" not found"}
{"level":"info","ts":"2019-12-03T21:04:48.548Z","logger":"broker_ingress","caller":"ingress/ingress_handler.go:120","msg":"Error retrieving TTL, defaulting.","commit":"7655d9c","error":"\"knativebrokerttl\" not found"}
{"level":"info","ts":"2019-12-03T21:04:48.549Z","logger":"broker_ingress","caller":"ingress/ingress_handler.go:120","msg":"Error retrieving TTL, defaulting.","commit":"7655d9c","error":"\"knativebrokerttl\" not found"}
{"level":"info","ts":"2019-12-03T21:04:48.549Z","logger":"broker_ingress","caller":"ingress/ingress_handler.go:120","msg":"Error retrieving TTL, defaulting.","commit":"7655d9c","error":"\"knativebrokerttl\" not found"}
{"level":"info","ts":"2019-12-03T21:04:48.550Z","logger":"broker_ingress","caller":"ingress/ingress_handler.go:120","msg":"Error retrieving TTL, defaulting.","commit":"7655d9c","error":"\"knativebrokerttl\" not found"}
{"level":"info","ts":"2019-12-03T21:04:48.550Z","logger":"broker_ingress","caller":"ingress/ingress_handler.go:120","msg":"Error retrieving TTL, defaulting.","commit":"7655d9c","error":"\"knativebrokerttl\" not found"}
{"level":"info","ts":"2019-12-03T21:04:48.550Z","logger":"broker_ingress","caller":"ingress/ingress_handler.go:120","msg":"Error retrieving TTL, defaulting.","commit":"7655d9c","error":"\"knativebrokerttl\" not found"}
{"level":"info","ts":"2019-12-03T21:04:48.550Z","logger":"broker_ingress","caller":"ingress/ingress_handler.go:120","msg":"Error retrieving TTL, defaulting.","commit":"7655d9c","error":"\"knativebrokerttl\" not found"}
{"level":"info","ts":"2019-12-03T21:04:48.551Z","logger":"broker_ingress","caller":"ingress/ingress_handler.go:120","msg":"Error retrieving TTL, defaulting.","commit":"7655d9c","error":"\"knativebrokerttl\" not found"}
{"level":"info","ts":"2019-12-03T21:04:48.551Z","logger":"broker_ingress","caller":"ingress/ingress_handler.go:120","msg":"Error retrieving TTL, defaulting.","commit":"7655d9c","error":"\"knativebrokerttl\" not found"}
{"level":"info","ts":"2019-12-03T21:04:48.551Z","logger":"broker_ingress","caller":"ingress/ingress_handler.go:120","msg":"Error retrieving TTL, defaulting.","commit":"7655d9c","error":"\"knativebrokerttl\" not found"}
{"level":"info","ts":"2019-12-03T21:04:48.551Z","logger":"broker_ingress","caller":"ingress/ingress_handler.go:120","msg":"Error retrieving TTL, defaulting.","commit":"7655d9c","error":"\"knativebrokerttl\" not found"}
{"level":"info","ts":"2019-12-03T21:04:48.552Z","logger":"broker_ingress","caller":"ingress/ingress_handler.go:120","msg":"Error retrieving TTL, defaulting.","commit":"7655d9c","error":"\"knativebrokerttl\" not found"}
{"level":"info","ts":"2019-12-03T21:04:48.552Z","logger":"broker_ingress","caller":"ingress/ingress_handler.go:120","msg":"Error retrieving TTL, defaulting.","commit":"7655d9c","error":"\"knativebrokerttl\" not found"}
{"level":"info","ts":"2019-12-03T21:04:48.552Z","logger":"broker_ingress","caller":"ingress/ingress_handler.go:120","msg":"Error retrieving TTL, defaulting.","commit":"7655d9c","error":"\"knativebrokerttl\" not found"}
{"level":"info","ts":"2019-12-03T21:04:48.553Z","logger":"broker_ingress","caller":"ingress/ingress_handler.go:120","msg":"Error retrieving TTL, defaulting.","commit":"7655d9c","error":"\"knativebrokerttl\" not found"}
{"level":"info","ts":"2019-12-03T21:04:48.553Z","logger":"broker_ingress","caller":"ingress/ingress_handler.go:120","msg":"Error retrieving TTL, defaulting.","commit":"7655d9c","error":"\"knativebrokerttl\" not found"}
{"level":"info","ts":"2019-12-03T21:04:48.553Z","logger":"broker_ingress","caller":"ingress/ingress_handler.go:120","msg":"Error retrieving TTL, defaulting.","commit":"7655d9c","error":"\"knativebrokerttl\" not found"}
{"level":"info","ts":"2019-12-03T21:04:48.553Z","logger":"broker_ingress","caller":"ingress/ingress_handler.go:120","msg":"Error retrieving TTL, defaulting.","commit":"7655d9c","error":"\"knativebrokerttl\" not found"}
{"level":"info","ts":"2019-12-03T21:04:48.553Z","logger":"broker_ingress","caller":"ingress/ingress_handler.go:120","msg":"Error retrieving TTL, defaulting.","commit":"7655d9c","error":"\"knativebrokerttl\" not found"}
{"level":"info","ts":"2019-12-03T21:04:48.554Z","logger":"broker_ingress","caller":"ingress/ingress_handler.go:120","msg":"Error retrieving TTL, defaulting.","commit":"7655d9c","error":"\"knativebrokerttl\" not found"}
{"level":"info","ts":"2019-12-03T21:04:48.554Z","logger":"broker_ingress","caller":"ingress/ingress_handler.go:120","msg":"Error retrieving TTL, defaulting.","commit":"7655d9c","error":"\"knativebrokerttl\" not found"}
{"level":"info","ts":"2019-12-03T21:04:48.455Z","logger":"broker_ingress","caller":"ingress/ingress_handler.go:120","msg":"Error retrieving TTL, defaulting.","commit":"7655d9c","error":"\"knativebrokerttl\" not found"}
{"level":"info","ts":"2019-12-03T21:04:48.499Z","logger":"broker_ingress","caller":"ingress/ingress_handler.go:120","msg":"Error retrieving TTL, defaulting.","commit":"7655d9c","error":"\"knativebrokerttl\" not found"}
{"level":"info","ts":"2019-12-03T21:04:48.556Z","logger":"broker_ingress","caller":"ingress/ingress_handler.go:120","msg":"Error retrieving TTL, defaulting.","commit":"7655d9c","error":"\"knativebrokerttl\" not found"}
{"level":"info","ts":"2019-12-03T21:04:48.556Z","logger":"broker_ingress","caller":"ingress/ingress_handler.go:120","msg":"Error retrieving TTL, defaulting.","commit":"7655d9c","error":"\"knativebrokerttl\" not found"}
{"level":"info","ts":"2019-12-03T21:04:48.556Z","logger":"broker_ingress","caller":"ingress/ingress_handler.go:120","msg":"Error retrieving TTL, defaulting.","commit":"7655d9c","error":"\"knativebrokerttl\" not found"}
{"level":"info","ts":"2019-12-03T21:04:48.556Z","logger":"broker_ingress","caller":"ingress/ingress_handler.go:120","msg":"Error retrieving TTL, defaulting.","commit":"7655d9c","error":"\"knativebrokerttl\" not found"}
{"level":"info","ts":"2019-12-03T21:04:48.557Z","logger":"broker_ingress","caller":"ingress/ingress_handler.go:120","msg":"Error retrieving TTL, defaulting.","commit":"7655d9c","error":"\"knativebrokerttl\" not found"}
{"level":"info","ts":"2019-12-03T21:04:48.559Z","logger":"broker_ingress","caller":"ingress/ingress_handler.go:120","msg":"Error retrieving TTL, defaulting.","commit":"7655d9c","error":"\"knativebrokerttl\" not found"}
{"level":"info","ts":"2019-12-03T21:04:48.559Z","logger":"broker_ingress","caller":"ingress/ingress_handler.go:120","msg":"Error retrieving TTL, defaulting.","commit":"7655d9c","error":"\"knativebrokerttl\" not found"}
{"level":"info","ts":"2019-12-03T21:04:48.559Z","logger":"broker_ingress","caller":"ingress/ingress_handler.go:120","msg":"Error retrieving TTL, defaulting.","commit":"7655d9c","error":"\"knativebrokerttl\" not found"}
{"level":"info","ts":"2019-12-03T21:04:48.559Z","logger":"broker_ingress","caller":"ingress/ingress_handler.go:120","msg":"Error retrieving TTL, defaulting.","commit":"7655d9c","error":"\"knativebrokerttl\" not found"}
{"level":"info","ts":"2019-12-03T21:04:48.560Z","logger":"broker_ingress","caller":"ingress/ingress_handler.go:120","msg":"Error retrieving TTL, defaulting.","commit":"7655d9c","error":"\"knativebrokerttl\" not found"}
{"level":"info","ts":"2019-12-03T21:04:48.562Z","logger":"broker_ingress","caller":"ingress/ingress_handler.go:120","msg":"Error retrieving TTL, defaulting.","commit":"7655d9c","error":"\"knativebrokerttl\" not found"}
{"level":"info","ts":"2019-12-03T21:04:48.562Z","logger":"broker_ingress","caller":"ingress/ingress_handler.go:120","msg":"Error retrieving TTL, defaulting.","commit":"7655d9c","error":"\"knativebrokerttl\" not found"}
{"level":"info","ts":"2019-12-03T21:04:48.563Z","logger":"broker_ingress","caller":"ingress/ingress_handler.go:120","msg":"Error retrieving TTL, defaulting.","commit":"7655d9c","error":"\"knativebrokerttl\" not found"}
{"level":"info","ts":"2019-12-03T21:04:48.566Z","logger":"broker_ingress","caller":"ingress/ingress_handler.go:120","msg":"Error retrieving TTL, defaulting.","commit":"7655d9c","error":"\"knativebrokerttl\" not found"}
{"level":"info","ts":"2019-12-03T21:04:48.567Z","logger":"broker_ingress","caller":"ingress/ingress_handler.go:120","msg":"Error retrieving TTL, defaulting.","commit":"7655d9c","error":"\"knativebrokerttl\" not found"}
{"level":"info","ts":"2019-12-03T21:04:48.567Z","logger":"broker_ingress","caller":"ingress/ingress_handler.go:120","msg":"Error retrieving TTL, defaulting.","commit":"7655d9c","error":"\"knativebrokerttl\" not found"}
{"level":"info","ts":"2019-12-03T21:04:48.567Z","logger":"broker_ingress","caller":"ingress/ingress_handler.go:120","msg":"Error retrieving TTL, defaulting.","commit":"7655d9c","error":"\"knativebrokerttl\" not found"}
{"level":"info","ts":"2019-12-03T21:04:48.567Z","logger":"broker_ingress","caller":"ingress/ingress_handler.go:120","msg":"Error retrieving TTL, defaulting.","commit":"7655d9c","error":"\"knativebrokerttl\" not found"}
{"level":"info","ts":"2019-12-03T21:04:48.567Z","logger":"broker_ingress","caller":"ingress/ingress_handler.go:120","msg":"Error retrieving TTL, defaulting.","commit":"7655d9c","error":"\"knativebrokerttl\" not found"}
{"level":"info","ts":"2019-12-03T21:04:48.567Z","logger":"broker_ingress","caller":"ingress/ingress_handler.go:120","msg":"Error retrieving TTL, defaulting.","commit":"7655d9c","error":"\"knativebrokerttl\" not found"}
{"level":"info","ts":"2019-12-03T21:04:48.568Z","logger":"broker_ingress","caller":"ingress/ingress_handler.go:120","msg":"Error retrieving TTL, defaulting.","commit":"7655d9c","error":"\"knativebrokerttl\" not found"}
{"level":"info","ts":"2019-12-03T21:04:48.569Z","logger":"broker_ingress","caller":"ingress/ingress_handler.go:120","msg":"Error retrieving TTL, defaulting.","commit":"7655d9c","error":"\"knativebrokerttl\" not found"}
{"level":"info","ts":"2019-12-03T21:04:48.569Z","logger":"broker_ingress","caller":"ingress/ingress_handler.go:120","msg":"Error retrieving TTL, defaulting.","commit":"7655d9c","error":"\"knativebrokerttl\" not found"}
{"level":"info","ts":"2019-12-03T21:04:48.569Z","logger":"broker_ingress","caller":"ingress/ingress_handler.go:120","msg":"Error retrieving TTL, defaulting.","commit":"7655d9c","error":"\"knativebrokerttl\" not found"}
{"level":"info","ts":"2019-12-03T21:04:48.569Z","logger":"broker_ingress","caller":"ingress/ingress_handler.go:120","msg":"Error retrieving TTL, defaulting.","commit":"7655d9c","error":"\"knativebrokerttl\" not found"}
{"level":"info","ts":"2019-12-03T21:04:48.569Z","logger":"broker_ingress","caller":"ingress/ingress_handler.go:120","msg":"Error retrieving TTL, defaulting.","commit":"7655d9c","error":"\"knativebrokerttl\" not found"}
{"level":"info","ts":"2019-12-03T21:04:48.570Z","logger":"broker_ingress","caller":"ingress/ingress_handler.go:120","msg":"Error retrieving TTL, defaulting.","commit":"7655d9c","error":"\"knativebrokerttl\" not found"}
{"level":"info","ts":"2019-12-03T21:04:48.574Z","logger":"broker_ingress","caller":"ingress/ingress_handler.go:120","msg":"Error retrieving TTL, defaulting.","commit":"7655d9c","error":"\"knativebrokerttl\" not found"}
{"level":"info","ts":"2019-12-03T21:04:48.574Z","logger":"broker_ingress","caller":"ingress/ingress_handler.go:120","msg":"Error retrieving TTL, defaulting.","commit":"7655d9c","error":"\"knativebrokerttl\" not found"}
{"level":"info","ts":"2019-12-03T21:04:48.574Z","logger":"broker_ingress","caller":"ingress/ingress_handler.go:120","msg":"Error retrieving TTL, defaulting.","commit":"7655d9c","error":"\"knativebrokerttl\" not found"}
{"level":"info","ts":"2019-12-03T21:04:48.574Z","logger":"broker_ingress","caller":"ingress/ingress_handler.go:120","msg":"Error retrieving TTL, defaulting.","commit":"7655d9c","error":"\"knativebrokerttl\" not found"}
{"level":"info","ts":"2019-12-03T21:04:48.546Z","logger":"broker_ingress","caller":"ingress/ingress_handler.go:120","msg":"Error retrieving TTL, defaulting.","commit":"7655d9c","error":"\"knativebrokerttl\" not found"}
{"level":"info","ts":"2019-12-03T21:04:48.576Z","logger":"broker_ingress","caller":"ingress/ingress_handler.go:120","msg":"Error retrieving TTL, defaulting.","commit":"7655d9c","error":"\"knativebrokerttl\" not found"}
{"level":"info","ts":"2019-12-03T21:04:48.576Z","logger":"broker_ingress","caller":"ingress/ingress_handler.go:120","msg":"Error retrieving TTL, defaulting.","commit":"7655d9c","error":"\"knativebrokerttl\" not found"}
{"level":"info","ts":"2019-12-03T21:04:48.576Z","logger":"broker_ingress","caller":"ingress/ingress_handler.go:120","msg":"Error retrieving TTL, defaulting.","commit":"7655d9c","error":"\"knativebrokerttl\" not found"}
{"level":"info","ts":"2019-12-03T21:04:48.576Z","logger":"broker_ingress","caller":"ingress/ingress_handler.go:120","msg":"Error retrieving TTL, defaulting.","commit":"7655d9c","error":"\"knativebrokerttl\" not found"}
{"level":"info","ts":"2019-12-03T21:04:48.578Z","logger":"broker_ingress","caller":"ingress/ingress_handler.go:120","msg":"Error retrieving TTL, defaulting.","commit":"7655d9c","error":"\"knativebrokerttl\" not found"}
{"level":"info","ts":"2019-12-03T21:04:48.578Z","logger":"broker_ingress","caller":"ingress/ingress_handler.go:120","msg":"Error retrieving TTL, defaulting.","commit":"7655d9c","error":"\"knativebrokerttl\" not found"}
{"level":"info","ts":"2019-12-03T21:04:48.578Z","logger":"broker_ingress","caller":"ingress/ingress_handler.go:120","msg":"Error retrieving TTL, defaulting.","commit":"7655d9c","error":"\"knativebrokerttl\" not found"}
{"level":"info","ts":"2019-12-03T21:04:48.579Z","logger":"broker_ingress","caller":"ingress/ingress_handler.go:120","msg":"Error retrieving TTL, defaulting.","commit":"7655d9c","error":"\"knativebrokerttl\" not found"}
{"level":"info","ts":"2019-12-03T21:04:48.579Z","logger":"broker_ingress","caller":"ingress/ingress_handler.go:120","msg":"Error retrieving TTL, defaulting.","commit":"7655d9c","error":"\"knativebrokerttl\" not found"}
{"level":"info","ts":"2019-12-03T21:04:48.579Z","logger":"broker_ingress","caller":"ingress/ingress_handler.go:120","msg":"Error retrieving TTL, defaulting.","commit":"7655d9c","error":"\"knativebrokerttl\" not found"}
{"level":"info","ts":"2019-12-03T21:04:48.579Z","logger":"broker_ingress","caller":"ingress/ingress_handler.go:120","msg":"Error retrieving TTL, defaulting.","commit":"7655d9c","error":"\"knativebrokerttl\" not found"}
{"level":"info","ts":"2019-12-03T21:04:48.587Z","logger":"broker_ingress","caller":"ingress/ingress_handler.go:120","msg":"Error retrieving TTL, defaulting.","commit":"7655d9c","error":"\"knativebrokerttl\" not found"}
{"level":"info","ts":"2019-12-03T21:04:48.587Z","logger":"broker_ingress","caller":"ingress/ingress_handler.go:120","msg":"Error retrieving TTL, defaulting.","commit":"7655d9c","error":"\"knativebrokerttl\" not found"}
{"level":"info","ts":"2019-12-03T21:04:48.588Z","logger":"broker_ingress","caller":"ingress/ingress_handler.go:120","msg":"Error retrieving TTL, defaulting.","commit":"7655d9c","error":"\"knativebrokerttl\" not found"}
{"level":"info","ts":"2019-12-03T21:04:48.588Z","logger":"broker_ingress","caller":"ingress/ingress_handler.go:120","msg":"Error retrieving TTL, defaulting.","commit":"7655d9c","error":"\"knativebrokerttl\" not found"}
{"level":"info","ts":"2019-12-03T21:04:48.588Z","logger":"broker_ingress","caller":"ingress/ingress_handler.go:120","msg":"Error retrieving TTL, defaulting.","commit":"7655d9c","error":"\"knativebrokerttl\" not found"}
{"level":"info","ts":"2019-12-03T21:04:48.588Z","logger":"broker_ingress","caller":"ingress/ingress_handler.go:120","msg":"Error retrieving TTL, defaulting.","commit":"7655d9c","error":"\"knativebrokerttl\" not found"}
{"level":"info","ts":"2019-12-03T21:04:48.588Z","logger":"broker_ingress","caller":"ingress/ingress_handler.go:120","msg":"Error retrieving TTL, defaulting.","commit":"7655d9c","error":"\"knativebrokerttl\" not found"}
{"level":"info","ts":"2019-12-03T21:04:48.589Z","logger":"broker_ingress","caller":"ingress/ingress_handler.go:120","msg":"Error retrieving TTL, defaulting.","commit":"7655d9c","error":"\"knativebrokerttl\" not found"}
{"level":"info","ts":"2019-12-03T21:04:48.591Z","logger":"broker_ingress","caller":"ingress/ingress_handler.go:120","msg":"Error retrieving TTL, defaulting.","commit":"7655d9c","error":"\"knativebrokerttl\" not found"}
{"level":"info","ts":"2019-12-03T21:04:48.591Z","logger":"broker_ingress","caller":"ingress/ingress_handler.go:120","msg":"Error retrieving TTL, defaulting.","commit":"7655d9c","error":"\"knativebrokerttl\" not found"}
{"level":"info","ts":"2019-12-03T21:04:48.591Z","logger":"broker_ingress","caller":"ingress/ingress_handler.go:120","msg":"Error retrieving TTL, defaulting.","commit":"7655d9c","error":"\"knativebrokerttl\" not found"}
{"level":"info","ts":"2019-12-03T21:04:48.593Z","logger":"broker_ingress","caller":"ingress/ingress_handler.go:120","msg":"Error retrieving TTL, defaulting.","commit":"7655d9c","error":"\"knativebrokerttl\" not found"}
{"level":"info","ts":"2019-12-03T21:04:48.593Z","logger":"broker_ingress","caller":"ingress/ingress_handler.go:120","msg":"Error retrieving TTL, defaulting.","commit":"7655d9c","error":"\"knativebrokerttl\" not found"}
{"level":"info","ts":"2019-12-03T21:04:48.593Z","logger":"broker_ingress","caller":"ingress/ingress_handler.go:120","msg":"Error retrieving TTL, defaulting.","commit":"7655d9c","error":"\"knativebrokerttl\" not found"}
{"level":"info","ts":"2019-12-03T21:04:48.593Z","logger":"broker_ingress","caller":"ingress/ingress_handler.go:120","msg":"Error retrieving TTL, defaulting.","commit":"7655d9c","error":"\"knativebrokerttl\" not found"}
{"level":"info","ts":"2019-12-03T21:04:48.594Z","logger":"broker_ingress","caller":"ingress/ingress_handler.go:120","msg":"Error retrieving TTL, defaulting.","commit":"7655d9c","error":"\"knativebrokerttl\" not found"}
{"level":"info","ts":"2019-12-03T21:04:48.594Z","logger":"broker_ingress","caller":"ingress/ingress_handler.go:120","msg":"Error retrieving TTL, defaulting.","commit":"7655d9c","error":"\"knativebrokerttl\" not found"}
{"level":"info","ts":"2019-12-03T21:04:48.594Z","logger":"broker_ingress","caller":"ingress/ingress_handler.go:120","msg":"Error retrieving TTL, defaulting.","commit":"7655d9c","error":"\"knativebrokerttl\" not found"}
{"level":"info","ts":"2019-12-03T21:04:48.594Z","logger":"broker_ingress","caller":"ingress/ingress_handler.go:120","msg":"Error retrieving TTL, defaulting.","commit":"7655d9c","error":"\"knativebrokerttl\" not found"}
{"level":"info","ts":"2019-12-03T21:04:48.594Z","logger":"broker_ingress","caller":"ingress/ingress_handler.go:120","msg":"Error retrieving TTL, defaulting.","commit":"7655d9c","error":"\"knativebrokerttl\" not found"}
{"level":"info","ts":"2019-12-03T21:04:48.594Z","logger":"broker_ingress","caller":"ingress/ingress_handler.go:120","msg":"Error retrieving TTL, defaulting.","commit":"7655d9c","error":"\"knativebrokerttl\" not found"}
{"level":"info","ts":"2019-12-03T21:04:48.594Z","logger":"broker_ingress","caller":"ingress/ingress_handler.go:120","msg":"Error retrieving TTL, defaulting.","commit":"7655d9c","error":"\"knativebrokerttl\" not found"}
{"level":"info","ts":"2019-12-03T21:04:48.600Z","logger":"broker_ingress","caller":"ingress/ingress_handler.go:120","msg":"Error retrieving TTL, defaulting.","commit":"7655d9c","error":"\"knativebrokerttl\" not found"}
{"level":"info","ts":"2019-12-03T21:04:48.600Z","logger":"broker_ingress","caller":"ingress/ingress_handler.go:120","msg":"Error retrieving TTL, defaulting.","commit":"7655d9c","error":"\"knativebrokerttl\" not found"}
{"level":"info","ts":"2019-12-03T21:04:48.600Z","logger":"broker_ingress","caller":"ingress/ingress_handler.go:120","msg":"Error retrieving TTL, defaulting.","commit":"7655d9c","error":"\"knativebrokerttl\" not found"}
{"level":"info","ts":"2019-12-03T21:04:48.601Z","logger":"broker_ingress","caller":"ingress/ingress_handler.go:120","msg":"Error retrieving TTL, defaulting.","commit":"7655d9c","error":"\"knativebrokerttl\" not found"}
{"level":"info","ts":"2019-12-03T21:04:48.601Z","logger":"broker_ingress","caller":"ingress/ingress_handler.go:120","msg":"Error retrieving TTL, defaulting.","commit":"7655d9c","error":"\"knativebrokerttl\" not found"}
{"level":"info","ts":"2019-12-03T21:04:48.601Z","logger":"broker_ingress","caller":"ingress/ingress_handler.go:120","msg":"Error retrieving TTL, defaulting.","commit":"7655d9c","error":"\"knativebrokerttl\" not found"}
{"level":"info","ts":"2019-12-03T21:04:48.601Z","logger":"broker_ingress","caller":"ingress/ingress_handler.go:120","msg":"Error retrieving TTL, defaulting.","commit":"7655d9c","error":"\"knativebrokerttl\" not found"}
{"level":"info","ts":"2019-12-03T21:04:48.601Z","logger":"broker_ingress","caller":"ingress/ingress_handler.go:120","msg":"Error retrieving TTL, defaulting.","commit":"7655d9c","error":"\"knativebrokerttl\" not found"}
{"level":"info","ts":"2019-12-03T21:04:48.601Z","logger":"broker_ingress","caller":"ingress/ingress_handler.go:120","msg":"Error retrieving TTL, defaulting.","commit":"7655d9c","error":"\"knativebrokerttl\" not found"}
{"level":"info","ts":"2019-12-03T21:04:48.602Z","logger":"broker_ingress","caller":"ingress/ingress_handler.go:120","msg":"Error retrieving TTL, defaulting.","commit":"7655d9c","error":"\"knativebrokerttl\" not found"}
{"level":"info","ts":"2019-12-03T21:04:48.604Z","logger":"broker_ingress","caller":"ingress/ingress_handler.go:120","msg":"Error retrieving TTL, defaulting.","commit":"7655d9c","error":"\"knativebrokerttl\" not found"}
{"level":"info","ts":"2019-12-03T21:04:48.628Z","logger":"broker_ingress","caller":"ingress/ingress_handler.go:120","msg":"Error retrieving TTL, defaulting.","commit":"7655d9c","error":"\"knativebrokerttl\" not found"}
{"level":"info","ts":"2019-12-03T21:04:48.629Z","logger":"broker_ingress","caller":"ingress/ingress_handler.go:120","msg":"Error retrieving TTL, defaulting.","commit":"7655d9c","error":"\"knativebrokerttl\" not found"}
{"level":"info","ts":"2019-12-03T21:04:48.629Z","logger":"broker_ingress","caller":"ingress/ingress_handler.go:120","msg":"Error retrieving TTL, defaulting.","commit":"7655d9c","error":"\"knativebrokerttl\" not found"}
{"level":"info","ts":"2019-12-03T21:04:48.629Z","logger":"broker_ingress","caller":"ingress/ingress_handler.go:120","msg":"Error retrieving TTL, defaulting.","commit":"7655d9c","error":"\"knativebrokerttl\" not found"}
{"level":"info","ts":"2019-12-03T21:04:48.642Z","logger":"broker_ingress","caller":"ingress/ingress_handler.go:120","msg":"Error retrieving TTL, defaulting.","commit":"7655d9c","error":"\"knativebrokerttl\" not found"}
{"level":"info","ts":"2019-12-03T21:04:48.642Z","logger":"broker_ingress","caller":"ingress/ingress_handler.go:120","msg":"Error retrieving TTL, defaulting.","commit":"7655d9c","error":"\"knativebrokerttl\" not found"}
{"level":"info","ts":"2019-12-03T21:04:48.642Z","logger":"broker_ingress","caller":"ingress/ingress_handler.go:120","msg":"Error retrieving TTL, defaulting.","commit":"7655d9c","error":"\"knativebrokerttl\" not found"}
{"level":"info","ts":"2019-12-03T21:04:48.643Z","logger":"broker_ingress","caller":"ingress/ingress_handler.go:120","msg":"Error retrieving TTL, defaulting.","commit":"7655d9c","error":"\"knativebrokerttl\" not found"}
{"level":"info","ts":"2019-12-03T21:04:48.645Z","logger":"broker_ingress","caller":"ingress/ingress_handler.go:120","msg":"Error retrieving TTL, defaulting.","commit":"7655d9c","error":"\"knativebrokerttl\" not found"}
{"level":"info","ts":"2019-12-03T21:04:48.645Z","logger":"broker_ingress","caller":"ingress/ingress_handler.go:120","msg":"Error retrieving TTL, defaulting.","commit":"7655d9c","error":"\"knativebrokerttl\" not found"}
{"level":"info","ts":"2019-12-03T21:04:48.650Z","logger":"broker_ingress","caller":"ingress/ingress_handler.go:120","msg":"Error retrieving TTL, defaulting.","commit":"7655d9c","error":"\"knativebrokerttl\" not found"}
{"level":"info","ts":"2019-12-03T21:04:48.651Z","logger":"broker_ingress","caller":"ingress/ingress_handler.go:120","msg":"Error retrieving TTL, defaulting.","commit":"7655d9c","error":"\"knativebrokerttl\" not found"}
{"level":"info","ts":"2019-12-03T21:04:48.652Z","logger":"broker_ingress","caller":"ingress/ingress_handler.go:120","msg":"Error retrieving TTL, defaulting.","commit":"7655d9c","error":"\"knativebrokerttl\" not found"}
{"level":"info","ts":"2019-12-03T21:04:48.652Z","logger":"broker_ingress","caller":"ingress/ingress_handler.go:120","msg":"Error retrieving TTL, defaulting.","commit":"7655d9c","error":"\"knativebrokerttl\" not found"}
{"level":"info","ts":"2019-12-03T21:04:48.653Z","logger":"broker_ingress","caller":"ingress/ingress_handler.go:120","msg":"Error retrieving TTL, defaulting.","commit":"7655d9c","error":"\"knativebrokerttl\" not found"}
{"level":"info","ts":"2019-12-03T21:04:48.661Z","logger":"broker_ingress","caller":"ingress/ingress_handler.go:120","msg":"Error retrieving TTL, defaulting.","commit":"7655d9c","error":"\"knativebrokerttl\" not found"}
{"level":"info","ts":"2019-12-03T21:04:48.661Z","logger":"broker_ingress","caller":"ingress/ingress_handler.go:120","msg":"Error retrieving TTL, defaulting.","commit":"7655d9c","error":"\"knativebrokerttl\" not found"}
{"level":"info","ts":"2019-12-03T21:04:48.661Z","logger":"broker_ingress","caller":"ingress/ingress_handler.go:120","msg":"Error retrieving TTL, defaulting.","commit":"7655d9c","error":"\"knativebrokerttl\" not found"}
{"level":"info","ts":"2019-12-03T21:04:48.661Z","logger":"broker_ingress","caller":"ingress/ingress_handler.go:120","msg":"Error retrieving TTL, defaulting.","commit":"7655d9c","error":"\"knativebrokerttl\" not found"}
{"level":"info","ts":"2019-12-03T21:04:48.662Z","logger":"broker_ingress","caller":"ingress/ingress_handler.go:120","msg":"Error retrieving TTL, defaulting.","commit":"7655d9c","error":"\"knativebrokerttl\" not found"}
{"level":"info","ts":"2019-12-03T21:04:48.662Z","logger":"broker_ingress","caller":"ingress/ingress_handler.go:120","msg":"Error retrieving TTL, defaulting.","commit":"7655d9c","error":"\"knativebrokerttl\" not found"}
{"level":"info","ts":"2019-12-03T21:04:48.662Z","logger":"broker_ingress","caller":"ingress/ingress_handler.go:120","msg":"Error retrieving TTL, defaulting.","commit":"7655d9c","error":"\"knativebrokerttl\" not found"}
{"level":"info","ts":"2019-12-03T21:04:48.662Z","logger":"broker_ingress","caller":"ingress/ingress_handler.go:120","msg":"Error retrieving TTL, defaulting.","commit":"7655d9c","error":"\"knativebrokerttl\" not found"}
{"level":"info","ts":"2019-12-03T21:04:48.662Z","logger":"broker_ingress","caller":"ingress/ingress_handler.go:120","msg":"Error retrieving TTL, defaulting.","commit":"7655d9c","error":"\"knativebrokerttl\" not found"}
{"level":"info","ts":"2019-12-03T21:04:48.658Z","logger":"broker_ingress","caller":"ingress/ingress_handler.go:120","msg":"Error retrieving TTL, defaulting.","commit":"7655d9c","error":"\"knativebrokerttl\" not found"}
{"level":"info","ts":"2019-12-03T21:04:48.665Z","logger":"broker_ingress","caller":"ingress/ingress_handler.go:120","msg":"Error retrieving TTL, defaulting.","commit":"7655d9c","error":"\"knativebrokerttl\" not found"}
{"level":"info","ts":"2019-12-03T21:04:48.665Z","logger":"broker_ingress","caller":"ingress/ingress_handler.go:120","msg":"Error retrieving TTL, defaulting.","commit":"7655d9c","error":"\"knativebrokerttl\" not found"}
{"level":"info","ts":"2019-12-03T21:04:48.665Z","logger":"broker_ingress","caller":"ingress/ingress_handler.go:120","msg":"Error retrieving TTL, defaulting.","commit":"7655d9c","error":"\"knativebrokerttl\" not found"}
{"level":"info","ts":"2019-12-03T21:04:48.665Z","logger":"broker_ingress","caller":"ingress/ingress_handler.go:120","msg":"Error retrieving TTL, defaulting.","commit":"7655d9c","error":"\"knativebrokerttl\" not found"}
{"level":"info","ts":"2019-12-03T21:04:48.665Z","logger":"broker_ingress","caller":"ingress/ingress_handler.go:120","msg":"Error retrieving TTL, defaulting.","commit":"7655d9c","error":"\"knativebrokerttl\" not found"}
{"level":"info","ts":"2019-12-03T21:04:48.665Z","logger":"broker_ingress","caller":"ingress/ingress_handler.go:120","msg":"Error retrieving TTL, defaulting.","commit":"7655d9c","error":"\"knativebrokerttl\" not found"}
{"level":"info","ts":"2019-12-03T21:04:48.666Z","logger":"broker_ingress","caller":"ingress/ingress_handler.go:120","msg":"Error retrieving TTL, defaulting.","commit":"7655d9c","error":"\"knativebrokerttl\" not found"}
{"level":"info","ts":"2019-12-03T21:04:48.674Z","logger":"broker_ingress","caller":"ingress/ingress_handler.go:120","msg":"Error retrieving TTL, defaulting.","commit":"7655d9c","error":"\"knativebrokerttl\" not found"}
{"level":"info","ts":"2019-12-03T21:04:48.670Z","logger":"broker_ingress","caller":"ingress/ingress_handler.go:120","msg":"Error retrieving TTL, defaulting.","commit":"7655d9c","error":"\"knativebrokerttl\" not found"}
{"level":"info","ts":"2019-12-03T21:04:48.675Z","logger":"broker_ingress","caller":"ingress/ingress_handler.go:120","msg":"Error retrieving TTL, defaulting.","commit":"7655d9c","error":"\"knativebrokerttl\" not found"}
{"level":"info","ts":"2019-12-03T21:04:48.677Z","logger":"broker_ingress","caller":"ingress/ingress_handler.go:120","msg":"Error retrieving TTL, defaulting.","commit":"7655d9c","error":"\"knativebrokerttl\" not found"}
{"level":"info","ts":"2019-12-03T21:04:48.677Z","logger":"broker_ingress","caller":"ingress/ingress_handler.go:120","msg":"Error retrieving TTL, defaulting.","commit":"7655d9c","error":"\"knativebrokerttl\" not found"}
{"level":"info","ts":"2019-12-03T21:04:48.677Z","logger":"broker_ingress","caller":"ingress/ingress_handler.go:120","msg":"Error retrieving TTL, defaulting.","commit":"7655d9c","error":"\"knativebrokerttl\" not found"}
{"level":"info","ts":"2019-12-03T21:04:48.678Z","logger":"broker_ingress","caller":"ingress/ingress_handler.go:120","msg":"Error retrieving TTL, defaulting.","commit":"7655d9c","error":"\"knativebrokerttl\" not found"}
{"level":"info","ts":"2019-12-03T21:04:48.678Z","logger":"broker_ingress","caller":"ingress/ingress_handler.go:120","msg":"Error retrieving TTL, defaulting.","commit":"7655d9c","error":"\"knativebrokerttl\" not found"}
{"level":"info","ts":"2019-12-03T21:04:48.678Z","logger":"broker_ingress","caller":"ingress/ingress_handler.go:120","msg":"Error retrieving TTL, defaulting.","commit":"7655d9c","error":"\"knativebrokerttl\" not found"}
{"level":"info","ts":"2019-12-03T21:04:48.678Z","logger":"broker_ingress","caller":"ingress/ingress_handler.go:120","msg":"Error retrieving TTL, defaulting.","commit":"7655d9c","error":"\"knativebrokerttl\" not found"}
{"level":"info","ts":"2019-12-03T21:04:48.678Z","logger":"broker_ingress","caller":"ingress/ingress_handler.go:120","msg":"Error retrieving TTL, defaulting.","commit":"7655d9c","error":"\"knativebrokerttl\" not found"}
{"level":"info","ts":"2019-12-03T21:04:48.678Z","logger":"broker_ingress","caller":"ingress/ingress_handler.go:120","msg":"Error retrieving TTL, defaulting.","commit":"7655d9c","error":"\"knativebrokerttl\" not found"}
{"level":"info","ts":"2019-12-03T21:04:48.679Z","logger":"broker_ingress","caller":"ingress/ingress_handler.go:120","msg":"Error retrieving TTL, defaulting.","commit":"7655d9c","error":"\"knativebrokerttl\" not found"}
{"level":"info","ts":"2019-12-03T21:04:48.683Z","logger":"broker_ingress","caller":"ingress/ingress_handler.go:120","msg":"Error retrieving TTL, defaulting.","commit":"7655d9c","error":"\"knativebrokerttl\" not found"}
{"level":"info","ts":"2019-12-03T21:04:48.683Z","logger":"broker_ingress","caller":"ingress/ingress_handler.go:120","msg":"Error retrieving TTL, defaulting.","commit":"7655d9c","error":"\"knativebrokerttl\" not found"}
{"level":"info","ts":"2019-12-03T21:04:48.677Z","logger":"broker_ingress","caller":"ingress/ingress_handler.go:120","msg":"Error retrieving TTL, defaulting.","commit":"7655d9c","error":"\"knativebrokerttl\" not found"}
{"level":"info","ts":"2019-12-03T21:04:48.689Z","logger":"broker_ingress","caller":"ingress/ingress_handler.go:120","msg":"Error retrieving TTL, defaulting.","commit":"7655d9c","error":"\"knativebrokerttl\" not found"}
{"level":"info","ts":"2019-12-03T21:04:48.689Z","logger":"broker_ingress","caller":"ingress/ingress_handler.go:120","msg":"Error retrieving TTL, defaulting.","commit":"7655d9c","error":"\"knativebrokerttl\" not found"}
{"level":"info","ts":"2019-12-03T21:04:48.689Z","logger":"broker_ingress","caller":"ingress/ingress_handler.go:120","msg":"Error retrieving TTL, defaulting.","commit":"7655d9c","error":"\"knativebrokerttl\" not found"}
{"level":"info","ts":"2019-12-03T21:04:48.690Z","logger":"broker_ingress","caller":"ingress/ingress_handler.go:120","msg":"Error retrieving TTL, defaulting.","commit":"7655d9c","error":"\"knativebrokerttl\" not found"}
{"level":"info","ts":"2019-12-03T21:04:48.690Z","logger":"broker_ingress","caller":"ingress/ingress_handler.go:120","msg":"Error retrieving TTL, defaulting.","commit":"7655d9c","error":"\"knativebrokerttl\" not found"}
{"level":"info","ts":"2019-12-03T21:04:48.690Z","logger":"broker_ingress","caller":"ingress/ingress_handler.go:120","msg":"Error retrieving TTL, defaulting.","commit":"7655d9c","error":"\"knativebrokerttl\" not found"}
{"level":"info","ts":"2019-12-03T21:04:48.690Z","logger":"broker_ingress","caller":"ingress/ingress_handler.go:120","msg":"Error retrieving TTL, defaulting.","commit":"7655d9c","error":"\"knativebrokerttl\" not found"}
{"level":"info","ts":"2019-12-03T21:04:48.690Z","logger":"broker_ingress","caller":"ingress/ingress_handler.go:120","msg":"Error retrieving TTL, defaulting.","commit":"7655d9c","error":"\"knativebrokerttl\" not found"}
{"level":"info","ts":"2019-12-03T21:04:48.630Z","logger":"broker_ingress","caller":"ingress/ingress_handler.go:120","msg":"Error retrieving TTL, defaulting.","commit":"7655d9c","error":"\"knativebrokerttl\" not found"}
{"level":"info","ts":"2019-12-03T21:04:48.690Z","logger":"broker_ingress","caller":"ingress/ingress_handler.go:120","msg":"Error retrieving TTL, defaulting.","commit":"7655d9c","error":"\"knativebrokerttl\" not found"}
{"level":"info","ts":"2019-12-03T21:04:48.690Z","logger":"broker_ingress","caller":"ingress/ingress_handler.go:120","msg":"Error retrieving TTL, defaulting.","commit":"7655d9c","error":"\"knativebrokerttl\" not found"}
{"level":"info","ts":"2019-12-03T21:04:48.691Z","logger":"broker_ingress","caller":"ingress/ingress_handler.go:120","msg":"Error retrieving TTL, defaulting.","commit":"7655d9c","error":"\"knativebrokerttl\" not found"}
{"level":"info","ts":"2019-12-03T21:04:48.691Z","logger":"broker_ingress","caller":"ingress/ingress_handler.go:120","msg":"Error retrieving TTL, defaulting.","commit":"7655d9c","error":"\"knativebrokerttl\" not found"}
{"level":"info","ts":"2019-12-03T21:04:48.691Z","logger":"broker_ingress","caller":"ingress/ingress_handler.go:120","msg":"Error retrieving TTL, defaulting.","commit":"7655d9c","error":"\"knativebrokerttl\" not found"}
{"level":"info","ts":"2019-12-03T21:04:48.691Z","logger":"broker_ingress","caller":"ingress/ingress_handler.go:120","msg":"Error retrieving TTL, defaulting.","commit":"7655d9c","error":"\"knativebrokerttl\" not found"}
{"level":"info","ts":"2019-12-03T21:04:48.691Z","logger":"broker_ingress","caller":"ingress/ingress_handler.go:120","msg":"Error retrieving TTL, defaulting.","commit":"7655d9c","error":"\"knativebrokerttl\" not found"}
{"level":"info","ts":"2019-12-03T21:04:48.691Z","logger":"broker_ingress","caller":"ingress/ingress_handler.go:120","msg":"Error retrieving TTL, defaulting.","commit":"7655d9c","error":"\"knativebrokerttl\" not found"}
{"level":"info","ts":"2019-12-03T21:04:48.692Z","logger":"broker_ingress","caller":"ingress/ingress_handler.go:120","msg":"Error retrieving TTL, defaulting.","commit":"7655d9c","error":"\"knativebrokerttl\" not found"}
{"level":"info","ts":"2019-12-03T21:04:48.692Z","logger":"broker_ingress","caller":"ingress/ingress_handler.go:120","msg":"Error retrieving TTL, defaulting.","commit":"7655d9c","error":"\"knativebrokerttl\" not found"}
{"level":"info","ts":"2019-12-03T21:04:48.692Z","logger":"broker_ingress","caller":"ingress/ingress_handler.go:120","msg":"Error retrieving TTL, defaulting.","commit":"7655d9c","error":"\"knativebrokerttl\" not found"}
{"level":"info","ts":"2019-12-03T21:04:48.692Z","logger":"broker_ingress","caller":"ingress/ingress_handler.go:120","msg":"Error retrieving TTL, defaulting.","commit":"7655d9c","error":"\"knativebrokerttl\" not found"}
{"level":"info","ts":"2019-12-03T21:04:48.692Z","logger":"broker_ingress","caller":"ingress/ingress_handler.go:120","msg":"Error retrieving TTL, defaulting.","commit":"7655d9c","error":"\"knativebrokerttl\" not found"}
{"level":"info","ts":"2019-12-03T21:04:48.693Z","logger":"broker_ingress","caller":"ingress/ingress_handler.go:120","msg":"Error retrieving TTL, defaulting.","commit":"7655d9c","error":"\"knativebrokerttl\" not found"}
{"level":"info","ts":"2019-12-03T21:04:48.743Z","logger":"broker_ingress","caller":"ingress/ingress_handler.go:120","msg":"Error retrieving TTL, defaulting.","commit":"7655d9c","error":"\"knativebrokerttl\" not found"}
{"level":"info","ts":"2019-12-03T21:04:48.743Z","logger":"broker_ingress","caller":"ingress/ingress_handler.go:120","msg":"Error retrieving TTL, defaulting.","commit":"7655d9c","error":"\"knativebrokerttl\" not found"}
{"level":"info","ts":"2019-12-03T21:04:48.744Z","logger":"broker_ingress","caller":"ingress/ingress_handler.go:120","msg":"Error retrieving TTL, defaulting.","commit":"7655d9c","error":"\"knativebrokerttl\" not found"}
{"level":"info","ts":"2019-12-03T21:04:48.750Z","logger":"broker_ingress","caller":"ingress/ingress_handler.go:120","msg":"Error retrieving TTL, defaulting.","commit":"7655d9c","error":"\"knativebrokerttl\" not found"}
{"level":"info","ts":"2019-12-03T21:04:48.750Z","logger":"broker_ingress","caller":"ingress/ingress_handler.go:120","msg":"Error retrieving TTL, defaulting.","commit":"7655d9c","error":"\"knativebrokerttl\" not found"}
{"level":"info","ts":"2019-12-03T21:04:48.750Z","logger":"broker_ingress","caller":"ingress/ingress_handler.go:120","msg":"Error retrieving TTL, defaulting.","commit":"7655d9c","error":"\"knativebrokerttl\" not found"}
{"level":"info","ts":"2019-12-03T21:04:48.751Z","logger":"broker_ingress","caller":"ingress/ingress_handler.go:120","msg":"Error retrieving TTL, defaulting.","commit":"7655d9c","error":"\"knativebrokerttl\" not found"}
{"level":"info","ts":"2019-12-03T21:04:48.761Z","logger":"broker_ingress","caller":"ingress/ingress_handler.go:120","msg":"Error retrieving TTL, defaulting.","commit":"7655d9c","error":"\"knativebrokerttl\" not found"}
{"level":"info","ts":"2019-12-03T21:04:48.761Z","logger":"broker_ingress","caller":"ingress/ingress_handler.go:120","msg":"Error retrieving TTL, defaulting.","commit":"7655d9c","error":"\"knativebrokerttl\" not found"}
{"level":"info","ts":"2019-12-03T21:04:48.761Z","logger":"broker_ingress","caller":"ingress/ingress_handler.go:120","msg":"Error retrieving TTL, defaulting.","commit":"7655d9c","error":"\"knativebrokerttl\" not found"}
{"level":"info","ts":"2019-12-03T21:04:48.761Z","logger":"broker_ingress","caller":"ingress/ingress_handler.go:120","msg":"Error retrieving TTL, defaulting.","commit":"7655d9c","error":"\"knativebrokerttl\" not found"}
{"level":"info","ts":"2019-12-03T21:04:48.761Z","logger":"broker_ingress","caller":"ingress/ingress_handler.go:120","msg":"Error retrieving TTL, defaulting.","commit":"7655d9c","error":"\"knativebrokerttl\" not found"}
{"level":"info","ts":"2019-12-03T21:04:48.762Z","logger":"broker_ingress","caller":"ingress/ingress_handler.go:120","msg":"Error retrieving TTL, defaulting.","commit":"7655d9c","error":"\"knativebrokerttl\" not found"}
{"level":"info","ts":"2019-12-03T21:04:48.614Z","logger":"broker_ingress","caller":"ingress/ingress_handler.go:120","msg":"Error retrieving TTL, defaulting.","commit":"7655d9c","error":"\"knativebrokerttl\" not found"}
{"level":"info","ts":"2019-12-03T21:04:48.765Z","logger":"broker_ingress","caller":"ingress/ingress_handler.go:120","msg":"Error retrieving TTL, defaulting.","commit":"7655d9c","error":"\"knativebrokerttl\" not found"}
{"level":"info","ts":"2019-12-03T21:04:48.767Z","logger":"broker_ingress","caller":"ingress/ingress_handler.go:120","msg":"Error retrieving TTL, defaulting.","commit":"7655d9c","error":"\"knativebrokerttl\" not found"}
{"level":"info","ts":"2019-12-03T21:04:48.767Z","logger":"broker_ingress","caller":"ingress/ingress_handler.go:120","msg":"Error retrieving TTL, defaulting.","commit":"7655d9c","error":"\"knativebrokerttl\" not found"}
{"level":"info","ts":"2019-12-03T21:04:48.767Z","logger":"broker_ingress","caller":"ingress/ingress_handler.go:120","msg":"Error retrieving TTL, defaulting.","commit":"7655d9c","error":"\"knativebrokerttl\" not found"}
{"level":"info","ts":"2019-12-03T21:04:48.767Z","logger":"broker_ingress","caller":"ingress/ingress_handler.go:120","msg":"Error retrieving TTL, defaulting.","commit":"7655d9c","error":"\"knativebrokerttl\" not found"}
{"level":"info","ts":"2019-12-03T21:04:48.768Z","logger":"broker_ingress","caller":"ingress/ingress_handler.go:120","msg":"Error retrieving TTL, defaulting.","commit":"7655d9c","error":"\"knativebrokerttl\" not found"}
{"level":"info","ts":"2019-12-03T21:04:48.768Z","logger":"broker_ingress","caller":"ingress/ingress_handler.go:120","msg":"Error retrieving TTL, defaulting.","commit":"7655d9c","error":"\"knativebrokerttl\" not found"}
{"level":"info","ts":"2019-12-03T21:04:48.770Z","logger":"broker_ingress","caller":"ingress/ingress_handler.go:120","msg":"Error retrieving TTL, defaulting.","commit":"7655d9c","error":"\"knativebrokerttl\" not found"}
{"level":"info","ts":"2019-12-03T21:04:48.771Z","logger":"broker_ingress","caller":"ingress/ingress_handler.go:120","msg":"Error retrieving TTL, defaulting.","commit":"7655d9c","error":"\"knativebrokerttl\" not found"}
{"level":"info","ts":"2019-12-03T21:04:48.771Z","logger":"broker_ingress","caller":"ingress/ingress_handler.go:120","msg":"Error retrieving TTL, defaulting.","commit":"7655d9c","error":"\"knativebrokerttl\" not found"}
{"level":"info","ts":"2019-12-03T21:04:48.771Z","logger":"broker_ingress","caller":"ingress/ingress_handler.go:120","msg":"Error retrieving TTL, defaulting.","commit":"7655d9c","error":"\"knativebrokerttl\" not found"}
{"level":"info","ts":"2019-12-03T21:04:48.771Z","logger":"broker_ingress","caller":"ingress/ingress_handler.go:120","msg":"Error retrieving TTL, defaulting.","commit":"7655d9c","error":"\"knativebrokerttl\" not found"}
{"level":"info","ts":"2019-12-03T21:04:48.771Z","logger":"broker_ingress","caller":"ingress/ingress_handler.go:120","msg":"Error retrieving TTL, defaulting.","commit":"7655d9c","error":"\"knativebrokerttl\" not found"}
{"level":"info","ts":"2019-12-03T21:04:48.771Z","logger":"broker_ingress","caller":"ingress/ingress_handler.go:120","msg":"Error retrieving TTL, defaulting.","commit":"7655d9c","error":"\"knativebrokerttl\" not found"}
{"level":"info","ts":"2019-12-03T21:04:48.771Z","logger":"broker_ingress","caller":"ingress/ingress_handler.go:120","msg":"Error retrieving TTL, defaulting.","commit":"7655d9c","error":"\"knativebrokerttl\" not found"}
{"level":"info","ts":"2019-12-03T21:04:48.772Z","logger":"broker_ingress","caller":"ingress/ingress_handler.go:120","msg":"Error retrieving TTL, defaulting.","commit":"7655d9c","error":"\"knativebrokerttl\" not found"}
{"level":"info","ts":"2019-12-03T21:04:48.773Z","logger":"broker_ingress","caller":"ingress/ingress_handler.go:120","msg":"Error retrieving TTL, defaulting.","commit":"7655d9c","error":"\"knativebrokerttl\" not found"}
{"level":"info","ts":"2019-12-03T21:04:48.773Z","logger":"broker_ingress","caller":"ingress/ingress_handler.go:120","msg":"Error retrieving TTL, defaulting.","commit":"7655d9c","error":"\"knativebrokerttl\" not found"}
{"level":"info","ts":"2019-12-03T21:04:48.803Z","logger":"broker_ingress","caller":"ingress/ingress_handler.go:120","msg":"Error retrieving TTL, defaulting.","commit":"7655d9c","error":"\"knativebrokerttl\" not found"}
{"level":"info","ts":"2019-12-03T21:04:48.804Z","logger":"broker_ingress","caller":"ingress/ingress_handler.go:120","msg":"Error retrieving TTL, defaulting.","commit":"7655d9c","error":"\"knativebrokerttl\" not found"}
{"level":"info","ts":"2019-12-03T21:04:48.804Z","logger":"broker_ingress","caller":"ingress/ingress_handler.go:120","msg":"Error retrieving TTL, defaulting.","commit":"7655d9c","error":"\"knativebrokerttl\" not found"}
{"level":"info","ts":"2019-12-03T21:04:48.804Z","logger":"broker_ingress","caller":"ingress/ingress_handler.go:120","msg":"Error retrieving TTL, defaulting.","commit":"7655d9c","error":"\"knativebrokerttl\" not found"}
{"level":"info","ts":"2019-12-03T21:04:48.804Z","logger":"broker_ingress","caller":"ingress/ingress_handler.go:120","msg":"Error retrieving TTL, defaulting.","commit":"7655d9c","error":"\"knativebrokerttl\" not found"}
{"level":"info","ts":"2019-12-03T21:04:48.804Z","logger":"broker_ingress","caller":"ingress/ingress_handler.go:120","msg":"Error retrieving TTL, defaulting.","commit":"7655d9c","error":"\"knativebrokerttl\" not found"}
{"level":"info","ts":"2019-12-03T21:04:48.805Z","logger":"broker_ingress","caller":"ingress/ingress_handler.go:120","msg":"Error retrieving TTL, defaulting.","commit":"7655d9c","error":"\"knativebrokerttl\" not found"}
{"level":"info","ts":"2019-12-03T21:04:48.805Z","logger":"broker_ingress","caller":"ingress/ingress_handler.go:120","msg":"Error retrieving TTL, defaulting.","commit":"7655d9c","error":"\"knativebrokerttl\" not found"}
{"level":"info","ts":"2019-12-03T21:04:48.805Z","logger":"broker_ingress","caller":"ingress/ingress_handler.go:120","msg":"Error retrieving TTL, defaulting.","commit":"7655d9c","error":"\"knativebrokerttl\" not found"}
{"level":"info","ts":"2019-12-03T21:04:48.805Z","logger":"broker_ingress","caller":"ingress/ingress_handler.go:120","msg":"Error retrieving TTL, defaulting.","commit":"7655d9c","error":"\"knativebrokerttl\" not found"}
{"level":"info","ts":"2019-12-03T21:04:48.805Z","logger":"broker_ingress","caller":"ingress/ingress_handler.go:120","msg":"Error retrieving TTL, defaulting.","commit":"7655d9c","error":"\"knativebrokerttl\" not found"}
{"level":"info","ts":"2019-12-03T21:04:48.805Z","logger":"broker_ingress","caller":"ingress/ingress_handler.go:120","msg":"Error retrieving TTL, defaulting.","commit":"7655d9c","error":"\"knativebrokerttl\" not found"}
{"level":"info","ts":"2019-12-03T21:04:48.806Z","logger":"broker_ingress","caller":"ingress/ingress_handler.go:120","msg":"Error retrieving TTL, defaulting.","commit":"7655d9c","error":"\"knativebrokerttl\" not found"}
{"level":"info","ts":"2019-12-03T21:04:48.806Z","logger":"broker_ingress","caller":"ingress/ingress_handler.go:120","msg":"Error retrieving TTL, defaulting.","commit":"7655d9c","error":"\"knativebrokerttl\" not found"}
{"level":"info","ts":"2019-12-03T21:04:48.806Z","logger":"broker_ingress","caller":"ingress/ingress_handler.go:120","msg":"Error retrieving TTL, defaulting.","commit":"7655d9c","error":"\"knativebrokerttl\" not found"}
{"level":"info","ts":"2019-12-03T21:04:48.806Z","logger":"broker_ingress","caller":"ingress/ingress_handler.go:120","msg":"Error retrieving TTL, defaulting.","commit":"7655d9c","error":"\"knativebrokerttl\" not found"}
{"level":"info","ts":"2019-12-03T21:04:48.806Z","logger":"broker_ingress","caller":"ingress/ingress_handler.go:120","msg":"Error retrieving TTL, defaulting.","commit":"7655d9c","error":"\"knativebrokerttl\" not found"}
{"level":"info","ts":"2019-12-03T21:04:48.806Z","logger":"broker_ingress","caller":"ingress/ingress_handler.go:120","msg":"Error retrieving TTL, defaulting.","commit":"7655d9c","error":"\"knativebrokerttl\" not found"}
{"level":"info","ts":"2019-12-03T21:04:48.807Z","logger":"broker_ingress","caller":"ingress/ingress_handler.go:120","msg":"Error retrieving TTL, defaulting.","commit":"7655d9c","error":"\"knativebrokerttl\" not found"}
{"level":"info","ts":"2019-12-03T21:04:48.809Z","logger":"broker_ingress","caller":"ingress/ingress_handler.go:120","msg":"Error retrieving TTL, defaulting.","commit":"7655d9c","error":"\"knativebrokerttl\" not found"}
{"level":"info","ts":"2019-12-03T21:04:48.809Z","logger":"broker_ingress","caller":"ingress/ingress_handler.go:120","msg":"Error retrieving TTL, defaulting.","commit":"7655d9c","error":"\"knativebrokerttl\" not found"}
{"level":"info","ts":"2019-12-03T21:04:48.809Z","logger":"broker_ingress","caller":"ingress/ingress_handler.go:120","msg":"Error retrieving TTL, defaulting.","commit":"7655d9c","error":"\"knativebrokerttl\" not found"}
{"level":"info","ts":"2019-12-03T21:04:48.810Z","logger":"broker_ingress","caller":"ingress/ingress_handler.go:120","msg":"Error retrieving TTL, defaulting.","commit":"7655d9c","error":"\"knativebrokerttl\" not found"}
{"level":"info","ts":"2019-12-03T21:04:48.810Z","logger":"broker_ingress","caller":"ingress/ingress_handler.go:120","msg":"Error retrieving TTL, defaulting.","commit":"7655d9c","error":"\"knativebrokerttl\" not found"}
{"level":"info","ts":"2019-12-03T21:04:48.814Z","logger":"broker_ingress","caller":"ingress/ingress_handler.go:120","msg":"Error retrieving TTL, defaulting.","commit":"7655d9c","error":"\"knativebrokerttl\" not found"}
{"level":"info","ts":"2019-12-03T21:04:48.814Z","logger":"broker_ingress","caller":"ingress/ingress_handler.go:120","msg":"Error retrieving TTL, defaulting.","commit":"7655d9c","error":"\"knativebrokerttl\" not found"}
{"level":"info","ts":"2019-12-03T21:04:48.815Z","logger":"broker_ingress","caller":"ingress/ingress_handler.go:120","msg":"Error retrieving TTL, defaulting.","commit":"7655d9c","error":"\"knativebrokerttl\" not found"}
{"level":"info","ts":"2019-12-03T21:04:48.816Z","logger":"broker_ingress","caller":"ingress/ingress_handler.go:120","msg":"Error retrieving TTL, defaulting.","commit":"7655d9c","error":"\"knativebrokerttl\" not found"}
{"level":"info","ts":"2019-12-03T21:04:48.816Z","logger":"broker_ingress","caller":"ingress/ingress_handler.go:120","msg":"Error retrieving TTL, defaulting.","commit":"7655d9c","error":"\"knativebrokerttl\" not found"}
{"level":"info","ts":"2019-12-03T21:04:48.816Z","logger":"broker_ingress","caller":"ingress/ingress_handler.go:120","msg":"Error retrieving TTL, defaulting.","commit":"7655d9c","error":"\"knativebrokerttl\" not found"}
{"level":"info","ts":"2019-12-03T21:04:48.816Z","logger":"broker_ingress","caller":"ingress/ingress_handler.go:120","msg":"Error retrieving TTL, defaulting.","commit":"7655d9c","error":"\"knativebrokerttl\" not found"}
{"level":"info","ts":"2019-12-03T21:04:48.817Z","logger":"broker_ingress","caller":"ingress/ingress_handler.go:120","msg":"Error retrieving TTL, defaulting.","commit":"7655d9c","error":"\"knativebrokerttl\" not found"}
{"level":"info","ts":"2019-12-03T21:04:48.817Z","logger":"broker_ingress","caller":"ingress/ingress_handler.go:120","msg":"Error retrieving TTL, defaulting.","commit":"7655d9c","error":"\"knativebrokerttl\" not found"}
{"level":"info","ts":"2019-12-03T21:04:48.817Z","logger":"broker_ingress","caller":"ingress/ingress_handler.go:120","msg":"Error retrieving TTL, defaulting.","commit":"7655d9c","error":"\"knativebrokerttl\" not found"}
{"level":"info","ts":"2019-12-03T21:04:48.817Z","logger":"broker_ingress","caller":"ingress/ingress_handler.go:120","msg":"Error retrieving TTL, defaulting.","commit":"7655d9c","error":"\"knativebrokerttl\" not found"}
{"level":"info","ts":"2019-12-03T21:04:48.817Z","logger":"broker_ingress","caller":"ingress/ingress_handler.go:120","msg":"Error retrieving TTL, defaulting.","commit":"7655d9c","error":"\"knativebrokerttl\" not found"}
{"level":"info","ts":"2019-12-03T21:04:48.818Z","logger":"broker_ingress","caller":"ingress/ingress_handler.go:120","msg":"Error retrieving TTL, defaulting.","commit":"7655d9c","error":"\"knativebrokerttl\" not found"}
{"level":"info","ts":"2019-12-03T21:04:48.818Z","logger":"broker_ingress","caller":"ingress/ingress_handler.go:120","msg":"Error retrieving TTL, defaulting.","commit":"7655d9c","error":"\"knativebrokerttl\" not found"}
{"level":"info","ts":"2019-12-03T21:04:48.818Z","logger":"broker_ingress","caller":"ingress/ingress_handler.go:120","msg":"Error retrieving TTL, defaulting.","commit":"7655d9c","error":"\"knativebrokerttl\" not found"}
{"level":"info","ts":"2019-12-03T21:04:48.826Z","logger":"broker_ingress","caller":"ingress/ingress_handler.go:120","msg":"Error retrieving TTL, defaulting.","commit":"7655d9c","error":"\"knativebrokerttl\" not found"}
{"level":"info","ts":"2019-12-03T21:04:48.826Z","logger":"broker_ingress","caller":"ingress/ingress_handler.go:120","msg":"Error retrieving TTL, defaulting.","commit":"7655d9c","error":"\"knativebrokerttl\" not found"}
{"level":"info","ts":"2019-12-03T21:04:48.826Z","logger":"broker_ingress","caller":"ingress/ingress_handler.go:120","msg":"Error retrieving TTL, defaulting.","commit":"7655d9c","error":"\"knativebrokerttl\" not found"}
{"level":"info","ts":"2019-12-03T21:04:48.832Z","logger":"broker_ingress","caller":"ingress/ingress_handler.go:120","msg":"Error retrieving TTL, defaulting.","commit":"7655d9c","error":"\"knativebrokerttl\" not found"}
{"level":"info","ts":"2019-12-03T21:04:48.832Z","logger":"broker_ingress","caller":"ingress/ingress_handler.go:120","msg":"Error retrieving TTL, defaulting.","commit":"7655d9c","error":"\"knativebrokerttl\" not found"}
{"level":"info","ts":"2019-12-03T21:04:48.832Z","logger":"broker_ingress","caller":"ingress/ingress_handler.go:120","msg":"Error retrieving TTL, defaulting.","commit":"7655d9c","error":"\"knativebrokerttl\" not found"}
{"level":"info","ts":"2019-12-03T21:04:48.833Z","logger":"broker_ingress","caller":"ingress/ingress_handler.go:120","msg":"Error retrieving TTL, defaulting.","commit":"7655d9c","error":"\"knativebrokerttl\" not found"}
{"level":"info","ts":"2019-12-03T21:04:48.833Z","logger":"broker_ingress","caller":"ingress/ingress_handler.go:120","msg":"Error retrieving TTL, defaulting.","commit":"7655d9c","error":"\"knativebrokerttl\" not found"}
{"level":"info","ts":"2019-12-03T21:04:48.833Z","logger":"broker_ingress","caller":"ingress/ingress_handler.go:120","msg":"Error retrieving TTL, defaulting.","commit":"7655d9c","error":"\"knativebrokerttl\" not found"}
{"level":"info","ts":"2019-12-03T21:04:48.836Z","logger":"broker_ingress","caller":"ingress/ingress_handler.go:120","msg":"Error retrieving TTL, defaulting.","commit":"7655d9c","error":"\"knativebrokerttl\" not found"}
{"level":"info","ts":"2019-12-03T21:04:48.837Z","logger":"broker_ingress","caller":"ingress/ingress_handler.go:120","msg":"Error retrieving TTL, defaulting.","commit":"7655d9c","error":"\"knativebrokerttl\" not found"}
{"level":"info","ts":"2019-12-03T21:04:48.837Z","logger":"broker_ingress","caller":"ingress/ingress_handler.go:120","msg":"Error retrieving TTL, defaulting.","commit":"7655d9c","error":"\"knativebrokerttl\" not found"}
{"level":"info","ts":"2019-12-03T21:04:48.839Z","logger":"broker_ingress","caller":"ingress/ingress_handler.go:120","msg":"Error retrieving TTL, defaulting.","commit":"7655d9c","error":"\"knativebrokerttl\" not found"}
{"level":"info","ts":"2019-12-03T21:04:48.840Z","logger":"broker_ingress","caller":"ingress/ingress_handler.go:120","msg":"Error retrieving TTL, defaulting.","commit":"7655d9c","error":"\"knativebrokerttl\" not found"}
{"level":"info","ts":"2019-12-03T21:04:48.837Z","logger":"broker_ingress","caller":"ingress/ingress_handler.go:120","msg":"Error retrieving TTL, defaulting.","commit":"7655d9c","error":"\"knativebrokerttl\" not found"}
{"level":"info","ts":"2019-12-03T21:04:48.840Z","logger":"broker_ingress","caller":"ingress/ingress_handler.go:120","msg":"Error retrieving TTL, defaulting.","commit":"7655d9c","error":"\"knativebrokerttl\" not found"}
{"level":"info","ts":"2019-12-03T21:04:48.840Z","logger":"broker_ingress","caller":"ingress/ingress_handler.go:120","msg":"Error retrieving TTL, defaulting.","commit":"7655d9c","error":"\"knativebrokerttl\" not found"}
{"level":"info","ts":"2019-12-03T21:04:48.840Z","logger":"broker_ingress","caller":"ingress/ingress_handler.go:120","msg":"Error retrieving TTL, defaulting.","commit":"7655d9c","error":"\"knativebrokerttl\" not found"}
{"level":"info","ts":"2019-12-03T21:04:48.841Z","logger":"broker_ingress","caller":"ingress/ingress_handler.go:120","msg":"Error retrieving TTL, defaulting.","commit":"7655d9c","error":"\"knativebrokerttl\" not found"}
{"level":"info","ts":"2019-12-03T21:04:48.841Z","logger":"broker_ingress","caller":"ingress/ingress_handler.go:120","msg":"Error retrieving TTL, defaulting.","commit":"7655d9c","error":"\"knativebrokerttl\" not found"}
{"level":"info","ts":"2019-12-03T21:04:48.841Z","logger":"broker_ingress","caller":"ingress/ingress_handler.go:120","msg":"Error retrieving TTL, defaulting.","commit":"7655d9c","error":"\"knativebrokerttl\" not found"}
{"level":"info","ts":"2019-12-03T21:04:48.842Z","logger":"broker_ingress","caller":"ingress/ingress_handler.go:120","msg":"Error retrieving TTL, defaulting.","commit":"7655d9c","error":"\"knativebrokerttl\" not found"}
{"level":"info","ts":"2019-12-03T21:04:48.842Z","logger":"broker_ingress","caller":"ingress/ingress_handler.go:120","msg":"Error retrieving TTL, defaulting.","commit":"7655d9c","error":"\"knativebrokerttl\" not found"}
{"level":"info","ts":"2019-12-03T21:04:48.842Z","logger":"broker_ingress","caller":"ingress/ingress_handler.go:120","msg":"Error retrieving TTL, defaulting.","commit":"7655d9c","error":"\"knativebrokerttl\" not found"}
{"level":"info","ts":"2019-12-03T21:04:48.842Z","logger":"broker_ingress","caller":"ingress/ingress_handler.go:120","msg":"Error retrieving TTL, defaulting.","commit":"7655d9c","error":"\"knativebrokerttl\" not found"}
{"level":"info","ts":"2019-12-03T21:04:48.918Z","logger":"broker_ingress","caller":"ingress/ingress_handler.go:120","msg":"Error retrieving TTL, defaulting.","commit":"7655d9c","error":"\"knativebrokerttl\" not found"}
{"level":"info","ts":"2019-12-03T21:04:48.918Z","logger":"broker_ingress","caller":"ingress/ingress_handler.go:120","msg":"Error retrieving TTL, defaulting.","commit":"7655d9c","error":"\"knativebrokerttl\" not found"}
{"level":"info","ts":"2019-12-03T21:04:48.937Z","logger":"broker_ingress","caller":"ingress/ingress_handler.go:120","msg":"Error retrieving TTL, defaulting.","commit":"7655d9c","error":"\"knativebrokerttl\" not found"}
{"level":"info","ts":"2019-12-03T21:04:48.937Z","logger":"broker_ingress","caller":"ingress/ingress_handler.go:120","msg":"Error retrieving TTL, defaulting.","commit":"7655d9c","error":"\"knativebrokerttl\" not found"}
{"level":"info","ts":"2019-12-03T21:04:48.967Z","logger":"broker_ingress","caller":"ingress/ingress_handler.go:120","msg":"Error retrieving TTL, defaulting.","commit":"7655d9c","error":"\"knativebrokerttl\" not found"}
{"level":"info","ts":"2019-12-03T21:04:48.967Z","logger":"broker_ingress","caller":"ingress/ingress_handler.go:120","msg":"Error retrieving TTL, defaulting.","commit":"7655d9c","error":"\"knativebrokerttl\" not found"}
{"level":"info","ts":"2019-12-03T21:04:48.967Z","logger":"broker_ingress","caller":"ingress/ingress_handler.go:120","msg":"Error retrieving TTL, defaulting.","commit":"7655d9c","error":"\"knativebrokerttl\" not found"}
{"level":"info","ts":"2019-12-03T21:04:48.967Z","logger":"broker_ingress","caller":"ingress/ingress_handler.go:120","msg":"Error retrieving TTL, defaulting.","commit":"7655d9c","error":"\"knativebrokerttl\" not found"}
{"level":"info","ts":"2019-12-03T21:04:48.968Z","logger":"broker_ingress","caller":"ingress/ingress_handler.go:120","msg":"Error retrieving TTL, defaulting.","commit":"7655d9c","error":"\"knativebrokerttl\" not found"}
{"level":"info","ts":"2019-12-03T21:04:48.969Z","logger":"broker_ingress","caller":"ingress/ingress_handler.go:120","msg":"Error retrieving TTL, defaulting.","commit":"7655d9c","error":"\"knativebrokerttl\" not found"}
{"level":"info","ts":"2019-12-03T21:04:48.971Z","logger":"broker_ingress","caller":"ingress/ingress_handler.go:120","msg":"Error retrieving TTL, defaulting.","commit":"7655d9c","error":"\"knativebrokerttl\" not found"}
{"level":"info","ts":"2019-12-03T21:04:48.972Z","logger":"broker_ingress","caller":"ingress/ingress_handler.go:120","msg":"Error retrieving TTL, defaulting.","commit":"7655d9c","error":"\"knativebrokerttl\" not found"}
{"level":"info","ts":"2019-12-03T21:04:48.972Z","logger":"broker_ingress","caller":"ingress/ingress_handler.go:120","msg":"Error retrieving TTL, defaulting.","commit":"7655d9c","error":"\"knativebrokerttl\" not found"}
{"level":"info","ts":"2019-12-03T21:04:48.972Z","logger":"broker_ingress","caller":"ingress/ingress_handler.go:120","msg":"Error retrieving TTL, defaulting.","commit":"7655d9c","error":"\"knativebrokerttl\" not found"}
{"level":"info","ts":"2019-12-03T21:04:48.972Z","logger":"broker_ingress","caller":"ingress/ingress_handler.go:120","msg":"Error retrieving TTL, defaulting.","commit":"7655d9c","error":"\"knativebrokerttl\" not found"}
{"level":"info","ts":"2019-12-03T21:04:48.972Z","logger":"broker_ingress","caller":"ingress/ingress_handler.go:120","msg":"Error retrieving TTL, defaulting.","commit":"7655d9c","error":"\"knativebrokerttl\" not found"}
{"level":"info","ts":"2019-12-03T21:04:48.972Z","logger":"broker_ingress","caller":"ingress/ingress_handler.go:120","msg":"Error retrieving TTL, defaulting.","commit":"7655d9c","error":"\"knativebrokerttl\" not found"}
{"level":"info","ts":"2019-12-03T21:04:48.973Z","logger":"broker_ingress","caller":"ingress/ingress_handler.go:120","msg":"Error retrieving TTL, defaulting.","commit":"7655d9c","error":"\"knativebrokerttl\" not found"}
{"level":"info","ts":"2019-12-03T21:04:48.975Z","logger":"broker_ingress","caller":"ingress/ingress_handler.go:120","msg":"Error retrieving TTL, defaulting.","commit":"7655d9c","error":"\"knativebrokerttl\" not found"}
{"level":"info","ts":"2019-12-03T21:04:48.976Z","logger":"broker_ingress","caller":"ingress/ingress_handler.go:120","msg":"Error retrieving TTL, defaulting.","commit":"7655d9c","error":"\"knativebrokerttl\" not found"}
{"level":"info","ts":"2019-12-03T21:04:48.976Z","logger":"broker_ingress","caller":"ingress/ingress_handler.go:120","msg":"Error retrieving TTL, defaulting.","commit":"7655d9c","error":"\"knativebrokerttl\" not found"}
{"level":"info","ts":"2019-12-03T21:04:48.976Z","logger":"broker_ingress","caller":"ingress/ingress_handler.go:120","msg":"Error retrieving TTL, defaulting.","commit":"7655d9c","error":"\"knativebrokerttl\" not found"}
{"level":"info","ts":"2019-12-03T21:04:48.979Z","logger":"broker_ingress","caller":"ingress/ingress_handler.go:120","msg":"Error retrieving TTL, defaulting.","commit":"7655d9c","error":"\"knativebrokerttl\" not found"}
{"level":"info","ts":"2019-12-03T21:04:48.983Z","logger":"broker_ingress","caller":"ingress/ingress_handler.go:120","msg":"Error retrieving TTL, defaulting.","commit":"7655d9c","error":"\"knativebrokerttl\" not found"}
{"level":"info","ts":"2019-12-03T21:04:48.984Z","logger":"broker_ingress","caller":"ingress/ingress_handler.go:120","msg":"Error retrieving TTL, defaulting.","commit":"7655d9c","error":"\"knativebrokerttl\" not found"}
{"level":"info","ts":"2019-12-03T21:04:48.984Z","logger":"broker_ingress","caller":"ingress/ingress_handler.go:120","msg":"Error retrieving TTL, defaulting.","commit":"7655d9c","error":"\"knativebrokerttl\" not found"}
{"level":"info","ts":"2019-12-03T21:04:48.984Z","logger":"broker_ingress","caller":"ingress/ingress_handler.go:120","msg":"Error retrieving TTL, defaulting.","commit":"7655d9c","error":"\"knativebrokerttl\" not found"}
{"level":"info","ts":"2019-12-03T21:04:48.984Z","logger":"broker_ingress","caller":"ingress/ingress_handler.go:120","msg":"Error retrieving TTL, defaulting.","commit":"7655d9c","error":"\"knativebrokerttl\" not found"}
{"level":"info","ts":"2019-12-03T21:04:48.984Z","logger":"broker_ingress","caller":"ingress/ingress_handler.go:120","msg":"Error retrieving TTL, defaulting.","commit":"7655d9c","error":"\"knativebrokerttl\" not found"}
{"level":"info","ts":"2019-12-03T21:04:48.984Z","logger":"broker_ingress","caller":"ingress/ingress_handler.go:120","msg":"Error retrieving TTL, defaulting.","commit":"7655d9c","error":"\"knativebrokerttl\" not found"}
{"level":"info","ts":"2019-12-03T21:04:48.985Z","logger":"broker_ingress","caller":"ingress/ingress_handler.go:120","msg":"Error retrieving TTL, defaulting.","commit":"7655d9c","error":"\"knativebrokerttl\" not found"}
{"level":"info","ts":"2019-12-03T21:04:48.986Z","logger":"broker_ingress","caller":"ingress/ingress_handler.go:120","msg":"Error retrieving TTL, defaulting.","commit":"7655d9c","error":"\"knativebrokerttl\" not found"}
{"level":"info","ts":"2019-12-03T21:04:48.986Z","logger":"broker_ingress","caller":"ingress/ingress_handler.go:120","msg":"Error retrieving TTL, defaulting.","commit":"7655d9c","error":"\"knativebrokerttl\" not found"}
{"level":"info","ts":"2019-12-03T21:04:48.986Z","logger":"broker_ingress","caller":"ingress/ingress_handler.go:120","msg":"Error retrieving TTL, defaulting.","commit":"7655d9c","error":"\"knativebrokerttl\" not found"}
{"level":"info","ts":"2019-12-03T21:04:48.987Z","logger":"broker_ingress","caller":"ingress/ingress_handler.go:120","msg":"Error retrieving TTL, defaulting.","commit":"7655d9c","error":"\"knativebrokerttl\" not found"}
{"level":"info","ts":"2019-12-03T21:04:48.988Z","logger":"broker_ingress","caller":"ingress/ingress_handler.go:120","msg":"Error retrieving TTL, defaulting.","commit":"7655d9c","error":"\"knativebrokerttl\" not found"}
{"level":"info","ts":"2019-12-03T21:04:48.988Z","logger":"broker_ingress","caller":"ingress/ingress_handler.go:120","msg":"Error retrieving TTL, defaulting.","commit":"7655d9c","error":"\"knativebrokerttl\" not found"}
{"level":"info","ts":"2019-12-03T21:04:48.988Z","logger":"broker_ingress","caller":"ingress/ingress_handler.go:120","msg":"Error retrieving TTL, defaulting.","commit":"7655d9c","error":"\"knativebrokerttl\" not found"}
{"level":"info","ts":"2019-12-03T21:04:48.988Z","logger":"broker_ingress","caller":"ingress/ingress_handler.go:120","msg":"Error retrieving TTL, defaulting.","commit":"7655d9c","error":"\"knativebrokerttl\" not found"}
{"level":"info","ts":"2019-12-03T21:04:48.988Z","logger":"broker_ingress","caller":"ingress/ingress_handler.go:120","msg":"Error retrieving TTL, defaulting.","commit":"7655d9c","error":"\"knativebrokerttl\" not found"}
{"level":"info","ts":"2019-12-03T21:04:48.988Z","logger":"broker_ingress","caller":"ingress/ingress_handler.go:120","msg":"Error retrieving TTL, defaulting.","commit":"7655d9c","error":"\"knativebrokerttl\" not found"}
{"level":"info","ts":"2019-12-03T21:04:48.988Z","logger":"broker_ingress","caller":"ingress/ingress_handler.go:120","msg":"Error retrieving TTL, defaulting.","commit":"7655d9c","error":"\"knativebrokerttl\" not found"}
{"level":"info","ts":"2019-12-03T21:04:48.989Z","logger":"broker_ingress","caller":"ingress/ingress_handler.go:120","msg":"Error retrieving TTL, defaulting.","commit":"7655d9c","error":"\"knativebrokerttl\" not found"}
{"level":"info","ts":"2019-12-03T21:04:48.992Z","logger":"broker_ingress","caller":"ingress/ingress_handler.go:120","msg":"Error retrieving TTL, defaulting.","commit":"7655d9c","error":"\"knativebrokerttl\" not found"}
{"level":"info","ts":"2019-12-03T21:04:48.992Z","logger":"broker_ingress","caller":"ingress/ingress_handler.go:120","msg":"Error retrieving TTL, defaulting.","commit":"7655d9c","error":"\"knativebrokerttl\" not found"}
{"level":"info","ts":"2019-12-03T21:04:48.992Z","logger":"broker_ingress","caller":"ingress/ingress_handler.go:120","msg":"Error retrieving TTL, defaulting.","commit":"7655d9c","error":"\"knativebrokerttl\" not found"}
{"level":"info","ts":"2019-12-03T21:04:48.992Z","logger":"broker_ingress","caller":"ingress/ingress_handler.go:120","msg":"Error retrieving TTL, defaulting.","commit":"7655d9c","error":"\"knativebrokerttl\" not found"}
{"level":"info","ts":"2019-12-03T21:04:48.992Z","logger":"broker_ingress","caller":"ingress/ingress_handler.go:120","msg":"Error retrieving TTL, defaulting.","commit":"7655d9c","error":"\"knativebrokerttl\" not found"}
{"level":"info","ts":"2019-12-03T21:04:48.992Z","logger":"broker_ingress","caller":"ingress/ingress_handler.go:120","msg":"Error retrieving TTL, defaulting.","commit":"7655d9c","error":"\"knativebrokerttl\" not found"}
{"level":"info","ts":"2019-12-03T21:04:48.992Z","logger":"broker_ingress","caller":"ingress/ingress_handler.go:120","msg":"Error retrieving TTL, defaulting.","commit":"7655d9c","error":"\"knativebrokerttl\" not found"}
{"level":"info","ts":"2019-12-03T21:04:48.992Z","logger":"broker_ingress","caller":"ingress/ingress_handler.go:120","msg":"Error retrieving TTL, defaulting.","commit":"7655d9c","error":"\"knativebrokerttl\" not found"}
{"level":"info","ts":"2019-12-03T21:04:48.992Z","logger":"broker_ingress","caller":"ingress/ingress_handler.go:120","msg":"Error retrieving TTL, defaulting.","commit":"7655d9c","error":"\"knativebrokerttl\" not found"}
{"level":"info","ts":"2019-12-03T21:04:48.993Z","logger":"broker_ingress","caller":"ingress/ingress_handler.go:120","msg":"Error retrieving TTL, defaulting.","commit":"7655d9c","error":"\"knativebrokerttl\" not found"}
{"level":"info","ts":"2019-12-03T21:04:48.993Z","logger":"broker_ingress","caller":"ingress/ingress_handler.go:120","msg":"Error retrieving TTL, defaulting.","commit":"7655d9c","error":"\"knativebrokerttl\" not found"}
{"level":"info","ts":"2019-12-03T21:04:48.993Z","logger":"broker_ingress","caller":"ingress/ingress_handler.go:120","msg":"Error retrieving TTL, defaulting.","commit":"7655d9c","error":"\"knativebrokerttl\" not found"}
{"level":"info","ts":"2019-12-03T21:04:48.993Z","logger":"broker_ingress","caller":"ingress/ingress_handler.go:120","msg":"Error retrieving TTL, defaulting.","commit":"7655d9c","error":"\"knativebrokerttl\" not found"}
{"level":"info","ts":"2019-12-03T21:04:48.994Z","logger":"broker_ingress","caller":"ingress/ingress_handler.go:120","msg":"Error retrieving TTL, defaulting.","commit":"7655d9c","error":"\"knativebrokerttl\" not found"}
{"level":"info","ts":"2019-12-03T21:04:48.994Z","logger":"broker_ingress","caller":"ingress/ingress_handler.go:120","msg":"Error retrieving TTL, defaulting.","commit":"7655d9c","error":"\"knativebrokerttl\" not found"}
{"level":"info","ts":"2019-12-03T21:04:48.994Z","logger":"broker_ingress","caller":"ingress/ingress_handler.go:120","msg":"Error retrieving TTL, defaulting.","commit":"7655d9c","error":"\"knativebrokerttl\" not found"}
{"level":"info","ts":"2019-12-03T21:04:48.994Z","logger":"broker_ingress","caller":"ingress/ingress_handler.go:120","msg":"Error retrieving TTL, defaulting.","commit":"7655d9c","error":"\"knativebrokerttl\" not found"}
{"level":"info","ts":"2019-12-03T21:04:48.995Z","logger":"broker_ingress","caller":"ingress/ingress_handler.go:120","msg":"Error retrieving TTL, defaulting.","commit":"7655d9c","error":"\"knativebrokerttl\" not found"}
{"level":"info","ts":"2019-12-03T21:04:48.995Z","logger":"broker_ingress","caller":"ingress/ingress_handler.go:120","msg":"Error retrieving TTL, defaulting.","commit":"7655d9c","error":"\"knativebrokerttl\" not found"}
{"level":"info","ts":"2019-12-03T21:04:48.995Z","logger":"broker_ingress","caller":"ingress/ingress_handler.go:120","msg":"Error retrieving TTL, defaulting.","commit":"7655d9c","error":"\"knativebrokerttl\" not found"}
{"level":"info","ts":"2019-12-03T21:04:48.996Z","logger":"broker_ingress","caller":"ingress/ingress_handler.go:120","msg":"Error retrieving TTL, defaulting.","commit":"7655d9c","error":"\"knativebrokerttl\" not found"}
{"level":"info","ts":"2019-12-03T21:04:48.996Z","logger":"broker_ingress","caller":"ingress/ingress_handler.go:120","msg":"Error retrieving TTL, defaulting.","commit":"7655d9c","error":"\"knativebrokerttl\" not found"}
{"level":"info","ts":"2019-12-03T21:04:48.996Z","logger":"broker_ingress","caller":"ingress/ingress_handler.go:120","msg":"Error retrieving TTL, defaulting.","commit":"7655d9c","error":"\"knativebrokerttl\" not found"}
{"level":"info","ts":"2019-12-03T21:04:48.998Z","logger":"broker_ingress","caller":"ingress/ingress_handler.go:120","msg":"Error retrieving TTL, defaulting.","commit":"7655d9c","error":"\"knativebrokerttl\" not found"}
{"level":"info","ts":"2019-12-03T21:04:48.998Z","logger":"broker_ingress","caller":"ingress/ingress_handler.go:120","msg":"Error retrieving TTL, defaulting.","commit":"7655d9c","error":"\"knativebrokerttl\" not found"}
{"level":"info","ts":"2019-12-03T21:04:48.999Z","logger":"broker_ingress","caller":"ingress/ingress_handler.go:120","msg":"Error retrieving TTL, defaulting.","commit":"7655d9c","error":"\"knativebrokerttl\" not found"}
{"level":"info","ts":"2019-12-03T21:04:49.000Z","logger":"broker_ingress","caller":"ingress/ingress_handler.go:120","msg":"Error retrieving TTL, defaulting.","commit":"7655d9c","error":"\"knativebrokerttl\" not found"}
{"level":"info","ts":"2019-12-03T21:04:49.000Z","logger":"broker_ingress","caller":"ingress/ingress_handler.go:120","msg":"Error retrieving TTL, defaulting.","commit":"7655d9c","error":"\"knativebrokerttl\" not found"}
{"level":"info","ts":"2019-12-03T21:04:49.000Z","logger":"broker_ingress","caller":"ingress/ingress_handler.go:120","msg":"Error retrieving TTL, defaulting.","commit":"7655d9c","error":"\"knativebrokerttl\" not found"}
{"level":"info","ts":"2019-12-03T21:04:49.000Z","logger":"broker_ingress","caller":"ingress/ingress_handler.go:120","msg":"Error retrieving TTL, defaulting.","commit":"7655d9c","error":"\"knativebrokerttl\" not found"}
{"level":"info","ts":"2019-12-03T21:04:49.001Z","logger":"broker_ingress","caller":"ingress/ingress_handler.go:120","msg":"Error retrieving TTL, defaulting.","commit":"7655d9c","error":"\"knativebrokerttl\" not found"}
{"level":"info","ts":"2019-12-03T21:04:49.001Z","logger":"broker_ingress","caller":"ingress/ingress_handler.go:120","msg":"Error retrieving TTL, defaulting.","commit":"7655d9c","error":"\"knativebrokerttl\" not found"}
{"level":"info","ts":"2019-12-03T21:04:49.001Z","logger":"broker_ingress","caller":"ingress/ingress_handler.go:120","msg":"Error retrieving TTL, defaulting.","commit":"7655d9c","error":"\"knativebrokerttl\" not found"}
{"level":"info","ts":"2019-12-03T21:04:49.001Z","logger":"broker_ingress","caller":"ingress/ingress_handler.go:120","msg":"Error retrieving TTL, defaulting.","commit":"7655d9c","error":"\"knativebrokerttl\" not found"}
{"level":"info","ts":"2019-12-03T21:04:49.002Z","logger":"broker_ingress","caller":"ingress/ingress_handler.go:120","msg":"Error retrieving TTL, defaulting.","commit":"7655d9c","error":"\"knativebrokerttl\" not found"}
{"level":"info","ts":"2019-12-03T21:04:49.002Z","logger":"broker_ingress","caller":"ingress/ingress_handler.go:120","msg":"Error retrieving TTL, defaulting.","commit":"7655d9c","error":"\"knativebrokerttl\" not found"}
{"level":"info","ts":"2019-12-03T21:04:49.002Z","logger":"broker_ingress","caller":"ingress/ingress_handler.go:120","msg":"Error retrieving TTL, defaulting.","commit":"7655d9c","error":"\"knativebrokerttl\" not found"}
{"level":"info","ts":"2019-12-03T21:04:49.002Z","logger":"broker_ingress","caller":"ingress/ingress_handler.go:120","msg":"Error retrieving TTL, defaulting.","commit":"7655d9c","error":"\"knativebrokerttl\" not found"}
{"level":"info","ts":"2019-12-03T21:04:49.002Z","logger":"broker_ingress","caller":"ingress/ingress_handler.go:120","msg":"Error retrieving TTL, defaulting.","commit":"7655d9c","error":"\"knativebrokerttl\" not found"}
{"level":"info","ts":"2019-12-03T21:04:49.002Z","logger":"broker_ingress","caller":"ingress/ingress_handler.go:120","msg":"Error retrieving TTL, defaulting.","commit":"7655d9c","error":"\"knativebrokerttl\" not found"}
{"level":"info","ts":"2019-12-03T21:04:49.003Z","logger":"broker_ingress","caller":"ingress/ingress_handler.go:120","msg":"Error retrieving TTL, defaulting.","commit":"7655d9c","error":"\"knativebrokerttl\" not found"}
{"level":"info","ts":"2019-12-03T21:04:49.001Z","logger":"broker_ingress","caller":"ingress/ingress_handler.go:120","msg":"Error retrieving TTL, defaulting.","commit":"7655d9c","error":"\"knativebrokerttl\" not found"}
{"level":"info","ts":"2019-12-03T21:04:49.005Z","logger":"broker_ingress","caller":"ingress/ingress_handler.go:120","msg":"Error retrieving TTL, defaulting.","commit":"7655d9c","error":"\"knativebrokerttl\" not found"}
{"level":"info","ts":"2019-12-03T21:04:49.005Z","logger":"broker_ingress","caller":"ingress/ingress_handler.go:120","msg":"Error retrieving TTL, defaulting.","commit":"7655d9c","error":"\"knativebrokerttl\" not found"}
{"level":"info","ts":"2019-12-03T21:04:49.006Z","logger":"broker_ingress","caller":"ingress/ingress_handler.go:120","msg":"Error retrieving TTL, defaulting.","commit":"7655d9c","error":"\"knativebrokerttl\" not found"}
{"level":"info","ts":"2019-12-03T21:04:49.007Z","logger":"broker_ingress","caller":"ingress/ingress_handler.go:120","msg":"Error retrieving TTL, defaulting.","commit":"7655d9c","error":"\"knativebrokerttl\" not found"}
{"level":"info","ts":"2019-12-03T21:04:49.007Z","logger":"broker_ingress","caller":"ingress/ingress_handler.go:120","msg":"Error retrieving TTL, defaulting.","commit":"7655d9c","error":"\"knativebrokerttl\" not found"}
{"level":"info","ts":"2019-12-03T21:04:49.008Z","logger":"broker_ingress","caller":"ingress/ingress_handler.go:120","msg":"Error retrieving TTL, defaulting.","commit":"7655d9c","error":"\"knativebrokerttl\" not found"}
{"level":"info","ts":"2019-12-03T21:04:49.008Z","logger":"broker_ingress","caller":"ingress/ingress_handler.go:120","msg":"Error retrieving TTL, defaulting.","commit":"7655d9c","error":"\"knativebrokerttl\" not found"}
{"level":"info","ts":"2019-12-03T21:04:49.008Z","logger":"broker_ingress","caller":"ingress/ingress_handler.go:120","msg":"Error retrieving TTL, defaulting.","commit":"7655d9c","error":"\"knativebrokerttl\" not found"}
{"level":"info","ts":"2019-12-03T21:04:49.008Z","logger":"broker_ingress","caller":"ingress/ingress_handler.go:120","msg":"Error retrieving TTL, defaulting.","commit":"7655d9c","error":"\"knativebrokerttl\" not found"}
{"level":"info","ts":"2019-12-03T21:04:49.008Z","logger":"broker_ingress","caller":"ingress/ingress_handler.go:120","msg":"Error retrieving TTL, defaulting.","commit":"7655d9c","error":"\"knativebrokerttl\" not found"}
{"level":"info","ts":"2019-12-03T21:04:49.008Z","logger":"broker_ingress","caller":"ingress/ingress_handler.go:120","msg":"Error retrieving TTL, defaulting.","commit":"7655d9c","error":"\"knativebrokerttl\" not found"}
{"level":"info","ts":"2019-12-03T21:04:49.009Z","logger":"broker_ingress","caller":"ingress/ingress_handler.go:120","msg":"Error retrieving TTL, defaulting.","commit":"7655d9c","error":"\"knativebrokerttl\" not found"}
{"level":"info","ts":"2019-12-03T21:04:49.009Z","logger":"broker_ingress","caller":"ingress/ingress_handler.go:120","msg":"Error retrieving TTL, defaulting.","commit":"7655d9c","error":"\"knativebrokerttl\" not found"}
{"level":"info","ts":"2019-12-03T21:04:49.009Z","logger":"broker_ingress","caller":"ingress/ingress_handler.go:120","msg":"Error retrieving TTL, defaulting.","commit":"7655d9c","error":"\"knativebrokerttl\" not found"}
{"level":"info","ts":"2019-12-03T21:04:49.009Z","logger":"broker_ingress","caller":"ingress/ingress_handler.go:120","msg":"Error retrieving TTL, defaulting.","commit":"7655d9c","error":"\"knativebrokerttl\" not found"}
{"level":"info","ts":"2019-12-03T21:04:49.010Z","logger":"broker_ingress","caller":"ingress/ingress_handler.go:120","msg":"Error retrieving TTL, defaulting.","commit":"7655d9c","error":"\"knativebrokerttl\" not found"}
{"level":"info","ts":"2019-12-03T21:04:49.010Z","logger":"broker_ingress","caller":"ingress/ingress_handler.go:120","msg":"Error retrieving TTL, defaulting.","commit":"7655d9c","error":"\"knativebrokerttl\" not found"}
{"level":"info","ts":"2019-12-03T21:04:49.010Z","logger":"broker_ingress","caller":"ingress/ingress_handler.go:120","msg":"Error retrieving TTL, defaulting.","commit":"7655d9c","error":"\"knativebrokerttl\" not found"}
{"level":"info","ts":"2019-12-03T21:04:49.010Z","logger":"broker_ingress","caller":"ingress/ingress_handler.go:120","msg":"Error retrieving TTL, defaulting.","commit":"7655d9c","error":"\"knativebrokerttl\" not found"}
{"level":"info","ts":"2019-12-03T21:04:49.010Z","logger":"broker_ingress","caller":"ingress/ingress_handler.go:120","msg":"Error retrieving TTL, defaulting.","commit":"7655d9c","error":"\"knativebrokerttl\" not found"}
{"level":"info","ts":"2019-12-03T21:04:49.010Z","logger":"broker_ingress","caller":"ingress/ingress_handler.go:120","msg":"Error retrieving TTL, defaulting.","commit":"7655d9c","error":"\"knativebrokerttl\" not found"}
{"level":"info","ts":"2019-12-03T21:04:49.011Z","logger":"broker_ingress","caller":"ingress/ingress_handler.go:120","msg":"Error retrieving TTL, defaulting.","commit":"7655d9c","error":"\"knativebrokerttl\" not found"}
{"level":"info","ts":"2019-12-03T21:04:49.012Z","logger":"broker_ingress","caller":"ingress/ingress_handler.go:120","msg":"Error retrieving TTL, defaulting.","commit":"7655d9c","error":"\"knativebrokerttl\" not found"}
{"level":"info","ts":"2019-12-03T21:04:49.013Z","logger":"broker_ingress","caller":"ingress/ingress_handler.go:120","msg":"Error retrieving TTL, defaulting.","commit":"7655d9c","error":"\"knativebrokerttl\" not found"}
{"level":"info","ts":"2019-12-03T21:04:49.013Z","logger":"broker_ingress","caller":"ingress/ingress_handler.go:120","msg":"Error retrieving TTL, defaulting.","commit":"7655d9c","error":"\"knativebrokerttl\" not found"}
{"level":"info","ts":"2019-12-03T21:04:49.013Z","logger":"broker_ingress","caller":"ingress/ingress_handler.go:120","msg":"Error retrieving TTL, defaulting.","commit":"7655d9c","error":"\"knativebrokerttl\" not found"}
{"level":"info","ts":"2019-12-03T21:04:49.016Z","logger":"broker_ingress","caller":"ingress/ingress_handler.go:120","msg":"Error retrieving TTL, defaulting.","commit":"7655d9c","error":"\"knativebrokerttl\" not found"}
{"level":"info","ts":"2019-12-03T21:04:49.016Z","logger":"broker_ingress","caller":"ingress/ingress_handler.go:120","msg":"Error retrieving TTL, defaulting.","commit":"7655d9c","error":"\"knativebrokerttl\" not found"}
{"level":"info","ts":"2019-12-03T21:04:49.016Z","logger":"broker_ingress","caller":"ingress/ingress_handler.go:120","msg":"Error retrieving TTL, defaulting.","commit":"7655d9c","error":"\"knativebrokerttl\" not found"}
{"level":"info","ts":"2019-12-03T21:04:49.016Z","logger":"broker_ingress","caller":"ingress/ingress_handler.go:120","msg":"Error retrieving TTL, defaulting.","commit":"7655d9c","error":"\"knativebrokerttl\" not found"}
{"level":"info","ts":"2019-12-03T21:04:49.016Z","logger":"broker_ingress","caller":"ingress/ingress_handler.go:120","msg":"Error retrieving TTL, defaulting.","commit":"7655d9c","error":"\"knativebrokerttl\" not found"}
{"level":"info","ts":"2019-12-03T21:04:49.017Z","logger":"broker_ingress","caller":"ingress/ingress_handler.go:120","msg":"Error retrieving TTL, defaulting.","commit":"7655d9c","error":"\"knativebrokerttl\" not found"}
{"level":"info","ts":"2019-12-03T21:04:49.017Z","logger":"broker_ingress","caller":"ingress/ingress_handler.go:120","msg":"Error retrieving TTL, defaulting.","commit":"7655d9c","error":"\"knativebrokerttl\" not found"}
{"level":"info","ts":"2019-12-03T21:04:49.017Z","logger":"broker_ingress","caller":"ingress/ingress_handler.go:120","msg":"Error retrieving TTL, defaulting.","commit":"7655d9c","error":"\"knativebrokerttl\" not found"}
{"level":"info","ts":"2019-12-03T21:04:49.017Z","logger":"broker_ingress","caller":"ingress/ingress_handler.go:120","msg":"Error retrieving TTL, defaulting.","commit":"7655d9c","error":"\"knativebrokerttl\" not found"}
{"level":"info","ts":"2019-12-03T21:04:49.017Z","logger":"broker_ingress","caller":"ingress/ingress_handler.go:120","msg":"Error retrieving TTL, defaulting.","commit":"7655d9c","error":"\"knativebrokerttl\" not found"}
{"level":"info","ts":"2019-12-03T21:04:49.018Z","logger":"broker_ingress","caller":"ingress/ingress_handler.go:120","msg":"Error retrieving TTL, defaulting.","commit":"7655d9c","error":"\"knativebrokerttl\" not found"}
{"level":"info","ts":"2019-12-03T21:04:49.019Z","logger":"broker_ingress","caller":"ingress/ingress_handler.go:120","msg":"Error retrieving TTL, defaulting.","commit":"7655d9c","error":"\"knativebrokerttl\" not found"}
{"level":"info","ts":"2019-12-03T21:04:49.019Z","logger":"broker_ingress","caller":"ingress/ingress_handler.go:120","msg":"Error retrieving TTL, defaulting.","commit":"7655d9c","error":"\"knativebrokerttl\" not found"}
{"level":"info","ts":"2019-12-03T21:04:49.020Z","logger":"broker_ingress","caller":"ingress/ingress_handler.go:120","msg":"Error retrieving TTL, defaulting.","commit":"7655d9c","error":"\"knativebrokerttl\" not found"}
{"level":"info","ts":"2019-12-03T21:04:49.020Z","logger":"broker_ingress","caller":"ingress/ingress_handler.go:120","msg":"Error retrieving TTL, defaulting.","commit":"7655d9c","error":"\"knativebrokerttl\" not found"}
{"level":"info","ts":"2019-12-03T21:04:49.020Z","logger":"broker_ingress","caller":"ingress/ingress_handler.go:120","msg":"Error retrieving TTL, defaulting.","commit":"7655d9c","error":"\"knativebrokerttl\" not found"}
{"level":"info","ts":"2019-12-03T21:04:49.021Z","logger":"broker_ingress","caller":"ingress/ingress_handler.go:120","msg":"Error retrieving TTL, defaulting.","commit":"7655d9c","error":"\"knativebrokerttl\" not found"}
{"level":"info","ts":"2019-12-03T21:04:49.021Z","logger":"broker_ingress","caller":"ingress/ingress_handler.go:120","msg":"Error retrieving TTL, defaulting.","commit":"7655d9c","error":"\"knativebrokerttl\" not found"}
{"level":"info","ts":"2019-12-03T21:04:49.021Z","logger":"broker_ingress","caller":"ingress/ingress_handler.go:120","msg":"Error retrieving TTL, defaulting.","commit":"7655d9c","error":"\"knativebrokerttl\" not found"}
{"level":"info","ts":"2019-12-03T21:04:49.021Z","logger":"broker_ingress","caller":"ingress/ingress_handler.go:120","msg":"Error retrieving TTL, defaulting.","commit":"7655d9c","error":"\"knativebrokerttl\" not found"}
{"level":"info","ts":"2019-12-03T21:04:49.021Z","logger":"broker_ingress","caller":"ingress/ingress_handler.go:120","msg":"Error retrieving TTL, defaulting.","commit":"7655d9c","error":"\"knativebrokerttl\" not found"}
{"level":"info","ts":"2019-12-03T21:04:49.022Z","logger":"broker_ingress","caller":"ingress/ingress_handler.go:120","msg":"Error retrieving TTL, defaulting.","commit":"7655d9c","error":"\"knativebrokerttl\" not found"}
{"level":"info","ts":"2019-12-03T21:04:49.022Z","logger":"broker_ingress","caller":"ingress/ingress_handler.go:120","msg":"Error retrieving TTL, defaulting.","commit":"7655d9c","error":"\"knativebrokerttl\" not found"}
{"level":"info","ts":"2019-12-03T21:04:49.022Z","logger":"broker_ingress","caller":"ingress/ingress_handler.go:120","msg":"Error retrieving TTL, defaulting.","commit":"7655d9c","error":"\"knativebrokerttl\" not found"}
{"level":"info","ts":"2019-12-03T21:04:49.022Z","logger":"broker_ingress","caller":"ingress/ingress_handler.go:120","msg":"Error retrieving TTL, defaulting.","commit":"7655d9c","error":"\"knativebrokerttl\" not found"}
{"level":"info","ts":"2019-12-03T21:04:49.022Z","logger":"broker_ingress","caller":"ingress/ingress_handler.go:120","msg":"Error retrieving TTL, defaulting.","commit":"7655d9c","error":"\"knativebrokerttl\" not found"}
{"level":"info","ts":"2019-12-03T21:04:49.023Z","logger":"broker_ingress","caller":"ingress/ingress_handler.go:120","msg":"Error retrieving TTL, defaulting.","commit":"7655d9c","error":"\"knativebrokerttl\" not found"}
{"level":"info","ts":"2019-12-03T21:04:49.023Z","logger":"broker_ingress","caller":"ingress/ingress_handler.go:120","msg":"Error retrieving TTL, defaulting.","commit":"7655d9c","error":"\"knativebrokerttl\" not found"}
{"level":"info","ts":"2019-12-03T21:04:49.023Z","logger":"broker_ingress","caller":"ingress/ingress_handler.go:120","msg":"Error retrieving TTL, defaulting.","commit":"7655d9c","error":"\"knativebrokerttl\" not found"}
{"level":"info","ts":"2019-12-03T21:04:49.024Z","logger":"broker_ingress","caller":"ingress/ingress_handler.go:120","msg":"Error retrieving TTL, defaulting.","commit":"7655d9c","error":"\"knativebrokerttl\" not found"}
{"level":"info","ts":"2019-12-03T21:04:49.024Z","logger":"broker_ingress","caller":"ingress/ingress_handler.go:120","msg":"Error retrieving TTL, defaulting.","commit":"7655d9c","error":"\"knativebrokerttl\" not found"}
{"level":"info","ts":"2019-12-03T21:04:49.024Z","logger":"broker_ingress","caller":"ingress/ingress_handler.go:120","msg":"Error retrieving TTL, defaulting.","commit":"7655d9c","error":"\"knativebrokerttl\" not found"}
{"level":"info","ts":"2019-12-03T21:04:49.033Z","logger":"broker_ingress","caller":"ingress/ingress_handler.go:120","msg":"Error retrieving TTL, defaulting.","commit":"7655d9c","error":"\"knativebrokerttl\" not found"}
{"level":"info","ts":"2019-12-03T21:04:49.033Z","logger":"broker_ingress","caller":"ingress/ingress_handler.go:120","msg":"Error retrieving TTL, defaulting.","commit":"7655d9c","error":"\"knativebrokerttl\" not found"}
{"level":"info","ts":"2019-12-03T21:04:49.033Z","logger":"broker_ingress","caller":"ingress/ingress_handler.go:120","msg":"Error retrieving TTL, defaulting.","commit":"7655d9c","error":"\"knativebrokerttl\" not found"}
{"level":"info","ts":"2019-12-03T21:04:49.035Z","logger":"broker_ingress","caller":"ingress/ingress_handler.go:120","msg":"Error retrieving TTL, defaulting.","commit":"7655d9c","error":"\"knativebrokerttl\" not found"}
{"level":"info","ts":"2019-12-03T21:04:48.840Z","logger":"broker_ingress","caller":"ingress/ingress_handler.go:120","msg":"Error retrieving TTL, defaulting.","commit":"7655d9c","error":"\"knativebrokerttl\" not found"}
{"level":"info","ts":"2019-12-03T21:04:49.035Z","logger":"broker_ingress","caller":"ingress/ingress_handler.go:120","msg":"Error retrieving TTL, defaulting.","commit":"7655d9c","error":"\"knativebrokerttl\" not found"}
{"level":"info","ts":"2019-12-03T21:04:49.035Z","logger":"broker_ingress","caller":"ingress/ingress_handler.go:120","msg":"Error retrieving TTL, defaulting.","commit":"7655d9c","error":"\"knativebrokerttl\" not found"}
{"level":"info","ts":"2019-12-03T21:04:49.038Z","logger":"broker_ingress","caller":"ingress/ingress_handler.go:120","msg":"Error retrieving TTL, defaulting.","commit":"7655d9c","error":"\"knativebrokerttl\" not found"}
{"level":"info","ts":"2019-12-03T21:04:49.040Z","logger":"broker_ingress","caller":"ingress/ingress_handler.go:120","msg":"Error retrieving TTL, defaulting.","commit":"7655d9c","error":"\"knativebrokerttl\" not found"}
{"level":"info","ts":"2019-12-03T21:04:49.040Z","logger":"broker_ingress","caller":"ingress/ingress_handler.go:120","msg":"Error retrieving TTL, defaulting.","commit":"7655d9c","error":"\"knativebrokerttl\" not found"}
{"level":"info","ts":"2019-12-03T21:04:49.040Z","logger":"broker_ingress","caller":"ingress/ingress_handler.go:120","msg":"Error retrieving TTL, defaulting.","commit":"7655d9c","error":"\"knativebrokerttl\" not found"}
{"level":"info","ts":"2019-12-03T21:04:49.040Z","logger":"broker_ingress","caller":"ingress/ingress_handler.go:120","msg":"Error retrieving TTL, defaulting.","commit":"7655d9c","error":"\"knativebrokerttl\" not found"}
{"level":"info","ts":"2019-12-03T21:04:49.041Z","logger":"broker_ingress","caller":"ingress/ingress_handler.go:120","msg":"Error retrieving TTL, defaulting.","commit":"7655d9c","error":"\"knativebrokerttl\" not found"}
{"level":"info","ts":"2019-12-03T21:04:49.041Z","logger":"broker_ingress","caller":"ingress/ingress_handler.go:120","msg":"Error retrieving TTL, defaulting.","commit":"7655d9c","error":"\"knativebrokerttl\" not found"}
{"level":"info","ts":"2019-12-03T21:04:49.041Z","logger":"broker_ingress","caller":"ingress/ingress_handler.go:120","msg":"Error retrieving TTL, defaulting.","commit":"7655d9c","error":"\"knativebrokerttl\" not found"}
{"level":"info","ts":"2019-12-03T21:04:49.042Z","logger":"broker_ingress","caller":"ingress/ingress_handler.go:120","msg":"Error retrieving TTL, defaulting.","commit":"7655d9c","error":"\"knativebrokerttl\" not found"}
{"level":"info","ts":"2019-12-03T21:04:49.042Z","logger":"broker_ingress","caller":"ingress/ingress_handler.go:120","msg":"Error retrieving TTL, defaulting.","commit":"7655d9c","error":"\"knativebrokerttl\" not found"}
{"level":"info","ts":"2019-12-03T21:04:49.042Z","logger":"broker_ingress","caller":"ingress/ingress_handler.go:120","msg":"Error retrieving TTL, defaulting.","commit":"7655d9c","error":"\"knativebrokerttl\" not found"}
{"level":"info","ts":"2019-12-03T21:04:49.050Z","logger":"broker_ingress","caller":"ingress/ingress_handler.go:120","msg":"Error retrieving TTL, defaulting.","commit":"7655d9c","error":"\"knativebrokerttl\" not found"}
{"level":"info","ts":"2019-12-03T21:04:49.050Z","logger":"broker_ingress","caller":"ingress/ingress_handler.go:120","msg":"Error retrieving TTL, defaulting.","commit":"7655d9c","error":"\"knativebrokerttl\" not found"}
{"level":"info","ts":"2019-12-03T21:04:49.050Z","logger":"broker_ingress","caller":"ingress/ingress_handler.go:120","msg":"Error retrieving TTL, defaulting.","commit":"7655d9c","error":"\"knativebrokerttl\" not found"}
{"level":"info","ts":"2019-12-03T21:04:49.050Z","logger":"broker_ingress","caller":"ingress/ingress_handler.go:120","msg":"Error retrieving TTL, defaulting.","commit":"7655d9c","error":"\"knativebrokerttl\" not found"}
{"level":"info","ts":"2019-12-03T21:04:49.051Z","logger":"broker_ingress","caller":"ingress/ingress_handler.go:120","msg":"Error retrieving TTL, defaulting.","commit":"7655d9c","error":"\"knativebrokerttl\" not found"}
{"level":"info","ts":"2019-12-03T21:04:49.053Z","logger":"broker_ingress","caller":"ingress/ingress_handler.go:120","msg":"Error retrieving TTL, defaulting.","commit":"7655d9c","error":"\"knativebrokerttl\" not found"}
{"level":"info","ts":"2019-12-03T21:04:49.053Z","logger":"broker_ingress","caller":"ingress/ingress_handler.go:120","msg":"Error retrieving TTL, defaulting.","commit":"7655d9c","error":"\"knativebrokerttl\" not found"}
{"level":"info","ts":"2019-12-03T21:04:49.053Z","logger":"broker_ingress","caller":"ingress/ingress_handler.go:120","msg":"Error retrieving TTL, defaulting.","commit":"7655d9c","error":"\"knativebrokerttl\" not found"}
{"level":"info","ts":"2019-12-03T21:04:49.057Z","logger":"broker_ingress","caller":"ingress/ingress_handler.go:120","msg":"Error retrieving TTL, defaulting.","commit":"7655d9c","error":"\"knativebrokerttl\" not found"}
{"level":"info","ts":"2019-12-03T21:04:49.057Z","logger":"broker_ingress","caller":"ingress/ingress_handler.go:120","msg":"Error retrieving TTL, defaulting.","commit":"7655d9c","error":"\"knativebrokerttl\" not found"}
{"level":"info","ts":"2019-12-03T21:04:49.057Z","logger":"broker_ingress","caller":"ingress/ingress_handler.go:120","msg":"Error retrieving TTL, defaulting.","commit":"7655d9c","error":"\"knativebrokerttl\" not found"}
{"level":"info","ts":"2019-12-03T21:04:49.058Z","logger":"broker_ingress","caller":"ingress/ingress_handler.go:120","msg":"Error retrieving TTL, defaulting.","commit":"7655d9c","error":"\"knativebrokerttl\" not found"}
{"level":"info","ts":"2019-12-03T21:04:49.061Z","logger":"broker_ingress","caller":"ingress/ingress_handler.go:120","msg":"Error retrieving TTL, defaulting.","commit":"7655d9c","error":"\"knativebrokerttl\" not found"}
{"level":"info","ts":"2019-12-03T21:04:49.062Z","logger":"broker_ingress","caller":"ingress/ingress_handler.go:120","msg":"Error retrieving TTL, defaulting.","commit":"7655d9c","error":"\"knativebrokerttl\" not found"}
{"level":"info","ts":"2019-12-03T21:04:49.062Z","logger":"broker_ingress","caller":"ingress/ingress_handler.go:120","msg":"Error retrieving TTL, defaulting.","commit":"7655d9c","error":"\"knativebrokerttl\" not found"}
{"level":"info","ts":"2019-12-03T21:04:49.063Z","logger":"broker_ingress","caller":"ingress/ingress_handler.go:120","msg":"Error retrieving TTL, defaulting.","commit":"7655d9c","error":"\"knativebrokerttl\" not found"}
{"level":"info","ts":"2019-12-03T21:04:49.063Z","logger":"broker_ingress","caller":"ingress/ingress_handler.go:120","msg":"Error retrieving TTL, defaulting.","commit":"7655d9c","error":"\"knativebrokerttl\" not found"}
{"level":"info","ts":"2019-12-03T21:04:49.063Z","logger":"broker_ingress","caller":"ingress/ingress_handler.go:120","msg":"Error retrieving TTL, defaulting.","commit":"7655d9c","error":"\"knativebrokerttl\" not found"}
{"level":"info","ts":"2019-12-03T21:04:49.064Z","logger":"broker_ingress","caller":"ingress/ingress_handler.go:120","msg":"Error retrieving TTL, defaulting.","commit":"7655d9c","error":"\"knativebrokerttl\" not found"}
{"level":"info","ts":"2019-12-03T21:04:49.064Z","logger":"broker_ingress","caller":"ingress/ingress_handler.go:120","msg":"Error retrieving TTL, defaulting.","commit":"7655d9c","error":"\"knativebrokerttl\" not found"}
{"level":"info","ts":"2019-12-03T21:04:49.064Z","logger":"broker_ingress","caller":"ingress/ingress_handler.go:120","msg":"Error retrieving TTL, defaulting.","commit":"7655d9c","error":"\"knativebrokerttl\" not found"}
{"level":"info","ts":"2019-12-03T21:04:49.064Z","logger":"broker_ingress","caller":"ingress/ingress_handler.go:120","msg":"Error retrieving TTL, defaulting.","commit":"7655d9c","error":"\"knativebrokerttl\" not found"}
{"level":"info","ts":"2019-12-03T21:04:49.064Z","logger":"broker_ingress","caller":"ingress/ingress_handler.go:120","msg":"Error retrieving TTL, defaulting.","commit":"7655d9c","error":"\"knativebrokerttl\" not found"}
{"level":"info","ts":"2019-12-03T21:04:49.069Z","logger":"broker_ingress","caller":"ingress/ingress_handler.go:120","msg":"Error retrieving TTL, defaulting.","commit":"7655d9c","error":"\"knativebrokerttl\" not found"}
{"level":"info","ts":"2019-12-03T21:04:49.069Z","logger":"broker_ingress","caller":"ingress/ingress_handler.go:120","msg":"Error retrieving TTL, defaulting.","commit":"7655d9c","error":"\"knativebrokerttl\" not found"}
{"level":"info","ts":"2019-12-03T21:04:49.072Z","logger":"broker_ingress","caller":"ingress/ingress_handler.go:120","msg":"Error retrieving TTL, defaulting.","commit":"7655d9c","error":"\"knativebrokerttl\" not found"}
{"level":"info","ts":"2019-12-03T21:04:49.073Z","logger":"broker_ingress","caller":"ingress/ingress_handler.go:120","msg":"Error retrieving TTL, defaulting.","commit":"7655d9c","error":"\"knativebrokerttl\" not found"}
{"level":"info","ts":"2019-12-03T21:04:49.073Z","logger":"broker_ingress","caller":"ingress/ingress_handler.go:120","msg":"Error retrieving TTL, defaulting.","commit":"7655d9c","error":"\"knativebrokerttl\" not found"}
{"level":"info","ts":"2019-12-03T21:04:49.073Z","logger":"broker_ingress","caller":"ingress/ingress_handler.go:120","msg":"Error retrieving TTL, defaulting.","commit":"7655d9c","error":"\"knativebrokerttl\" not found"}
{"level":"info","ts":"2019-12-03T21:04:49.073Z","logger":"broker_ingress","caller":"ingress/ingress_handler.go:120","msg":"Error retrieving TTL, defaulting.","commit":"7655d9c","error":"\"knativebrokerttl\" not found"}
{"level":"info","ts":"2019-12-03T21:04:49.073Z","logger":"broker_ingress","caller":"ingress/ingress_handler.go:120","msg":"Error retrieving TTL, defaulting.","commit":"7655d9c","error":"\"knativebrokerttl\" not found"}
{"level":"info","ts":"2019-12-03T21:04:49.073Z","logger":"broker_ingress","caller":"ingress/ingress_handler.go:120","msg":"Error retrieving TTL, defaulting.","commit":"7655d9c","error":"\"knativebrokerttl\" not found"}
{"level":"info","ts":"2019-12-03T21:04:49.074Z","logger":"broker_ingress","caller":"ingress/ingress_handler.go:120","msg":"Error retrieving TTL, defaulting.","commit":"7655d9c","error":"\"knativebrokerttl\" not found"}
{"level":"info","ts":"2019-12-03T21:04:49.065Z","logger":"broker_ingress","caller":"ingress/ingress_handler.go:120","msg":"Error retrieving TTL, defaulting.","commit":"7655d9c","error":"\"knativebrokerttl\" not found"}
{"level":"info","ts":"2019-12-03T21:04:49.074Z","logger":"broker_ingress","caller":"ingress/ingress_handler.go:120","msg":"Error retrieving TTL, defaulting.","commit":"7655d9c","error":"\"knativebrokerttl\" not found"}
{"level":"info","ts":"2019-12-03T21:04:49.074Z","logger":"broker_ingress","caller":"ingress/ingress_handler.go:120","msg":"Error retrieving TTL, defaulting.","commit":"7655d9c","error":"\"knativebrokerttl\" not found"}
{"level":"info","ts":"2019-12-03T21:04:49.074Z","logger":"broker_ingress","caller":"ingress/ingress_handler.go:120","msg":"Error retrieving TTL, defaulting.","commit":"7655d9c","error":"\"knativebrokerttl\" not found"}
{"level":"info","ts":"2019-12-03T21:04:49.075Z","logger":"broker_ingress","caller":"ingress/ingress_handler.go:120","msg":"Error retrieving TTL, defaulting.","commit":"7655d9c","error":"\"knativebrokerttl\" not found"}
{"level":"info","ts":"2019-12-03T21:04:49.075Z","logger":"broker_ingress","caller":"ingress/ingress_handler.go:120","msg":"Error retrieving TTL, defaulting.","commit":"7655d9c","error":"\"knativebrokerttl\" not found"}
{"level":"info","ts":"2019-12-03T21:04:49.075Z","logger":"broker_ingress","caller":"ingress/ingress_handler.go:120","msg":"Error retrieving TTL, defaulting.","commit":"7655d9c","error":"\"knativebrokerttl\" not found"}
{"level":"info","ts":"2019-12-03T21:04:49.075Z","logger":"broker_ingress","caller":"ingress/ingress_handler.go:120","msg":"Error retrieving TTL, defaulting.","commit":"7655d9c","error":"\"knativebrokerttl\" not found"}
{"level":"info","ts":"2019-12-03T21:04:49.075Z","logger":"broker_ingress","caller":"ingress/ingress_handler.go:120","msg":"Error retrieving TTL, defaulting.","commit":"7655d9c","error":"\"knativebrokerttl\" not found"}
{"level":"info","ts":"2019-12-03T21:04:49.075Z","logger":"broker_ingress","caller":"ingress/ingress_handler.go:120","msg":"Error retrieving TTL, defaulting.","commit":"7655d9c","error":"\"knativebrokerttl\" not found"}
{"level":"info","ts":"2019-12-03T21:04:49.076Z","logger":"broker_ingress","caller":"ingress/ingress_handler.go:120","msg":"Error retrieving TTL, defaulting.","commit":"7655d9c","error":"\"knativebrokerttl\" not found"}
{"level":"info","ts":"2019-12-03T21:04:49.077Z","logger":"broker_ingress","caller":"ingress/ingress_handler.go:120","msg":"Error retrieving TTL, defaulting.","commit":"7655d9c","error":"\"knativebrokerttl\" not found"}
{"level":"info","ts":"2019-12-03T21:04:49.077Z","logger":"broker_ingress","caller":"ingress/ingress_handler.go:120","msg":"Error retrieving TTL, defaulting.","commit":"7655d9c","error":"\"knativebrokerttl\" not found"}
{"level":"info","ts":"2019-12-03T21:04:49.077Z","logger":"broker_ingress","caller":"ingress/ingress_handler.go:120","msg":"Error retrieving TTL, defaulting.","commit":"7655d9c","error":"\"knativebrokerttl\" not found"}
{"level":"info","ts":"2019-12-03T21:04:49.077Z","logger":"broker_ingress","caller":"ingress/ingress_handler.go:120","msg":"Error retrieving TTL, defaulting.","commit":"7655d9c","error":"\"knativebrokerttl\" not found"}
{"level":"info","ts":"2019-12-03T21:04:49.077Z","logger":"broker_ingress","caller":"ingress/ingress_handler.go:120","msg":"Error retrieving TTL, defaulting.","commit":"7655d9c","error":"\"knativebrokerttl\" not found"}
{"level":"info","ts":"2019-12-03T21:04:49.078Z","logger":"broker_ingress","caller":"ingress/ingress_handler.go:120","msg":"Error retrieving TTL, defaulting.","commit":"7655d9c","error":"\"knativebrokerttl\" not found"}
{"level":"info","ts":"2019-12-03T21:04:49.080Z","logger":"broker_ingress","caller":"ingress/ingress_handler.go:120","msg":"Error retrieving TTL, defaulting.","commit":"7655d9c","error":"\"knativebrokerttl\" not found"}
{"level":"info","ts":"2019-12-03T21:04:49.080Z","logger":"broker_ingress","caller":"ingress/ingress_handler.go:120","msg":"Error retrieving TTL, defaulting.","commit":"7655d9c","error":"\"knativebrokerttl\" not found"}
{"level":"info","ts":"2019-12-03T21:04:49.080Z","logger":"broker_ingress","caller":"ingress/ingress_handler.go:120","msg":"Error retrieving TTL, defaulting.","commit":"7655d9c","error":"\"knativebrokerttl\" not found"}
{"level":"info","ts":"2019-12-03T21:04:49.080Z","logger":"broker_ingress","caller":"ingress/ingress_handler.go:120","msg":"Error retrieving TTL, defaulting.","commit":"7655d9c","error":"\"knativebrokerttl\" not found"}
{"level":"info","ts":"2019-12-03T21:04:49.081Z","logger":"broker_ingress","caller":"ingress/ingress_handler.go:120","msg":"Error retrieving TTL, defaulting.","commit":"7655d9c","error":"\"knativebrokerttl\" not found"}
{"level":"info","ts":"2019-12-03T21:04:49.081Z","logger":"broker_ingress","caller":"ingress/ingress_handler.go:120","msg":"Error retrieving TTL, defaulting.","commit":"7655d9c","error":"\"knativebrokerttl\" not found"}
{"level":"info","ts":"2019-12-03T21:04:49.081Z","logger":"broker_ingress","caller":"ingress/ingress_handler.go:120","msg":"Error retrieving TTL, defaulting.","commit":"7655d9c","error":"\"knativebrokerttl\" not found"}
{"level":"info","ts":"2019-12-03T21:04:49.081Z","logger":"broker_ingress","caller":"ingress/ingress_handler.go:120","msg":"Error retrieving TTL, defaulting.","commit":"7655d9c","error":"\"knativebrokerttl\" not found"}
{"level":"info","ts":"2019-12-03T21:04:49.081Z","logger":"broker_ingress","caller":"ingress/ingress_handler.go:120","msg":"Error retrieving TTL, defaulting.","commit":"7655d9c","error":"\"knativebrokerttl\" not found"}
{"level":"info","ts":"2019-12-03T21:04:49.081Z","logger":"broker_ingress","caller":"ingress/ingress_handler.go:120","msg":"Error retrieving TTL, defaulting.","commit":"7655d9c","error":"\"knativebrokerttl\" not found"}
{"level":"info","ts":"2019-12-03T21:04:49.082Z","logger":"broker_ingress","caller":"ingress/ingress_handler.go:120","msg":"Error retrieving TTL, defaulting.","commit":"7655d9c","error":"\"knativebrokerttl\" not found"}
{"level":"info","ts":"2019-12-03T21:04:49.082Z","logger":"broker_ingress","caller":"ingress/ingress_handler.go:120","msg":"Error retrieving TTL, defaulting.","commit":"7655d9c","error":"\"knativebrokerttl\" not found"}
{"level":"info","ts":"2019-12-03T21:04:49.082Z","logger":"broker_ingress","caller":"ingress/ingress_handler.go:120","msg":"Error retrieving TTL, defaulting.","commit":"7655d9c","error":"\"knativebrokerttl\" not found"}
{"level":"info","ts":"2019-12-03T21:04:49.082Z","logger":"broker_ingress","caller":"ingress/ingress_handler.go:120","msg":"Error retrieving TTL, defaulting.","commit":"7655d9c","error":"\"knativebrokerttl\" not found"}
{"level":"info","ts":"2019-12-03T21:04:49.082Z","logger":"broker_ingress","caller":"ingress/ingress_handler.go:120","msg":"Error retrieving TTL, defaulting.","commit":"7655d9c","error":"\"knativebrokerttl\" not found"}
{"level":"info","ts":"2019-12-03T21:04:49.082Z","logger":"broker_ingress","caller":"ingress/ingress_handler.go:120","msg":"Error retrieving TTL, defaulting.","commit":"7655d9c","error":"\"knativebrokerttl\" not found"}
{"level":"info","ts":"2019-12-03T21:04:49.083Z","logger":"broker_ingress","caller":"ingress/ingress_handler.go:120","msg":"Error retrieving TTL, defaulting.","commit":"7655d9c","error":"\"knativebrokerttl\" not found"}
{"level":"info","ts":"2019-12-03T21:04:49.083Z","logger":"broker_ingress","caller":"ingress/ingress_handler.go:120","msg":"Error retrieving TTL, defaulting.","commit":"7655d9c","error":"\"knativebrokerttl\" not found"}
{"level":"info","ts":"2019-12-03T21:04:49.083Z","logger":"broker_ingress","caller":"ingress/ingress_handler.go:120","msg":"Error retrieving TTL, defaulting.","commit":"7655d9c","error":"\"knativebrokerttl\" not found"}
{"level":"info","ts":"2019-12-03T21:04:49.083Z","logger":"broker_ingress","caller":"ingress/ingress_handler.go:120","msg":"Error retrieving TTL, defaulting.","commit":"7655d9c","error":"\"knativebrokerttl\" not found"}
{"level":"info","ts":"2019-12-03T21:04:49.083Z","logger":"broker_ingress","caller":"ingress/ingress_handler.go:120","msg":"Error retrieving TTL, defaulting.","commit":"7655d9c","error":"\"knativebrokerttl\" not found"}
{"level":"info","ts":"2019-12-03T21:04:49.076Z","logger":"broker_ingress","caller":"ingress/ingress_handler.go:120","msg":"Error retrieving TTL, defaulting.","commit":"7655d9c","error":"\"knativebrokerttl\" not found"}
{"level":"info","ts":"2019-12-03T21:04:49.086Z","logger":"broker_ingress","caller":"ingress/ingress_handler.go:120","msg":"Error retrieving TTL, defaulting.","commit":"7655d9c","error":"\"knativebrokerttl\" not found"}
{"level":"info","ts":"2019-12-03T21:04:49.086Z","logger":"broker_ingress","caller":"ingress/ingress_handler.go:120","msg":"Error retrieving TTL, defaulting.","commit":"7655d9c","error":"\"knativebrokerttl\" not found"}
{"level":"info","ts":"2019-12-03T21:04:49.087Z","logger":"broker_ingress","caller":"ingress/ingress_handler.go:120","msg":"Error retrieving TTL, defaulting.","commit":"7655d9c","error":"\"knativebrokerttl\" not found"}
{"level":"info","ts":"2019-12-03T21:04:49.087Z","logger":"broker_ingress","caller":"ingress/ingress_handler.go:120","msg":"Error retrieving TTL, defaulting.","commit":"7655d9c","error":"\"knativebrokerttl\" not found"}
{"level":"info","ts":"2019-12-03T21:04:49.087Z","logger":"broker_ingress","caller":"ingress/ingress_handler.go:120","msg":"Error retrieving TTL, defaulting.","commit":"7655d9c","error":"\"knativebrokerttl\" not found"}
{"level":"info","ts":"2019-12-03T21:04:49.087Z","logger":"broker_ingress","caller":"ingress/ingress_handler.go:120","msg":"Error retrieving TTL, defaulting.","commit":"7655d9c","error":"\"knativebrokerttl\" not found"}
{"level":"info","ts":"2019-12-03T21:04:49.088Z","logger":"broker_ingress","caller":"ingress/ingress_handler.go:120","msg":"Error retrieving TTL, defaulting.","commit":"7655d9c","error":"\"knativebrokerttl\" not found"}
{"level":"info","ts":"2019-12-03T21:04:49.088Z","logger":"broker_ingress","caller":"ingress/ingress_handler.go:120","msg":"Error retrieving TTL, defaulting.","commit":"7655d9c","error":"\"knativebrokerttl\" not found"}
{"level":"info","ts":"2019-12-03T21:04:49.088Z","logger":"broker_ingress","caller":"ingress/ingress_handler.go:120","msg":"Error retrieving TTL, defaulting.","commit":"7655d9c","error":"\"knativebrokerttl\" not found"}
{"level":"info","ts":"2019-12-03T21:04:49.088Z","logger":"broker_ingress","caller":"ingress/ingress_handler.go:120","msg":"Error retrieving TTL, defaulting.","commit":"7655d9c","error":"\"knativebrokerttl\" not found"}
{"level":"info","ts":"2019-12-03T21:04:49.088Z","logger":"broker_ingress","caller":"ingress/ingress_handler.go:120","msg":"Error retrieving TTL, defaulting.","commit":"7655d9c","error":"\"knativebrokerttl\" not found"}
{"level":"info","ts":"2019-12-03T21:04:49.088Z","logger":"broker_ingress","caller":"ingress/ingress_handler.go:120","msg":"Error retrieving TTL, defaulting.","commit":"7655d9c","error":"\"knativebrokerttl\" not found"}
{"level":"info","ts":"2019-12-03T21:04:49.089Z","logger":"broker_ingress","caller":"ingress/ingress_handler.go:120","msg":"Error retrieving TTL, defaulting.","commit":"7655d9c","error":"\"knativebrokerttl\" not found"}
{"level":"info","ts":"2019-12-03T21:04:49.089Z","logger":"broker_ingress","caller":"ingress/ingress_handler.go:120","msg":"Error retrieving TTL, defaulting.","commit":"7655d9c","error":"\"knativebrokerttl\" not found"}
{"level":"info","ts":"2019-12-03T21:04:49.090Z","logger":"broker_ingress","caller":"ingress/ingress_handler.go:120","msg":"Error retrieving TTL, defaulting.","commit":"7655d9c","error":"\"knativebrokerttl\" not found"}
{"level":"info","ts":"2019-12-03T21:04:49.090Z","logger":"broker_ingress","caller":"ingress/ingress_handler.go:120","msg":"Error retrieving TTL, defaulting.","commit":"7655d9c","error":"\"knativebrokerttl\" not found"}
{"level":"info","ts":"2019-12-03T21:04:49.090Z","logger":"broker_ingress","caller":"ingress/ingress_handler.go:120","msg":"Error retrieving TTL, defaulting.","commit":"7655d9c","error":"\"knativebrokerttl\" not found"}
{"level":"info","ts":"2019-12-03T21:04:49.090Z","logger":"broker_ingress","caller":"ingress/ingress_handler.go:120","msg":"Error retrieving TTL, defaulting.","commit":"7655d9c","error":"\"knativebrokerttl\" not found"}
{"level":"info","ts":"2019-12-03T21:04:49.091Z","logger":"broker_ingress","caller":"ingress/ingress_handler.go:120","msg":"Error retrieving TTL, defaulting.","commit":"7655d9c","error":"\"knativebrokerttl\" not found"}
{"level":"info","ts":"2019-12-03T21:04:49.091Z","logger":"broker_ingress","caller":"ingress/ingress_handler.go:120","msg":"Error retrieving TTL, defaulting.","commit":"7655d9c","error":"\"knativebrokerttl\" not found"}
{"level":"info","ts":"2019-12-03T21:04:49.092Z","logger":"broker_ingress","caller":"ingress/ingress_handler.go:120","msg":"Error retrieving TTL, defaulting.","commit":"7655d9c","error":"\"knativebrokerttl\" not found"}
{"level":"info","ts":"2019-12-03T21:04:49.092Z","logger":"broker_ingress","caller":"ingress/ingress_handler.go:120","msg":"Error retrieving TTL, defaulting.","commit":"7655d9c","error":"\"knativebrokerttl\" not found"}
{"level":"info","ts":"2019-12-03T21:04:49.092Z","logger":"broker_ingress","caller":"ingress/ingress_handler.go:120","msg":"Error retrieving TTL, defaulting.","commit":"7655d9c","error":"\"knativebrokerttl\" not found"}
{"level":"info","ts":"2019-12-03T21:04:49.093Z","logger":"broker_ingress","caller":"ingress/ingress_handler.go:120","msg":"Error retrieving TTL, defaulting.","commit":"7655d9c","error":"\"knativebrokerttl\" not found"}
{"level":"info","ts":"2019-12-03T21:04:49.093Z","logger":"broker_ingress","caller":"ingress/ingress_handler.go:120","msg":"Error retrieving TTL, defaulting.","commit":"7655d9c","error":"\"knativebrokerttl\" not found"}
{"level":"info","ts":"2019-12-03T21:04:49.093Z","logger":"broker_ingress","caller":"ingress/ingress_handler.go:120","msg":"Error retrieving TTL, defaulting.","commit":"7655d9c","error":"\"knativebrokerttl\" not found"}
{"level":"info","ts":"2019-12-03T21:04:49.093Z","logger":"broker_ingress","caller":"ingress/ingress_handler.go:120","msg":"Error retrieving TTL, defaulting.","commit":"7655d9c","error":"\"knativebrokerttl\" not found"}
{"level":"info","ts":"2019-12-03T21:04:49.094Z","logger":"broker_ingress","caller":"ingress/ingress_handler.go:120","msg":"Error retrieving TTL, defaulting.","commit":"7655d9c","error":"\"knativebrokerttl\" not found"}
{"level":"info","ts":"2019-12-03T21:04:49.094Z","logger":"broker_ingress","caller":"ingress/ingress_handler.go:120","msg":"Error retrieving TTL, defaulting.","commit":"7655d9c","error":"\"knativebrokerttl\" not found"}
{"level":"info","ts":"2019-12-03T21:04:49.094Z","logger":"broker_ingress","caller":"ingress/ingress_handler.go:120","msg":"Error retrieving TTL, defaulting.","commit":"7655d9c","error":"\"knativebrokerttl\" not found"}
{"level":"info","ts":"2019-12-03T21:04:49.095Z","logger":"broker_ingress","caller":"ingress/ingress_handler.go:120","msg":"Error retrieving TTL, defaulting.","commit":"7655d9c","error":"\"knativebrokerttl\" not found"}
{"level":"info","ts":"2019-12-03T21:04:49.095Z","logger":"broker_ingress","caller":"ingress/ingress_handler.go:120","msg":"Error retrieving TTL, defaulting.","commit":"7655d9c","error":"\"knativebrokerttl\" not found"}
{"level":"info","ts":"2019-12-03T21:04:49.095Z","logger":"broker_ingress","caller":"ingress/ingress_handler.go:120","msg":"Error retrieving TTL, defaulting.","commit":"7655d9c","error":"\"knativebrokerttl\" not found"}
{"level":"info","ts":"2019-12-03T21:04:49.100Z","logger":"broker_ingress","caller":"ingress/ingress_handler.go:120","msg":"Error retrieving TTL, defaulting.","commit":"7655d9c","error":"\"knativebrokerttl\" not found"}
{"level":"info","ts":"2019-12-03T21:04:49.100Z","logger":"broker_ingress","caller":"ingress/ingress_handler.go:120","msg":"Error retrieving TTL, defaulting.","commit":"7655d9c","error":"\"knativebrokerttl\" not found"}
{"level":"info","ts":"2019-12-03T21:04:49.100Z","logger":"broker_ingress","caller":"ingress/ingress_handler.go:120","msg":"Error retrieving TTL, defaulting.","commit":"7655d9c","error":"\"knativebrokerttl\" not found"}
{"level":"info","ts":"2019-12-03T21:04:49.100Z","logger":"broker_ingress","caller":"ingress/ingress_handler.go:120","msg":"Error retrieving TTL, defaulting.","commit":"7655d9c","error":"\"knativebrokerttl\" not found"}
{"level":"info","ts":"2019-12-03T21:04:49.100Z","logger":"broker_ingress","caller":"ingress/ingress_handler.go:120","msg":"Error retrieving TTL, defaulting.","commit":"7655d9c","error":"\"knativebrokerttl\" not found"}
{"level":"info","ts":"2019-12-03T21:04:49.100Z","logger":"broker_ingress","caller":"ingress/ingress_handler.go:120","msg":"Error retrieving TTL, defaulting.","commit":"7655d9c","error":"\"knativebrokerttl\" not found"}
{"level":"info","ts":"2019-12-03T21:04:49.101Z","logger":"broker_ingress","caller":"ingress/ingress_handler.go:120","msg":"Error retrieving TTL, defaulting.","commit":"7655d9c","error":"\"knativebrokerttl\" not found"}
{"level":"info","ts":"2019-12-03T21:04:49.101Z","logger":"broker_ingress","caller":"ingress/ingress_handler.go:120","msg":"Error retrieving TTL, defaulting.","commit":"7655d9c","error":"\"knativebrokerttl\" not found"}
{"level":"info","ts":"2019-12-03T21:04:49.101Z","logger":"broker_ingress","caller":"ingress/ingress_handler.go:120","msg":"Error retrieving TTL, defaulting.","commit":"7655d9c","error":"\"knativebrokerttl\" not found"}
{"level":"info","ts":"2019-12-03T21:04:49.101Z","logger":"broker_ingress","caller":"ingress/ingress_handler.go:120","msg":"Error retrieving TTL, defaulting.","commit":"7655d9c","error":"\"knativebrokerttl\" not found"}
{"level":"info","ts":"2019-12-03T21:04:49.101Z","logger":"broker_ingress","caller":"ingress/ingress_handler.go:120","msg":"Error retrieving TTL, defaulting.","commit":"7655d9c","error":"\"knativebrokerttl\" not found"}
{"level":"info","ts":"2019-12-03T21:04:49.101Z","logger":"broker_ingress","caller":"ingress/ingress_handler.go:120","msg":"Error retrieving TTL, defaulting.","commit":"7655d9c","error":"\"knativebrokerttl\" not found"}
{"level":"info","ts":"2019-12-03T21:04:49.102Z","logger":"broker_ingress","caller":"ingress/ingress_handler.go:120","msg":"Error retrieving TTL, defaulting.","commit":"7655d9c","error":"\"knativebrokerttl\" not found"}
{"level":"info","ts":"2019-12-03T21:04:49.102Z","logger":"broker_ingress","caller":"ingress/ingress_handler.go:120","msg":"Error retrieving TTL, defaulting.","commit":"7655d9c","error":"\"knativebrokerttl\" not found"}
{"level":"info","ts":"2019-12-03T21:04:49.102Z","logger":"broker_ingress","caller":"ingress/ingress_handler.go:120","msg":"Error retrieving TTL, defaulting.","commit":"7655d9c","error":"\"knativebrokerttl\" not found"}
{"level":"info","ts":"2019-12-03T21:04:49.102Z","logger":"broker_ingress","caller":"ingress/ingress_handler.go:120","msg":"Error retrieving TTL, defaulting.","commit":"7655d9c","error":"\"knativebrokerttl\" not found"}
{"level":"info","ts":"2019-12-03T21:04:49.102Z","logger":"broker_ingress","caller":"ingress/ingress_handler.go:120","msg":"Error retrieving TTL, defaulting.","commit":"7655d9c","error":"\"knativebrokerttl\" not found"}
{"level":"info","ts":"2019-12-03T21:04:49.103Z","logger":"broker_ingress","caller":"ingress/ingress_handler.go:120","msg":"Error retrieving TTL, defaulting.","commit":"7655d9c","error":"\"knativebrokerttl\" not found"}
{"level":"info","ts":"2019-12-03T21:04:49.103Z","logger":"broker_ingress","caller":"ingress/ingress_handler.go:120","msg":"Error retrieving TTL, defaulting.","commit":"7655d9c","error":"\"knativebrokerttl\" not found"}
{"level":"info","ts":"2019-12-03T21:04:49.103Z","logger":"broker_ingress","caller":"ingress/ingress_handler.go:120","msg":"Error retrieving TTL, defaulting.","commit":"7655d9c","error":"\"knativebrokerttl\" not found"}
{"level":"info","ts":"2019-12-03T21:04:49.103Z","logger":"broker_ingress","caller":"ingress/ingress_handler.go:120","msg":"Error retrieving TTL, defaulting.","commit":"7655d9c","error":"\"knativebrokerttl\" not found"}
{"level":"info","ts":"2019-12-03T21:04:49.103Z","logger":"broker_ingress","caller":"ingress/ingress_handler.go:120","msg":"Error retrieving TTL, defaulting.","commit":"7655d9c","error":"\"knativebrokerttl\" not found"}
{"level":"info","ts":"2019-12-03T21:04:49.104Z","logger":"broker_ingress","caller":"ingress/ingress_handler.go:120","msg":"Error retrieving TTL, defaulting.","commit":"7655d9c","error":"\"knativebrokerttl\" not found"}
{"level":"info","ts":"2019-12-03T21:04:49.104Z","logger":"broker_ingress","caller":"ingress/ingress_handler.go:120","msg":"Error retrieving TTL, defaulting.","commit":"7655d9c","error":"\"knativebrokerttl\" not found"}
{"level":"info","ts":"2019-12-03T21:04:49.104Z","logger":"broker_ingress","caller":"ingress/ingress_handler.go:120","msg":"Error retrieving TTL, defaulting.","commit":"7655d9c","error":"\"knativebrokerttl\" not found"}
{"level":"info","ts":"2019-12-03T21:04:49.104Z","logger":"broker_ingress","caller":"ingress/ingress_handler.go:120","msg":"Error retrieving TTL, defaulting.","commit":"7655d9c","error":"\"knativebrokerttl\" not found"}
{"level":"info","ts":"2019-12-03T21:04:49.104Z","logger":"broker_ingress","caller":"ingress/ingress_handler.go:120","msg":"Error retrieving TTL, defaulting.","commit":"7655d9c","error":"\"knativebrokerttl\" not found"}
{"level":"info","ts":"2019-12-03T21:04:49.105Z","logger":"broker_ingress","caller":"ingress/ingress_handler.go:120","msg":"Error retrieving TTL, defaulting.","commit":"7655d9c","error":"\"knativebrokerttl\" not found"}
{"level":"info","ts":"2019-12-03T21:04:49.105Z","logger":"broker_ingress","caller":"ingress/ingress_handler.go:120","msg":"Error retrieving TTL, defaulting.","commit":"7655d9c","error":"\"knativebrokerttl\" not found"}
{"level":"info","ts":"2019-12-03T21:04:49.105Z","logger":"broker_ingress","caller":"ingress/ingress_handler.go:120","msg":"Error retrieving TTL, defaulting.","commit":"7655d9c","error":"\"knativebrokerttl\" not found"}
{"level":"info","ts":"2019-12-03T21:04:49.106Z","logger":"broker_ingress","caller":"ingress/ingress_handler.go:120","msg":"Error retrieving TTL, defaulting.","commit":"7655d9c","error":"\"knativebrokerttl\" not found"}
{"level":"info","ts":"2019-12-03T21:04:49.106Z","logger":"broker_ingress","caller":"ingress/ingress_handler.go:120","msg":"Error retrieving TTL, defaulting.","commit":"7655d9c","error":"\"knativebrokerttl\" not found"}
{"level":"info","ts":"2019-12-03T21:04:49.106Z","logger":"broker_ingress","caller":"ingress/ingress_handler.go:120","msg":"Error retrieving TTL, defaulting.","commit":"7655d9c","error":"\"knativebrokerttl\" not found"}
{"level":"info","ts":"2019-12-03T21:04:49.106Z","logger":"broker_ingress","caller":"ingress/ingress_handler.go:120","msg":"Error retrieving TTL, defaulting.","commit":"7655d9c","error":"\"knativebrokerttl\" not found"}
{"level":"info","ts":"2019-12-03T21:04:49.106Z","logger":"broker_ingress","caller":"ingress/ingress_handler.go:120","msg":"Error retrieving TTL, defaulting.","commit":"7655d9c","error":"\"knativebrokerttl\" not found"}
{"level":"info","ts":"2019-12-03T21:04:49.106Z","logger":"broker_ingress","caller":"ingress/ingress_handler.go:120","msg":"Error retrieving TTL, defaulting.","commit":"7655d9c","error":"\"knativebrokerttl\" not found"}
{"level":"info","ts":"2019-12-03T21:04:49.106Z","logger":"broker_ingress","caller":"ingress/ingress_handler.go:120","msg":"Error retrieving TTL, defaulting.","commit":"7655d9c","error":"\"knativebrokerttl\" not found"}
{"level":"info","ts":"2019-12-03T21:04:49.106Z","logger":"broker_ingress","caller":"ingress/ingress_handler.go:120","msg":"Error retrieving TTL, defaulting.","commit":"7655d9c","error":"\"knativebrokerttl\" not found"}
{"level":"info","ts":"2019-12-03T21:04:49.106Z","logger":"broker_ingress","caller":"ingress/ingress_handler.go:120","msg":"Error retrieving TTL, defaulting.","commit":"7655d9c","error":"\"knativebrokerttl\" not found"}
{"level":"info","ts":"2019-12-03T21:04:49.107Z","logger":"broker_ingress","caller":"ingress/ingress_handler.go:120","msg":"Error retrieving TTL, defaulting.","commit":"7655d9c","error":"\"knativebrokerttl\" not found"}
{"level":"info","ts":"2019-12-03T21:04:49.166Z","logger":"broker_ingress","caller":"ingress/ingress_handler.go:120","msg":"Error retrieving TTL, defaulting.","commit":"7655d9c","error":"\"knativebrokerttl\" not found"}
{"level":"info","ts":"2019-12-03T21:04:49.166Z","logger":"broker_ingress","caller":"ingress/ingress_handler.go:120","msg":"Error retrieving TTL, defaulting.","commit":"7655d9c","error":"\"knativebrokerttl\" not found"}
{"level":"info","ts":"2019-12-03T21:04:49.166Z","logger":"broker_ingress","caller":"ingress/ingress_handler.go:120","msg":"Error retrieving TTL, defaulting.","commit":"7655d9c","error":"\"knativebrokerttl\" not found"}
{"level":"info","ts":"2019-12-03T21:04:49.166Z","logger":"broker_ingress","caller":"ingress/ingress_handler.go:120","msg":"Error retrieving TTL, defaulting.","commit":"7655d9c","error":"\"knativebrokerttl\" not found"}
{"level":"info","ts":"2019-12-03T21:04:49.166Z","logger":"broker_ingress","caller":"ingress/ingress_handler.go:120","msg":"Error retrieving TTL, defaulting.","commit":"7655d9c","error":"\"knativebrokerttl\" not found"}
{"level":"info","ts":"2019-12-03T21:04:49.166Z","logger":"broker_ingress","caller":"ingress/ingress_handler.go:120","msg":"Error retrieving TTL, defaulting.","commit":"7655d9c","error":"\"knativebrokerttl\" not found"}
{"level":"info","ts":"2019-12-03T21:04:49.167Z","logger":"broker_ingress","caller":"ingress/ingress_handler.go:120","msg":"Error retrieving TTL, defaulting.","commit":"7655d9c","error":"\"knativebrokerttl\" not found"}
{"level":"info","ts":"2019-12-03T21:04:49.167Z","logger":"broker_ingress","caller":"ingress/ingress_handler.go:120","msg":"Error retrieving TTL, defaulting.","commit":"7655d9c","error":"\"knativebrokerttl\" not found"}
{"level":"info","ts":"2019-12-03T21:04:49.167Z","logger":"broker_ingress","caller":"ingress/ingress_handler.go:120","msg":"Error retrieving TTL, defaulting.","commit":"7655d9c","error":"\"knativebrokerttl\" not found"}
{"level":"info","ts":"2019-12-03T21:04:49.167Z","logger":"broker_ingress","caller":"ingress/ingress_handler.go:120","msg":"Error retrieving TTL, defaulting.","commit":"7655d9c","error":"\"knativebrokerttl\" not found"}
{"level":"info","ts":"2019-12-03T21:04:49.167Z","logger":"broker_ingress","caller":"ingress/ingress_handler.go:120","msg":"Error retrieving TTL, defaulting.","commit":"7655d9c","error":"\"knativebrokerttl\" not found"}
{"level":"info","ts":"2019-12-03T21:04:49.168Z","logger":"broker_ingress","caller":"ingress/ingress_handler.go:120","msg":"Error retrieving TTL, defaulting.","commit":"7655d9c","error":"\"knativebrokerttl\" not found"}
{"level":"info","ts":"2019-12-03T21:04:49.168Z","logger":"broker_ingress","caller":"ingress/ingress_handler.go:120","msg":"Error retrieving TTL, defaulting.","commit":"7655d9c","error":"\"knativebrokerttl\" not found"}
{"level":"info","ts":"2019-12-03T21:04:49.168Z","logger":"broker_ingress","caller":"ingress/ingress_handler.go:120","msg":"Error retrieving TTL, defaulting.","commit":"7655d9c","error":"\"knativebrokerttl\" not found"}
{"level":"info","ts":"2019-12-03T21:04:49.168Z","logger":"broker_ingress","caller":"ingress/ingress_handler.go:120","msg":"Error retrieving TTL, defaulting.","commit":"7655d9c","error":"\"knativebrokerttl\" not found"}
{"level":"info","ts":"2019-12-03T21:04:49.168Z","logger":"broker_ingress","caller":"ingress/ingress_handler.go:120","msg":"Error retrieving TTL, defaulting.","commit":"7655d9c","error":"\"knativebrokerttl\" not found"}
{"level":"info","ts":"2019-12-03T21:04:49.168Z","logger":"broker_ingress","caller":"ingress/ingress_handler.go:120","msg":"Error retrieving TTL, defaulting.","commit":"7655d9c","error":"\"knativebrokerttl\" not found"}
{"level":"info","ts":"2019-12-03T21:04:49.169Z","logger":"broker_ingress","caller":"ingress/ingress_handler.go:120","msg":"Error retrieving TTL, defaulting.","commit":"7655d9c","error":"\"knativebrokerttl\" not found"}
{"level":"info","ts":"2019-12-03T21:04:49.169Z","logger":"broker_ingress","caller":"ingress/ingress_handler.go:120","msg":"Error retrieving TTL, defaulting.","commit":"7655d9c","error":"\"knativebrokerttl\" not found"}
{"level":"info","ts":"2019-12-03T21:04:49.176Z","logger":"broker_ingress","caller":"ingress/ingress_handler.go:120","msg":"Error retrieving TTL, defaulting.","commit":"7655d9c","error":"\"knativebrokerttl\" not found"}
{"level":"info","ts":"2019-12-03T21:04:49.176Z","logger":"broker_ingress","caller":"ingress/ingress_handler.go:120","msg":"Error retrieving TTL, defaulting.","commit":"7655d9c","error":"\"knativebrokerttl\" not found"}
{"level":"info","ts":"2019-12-03T21:04:49.176Z","logger":"broker_ingress","caller":"ingress/ingress_handler.go:120","msg":"Error retrieving TTL, defaulting.","commit":"7655d9c","error":"\"knativebrokerttl\" not found"}
{"level":"info","ts":"2019-12-03T21:04:49.176Z","logger":"broker_ingress","caller":"ingress/ingress_handler.go:120","msg":"Error retrieving TTL, defaulting.","commit":"7655d9c","error":"\"knativebrokerttl\" not found"}
{"level":"info","ts":"2019-12-03T21:04:49.176Z","logger":"broker_ingress","caller":"ingress/ingress_handler.go:120","msg":"Error retrieving TTL, defaulting.","commit":"7655d9c","error":"\"knativebrokerttl\" not found"}
{"level":"info","ts":"2019-12-03T21:04:49.176Z","logger":"broker_ingress","caller":"ingress/ingress_handler.go:120","msg":"Error retrieving TTL, defaulting.","commit":"7655d9c","error":"\"knativebrokerttl\" not found"}
{"level":"info","ts":"2019-12-03T21:04:49.177Z","logger":"broker_ingress","caller":"ingress/ingress_handler.go:120","msg":"Error retrieving TTL, defaulting.","commit":"7655d9c","error":"\"knativebrokerttl\" not found"}
{"level":"info","ts":"2019-12-03T21:04:49.178Z","logger":"broker_ingress","caller":"ingress/ingress_handler.go:120","msg":"Error retrieving TTL, defaulting.","commit":"7655d9c","error":"\"knativebrokerttl\" not found"}
{"level":"info","ts":"2019-12-03T21:04:49.178Z","logger":"broker_ingress","caller":"ingress/ingress_handler.go:120","msg":"Error retrieving TTL, defaulting.","commit":"7655d9c","error":"\"knativebrokerttl\" not found"}
{"level":"info","ts":"2019-12-03T21:04:49.179Z","logger":"broker_ingress","caller":"ingress/ingress_handler.go:120","msg":"Error retrieving TTL, defaulting.","commit":"7655d9c","error":"\"knativebrokerttl\" not found"}
{"level":"info","ts":"2019-12-03T21:04:49.179Z","logger":"broker_ingress","caller":"ingress/ingress_handler.go:120","msg":"Error retrieving TTL, defaulting.","commit":"7655d9c","error":"\"knativebrokerttl\" not found"}
{"level":"info","ts":"2019-12-03T21:04:49.179Z","logger":"broker_ingress","caller":"ingress/ingress_handler.go:120","msg":"Error retrieving TTL, defaulting.","commit":"7655d9c","error":"\"knativebrokerttl\" not found"}
{"level":"info","ts":"2019-12-03T21:04:49.179Z","logger":"broker_ingress","caller":"ingress/ingress_handler.go:120","msg":"Error retrieving TTL, defaulting.","commit":"7655d9c","error":"\"knativebrokerttl\" not found"}
{"level":"info","ts":"2019-12-03T21:04:49.179Z","logger":"broker_ingress","caller":"ingress/ingress_handler.go:120","msg":"Error retrieving TTL, defaulting.","commit":"7655d9c","error":"\"knativebrokerttl\" not found"}
{"level":"info","ts":"2019-12-03T21:04:49.179Z","logger":"broker_ingress","caller":"ingress/ingress_handler.go:120","msg":"Error retrieving TTL, defaulting.","commit":"7655d9c","error":"\"knativebrokerttl\" not found"}
{"level":"info","ts":"2019-12-03T21:04:49.180Z","logger":"broker_ingress","caller":"ingress/ingress_handler.go:120","msg":"Error retrieving TTL, defaulting.","commit":"7655d9c","error":"\"knativebrokerttl\" not found"}
{"level":"info","ts":"2019-12-03T21:04:49.180Z","logger":"broker_ingress","caller":"ingress/ingress_handler.go:120","msg":"Error retrieving TTL, defaulting.","commit":"7655d9c","error":"\"knativebrokerttl\" not found"}
{"level":"info","ts":"2019-12-03T21:04:49.180Z","logger":"broker_ingress","caller":"ingress/ingress_handler.go:120","msg":"Error retrieving TTL, defaulting.","commit":"7655d9c","error":"\"knativebrokerttl\" not found"}
{"level":"info","ts":"2019-12-03T21:04:49.180Z","logger":"broker_ingress","caller":"ingress/ingress_handler.go:120","msg":"Error retrieving TTL, defaulting.","commit":"7655d9c","error":"\"knativebrokerttl\" not found"}
{"level":"info","ts":"2019-12-03T21:04:49.180Z","logger":"broker_ingress","caller":"ingress/ingress_handler.go:120","msg":"Error retrieving TTL, defaulting.","commit":"7655d9c","error":"\"knativebrokerttl\" not found"}
{"level":"info","ts":"2019-12-03T21:04:49.180Z","logger":"broker_ingress","caller":"ingress/ingress_handler.go:120","msg":"Error retrieving TTL, defaulting.","commit":"7655d9c","error":"\"knativebrokerttl\" not found"}
{"level":"info","ts":"2019-12-03T21:04:49.180Z","logger":"broker_ingress","caller":"ingress/ingress_handler.go:120","msg":"Error retrieving TTL, defaulting.","commit":"7655d9c","error":"\"knativebrokerttl\" not found"}
{"level":"info","ts":"2019-12-03T21:04:49.180Z","logger":"broker_ingress","caller":"ingress/ingress_handler.go:120","msg":"Error retrieving TTL, defaulting.","commit":"7655d9c","error":"\"knativebrokerttl\" not found"}
{"level":"info","ts":"2019-12-03T21:04:49.181Z","logger":"broker_ingress","caller":"ingress/ingress_handler.go:120","msg":"Error retrieving TTL, defaulting.","commit":"7655d9c","error":"\"knativebrokerttl\" not found"}
{"level":"info","ts":"2019-12-03T21:04:49.181Z","logger":"broker_ingress","caller":"ingress/ingress_handler.go:120","msg":"Error retrieving TTL, defaulting.","commit":"7655d9c","error":"\"knativebrokerttl\" not found"}
{"level":"info","ts":"2019-12-03T21:04:49.181Z","logger":"broker_ingress","caller":"ingress/ingress_handler.go:120","msg":"Error retrieving TTL, defaulting.","commit":"7655d9c","error":"\"knativebrokerttl\" not found"}
{"level":"info","ts":"2019-12-03T21:04:49.181Z","logger":"broker_ingress","caller":"ingress/ingress_handler.go:120","msg":"Error retrieving TTL, defaulting.","commit":"7655d9c","error":"\"knativebrokerttl\" not found"}
{"level":"info","ts":"2019-12-03T21:04:49.181Z","logger":"broker_ingress","caller":"ingress/ingress_handler.go:120","msg":"Error retrieving TTL, defaulting.","commit":"7655d9c","error":"\"knativebrokerttl\" not found"}
{"level":"info","ts":"2019-12-03T21:04:49.181Z","logger":"broker_ingress","caller":"ingress/ingress_handler.go:120","msg":"Error retrieving TTL, defaulting.","commit":"7655d9c","error":"\"knativebrokerttl\" not found"}
{"level":"info","ts":"2019-12-03T21:04:49.181Z","logger":"broker_ingress","caller":"ingress/ingress_handler.go:120","msg":"Error retrieving TTL, defaulting.","commit":"7655d9c","error":"\"knativebrokerttl\" not found"}
{"level":"info","ts":"2019-12-03T21:04:49.181Z","logger":"broker_ingress","caller":"ingress/ingress_handler.go:120","msg":"Error retrieving TTL, defaulting.","commit":"7655d9c","error":"\"knativebrokerttl\" not found"}
{"level":"info","ts":"2019-12-03T21:04:49.182Z","logger":"broker_ingress","caller":"ingress/ingress_handler.go:120","msg":"Error retrieving TTL, defaulting.","commit":"7655d9c","error":"\"knativebrokerttl\" not found"}
{"level":"info","ts":"2019-12-03T21:04:49.182Z","logger":"broker_ingress","caller":"ingress/ingress_handler.go:120","msg":"Error retrieving TTL, defaulting.","commit":"7655d9c","error":"\"knativebrokerttl\" not found"}
{"level":"info","ts":"2019-12-03T21:04:49.184Z","logger":"broker_ingress","caller":"ingress/ingress_handler.go:120","msg":"Error retrieving TTL, defaulting.","commit":"7655d9c","error":"\"knativebrokerttl\" not found"}
{"level":"info","ts":"2019-12-03T21:04:49.185Z","logger":"broker_ingress","caller":"ingress/ingress_handler.go:120","msg":"Error retrieving TTL, defaulting.","commit":"7655d9c","error":"\"knativebrokerttl\" not found"}
{"level":"info","ts":"2019-12-03T21:04:49.185Z","logger":"broker_ingress","caller":"ingress/ingress_handler.go:120","msg":"Error retrieving TTL, defaulting.","commit":"7655d9c","error":"\"knativebrokerttl\" not found"}
{"level":"info","ts":"2019-12-03T21:04:49.186Z","logger":"broker_ingress","caller":"ingress/ingress_handler.go:120","msg":"Error retrieving TTL, defaulting.","commit":"7655d9c","error":"\"knativebrokerttl\" not found"}
{"level":"info","ts":"2019-12-03T21:04:49.186Z","logger":"broker_ingress","caller":"ingress/ingress_handler.go:120","msg":"Error retrieving TTL, defaulting.","commit":"7655d9c","error":"\"knativebrokerttl\" not found"}
{"level":"info","ts":"2019-12-03T21:04:49.187Z","logger":"broker_ingress","caller":"ingress/ingress_handler.go:120","msg":"Error retrieving TTL, defaulting.","commit":"7655d9c","error":"\"knativebrokerttl\" not found"}
{"level":"info","ts":"2019-12-03T21:04:49.187Z","logger":"broker_ingress","caller":"ingress/ingress_handler.go:120","msg":"Error retrieving TTL, defaulting.","commit":"7655d9c","error":"\"knativebrokerttl\" not found"}
{"level":"info","ts":"2019-12-03T21:04:49.187Z","logger":"broker_ingress","caller":"ingress/ingress_handler.go:120","msg":"Error retrieving TTL, defaulting.","commit":"7655d9c","error":"\"knativebrokerttl\" not found"}
{"level":"info","ts":"2019-12-03T21:04:49.188Z","logger":"broker_ingress","caller":"ingress/ingress_handler.go:120","msg":"Error retrieving TTL, defaulting.","commit":"7655d9c","error":"\"knativebrokerttl\" not found"}
{"level":"info","ts":"2019-12-03T21:04:49.188Z","logger":"broker_ingress","caller":"ingress/ingress_handler.go:120","msg":"Error retrieving TTL, defaulting.","commit":"7655d9c","error":"\"knativebrokerttl\" not found"}
{"level":"info","ts":"2019-12-03T21:04:49.188Z","logger":"broker_ingress","caller":"ingress/ingress_handler.go:120","msg":"Error retrieving TTL, defaulting.","commit":"7655d9c","error":"\"knativebrokerttl\" not found"}
{"level":"info","ts":"2019-12-03T21:04:49.188Z","logger":"broker_ingress","caller":"ingress/ingress_handler.go:120","msg":"Error retrieving TTL, defaulting.","commit":"7655d9c","error":"\"knativebrokerttl\" not found"}
{"level":"info","ts":"2019-12-03T21:04:49.188Z","logger":"broker_ingress","caller":"ingress/ingress_handler.go:120","msg":"Error retrieving TTL, defaulting.","commit":"7655d9c","error":"\"knativebrokerttl\" not found"}
{"level":"info","ts":"2019-12-03T21:04:49.188Z","logger":"broker_ingress","caller":"ingress/ingress_handler.go:120","msg":"Error retrieving TTL, defaulting.","commit":"7655d9c","error":"\"knativebrokerttl\" not found"}
{"level":"info","ts":"2019-12-03T21:04:49.188Z","logger":"broker_ingress","caller":"ingress/ingress_handler.go:120","msg":"Error retrieving TTL, defaulting.","commit":"7655d9c","error":"\"knativebrokerttl\" not found"}
{"level":"info","ts":"2019-12-03T21:04:49.188Z","logger":"broker_ingress","caller":"ingress/ingress_handler.go:120","msg":"Error retrieving TTL, defaulting.","commit":"7655d9c","error":"\"knativebrokerttl\" not found"}
{"level":"info","ts":"2019-12-03T21:04:49.189Z","logger":"broker_ingress","caller":"ingress/ingress_handler.go:120","msg":"Error retrieving TTL, defaulting.","commit":"7655d9c","error":"\"knativebrokerttl\" not found"}
{"level":"info","ts":"2019-12-03T21:04:49.189Z","logger":"broker_ingress","caller":"ingress/ingress_handler.go:120","msg":"Error retrieving TTL, defaulting.","commit":"7655d9c","error":"\"knativebrokerttl\" not found"}
{"level":"info","ts":"2019-12-03T21:04:49.190Z","logger":"broker_ingress","caller":"ingress/ingress_handler.go:120","msg":"Error retrieving TTL, defaulting.","commit":"7655d9c","error":"\"knativebrokerttl\" not found"}
{"level":"info","ts":"2019-12-03T21:04:49.190Z","logger":"broker_ingress","caller":"ingress/ingress_handler.go:120","msg":"Error retrieving TTL, defaulting.","commit":"7655d9c","error":"\"knativebrokerttl\" not found"}
{"level":"info","ts":"2019-12-03T21:04:49.190Z","logger":"broker_ingress","caller":"ingress/ingress_handler.go:120","msg":"Error retrieving TTL, defaulting.","commit":"7655d9c","error":"\"knativebrokerttl\" not found"}
{"level":"info","ts":"2019-12-03T21:04:49.190Z","logger":"broker_ingress","caller":"ingress/ingress_handler.go:120","msg":"Error retrieving TTL, defaulting.","commit":"7655d9c","error":"\"knativebrokerttl\" not found"}
{"level":"info","ts":"2019-12-03T21:04:49.190Z","logger":"broker_ingress","caller":"ingress/ingress_handler.go:120","msg":"Error retrieving TTL, defaulting.","commit":"7655d9c","error":"\"knativebrokerttl\" not found"}
{"level":"info","ts":"2019-12-03T21:04:49.190Z","logger":"broker_ingress","caller":"ingress/ingress_handler.go:120","msg":"Error retrieving TTL, defaulting.","commit":"7655d9c","error":"\"knativebrokerttl\" not found"}
{"level":"info","ts":"2019-12-03T21:04:49.190Z","logger":"broker_ingress","caller":"ingress/ingress_handler.go:120","msg":"Error retrieving TTL, defaulting.","commit":"7655d9c","error":"\"knativebrokerttl\" not found"}
{"level":"info","ts":"2019-12-03T21:04:49.190Z","logger":"broker_ingress","caller":"ingress/ingress_handler.go:120","msg":"Error retrieving TTL, defaulting.","commit":"7655d9c","error":"\"knativebrokerttl\" not found"}
{"level":"info","ts":"2019-12-03T21:04:49.190Z","logger":"broker_ingress","caller":"ingress/ingress_handler.go:120","msg":"Error retrieving TTL, defaulting.","commit":"7655d9c","error":"\"knativebrokerttl\" not found"}
{"level":"info","ts":"2019-12-03T21:04:49.191Z","logger":"broker_ingress","caller":"ingress/ingress_handler.go:120","msg":"Error retrieving TTL, defaulting.","commit":"7655d9c","error":"\"knativebrokerttl\" not found"}
{"level":"info","ts":"2019-12-03T21:04:49.191Z","logger":"broker_ingress","caller":"ingress/ingress_handler.go:120","msg":"Error retrieving TTL, defaulting.","commit":"7655d9c","error":"\"knativebrokerttl\" not found"}
{"level":"info","ts":"2019-12-03T21:04:49.191Z","logger":"broker_ingress","caller":"ingress/ingress_handler.go:120","msg":"Error retrieving TTL, defaulting.","commit":"7655d9c","error":"\"knativebrokerttl\" not found"}
{"level":"info","ts":"2019-12-03T21:04:49.191Z","logger":"broker_ingress","caller":"ingress/ingress_handler.go:120","msg":"Error retrieving TTL, defaulting.","commit":"7655d9c","error":"\"knativebrokerttl\" not found"}
{"level":"info","ts":"2019-12-03T21:04:49.191Z","logger":"broker_ingress","caller":"ingress/ingress_handler.go:120","msg":"Error retrieving TTL, defaulting.","commit":"7655d9c","error":"\"knativebrokerttl\" not found"}
{"level":"info","ts":"2019-12-03T21:04:49.191Z","logger":"broker_ingress","caller":"ingress/ingress_handler.go:120","msg":"Error retrieving TTL, defaulting.","commit":"7655d9c","error":"\"knativebrokerttl\" not found"}
{"level":"info","ts":"2019-12-03T21:04:49.191Z","logger":"broker_ingress","caller":"ingress/ingress_handler.go:120","msg":"Error retrieving TTL, defaulting.","commit":"7655d9c","error":"\"knativebrokerttl\" not found"}
{"level":"info","ts":"2019-12-03T21:04:49.192Z","logger":"broker_ingress","caller":"ingress/ingress_handler.go:120","msg":"Error retrieving TTL, defaulting.","commit":"7655d9c","error":"\"knativebrokerttl\" not found"}
{"level":"info","ts":"2019-12-03T21:04:49.192Z","logger":"broker_ingress","caller":"ingress/ingress_handler.go:120","msg":"Error retrieving TTL, defaulting.","commit":"7655d9c","error":"\"knativebrokerttl\" not found"}
{"level":"info","ts":"2019-12-03T21:04:49.191Z","logger":"broker_ingress","caller":"ingress/ingress_handler.go:120","msg":"Error retrieving TTL, defaulting.","commit":"7655d9c","error":"\"knativebrokerttl\" not found"}
{"level":"info","ts":"2019-12-03T21:04:49.192Z","logger":"broker_ingress","caller":"ingress/ingress_handler.go:120","msg":"Error retrieving TTL, defaulting.","commit":"7655d9c","error":"\"knativebrokerttl\" not found"}
{"level":"info","ts":"2019-12-03T21:04:49.192Z","logger":"broker_ingress","caller":"ingress/ingress_handler.go:120","msg":"Error retrieving TTL, defaulting.","commit":"7655d9c","error":"\"knativebrokerttl\" not found"}
{"level":"info","ts":"2019-12-03T21:04:49.192Z","logger":"broker_ingress","caller":"ingress/ingress_handler.go:120","msg":"Error retrieving TTL, defaulting.","commit":"7655d9c","error":"\"knativebrokerttl\" not found"}
{"level":"info","ts":"2019-12-03T21:04:49.192Z","logger":"broker_ingress","caller":"ingress/ingress_handler.go:120","msg":"Error retrieving TTL, defaulting.","commit":"7655d9c","error":"\"knativebrokerttl\" not found"}
{"level":"info","ts":"2019-12-03T21:04:49.192Z","logger":"broker_ingress","caller":"ingress/ingress_handler.go:120","msg":"Error retrieving TTL, defaulting.","commit":"7655d9c","error":"\"knativebrokerttl\" not found"}
{"level":"info","ts":"2019-12-03T21:04:49.192Z","logger":"broker_ingress","caller":"ingress/ingress_handler.go:120","msg":"Error retrieving TTL, defaulting.","commit":"7655d9c","error":"\"knativebrokerttl\" not found"}
{"level":"info","ts":"2019-12-03T21:04:49.224Z","logger":"broker_ingress","caller":"ingress/ingress_handler.go:120","msg":"Error retrieving TTL, defaulting.","commit":"7655d9c","error":"\"knativebrokerttl\" not found"}
{"level":"info","ts":"2019-12-03T21:04:49.224Z","logger":"broker_ingress","caller":"ingress/ingress_handler.go:120","msg":"Error retrieving TTL, defaulting.","commit":"7655d9c","error":"\"knativebrokerttl\" not found"}
{"level":"info","ts":"2019-12-03T21:04:49.224Z","logger":"broker_ingress","caller":"ingress/ingress_handler.go:120","msg":"Error retrieving TTL, defaulting.","commit":"7655d9c","error":"\"knativebrokerttl\" not found"}
{"level":"info","ts":"2019-12-03T21:04:49.224Z","logger":"broker_ingress","caller":"ingress/ingress_handler.go:120","msg":"Error retrieving TTL, defaulting.","commit":"7655d9c","error":"\"knativebrokerttl\" not found"}
{"level":"info","ts":"2019-12-03T21:04:49.224Z","logger":"broker_ingress","caller":"ingress/ingress_handler.go:120","msg":"Error retrieving TTL, defaulting.","commit":"7655d9c","error":"\"knativebrokerttl\" not found"}
{"level":"info","ts":"2019-12-03T21:04:49.224Z","logger":"broker_ingress","caller":"ingress/ingress_handler.go:120","msg":"Error retrieving TTL, defaulting.","commit":"7655d9c","error":"\"knativebrokerttl\" not found"}
{"level":"info","ts":"2019-12-03T21:04:49.225Z","logger":"broker_ingress","caller":"ingress/ingress_handler.go:120","msg":"Error retrieving TTL, defaulting.","commit":"7655d9c","error":"\"knativebrokerttl\" not found"}
{"level":"info","ts":"2019-12-03T21:04:49.225Z","logger":"broker_ingress","caller":"ingress/ingress_handler.go:120","msg":"Error retrieving TTL, defaulting.","commit":"7655d9c","error":"\"knativebrokerttl\" not found"}
{"level":"info","ts":"2019-12-03T21:04:49.225Z","logger":"broker_ingress","caller":"ingress/ingress_handler.go:120","msg":"Error retrieving TTL, defaulting.","commit":"7655d9c","error":"\"knativebrokerttl\" not found"}
{"level":"info","ts":"2019-12-03T21:04:49.225Z","logger":"broker_ingress","caller":"ingress/ingress_handler.go:120","msg":"Error retrieving TTL, defaulting.","commit":"7655d9c","error":"\"knativebrokerttl\" not found"}
{"level":"info","ts":"2019-12-03T21:04:49.225Z","logger":"broker_ingress","caller":"ingress/ingress_handler.go:120","msg":"Error retrieving TTL, defaulting.","commit":"7655d9c","error":"\"knativebrokerttl\" not found"}
{"level":"info","ts":"2019-12-03T21:04:49.225Z","logger":"broker_ingress","caller":"ingress/ingress_handler.go:120","msg":"Error retrieving TTL, defaulting.","commit":"7655d9c","error":"\"knativebrokerttl\" not found"}
{"level":"info","ts":"2019-12-03T21:04:49.226Z","logger":"broker_ingress","caller":"ingress/ingress_handler.go:120","msg":"Error retrieving TTL, defaulting.","commit":"7655d9c","error":"\"knativebrokerttl\" not found"}
{"level":"info","ts":"2019-12-03T21:04:49.226Z","logger":"broker_ingress","caller":"ingress/ingress_handler.go:120","msg":"Error retrieving TTL, defaulting.","commit":"7655d9c","error":"\"knativebrokerttl\" not found"}
{"level":"info","ts":"2019-12-03T21:04:49.226Z","logger":"broker_ingress","caller":"ingress/ingress_handler.go:120","msg":"Error retrieving TTL, defaulting.","commit":"7655d9c","error":"\"knativebrokerttl\" not found"}
{"level":"info","ts":"2019-12-03T21:04:49.226Z","logger":"broker_ingress","caller":"ingress/ingress_handler.go:120","msg":"Error retrieving TTL, defaulting.","commit":"7655d9c","error":"\"knativebrokerttl\" not found"}
{"level":"info","ts":"2019-12-03T21:04:49.226Z","logger":"broker_ingress","caller":"ingress/ingress_handler.go:120","msg":"Error retrieving TTL, defaulting.","commit":"7655d9c","error":"\"knativebrokerttl\" not found"}
{"level":"info","ts":"2019-12-03T21:04:49.226Z","logger":"broker_ingress","caller":"ingress/ingress_handler.go:120","msg":"Error retrieving TTL, defaulting.","commit":"7655d9c","error":"\"knativebrokerttl\" not found"}
{"level":"info","ts":"2019-12-03T21:04:49.226Z","logger":"broker_ingress","caller":"ingress/ingress_handler.go:120","msg":"Error retrieving TTL, defaulting.","commit":"7655d9c","error":"\"knativebrokerttl\" not found"}
{"level":"info","ts":"2019-12-03T21:04:49.229Z","logger":"broker_ingress","caller":"ingress/ingress_handler.go:120","msg":"Error retrieving TTL, defaulting.","commit":"7655d9c","error":"\"knativebrokerttl\" not found"}
{"level":"info","ts":"2019-12-03T21:04:49.229Z","logger":"broker_ingress","caller":"ingress/ingress_handler.go:120","msg":"Error retrieving TTL, defaulting.","commit":"7655d9c","error":"\"knativebrokerttl\" not found"}
{"level":"info","ts":"2019-12-03T21:04:49.291Z","logger":"broker_ingress","caller":"ingress/ingress_handler.go:120","msg":"Error retrieving TTL, defaulting.","commit":"7655d9c","error":"\"knativebrokerttl\" not found"}
{"level":"info","ts":"2019-12-03T21:04:49.291Z","logger":"broker_ingress","caller":"ingress/ingress_handler.go:120","msg":"Error retrieving TTL, defaulting.","commit":"7655d9c","error":"\"knativebrokerttl\" not found"}
{"level":"info","ts":"2019-12-03T21:04:49.291Z","logger":"broker_ingress","caller":"ingress/ingress_handler.go:120","msg":"Error retrieving TTL, defaulting.","commit":"7655d9c","error":"\"knativebrokerttl\" not found"}
{"level":"info","ts":"2019-12-03T21:04:49.291Z","logger":"broker_ingress","caller":"ingress/ingress_handler.go:120","msg":"Error retrieving TTL, defaulting.","commit":"7655d9c","error":"\"knativebrokerttl\" not found"}
{"level":"info","ts":"2019-12-03T21:04:49.292Z","logger":"broker_ingress","caller":"ingress/ingress_handler.go:120","msg":"Error retrieving TTL, defaulting.","commit":"7655d9c","error":"\"knativebrokerttl\" not found"}
{"level":"info","ts":"2019-12-03T21:04:49.389Z","logger":"broker_ingress","caller":"ingress/ingress_handler.go:120","msg":"Error retrieving TTL, defaulting.","commit":"7655d9c","error":"\"knativebrokerttl\" not found"}
{"level":"info","ts":"2019-12-03T21:04:49.389Z","logger":"broker_ingress","caller":"ingress/ingress_handler.go:120","msg":"Error retrieving TTL, defaulting.","commit":"7655d9c","error":"\"knativebrokerttl\" not found"}
{"level":"info","ts":"2019-12-03T21:04:49.389Z","logger":"broker_ingress","caller":"ingress/ingress_handler.go:120","msg":"Error retrieving TTL, defaulting.","commit":"7655d9c","error":"\"knativebrokerttl\" not found"}
{"level":"info","ts":"2019-12-03T21:04:49.390Z","logger":"broker_ingress","caller":"ingress/ingress_handler.go:120","msg":"Error retrieving TTL, defaulting.","commit":"7655d9c","error":"\"knativebrokerttl\" not found"}
{"level":"info","ts":"2019-12-03T21:04:49.399Z","logger":"broker_ingress","caller":"ingress/ingress_handler.go:120","msg":"Error retrieving TTL, defaulting.","commit":"7655d9c","error":"\"knativebrokerttl\" not found"}
{"level":"info","ts":"2019-12-03T21:04:49.399Z","logger":"broker_ingress","caller":"ingress/ingress_handler.go:120","msg":"Error retrieving TTL, defaulting.","commit":"7655d9c","error":"\"knativebrokerttl\" not found"}
{"level":"info","ts":"2019-12-03T21:04:49.399Z","logger":"broker_ingress","caller":"ingress/ingress_handler.go:120","msg":"Error retrieving TTL, defaulting.","commit":"7655d9c","error":"\"knativebrokerttl\" not found"}
{"level":"info","ts":"2019-12-03T21:04:49.399Z","logger":"broker_ingress","caller":"ingress/ingress_handler.go:120","msg":"Error retrieving TTL, defaulting.","commit":"7655d9c","error":"\"knativebrokerttl\" not found"}
{"level":"info","ts":"2019-12-03T21:04:49.509Z","logger":"broker_ingress","caller":"ingress/ingress_handler.go:120","msg":"Error retrieving TTL, defaulting.","commit":"7655d9c","error":"\"knativebrokerttl\" not found"}
{"level":"info","ts":"2019-12-03T21:04:49.509Z","logger":"broker_ingress","caller":"ingress/ingress_handler.go:120","msg":"Error retrieving TTL, defaulting.","commit":"7655d9c","error":"\"knativebrokerttl\" not found"}
{"level":"info","ts":"2019-12-03T21:04:49.509Z","logger":"broker_ingress","caller":"ingress/ingress_handler.go:120","msg":"Error retrieving TTL, defaulting.","commit":"7655d9c","error":"\"knativebrokerttl\" not found"}
{"level":"info","ts":"2019-12-03T21:04:49.509Z","logger":"broker_ingress","caller":"ingress/ingress_handler.go:120","msg":"Error retrieving TTL, defaulting.","commit":"7655d9c","error":"\"knativebrokerttl\" not found"}
{"level":"info","ts":"2019-12-03T21:04:49.510Z","logger":"broker_ingress","caller":"ingress/ingress_handler.go:120","msg":"Error retrieving TTL, defaulting.","commit":"7655d9c","error":"\"knativebrokerttl\" not found"}
{"level":"info","ts":"2019-12-03T21:04:49.557Z","logger":"broker_ingress","caller":"ingress/ingress_handler.go:120","msg":"Error retrieving TTL, defaulting.","commit":"7655d9c","error":"\"knativebrokerttl\" not found"}
{"level":"info","ts":"2019-12-03T21:04:49.557Z","logger":"broker_ingress","caller":"ingress/ingress_handler.go:120","msg":"Error retrieving TTL, defaulting.","commit":"7655d9c","error":"\"knativebrokerttl\" not found"}
{"level":"info","ts":"2019-12-03T21:04:49.558Z","logger":"broker_ingress","caller":"ingress/ingress_handler.go:120","msg":"Error retrieving TTL, defaulting.","commit":"7655d9c","error":"\"knativebrokerttl\" not found"}
{"level":"info","ts":"2019-12-03T21:04:49.578Z","logger":"broker_ingress","caller":"ingress/ingress_handler.go:120","msg":"Error retrieving TTL, defaulting.","commit":"7655d9c","error":"\"knativebrokerttl\" not found"}
{"level":"info","ts":"2019-12-03T21:04:49.578Z","logger":"broker_ingress","caller":"ingress/ingress_handler.go:120","msg":"Error retrieving TTL, defaulting.","commit":"7655d9c","error":"\"knativebrokerttl\" not found"}
{"level":"info","ts":"2019-12-03T21:04:49.578Z","logger":"broker_ingress","caller":"ingress/ingress_handler.go:120","msg":"Error retrieving TTL, defaulting.","commit":"7655d9c","error":"\"knativebrokerttl\" not found"}
{"level":"info","ts":"2019-12-03T21:04:49.579Z","logger":"broker_ingress","caller":"ingress/ingress_handler.go:120","msg":"Error retrieving TTL, defaulting.","commit":"7655d9c","error":"\"knativebrokerttl\" not found"}
{"level":"info","ts":"2019-12-03T21:04:49.603Z","logger":"broker_ingress","caller":"ingress/ingress_handler.go:120","msg":"Error retrieving TTL, defaulting.","commit":"7655d9c","error":"\"knativebrokerttl\" not found"}
{"level":"info","ts":"2019-12-03T21:04:49.604Z","logger":"broker_ingress","caller":"ingress/ingress_handler.go:120","msg":"Error retrieving TTL, defaulting.","commit":"7655d9c","error":"\"knativebrokerttl\" not found"}
{"level":"info","ts":"2019-12-03T21:04:49.627Z","logger":"broker_ingress","caller":"ingress/ingress_handler.go:120","msg":"Error retrieving TTL, defaulting.","commit":"7655d9c","error":"\"knativebrokerttl\" not found"}
{"level":"info","ts":"2019-12-03T21:04:49.629Z","logger":"broker_ingress","caller":"ingress/ingress_handler.go:120","msg":"Error retrieving TTL, defaulting.","commit":"7655d9c","error":"\"knativebrokerttl\" not found"}
{"level":"info","ts":"2019-12-03T21:04:49.629Z","logger":"broker_ingress","caller":"ingress/ingress_handler.go:120","msg":"Error retrieving TTL, defaulting.","commit":"7655d9c","error":"\"knativebrokerttl\" not found"}
{"level":"info","ts":"2019-12-03T21:04:49.630Z","logger":"broker_ingress","caller":"ingress/ingress_handler.go:120","msg":"Error retrieving TTL, defaulting.","commit":"7655d9c","error":"\"knativebrokerttl\" not found"}
{"level":"info","ts":"2019-12-03T21:04:49.631Z","logger":"broker_ingress","caller":"ingress/ingress_handler.go:120","msg":"Error retrieving TTL, defaulting.","commit":"7655d9c","error":"\"knativebrokerttl\" not found"}
{"level":"info","ts":"2019-12-03T21:04:49.632Z","logger":"broker_ingress","caller":"ingress/ingress_handler.go:120","msg":"Error retrieving TTL, defaulting.","commit":"7655d9c","error":"\"knativebrokerttl\" not found"}
{"level":"info","ts":"2019-12-03T21:04:49.632Z","logger":"broker_ingress","caller":"ingress/ingress_handler.go:120","msg":"Error retrieving TTL, defaulting.","commit":"7655d9c","error":"\"knativebrokerttl\" not found"}
{"level":"info","ts":"2019-12-03T21:04:49.633Z","logger":"broker_ingress","caller":"ingress/ingress_handler.go:120","msg":"Error retrieving TTL, defaulting.","commit":"7655d9c","error":"\"knativebrokerttl\" not found"}
{"level":"info","ts":"2019-12-03T21:04:49.633Z","logger":"broker_ingress","caller":"ingress/ingress_handler.go:120","msg":"Error retrieving TTL, defaulting.","commit":"7655d9c","error":"\"knativebrokerttl\" not found"}
{"level":"info","ts":"2019-12-03T21:04:49.633Z","logger":"broker_ingress","caller":"ingress/ingress_handler.go:120","msg":"Error retrieving TTL, defaulting.","commit":"7655d9c","error":"\"knativebrokerttl\" not found"}
{"level":"info","ts":"2019-12-03T21:04:49.657Z","logger":"broker_ingress","caller":"ingress/ingress_handler.go:120","msg":"Error retrieving TTL, defaulting.","commit":"7655d9c","error":"\"knativebrokerttl\" not found"}
{"level":"info","ts":"2019-12-03T21:04:49.658Z","logger":"broker_ingress","caller":"ingress/ingress_handler.go:120","msg":"Error retrieving TTL, defaulting.","commit":"7655d9c","error":"\"knativebrokerttl\" not found"}
{"level":"info","ts":"2019-12-03T21:04:49.658Z","logger":"broker_ingress","caller":"ingress/ingress_handler.go:120","msg":"Error retrieving TTL, defaulting.","commit":"7655d9c","error":"\"knativebrokerttl\" not found"}
{"level":"info","ts":"2019-12-03T21:04:49.658Z","logger":"broker_ingress","caller":"ingress/ingress_handler.go:120","msg":"Error retrieving TTL, defaulting.","commit":"7655d9c","error":"\"knativebrokerttl\" not found"}
{"level":"info","ts":"2019-12-03T21:04:49.658Z","logger":"broker_ingress","caller":"ingress/ingress_handler.go:120","msg":"Error retrieving TTL, defaulting.","commit":"7655d9c","error":"\"knativebrokerttl\" not found"}
{"level":"info","ts":"2019-12-03T21:04:49.659Z","logger":"broker_ingress","caller":"ingress/ingress_handler.go:120","msg":"Error retrieving TTL, defaulting.","commit":"7655d9c","error":"\"knativebrokerttl\" not found"}
{"level":"info","ts":"2019-12-03T21:04:49.659Z","logger":"broker_ingress","caller":"ingress/ingress_handler.go:120","msg":"Error retrieving TTL, defaulting.","commit":"7655d9c","error":"\"knativebrokerttl\" not found"}
{"level":"info","ts":"2019-12-03T21:04:49.659Z","logger":"broker_ingress","caller":"ingress/ingress_handler.go:120","msg":"Error retrieving TTL, defaulting.","commit":"7655d9c","error":"\"knativebrokerttl\" not found"}
{"level":"info","ts":"2019-12-03T21:04:49.659Z","logger":"broker_ingress","caller":"ingress/ingress_handler.go:120","msg":"Error retrieving TTL, defaulting.","commit":"7655d9c","error":"\"knativebrokerttl\" not found"}
{"level":"info","ts":"2019-12-03T21:04:49.660Z","logger":"broker_ingress","caller":"ingress/ingress_handler.go:120","msg":"Error retrieving TTL, defaulting.","commit":"7655d9c","error":"\"knativebrokerttl\" not found"}
{"level":"info","ts":"2019-12-03T21:04:49.660Z","logger":"broker_ingress","caller":"ingress/ingress_handler.go:120","msg":"Error retrieving TTL, defaulting.","commit":"7655d9c","error":"\"knativebrokerttl\" not found"}
{"level":"info","ts":"2019-12-03T21:04:49.660Z","logger":"broker_ingress","caller":"ingress/ingress_handler.go:120","msg":"Error retrieving TTL, defaulting.","commit":"7655d9c","error":"\"knativebrokerttl\" not found"}
{"level":"info","ts":"2019-12-03T21:04:49.660Z","logger":"broker_ingress","caller":"ingress/ingress_handler.go:120","msg":"Error retrieving TTL, defaulting.","commit":"7655d9c","error":"\"knativebrokerttl\" not found"}
{"level":"info","ts":"2019-12-03T21:04:49.661Z","logger":"broker_ingress","caller":"ingress/ingress_handler.go:120","msg":"Error retrieving TTL, defaulting.","commit":"7655d9c","error":"\"knativebrokerttl\" not found"}
{"level":"info","ts":"2019-12-03T21:04:49.672Z","logger":"broker_ingress","caller":"ingress/ingress_handler.go:120","msg":"Error retrieving TTL, defaulting.","commit":"7655d9c","error":"\"knativebrokerttl\" not found"}
{"level":"info","ts":"2019-12-03T21:04:49.694Z","logger":"broker_ingress","caller":"ingress/ingress_handler.go:120","msg":"Error retrieving TTL, defaulting.","commit":"7655d9c","error":"\"knativebrokerttl\" not found"}
{"level":"info","ts":"2019-12-03T21:04:49.694Z","logger":"broker_ingress","caller":"ingress/ingress_handler.go:120","msg":"Error retrieving TTL, defaulting.","commit":"7655d9c","error":"\"knativebrokerttl\" not found"}
{"level":"info","ts":"2019-12-03T21:04:49.695Z","logger":"broker_ingress","caller":"ingress/ingress_handler.go:120","msg":"Error retrieving TTL, defaulting.","commit":"7655d9c","error":"\"knativebrokerttl\" not found"}
{"level":"info","ts":"2019-12-03T21:04:49.720Z","logger":"broker_ingress","caller":"ingress/ingress_handler.go:120","msg":"Error retrieving TTL, defaulting.","commit":"7655d9c","error":"\"knativebrokerttl\" not found"}
{"level":"info","ts":"2019-12-03T21:04:49.721Z","logger":"broker_ingress","caller":"ingress/ingress_handler.go:120","msg":"Error retrieving TTL, defaulting.","commit":"7655d9c","error":"\"knativebrokerttl\" not found"}
{"level":"info","ts":"2019-12-03T21:04:49.721Z","logger":"broker_ingress","caller":"ingress/ingress_handler.go:120","msg":"Error retrieving TTL, defaulting.","commit":"7655d9c","error":"\"knativebrokerttl\" not found"}
{"level":"info","ts":"2019-12-03T21:04:49.721Z","logger":"broker_ingress","caller":"ingress/ingress_handler.go:120","msg":"Error retrieving TTL, defaulting.","commit":"7655d9c","error":"\"knativebrokerttl\" not found"}
{"level":"info","ts":"2019-12-03T21:04:49.721Z","logger":"broker_ingress","caller":"ingress/ingress_handler.go:120","msg":"Error retrieving TTL, defaulting.","commit":"7655d9c","error":"\"knativebrokerttl\" not found"}
{"level":"info","ts":"2019-12-03T21:04:49.721Z","logger":"broker_ingress","caller":"ingress/ingress_handler.go:120","msg":"Error retrieving TTL, defaulting.","commit":"7655d9c","error":"\"knativebrokerttl\" not found"}
{"level":"info","ts":"2019-12-03T21:04:49.721Z","logger":"broker_ingress","caller":"ingress/ingress_handler.go:120","msg":"Error retrieving TTL, defaulting.","commit":"7655d9c","error":"\"knativebrokerttl\" not found"}
{"level":"info","ts":"2019-12-03T21:04:49.722Z","logger":"broker_ingress","caller":"ingress/ingress_handler.go:120","msg":"Error retrieving TTL, defaulting.","commit":"7655d9c","error":"\"knativebrokerttl\" not found"}
{"level":"info","ts":"2019-12-03T21:04:49.722Z","logger":"broker_ingress","caller":"ingress/ingress_handler.go:120","msg":"Error retrieving TTL, defaulting.","commit":"7655d9c","error":"\"knativebrokerttl\" not found"}
{"level":"info","ts":"2019-12-03T21:04:49.722Z","logger":"broker_ingress","caller":"ingress/ingress_handler.go:120","msg":"Error retrieving TTL, defaulting.","commit":"7655d9c","error":"\"knativebrokerttl\" not found"}
{"level":"info","ts":"2019-12-03T21:04:49.722Z","logger":"broker_ingress","caller":"ingress/ingress_handler.go:120","msg":"Error retrieving TTL, defaulting.","commit":"7655d9c","error":"\"knativebrokerttl\" not found"}
{"level":"info","ts":"2019-12-03T21:04:49.722Z","logger":"broker_ingress","caller":"ingress/ingress_handler.go:120","msg":"Error retrieving TTL, defaulting.","commit":"7655d9c","error":"\"knativebrokerttl\" not found"}
{"level":"info","ts":"2019-12-03T21:04:49.722Z","logger":"broker_ingress","caller":"ingress/ingress_handler.go:120","msg":"Error retrieving TTL, defaulting.","commit":"7655d9c","error":"\"knativebrokerttl\" not found"}
{"level":"info","ts":"2019-12-03T21:04:49.722Z","logger":"broker_ingress","caller":"ingress/ingress_handler.go:120","msg":"Error retrieving TTL, defaulting.","commit":"7655d9c","error":"\"knativebrokerttl\" not found"}
{"level":"info","ts":"2019-12-03T21:04:49.722Z","logger":"broker_ingress","caller":"ingress/ingress_handler.go:120","msg":"Error retrieving TTL, defaulting.","commit":"7655d9c","error":"\"knativebrokerttl\" not found"}
{"level":"info","ts":"2019-12-03T21:04:49.723Z","logger":"broker_ingress","caller":"ingress/ingress_handler.go:120","msg":"Error retrieving TTL, defaulting.","commit":"7655d9c","error":"\"knativebrokerttl\" not found"}
{"level":"info","ts":"2019-12-03T21:04:49.857Z","logger":"broker_ingress","caller":"ingress/ingress_handler.go:120","msg":"Error retrieving TTL, defaulting.","commit":"7655d9c","error":"\"knativebrokerttl\" not found"}
{"level":"info","ts":"2019-12-03T21:04:49.857Z","logger":"broker_ingress","caller":"ingress/ingress_handler.go:120","msg":"Error retrieving TTL, defaulting.","commit":"7655d9c","error":"\"knativebrokerttl\" not found"}
{"level":"info","ts":"2019-12-03T21:04:49.857Z","logger":"broker_ingress","caller":"ingress/ingress_handler.go:120","msg":"Error retrieving TTL, defaulting.","commit":"7655d9c","error":"\"knativebrokerttl\" not found"}
{"level":"info","ts":"2019-12-03T21:04:49.858Z","logger":"broker_ingress","caller":"ingress/ingress_handler.go:120","msg":"Error retrieving TTL, defaulting.","commit":"7655d9c","error":"\"knativebrokerttl\" not found"}
{"level":"info","ts":"2019-12-03T21:04:49.969Z","logger":"broker_ingress","caller":"ingress/ingress_handler.go:120","msg":"Error retrieving TTL, defaulting.","commit":"7655d9c","error":"\"knativebrokerttl\" not found"}
{"level":"info","ts":"2019-12-03T21:04:49.969Z","logger":"broker_ingress","caller":"ingress/ingress_handler.go:120","msg":"Error retrieving TTL, defaulting.","commit":"7655d9c","error":"\"knativebrokerttl\" not found"}
{"level":"info","ts":"2019-12-03T21:04:49.969Z","logger":"broker_ingress","caller":"ingress/ingress_handler.go:120","msg":"Error retrieving TTL, defaulting.","commit":"7655d9c","error":"\"knativebrokerttl\" not found"}
{"level":"info","ts":"2019-12-03T21:04:49.970Z","logger":"broker_ingress","caller":"ingress/ingress_handler.go:120","msg":"Error retrieving TTL, defaulting.","commit":"7655d9c","error":"\"knativebrokerttl\" not found"}
{"level":"info","ts":"2019-12-03T21:04:50.005Z","logger":"broker_ingress","caller":"ingress/ingress_handler.go:120","msg":"Error retrieving TTL, defaulting.","commit":"7655d9c","error":"\"knativebrokerttl\" not found"}
{"level":"info","ts":"2019-12-03T21:04:50.005Z","logger":"broker_ingress","caller":"ingress/ingress_handler.go:120","msg":"Error retrieving TTL, defaulting.","commit":"7655d9c","error":"\"knativebrokerttl\" not found"}
{"level":"info","ts":"2019-12-03T21:04:50.005Z","logger":"broker_ingress","caller":"ingress/ingress_handler.go:120","msg":"Error retrieving TTL, defaulting.","commit":"7655d9c","error":"\"knativebrokerttl\" not found"}
{"level":"info","ts":"2019-12-03T21:04:50.006Z","logger":"broker_ingress","caller":"ingress/ingress_handler.go:120","msg":"Error retrieving TTL, defaulting.","commit":"7655d9c","error":"\"knativebrokerttl\" not found"}
{"level":"info","ts":"2019-12-03T21:04:50.006Z","logger":"broker_ingress","caller":"ingress/ingress_handler.go:120","msg":"Error retrieving TTL, defaulting.","commit":"7655d9c","error":"\"knativebrokerttl\" not found"}
{"level":"info","ts":"2019-12-03T21:04:50.006Z","logger":"broker_ingress","caller":"ingress/ingress_handler.go:120","msg":"Error retrieving TTL, defaulting.","commit":"7655d9c","error":"\"knativebrokerttl\" not found"}
{"level":"info","ts":"2019-12-03T21:04:50.006Z","logger":"broker_ingress","caller":"ingress/ingress_handler.go:120","msg":"Error retrieving TTL, defaulting.","commit":"7655d9c","error":"\"knativebrokerttl\" not found"}
{"level":"info","ts":"2019-12-03T21:04:50.006Z","logger":"broker_ingress","caller":"ingress/ingress_handler.go:120","msg":"Error retrieving TTL, defaulting.","commit":"7655d9c","error":"\"knativebrokerttl\" not found"}
{"level":"info","ts":"2019-12-03T21:04:50.007Z","logger":"broker_ingress","caller":"ingress/ingress_handler.go:120","msg":"Error retrieving TTL, defaulting.","commit":"7655d9c","error":"\"knativebrokerttl\" not found"}
{"level":"info","ts":"2019-12-03T21:04:50.051Z","logger":"broker_ingress","caller":"ingress/ingress_handler.go:120","msg":"Error retrieving TTL, defaulting.","commit":"7655d9c","error":"\"knativebrokerttl\" not found"}
{"level":"info","ts":"2019-12-03T21:04:50.051Z","logger":"broker_ingress","caller":"ingress/ingress_handler.go:120","msg":"Error retrieving TTL, defaulting.","commit":"7655d9c","error":"\"knativebrokerttl\" not found"}
{"level":"info","ts":"2019-12-03T21:04:50.051Z","logger":"broker_ingress","caller":"ingress/ingress_handler.go:120","msg":"Error retrieving TTL, defaulting.","commit":"7655d9c","error":"\"knativebrokerttl\" not found"}
{"level":"info","ts":"2019-12-03T21:04:50.052Z","logger":"broker_ingress","caller":"ingress/ingress_handler.go:120","msg":"Error retrieving TTL, defaulting.","commit":"7655d9c","error":"\"knativebrokerttl\" not found"}
{"level":"info","ts":"2019-12-03T21:04:50.198Z","logger":"broker_ingress","caller":"ingress/ingress_handler.go:120","msg":"Error retrieving TTL, defaulting.","commit":"7655d9c","error":"\"knativebrokerttl\" not found"}
{"level":"info","ts":"2019-12-03T21:04:50.198Z","logger":"broker_ingress","caller":"ingress/ingress_handler.go:120","msg":"Error retrieving TTL, defaulting.","commit":"7655d9c","error":"\"knativebrokerttl\" not found"}
{"level":"info","ts":"2019-12-03T21:04:50.198Z","logger":"broker_ingress","caller":"ingress/ingress_handler.go:120","msg":"Error retrieving TTL, defaulting.","commit":"7655d9c","error":"\"knativebrokerttl\" not found"}
{"level":"info","ts":"2019-12-03T21:04:50.198Z","logger":"broker_ingress","caller":"ingress/ingress_handler.go:120","msg":"Error retrieving TTL, defaulting.","commit":"7655d9c","error":"\"knativebrokerttl\" not found"}
{"level":"info","ts":"2019-12-03T21:04:50.199Z","logger":"broker_ingress","caller":"ingress/ingress_handler.go:120","msg":"Error retrieving TTL, defaulting.","commit":"7655d9c","error":"\"knativebrokerttl\" not found"}
{"level":"info","ts":"2019-12-03T21:04:50.356Z","logger":"broker_ingress","caller":"ingress/ingress_handler.go:120","msg":"Error retrieving TTL, defaulting.","commit":"7655d9c","error":"\"knativebrokerttl\" not found"}
{"level":"info","ts":"2019-12-03T21:04:50.356Z","logger":"broker_ingress","caller":"ingress/ingress_handler.go:120","msg":"Error retrieving TTL, defaulting.","commit":"7655d9c","error":"\"knativebrokerttl\" not found"}
{"level":"info","ts":"2019-12-03T21:04:50.356Z","logger":"broker_ingress","caller":"ingress/ingress_handler.go:120","msg":"Error retrieving TTL, defaulting.","commit":"7655d9c","error":"\"knativebrokerttl\" not found"}
{"level":"info","ts":"2019-12-03T21:04:50.356Z","logger":"broker_ingress","caller":"ingress/ingress_handler.go:120","msg":"Error retrieving TTL, defaulting.","commit":"7655d9c","error":"\"knativebrokerttl\" not found"}
{"level":"info","ts":"2019-12-03T21:04:50.492Z","logger":"broker_ingress","caller":"ingress/ingress_handler.go:120","msg":"Error retrieving TTL, defaulting.","commit":"7655d9c","error":"\"knativebrokerttl\" not found"}
{"level":"info","ts":"2019-12-03T21:04:50.492Z","logger":"broker_ingress","caller":"ingress/ingress_handler.go:120","msg":"Error retrieving TTL, defaulting.","commit":"7655d9c","error":"\"knativebrokerttl\" not found"}
{"level":"info","ts":"2019-12-03T21:04:50.492Z","logger":"broker_ingress","caller":"ingress/ingress_handler.go:120","msg":"Error retrieving TTL, defaulting.","commit":"7655d9c","error":"\"knativebrokerttl\" not found"}
{"level":"info","ts":"2019-12-03T21:04:50.492Z","logger":"broker_ingress","caller":"ingress/ingress_handler.go:120","msg":"Error retrieving TTL, defaulting.","commit":"7655d9c","error":"\"knativebrokerttl\" not found"}
{"level":"info","ts":"2019-12-03T21:04:50.493Z","logger":"broker_ingress","caller":"ingress/ingress_handler.go:120","msg":"Error retrieving TTL, defaulting.","commit":"7655d9c","error":"\"knativebrokerttl\" not found"}
{"level":"info","ts":"2019-12-03T21:04:50.575Z","logger":"broker_ingress","caller":"ingress/ingress_handler.go:120","msg":"Error retrieving TTL, defaulting.","commit":"7655d9c","error":"\"knativebrokerttl\" not found"}
{"level":"info","ts":"2019-12-03T21:04:50.575Z","logger":"broker_ingress","caller":"ingress/ingress_handler.go:120","msg":"Error retrieving TTL, defaulting.","commit":"7655d9c","error":"\"knativebrokerttl\" not found"}
{"level":"info","ts":"2019-12-03T21:04:50.575Z","logger":"broker_ingress","caller":"ingress/ingress_handler.go:120","msg":"Error retrieving TTL, defaulting.","commit":"7655d9c","error":"\"knativebrokerttl\" not found"}
{"level":"info","ts":"2019-12-03T21:04:50.645Z","logger":"broker_ingress","caller":"ingress/ingress_handler.go:120","msg":"Error retrieving TTL, defaulting.","commit":"7655d9c","error":"\"knativebrokerttl\" not found"}
{"level":"info","ts":"2019-12-03T21:04:50.645Z","logger":"broker_ingress","caller":"ingress/ingress_handler.go:120","msg":"Error retrieving TTL, defaulting.","commit":"7655d9c","error":"\"knativebrokerttl\" not found"}
{"level":"info","ts":"2019-12-03T21:04:50.645Z","logger":"broker_ingress","caller":"ingress/ingress_handler.go:120","msg":"Error retrieving TTL, defaulting.","commit":"7655d9c","error":"\"knativebrokerttl\" not found"}
{"level":"info","ts":"2019-12-03T21:04:50.762Z","logger":"broker_ingress","caller":"ingress/ingress_handler.go:120","msg":"Error retrieving TTL, defaulting.","commit":"7655d9c","error":"\"knativebrokerttl\" not found"}
{"level":"info","ts":"2019-12-03T21:04:50.762Z","logger":"broker_ingress","caller":"ingress/ingress_handler.go:120","msg":"Error retrieving TTL, defaulting.","commit":"7655d9c","error":"\"knativebrokerttl\" not found"}
{"level":"info","ts":"2019-12-03T21:04:50.762Z","logger":"broker_ingress","caller":"ingress/ingress_handler.go:120","msg":"Error retrieving TTL, defaulting.","commit":"7655d9c","error":"\"knativebrokerttl\" not found"}
{"level":"info","ts":"2019-12-03T21:04:50.762Z","logger":"broker_ingress","caller":"ingress/ingress_handler.go:120","msg":"Error retrieving TTL, defaulting.","commit":"7655d9c","error":"\"knativebrokerttl\" not found"}
{"level":"info","ts":"2019-12-03T21:04:50.763Z","logger":"broker_ingress","caller":"ingress/ingress_handler.go:120","msg":"Error retrieving TTL, defaulting.","commit":"7655d9c","error":"\"knativebrokerttl\" not found"}
{"level":"info","ts":"2019-12-03T21:04:50.875Z","logger":"broker_ingress","caller":"ingress/ingress_handler.go:120","msg":"Error retrieving TTL, defaulting.","commit":"7655d9c","error":"\"knativebrokerttl\" not found"}
{"level":"info","ts":"2019-12-03T21:04:50.875Z","logger":"broker_ingress","caller":"ingress/ingress_handler.go:120","msg":"Error retrieving TTL, defaulting.","commit":"7655d9c","error":"\"knativebrokerttl\" not found"}
{"level":"info","ts":"2019-12-03T21:04:50.875Z","logger":"broker_ingress","caller":"ingress/ingress_handler.go:120","msg":"Error retrieving TTL, defaulting.","commit":"7655d9c","error":"\"knativebrokerttl\" not found"}
{"level":"info","ts":"2019-12-03T21:04:50.875Z","logger":"broker_ingress","caller":"ingress/ingress_handler.go:120","msg":"Error retrieving TTL, defaulting.","commit":"7655d9c","error":"\"knativebrokerttl\" not found"}
{"level":"info","ts":"2019-12-03T21:04:50.876Z","logger":"broker_ingress","caller":"ingress/ingress_handler.go:120","msg":"Error retrieving TTL, defaulting.","commit":"7655d9c","error":"\"knativebrokerttl\" not found"}
{"level":"info","ts":"2019-12-03T21:04:50.876Z","logger":"broker_ingress","caller":"ingress/ingress_handler.go:120","msg":"Error retrieving TTL, defaulting.","commit":"7655d9c","error":"\"knativebrokerttl\" not found"}
{"level":"info","ts":"2019-12-03T21:04:50.920Z","logger":"broker_ingress","caller":"ingress/ingress_handler.go:120","msg":"Error retrieving TTL, defaulting.","commit":"7655d9c","error":"\"knativebrokerttl\" not found"}
{"level":"info","ts":"2019-12-03T21:04:50.920Z","logger":"broker_ingress","caller":"ingress/ingress_handler.go:120","msg":"Error retrieving TTL, defaulting.","commit":"7655d9c","error":"\"knativebrokerttl\" not found"}
{"level":"info","ts":"2019-12-03T21:04:50.920Z","logger":"broker_ingress","caller":"ingress/ingress_handler.go:120","msg":"Error retrieving TTL, defaulting.","commit":"7655d9c","error":"\"knativebrokerttl\" not found"}
{"level":"info","ts":"2019-12-03T21:04:50.920Z","logger":"broker_ingress","caller":"ingress/ingress_handler.go:120","msg":"Error retrieving TTL, defaulting.","commit":"7655d9c","error":"\"knativebrokerttl\" not found"}
{"level":"info","ts":"2019-12-03T21:04:50.921Z","logger":"broker_ingress","caller":"ingress/ingress_handler.go:120","msg":"Error retrieving TTL, defaulting.","commit":"7655d9c","error":"\"knativebrokerttl\" not found"}
{"level":"info","ts":"2019-12-03T21:04:50.935Z","logger":"broker_ingress","caller":"ingress/ingress_handler.go:120","msg":"Error retrieving TTL, defaulting.","commit":"7655d9c","error":"\"knativebrokerttl\" not found"}
{"level":"info","ts":"2019-12-03T21:04:50.935Z","logger":"broker_ingress","caller":"ingress/ingress_handler.go:120","msg":"Error retrieving TTL, defaulting.","commit":"7655d9c","error":"\"knativebrokerttl\" not found"}
{"level":"info","ts":"2019-12-03T21:04:50.935Z","logger":"broker_ingress","caller":"ingress/ingress_handler.go:120","msg":"Error retrieving TTL, defaulting.","commit":"7655d9c","error":"\"knativebrokerttl\" not found"}
{"level":"info","ts":"2019-12-03T21:04:50.935Z","logger":"broker_ingress","caller":"ingress/ingress_handler.go:120","msg":"Error retrieving TTL, defaulting.","commit":"7655d9c","error":"\"knativebrokerttl\" not found"}
{"level":"info","ts":"2019-12-03T21:04:50.936Z","logger":"broker_ingress","caller":"ingress/ingress_handler.go:120","msg":"Error retrieving TTL, defaulting.","commit":"7655d9c","error":"\"knativebrokerttl\" not found"}
{"level":"info","ts":"2019-12-03T21:04:50.952Z","logger":"broker_ingress","caller":"ingress/ingress_handler.go:120","msg":"Error retrieving TTL, defaulting.","commit":"7655d9c","error":"\"knativebrokerttl\" not found"}
{"level":"info","ts":"2019-12-03T21:04:50.952Z","logger":"broker_ingress","caller":"ingress/ingress_handler.go:120","msg":"Error retrieving TTL, defaulting.","commit":"7655d9c","error":"\"knativebrokerttl\" not found"}
{"level":"info","ts":"2019-12-03T21:04:50.952Z","logger":"broker_ingress","caller":"ingress/ingress_handler.go:120","msg":"Error retrieving TTL, defaulting.","commit":"7655d9c","error":"\"knativebrokerttl\" not found"}
{"level":"info","ts":"2019-12-03T21:04:50.952Z","logger":"broker_ingress","caller":"ingress/ingress_handler.go:120","msg":"Error retrieving TTL, defaulting.","commit":"7655d9c","error":"\"knativebrokerttl\" not found"}
{"level":"info","ts":"2019-12-03T21:04:50.953Z","logger":"broker_ingress","caller":"ingress/ingress_handler.go:120","msg":"Error retrieving TTL, defaulting.","commit":"7655d9c","error":"\"knativebrokerttl\" not found"}
{"level":"info","ts":"2019-12-03T21:04:50.993Z","logger":"broker_ingress","caller":"ingress/ingress_handler.go:120","msg":"Error retrieving TTL, defaulting.","commit":"7655d9c","error":"\"knativebrokerttl\" not found"}
{"level":"info","ts":"2019-12-03T21:04:50.993Z","logger":"broker_ingress","caller":"ingress/ingress_handler.go:120","msg":"Error retrieving TTL, defaulting.","commit":"7655d9c","error":"\"knativebrokerttl\" not found"}
{"level":"info","ts":"2019-12-03T21:04:50.993Z","logger":"broker_ingress","caller":"ingress/ingress_handler.go:120","msg":"Error retrieving TTL, defaulting.","commit":"7655d9c","error":"\"knativebrokerttl\" not found"}
{"level":"info","ts":"2019-12-03T21:04:50.993Z","logger":"broker_ingress","caller":"ingress/ingress_handler.go:120","msg":"Error retrieving TTL, defaulting.","commit":"7655d9c","error":"\"knativebrokerttl\" not found"}
{"level":"info","ts":"2019-12-03T21:04:50.994Z","logger":"broker_ingress","caller":"ingress/ingress_handler.go:120","msg":"Error retrieving TTL, defaulting.","commit":"7655d9c","error":"\"knativebrokerttl\" not found"}
{"level":"info","ts":"2019-12-03T21:04:51.018Z","logger":"broker_ingress","caller":"ingress/ingress_handler.go:120","msg":"Error retrieving TTL, defaulting.","commit":"7655d9c","error":"\"knativebrokerttl\" not found"}
{"level":"info","ts":"2019-12-03T21:04:51.018Z","logger":"broker_ingress","caller":"ingress/ingress_handler.go:120","msg":"Error retrieving TTL, defaulting.","commit":"7655d9c","error":"\"knativebrokerttl\" not found"}
{"level":"info","ts":"2019-12-03T21:04:51.018Z","logger":"broker_ingress","caller":"ingress/ingress_handler.go:120","msg":"Error retrieving TTL, defaulting.","commit":"7655d9c","error":"\"knativebrokerttl\" not found"}
{"level":"info","ts":"2019-12-03T21:04:51.018Z","logger":"broker_ingress","caller":"ingress/ingress_handler.go:120","msg":"Error retrieving TTL, defaulting.","commit":"7655d9c","error":"\"knativebrokerttl\" not found"}
{"level":"info","ts":"2019-12-03T21:04:51.095Z","logger":"broker_ingress","caller":"ingress/ingress_handler.go:120","msg":"Error retrieving TTL, defaulting.","commit":"7655d9c","error":"\"knativebrokerttl\" not found"}
{"level":"info","ts":"2019-12-03T21:04:51.095Z","logger":"broker_ingress","caller":"ingress/ingress_handler.go:120","msg":"Error retrieving TTL, defaulting.","commit":"7655d9c","error":"\"knativebrokerttl\" not found"}
{"level":"info","ts":"2019-12-03T21:04:51.122Z","logger":"broker_ingress","caller":"ingress/ingress_handler.go:120","msg":"Error retrieving TTL, defaulting.","commit":"7655d9c","error":"\"knativebrokerttl\" not found"}
{"level":"info","ts":"2019-12-03T21:04:51.122Z","logger":"broker_ingress","caller":"ingress/ingress_handler.go:120","msg":"Error retrieving TTL, defaulting.","commit":"7655d9c","error":"\"knativebrokerttl\" not found"}
{"level":"info","ts":"2019-12-03T21:04:51.123Z","logger":"broker_ingress","caller":"ingress/ingress_handler.go:120","msg":"Error retrieving TTL, defaulting.","commit":"7655d9c","error":"\"knativebrokerttl\" not found"}
{"level":"info","ts":"2019-12-03T21:04:51.157Z","logger":"broker_ingress","caller":"ingress/ingress_handler.go:120","msg":"Error retrieving TTL, defaulting.","commit":"7655d9c","error":"\"knativebrokerttl\" not found"}
{"level":"info","ts":"2019-12-03T21:04:51.157Z","logger":"broker_ingress","caller":"ingress/ingress_handler.go:120","msg":"Error retrieving TTL, defaulting.","commit":"7655d9c","error":"\"knativebrokerttl\" not found"}
{"level":"info","ts":"2019-12-03T21:04:51.228Z","logger":"broker_ingress","caller":"ingress/ingress_handler.go:120","msg":"Error retrieving TTL, defaulting.","commit":"7655d9c","error":"\"knativebrokerttl\" not found"}
{"level":"info","ts":"2019-12-03T21:04:51.228Z","logger":"broker_ingress","caller":"ingress/ingress_handler.go:120","msg":"Error retrieving TTL, defaulting.","commit":"7655d9c","error":"\"knativebrokerttl\" not found"}
{"level":"info","ts":"2019-12-03T21:04:51.344Z","logger":"broker_ingress","caller":"ingress/ingress_handler.go:120","msg":"Error retrieving TTL, defaulting.","commit":"7655d9c","error":"\"knativebrokerttl\" not found"}
{"level":"info","ts":"2019-12-03T21:04:51.345Z","logger":"broker_ingress","caller":"ingress/ingress_handler.go:120","msg":"Error retrieving TTL, defaulting.","commit":"7655d9c","error":"\"knativebrokerttl\" not found"}
{"level":"info","ts":"2019-12-03T21:04:51.345Z","logger":"broker_ingress","caller":"ingress/ingress_handler.go:120","msg":"Error retrieving TTL, defaulting.","commit":"7655d9c","error":"\"knativebrokerttl\" not found"}
{"level":"info","ts":"2019-12-03T21:04:51.345Z","logger":"broker_ingress","caller":"ingress/ingress_handler.go:120","msg":"Error retrieving TTL, defaulting.","commit":"7655d9c","error":"\"knativebrokerttl\" not found"}
{"level":"info","ts":"2019-12-03T21:04:51.345Z","logger":"broker_ingress","caller":"ingress/ingress_handler.go:120","msg":"Error retrieving TTL, defaulting.","commit":"7655d9c","error":"\"knativebrokerttl\" not found"}
{"level":"info","ts":"2019-12-03T21:04:51.345Z","logger":"broker_ingress","caller":"ingress/ingress_handler.go:120","msg":"Error retrieving TTL, defaulting.","commit":"7655d9c","error":"\"knativebrokerttl\" not found"}
{"level":"info","ts":"2019-12-03T21:04:51.345Z","logger":"broker_ingress","caller":"ingress/ingress_handler.go:120","msg":"Error retrieving TTL, defaulting.","commit":"7655d9c","error":"\"knativebrokerttl\" not found"}
{"level":"info","ts":"2019-12-03T21:04:51.400Z","logger":"broker_ingress","caller":"ingress/ingress_handler.go:120","msg":"Error retrieving TTL, defaulting.","commit":"7655d9c","error":"\"knativebrokerttl\" not found"}
{"level":"info","ts":"2019-12-03T21:04:51.400Z","logger":"broker_ingress","caller":"ingress/ingress_handler.go:120","msg":"Error retrieving TTL, defaulting.","commit":"7655d9c","error":"\"knativebrokerttl\" not found"}
{"level":"info","ts":"2019-12-03T21:04:49.107Z","logger":"broker_ingress","caller":"ingress/ingress_handler.go:120","msg":"Error retrieving TTL, defaulting.","commit":"7655d9c","error":"\"knativebrokerttl\" not found"}
{"level":"info","ts":"2019-12-03T21:04:51.400Z","logger":"broker_ingress","caller":"ingress/ingress_handler.go:120","msg":"Error retrieving TTL, defaulting.","commit":"7655d9c","error":"\"knativebrokerttl\" not found"}
{"level":"info","ts":"2019-12-03T21:04:49.105Z","logger":"broker_ingress","caller":"ingress/ingress_handler.go:120","msg":"Error retrieving TTL, defaulting.","commit":"7655d9c","error":"\"knativebrokerttl\" not found"}
{"level":"info","ts":"2019-12-03T21:04:51.401Z","logger":"broker_ingress","caller":"ingress/ingress_handler.go:120","msg":"Error retrieving TTL, defaulting.","commit":"7655d9c","error":"\"knativebrokerttl\" not found"}
{"level":"info","ts":"2019-12-03T21:04:51.446Z","logger":"broker_ingress","caller":"ingress/ingress_handler.go:120","msg":"Error retrieving TTL, defaulting.","commit":"7655d9c","error":"\"knativebrokerttl\" not found"}
{"level":"info","ts":"2019-12-03T21:04:51.446Z","logger":"broker_ingress","caller":"ingress/ingress_handler.go:120","msg":"Error retrieving TTL, defaulting.","commit":"7655d9c","error":"\"knativebrokerttl\" not found"}
{"level":"info","ts":"2019-12-03T21:04:51.446Z","logger":"broker_ingress","caller":"ingress/ingress_handler.go:120","msg":"Error retrieving TTL, defaulting.","commit":"7655d9c","error":"\"knativebrokerttl\" not found"}
{"level":"info","ts":"2019-12-03T21:04:51.446Z","logger":"broker_ingress","caller":"ingress/ingress_handler.go:120","msg":"Error retrieving TTL, defaulting.","commit":"7655d9c","error":"\"knativebrokerttl\" not found"}
{"level":"info","ts":"2019-12-03T21:04:51.446Z","logger":"broker_ingress","caller":"ingress/ingress_handler.go:120","msg":"Error retrieving TTL, defaulting.","commit":"7655d9c","error":"\"knativebrokerttl\" not found"}
{"level":"info","ts":"2019-12-03T21:04:51.447Z","logger":"broker_ingress","caller":"ingress/ingress_handler.go:120","msg":"Error retrieving TTL, defaulting.","commit":"7655d9c","error":"\"knativebrokerttl\" not found"}
{"level":"info","ts":"2019-12-03T21:04:51.447Z","logger":"broker_ingress","caller":"ingress/ingress_handler.go:120","msg":"Error retrieving TTL, defaulting.","commit":"7655d9c","error":"\"knativebrokerttl\" not found"}
{"level":"info","ts":"2019-12-03T21:04:51.470Z","logger":"broker_ingress","caller":"ingress/ingress_handler.go:120","msg":"Error retrieving TTL, defaulting.","commit":"7655d9c","error":"\"knativebrokerttl\" not found"}
{"level":"info","ts":"2019-12-03T21:04:51.470Z","logger":"broker_ingress","caller":"ingress/ingress_handler.go:120","msg":"Error retrieving TTL, defaulting.","commit":"7655d9c","error":"\"knativebrokerttl\" not found"}
{"level":"info","ts":"2019-12-03T21:04:51.476Z","logger":"broker_ingress","caller":"ingress/ingress_handler.go:120","msg":"Error retrieving TTL, defaulting.","commit":"7655d9c","error":"\"knativebrokerttl\" not found"}
{"level":"info","ts":"2019-12-03T21:04:51.476Z","logger":"broker_ingress","caller":"ingress/ingress_handler.go:120","msg":"Error retrieving TTL, defaulting.","commit":"7655d9c","error":"\"knativebrokerttl\" not found"}
{"level":"info","ts":"2019-12-03T21:04:51.476Z","logger":"broker_ingress","caller":"ingress/ingress_handler.go:120","msg":"Error retrieving TTL, defaulting.","commit":"7655d9c","error":"\"knativebrokerttl\" not found"}
{"level":"info","ts":"2019-12-03T21:04:51.477Z","logger":"broker_ingress","caller":"ingress/ingress_handler.go:120","msg":"Error retrieving TTL, defaulting.","commit":"7655d9c","error":"\"knativebrokerttl\" not found"}
{"level":"info","ts":"2019-12-03T21:04:51.447Z","logger":"broker_ingress","caller":"ingress/ingress_handler.go:120","msg":"Error retrieving TTL, defaulting.","commit":"7655d9c","error":"\"knativebrokerttl\" not found"}
{"level":"info","ts":"2019-12-03T21:04:51.485Z","logger":"broker_ingress","caller":"ingress/ingress_handler.go:120","msg":"Error retrieving TTL, defaulting.","commit":"7655d9c","error":"\"knativebrokerttl\" not found"}
{"level":"info","ts":"2019-12-03T21:04:51.485Z","logger":"broker_ingress","caller":"ingress/ingress_handler.go:120","msg":"Error retrieving TTL, defaulting.","commit":"7655d9c","error":"\"knativebrokerttl\" not found"}
{"level":"info","ts":"2019-12-03T21:04:51.485Z","logger":"broker_ingress","caller":"ingress/ingress_handler.go:120","msg":"Error retrieving TTL, defaulting.","commit":"7655d9c","error":"\"knativebrokerttl\" not found"}
{"level":"info","ts":"2019-12-03T21:04:51.486Z","logger":"broker_ingress","caller":"ingress/ingress_handler.go:120","msg":"Error retrieving TTL, defaulting.","commit":"7655d9c","error":"\"knativebrokerttl\" not found"}
{"level":"info","ts":"2019-12-03T21:04:51.534Z","logger":"broker_ingress","caller":"ingress/ingress_handler.go:120","msg":"Error retrieving TTL, defaulting.","commit":"7655d9c","error":"\"knativebrokerttl\" not found"}
{"level":"info","ts":"2019-12-03T21:04:51.534Z","logger":"broker_ingress","caller":"ingress/ingress_handler.go:120","msg":"Error retrieving TTL, defaulting.","commit":"7655d9c","error":"\"knativebrokerttl\" not found"}
{"level":"info","ts":"2019-12-03T21:04:51.575Z","logger":"broker_ingress","caller":"ingress/ingress_handler.go:120","msg":"Error retrieving TTL, defaulting.","commit":"7655d9c","error":"\"knativebrokerttl\" not found"}
{"level":"info","ts":"2019-12-03T21:04:51.575Z","logger":"broker_ingress","caller":"ingress/ingress_handler.go:120","msg":"Error retrieving TTL, defaulting.","commit":"7655d9c","error":"\"knativebrokerttl\" not found"}
{"level":"info","ts":"2019-12-03T21:04:51.576Z","logger":"broker_ingress","caller":"ingress/ingress_handler.go:120","msg":"Error retrieving TTL, defaulting.","commit":"7655d9c","error":"\"knativebrokerttl\" not found"}
{"level":"info","ts":"2019-12-03T21:04:51.616Z","logger":"broker_ingress","caller":"ingress/ingress_handler.go:120","msg":"Error retrieving TTL, defaulting.","commit":"7655d9c","error":"\"knativebrokerttl\" not found"}
{"level":"info","ts":"2019-12-03T21:04:51.616Z","logger":"broker_ingress","caller":"ingress/ingress_handler.go:120","msg":"Error retrieving TTL, defaulting.","commit":"7655d9c","error":"\"knativebrokerttl\" not found"}
{"level":"info","ts":"2019-12-03T21:04:51.616Z","logger":"broker_ingress","caller":"ingress/ingress_handler.go:120","msg":"Error retrieving TTL, defaulting.","commit":"7655d9c","error":"\"knativebrokerttl\" not found"}
{"level":"info","ts":"2019-12-03T21:04:51.617Z","logger":"broker_ingress","caller":"ingress/ingress_handler.go:120","msg":"Error retrieving TTL, defaulting.","commit":"7655d9c","error":"\"knativebrokerttl\" not found"}
{"level":"info","ts":"2019-12-03T21:04:51.644Z","logger":"broker_ingress","caller":"ingress/ingress_handler.go:120","msg":"Error retrieving TTL, defaulting.","commit":"7655d9c","error":"\"knativebrokerttl\" not found"}
{"level":"info","ts":"2019-12-03T21:04:51.644Z","logger":"broker_ingress","caller":"ingress/ingress_handler.go:120","msg":"Error retrieving TTL, defaulting.","commit":"7655d9c","error":"\"knativebrokerttl\" not found"}
{"level":"info","ts":"2019-12-03T21:04:51.657Z","logger":"broker_ingress","caller":"ingress/ingress_handler.go:120","msg":"Error retrieving TTL, defaulting.","commit":"7655d9c","error":"\"knativebrokerttl\" not found"}
{"level":"info","ts":"2019-12-03T21:04:51.657Z","logger":"broker_ingress","caller":"ingress/ingress_handler.go:120","msg":"Error retrieving TTL, defaulting.","commit":"7655d9c","error":"\"knativebrokerttl\" not found"}
{"level":"info","ts":"2019-12-03T21:04:51.657Z","logger":"broker_ingress","caller":"ingress/ingress_handler.go:120","msg":"Error retrieving TTL, defaulting.","commit":"7655d9c","error":"\"knativebrokerttl\" not found"}
{"level":"info","ts":"2019-12-03T21:04:51.658Z","logger":"broker_ingress","caller":"ingress/ingress_handler.go:120","msg":"Error retrieving TTL, defaulting.","commit":"7655d9c","error":"\"knativebrokerttl\" not found"}
{"level":"info","ts":"2019-12-03T21:04:51.667Z","logger":"broker_ingress","caller":"ingress/ingress_handler.go:120","msg":"Error retrieving TTL, defaulting.","commit":"7655d9c","error":"\"knativebrokerttl\" not found"}
{"level":"info","ts":"2019-12-03T21:04:49.400Z","logger":"broker_ingress","caller":"ingress/ingress_handler.go:120","msg":"Error retrieving TTL, defaulting.","commit":"7655d9c","error":"\"knativebrokerttl\" not found"}
{"level":"info","ts":"2019-12-03T21:04:51.678Z","logger":"broker_ingress","caller":"ingress/ingress_handler.go:120","msg":"Error retrieving TTL, defaulting.","commit":"7655d9c","error":"\"knativebrokerttl\" not found"}
{"level":"info","ts":"2019-12-03T21:04:51.689Z","logger":"broker_ingress","caller":"ingress/ingress_handler.go:120","msg":"Error retrieving TTL, defaulting.","commit":"7655d9c","error":"\"knativebrokerttl\" not found"}
{"level":"info","ts":"2019-12-03T21:04:51.689Z","logger":"broker_ingress","caller":"ingress/ingress_handler.go:120","msg":"Error retrieving TTL, defaulting.","commit":"7655d9c","error":"\"knativebrokerttl\" not found"}
{"level":"info","ts":"2019-12-03T21:04:51.698Z","logger":"broker_ingress","caller":"ingress/ingress_handler.go:120","msg":"Error retrieving TTL, defaulting.","commit":"7655d9c","error":"\"knativebrokerttl\" not found"}
{"level":"info","ts":"2019-12-03T21:04:51.703Z","logger":"broker_ingress","caller":"ingress/ingress_handler.go:120","msg":"Error retrieving TTL, defaulting.","commit":"7655d9c","error":"\"knativebrokerttl\" not found"}
{"level":"info","ts":"2019-12-03T21:04:51.703Z","logger":"broker_ingress","caller":"ingress/ingress_handler.go:120","msg":"Error retrieving TTL, defaulting.","commit":"7655d9c","error":"\"knativebrokerttl\" not found"}
{"level":"info","ts":"2019-12-03T21:04:51.711Z","logger":"broker_ingress","caller":"ingress/ingress_handler.go:120","msg":"Error retrieving TTL, defaulting.","commit":"7655d9c","error":"\"knativebrokerttl\" not found"}
{"level":"info","ts":"2019-12-03T21:04:49.634Z","logger":"broker_ingress","caller":"ingress/ingress_handler.go:120","msg":"Error retrieving TTL, defaulting.","commit":"7655d9c","error":"\"knativebrokerttl\" not found"}
{"level":"info","ts":"2019-12-03T21:04:49.661Z","logger":"broker_ingress","caller":"ingress/ingress_handler.go:120","msg":"Error retrieving TTL, defaulting.","commit":"7655d9c","error":"\"knativebrokerttl\" not found"}
{"level":"info","ts":"2019-12-03T21:04:51.718Z","logger":"broker_ingress","caller":"ingress/ingress_handler.go:120","msg":"Error retrieving TTL, defaulting.","commit":"7655d9c","error":"\"knativebrokerttl\" not found"}
{"level":"info","ts":"2019-12-03T21:04:51.718Z","logger":"broker_ingress","caller":"ingress/ingress_handler.go:120","msg":"Error retrieving TTL, defaulting.","commit":"7655d9c","error":"\"knativebrokerttl\" not found"}
{"level":"info","ts":"2019-12-03T21:04:51.718Z","logger":"broker_ingress","caller":"ingress/ingress_handler.go:120","msg":"Error retrieving TTL, defaulting.","commit":"7655d9c","error":"\"knativebrokerttl\" not found"}
{"level":"info","ts":"2019-12-03T21:04:51.779Z","logger":"broker_ingress","caller":"ingress/ingress_handler.go:120","msg":"Error retrieving TTL, defaulting.","commit":"7655d9c","error":"\"knativebrokerttl\" not found"}
{"level":"info","ts":"2019-12-03T21:04:51.779Z","logger":"broker_ingress","caller":"ingress/ingress_handler.go:120","msg":"Error retrieving TTL, defaulting.","commit":"7655d9c","error":"\"knativebrokerttl\" not found"}
{"level":"info","ts":"2019-12-03T21:04:51.779Z","logger":"broker_ingress","caller":"ingress/ingress_handler.go:120","msg":"Error retrieving TTL, defaulting.","commit":"7655d9c","error":"\"knativebrokerttl\" not found"}
{"level":"info","ts":"2019-12-03T21:04:51.780Z","logger":"broker_ingress","caller":"ingress/ingress_handler.go:120","msg":"Error retrieving TTL, defaulting.","commit":"7655d9c","error":"\"knativebrokerttl\" not found"}
{"level":"info","ts":"2019-12-03T21:04:51.780Z","logger":"broker_ingress","caller":"ingress/ingress_handler.go:120","msg":"Error retrieving TTL, defaulting.","commit":"7655d9c","error":"\"knativebrokerttl\" not found"}
{"level":"info","ts":"2019-12-03T21:04:51.780Z","logger":"broker_ingress","caller":"ingress/ingress_handler.go:120","msg":"Error retrieving TTL, defaulting.","commit":"7655d9c","error":"\"knativebrokerttl\" not found"}
{"level":"info","ts":"2019-12-03T21:04:51.780Z","logger":"broker_ingress","caller":"ingress/ingress_handler.go:120","msg":"Error retrieving TTL, defaulting.","commit":"7655d9c","error":"\"knativebrokerttl\" not found"}
{"level":"info","ts":"2019-12-03T21:04:51.780Z","logger":"broker_ingress","caller":"ingress/ingress_handler.go:120","msg":"Error retrieving TTL, defaulting.","commit":"7655d9c","error":"\"knativebrokerttl\" not found"}
{"level":"info","ts":"2019-12-03T21:04:51.780Z","logger":"broker_ingress","caller":"ingress/ingress_handler.go:120","msg":"Error retrieving TTL, defaulting.","commit":"7655d9c","error":"\"knativebrokerttl\" not found"}
{"level":"info","ts":"2019-12-03T21:04:51.780Z","logger":"broker_ingress","caller":"ingress/ingress_handler.go:120","msg":"Error retrieving TTL, defaulting.","commit":"7655d9c","error":"\"knativebrokerttl\" not found"}
{"level":"info","ts":"2019-12-03T21:04:51.781Z","logger":"broker_ingress","caller":"ingress/ingress_handler.go:120","msg":"Error retrieving TTL, defaulting.","commit":"7655d9c","error":"\"knativebrokerttl\" not found"}
{"level":"info","ts":"2019-12-03T21:04:51.781Z","logger":"broker_ingress","caller":"ingress/ingress_handler.go:120","msg":"Error retrieving TTL, defaulting.","commit":"7655d9c","error":"\"knativebrokerttl\" not found"}
{"level":"info","ts":"2019-12-03T21:04:51.781Z","logger":"broker_ingress","caller":"ingress/ingress_handler.go:120","msg":"Error retrieving TTL, defaulting.","commit":"7655d9c","error":"\"knativebrokerttl\" not found"}
{"level":"info","ts":"2019-12-03T21:04:51.781Z","logger":"broker_ingress","caller":"ingress/ingress_handler.go:120","msg":"Error retrieving TTL, defaulting.","commit":"7655d9c","error":"\"knativebrokerttl\" not found"}
{"level":"info","ts":"2019-12-03T21:04:51.781Z","logger":"broker_ingress","caller":"ingress/ingress_handler.go:120","msg":"Error retrieving TTL, defaulting.","commit":"7655d9c","error":"\"knativebrokerttl\" not found"}
{"level":"info","ts":"2019-12-03T21:04:51.781Z","logger":"broker_ingress","caller":"ingress/ingress_handler.go:120","msg":"Error retrieving TTL, defaulting.","commit":"7655d9c","error":"\"knativebrokerttl\" not found"}
{"level":"info","ts":"2019-12-03T21:04:51.781Z","logger":"broker_ingress","caller":"ingress/ingress_handler.go:120","msg":"Error retrieving TTL, defaulting.","commit":"7655d9c","error":"\"knativebrokerttl\" not found"}
{"level":"info","ts":"2019-12-03T21:04:51.782Z","logger":"broker_ingress","caller":"ingress/ingress_handler.go:120","msg":"Error retrieving TTL, defaulting.","commit":"7655d9c","error":"\"knativebrokerttl\" not found"}
{"level":"info","ts":"2019-12-03T21:04:51.782Z","logger":"broker_ingress","caller":"ingress/ingress_handler.go:120","msg":"Error retrieving TTL, defaulting.","commit":"7655d9c","error":"\"knativebrokerttl\" not found"}
{"level":"info","ts":"2019-12-03T21:04:51.782Z","logger":"broker_ingress","caller":"ingress/ingress_handler.go:120","msg":"Error retrieving TTL, defaulting.","commit":"7655d9c","error":"\"knativebrokerttl\" not found"}
{"level":"info","ts":"2019-12-03T21:04:51.782Z","logger":"broker_ingress","caller":"ingress/ingress_handler.go:120","msg":"Error retrieving TTL, defaulting.","commit":"7655d9c","error":"\"knativebrokerttl\" not found"}
{"level":"info","ts":"2019-12-03T21:04:51.782Z","logger":"broker_ingress","caller":"ingress/ingress_handler.go:120","msg":"Error retrieving TTL, defaulting.","commit":"7655d9c","error":"\"knativebrokerttl\" not found"}
{"level":"info","ts":"2019-12-03T21:04:51.782Z","logger":"broker_ingress","caller":"ingress/ingress_handler.go:120","msg":"Error retrieving TTL, defaulting.","commit":"7655d9c","error":"\"knativebrokerttl\" not found"}
{"level":"info","ts":"2019-12-03T21:04:51.782Z","logger":"broker_ingress","caller":"ingress/ingress_handler.go:120","msg":"Error retrieving TTL, defaulting.","commit":"7655d9c","error":"\"knativebrokerttl\" not found"}
{"level":"info","ts":"2019-12-03T21:04:51.783Z","logger":"broker_ingress","caller":"ingress/ingress_handler.go:120","msg":"Error retrieving TTL, defaulting.","commit":"7655d9c","error":"\"knativebrokerttl\" not found"}
{"level":"info","ts":"2019-12-03T21:04:51.787Z","logger":"broker_ingress","caller":"ingress/ingress_handler.go:120","msg":"Error retrieving TTL, defaulting.","commit":"7655d9c","error":"\"knativebrokerttl\" not found"}
{"level":"info","ts":"2019-12-03T21:04:51.787Z","logger":"broker_ingress","caller":"ingress/ingress_handler.go:120","msg":"Error retrieving TTL, defaulting.","commit":"7655d9c","error":"\"knativebrokerttl\" not found"}
{"level":"info","ts":"2019-12-03T21:04:51.787Z","logger":"broker_ingress","caller":"ingress/ingress_handler.go:120","msg":"Error retrieving TTL, defaulting.","commit":"7655d9c","error":"\"knativebrokerttl\" not found"}
{"level":"info","ts":"2019-12-03T21:04:51.787Z","logger":"broker_ingress","caller":"ingress/ingress_handler.go:120","msg":"Error retrieving TTL, defaulting.","commit":"7655d9c","error":"\"knativebrokerttl\" not found"}
{"level":"info","ts":"2019-12-03T21:04:51.799Z","logger":"broker_ingress","caller":"ingress/ingress_handler.go:120","msg":"Error retrieving TTL, defaulting.","commit":"7655d9c","error":"\"knativebrokerttl\" not found"}
{"level":"info","ts":"2019-12-03T21:04:50.357Z","logger":"broker_ingress","caller":"ingress/ingress_handler.go:120","msg":"Error retrieving TTL, defaulting.","commit":"7655d9c","error":"\"knativebrokerttl\" not found"}
{"level":"info","ts":"2019-12-03T21:04:51.799Z","logger":"broker_ingress","caller":"ingress/ingress_handler.go:120","msg":"Error retrieving TTL, defaulting.","commit":"7655d9c","error":"\"knativebrokerttl\" not found"}
{"level":"info","ts":"2019-12-03T21:04:51.799Z","logger":"broker_ingress","caller":"ingress/ingress_handler.go:120","msg":"Error retrieving TTL, defaulting.","commit":"7655d9c","error":"\"knativebrokerttl\" not found"}
{"level":"info","ts":"2019-12-03T21:04:50.646Z","logger":"broker_ingress","caller":"ingress/ingress_handler.go:120","msg":"Error retrieving TTL, defaulting.","commit":"7655d9c","error":"\"knativebrokerttl\" not found"}
{"level":"info","ts":"2019-12-03T21:04:51.832Z","logger":"broker_ingress","caller":"ingress/ingress_handler.go:120","msg":"Error retrieving TTL, defaulting.","commit":"7655d9c","error":"\"knativebrokerttl\" not found"}
{"level":"info","ts":"2019-12-03T21:04:51.832Z","logger":"broker_ingress","caller":"ingress/ingress_handler.go:120","msg":"Error retrieving TTL, defaulting.","commit":"7655d9c","error":"\"knativebrokerttl\" not found"}
{"level":"info","ts":"2019-12-03T21:04:51.832Z","logger":"broker_ingress","caller":"ingress/ingress_handler.go:120","msg":"Error retrieving TTL, defaulting.","commit":"7655d9c","error":"\"knativebrokerttl\" not found"}
{"level":"info","ts":"2019-12-03T21:04:51.832Z","logger":"broker_ingress","caller":"ingress/ingress_handler.go:120","msg":"Error retrieving TTL, defaulting.","commit":"7655d9c","error":"\"knativebrokerttl\" not found"}
{"level":"info","ts":"2019-12-03T21:04:51.833Z","logger":"broker_ingress","caller":"ingress/ingress_handler.go:120","msg":"Error retrieving TTL, defaulting.","commit":"7655d9c","error":"\"knativebrokerttl\" not found"}
{"level":"info","ts":"2019-12-03T21:04:51.833Z","logger":"broker_ingress","caller":"ingress/ingress_handler.go:120","msg":"Error retrieving TTL, defaulting.","commit":"7655d9c","error":"\"knativebrokerttl\" not found"}
{"level":"info","ts":"2019-12-03T21:04:51.834Z","logger":"broker_ingress","caller":"ingress/ingress_handler.go:120","msg":"Error retrieving TTL, defaulting.","commit":"7655d9c","error":"\"knativebrokerttl\" not found"}
{"level":"info","ts":"2019-12-03T21:04:51.847Z","logger":"broker_ingress","caller":"ingress/ingress_handler.go:120","msg":"Error retrieving TTL, defaulting.","commit":"7655d9c","error":"\"knativebrokerttl\" not found"}
{"level":"info","ts":"2019-12-03T21:04:51.019Z","logger":"broker_ingress","caller":"ingress/ingress_handler.go:120","msg":"Error retrieving TTL, defaulting.","commit":"7655d9c","error":"\"knativebrokerttl\" not found"}
{"level":"info","ts":"2019-12-03T21:04:51.847Z","logger":"broker_ingress","caller":"ingress/ingress_handler.go:120","msg":"Error retrieving TTL, defaulting.","commit":"7655d9c","error":"\"knativebrokerttl\" not found"}
{"level":"info","ts":"2019-12-03T21:04:51.853Z","logger":"broker_ingress","caller":"ingress/ingress_handler.go:120","msg":"Error retrieving TTL, defaulting.","commit":"7655d9c","error":"\"knativebrokerttl\" not found"}
{"level":"info","ts":"2019-12-03T21:04:51.853Z","logger":"broker_ingress","caller":"ingress/ingress_handler.go:120","msg":"Error retrieving TTL, defaulting.","commit":"7655d9c","error":"\"knativebrokerttl\" not found"}
{"level":"info","ts":"2019-12-03T21:04:51.855Z","logger":"broker_ingress","caller":"ingress/ingress_handler.go:120","msg":"Error retrieving TTL, defaulting.","commit":"7655d9c","error":"\"knativebrokerttl\" not found"}
{"level":"info","ts":"2019-12-03T21:04:51.855Z","logger":"broker_ingress","caller":"ingress/ingress_handler.go:120","msg":"Error retrieving TTL, defaulting.","commit":"7655d9c","error":"\"knativebrokerttl\" not found"}
{"level":"info","ts":"2019-12-03T21:04:51.855Z","logger":"broker_ingress","caller":"ingress/ingress_handler.go:120","msg":"Error retrieving TTL, defaulting.","commit":"7655d9c","error":"\"knativebrokerttl\" not found"}
{"level":"info","ts":"2019-12-03T21:04:51.855Z","logger":"broker_ingress","caller":"ingress/ingress_handler.go:120","msg":"Error retrieving TTL, defaulting.","commit":"7655d9c","error":"\"knativebrokerttl\" not found"}
{"level":"info","ts":"2019-12-03T21:04:51.856Z","logger":"broker_ingress","caller":"ingress/ingress_handler.go:120","msg":"Error retrieving TTL, defaulting.","commit":"7655d9c","error":"\"knativebrokerttl\" not found"}
{"level":"info","ts":"2019-12-03T21:04:51.856Z","logger":"broker_ingress","caller":"ingress/ingress_handler.go:120","msg":"Error retrieving TTL, defaulting.","commit":"7655d9c","error":"\"knativebrokerttl\" not found"}
{"level":"info","ts":"2019-12-03T21:04:51.856Z","logger":"broker_ingress","caller":"ingress/ingress_handler.go:120","msg":"Error retrieving TTL, defaulting.","commit":"7655d9c","error":"\"knativebrokerttl\" not found"}
{"level":"info","ts":"2019-12-03T21:04:51.856Z","logger":"broker_ingress","caller":"ingress/ingress_handler.go:120","msg":"Error retrieving TTL, defaulting.","commit":"7655d9c","error":"\"knativebrokerttl\" not found"}
{"level":"info","ts":"2019-12-03T21:04:51.857Z","logger":"broker_ingress","caller":"ingress/ingress_handler.go:120","msg":"Error retrieving TTL, defaulting.","commit":"7655d9c","error":"\"knativebrokerttl\" not found"}
{"level":"info","ts":"2019-12-03T21:04:51.857Z","logger":"broker_ingress","caller":"ingress/ingress_handler.go:120","msg":"Error retrieving TTL, defaulting.","commit":"7655d9c","error":"\"knativebrokerttl\" not found"}
{"level":"info","ts":"2019-12-03T21:04:51.857Z","logger":"broker_ingress","caller":"ingress/ingress_handler.go:120","msg":"Error retrieving TTL, defaulting.","commit":"7655d9c","error":"\"knativebrokerttl\" not found"}
{"level":"info","ts":"2019-12-03T21:04:51.857Z","logger":"broker_ingress","caller":"ingress/ingress_handler.go:120","msg":"Error retrieving TTL, defaulting.","commit":"7655d9c","error":"\"knativebrokerttl\" not found"}
{"level":"info","ts":"2019-12-03T21:04:51.858Z","logger":"broker_ingress","caller":"ingress/ingress_handler.go:120","msg":"Error retrieving TTL, defaulting.","commit":"7655d9c","error":"\"knativebrokerttl\" not found"}
{"level":"info","ts":"2019-12-03T21:04:51.862Z","logger":"broker_ingress","caller":"ingress/ingress_handler.go:120","msg":"Error retrieving TTL, defaulting.","commit":"7655d9c","error":"\"knativebrokerttl\" not found"}
{"level":"info","ts":"2019-12-03T21:04:51.405Z","logger":"broker_ingress","caller":"ingress/ingress_handler.go:120","msg":"Error retrieving TTL, defaulting.","commit":"7655d9c","error":"\"knativebrokerttl\" not found"}
{"level":"info","ts":"2019-12-03T21:04:51.862Z","logger":"broker_ingress","caller":"ingress/ingress_handler.go:120","msg":"Error retrieving TTL, defaulting.","commit":"7655d9c","error":"\"knativebrokerttl\" not found"}
{"level":"info","ts":"2019-12-03T21:04:51.862Z","logger":"broker_ingress","caller":"ingress/ingress_handler.go:120","msg":"Error retrieving TTL, defaulting.","commit":"7655d9c","error":"\"knativebrokerttl\" not found"}
{"level":"info","ts":"2019-12-03T21:04:51.862Z","logger":"broker_ingress","caller":"ingress/ingress_handler.go:120","msg":"Error retrieving TTL, defaulting.","commit":"7655d9c","error":"\"knativebrokerttl\" not found"}
{"level":"info","ts":"2019-12-03T21:04:51.862Z","logger":"broker_ingress","caller":"ingress/ingress_handler.go:120","msg":"Error retrieving TTL, defaulting.","commit":"7655d9c","error":"\"knativebrokerttl\" not found"}
{"level":"info","ts":"2019-12-03T21:04:51.596Z","logger":"broker_ingress","caller":"ingress/ingress_handler.go:120","msg":"Error retrieving TTL, defaulting.","commit":"7655d9c","error":"\"knativebrokerttl\" not found"}
{"level":"info","ts":"2019-12-03T21:04:51.863Z","logger":"broker_ingress","caller":"ingress/ingress_handler.go:120","msg":"Error retrieving TTL, defaulting.","commit":"7655d9c","error":"\"knativebrokerttl\" not found"}
{"level":"info","ts":"2019-12-03T21:04:51.873Z","logger":"broker_ingress","caller":"ingress/ingress_handler.go:120","msg":"Error retrieving TTL, defaulting.","commit":"7655d9c","error":"\"knativebrokerttl\" not found"}
{"level":"info","ts":"2019-12-03T21:04:51.873Z","logger":"broker_ingress","caller":"ingress/ingress_handler.go:120","msg":"Error retrieving TTL, defaulting.","commit":"7655d9c","error":"\"knativebrokerttl\" not found"}
{"level":"info","ts":"2019-12-03T21:04:51.873Z","logger":"broker_ingress","caller":"ingress/ingress_handler.go:120","msg":"Error retrieving TTL, defaulting.","commit":"7655d9c","error":"\"knativebrokerttl\" not found"}
{"level":"info","ts":"2019-12-03T21:04:51.873Z","logger":"broker_ingress","caller":"ingress/ingress_handler.go:120","msg":"Error retrieving TTL, defaulting.","commit":"7655d9c","error":"\"knativebrokerttl\" not found"}
{"level":"info","ts":"2019-12-03T21:04:51.873Z","logger":"broker_ingress","caller":"ingress/ingress_handler.go:120","msg":"Error retrieving TTL, defaulting.","commit":"7655d9c","error":"\"knativebrokerttl\" not found"}
{"level":"info","ts":"2019-12-03T21:04:51.874Z","logger":"broker_ingress","caller":"ingress/ingress_handler.go:120","msg":"Error retrieving TTL, defaulting.","commit":"7655d9c","error":"\"knativebrokerttl\" not found"}
{"level":"info","ts":"2019-12-03T21:04:51.887Z","logger":"broker_ingress","caller":"ingress/ingress_handler.go:120","msg":"Error retrieving TTL, defaulting.","commit":"7655d9c","error":"\"knativebrokerttl\" not found"}
{"level":"info","ts":"2019-12-03T21:04:51.887Z","logger":"broker_ingress","caller":"ingress/ingress_handler.go:120","msg":"Error retrieving TTL, defaulting.","commit":"7655d9c","error":"\"knativebrokerttl\" not found"}
{"level":"info","ts":"2019-12-03T21:04:51.888Z","logger":"broker_ingress","caller":"ingress/ingress_handler.go:120","msg":"Error retrieving TTL, defaulting.","commit":"7655d9c","error":"\"knativebrokerttl\" not found"}
{"level":"info","ts":"2019-12-03T21:04:51.900Z","logger":"broker_ingress","caller":"ingress/ingress_handler.go:120","msg":"Error retrieving TTL, defaulting.","commit":"7655d9c","error":"\"knativebrokerttl\" not found"}
{"level":"info","ts":"2019-12-03T21:04:51.900Z","logger":"broker_ingress","caller":"ingress/ingress_handler.go:120","msg":"Error retrieving TTL, defaulting.","commit":"7655d9c","error":"\"knativebrokerttl\" not found"}
{"level":"info","ts":"2019-12-03T21:04:51.900Z","logger":"broker_ingress","caller":"ingress/ingress_handler.go:120","msg":"Error retrieving TTL, defaulting.","commit":"7655d9c","error":"\"knativebrokerttl\" not found"}
{"level":"info","ts":"2019-12-03T21:04:51.901Z","logger":"broker_ingress","caller":"ingress/ingress_handler.go:120","msg":"Error retrieving TTL, defaulting.","commit":"7655d9c","error":"\"knativebrokerttl\" not found"}
{"level":"info","ts":"2019-12-03T21:04:51.912Z","logger":"broker_ingress","caller":"ingress/ingress_handler.go:120","msg":"Error retrieving TTL, defaulting.","commit":"7655d9c","error":"\"knativebrokerttl\" not found"}
{"level":"info","ts":"2019-12-03T21:04:51.912Z","logger":"broker_ingress","caller":"ingress/ingress_handler.go:120","msg":"Error retrieving TTL, defaulting.","commit":"7655d9c","error":"\"knativebrokerttl\" not found"}
{"level":"info","ts":"2019-12-03T21:04:51.912Z","logger":"broker_ingress","caller":"ingress/ingress_handler.go:120","msg":"Error retrieving TTL, defaulting.","commit":"7655d9c","error":"\"knativebrokerttl\" not found"}
{"level":"info","ts":"2019-12-03T21:04:51.912Z","logger":"broker_ingress","caller":"ingress/ingress_handler.go:120","msg":"Error retrieving TTL, defaulting.","commit":"7655d9c","error":"\"knativebrokerttl\" not found"}
{"level":"info","ts":"2019-12-03T21:04:51.913Z","logger":"broker_ingress","caller":"ingress/ingress_handler.go:120","msg":"Error retrieving TTL, defaulting.","commit":"7655d9c","error":"\"knativebrokerttl\" not found"}
{"level":"info","ts":"2019-12-03T21:04:51.928Z","logger":"broker_ingress","caller":"ingress/ingress_handler.go:120","msg":"Error retrieving TTL, defaulting.","commit":"7655d9c","error":"\"knativebrokerttl\" not found"}
{"level":"info","ts":"2019-12-03T21:04:51.637Z","logger":"broker_ingress","caller":"ingress/ingress_handler.go:120","msg":"Error retrieving TTL, defaulting.","commit":"7655d9c","error":"\"knativebrokerttl\" not found"}
{"level":"info","ts":"2019-12-03T21:04:51.935Z","logger":"broker_ingress","caller":"ingress/ingress_handler.go:120","msg":"Error retrieving TTL, defaulting.","commit":"7655d9c","error":"\"knativebrokerttl\" not found"}
{"level":"info","ts":"2019-12-03T21:04:51.935Z","logger":"broker_ingress","caller":"ingress/ingress_handler.go:120","msg":"Error retrieving TTL, defaulting.","commit":"7655d9c","error":"\"knativebrokerttl\" not found"}
{"level":"info","ts":"2019-12-03T21:04:51.935Z","logger":"broker_ingress","caller":"ingress/ingress_handler.go:120","msg":"Error retrieving TTL, defaulting.","commit":"7655d9c","error":"\"knativebrokerttl\" not found"}
{"level":"info","ts":"2019-12-03T21:04:51.935Z","logger":"broker_ingress","caller":"ingress/ingress_handler.go:120","msg":"Error retrieving TTL, defaulting.","commit":"7655d9c","error":"\"knativebrokerttl\" not found"}
{"level":"info","ts":"2019-12-03T21:04:51.935Z","logger":"broker_ingress","caller":"ingress/ingress_handler.go:120","msg":"Error retrieving TTL, defaulting.","commit":"7655d9c","error":"\"knativebrokerttl\" not found"}
{"level":"info","ts":"2019-12-03T21:04:51.936Z","logger":"broker_ingress","caller":"ingress/ingress_handler.go:120","msg":"Error retrieving TTL, defaulting.","commit":"7655d9c","error":"\"knativebrokerttl\" not found"}
{"level":"info","ts":"2019-12-03T21:04:51.950Z","logger":"broker_ingress","caller":"ingress/ingress_handler.go:120","msg":"Error retrieving TTL, defaulting.","commit":"7655d9c","error":"\"knativebrokerttl\" not found"}
{"level":"info","ts":"2019-12-03T21:04:51.950Z","logger":"broker_ingress","caller":"ingress/ingress_handler.go:120","msg":"Error retrieving TTL, defaulting.","commit":"7655d9c","error":"\"knativebrokerttl\" not found"}
{"level":"info","ts":"2019-12-03T21:04:51.950Z","logger":"broker_ingress","caller":"ingress/ingress_handler.go:120","msg":"Error retrieving TTL, defaulting.","commit":"7655d9c","error":"\"knativebrokerttl\" not found"}
{"level":"info","ts":"2019-12-03T21:04:51.950Z","logger":"broker_ingress","caller":"ingress/ingress_handler.go:120","msg":"Error retrieving TTL, defaulting.","commit":"7655d9c","error":"\"knativebrokerttl\" not found"}
{"level":"info","ts":"2019-12-03T21:04:51.951Z","logger":"broker_ingress","caller":"ingress/ingress_handler.go:120","msg":"Error retrieving TTL, defaulting.","commit":"7655d9c","error":"\"knativebrokerttl\" not found"}
{"level":"info","ts":"2019-12-03T21:04:51.959Z","logger":"broker_ingress","caller":"ingress/ingress_handler.go:120","msg":"Error retrieving TTL, defaulting.","commit":"7655d9c","error":"\"knativebrokerttl\" not found"}
{"level":"info","ts":"2019-12-03T21:04:51.959Z","logger":"broker_ingress","caller":"ingress/ingress_handler.go:120","msg":"Error retrieving TTL, defaulting.","commit":"7655d9c","error":"\"knativebrokerttl\" not found"}
{"level":"info","ts":"2019-12-03T21:04:51.959Z","logger":"broker_ingress","caller":"ingress/ingress_handler.go:120","msg":"Error retrieving TTL, defaulting.","commit":"7655d9c","error":"\"knativebrokerttl\" not found"}
{"level":"info","ts":"2019-12-03T21:04:51.959Z","logger":"broker_ingress","caller":"ingress/ingress_handler.go:120","msg":"Error retrieving TTL, defaulting.","commit":"7655d9c","error":"\"knativebrokerttl\" not found"}
{"level":"info","ts":"2019-12-03T21:04:51.959Z","logger":"broker_ingress","caller":"ingress/ingress_handler.go:120","msg":"Error retrieving TTL, defaulting.","commit":"7655d9c","error":"\"knativebrokerttl\" not found"}
{"level":"info","ts":"2019-12-03T21:04:51.960Z","logger":"broker_ingress","caller":"ingress/ingress_handler.go:120","msg":"Error retrieving TTL, defaulting.","commit":"7655d9c","error":"\"knativebrokerttl\" not found"}
{"level":"info","ts":"2019-12-03T21:04:51.960Z","logger":"broker_ingress","caller":"ingress/ingress_handler.go:120","msg":"Error retrieving TTL, defaulting.","commit":"7655d9c","error":"\"knativebrokerttl\" not found"}
{"level":"info","ts":"2019-12-03T21:04:51.960Z","logger":"broker_ingress","caller":"ingress/ingress_handler.go:120","msg":"Error retrieving TTL, defaulting.","commit":"7655d9c","error":"\"knativebrokerttl\" not found"}
{"level":"info","ts":"2019-12-03T21:04:51.960Z","logger":"broker_ingress","caller":"ingress/ingress_handler.go:120","msg":"Error retrieving TTL, defaulting.","commit":"7655d9c","error":"\"knativebrokerttl\" not found"}
{"level":"info","ts":"2019-12-03T21:04:51.960Z","logger":"broker_ingress","caller":"ingress/ingress_handler.go:120","msg":"Error retrieving TTL, defaulting.","commit":"7655d9c","error":"\"knativebrokerttl\" not found"}
{"level":"info","ts":"2019-12-03T21:04:51.960Z","logger":"broker_ingress","caller":"ingress/ingress_handler.go:120","msg":"Error retrieving TTL, defaulting.","commit":"7655d9c","error":"\"knativebrokerttl\" not found"}
{"level":"info","ts":"2019-12-03T21:04:51.966Z","logger":"broker_ingress","caller":"ingress/ingress_handler.go:120","msg":"Error retrieving TTL, defaulting.","commit":"7655d9c","error":"\"knativebrokerttl\" not found"}
{"level":"info","ts":"2019-12-03T21:04:51.966Z","logger":"broker_ingress","caller":"ingress/ingress_handler.go:120","msg":"Error retrieving TTL, defaulting.","commit":"7655d9c","error":"\"knativebrokerttl\" not found"}
{"level":"info","ts":"2019-12-03T21:04:51.966Z","logger":"broker_ingress","caller":"ingress/ingress_handler.go:120","msg":"Error retrieving TTL, defaulting.","commit":"7655d9c","error":"\"knativebrokerttl\" not found"}
{"level":"info","ts":"2019-12-03T21:04:51.966Z","logger":"broker_ingress","caller":"ingress/ingress_handler.go:120","msg":"Error retrieving TTL, defaulting.","commit":"7655d9c","error":"\"knativebrokerttl\" not found"}
{"level":"info","ts":"2019-12-03T21:04:51.966Z","logger":"broker_ingress","caller":"ingress/ingress_handler.go:120","msg":"Error retrieving TTL, defaulting.","commit":"7655d9c","error":"\"knativebrokerttl\" not found"}
{"level":"info","ts":"2019-12-03T21:04:51.967Z","logger":"broker_ingress","caller":"ingress/ingress_handler.go:120","msg":"Error retrieving TTL, defaulting.","commit":"7655d9c","error":"\"knativebrokerttl\" not found"}
{"level":"info","ts":"2019-12-03T21:04:51.967Z","logger":"broker_ingress","caller":"ingress/ingress_handler.go:120","msg":"Error retrieving TTL, defaulting.","commit":"7655d9c","error":"\"knativebrokerttl\" not found"}
{"level":"info","ts":"2019-12-03T21:04:51.967Z","logger":"broker_ingress","caller":"ingress/ingress_handler.go:120","msg":"Error retrieving TTL, defaulting.","commit":"7655d9c","error":"\"knativebrokerttl\" not found"}
{"level":"info","ts":"2019-12-03T21:04:51.967Z","logger":"broker_ingress","caller":"ingress/ingress_handler.go:120","msg":"Error retrieving TTL, defaulting.","commit":"7655d9c","error":"\"knativebrokerttl\" not found"}
{"level":"info","ts":"2019-12-03T21:04:51.967Z","logger":"broker_ingress","caller":"ingress/ingress_handler.go:120","msg":"Error retrieving TTL, defaulting.","commit":"7655d9c","error":"\"knativebrokerttl\" not found"}
{"level":"info","ts":"2019-12-03T21:04:51.967Z","logger":"broker_ingress","caller":"ingress/ingress_handler.go:120","msg":"Error retrieving TTL, defaulting.","commit":"7655d9c","error":"\"knativebrokerttl\" not found"}
{"level":"info","ts":"2019-12-03T21:04:51.967Z","logger":"broker_ingress","caller":"ingress/ingress_handler.go:120","msg":"Error retrieving TTL, defaulting.","commit":"7655d9c","error":"\"knativebrokerttl\" not found"}
{"level":"info","ts":"2019-12-03T21:04:51.968Z","logger":"broker_ingress","caller":"ingress/ingress_handler.go:120","msg":"Error retrieving TTL, defaulting.","commit":"7655d9c","error":"\"knativebrokerttl\" not found"}
{"level":"info","ts":"2019-12-03T21:04:51.968Z","logger":"broker_ingress","caller":"ingress/ingress_handler.go:120","msg":"Error retrieving TTL, defaulting.","commit":"7655d9c","error":"\"knativebrokerttl\" not found"}
{"level":"info","ts":"2019-12-03T21:04:51.968Z","logger":"broker_ingress","caller":"ingress/ingress_handler.go:120","msg":"Error retrieving TTL, defaulting.","commit":"7655d9c","error":"\"knativebrokerttl\" not found"}
{"level":"info","ts":"2019-12-03T21:04:51.968Z","logger":"broker_ingress","caller":"ingress/ingress_handler.go:120","msg":"Error retrieving TTL, defaulting.","commit":"7655d9c","error":"\"knativebrokerttl\" not found"}
{"level":"info","ts":"2019-12-03T21:04:51.968Z","logger":"broker_ingress","caller":"ingress/ingress_handler.go:120","msg":"Error retrieving TTL, defaulting.","commit":"7655d9c","error":"\"knativebrokerttl\" not found"}
{"level":"info","ts":"2019-12-03T21:04:51.968Z","logger":"broker_ingress","caller":"ingress/ingress_handler.go:120","msg":"Error retrieving TTL, defaulting.","commit":"7655d9c","error":"\"knativebrokerttl\" not found"}
{"level":"info","ts":"2019-12-03T21:04:51.969Z","logger":"broker_ingress","caller":"ingress/ingress_handler.go:120","msg":"Error retrieving TTL, defaulting.","commit":"7655d9c","error":"\"knativebrokerttl\" not found"}
{"level":"info","ts":"2019-12-03T21:04:51.961Z","logger":"broker_ingress","caller":"ingress/ingress_handler.go:120","msg":"Error retrieving TTL, defaulting.","commit":"7655d9c","error":"\"knativebrokerttl\" not found"}
{"level":"info","ts":"2019-12-03T21:04:51.977Z","logger":"broker_ingress","caller":"ingress/ingress_handler.go:120","msg":"Error retrieving TTL, defaulting.","commit":"7655d9c","error":"\"knativebrokerttl\" not found"}
{"level":"info","ts":"2019-12-03T21:04:49.192Z","logger":"broker_ingress","caller":"ingress/ingress_handler.go:120","msg":"Error retrieving TTL, defaulting.","commit":"7655d9c","error":"\"knativebrokerttl\" not found"}
{"level":"info","ts":"2019-12-03T21:04:51.998Z","logger":"broker_ingress","caller":"ingress/ingress_handler.go:120","msg":"Error retrieving TTL, defaulting.","commit":"7655d9c","error":"\"knativebrokerttl\" not found"}
{"level":"info","ts":"2019-12-03T21:04:51.999Z","logger":"broker_ingress","caller":"ingress/ingress_handler.go:120","msg":"Error retrieving TTL, defaulting.","commit":"7655d9c","error":"\"knativebrokerttl\" not found"}
{"level":"info","ts":"2019-12-03T21:04:51.999Z","logger":"broker_ingress","caller":"ingress/ingress_handler.go:120","msg":"Error retrieving TTL, defaulting.","commit":"7655d9c","error":"\"knativebrokerttl\" not found"}
{"level":"info","ts":"2019-12-03T21:04:51.999Z","logger":"broker_ingress","caller":"ingress/ingress_handler.go:120","msg":"Error retrieving TTL, defaulting.","commit":"7655d9c","error":"\"knativebrokerttl\" not found"}
{"level":"info","ts":"2019-12-03T21:04:51.999Z","logger":"broker_ingress","caller":"ingress/ingress_handler.go:120","msg":"Error retrieving TTL, defaulting.","commit":"7655d9c","error":"\"knativebrokerttl\" not found"}
{"level":"info","ts":"2019-12-03T21:04:52.000Z","logger":"broker_ingress","caller":"ingress/ingress_handler.go:120","msg":"Error retrieving TTL, defaulting.","commit":"7655d9c","error":"\"knativebrokerttl\" not found"}
{"level":"info","ts":"2019-12-03T21:04:52.000Z","logger":"broker_ingress","caller":"ingress/ingress_handler.go:120","msg":"Error retrieving TTL, defaulting.","commit":"7655d9c","error":"\"knativebrokerttl\" not found"}
{"level":"info","ts":"2019-12-03T21:04:52.000Z","logger":"broker_ingress","caller":"ingress/ingress_handler.go:120","msg":"Error retrieving TTL, defaulting.","commit":"7655d9c","error":"\"knativebrokerttl\" not found"}
{"level":"info","ts":"2019-12-03T21:04:52.000Z","logger":"broker_ingress","caller":"ingress/ingress_handler.go:120","msg":"Error retrieving TTL, defaulting.","commit":"7655d9c","error":"\"knativebrokerttl\" not found"}
{"level":"info","ts":"2019-12-03T21:04:52.000Z","logger":"broker_ingress","caller":"ingress/ingress_handler.go:120","msg":"Error retrieving TTL, defaulting.","commit":"7655d9c","error":"\"knativebrokerttl\" not found"}
{"level":"info","ts":"2019-12-03T21:04:52.001Z","logger":"broker_ingress","caller":"ingress/ingress_handler.go:120","msg":"Error retrieving TTL, defaulting.","commit":"7655d9c","error":"\"knativebrokerttl\" not found"}
{"level":"info","ts":"2019-12-03T21:04:52.002Z","logger":"broker_ingress","caller":"ingress/ingress_handler.go:120","msg":"Error retrieving TTL, defaulting.","commit":"7655d9c","error":"\"knativebrokerttl\" not found"}
{"level":"info","ts":"2019-12-03T21:04:52.002Z","logger":"broker_ingress","caller":"ingress/ingress_handler.go:120","msg":"Error retrieving TTL, defaulting.","commit":"7655d9c","error":"\"knativebrokerttl\" not found"}
{"level":"info","ts":"2019-12-03T21:04:52.002Z","logger":"broker_ingress","caller":"ingress/ingress_handler.go:120","msg":"Error retrieving TTL, defaulting.","commit":"7655d9c","error":"\"knativebrokerttl\" not found"}
{"level":"info","ts":"2019-12-03T21:04:51.549Z","logger":"broker_ingress","caller":"ingress/ingress_handler.go:120","msg":"Error retrieving TTL, defaulting.","commit":"7655d9c","error":"\"knativebrokerttl\" not found"}
{"level":"info","ts":"2019-12-03T21:04:52.002Z","logger":"broker_ingress","caller":"ingress/ingress_handler.go:120","msg":"Error retrieving TTL, defaulting.","commit":"7655d9c","error":"\"knativebrokerttl\" not found"}
{"level":"info","ts":"2019-12-03T21:04:52.002Z","logger":"broker_ingress","caller":"ingress/ingress_handler.go:120","msg":"Error retrieving TTL, defaulting.","commit":"7655d9c","error":"\"knativebrokerttl\" not found"}
{"level":"info","ts":"2019-12-03T21:04:51.698Z","logger":"broker_ingress","caller":"ingress/ingress_handler.go:120","msg":"Error retrieving TTL, defaulting.","commit":"7655d9c","error":"\"knativebrokerttl\" not found"}
{"level":"info","ts":"2019-12-03T21:04:51.833Z","logger":"broker_ingress","caller":"ingress/ingress_handler.go:120","msg":"Error retrieving TTL, defaulting.","commit":"7655d9c","error":"\"knativebrokerttl\" not found"}
{"level":"info","ts":"2019-12-03T21:04:52.003Z","logger":"broker_ingress","caller":"ingress/ingress_handler.go:120","msg":"Error retrieving TTL, defaulting.","commit":"7655d9c","error":"\"knativebrokerttl\" not found"}
{"level":"info","ts":"2019-12-03T21:04:52.009Z","logger":"broker_ingress","caller":"ingress/ingress_handler.go:120","msg":"Error retrieving TTL, defaulting.","commit":"7655d9c","error":"\"knativebrokerttl\" not found"}
{"level":"info","ts":"2019-12-03T21:04:52.009Z","logger":"broker_ingress","caller":"ingress/ingress_handler.go:120","msg":"Error retrieving TTL, defaulting.","commit":"7655d9c","error":"\"knativebrokerttl\" not found"}
{"level":"info","ts":"2019-12-03T21:04:52.010Z","logger":"broker_ingress","caller":"ingress/ingress_handler.go:120","msg":"Error retrieving TTL, defaulting.","commit":"7655d9c","error":"\"knativebrokerttl\" not found"}
{"level":"info","ts":"2019-12-03T21:04:52.010Z","logger":"broker_ingress","caller":"ingress/ingress_handler.go:120","msg":"Error retrieving TTL, defaulting.","commit":"7655d9c","error":"\"knativebrokerttl\" not found"}
{"level":"info","ts":"2019-12-03T21:04:52.010Z","logger":"broker_ingress","caller":"ingress/ingress_handler.go:120","msg":"Error retrieving TTL, defaulting.","commit":"7655d9c","error":"\"knativebrokerttl\" not found"}
{"level":"info","ts":"2019-12-03T21:04:52.010Z","logger":"broker_ingress","caller":"ingress/ingress_handler.go:120","msg":"Error retrieving TTL, defaulting.","commit":"7655d9c","error":"\"knativebrokerttl\" not found"}
{"level":"info","ts":"2019-12-03T21:04:52.011Z","logger":"broker_ingress","caller":"ingress/ingress_handler.go:120","msg":"Error retrieving TTL, defaulting.","commit":"7655d9c","error":"\"knativebrokerttl\" not found"}
{"level":"info","ts":"2019-12-03T21:04:52.011Z","logger":"broker_ingress","caller":"ingress/ingress_handler.go:120","msg":"Error retrieving TTL, defaulting.","commit":"7655d9c","error":"\"knativebrokerttl\" not found"}
{"level":"info","ts":"2019-12-03T21:04:52.011Z","logger":"broker_ingress","caller":"ingress/ingress_handler.go:120","msg":"Error retrieving TTL, defaulting.","commit":"7655d9c","error":"\"knativebrokerttl\" not found"}
{"level":"info","ts":"2019-12-03T21:04:52.011Z","logger":"broker_ingress","caller":"ingress/ingress_handler.go:120","msg":"Error retrieving TTL, defaulting.","commit":"7655d9c","error":"\"knativebrokerttl\" not found"}
{"level":"info","ts":"2019-12-03T21:04:52.011Z","logger":"broker_ingress","caller":"ingress/ingress_handler.go:120","msg":"Error retrieving TTL, defaulting.","commit":"7655d9c","error":"\"knativebrokerttl\" not found"}
{"level":"info","ts":"2019-12-03T21:04:52.011Z","logger":"broker_ingress","caller":"ingress/ingress_handler.go:120","msg":"Error retrieving TTL, defaulting.","commit":"7655d9c","error":"\"knativebrokerttl\" not found"}
{"level":"info","ts":"2019-12-03T21:04:52.011Z","logger":"broker_ingress","caller":"ingress/ingress_handler.go:120","msg":"Error retrieving TTL, defaulting.","commit":"7655d9c","error":"\"knativebrokerttl\" not found"}
{"level":"info","ts":"2019-12-03T21:04:52.011Z","logger":"broker_ingress","caller":"ingress/ingress_handler.go:120","msg":"Error retrieving TTL, defaulting.","commit":"7655d9c","error":"\"knativebrokerttl\" not found"}
{"level":"info","ts":"2019-12-03T21:04:52.011Z","logger":"broker_ingress","caller":"ingress/ingress_handler.go:120","msg":"Error retrieving TTL, defaulting.","commit":"7655d9c","error":"\"knativebrokerttl\" not found"}
{"level":"info","ts":"2019-12-03T21:04:52.011Z","logger":"broker_ingress","caller":"ingress/ingress_handler.go:120","msg":"Error retrieving TTL, defaulting.","commit":"7655d9c","error":"\"knativebrokerttl\" not found"}
{"level":"info","ts":"2019-12-03T21:04:52.011Z","logger":"broker_ingress","caller":"ingress/ingress_handler.go:120","msg":"Error retrieving TTL, defaulting.","commit":"7655d9c","error":"\"knativebrokerttl\" not found"}
{"level":"info","ts":"2019-12-03T21:04:52.012Z","logger":"broker_ingress","caller":"ingress/ingress_handler.go:120","msg":"Error retrieving TTL, defaulting.","commit":"7655d9c","error":"\"knativebrokerttl\" not found"}
{"level":"info","ts":"2019-12-03T21:04:52.012Z","logger":"broker_ingress","caller":"ingress/ingress_handler.go:120","msg":"Error retrieving TTL, defaulting.","commit":"7655d9c","error":"\"knativebrokerttl\" not found"}
{"level":"info","ts":"2019-12-03T21:04:52.012Z","logger":"broker_ingress","caller":"ingress/ingress_handler.go:120","msg":"Error retrieving TTL, defaulting.","commit":"7655d9c","error":"\"knativebrokerttl\" not found"}
{"level":"info","ts":"2019-12-03T21:04:52.012Z","logger":"broker_ingress","caller":"ingress/ingress_handler.go:120","msg":"Error retrieving TTL, defaulting.","commit":"7655d9c","error":"\"knativebrokerttl\" not found"}
{"level":"info","ts":"2019-12-03T21:04:52.012Z","logger":"broker_ingress","caller":"ingress/ingress_handler.go:120","msg":"Error retrieving TTL, defaulting.","commit":"7655d9c","error":"\"knativebrokerttl\" not found"}
{"level":"info","ts":"2019-12-03T21:04:52.012Z","logger":"broker_ingress","caller":"ingress/ingress_handler.go:120","msg":"Error retrieving TTL, defaulting.","commit":"7655d9c","error":"\"knativebrokerttl\" not found"}
{"level":"info","ts":"2019-12-03T21:04:52.012Z","logger":"broker_ingress","caller":"ingress/ingress_handler.go:120","msg":"Error retrieving TTL, defaulting.","commit":"7655d9c","error":"\"knativebrokerttl\" not found"}
{"level":"info","ts":"2019-12-03T21:04:52.012Z","logger":"broker_ingress","caller":"ingress/ingress_handler.go:120","msg":"Error retrieving TTL, defaulting.","commit":"7655d9c","error":"\"knativebrokerttl\" not found"}
{"level":"info","ts":"2019-12-03T21:04:52.012Z","logger":"broker_ingress","caller":"ingress/ingress_handler.go:120","msg":"Error retrieving TTL, defaulting.","commit":"7655d9c","error":"\"knativebrokerttl\" not found"}
{"level":"info","ts":"2019-12-03T21:04:52.012Z","logger":"broker_ingress","caller":"ingress/ingress_handler.go:120","msg":"Error retrieving TTL, defaulting.","commit":"7655d9c","error":"\"knativebrokerttl\" not found"}
{"level":"info","ts":"2019-12-03T21:04:52.012Z","logger":"broker_ingress","caller":"ingress/ingress_handler.go:120","msg":"Error retrieving TTL, defaulting.","commit":"7655d9c","error":"\"knativebrokerttl\" not found"}
{"level":"info","ts":"2019-12-03T21:04:52.013Z","logger":"broker_ingress","caller":"ingress/ingress_handler.go:120","msg":"Error retrieving TTL, defaulting.","commit":"7655d9c","error":"\"knativebrokerttl\" not found"}
{"level":"info","ts":"2019-12-03T21:04:52.013Z","logger":"broker_ingress","caller":"ingress/ingress_handler.go:120","msg":"Error retrieving TTL, defaulting.","commit":"7655d9c","error":"\"knativebrokerttl\" not found"}
{"level":"info","ts":"2019-12-03T21:04:52.013Z","logger":"broker_ingress","caller":"ingress/ingress_handler.go:120","msg":"Error retrieving TTL, defaulting.","commit":"7655d9c","error":"\"knativebrokerttl\" not found"}
{"level":"info","ts":"2019-12-03T21:04:52.013Z","logger":"broker_ingress","caller":"ingress/ingress_handler.go:120","msg":"Error retrieving TTL, defaulting.","commit":"7655d9c","error":"\"knativebrokerttl\" not found"}
{"level":"info","ts":"2019-12-03T21:04:52.000Z","logger":"broker_ingress","caller":"ingress/ingress_handler.go:120","msg":"Error retrieving TTL, defaulting.","commit":"7655d9c","error":"\"knativebrokerttl\" not found"}
{"level":"info","ts":"2019-12-03T21:04:52.016Z","logger":"broker_ingress","caller":"ingress/ingress_handler.go:120","msg":"Error retrieving TTL, defaulting.","commit":"7655d9c","error":"\"knativebrokerttl\" not found"}
{"level":"info","ts":"2019-12-03T21:04:52.016Z","logger":"broker_ingress","caller":"ingress/ingress_handler.go:120","msg":"Error retrieving TTL, defaulting.","commit":"7655d9c","error":"\"knativebrokerttl\" not found"}
{"level":"info","ts":"2019-12-03T21:04:52.016Z","logger":"broker_ingress","caller":"ingress/ingress_handler.go:120","msg":"Error retrieving TTL, defaulting.","commit":"7655d9c","error":"\"knativebrokerttl\" not found"}
{"level":"info","ts":"2019-12-03T21:04:52.016Z","logger":"broker_ingress","caller":"ingress/ingress_handler.go:120","msg":"Error retrieving TTL, defaulting.","commit":"7655d9c","error":"\"knativebrokerttl\" not found"}
{"level":"info","ts":"2019-12-03T21:04:52.016Z","logger":"broker_ingress","caller":"ingress/ingress_handler.go:120","msg":"Error retrieving TTL, defaulting.","commit":"7655d9c","error":"\"knativebrokerttl\" not found"}
{"level":"info","ts":"2019-12-03T21:04:52.017Z","logger":"broker_ingress","caller":"ingress/ingress_handler.go:120","msg":"Error retrieving TTL, defaulting.","commit":"7655d9c","error":"\"knativebrokerttl\" not found"}
{"level":"info","ts":"2019-12-03T21:04:52.017Z","logger":"broker_ingress","caller":"ingress/ingress_handler.go:120","msg":"Error retrieving TTL, defaulting.","commit":"7655d9c","error":"\"knativebrokerttl\" not found"}
{"level":"info","ts":"2019-12-03T21:04:52.017Z","logger":"broker_ingress","caller":"ingress/ingress_handler.go:120","msg":"Error retrieving TTL, defaulting.","commit":"7655d9c","error":"\"knativebrokerttl\" not found"}
{"level":"info","ts":"2019-12-03T21:04:52.017Z","logger":"broker_ingress","caller":"ingress/ingress_handler.go:120","msg":"Error retrieving TTL, defaulting.","commit":"7655d9c","error":"\"knativebrokerttl\" not found"}
{"level":"info","ts":"2019-12-03T21:04:52.017Z","logger":"broker_ingress","caller":"ingress/ingress_handler.go:120","msg":"Error retrieving TTL, defaulting.","commit":"7655d9c","error":"\"knativebrokerttl\" not found"}
{"level":"info","ts":"2019-12-03T21:04:52.017Z","logger":"broker_ingress","caller":"ingress/ingress_handler.go:120","msg":"Error retrieving TTL, defaulting.","commit":"7655d9c","error":"\"knativebrokerttl\" not found"}
{"level":"info","ts":"2019-12-03T21:04:52.017Z","logger":"broker_ingress","caller":"ingress/ingress_handler.go:120","msg":"Error retrieving TTL, defaulting.","commit":"7655d9c","error":"\"knativebrokerttl\" not found"}
{"level":"info","ts":"2019-12-03T21:04:52.018Z","logger":"broker_ingress","caller":"ingress/ingress_handler.go:120","msg":"Error retrieving TTL, defaulting.","commit":"7655d9c","error":"\"knativebrokerttl\" not found"}
{"level":"info","ts":"2019-12-03T21:04:52.018Z","logger":"broker_ingress","caller":"ingress/ingress_handler.go:120","msg":"Error retrieving TTL, defaulting.","commit":"7655d9c","error":"\"knativebrokerttl\" not found"}
{"level":"info","ts":"2019-12-03T21:04:52.018Z","logger":"broker_ingress","caller":"ingress/ingress_handler.go:120","msg":"Error retrieving TTL, defaulting.","commit":"7655d9c","error":"\"knativebrokerttl\" not found"}
{"level":"info","ts":"2019-12-03T21:04:52.018Z","logger":"broker_ingress","caller":"ingress/ingress_handler.go:120","msg":"Error retrieving TTL, defaulting.","commit":"7655d9c","error":"\"knativebrokerttl\" not found"}
{"level":"info","ts":"2019-12-03T21:04:52.018Z","logger":"broker_ingress","caller":"ingress/ingress_handler.go:120","msg":"Error retrieving TTL, defaulting.","commit":"7655d9c","error":"\"knativebrokerttl\" not found"}
{"level":"info","ts":"2019-12-03T21:04:52.018Z","logger":"broker_ingress","caller":"ingress/ingress_handler.go:120","msg":"Error retrieving TTL, defaulting.","commit":"7655d9c","error":"\"knativebrokerttl\" not found"}
{"level":"info","ts":"2019-12-03T21:04:52.018Z","logger":"broker_ingress","caller":"ingress/ingress_handler.go:120","msg":"Error retrieving TTL, defaulting.","commit":"7655d9c","error":"\"knativebrokerttl\" not found"}
{"level":"info","ts":"2019-12-03T21:04:52.019Z","logger":"broker_ingress","caller":"ingress/ingress_handler.go:120","msg":"Error retrieving TTL, defaulting.","commit":"7655d9c","error":"\"knativebrokerttl\" not found"}
{"level":"info","ts":"2019-12-03T21:04:52.019Z","logger":"broker_ingress","caller":"ingress/ingress_handler.go:120","msg":"Error retrieving TTL, defaulting.","commit":"7655d9c","error":"\"knativebrokerttl\" not found"}
{"level":"info","ts":"2019-12-03T21:04:52.019Z","logger":"broker_ingress","caller":"ingress/ingress_handler.go:120","msg":"Error retrieving TTL, defaulting.","commit":"7655d9c","error":"\"knativebrokerttl\" not found"}
{"level":"info","ts":"2019-12-03T21:04:52.019Z","logger":"broker_ingress","caller":"ingress/ingress_handler.go:120","msg":"Error retrieving TTL, defaulting.","commit":"7655d9c","error":"\"knativebrokerttl\" not found"}
{"level":"info","ts":"2019-12-03T21:04:52.019Z","logger":"broker_ingress","caller":"ingress/ingress_handler.go:120","msg":"Error retrieving TTL, defaulting.","commit":"7655d9c","error":"\"knativebrokerttl\" not found"}
{"level":"info","ts":"2019-12-03T21:04:52.019Z","logger":"broker_ingress","caller":"ingress/ingress_handler.go:120","msg":"Error retrieving TTL, defaulting.","commit":"7655d9c","error":"\"knativebrokerttl\" not found"}
{"level":"info","ts":"2019-12-03T21:04:52.019Z","logger":"broker_ingress","caller":"ingress/ingress_handler.go:120","msg":"Error retrieving TTL, defaulting.","commit":"7655d9c","error":"\"knativebrokerttl\" not found"}
{"level":"info","ts":"2019-12-03T21:04:52.020Z","logger":"broker_ingress","caller":"ingress/ingress_handler.go:120","msg":"Error retrieving TTL, defaulting.","commit":"7655d9c","error":"\"knativebrokerttl\" not found"}
{"level":"info","ts":"2019-12-03T21:04:52.020Z","logger":"broker_ingress","caller":"ingress/ingress_handler.go:120","msg":"Error retrieving TTL, defaulting.","commit":"7655d9c","error":"\"knativebrokerttl\" not found"}
{"level":"info","ts":"2019-12-03T21:04:52.020Z","logger":"broker_ingress","caller":"ingress/ingress_handler.go:120","msg":"Error retrieving TTL, defaulting.","commit":"7655d9c","error":"\"knativebrokerttl\" not found"}
{"level":"info","ts":"2019-12-03T21:04:52.020Z","logger":"broker_ingress","caller":"ingress/ingress_handler.go:120","msg":"Error retrieving TTL, defaulting.","commit":"7655d9c","error":"\"knativebrokerttl\" not found"}
{"level":"info","ts":"2019-12-03T21:04:52.020Z","logger":"broker_ingress","caller":"ingress/ingress_handler.go:120","msg":"Error retrieving TTL, defaulting.","commit":"7655d9c","error":"\"knativebrokerttl\" not found"}
{"level":"info","ts":"2019-12-03T21:04:52.020Z","logger":"broker_ingress","caller":"ingress/ingress_handler.go:120","msg":"Error retrieving TTL, defaulting.","commit":"7655d9c","error":"\"knativebrokerttl\" not found"}
{"level":"info","ts":"2019-12-03T21:04:52.020Z","logger":"broker_ingress","caller":"ingress/ingress_handler.go:120","msg":"Error retrieving TTL, defaulting.","commit":"7655d9c","error":"\"knativebrokerttl\" not found"}
{"level":"info","ts":"2019-12-03T21:04:52.021Z","logger":"broker_ingress","caller":"ingress/ingress_handler.go:120","msg":"Error retrieving TTL, defaulting.","commit":"7655d9c","error":"\"knativebrokerttl\" not found"}
{"level":"info","ts":"2019-12-03T21:04:52.021Z","logger":"broker_ingress","caller":"ingress/ingress_handler.go:120","msg":"Error retrieving TTL, defaulting.","commit":"7655d9c","error":"\"knativebrokerttl\" not found"}
{"level":"info","ts":"2019-12-03T21:04:52.021Z","logger":"broker_ingress","caller":"ingress/ingress_handler.go:120","msg":"Error retrieving TTL, defaulting.","commit":"7655d9c","error":"\"knativebrokerttl\" not found"}
{"level":"info","ts":"2019-12-03T21:04:52.022Z","logger":"broker_ingress","caller":"ingress/ingress_handler.go:120","msg":"Error retrieving TTL, defaulting.","commit":"7655d9c","error":"\"knativebrokerttl\" not found"}
{"level":"info","ts":"2019-12-03T21:04:52.027Z","logger":"broker_ingress","caller":"ingress/ingress_handler.go:120","msg":"Error retrieving TTL, defaulting.","commit":"7655d9c","error":"\"knativebrokerttl\" not found"}
{"level":"info","ts":"2019-12-03T21:04:52.027Z","logger":"broker_ingress","caller":"ingress/ingress_handler.go:120","msg":"Error retrieving TTL, defaulting.","commit":"7655d9c","error":"\"knativebrokerttl\" not found"}
{"level":"info","ts":"2019-12-03T21:04:52.027Z","logger":"broker_ingress","caller":"ingress/ingress_handler.go:120","msg":"Error retrieving TTL, defaulting.","commit":"7655d9c","error":"\"knativebrokerttl\" not found"}
{"level":"info","ts":"2019-12-03T21:04:52.028Z","logger":"broker_ingress","caller":"ingress/ingress_handler.go:120","msg":"Error retrieving TTL, defaulting.","commit":"7655d9c","error":"\"knativebrokerttl\" not found"}
{"level":"info","ts":"2019-12-03T21:04:52.028Z","logger":"broker_ingress","caller":"ingress/ingress_handler.go:120","msg":"Error retrieving TTL, defaulting.","commit":"7655d9c","error":"\"knativebrokerttl\" not found"}
{"level":"info","ts":"2019-12-03T21:04:52.028Z","logger":"broker_ingress","caller":"ingress/ingress_handler.go:120","msg":"Error retrieving TTL, defaulting.","commit":"7655d9c","error":"\"knativebrokerttl\" not found"}
{"level":"info","ts":"2019-12-03T21:04:52.028Z","logger":"broker_ingress","caller":"ingress/ingress_handler.go:120","msg":"Error retrieving TTL, defaulting.","commit":"7655d9c","error":"\"knativebrokerttl\" not found"}
{"level":"info","ts":"2019-12-03T21:04:52.028Z","logger":"broker_ingress","caller":"ingress/ingress_handler.go:120","msg":"Error retrieving TTL, defaulting.","commit":"7655d9c","error":"\"knativebrokerttl\" not found"}
{"level":"info","ts":"2019-12-03T21:04:52.028Z","logger":"broker_ingress","caller":"ingress/ingress_handler.go:120","msg":"Error retrieving TTL, defaulting.","commit":"7655d9c","error":"\"knativebrokerttl\" not found"}
{"level":"info","ts":"2019-12-03T21:04:52.029Z","logger":"broker_ingress","caller":"ingress/ingress_handler.go:120","msg":"Error retrieving TTL, defaulting.","commit":"7655d9c","error":"\"knativebrokerttl\" not found"}
{"level":"info","ts":"2019-12-03T21:04:52.029Z","logger":"broker_ingress","caller":"ingress/ingress_handler.go:120","msg":"Error retrieving TTL, defaulting.","commit":"7655d9c","error":"\"knativebrokerttl\" not found"}
{"level":"info","ts":"2019-12-03T21:04:52.029Z","logger":"broker_ingress","caller":"ingress/ingress_handler.go:120","msg":"Error retrieving TTL, defaulting.","commit":"7655d9c","error":"\"knativebrokerttl\" not found"}
{"level":"info","ts":"2019-12-03T21:04:52.029Z","logger":"broker_ingress","caller":"ingress/ingress_handler.go:120","msg":"Error retrieving TTL, defaulting.","commit":"7655d9c","error":"\"knativebrokerttl\" not found"}
{"level":"info","ts":"2019-12-03T21:04:52.029Z","logger":"broker_ingress","caller":"ingress/ingress_handler.go:120","msg":"Error retrieving TTL, defaulting.","commit":"7655d9c","error":"\"knativebrokerttl\" not found"}
{"level":"info","ts":"2019-12-03T21:04:52.029Z","logger":"broker_ingress","caller":"ingress/ingress_handler.go:120","msg":"Error retrieving TTL, defaulting.","commit":"7655d9c","error":"\"knativebrokerttl\" not found"}
{"level":"info","ts":"2019-12-03T21:04:52.030Z","logger":"broker_ingress","caller":"ingress/ingress_handler.go:120","msg":"Error retrieving TTL, defaulting.","commit":"7655d9c","error":"\"knativebrokerttl\" not found"}
{"level":"info","ts":"2019-12-03T21:04:52.030Z","logger":"broker_ingress","caller":"ingress/ingress_handler.go:120","msg":"Error retrieving TTL, defaulting.","commit":"7655d9c","error":"\"knativebrokerttl\" not found"}
{"level":"info","ts":"2019-12-03T21:04:52.030Z","logger":"broker_ingress","caller":"ingress/ingress_handler.go:120","msg":"Error retrieving TTL, defaulting.","commit":"7655d9c","error":"\"knativebrokerttl\" not found"}
{"level":"info","ts":"2019-12-03T21:04:52.030Z","logger":"broker_ingress","caller":"ingress/ingress_handler.go:120","msg":"Error retrieving TTL, defaulting.","commit":"7655d9c","error":"\"knativebrokerttl\" not found"}
{"level":"info","ts":"2019-12-03T21:04:52.030Z","logger":"broker_ingress","caller":"ingress/ingress_handler.go:120","msg":"Error retrieving TTL, defaulting.","commit":"7655d9c","error":"\"knativebrokerttl\" not found"}
{"level":"info","ts":"2019-12-03T21:04:52.030Z","logger":"broker_ingress","caller":"ingress/ingress_handler.go:120","msg":"Error retrieving TTL, defaulting.","commit":"7655d9c","error":"\"knativebrokerttl\" not found"}
{"level":"info","ts":"2019-12-03T21:04:52.030Z","logger":"broker_ingress","caller":"ingress/ingress_handler.go:120","msg":"Error retrieving TTL, defaulting.","commit":"7655d9c","error":"\"knativebrokerttl\" not found"}
{"level":"info","ts":"2019-12-03T21:04:52.031Z","logger":"broker_ingress","caller":"ingress/ingress_handler.go:120","msg":"Error retrieving TTL, defaulting.","commit":"7655d9c","error":"\"knativebrokerttl\" not found"}
{"level":"info","ts":"2019-12-03T21:04:52.040Z","logger":"broker_ingress","caller":"ingress/ingress_handler.go:120","msg":"Error retrieving TTL, defaulting.","commit":"7655d9c","error":"\"knativebrokerttl\" not found"}
{"level":"info","ts":"2019-12-03T21:04:52.040Z","logger":"broker_ingress","caller":"ingress/ingress_handler.go:120","msg":"Error retrieving TTL, defaulting.","commit":"7655d9c","error":"\"knativebrokerttl\" not found"}
{"level":"info","ts":"2019-12-03T21:04:52.040Z","logger":"broker_ingress","caller":"ingress/ingress_handler.go:120","msg":"Error retrieving TTL, defaulting.","commit":"7655d9c","error":"\"knativebrokerttl\" not found"}
{"level":"info","ts":"2019-12-03T21:04:52.040Z","logger":"broker_ingress","caller":"ingress/ingress_handler.go:120","msg":"Error retrieving TTL, defaulting.","commit":"7655d9c","error":"\"knativebrokerttl\" not found"}
{"level":"info","ts":"2019-12-03T21:04:52.041Z","logger":"broker_ingress","caller":"ingress/ingress_handler.go:120","msg":"Error retrieving TTL, defaulting.","commit":"7655d9c","error":"\"knativebrokerttl\" not found"}
{"level":"info","ts":"2019-12-03T21:04:52.041Z","logger":"broker_ingress","caller":"ingress/ingress_handler.go:120","msg":"Error retrieving TTL, defaulting.","commit":"7655d9c","error":"\"knativebrokerttl\" not found"}
{"level":"info","ts":"2019-12-03T21:04:52.041Z","logger":"broker_ingress","caller":"ingress/ingress_handler.go:120","msg":"Error retrieving TTL, defaulting.","commit":"7655d9c","error":"\"knativebrokerttl\" not found"}
{"level":"info","ts":"2019-12-03T21:04:52.041Z","logger":"broker_ingress","caller":"ingress/ingress_handler.go:120","msg":"Error retrieving TTL, defaulting.","commit":"7655d9c","error":"\"knativebrokerttl\" not found"}
{"level":"info","ts":"2019-12-03T21:04:52.041Z","logger":"broker_ingress","caller":"ingress/ingress_handler.go:120","msg":"Error retrieving TTL, defaulting.","commit":"7655d9c","error":"\"knativebrokerttl\" not found"}
{"level":"info","ts":"2019-12-03T21:04:52.041Z","logger":"broker_ingress","caller":"ingress/ingress_handler.go:120","msg":"Error retrieving TTL, defaulting.","commit":"7655d9c","error":"\"knativebrokerttl\" not found"}
{"level":"warn","ts":1575407115.4274201,"logger":"fallback","caller":"http/transport.go:502","msg":"got an error from receiver fn","error":"Post http://imc-kne-trigger-kn-channel.default.svc.cluster.local/: dial tcp 10.15.240.164:80: i/o timeout"}
{"level":"warn","ts":1575407115.4275343,"logger":"fallback","caller":"http/transport.go:594","msg":"error returned from invokeReceiver","error":"Post http://imc-kne-trigger-kn-channel.default.svc.cluster.local/: dial tcp 10.15.240.164:80: i/o timeout"}
{"level":"warn","ts":1575407115.4280875,"logger":"fallback","caller":"http/transport.go:502","msg":"got an error from receiver fn","error":"Post http://imc-kne-trigger-kn-channel.default.svc.cluster.local/: dial tcp 10.15.240.164:80: i/o timeout"}
{"level":"warn","ts":1575407115.4281292,"logger":"fallback","caller":"http/transport.go:594","msg":"error returned from invokeReceiver","error":"Post http://imc-kne-trigger-kn-channel.default.svc.cluster.local/: dial tcp 10.15.240.164:80: i/o timeout"}
{"level":"warn","ts":1575407115.4883585,"logger":"fallback","caller":"http/transport.go:502","msg":"got an error from receiver fn","error":"Post http://imc-kne-trigger-kn-channel.default.svc.cluster.local/: dial tcp 10.15.240.164:80: i/o timeout"}
{"level":"warn","ts":1575407115.488719,"logger":"fallback","caller":"http/transport.go:594","msg":"error returned from invokeReceiver","error":"Post http://imc-kne-trigger-kn-channel.default.svc.cluster.local/: dial tcp 10.15.240.164:80: i/o timeout"}
{"level":"warn","ts":1575407115.4891918,"logger":"fallback","caller":"http/transport.go:502","msg":"got an error from receiver fn","error":"Post http://imc-kne-trigger-kn-channel.default.svc.cluster.local/: dial tcp 10.15.240.164:80: i/o timeout"}
{"level":"warn","ts":1575407115.4922063,"logger":"fallback","caller":"http/transport.go:594","msg":"error returned from invokeReceiver","error":"Post http://imc-kne-trigger-kn-channel.default.svc.cluster.local/: dial tcp 10.15.240.164:80: i/o timeout"}
{"level":"warn","ts":1575407115.4927363,"logger":"fallback","caller":"http/transport.go:502","msg":"got an error from receiver fn","error":"Post http://imc-kne-trigger-kn-channel.default.svc.cluster.local/: dial tcp 10.15.240.164:80: i/o timeout"}
{"level":"warn","ts":1575407115.4952056,"logger":"fallback","caller":"http/transport.go:594","msg":"error returned from invokeReceiver","error":"Post http://imc-kne-trigger-kn-channel.default.svc.cluster.local/: dial tcp 10.15.240.164:80: i/o timeout"}
{"level":"warn","ts":1575407115.4957156,"logger":"fallback","caller":"http/transport.go:502","msg":"got an error from receiver fn","error":"Post http://imc-kne-trigger-kn-channel.default.svc.cluster.local/: dial tcp 10.15.240.164:80: i/o timeout"}
{"level":"warn","ts":1575407115.4958754,"logger":"fallback","caller":"http/transport.go:594","msg":"error returned from invokeReceiver","error":"Post http://imc-kne-trigger-kn-channel.default.svc.cluster.local/: dial tcp 10.15.240.164:80: i/o timeout"}
{"level":"warn","ts":1575407115.4962075,"logger":"fallback","caller":"http/transport.go:502","msg":"got an error from receiver fn","error":"Post http://imc-kne-trigger-kn-channel.default.svc.cluster.local/: dial tcp 10.15.240.164:80: i/o timeout"}
{"level":"warn","ts":1575407115.4992328,"logger":"fallback","caller":"http/transport.go:594","msg":"error returned from invokeReceiver","error":"Post http://imc-kne-trigger-kn-channel.default.svc.cluster.local/: dial tcp 10.15.240.164:80: i/o timeout"}
{"level":"warn","ts":1575407115.4997993,"logger":"fallback","caller":"http/transport.go:502","msg":"got an error from receiver fn","error":"Post http://imc-kne-trigger-kn-channel.default.svc.cluster.local/: dial tcp 10.15.240.164:80: i/o timeout"}
{"level":"warn","ts":1575407115.4999695,"logger":"fallback","caller":"http/transport.go:594","msg":"error returned from invokeReceiver","error":"Post http://imc-kne-trigger-kn-channel.default.svc.cluster.local/: dial tcp 10.15.240.164:80: i/o timeout"}
{"level":"warn","ts":1575407115.5027542,"logger":"fallback","caller":"http/transport.go:502","msg":"got an error from receiver fn","error":"Post http://imc-kne-trigger-kn-channel.default.svc.cluster.local/: dial tcp 10.15.240.164:80: i/o timeout"}
{"level":"warn","ts":1575407115.502934,"logger":"fallback","caller":"http/transport.go:594","msg":"error returned from invokeReceiver","error":"Post http://imc-kne-trigger-kn-channel.default.svc.cluster.local/: dial tcp 10.15.240.164:80: i/o timeout"}
{"level":"info","ts":"2019-12-03T21:04:52.042Z","logger":"broker_ingress","caller":"ingress/ingress_handler.go:120","msg":"Error retrieving TTL, defaulting.","commit":"7655d9c","error":"\"knativebrokerttl\" not found"}
{"level":"info","ts":"2019-12-03T21:04:52.042Z","logger":"broker_ingress","caller":"ingress/ingress_handler.go:120","msg":"Error retrieving TTL, defaulting.","commit":"7655d9c","error":"\"knativebrokerttl\" not found"}
{"level":"info","ts":"2019-12-03T21:04:52.042Z","logger":"broker_ingress","caller":"ingress/ingress_handler.go:120","msg":"Error retrieving TTL, defaulting.","commit":"7655d9c","error":"\"knativebrokerttl\" not found"}
{"level":"warn","ts":1575407115.5053983,"logger":"fallback","caller":"http/transport.go:502","msg":"got an error from receiver fn","error":"Post http://imc-kne-trigger-kn-channel.default.svc.cluster.local/: dial tcp 10.15.240.164:80: i/o timeout"}
{"level":"warn","ts":1575407115.6315007,"logger":"fallback","caller":"http/transport.go:594","msg":"error returned from invokeReceiver","error":"Post http://imc-kne-trigger-kn-channel.default.svc.cluster.local/: dial tcp 10.15.240.164:80: i/o timeout"}
{"level":"warn","ts":1575407115.5055072,"logger":"fallback","caller":"http/transport.go:502","msg":"got an error from receiver fn","error":"Post http://imc-kne-trigger-kn-channel.default.svc.cluster.local/: dial tcp 10.15.240.164:80: i/o timeout"}
{"level":"warn","ts":1575407115.6321268,"logger":"fallback","caller":"http/transport.go:594","msg":"error returned from invokeReceiver","error":"Post http://imc-kne-trigger-kn-channel.default.svc.cluster.local/: dial tcp 10.15.240.164:80: i/o timeout"}
{"level":"warn","ts":1575407115.5055792,"logger":"fallback","caller":"http/transport.go:502","msg":"got an error from receiver fn","error":"Post http://imc-kne-trigger-kn-channel.default.svc.cluster.local/: dial tcp 10.15.240.164:80: i/o timeout"}
{"level":"warn","ts":1575407115.6325269,"logger":"fallback","caller":"http/transport.go:594","msg":"error returned from invokeReceiver","error":"Post http://imc-kne-trigger-kn-channel.default.svc.cluster.local/: dial tcp 10.15.240.164:80: i/o timeout"}
{"level":"warn","ts":1575407115.5056586,"logger":"fallback","caller":"http/transport.go:502","msg":"got an error from receiver fn","error":"Post http://imc-kne-trigger-kn-channel.default.svc.cluster.local/: dial tcp 10.15.240.164:80: i/o timeout"}
{"level":"warn","ts":1575407115.8867767,"logger":"fallback","caller":"http/transport.go:594","msg":"error returned from invokeReceiver","error":"Post http://imc-kne-trigger-kn-channel.default.svc.cluster.local/: dial tcp 10.15.240.164:80: i/o timeout"}
{"level":"warn","ts":1575407115.887663,"logger":"fallback","caller":"http/transport.go:502","msg":"got an error from receiver fn","error":"Post http://imc-kne-trigger-kn-channel.default.svc.cluster.local/: dial tcp 10.15.240.164:80: i/o timeout"}
{"level":"warn","ts":1575407115.8971734,"logger":"fallback","caller":"http/transport.go:594","msg":"error returned from invokeReceiver","error":"Post http://imc-kne-trigger-kn-channel.default.svc.cluster.local/: dial tcp 10.15.240.164:80: i/o timeout"}
{"level":"warn","ts":1575407115.8980749,"logger":"fallback","caller":"http/transport.go:502","msg":"got an error from receiver fn","error":"Post http://imc-kne-trigger-kn-channel.default.svc.cluster.local/: dial tcp 10.15.240.164:80: i/o timeout"}
{"level":"warn","ts":1575407115.9150567,"logger":"fallback","caller":"http/transport.go:594","msg":"error returned from invokeReceiver","error":"Post http://imc-kne-trigger-kn-channel.default.svc.cluster.local/: dial tcp 10.15.240.164:80: i/o timeout"}
{"level":"warn","ts":1575407115.9171333,"logger":"fallback","caller":"http/transport.go:502","msg":"got an error from receiver fn","error":"Post http://imc-kne-trigger-kn-channel.default.svc.cluster.local/: dial tcp 10.15.240.164:80: i/o timeout"}
{"level":"warn","ts":1575407115.5057287,"logger":"fallback","caller":"http/transport.go:502","msg":"got an error from receiver fn","error":"Post http://imc-kne-trigger-kn-channel.default.svc.cluster.local/: dial tcp 10.15.240.164:80: i/o timeout"}
{"level":"warn","ts":1575407115.9843152,"logger":"fallback","caller":"http/transport.go:594","msg":"error returned from invokeReceiver","error":"Post http://imc-kne-trigger-kn-channel.default.svc.cluster.local/: dial tcp 10.15.240.164:80: i/o timeout"}
{"level":"warn","ts":1575407115.986071,"logger":"fallback","caller":"http/transport.go:502","msg":"got an error from receiver fn","error":"Post http://imc-kne-trigger-kn-channel.default.svc.cluster.local/: dial tcp 10.15.240.164:80: i/o timeout"}
{"level":"warn","ts":1575407116.0037832,"logger":"fallback","caller":"http/transport.go:594","msg":"error returned from invokeReceiver","error":"Post http://imc-kne-trigger-kn-channel.default.svc.cluster.local/: dial tcp 10.15.240.164:80: i/o timeout"}
{"level":"warn","ts":1575407115.5058038,"logger":"fallback","caller":"http/transport.go:502","msg":"got an error from receiver fn","error":"Post http://imc-kne-trigger-kn-channel.default.svc.cluster.local/: dial tcp 10.15.240.164:80: i/o timeout"}
{"level":"warn","ts":1575407115.505877,"logger":"fallback","caller":"http/transport.go:502","msg":"got an error from receiver fn","error":"Post http://imc-kne-trigger-kn-channel.default.svc.cluster.local/: dial tcp 10.15.240.164:80: i/o timeout"}
{"level":"warn","ts":1575407115.5059645,"logger":"fallback","caller":"http/transport.go:502","msg":"got an error from receiver fn","error":"Post http://imc-kne-trigger-kn-channel.default.svc.cluster.local/: dial tcp 10.15.240.164:80: i/o timeout"}
{"level":"warn","ts":1575407115.5060503,"logger":"fallback","caller":"http/transport.go:502","msg":"got an error from receiver fn","error":"Post http://imc-kne-trigger-kn-channel.default.svc.cluster.local/: dial tcp 10.15.240.164:80: i/o timeout"}
{"level":"warn","ts":1575407115.5061367,"logger":"fallback","caller":"http/transport.go:502","msg":"got an error from receiver fn","error":"Post http://imc-kne-trigger-kn-channel.default.svc.cluster.local/: dial tcp 10.15.240.164:80: i/o timeout"}
{"level":"warn","ts":1575407115.5062456,"logger":"fallback","caller":"http/transport.go:502","msg":"got an error from receiver fn","error":"Post http://imc-kne-trigger-kn-channel.default.svc.cluster.local/: dial tcp 10.15.240.164:80: i/o timeout"}
{"level":"warn","ts":1575407115.5063283,"logger":"fallback","caller":"http/transport.go:502","msg":"got an error from receiver fn","error":"Post http://imc-kne-trigger-kn-channel.default.svc.cluster.local/: dial tcp 10.15.240.164:80: i/o timeout"}
{"level":"warn","ts":1575407115.5063994,"logger":"fallback","caller":"http/transport.go:502","msg":"got an error from receiver fn","error":"Post http://imc-kne-trigger-kn-channel.default.svc.cluster.local/: dial tcp 10.15.240.164:80: i/o timeout"}
{"level":"warn","ts":1575407115.5093732,"logger":"fallback","caller":"http/transport.go:502","msg":"got an error from receiver fn","error":"Post http://imc-kne-trigger-kn-channel.default.svc.cluster.local/: dial tcp 10.15.240.164:80: i/o timeout"}
{"level":"warn","ts":1575407115.5094771,"logger":"fallback","caller":"http/transport.go:502","msg":"got an error from receiver fn","error":"Post http://imc-kne-trigger-kn-channel.default.svc.cluster.local/: dial tcp 10.15.240.164:80: i/o timeout"}
{"level":"warn","ts":1575407115.509558,"logger":"fallback","caller":"http/transport.go:502","msg":"got an error from receiver fn","error":"Post http://imc-kne-trigger-kn-channel.default.svc.cluster.local/: dial tcp 10.15.240.164:80: i/o timeout"}
{"level":"warn","ts":1575407115.5096455,"logger":"fallback","caller":"http/transport.go:502","msg":"got an error from receiver fn","error":"Post http://imc-kne-trigger-kn-channel.default.svc.cluster.local/: dial tcp 10.15.240.164:80: i/o timeout"}
{"level":"info","ts":"2019-12-03T21:04:52.042Z","logger":"broker_ingress","caller":"ingress/ingress_handler.go:120","msg":"Error retrieving TTL, defaulting.","commit":"7655d9c","error":"\"knativebrokerttl\" not found"}
{"level":"warn","ts":1575407115.5097983,"logger":"fallback","caller":"http/transport.go:502","msg":"got an error from receiver fn","error":"Post http://imc-kne-trigger-kn-channel.default.svc.cluster.local/: dial tcp 10.15.240.164:80: i/o timeout"}
{"level":"warn","ts":1575407115.5122435,"logger":"fallback","caller":"http/transport.go:502","msg":"got an error from receiver fn","error":"Post http://imc-kne-trigger-kn-channel.default.svc.cluster.local/: dial tcp 10.15.240.164:80: i/o timeout"}
{"level":"warn","ts":1575407115.5124166,"logger":"fallback","caller":"http/transport.go:502","msg":"got an error from receiver fn","error":"Post http://imc-kne-trigger-kn-channel.default.svc.cluster.local/: dial tcp 10.15.240.164:80: i/o timeout"}
{"level":"warn","ts":1575407115.5125473,"logger":"fallback","caller":"http/transport.go:502","msg":"got an error from receiver fn","error":"Post http://imc-kne-trigger-kn-channel.default.svc.cluster.local/: dial tcp 10.15.240.164:80: i/o timeout"}
{"level":"warn","ts":1575407116.0177429,"logger":"fallback","caller":"http/transport.go:502","msg":"got an error from receiver fn","error":"Post http://imc-kne-trigger-kn-channel.default.svc.cluster.local/: dial tcp 10.15.240.164:80: i/o timeout"}
{"level":"warn","ts":1575407115.5126288,"logger":"fallback","caller":"http/transport.go:502","msg":"got an error from receiver fn","error":"Post http://imc-kne-trigger-kn-channel.default.svc.cluster.local/: dial tcp 10.15.240.164:80: i/o timeout"}
{"level":"warn","ts":1575407115.512716,"logger":"fallback","caller":"http/transport.go:502","msg":"got an error from receiver fn","error":"Post http://imc-kne-trigger-kn-channel.default.svc.cluster.local/: dial tcp 10.15.240.164:80: i/o timeout"}
{"level":"warn","ts":1575407115.5164053,"logger":"fallback","caller":"http/transport.go:502","msg":"got an error from receiver fn","error":"Post http://imc-kne-trigger-kn-channel.default.svc.cluster.local/: dial tcp 10.15.240.164:80: i/o timeout"}
{"level":"warn","ts":1575407115.522233,"logger":"fallback","caller":"http/transport.go:502","msg":"got an error from receiver fn","error":"Post http://imc-kne-trigger-kn-channel.default.svc.cluster.local/: dial tcp 10.15.240.164:80: i/o timeout"}
{"level":"warn","ts":1575407115.5226567,"logger":"fallback","caller":"http/transport.go:502","msg":"got an error from receiver fn","error":"Post http://imc-kne-trigger-kn-channel.default.svc.cluster.local/: dial tcp 10.15.240.164:80: i/o timeout"}
{"level":"warn","ts":1575407115.5255623,"logger":"fallback","caller":"http/transport.go:502","msg":"got an error from receiver fn","error":"Post http://imc-kne-trigger-kn-channel.default.svc.cluster.local/: dial tcp 10.15.240.164:80: i/o timeout"}
{"level":"warn","ts":1575407115.5282807,"logger":"fallback","caller":"http/transport.go:502","msg":"got an error from receiver fn","error":"Post http://imc-kne-trigger-kn-channel.default.svc.cluster.local/: dial tcp 10.15.240.164:80: i/o timeout"}
{"level":"warn","ts":1575407115.528575,"logger":"fallback","caller":"http/transport.go:502","msg":"got an error from receiver fn","error":"Post http://imc-kne-trigger-kn-channel.default.svc.cluster.local/: dial tcp 10.15.240.164:80: i/o timeout"}
{"level":"warn","ts":1575407115.5286684,"logger":"fallback","caller":"http/transport.go:502","msg":"got an error from receiver fn","error":"Post http://imc-kne-trigger-kn-channel.default.svc.cluster.local/: dial tcp 10.15.240.164:80: i/o timeout"}
{"level":"warn","ts":1575407115.528765,"logger":"fallback","caller":"http/transport.go:502","msg":"got an error from receiver fn","error":"Post http://imc-kne-trigger-kn-channel.default.svc.cluster.local/: dial tcp 10.15.240.164:80: i/o timeout"}
{"level":"warn","ts":1575407115.5288453,"logger":"fallback","caller":"http/transport.go:502","msg":"got an error from receiver fn","error":"Post http://imc-kne-trigger-kn-channel.default.svc.cluster.local/: dial tcp 10.15.240.164:80: i/o timeout"}
{"level":"warn","ts":1575407115.5314708,"logger":"fallback","caller":"http/transport.go:502","msg":"got an error from receiver fn","error":"Post http://imc-kne-trigger-kn-channel.default.svc.cluster.local/: dial tcp 10.15.240.164:80: i/o timeout"}
{"level":"warn","ts":1575407115.5316734,"logger":"fallback","caller":"http/transport.go:502","msg":"got an error from receiver fn","error":"Post http://imc-kne-trigger-kn-channel.default.svc.cluster.local/: dial tcp 10.15.240.164:80: i/o timeout"}
{"level":"warn","ts":1575407115.5347297,"logger":"fallback","caller":"http/transport.go:502","msg":"got an error from receiver fn","error":"Post http://imc-kne-trigger-kn-channel.default.svc.cluster.local/: dial tcp 10.15.240.164:80: i/o timeout"}
{"level":"warn","ts":1575407115.5573778,"logger":"fallback","caller":"http/transport.go:502","msg":"got an error from receiver fn","error":"Post http://imc-kne-trigger-kn-channel.default.svc.cluster.local/: dial tcp 10.15.240.164:80: i/o timeout"}
{"level":"warn","ts":1575407115.5591702,"logger":"fallback","caller":"http/transport.go:502","msg":"got an error from receiver fn","error":"Post http://imc-kne-trigger-kn-channel.default.svc.cluster.local/: dial tcp 10.15.240.164:80: i/o timeout"}
{"level":"warn","ts":1575407115.5600064,"logger":"fallback","caller":"http/transport.go:502","msg":"got an error from receiver fn","error":"Post http://imc-kne-trigger-kn-channel.default.svc.cluster.local/: dial tcp 10.15.240.164:80: i/o timeout"}
{"level":"warn","ts":1575407115.5600905,"logger":"fallback","caller":"http/transport.go:502","msg":"got an error from receiver fn","error":"Post http://imc-kne-trigger-kn-channel.default.svc.cluster.local/: dial tcp 10.15.240.164:80: i/o timeout"}
{"level":"warn","ts":1575407115.5601735,"logger":"fallback","caller":"http/transport.go:502","msg":"got an error from receiver fn","error":"Post http://imc-kne-trigger-kn-channel.default.svc.cluster.local/: dial tcp 10.15.240.164:80: i/o timeout"}
{"level":"warn","ts":1575407115.5602374,"logger":"fallback","caller":"http/transport.go:502","msg":"got an error from receiver fn","error":"Post http://imc-kne-trigger-kn-channel.default.svc.cluster.local/: dial tcp 10.15.240.164:80: i/o timeout"}
{"level":"warn","ts":1575407115.5603018,"logger":"fallback","caller":"http/transport.go:502","msg":"got an error from receiver fn","error":"Post http://imc-kne-trigger-kn-channel.default.svc.cluster.local/: dial tcp 10.15.240.164:80: i/o timeout"}
{"level":"warn","ts":1575407115.5603573,"logger":"fallback","caller":"http/transport.go:502","msg":"got an error from receiver fn","error":"Post http://imc-kne-trigger-kn-channel.default.svc.cluster.local/: dial tcp 10.15.240.164:80: i/o timeout"}
{"level":"warn","ts":1575407115.560412,"logger":"fallback","caller":"http/transport.go:502","msg":"got an error from receiver fn","error":"Post http://imc-kne-trigger-kn-channel.default.svc.cluster.local/: dial tcp 10.15.240.164:80: i/o timeout"}
{"level":"warn","ts":1575407115.5604682,"logger":"fallback","caller":"http/transport.go:502","msg":"got an error from receiver fn","error":"Post http://imc-kne-trigger-kn-channel.default.svc.cluster.local/: dial tcp 10.15.240.164:80: i/o timeout"}
{"level":"warn","ts":1575407115.560536,"logger":"fallback","caller":"http/transport.go:502","msg":"got an error from receiver fn","error":"Post http://imc-kne-trigger-kn-channel.default.svc.cluster.local/: dial tcp 10.15.240.164:80: i/o timeout"}
{"level":"warn","ts":1575407115.5605967,"logger":"fallback","caller":"http/transport.go:502","msg":"got an error from receiver fn","error":"Post http://imc-kne-trigger-kn-channel.default.svc.cluster.local/: dial tcp 10.15.240.164:80: i/o timeout"}
{"level":"warn","ts":1575407115.5606542,"logger":"fallback","caller":"http/transport.go:502","msg":"got an error from receiver fn","error":"Post http://imc-kne-trigger-kn-channel.default.svc.cluster.local/: dial tcp 10.15.240.164:80: i/o timeout"}
{"level":"warn","ts":1575407115.560707,"logger":"fallback","caller":"http/transport.go:502","msg":"got an error from receiver fn","error":"Post http://imc-kne-trigger-kn-channel.default.svc.cluster.local/: dial tcp 10.15.240.164:80: i/o timeout"}
{"level":"warn","ts":1575407115.56078,"logger":"fallback","caller":"http/transport.go:502","msg":"got an error from receiver fn","error":"Post http://imc-kne-trigger-kn-channel.default.svc.cluster.local/: dial tcp 10.15.240.164:80: i/o timeout"}
{"level":"warn","ts":1575407115.5608408,"logger":"fallback","caller":"http/transport.go:502","msg":"got an error from receiver fn","error":"Post http://imc-kne-trigger-kn-channel.default.svc.cluster.local/: dial tcp 10.15.240.164:80: i/o timeout"}
{"level":"warn","ts":1575407115.5609086,"logger":"fallback","caller":"http/transport.go:502","msg":"got an error from receiver fn","error":"Post http://imc-kne-trigger-kn-channel.default.svc.cluster.local/: dial tcp 10.15.240.164:80: i/o timeout"}
{"level":"warn","ts":1575407115.5609736,"logger":"fallback","caller":"http/transport.go:502","msg":"got an error from receiver fn","error":"Post http://imc-kne-trigger-kn-channel.default.svc.cluster.local/: dial tcp 10.15.240.164:80: i/o timeout"}
{"level":"warn","ts":1575407115.5610518,"logger":"fallback","caller":"http/transport.go:502","msg":"got an error from receiver fn","error":"Post http://imc-kne-trigger-kn-channel.default.svc.cluster.local/: dial tcp 10.15.240.164:80: i/o timeout"}
{"level":"warn","ts":1575407115.5611076,"logger":"fallback","caller":"http/transport.go:502","msg":"got an error from receiver fn","error":"Post http://imc-kne-trigger-kn-channel.default.svc.cluster.local/: dial tcp 10.15.240.164:80: i/o timeout"}
{"level":"warn","ts":1575407116.0276759,"logger":"fallback","caller":"http/transport.go:594","msg":"error returned from invokeReceiver","error":"Post http://imc-kne-trigger-kn-channel.default.svc.cluster.local/: dial tcp 10.15.240.164:80: i/o timeout"}
{"level":"warn","ts":1575407115.5647488,"logger":"fallback","caller":"http/transport.go:502","msg":"got an error from receiver fn","error":"Post http://imc-kne-trigger-kn-channel.default.svc.cluster.local/: dial tcp 10.15.240.164:80: i/o timeout"}
{"level":"warn","ts":1575407115.5648763,"logger":"fallback","caller":"http/transport.go:502","msg":"got an error from receiver fn","error":"Post http://imc-kne-trigger-kn-channel.default.svc.cluster.local/: dial tcp 10.15.240.164:80: i/o timeout"}
{"level":"warn","ts":1575407115.5649595,"logger":"fallback","caller":"http/transport.go:502","msg":"got an error from receiver fn","error":"Post http://imc-kne-trigger-kn-channel.default.svc.cluster.local/: dial tcp 10.15.240.164:80: i/o timeout"}
{"level":"warn","ts":1575407115.5650454,"logger":"fallback","caller":"http/transport.go:502","msg":"got an error from receiver fn","error":"Post http://imc-kne-trigger-kn-channel.default.svc.cluster.local/: dial tcp 10.15.240.164:80: i/o timeout"}
{"level":"warn","ts":1575407115.567272,"logger":"fallback","caller":"http/transport.go:502","msg":"got an error from receiver fn","error":"Post http://imc-kne-trigger-kn-channel.default.svc.cluster.local/: dial tcp 10.15.240.164:80: i/o timeout"}
{"level":"warn","ts":1575407115.5674222,"logger":"fallback","caller":"http/transport.go:502","msg":"got an error from receiver fn","error":"Post http://imc-kne-trigger-kn-channel.default.svc.cluster.local/: dial tcp 10.15.240.164:80: i/o timeout"}
{"level":"warn","ts":1575407115.5683177,"logger":"fallback","caller":"http/transport.go:502","msg":"got an error from receiver fn","error":"Post http://imc-kne-trigger-kn-channel.default.svc.cluster.local/: dial tcp 10.15.240.164:80: i/o timeout"}
{"level":"warn","ts":1575407115.5685534,"logger":"fallback","caller":"http/transport.go:502","msg":"got an error from receiver fn","error":"Post http://imc-kne-trigger-kn-channel.default.svc.cluster.local/: dial tcp 10.15.240.164:80: i/o timeout"}
{"level":"warn","ts":1575407115.5686262,"logger":"fallback","caller":"http/transport.go:502","msg":"got an error from receiver fn","error":"Post http://imc-kne-trigger-kn-channel.default.svc.cluster.local/: dial tcp 10.15.240.164:80: i/o timeout"}
{"level":"warn","ts":1575407115.5686963,"logger":"fallback","caller":"http/transport.go:502","msg":"got an error from receiver fn","error":"Post http://imc-kne-trigger-kn-channel.default.svc.cluster.local/: dial tcp 10.15.240.164:80: i/o timeout"}
{"level":"warn","ts":1575407115.5687594,"logger":"fallback","caller":"http/transport.go:502","msg":"got an error from receiver fn","error":"Post http://imc-kne-trigger-kn-channel.default.svc.cluster.local/: dial tcp 10.15.240.164:80: i/o timeout"}
{"level":"warn","ts":1575407115.5688686,"logger":"fallback","caller":"http/transport.go:502","msg":"got an error from receiver fn","error":"Post http://imc-kne-trigger-kn-channel.default.svc.cluster.local/: dial tcp 10.15.240.164:80: i/o timeout"}
{"level":"warn","ts":1575407115.5689452,"logger":"fallback","caller":"http/transport.go:502","msg":"got an error from receiver fn","error":"Post http://imc-kne-trigger-kn-channel.default.svc.cluster.local/: dial tcp 10.15.240.164:80: i/o timeout"}
{"level":"warn","ts":1575407115.5690124,"logger":"fallback","caller":"http/transport.go:502","msg":"got an error from receiver fn","error":"Post http://imc-kne-trigger-kn-channel.default.svc.cluster.local/: dial tcp 10.15.240.164:80: i/o timeout"}
{"level":"warn","ts":1575407115.5690773,"logger":"fallback","caller":"http/transport.go:502","msg":"got an error from receiver fn","error":"Post http://imc-kne-trigger-kn-channel.default.svc.cluster.local/: dial tcp 10.15.240.164:80: i/o timeout"}
{"level":"warn","ts":1575407115.5691354,"logger":"fallback","caller":"http/transport.go:502","msg":"got an error from receiver fn","error":"Post http://imc-kne-trigger-kn-channel.default.svc.cluster.local/: dial tcp 10.15.240.164:80: i/o timeout"}
{"level":"warn","ts":1575407115.5692244,"logger":"fallback","caller":"http/transport.go:502","msg":"got an error from receiver fn","error":"Post http://imc-kne-trigger-kn-channel.default.svc.cluster.local/: dial tcp 10.15.240.164:80: i/o timeout"}
{"level":"warn","ts":1575407115.5692925,"logger":"fallback","caller":"http/transport.go:502","msg":"got an error from receiver fn","error":"Post http://imc-kne-trigger-kn-channel.default.svc.cluster.local/: dial tcp 10.15.240.164:80: i/o timeout"}
{"level":"warn","ts":1575407115.5693483,"logger":"fallback","caller":"http/transport.go:502","msg":"got an error from receiver fn","error":"Post http://imc-kne-trigger-kn-channel.default.svc.cluster.local/: dial tcp 10.15.240.164:80: i/o timeout"}
{"level":"warn","ts":1575407115.569408,"logger":"fallback","caller":"http/transport.go:502","msg":"got an error from receiver fn","error":"Post http://imc-kne-trigger-kn-channel.default.svc.cluster.local/: dial tcp 10.15.240.164:80: i/o timeout"}
{"level":"warn","ts":1575407115.5694664,"logger":"fallback","caller":"http/transport.go:502","msg":"got an error from receiver fn","error":"Post http://imc-kne-trigger-kn-channel.default.svc.cluster.local/: dial tcp 10.15.240.164:80: i/o timeout"}
{"level":"warn","ts":1575407115.5695324,"logger":"fallback","caller":"http/transport.go:502","msg":"got an error from receiver fn","error":"Post http://imc-kne-trigger-kn-channel.default.svc.cluster.local/: dial tcp 10.15.240.164:80: i/o timeout"}
{"level":"warn","ts":1575407115.569588,"logger":"fallback","caller":"http/transport.go:502","msg":"got an error from receiver fn","error":"Post http://imc-kne-trigger-kn-channel.default.svc.cluster.local/: dial tcp 10.15.240.164:80: i/o timeout"}
{"level":"warn","ts":1575407115.5696452,"logger":"fallback","caller":"http/transport.go:502","msg":"got an error from receiver fn","error":"Post http://imc-kne-trigger-kn-channel.default.svc.cluster.local/: dial tcp 10.15.240.164:80: i/o timeout"}
{"level":"info","ts":"2019-12-03T21:04:52.042Z","logger":"broker_ingress","caller":"ingress/ingress_handler.go:120","msg":"Error retrieving TTL, defaulting.","commit":"7655d9c","error":"\"knativebrokerttl\" not found"}
{"level":"warn","ts":1575407115.5697062,"logger":"fallback","caller":"http/transport.go:502","msg":"got an error from receiver fn","error":"Post http://imc-kne-trigger-kn-channel.default.svc.cluster.local/: dial tcp 10.15.240.164:80: i/o timeout"}
{"level":"warn","ts":1575407115.5697746,"logger":"fallback","caller":"http/transport.go:502","msg":"got an error from receiver fn","error":"Post http://imc-kne-trigger-kn-channel.default.svc.cluster.local/: dial tcp 10.15.240.164:80: i/o timeout"}
{"level":"warn","ts":1575407115.5698426,"logger":"fallback","caller":"http/transport.go:502","msg":"got an error from receiver fn","error":"Post http://imc-kne-trigger-kn-channel.default.svc.cluster.local/: dial tcp 10.15.240.164:80: i/o timeout"}
{"level":"warn","ts":1575407115.5699446,"logger":"fallback","caller":"http/transport.go:502","msg":"got an error from receiver fn","error":"Post http://imc-kne-trigger-kn-channel.default.svc.cluster.local/: dial tcp 10.15.240.164:80: i/o timeout"}
{"level":"warn","ts":1575407115.5700388,"logger":"fallback","caller":"http/transport.go:502","msg":"got an error from receiver fn","error":"Post http://imc-kne-trigger-kn-channel.default.svc.cluster.local/: dial tcp 10.15.240.164:80: i/o timeout"}
{"level":"warn","ts":1575407115.5700953,"logger":"fallback","caller":"http/transport.go:502","msg":"got an error from receiver fn","error":"Post http://imc-kne-trigger-kn-channel.default.svc.cluster.local/: dial tcp 10.15.240.164:80: i/o timeout"}
{"level":"warn","ts":1575407115.5702486,"logger":"fallback","caller":"http/transport.go:502","msg":"got an error from receiver fn","error":"Post http://imc-kne-trigger-kn-channel.default.svc.cluster.local/: dial tcp 10.15.240.164:80: i/o timeout"}
{"level":"warn","ts":1575407115.5703695,"logger":"fallback","caller":"http/transport.go:502","msg":"got an error from receiver fn","error":"Post http://imc-kne-trigger-kn-channel.default.svc.cluster.local/: dial tcp 10.15.240.164:80: i/o timeout"}
{"level":"warn","ts":1575407115.5704544,"logger":"fallback","caller":"http/transport.go:502","msg":"got an error from receiver fn","error":"Post http://imc-kne-trigger-kn-channel.default.svc.cluster.local/: dial tcp 10.15.240.164:80: i/o timeout"}
{"level":"warn","ts":1575407115.5705488,"logger":"fallback","caller":"http/transport.go:502","msg":"got an error from receiver fn","error":"Post http://imc-kne-trigger-kn-channel.default.svc.cluster.local/: dial tcp 10.15.240.164:80: i/o timeout"}
{"level":"warn","ts":1575407115.570633,"logger":"fallback","caller":"http/transport.go:502","msg":"got an error from receiver fn","error":"Post http://imc-kne-trigger-kn-channel.default.svc.cluster.local/: dial tcp 10.15.240.164:80: i/o timeout"}
{"level":"warn","ts":1575407115.5732546,"logger":"fallback","caller":"http/transport.go:502","msg":"got an error from receiver fn","error":"Post http://imc-kne-trigger-kn-channel.default.svc.cluster.local/: dial tcp 10.15.240.164:80: i/o timeout"}
{"level":"warn","ts":1575407115.5734277,"logger":"fallback","caller":"http/transport.go:594","msg":"error returned from invokeReceiver","error":"Post http://imc-kne-trigger-kn-channel.default.svc.cluster.local/: dial tcp 10.15.240.164:80: i/o timeout"}
{"level":"warn","ts":1575407115.5735567,"logger":"fallback","caller":"http/transport.go:594","msg":"error returned from invokeReceiver","error":"Post http://imc-kne-trigger-kn-channel.default.svc.cluster.local/: dial tcp 10.15.240.164:80: i/o timeout"}
{"level":"warn","ts":1575407115.5762668,"logger":"fallback","caller":"http/transport.go:594","msg":"error returned from invokeReceiver","error":"Post http://imc-kne-trigger-kn-channel.default.svc.cluster.local/: dial tcp 10.15.240.164:80: i/o timeout"}
{"level":"warn","ts":1575407115.5763228,"logger":"fallback","caller":"http/transport.go:594","msg":"error returned from invokeReceiver","error":"Post http://imc-kne-trigger-kn-channel.default.svc.cluster.local/: dial tcp 10.15.240.164:80: i/o timeout"}
{"level":"warn","ts":1575407115.5764334,"logger":"fallback","caller":"http/transport.go:594","msg":"error returned from invokeReceiver","error":"Post http://imc-kne-trigger-kn-channel.default.svc.cluster.local/: dial tcp 10.15.240.164:80: i/o timeout"}
{"level":"warn","ts":1575407115.5764396,"logger":"fallback","caller":"http/transport.go:594","msg":"error returned from invokeReceiver","error":"Post http://imc-kne-trigger-kn-channel.default.svc.cluster.local/: dial tcp 10.15.240.164:80: i/o timeout"}
{"level":"info","ts":"2019-12-03T21:04:52.042Z","logger":"broker_ingress","caller":"ingress/ingress_handler.go:120","msg":"Error retrieving TTL, defaulting.","commit":"7655d9c","error":"\"knativebrokerttl\" not found"}
{"level":"info","ts":"2019-12-03T21:04:52.042Z","logger":"broker_ingress","caller":"ingress/ingress_handler.go:120","msg":"Error retrieving TTL, defaulting.","commit":"7655d9c","error":"\"knativebrokerttl\" not found"}
{"level":"info","ts":"2019-12-03T21:04:52.042Z","logger":"broker_ingress","caller":"ingress/ingress_handler.go:120","msg":"Error retrieving TTL, defaulting.","commit":"7655d9c","error":"\"knativebrokerttl\" not found"}
{"level":"info","ts":"2019-12-03T21:04:52.043Z","logger":"broker_ingress","caller":"ingress/ingress_handler.go:120","msg":"Error retrieving TTL, defaulting.","commit":"7655d9c","error":"\"knativebrokerttl\" not found"}
{"level":"info","ts":"2019-12-03T21:04:52.043Z","logger":"broker_ingress","caller":"ingress/ingress_handler.go:120","msg":"Error retrieving TTL, defaulting.","commit":"7655d9c","error":"\"knativebrokerttl\" not found"}
{"level":"info","ts":"2019-12-03T21:04:52.043Z","logger":"broker_ingress","caller":"ingress/ingress_handler.go:120","msg":"Error retrieving TTL, defaulting.","commit":"7655d9c","error":"\"knativebrokerttl\" not found"}
{"level":"info","ts":"2019-12-03T21:04:52.044Z","logger":"broker_ingress","caller":"ingress/ingress_handler.go:120","msg":"Error retrieving TTL, defaulting.","commit":"7655d9c","error":"\"knativebrokerttl\" not found"}
{"level":"info","ts":"2019-12-03T21:04:52.062Z","logger":"broker_ingress","caller":"ingress/ingress_handler.go:120","msg":"Error retrieving TTL, defaulting.","commit":"7655d9c","error":"\"knativebrokerttl\" not found"}
{"level":"info","ts":"2019-12-03T21:04:52.063Z","logger":"broker_ingress","caller":"ingress/ingress_handler.go:120","msg":"Error retrieving TTL, defaulting.","commit":"7655d9c","error":"\"knativebrokerttl\" not found"}
{"level":"info","ts":"2019-12-03T21:04:52.063Z","logger":"broker_ingress","caller":"ingress/ingress_handler.go:120","msg":"Error retrieving TTL, defaulting.","commit":"7655d9c","error":"\"knativebrokerttl\" not found"}
{"level":"info","ts":"2019-12-03T21:04:52.064Z","logger":"broker_ingress","caller":"ingress/ingress_handler.go:120","msg":"Error retrieving TTL, defaulting.","commit":"7655d9c","error":"\"knativebrokerttl\" not found"}
{"level":"info","ts":"2019-12-03T21:04:52.064Z","logger":"broker_ingress","caller":"ingress/ingress_handler.go:120","msg":"Error retrieving TTL, defaulting.","commit":"7655d9c","error":"\"knativebrokerttl\" not found"}
{"level":"info","ts":"2019-12-03T21:04:52.064Z","logger":"broker_ingress","caller":"ingress/ingress_handler.go:120","msg":"Error retrieving TTL, defaulting.","commit":"7655d9c","error":"\"knativebrokerttl\" not found"}
{"level":"info","ts":"2019-12-03T21:04:52.064Z","logger":"broker_ingress","caller":"ingress/ingress_handler.go:120","msg":"Error retrieving TTL, defaulting.","commit":"7655d9c","error":"\"knativebrokerttl\" not found"}
{"level":"info","ts":"2019-12-03T21:04:52.064Z","logger":"broker_ingress","caller":"ingress/ingress_handler.go:120","msg":"Error retrieving TTL, defaulting.","commit":"7655d9c","error":"\"knativebrokerttl\" not found"}
{"level":"info","ts":"2019-12-03T21:04:52.064Z","logger":"broker_ingress","caller":"ingress/ingress_handler.go:120","msg":"Error retrieving TTL, defaulting.","commit":"7655d9c","error":"\"knativebrokerttl\" not found"}
{"level":"info","ts":"2019-12-03T21:04:52.064Z","logger":"broker_ingress","caller":"ingress/ingress_handler.go:120","msg":"Error retrieving TTL, defaulting.","commit":"7655d9c","error":"\"knativebrokerttl\" not found"}
{"level":"info","ts":"2019-12-03T21:04:52.065Z","logger":"broker_ingress","caller":"ingress/ingress_handler.go:120","msg":"Error retrieving TTL, defaulting.","commit":"7655d9c","error":"\"knativebrokerttl\" not found"}
{"level":"info","ts":"2019-12-03T21:04:52.065Z","logger":"broker_ingress","caller":"ingress/ingress_handler.go:120","msg":"Error retrieving TTL, defaulting.","commit":"7655d9c","error":"\"knativebrokerttl\" not found"}
{"level":"info","ts":"2019-12-03T21:04:52.065Z","logger":"broker_ingress","caller":"ingress/ingress_handler.go:120","msg":"Error retrieving TTL, defaulting.","commit":"7655d9c","error":"\"knativebrokerttl\" not found"}
{"level":"info","ts":"2019-12-03T21:04:52.065Z","logger":"broker_ingress","caller":"ingress/ingress_handler.go:120","msg":"Error retrieving TTL, defaulting.","commit":"7655d9c","error":"\"knativebrokerttl\" not found"}
{"level":"info","ts":"2019-12-03T21:04:52.065Z","logger":"broker_ingress","caller":"ingress/ingress_handler.go:120","msg":"Error retrieving TTL, defaulting.","commit":"7655d9c","error":"\"knativebrokerttl\" not found"}
{"level":"info","ts":"2019-12-03T21:04:52.065Z","logger":"broker_ingress","caller":"ingress/ingress_handler.go:120","msg":"Error retrieving TTL, defaulting.","commit":"7655d9c","error":"\"knativebrokerttl\" not found"}
{"level":"info","ts":"2019-12-03T21:04:52.065Z","logger":"broker_ingress","caller":"ingress/ingress_handler.go:120","msg":"Error retrieving TTL, defaulting.","commit":"7655d9c","error":"\"knativebrokerttl\" not found"}
{"level":"info","ts":"2019-12-03T21:04:52.066Z","logger":"broker_ingress","caller":"ingress/ingress_handler.go:120","msg":"Error retrieving TTL, defaulting.","commit":"7655d9c","error":"\"knativebrokerttl\" not found"}
{"level":"info","ts":"2019-12-03T21:04:52.066Z","logger":"broker_ingress","caller":"ingress/ingress_handler.go:120","msg":"Error retrieving TTL, defaulting.","commit":"7655d9c","error":"\"knativebrokerttl\" not found"}
{"level":"info","ts":"2019-12-03T21:04:52.066Z","logger":"broker_ingress","caller":"ingress/ingress_handler.go:120","msg":"Error retrieving TTL, defaulting.","commit":"7655d9c","error":"\"knativebrokerttl\" not found"}
{"level":"info","ts":"2019-12-03T21:04:52.066Z","logger":"broker_ingress","caller":"ingress/ingress_handler.go:120","msg":"Error retrieving TTL, defaulting.","commit":"7655d9c","error":"\"knativebrokerttl\" not found"}
{"level":"info","ts":"2019-12-03T21:04:52.066Z","logger":"broker_ingress","caller":"ingress/ingress_handler.go:120","msg":"Error retrieving TTL, defaulting.","commit":"7655d9c","error":"\"knativebrokerttl\" not found"}
{"level":"info","ts":"2019-12-03T21:04:52.066Z","logger":"broker_ingress","caller":"ingress/ingress_handler.go:120","msg":"Error retrieving TTL, defaulting.","commit":"7655d9c","error":"\"knativebrokerttl\" not found"}
{"level":"info","ts":"2019-12-03T21:04:52.078Z","logger":"broker_ingress","caller":"ingress/ingress_handler.go:120","msg":"Error retrieving TTL, defaulting.","commit":"7655d9c","error":"\"knativebrokerttl\" not found"}
{"level":"info","ts":"2019-12-03T21:04:52.078Z","logger":"broker_ingress","caller":"ingress/ingress_handler.go:120","msg":"Error retrieving TTL, defaulting.","commit":"7655d9c","error":"\"knativebrokerttl\" not found"}
{"level":"info","ts":"2019-12-03T21:04:52.079Z","logger":"broker_ingress","caller":"ingress/ingress_handler.go:120","msg":"Error retrieving TTL, defaulting.","commit":"7655d9c","error":"\"knativebrokerttl\" not found"}
{"level":"info","ts":"2019-12-03T21:04:52.079Z","logger":"broker_ingress","caller":"ingress/ingress_handler.go:120","msg":"Error retrieving TTL, defaulting.","commit":"7655d9c","error":"\"knativebrokerttl\" not found"}
{"level":"info","ts":"2019-12-03T21:04:52.079Z","logger":"broker_ingress","caller":"ingress/ingress_handler.go:120","msg":"Error retrieving TTL, defaulting.","commit":"7655d9c","error":"\"knativebrokerttl\" not found"}
{"level":"info","ts":"2019-12-03T21:04:52.079Z","logger":"broker_ingress","caller":"ingress/ingress_handler.go:120","msg":"Error retrieving TTL, defaulting.","commit":"7655d9c","error":"\"knativebrokerttl\" not found"}
{"level":"info","ts":"2019-12-03T21:04:52.079Z","logger":"broker_ingress","caller":"ingress/ingress_handler.go:120","msg":"Error retrieving TTL, defaulting.","commit":"7655d9c","error":"\"knativebrokerttl\" not found"}
{"level":"info","ts":"2019-12-03T21:04:52.079Z","logger":"broker_ingress","caller":"ingress/ingress_handler.go:120","msg":"Error retrieving TTL, defaulting.","commit":"7655d9c","error":"\"knativebrokerttl\" not found"}
{"level":"info","ts":"2019-12-03T21:04:52.079Z","logger":"broker_ingress","caller":"ingress/ingress_handler.go:120","msg":"Error retrieving TTL, defaulting.","commit":"7655d9c","error":"\"knativebrokerttl\" not found"}
{"level":"info","ts":"2019-12-03T21:04:52.080Z","logger":"broker_ingress","caller":"ingress/ingress_handler.go:120","msg":"Error retrieving TTL, defaulting.","commit":"7655d9c","error":"\"knativebrokerttl\" not found"}
{"level":"info","ts":"2019-12-03T21:04:52.086Z","logger":"broker_ingress","caller":"ingress/ingress_handler.go:120","msg":"Error retrieving TTL, defaulting.","commit":"7655d9c","error":"\"knativebrokerttl\" not found"}
{"level":"info","ts":"2019-12-03T21:04:52.086Z","logger":"broker_ingress","caller":"ingress/ingress_handler.go:120","msg":"Error retrieving TTL, defaulting.","commit":"7655d9c","error":"\"knativebrokerttl\" not found"}
{"level":"info","ts":"2019-12-03T21:04:52.086Z","logger":"broker_ingress","caller":"ingress/ingress_handler.go:120","msg":"Error retrieving TTL, defaulting.","commit":"7655d9c","error":"\"knativebrokerttl\" not found"}
{"level":"info","ts":"2019-12-03T21:04:52.086Z","logger":"broker_ingress","caller":"ingress/ingress_handler.go:120","msg":"Error retrieving TTL, defaulting.","commit":"7655d9c","error":"\"knativebrokerttl\" not found"}
{"level":"info","ts":"2019-12-03T21:04:52.087Z","logger":"broker_ingress","caller":"ingress/ingress_handler.go:120","msg":"Error retrieving TTL, defaulting.","commit":"7655d9c","error":"\"knativebrokerttl\" not found"}
{"level":"info","ts":"2019-12-03T21:04:52.087Z","logger":"broker_ingress","caller":"ingress/ingress_handler.go:120","msg":"Error retrieving TTL, defaulting.","commit":"7655d9c","error":"\"knativebrokerttl\" not found"}
{"level":"info","ts":"2019-12-03T21:04:52.087Z","logger":"broker_ingress","caller":"ingress/ingress_handler.go:120","msg":"Error retrieving TTL, defaulting.","commit":"7655d9c","error":"\"knativebrokerttl\" not found"}
{"level":"info","ts":"2019-12-03T21:04:52.087Z","logger":"broker_ingress","caller":"ingress/ingress_handler.go:120","msg":"Error retrieving TTL, defaulting.","commit":"7655d9c","error":"\"knativebrokerttl\" not found"}
{"level":"info","ts":"2019-12-03T21:04:52.087Z","logger":"broker_ingress","caller":"ingress/ingress_handler.go:120","msg":"Error retrieving TTL, defaulting.","commit":"7655d9c","error":"\"knativebrokerttl\" not found"}
{"level":"info","ts":"2019-12-03T21:04:52.087Z","logger":"broker_ingress","caller":"ingress/ingress_handler.go:120","msg":"Error retrieving TTL, defaulting.","commit":"7655d9c","error":"\"knativebrokerttl\" not found"}
{"level":"info","ts":"2019-12-03T21:04:52.087Z","logger":"broker_ingress","caller":"ingress/ingress_handler.go:120","msg":"Error retrieving TTL, defaulting.","commit":"7655d9c","error":"\"knativebrokerttl\" not found"}
{"level":"info","ts":"2019-12-03T21:04:52.088Z","logger":"broker_ingress","caller":"ingress/ingress_handler.go:120","msg":"Error retrieving TTL, defaulting.","commit":"7655d9c","error":"\"knativebrokerttl\" not found"}
{"level":"info","ts":"2019-12-03T21:04:52.088Z","logger":"broker_ingress","caller":"ingress/ingress_handler.go:120","msg":"Error retrieving TTL, defaulting.","commit":"7655d9c","error":"\"knativebrokerttl\" not found"}
{"level":"info","ts":"2019-12-03T21:04:52.094Z","logger":"broker_ingress","caller":"ingress/ingress_handler.go:120","msg":"Error retrieving TTL, defaulting.","commit":"7655d9c","error":"\"knativebrokerttl\" not found"}
{"level":"info","ts":"2019-12-03T21:04:52.094Z","logger":"broker_ingress","caller":"ingress/ingress_handler.go:120","msg":"Error retrieving TTL, defaulting.","commit":"7655d9c","error":"\"knativebrokerttl\" not found"}
{"level":"info","ts":"2019-12-03T21:04:52.094Z","logger":"broker_ingress","caller":"ingress/ingress_handler.go:120","msg":"Error retrieving TTL, defaulting.","commit":"7655d9c","error":"\"knativebrokerttl\" not found"}
{"level":"info","ts":"2019-12-03T21:04:52.094Z","logger":"broker_ingress","caller":"ingress/ingress_handler.go:120","msg":"Error retrieving TTL, defaulting.","commit":"7655d9c","error":"\"knativebrokerttl\" not found"}
{"level":"info","ts":"2019-12-03T21:04:52.094Z","logger":"broker_ingress","caller":"ingress/ingress_handler.go:120","msg":"Error retrieving TTL, defaulting.","commit":"7655d9c","error":"\"knativebrokerttl\" not found"}
{"level":"info","ts":"2019-12-03T21:04:52.095Z","logger":"broker_ingress","caller":"ingress/ingress_handler.go:120","msg":"Error retrieving TTL, defaulting.","commit":"7655d9c","error":"\"knativebrokerttl\" not found"}
{"level":"info","ts":"2019-12-03T21:04:52.095Z","logger":"broker_ingress","caller":"ingress/ingress_handler.go:120","msg":"Error retrieving TTL, defaulting.","commit":"7655d9c","error":"\"knativebrokerttl\" not found"}
{"level":"warn","ts":1575407116.31692,"logger":"fallback","caller":"http/transport.go:502","msg":"got an error from receiver fn","error":"Post http://imc-kne-trigger-kn-channel.default.svc.cluster.local/: dial tcp 10.15.240.164:80: i/o timeout"}
{"level":"warn","ts":1575407116.320224,"logger":"fallback","caller":"http/transport.go:594","msg":"error returned from invokeReceiver","error":"Post http://imc-kne-trigger-kn-channel.default.svc.cluster.local/: dial tcp 10.15.240.164:80: i/o timeout"}
{"level":"warn","ts":1575407116.4687302,"logger":"fallback","caller":"http/transport.go:502","msg":"got an error from receiver fn","error":"Post http://imc-kne-trigger-kn-channel.default.svc.cluster.local/: dial tcp 10.15.240.164:80: i/o timeout"}
{"level":"warn","ts":1575407116.4688,"logger":"fallback","caller":"http/transport.go:594","msg":"error returned from invokeReceiver","error":"Post http://imc-kne-trigger-kn-channel.default.svc.cluster.local/: dial tcp 10.15.240.164:80: i/o timeout"}
{"level":"warn","ts":1575407116.4776034,"logger":"fallback","caller":"http/transport.go:502","msg":"got an error from receiver fn","error":"Post http://imc-kne-trigger-kn-channel.default.svc.cluster.local/: dial tcp 10.15.240.164:80: i/o timeout"}
{"level":"warn","ts":1575407117.2750833,"logger":"fallback","caller":"http/transport.go:594","msg":"error returned from invokeReceiver","error":"Post http://imc-kne-trigger-kn-channel.default.svc.cluster.local/: dial tcp 10.15.240.164:80: i/o timeout"}
{"level":"warn","ts":1575407117.2845378,"logger":"fallback","caller":"http/transport.go:594","msg":"error returned from invokeReceiver","error":"Post http://imc-kne-trigger-kn-channel.default.svc.cluster.local/: dial tcp 10.15.240.164:80: i/o timeout"}
{"level":"warn","ts":1575407116.8431401,"logger":"fallback","caller":"http/transport.go:502","msg":"got an error from receiver fn","error":"Post http://imc-kne-trigger-kn-channel.default.svc.cluster.local/: dial tcp 10.15.240.164:80: i/o timeout"}
{"level":"warn","ts":1575407117.2854416,"logger":"fallback","caller":"http/transport.go:594","msg":"error returned from invokeReceiver","error":"Post http://imc-kne-trigger-kn-channel.default.svc.cluster.local/: dial tcp 10.15.240.164:80: i/o timeout"}
{"level":"warn","ts":1575407116.8767178,"logger":"fallback","caller":"http/transport.go:594","msg":"error returned from invokeReceiver","error":"Post http://imc-kne-trigger-kn-channel.default.svc.cluster.local/: dial tcp 10.15.240.164:80: i/o timeout"}
{"level":"warn","ts":1575407116.9051173,"logger":"fallback","caller":"http/transport.go:594","msg":"error returned from invokeReceiver","error":"Post http://imc-kne-trigger-kn-channel.default.svc.cluster.local/: dial tcp 10.15.240.164:80: i/o timeout"}
{"level":"warn","ts":1575407117.2883549,"logger":"fallback","caller":"http/transport.go:594","msg":"error returned from invokeReceiver","error":"Post http://imc-kne-trigger-kn-channel.default.svc.cluster.local/: dial tcp 10.15.240.164:80: i/o timeout"}
{"level":"warn","ts":1575407117.2910168,"logger":"fallback","caller":"http/transport.go:594","msg":"error returned from invokeReceiver","error":"Post http://imc-kne-trigger-kn-channel.default.svc.cluster.local/: dial tcp 10.15.240.164:80: i/o timeout"}
{"level":"warn","ts":1575407117.2915082,"logger":"fallback","caller":"http/transport.go:594","msg":"error returned from invokeReceiver","error":"Post http://imc-kne-trigger-kn-channel.default.svc.cluster.local/: dial tcp 10.15.240.164:80: i/o timeout"}
{"level":"warn","ts":1575407117.2922812,"logger":"fallback","caller":"http/transport.go:594","msg":"error returned from invokeReceiver","error":"Post http://imc-kne-trigger-kn-channel.default.svc.cluster.local/: dial tcp 10.15.240.164:80: i/o timeout"}
{"level":"warn","ts":1575407117.2930176,"logger":"fallback","caller":"http/transport.go:594","msg":"error returned from invokeReceiver","error":"Post http://imc-kne-trigger-kn-channel.default.svc.cluster.local/: dial tcp 10.15.240.164:80: i/o timeout"}
{"level":"warn","ts":1575407117.29376,"logger":"fallback","caller":"http/transport.go:594","msg":"error returned from invokeReceiver","error":"Post http://imc-kne-trigger-kn-channel.default.svc.cluster.local/: dial tcp 10.15.240.164:80: i/o timeout"}
{"level":"warn","ts":1575407117.2942083,"logger":"fallback","caller":"http/transport.go:594","msg":"error returned from invokeReceiver","error":"Post http://imc-kne-trigger-kn-channel.default.svc.cluster.local/: dial tcp 10.15.240.164:80: i/o timeout"}
{"level":"warn","ts":1575407117.294666,"logger":"fallback","caller":"http/transport.go:594","msg":"error returned from invokeReceiver","error":"Post http://imc-kne-trigger-kn-channel.default.svc.cluster.local/: dial tcp 10.15.240.164:80: i/o timeout"}
{"level":"warn","ts":1575407117.2954311,"logger":"fallback","caller":"http/transport.go:594","msg":"error returned from invokeReceiver","error":"Post http://imc-kne-trigger-kn-channel.default.svc.cluster.local/: dial tcp 10.15.240.164:80: i/o timeout"}
{"level":"warn","ts":1575407117.2961285,"logger":"fallback","caller":"http/transport.go:594","msg":"error returned from invokeReceiver","error":"Post http://imc-kne-trigger-kn-channel.default.svc.cluster.local/: dial tcp 10.15.240.164:80: i/o timeout"}
{"level":"warn","ts":1575407117.2965298,"logger":"fallback","caller":"http/transport.go:594","msg":"error returned from invokeReceiver","error":"Post http://imc-kne-trigger-kn-channel.default.svc.cluster.local/: dial tcp 10.15.240.164:80: i/o timeout"}
{"level":"warn","ts":1575407117.296957,"logger":"fallback","caller":"http/transport.go:594","msg":"error returned from invokeReceiver","error":"Post http://imc-kne-trigger-kn-channel.default.svc.cluster.local/: dial tcp 10.15.240.164:80: i/o timeout"}
{"level":"warn","ts":1575407117.2970643,"logger":"fallback","caller":"http/transport.go:594","msg":"error returned from invokeReceiver","error":"Post http://imc-kne-trigger-kn-channel.default.svc.cluster.local/: dial tcp 10.15.240.164:80: i/o timeout"}
{"level":"warn","ts":1575407117.297386,"logger":"fallback","caller":"http/transport.go:594","msg":"error returned from invokeReceiver","error":"Post http://imc-kne-trigger-kn-channel.default.svc.cluster.local/: dial tcp 10.15.240.164:80: i/o timeout"}
{"level":"warn","ts":1575407117.2975726,"logger":"fallback","caller":"http/transport.go:594","msg":"error returned from invokeReceiver","error":"Post http://imc-kne-trigger-kn-channel.default.svc.cluster.local/: dial tcp 10.15.240.164:80: i/o timeout"}
{"level":"warn","ts":1575407117.297797,"logger":"fallback","caller":"http/transport.go:594","msg":"error returned from invokeReceiver","error":"Post http://imc-kne-trigger-kn-channel.default.svc.cluster.local/: dial tcp 10.15.240.164:80: i/o timeout"}
{"level":"warn","ts":1575407117.298075,"logger":"fallback","caller":"http/transport.go:594","msg":"error returned from invokeReceiver","error":"Post http://imc-kne-trigger-kn-channel.default.svc.cluster.local/: dial tcp 10.15.240.164:80: i/o timeout"}
{"level":"warn","ts":1575407117.29825,"logger":"fallback","caller":"http/transport.go:594","msg":"error returned from invokeReceiver","error":"Post http://imc-kne-trigger-kn-channel.default.svc.cluster.local/: dial tcp 10.15.240.164:80: i/o timeout"}
{"level":"warn","ts":1575407117.2984917,"logger":"fallback","caller":"http/transport.go:594","msg":"error returned from invokeReceiver","error":"Post http://imc-kne-trigger-kn-channel.default.svc.cluster.local/: dial tcp 10.15.240.164:80: i/o timeout"}
{"level":"warn","ts":1575407117.2987137,"logger":"fallback","caller":"http/transport.go:594","msg":"error returned from invokeReceiver","error":"Post http://imc-kne-trigger-kn-channel.default.svc.cluster.local/: dial tcp 10.15.240.164:80: i/o timeout"}
{"level":"warn","ts":1575407117.2988045,"logger":"fallback","caller":"http/transport.go:594","msg":"error returned from invokeReceiver","error":"Post http://imc-kne-trigger-kn-channel.default.svc.cluster.local/: dial tcp 10.15.240.164:80: i/o timeout"}
{"level":"warn","ts":1575407117.2989173,"logger":"fallback","caller":"http/transport.go:594","msg":"error returned from invokeReceiver","error":"Post http://imc-kne-trigger-kn-channel.default.svc.cluster.local/: dial tcp 10.15.240.164:80: i/o timeout"}
{"level":"warn","ts":1575407117.2991948,"logger":"fallback","caller":"http/transport.go:594","msg":"error returned from invokeReceiver","error":"Post http://imc-kne-trigger-kn-channel.default.svc.cluster.local/: dial tcp 10.15.240.164:80: i/o timeout"}
{"level":"warn","ts":1575407117.2994697,"logger":"fallback","caller":"http/transport.go:594","msg":"error returned from invokeReceiver","error":"Post http://imc-kne-trigger-kn-channel.default.svc.cluster.local/: dial tcp 10.15.240.164:80: i/o timeout"}
{"level":"warn","ts":1575407117.2997108,"logger":"fallback","caller":"http/transport.go:594","msg":"error returned from invokeReceiver","error":"Post http://imc-kne-trigger-kn-channel.default.svc.cluster.local/: dial tcp 10.15.240.164:80: i/o timeout"}
{"level":"warn","ts":1575407117.2998536,"logger":"fallback","caller":"http/transport.go:594","msg":"error returned from invokeReceiver","error":"Post http://imc-kne-trigger-kn-channel.default.svc.cluster.local/: dial tcp 10.15.240.164:80: i/o timeout"}
{"level":"warn","ts":1575407117.2998962,"logger":"fallback","caller":"http/transport.go:594","msg":"error returned from invokeReceiver","error":"Post http://imc-kne-trigger-kn-channel.default.svc.cluster.local/: dial tcp 10.15.240.164:80: i/o timeout"}
{"level":"warn","ts":1575407117.300254,"logger":"fallback","caller":"http/transport.go:594","msg":"error returned from invokeReceiver","error":"Post http://imc-kne-trigger-kn-channel.default.svc.cluster.local/: dial tcp 10.15.240.164:80: i/o timeout"}
{"level":"warn","ts":1575407117.3005736,"logger":"fallback","caller":"http/transport.go:594","msg":"error returned from invokeReceiver","error":"Post http://imc-kne-trigger-kn-channel.default.svc.cluster.local/: dial tcp 10.15.240.164:80: i/o timeout"}
{"level":"warn","ts":1575407117.3007221,"logger":"fallback","caller":"http/transport.go:594","msg":"error returned from invokeReceiver","error":"Post http://imc-kne-trigger-kn-channel.default.svc.cluster.local/: dial tcp 10.15.240.164:80: i/o timeout"}
{"level":"warn","ts":1575407117.3007448,"logger":"fallback","caller":"http/transport.go:594","msg":"error returned from invokeReceiver","error":"Post http://imc-kne-trigger-kn-channel.default.svc.cluster.local/: dial tcp 10.15.240.164:80: i/o timeout"}
{"level":"warn","ts":1575407117.3010478,"logger":"fallback","caller":"http/transport.go:594","msg":"error returned from invokeReceiver","error":"Post http://imc-kne-trigger-kn-channel.default.svc.cluster.local/: dial tcp 10.15.240.164:80: i/o timeout"}
{"level":"warn","ts":1575407117.3013349,"logger":"fallback","caller":"http/transport.go:594","msg":"error returned from invokeReceiver","error":"Post http://imc-kne-trigger-kn-channel.default.svc.cluster.local/: dial tcp 10.15.240.164:80: i/o timeout"}
{"level":"warn","ts":1575407117.3015273,"logger":"fallback","caller":"http/transport.go:594","msg":"error returned from invokeReceiver","error":"Post http://imc-kne-trigger-kn-channel.default.svc.cluster.local/: dial tcp 10.15.240.164:80: i/o timeout"}
{"level":"warn","ts":1575407117.301081,"logger":"fallback","caller":"http/transport.go:594","msg":"error returned from invokeReceiver","error":"Post http://imc-kne-trigger-kn-channel.default.svc.cluster.local/: dial tcp 10.15.240.164:80: i/o timeout"}
{"level":"warn","ts":1575407117.3019228,"logger":"fallback","caller":"http/transport.go:594","msg":"error returned from invokeReceiver","error":"Post http://imc-kne-trigger-kn-channel.default.svc.cluster.local/: dial tcp 10.15.240.164:80: i/o timeout"}
{"level":"warn","ts":1575407117.3022306,"logger":"fallback","caller":"http/transport.go:594","msg":"error returned from invokeReceiver","error":"Post http://imc-kne-trigger-kn-channel.default.svc.cluster.local/: dial tcp 10.15.240.164:80: i/o timeout"}
{"level":"warn","ts":1575407117.3023796,"logger":"fallback","caller":"http/transport.go:594","msg":"error returned from invokeReceiver","error":"Post http://imc-kne-trigger-kn-channel.default.svc.cluster.local/: dial tcp 10.15.240.164:80: i/o timeout"}
{"level":"warn","ts":1575407117.3026173,"logger":"fallback","caller":"http/transport.go:594","msg":"error returned from invokeReceiver","error":"Post http://imc-kne-trigger-kn-channel.default.svc.cluster.local/: dial tcp 10.15.240.164:80: i/o timeout"}
{"level":"warn","ts":1575407117.3028665,"logger":"fallback","caller":"http/transport.go:594","msg":"error returned from invokeReceiver","error":"Post http://imc-kne-trigger-kn-channel.default.svc.cluster.local/: dial tcp 10.15.240.164:80: i/o timeout"}
{"level":"warn","ts":1575407117.3029845,"logger":"fallback","caller":"http/transport.go:594","msg":"error returned from invokeReceiver","error":"Post http://imc-kne-trigger-kn-channel.default.svc.cluster.local/: dial tcp 10.15.240.164:80: i/o timeout"}
{"level":"warn","ts":1575407117.3032334,"logger":"fallback","caller":"http/transport.go:594","msg":"error returned from invokeReceiver","error":"Post http://imc-kne-trigger-kn-channel.default.svc.cluster.local/: dial tcp 10.15.240.164:80: i/o timeout"}
{"level":"warn","ts":1575407117.3033595,"logger":"fallback","caller":"http/transport.go:594","msg":"error returned from invokeReceiver","error":"Post http://imc-kne-trigger-kn-channel.default.svc.cluster.local/: dial tcp 10.15.240.164:80: i/o timeout"}
{"level":"warn","ts":1575407117.3037143,"logger":"fallback","caller":"http/transport.go:594","msg":"error returned from invokeReceiver","error":"Post http://imc-kne-trigger-kn-channel.default.svc.cluster.local/: dial tcp 10.15.240.164:80: i/o timeout"}
{"level":"warn","ts":1575407117.3039665,"logger":"fallback","caller":"http/transport.go:594","msg":"error returned from invokeReceiver","error":"Post http://imc-kne-trigger-kn-channel.default.svc.cluster.local/: dial tcp 10.15.240.164:80: i/o timeout"}
{"level":"warn","ts":1575407117.3039753,"logger":"fallback","caller":"http/transport.go:594","msg":"error returned from invokeReceiver","error":"Post http://imc-kne-trigger-kn-channel.default.svc.cluster.local/: dial tcp 10.15.240.164:80: i/o timeout"}
{"level":"warn","ts":1575407117.3042605,"logger":"fallback","caller":"http/transport.go:594","msg":"error returned from invokeReceiver","error":"Post http://imc-kne-trigger-kn-channel.default.svc.cluster.local/: dial tcp 10.15.240.164:80: i/o timeout"}
{"level":"warn","ts":1575407117.3045068,"logger":"fallback","caller":"http/transport.go:594","msg":"error returned from invokeReceiver","error":"Post http://imc-kne-trigger-kn-channel.default.svc.cluster.local/: dial tcp 10.15.240.164:80: i/o timeout"}
{"level":"warn","ts":1575407117.3045177,"logger":"fallback","caller":"http/transport.go:594","msg":"error returned from invokeReceiver","error":"Post http://imc-kne-trigger-kn-channel.default.svc.cluster.local/: dial tcp 10.15.240.164:80: i/o timeout"}
{"level":"warn","ts":1575407117.3048842,"logger":"fallback","caller":"http/transport.go:594","msg":"error returned from invokeReceiver","error":"Post http://imc-kne-trigger-kn-channel.default.svc.cluster.local/: dial tcp 10.15.240.164:80: i/o timeout"}
{"level":"warn","ts":1575407117.305145,"logger":"fallback","caller":"http/transport.go:594","msg":"error returned from invokeReceiver","error":"Post http://imc-kne-trigger-kn-channel.default.svc.cluster.local/: dial tcp 10.15.240.164:80: i/o timeout"}
{"level":"warn","ts":1575407117.3052714,"logger":"fallback","caller":"http/transport.go:594","msg":"error returned from invokeReceiver","error":"Post http://imc-kne-trigger-kn-channel.default.svc.cluster.local/: dial tcp 10.15.240.164:80: i/o timeout"}
{"level":"warn","ts":1575407117.3054078,"logger":"fallback","caller":"http/transport.go:594","msg":"error returned from invokeReceiver","error":"Post http://imc-kne-trigger-kn-channel.default.svc.cluster.local/: dial tcp 10.15.240.164:80: i/o timeout"}
{"level":"warn","ts":1575407117.3056884,"logger":"fallback","caller":"http/transport.go:594","msg":"error returned from invokeReceiver","error":"Post http://imc-kne-trigger-kn-channel.default.svc.cluster.local/: dial tcp 10.15.240.164:80: i/o timeout"}
{"level":"warn","ts":1575407117.3056967,"logger":"fallback","caller":"http/transport.go:594","msg":"error returned from invokeReceiver","error":"Post http://imc-kne-trigger-kn-channel.default.svc.cluster.local/: dial tcp 10.15.240.164:80: i/o timeout"}
{"level":"warn","ts":1575407117.305936,"logger":"fallback","caller":"http/transport.go:594","msg":"error returned from invokeReceiver","error":"Post http://imc-kne-trigger-kn-channel.default.svc.cluster.local/: dial tcp 10.15.240.164:80: i/o timeout"}
{"level":"warn","ts":1575407117.3061855,"logger":"fallback","caller":"http/transport.go:594","msg":"error returned from invokeReceiver","error":"Post http://imc-kne-trigger-kn-channel.default.svc.cluster.local/: dial tcp 10.15.240.164:80: i/o timeout"}
{"level":"warn","ts":1575407117.3064163,"logger":"fallback","caller":"http/transport.go:594","msg":"error returned from invokeReceiver","error":"Post http://imc-kne-trigger-kn-channel.default.svc.cluster.local/: dial tcp 10.15.240.164:80: i/o timeout"}
{"level":"warn","ts":1575407117.306588,"logger":"fallback","caller":"http/transport.go:594","msg":"error returned from invokeReceiver","error":"Post http://imc-kne-trigger-kn-channel.default.svc.cluster.local/: dial tcp 10.15.240.164:80: i/o timeout"}
{"level":"warn","ts":1575407117.3065703,"logger":"fallback","caller":"http/transport.go:594","msg":"error returned from invokeReceiver","error":"Post http://imc-kne-trigger-kn-channel.default.svc.cluster.local/: dial tcp 10.15.240.164:80: i/o timeout"}
{"level":"warn","ts":1575407117.3069727,"logger":"fallback","caller":"http/transport.go:594","msg":"error returned from invokeReceiver","error":"Post http://imc-kne-trigger-kn-channel.default.svc.cluster.local/: dial tcp 10.15.240.164:80: i/o timeout"}
{"level":"warn","ts":1575407117.307268,"logger":"fallback","caller":"http/transport.go:594","msg":"error returned from invokeReceiver","error":"Post http://imc-kne-trigger-kn-channel.default.svc.cluster.local/: dial tcp 10.15.240.164:80: i/o timeout"}
{"level":"warn","ts":1575407117.3074105,"logger":"fallback","caller":"http/transport.go:594","msg":"error returned from invokeReceiver","error":"Post http://imc-kne-trigger-kn-channel.default.svc.cluster.local/: dial tcp 10.15.240.164:80: i/o timeout"}
{"level":"warn","ts":1575407117.307714,"logger":"fallback","caller":"http/transport.go:594","msg":"error returned from invokeReceiver","error":"Post http://imc-kne-trigger-kn-channel.default.svc.cluster.local/: dial tcp 10.15.240.164:80: i/o timeout"}
{"level":"warn","ts":1575407117.3078637,"logger":"fallback","caller":"http/transport.go:594","msg":"error returned from invokeReceiver","error":"Post http://imc-kne-trigger-kn-channel.default.svc.cluster.local/: dial tcp 10.15.240.164:80: i/o timeout"}
{"level":"warn","ts":1575407117.3079994,"logger":"fallback","caller":"http/transport.go:594","msg":"error returned from invokeReceiver","error":"Post http://imc-kne-trigger-kn-channel.default.svc.cluster.local/: dial tcp 10.15.240.164:80: i/o timeout"}
{"level":"warn","ts":1575407117.3082504,"logger":"fallback","caller":"http/transport.go:594","msg":"error returned from invokeReceiver","error":"Post http://imc-kne-trigger-kn-channel.default.svc.cluster.local/: dial tcp 10.15.240.164:80: i/o timeout"}
{"level":"warn","ts":1575407117.3085456,"logger":"fallback","caller":"http/transport.go:594","msg":"error returned from invokeReceiver","error":"Post http://imc-kne-trigger-kn-channel.default.svc.cluster.local/: dial tcp 10.15.240.164:80: i/o timeout"}
{"level":"warn","ts":1575407117.3086584,"logger":"fallback","caller":"http/transport.go:594","msg":"error returned from invokeReceiver","error":"Post http://imc-kne-trigger-kn-channel.default.svc.cluster.local/: dial tcp 10.15.240.164:80: i/o timeout"}
{"level":"warn","ts":1575407117.3090224,"logger":"fallback","caller":"http/transport.go:502","msg":"got an error from receiver fn","error":"Post http://imc-kne-trigger-kn-channel.default.svc.cluster.local/: dial tcp 10.15.240.164:80: i/o timeout"}
{"level":"warn","ts":1575407117.3173459,"logger":"fallback","caller":"http/transport.go:594","msg":"error returned from invokeReceiver","error":"Post http://imc-kne-trigger-kn-channel.default.svc.cluster.local/: dial tcp 10.15.240.164:80: i/o timeout"}
{"level":"warn","ts":1575407117.31779,"logger":"fallback","caller":"http/transport.go:502","msg":"got an error from receiver fn","error":"Post http://imc-kne-trigger-kn-channel.default.svc.cluster.local/: dial tcp 10.15.240.164:80: i/o timeout"}
{"level":"warn","ts":1575407117.3285265,"logger":"fallback","caller":"http/transport.go:594","msg":"error returned from invokeReceiver","error":"Post http://imc-kne-trigger-kn-channel.default.svc.cluster.local/: dial tcp 10.15.240.164:80: i/o timeout"}
{"level":"warn","ts":1575407117.3085437,"logger":"fallback","caller":"http/transport.go:594","msg":"error returned from invokeReceiver","error":"Post http://imc-kne-trigger-kn-channel.default.svc.cluster.local/: dial tcp 10.15.240.164:80: i/o timeout"}
{"level":"warn","ts":1575407117.3005683,"logger":"fallback","caller":"http/transport.go:594","msg":"error returned from invokeReceiver","error":"Post http://imc-kne-trigger-kn-channel.default.svc.cluster.local/: dial tcp 10.15.240.164:80: i/o timeout"}
{"level":"warn","ts":1575407115.576561,"logger":"fallback","caller":"http/transport.go:594","msg":"error returned from invokeReceiver","error":"Post http://imc-kne-trigger-kn-channel.default.svc.cluster.local/: dial tcp 10.15.240.164:80: i/o timeout"}
{"level":"warn","ts":1575407115.576585,"logger":"fallback","caller":"http/transport.go:594","msg":"error returned from invokeReceiver","error":"Post http://imc-kne-trigger-kn-channel.default.svc.cluster.local/: dial tcp 10.15.240.164:80: i/o timeout"}
{"level":"warn","ts":1575407115.5766542,"logger":"fallback","caller":"http/transport.go:594","msg":"error returned from invokeReceiver","error":"Post http://imc-kne-trigger-kn-channel.default.svc.cluster.local/: dial tcp 10.15.240.164:80: i/o timeout"}
{"level":"warn","ts":1575407115.5767202,"logger":"fallback","caller":"http/transport.go:594","msg":"error returned from invokeReceiver","error":"Post http://imc-kne-trigger-kn-channel.default.svc.cluster.local/: dial tcp 10.15.240.164:80: i/o timeout"}
{"level":"warn","ts":1575407115.5767815,"logger":"fallback","caller":"http/transport.go:594","msg":"error returned from invokeReceiver","error":"Post http://imc-kne-trigger-kn-channel.default.svc.cluster.local/: dial tcp 10.15.240.164:80: i/o timeout"}
{"level":"warn","ts":1575407115.5768723,"logger":"fallback","caller":"http/transport.go:594","msg":"error returned from invokeReceiver","error":"Post http://imc-kne-trigger-kn-channel.default.svc.cluster.local/: dial tcp 10.15.240.164:80: i/o timeout"}
{"level":"warn","ts":1575407115.5769634,"logger":"fallback","caller":"http/transport.go:594","msg":"error returned from invokeReceiver","error":"Post http://imc-kne-trigger-kn-channel.default.svc.cluster.local/: dial tcp 10.15.240.164:80: i/o timeout"}
{"level":"warn","ts":1575407115.5770686,"logger":"fallback","caller":"http/transport.go:594","msg":"error returned from invokeReceiver","error":"Post http://imc-kne-trigger-kn-channel.default.svc.cluster.local/: dial tcp 10.15.240.164:80: i/o timeout"}
{"level":"warn","ts":1575407115.577136,"logger":"fallback","caller":"http/transport.go:594","msg":"error returned from invokeReceiver","error":"Post http://imc-kne-trigger-kn-channel.default.svc.cluster.local/: dial tcp 10.15.240.164:80: i/o timeout"}
{"level":"warn","ts":1575407115.5772855,"logger":"fallback","caller":"http/transport.go:594","msg":"error returned from invokeReceiver","error":"Post http://imc-kne-trigger-kn-channel.default.svc.cluster.local/: dial tcp 10.15.240.164:80: i/o timeout"}
{"level":"warn","ts":1575407115.5773492,"logger":"fallback","caller":"http/transport.go:594","msg":"error returned from invokeReceiver","error":"Post http://imc-kne-trigger-kn-channel.default.svc.cluster.local/: dial tcp 10.15.240.164:80: i/o timeout"}
{"level":"warn","ts":1575407115.5775986,"logger":"fallback","caller":"http/transport.go:594","msg":"error returned from invokeReceiver","error":"Post http://imc-kne-trigger-kn-channel.default.svc.cluster.local/: dial tcp 10.15.240.164:80: i/o timeout"}
{"level":"warn","ts":1575407115.577796,"logger":"fallback","caller":"http/transport.go:594","msg":"error returned from invokeReceiver","error":"Post http://imc-kne-trigger-kn-channel.default.svc.cluster.local/: dial tcp 10.15.240.164:80: i/o timeout"}
{"level":"warn","ts":1575407115.5779002,"logger":"fallback","caller":"http/transport.go:594","msg":"error returned from invokeReceiver","error":"Post http://imc-kne-trigger-kn-channel.default.svc.cluster.local/: dial tcp 10.15.240.164:80: i/o timeout"}
{"level":"warn","ts":1575407115.5780025,"logger":"fallback","caller":"http/transport.go:594","msg":"error returned from invokeReceiver","error":"Post http://imc-kne-trigger-kn-channel.default.svc.cluster.local/: dial tcp 10.15.240.164:80: i/o timeout"}
{"level":"warn","ts":1575407115.5792425,"logger":"fallback","caller":"http/transport.go:594","msg":"error returned from invokeReceiver","error":"Post http://imc-kne-trigger-kn-channel.default.svc.cluster.local/: dial tcp 10.15.240.164:80: i/o timeout"}
{"level":"warn","ts":1575407115.5794554,"logger":"fallback","caller":"http/transport.go:594","msg":"error returned from invokeReceiver","error":"Post http://imc-kne-trigger-kn-channel.default.svc.cluster.local/: dial tcp 10.15.240.164:80: i/o timeout"}
{"level":"warn","ts":1575407115.58488,"logger":"fallback","caller":"http/transport.go:594","msg":"error returned from invokeReceiver","error":"Post http://imc-kne-trigger-kn-channel.default.svc.cluster.local/: dial tcp 10.15.240.164:80: i/o timeout"}
{"level":"warn","ts":1575407115.5925667,"logger":"fallback","caller":"http/transport.go:594","msg":"error returned from invokeReceiver","error":"Post http://imc-kne-trigger-kn-channel.default.svc.cluster.local/: dial tcp 10.15.240.164:80: i/o timeout"}
{"level":"warn","ts":1575407115.5929074,"logger":"fallback","caller":"http/transport.go:594","msg":"error returned from invokeReceiver","error":"Post http://imc-kne-trigger-kn-channel.default.svc.cluster.local/: dial tcp 10.15.240.164:80: i/o timeout"}
{"level":"warn","ts":1575407115.5931883,"logger":"fallback","caller":"http/transport.go:594","msg":"error returned from invokeReceiver","error":"Post http://imc-kne-trigger-kn-channel.default.svc.cluster.local/: dial tcp 10.15.240.164:80: i/o timeout"}
{"level":"warn","ts":1575407115.5932891,"logger":"fallback","caller":"http/transport.go:594","msg":"error returned from invokeReceiver","error":"Post http://imc-kne-trigger-kn-channel.default.svc.cluster.local/: dial tcp 10.15.240.164:80: i/o timeout"}
{"level":"warn","ts":1575407115.593384,"logger":"fallback","caller":"http/transport.go:594","msg":"error returned from invokeReceiver","error":"Post http://imc-kne-trigger-kn-channel.default.svc.cluster.local/: dial tcp 10.15.240.164:80: i/o timeout"}
{"level":"warn","ts":1575407115.5933864,"logger":"fallback","caller":"http/transport.go:594","msg":"error returned from invokeReceiver","error":"Post http://imc-kne-trigger-kn-channel.default.svc.cluster.local/: dial tcp 10.15.240.164:80: i/o timeout"}
{"level":"warn","ts":1575407115.59346,"logger":"fallback","caller":"http/transport.go:594","msg":"error returned from invokeReceiver","error":"Post http://imc-kne-trigger-kn-channel.default.svc.cluster.local/: dial tcp 10.15.240.164:80: i/o timeout"}
{"level":"warn","ts":1575407115.5935266,"logger":"fallback","caller":"http/transport.go:594","msg":"error returned from invokeReceiver","error":"Post http://imc-kne-trigger-kn-channel.default.svc.cluster.local/: dial tcp 10.15.240.164:80: i/o timeout"}
{"level":"warn","ts":1575407115.5935938,"logger":"fallback","caller":"http/transport.go:594","msg":"error returned from invokeReceiver","error":"Post http://imc-kne-trigger-kn-channel.default.svc.cluster.local/: dial tcp 10.15.240.164:80: i/o timeout"}
{"level":"warn","ts":1575407115.59367,"logger":"fallback","caller":"http/transport.go:594","msg":"error returned from invokeReceiver","error":"Post http://imc-kne-trigger-kn-channel.default.svc.cluster.local/: dial tcp 10.15.240.164:80: i/o timeout"}
{"level":"warn","ts":1575407115.5937414,"logger":"fallback","caller":"http/transport.go:594","msg":"error returned from invokeReceiver","error":"Post http://imc-kne-trigger-kn-channel.default.svc.cluster.local/: dial tcp 10.15.240.164:80: i/o timeout"}
{"level":"warn","ts":1575407115.5938087,"logger":"fallback","caller":"http/transport.go:594","msg":"error returned from invokeReceiver","error":"Post http://imc-kne-trigger-kn-channel.default.svc.cluster.local/: dial tcp 10.15.240.164:80: i/o timeout"}
{"level":"warn","ts":1575407115.593876,"logger":"fallback","caller":"http/transport.go:594","msg":"error returned from invokeReceiver","error":"Post http://imc-kne-trigger-kn-channel.default.svc.cluster.local/: dial tcp 10.15.240.164:80: i/o timeout"}
{"level":"warn","ts":1575407115.5939384,"logger":"fallback","caller":"http/transport.go:594","msg":"error returned from invokeReceiver","error":"Post http://imc-kne-trigger-kn-channel.default.svc.cluster.local/: dial tcp 10.15.240.164:80: i/o timeout"}
{"level":"warn","ts":1575407115.5940056,"logger":"fallback","caller":"http/transport.go:594","msg":"error returned from invokeReceiver","error":"Post http://imc-kne-trigger-kn-channel.default.svc.cluster.local/: dial tcp 10.15.240.164:80: i/o timeout"}
{"level":"warn","ts":1575407115.5940704,"logger":"fallback","caller":"http/transport.go:594","msg":"error returned from invokeReceiver","error":"Post http://imc-kne-trigger-kn-channel.default.svc.cluster.local/: dial tcp 10.15.240.164:80: i/o timeout"}
{"level":"warn","ts":1575407115.5941286,"logger":"fallback","caller":"http/transport.go:594","msg":"error returned from invokeReceiver","error":"Post http://imc-kne-trigger-kn-channel.default.svc.cluster.local/: dial tcp 10.15.240.164:80: i/o timeout"}
{"level":"warn","ts":1575407115.594245,"logger":"fallback","caller":"http/transport.go:594","msg":"error returned from invokeReceiver","error":"Post http://imc-kne-trigger-kn-channel.default.svc.cluster.local/: dial tcp 10.15.240.164:80: i/o timeout"}
{"level":"warn","ts":1575407115.5943217,"logger":"fallback","caller":"http/transport.go:594","msg":"error returned from invokeReceiver","error":"Post http://imc-kne-trigger-kn-channel.default.svc.cluster.local/: dial tcp 10.15.240.164:80: i/o timeout"}
{"level":"warn","ts":1575407117.3074617,"logger":"fallback","caller":"http/transport.go:594","msg":"error returned from invokeReceiver","error":"Post http://imc-kne-trigger-kn-channel.default.svc.cluster.local/: dial tcp 10.15.240.164:80: i/o timeout"}
{"level":"warn","ts":1575407117.3069868,"logger":"fallback","caller":"http/transport.go:594","msg":"error returned from invokeReceiver","error":"Post http://imc-kne-trigger-kn-channel.default.svc.cluster.local/: dial tcp 10.15.240.164:80: i/o timeout"}
{"level":"warn","ts":1575407117.3037477,"logger":"fallback","caller":"http/transport.go:594","msg":"error returned from invokeReceiver","error":"Post http://imc-kne-trigger-kn-channel.default.svc.cluster.local/: dial tcp 10.15.240.164:80: i/o timeout"}
{"level":"warn","ts":1575407117.3026493,"logger":"fallback","caller":"http/transport.go:594","msg":"error returned from invokeReceiver","error":"Post http://imc-kne-trigger-kn-channel.default.svc.cluster.local/: dial tcp 10.15.240.164:80: i/o timeout"}
{"level":"warn","ts":1575407117.3023248,"logger":"fallback","caller":"http/transport.go:594","msg":"error returned from invokeReceiver","error":"Post http://imc-kne-trigger-kn-channel.default.svc.cluster.local/: dial tcp 10.15.240.164:80: i/o timeout"}
{"level":"warn","ts":1575407117.2994914,"logger":"fallback","caller":"http/transport.go:594","msg":"error returned from invokeReceiver","error":"Post http://imc-kne-trigger-kn-channel.default.svc.cluster.local/: dial tcp 10.15.240.164:80: i/o timeout"}
{"level":"warn","ts":1575407117.2980702,"logger":"fallback","caller":"http/transport.go:594","msg":"error returned from invokeReceiver","error":"Post http://imc-kne-trigger-kn-channel.default.svc.cluster.local/: dial tcp 10.15.240.164:80: i/o timeout"}
{"level":"warn","ts":1575407115.5944335,"logger":"fallback","caller":"http/transport.go:594","msg":"error returned from invokeReceiver","error":"Post http://imc-kne-trigger-kn-channel.default.svc.cluster.local/: dial tcp 10.15.240.164:80: i/o timeout"}
{"level":"warn","ts":1575407115.594517,"logger":"fallback","caller":"http/transport.go:594","msg":"error returned from invokeReceiver","error":"Post http://imc-kne-trigger-kn-channel.default.svc.cluster.local/: dial tcp 10.15.240.164:80: i/o timeout"}
{"level":"warn","ts":1575407115.5945787,"logger":"fallback","caller":"http/transport.go:594","msg":"error returned from invokeReceiver","error":"Post http://imc-kne-trigger-kn-channel.default.svc.cluster.local/: dial tcp 10.15.240.164:80: i/o timeout"}
{"level":"warn","ts":1575407115.5946512,"logger":"fallback","caller":"http/transport.go:594","msg":"error returned from invokeReceiver","error":"Post http://imc-kne-trigger-kn-channel.default.svc.cluster.local/: dial tcp 10.15.240.164:80: i/o timeout"}
{"level":"warn","ts":1575407115.594718,"logger":"fallback","caller":"http/transport.go:594","msg":"error returned from invokeReceiver","error":"Post http://imc-kne-trigger-kn-channel.default.svc.cluster.local/: dial tcp 10.15.240.164:80: i/o timeout"}
{"level":"warn","ts":1575407115.5947876,"logger":"fallback","caller":"http/transport.go:594","msg":"error returned from invokeReceiver","error":"Post http://imc-kne-trigger-kn-channel.default.svc.cluster.local/: dial tcp 10.15.240.164:80: i/o timeout"}
{"level":"warn","ts":1575407115.5948544,"logger":"fallback","caller":"http/transport.go:594","msg":"error returned from invokeReceiver","error":"Post http://imc-kne-trigger-kn-channel.default.svc.cluster.local/: dial tcp 10.15.240.164:80: i/o timeout"}
{"level":"warn","ts":1575407115.5949209,"logger":"fallback","caller":"http/transport.go:594","msg":"error returned from invokeReceiver","error":"Post http://imc-kne-trigger-kn-channel.default.svc.cluster.local/: dial tcp 10.15.240.164:80: i/o timeout"}
{"level":"warn","ts":1575407115.5949914,"logger":"fallback","caller":"http/transport.go:594","msg":"error returned from invokeReceiver","error":"Post http://imc-kne-trigger-kn-channel.default.svc.cluster.local/: dial tcp 10.15.240.164:80: i/o timeout"}
{"level":"warn","ts":1575407115.5950615,"logger":"fallback","caller":"http/transport.go:594","msg":"error returned from invokeReceiver","error":"Post http://imc-kne-trigger-kn-channel.default.svc.cluster.local/: dial tcp 10.15.240.164:80: i/o timeout"}
{"level":"warn","ts":1575407115.5951219,"logger":"fallback","caller":"http/transport.go:594","msg":"error returned from invokeReceiver","error":"Post http://imc-kne-trigger-kn-channel.default.svc.cluster.local/: dial tcp 10.15.240.164:80: i/o timeout"}
{"level":"warn","ts":1575407115.5957677,"logger":"fallback","caller":"http/transport.go:594","msg":"error returned from invokeReceiver","error":"Post http://imc-kne-trigger-kn-channel.default.svc.cluster.local/: dial tcp 10.15.240.164:80: i/o timeout"}
{"level":"warn","ts":1575407115.59596,"logger":"fallback","caller":"http/transport.go:594","msg":"error returned from invokeReceiver","error":"Post http://imc-kne-trigger-kn-channel.default.svc.cluster.local/: dial tcp 10.15.240.164:80: i/o timeout"}
{"level":"warn","ts":1575407115.5986254,"logger":"fallback","caller":"http/transport.go:594","msg":"error returned from invokeReceiver","error":"Post http://imc-kne-trigger-kn-channel.default.svc.cluster.local/: dial tcp 10.15.240.164:80: i/o timeout"}
{"level":"warn","ts":1575407115.643915,"logger":"fallback","caller":"http/transport.go:594","msg":"error returned from invokeReceiver","error":"Post http://imc-kne-trigger-kn-channel.default.svc.cluster.local/: dial tcp 10.15.240.164:80: i/o timeout"}
{"level":"warn","ts":1575407115.6440215,"logger":"fallback","caller":"http/transport.go:594","msg":"error returned from invokeReceiver","error":"Post http://imc-kne-trigger-kn-channel.default.svc.cluster.local/: dial tcp 10.15.240.164:80: i/o timeout"}
{"level":"warn","ts":1575407115.6440835,"logger":"fallback","caller":"http/transport.go:594","msg":"error returned from invokeReceiver","error":"Post http://imc-kne-trigger-kn-channel.default.svc.cluster.local/: dial tcp 10.15.240.164:80: i/o timeout"}
{"level":"warn","ts":1575407115.648498,"logger":"fallback","caller":"http/transport.go:594","msg":"error returned from invokeReceiver","error":"Post http://imc-kne-trigger-kn-channel.default.svc.cluster.local/: dial tcp 10.15.240.164:80: i/o timeout"}
{"level":"warn","ts":1575407115.6486979,"logger":"fallback","caller":"http/transport.go:594","msg":"error returned from invokeReceiver","error":"Post http://imc-kne-trigger-kn-channel.default.svc.cluster.local/: dial tcp 10.15.240.164:80: i/o timeout"}
{"level":"warn","ts":1575407115.648918,"logger":"fallback","caller":"http/transport.go:594","msg":"error returned from invokeReceiver","error":"Post http://imc-kne-trigger-kn-channel.default.svc.cluster.local/: dial tcp 10.15.240.164:80: i/o timeout"}
{"level":"warn","ts":1575407115.6490111,"logger":"fallback","caller":"http/transport.go:594","msg":"error returned from invokeReceiver","error":"Post http://imc-kne-trigger-kn-channel.default.svc.cluster.local/: dial tcp 10.15.240.164:80: i/o timeout"}
{"level":"warn","ts":1575407115.6490889,"logger":"fallback","caller":"http/transport.go:594","msg":"error returned from invokeReceiver","error":"Post http://imc-kne-trigger-kn-channel.default.svc.cluster.local/: dial tcp 10.15.240.164:80: i/o timeout"}
{"level":"warn","ts":1575407115.6491835,"logger":"fallback","caller":"http/transport.go:594","msg":"error returned from invokeReceiver","error":"Post http://imc-kne-trigger-kn-channel.default.svc.cluster.local/: dial tcp 10.15.240.164:80: i/o timeout"}
{"level":"warn","ts":1575407115.6493475,"logger":"fallback","caller":"http/transport.go:594","msg":"error returned from invokeReceiver","error":"Post http://imc-kne-trigger-kn-channel.default.svc.cluster.local/: dial tcp 10.15.240.164:80: i/o timeout"}
{"level":"warn","ts":1575407115.64982,"logger":"fallback","caller":"http/transport.go:594","msg":"error returned from invokeReceiver","error":"Post http://imc-kne-trigger-kn-channel.default.svc.cluster.local/: dial tcp 10.15.240.164:80: i/o timeout"}
{"level":"warn","ts":1575407115.6492658,"logger":"fallback","caller":"http/transport.go:594","msg":"error returned from invokeReceiver","error":"Post http://imc-kne-trigger-kn-channel.default.svc.cluster.local/: dial tcp 10.15.240.164:80: i/o timeout"}
{"level":"warn","ts":1575407115.6500027,"logger":"fallback","caller":"http/transport.go:594","msg":"error returned from invokeReceiver","error":"Post http://imc-kne-trigger-kn-channel.default.svc.cluster.local/: dial tcp 10.15.240.164:80: i/o timeout"}
{"level":"warn","ts":1575407116.4838707,"logger":"fallback","caller":"http/transport.go:502","msg":"got an error from receiver fn","error":"Post http://imc-kne-trigger-kn-channel.default.svc.cluster.local/: dial tcp 10.15.240.164:80: i/o timeout"}
{"level":"warn","ts":1575407115.6500764,"logger":"fallback","caller":"http/transport.go:594","msg":"error returned from invokeReceiver","error":"Post http://imc-kne-trigger-kn-channel.default.svc.cluster.local/: dial tcp 10.15.240.164:80: i/o timeout"}
{"level":"warn","ts":1575407115.6501775,"logger":"fallback","caller":"http/transport.go:594","msg":"error returned from invokeReceiver","error":"Post http://imc-kne-trigger-kn-channel.default.svc.cluster.local/: dial tcp 10.15.240.164:80: i/o timeout"}
{"level":"warn","ts":1575407115.6502578,"logger":"fallback","caller":"http/transport.go:594","msg":"error returned from invokeReceiver","error":"Post http://imc-kne-trigger-kn-channel.default.svc.cluster.local/: dial tcp 10.15.240.164:80: i/o timeout"}
{"level":"warn","ts":1575407115.6503367,"logger":"fallback","caller":"http/transport.go:594","msg":"error returned from invokeReceiver","error":"Post http://imc-kne-trigger-kn-channel.default.svc.cluster.local/: dial tcp 10.15.240.164:80: i/o timeout"}
{"level":"warn","ts":1575407115.6503377,"logger":"fallback","caller":"http/transport.go:594","msg":"error returned from invokeReceiver","error":"Post http://imc-kne-trigger-kn-channel.default.svc.cluster.local/: dial tcp 10.15.240.164:80: i/o timeout"}
{"level":"warn","ts":1575407115.6504025,"logger":"fallback","caller":"http/transport.go:594","msg":"error returned from invokeReceiver","error":"Post http://imc-kne-trigger-kn-channel.default.svc.cluster.local/: dial tcp 10.15.240.164:80: i/o timeout"}
{"level":"warn","ts":1575407115.6504242,"logger":"fallback","caller":"http/transport.go:594","msg":"error returned from invokeReceiver","error":"Post http://imc-kne-trigger-kn-channel.default.svc.cluster.local/: dial tcp 10.15.240.164:80: i/o timeout"}
{"level":"warn","ts":1575407115.6504796,"logger":"fallback","caller":"http/transport.go:594","msg":"error returned from invokeReceiver","error":"Post http://imc-kne-trigger-kn-channel.default.svc.cluster.local/: dial tcp 10.15.240.164:80: i/o timeout"}
{"level":"warn","ts":1575407115.650528,"logger":"fallback","caller":"http/transport.go:594","msg":"error returned from invokeReceiver","error":"Post http://imc-kne-trigger-kn-channel.default.svc.cluster.local/: dial tcp 10.15.240.164:80: i/o timeout"}
{"level":"warn","ts":1575407115.650603,"logger":"fallback","caller":"http/transport.go:594","msg":"error returned from invokeReceiver","error":"Post http://imc-kne-trigger-kn-channel.default.svc.cluster.local/: dial tcp 10.15.240.164:80: i/o timeout"}
{"level":"warn","ts":1575407115.6506083,"logger":"fallback","caller":"http/transport.go:594","msg":"error returned from invokeReceiver","error":"Post http://imc-kne-trigger-kn-channel.default.svc.cluster.local/: dial tcp 10.15.240.164:80: i/o timeout"}
{"level":"warn","ts":1575407115.6506891,"logger":"fallback","caller":"http/transport.go:594","msg":"error returned from invokeReceiver","error":"Post http://imc-kne-trigger-kn-channel.default.svc.cluster.local/: dial tcp 10.15.240.164:80: i/o timeout"}
{"level":"warn","ts":1575407115.650703,"logger":"fallback","caller":"http/transport.go:594","msg":"error returned from invokeReceiver","error":"Post http://imc-kne-trigger-kn-channel.default.svc.cluster.local/: dial tcp 10.15.240.164:80: i/o timeout"}
{"level":"warn","ts":1575407115.6507676,"logger":"fallback","caller":"http/transport.go:594","msg":"error returned from invokeReceiver","error":"Post http://imc-kne-trigger-kn-channel.default.svc.cluster.local/: dial tcp 10.15.240.164:80: i/o timeout"}
{"level":"warn","ts":1575407115.6507664,"logger":"fallback","caller":"http/transport.go:594","msg":"error returned from invokeReceiver","error":"Post http://imc-kne-trigger-kn-channel.default.svc.cluster.local/: dial tcp 10.15.240.164:80: i/o timeout"}
{"level":"warn","ts":1575407115.6508362,"logger":"fallback","caller":"http/transport.go:594","msg":"error returned from invokeReceiver","error":"Post http://imc-kne-trigger-kn-channel.default.svc.cluster.local/: dial tcp 10.15.240.164:80: i/o timeout"}
{"level":"warn","ts":1575407115.6508582,"logger":"fallback","caller":"http/transport.go:594","msg":"error returned from invokeReceiver","error":"Post http://imc-kne-trigger-kn-channel.default.svc.cluster.local/: dial tcp 10.15.240.164:80: i/o timeout"}
{"level":"warn","ts":1575407115.6739087,"logger":"fallback","caller":"http/transport.go:502","msg":"got an error from receiver fn","error":"Post http://imc-kne-trigger-kn-channel.default.svc.cluster.local/: dial tcp 10.15.240.164:80: i/o timeout"}
{"level":"warn","ts":1575407115.7667527,"logger":"fallback","caller":"http/transport.go:594","msg":"error returned from invokeReceiver","error":"Post http://imc-kne-trigger-kn-channel.default.svc.cluster.local/: dial tcp 10.15.240.164:80: i/o timeout"}
{"level":"warn","ts":1575407115.7734547,"logger":"fallback","caller":"http/transport.go:502","msg":"got an error from receiver fn","error":"Post http://imc-kne-trigger-kn-channel.default.svc.cluster.local/: dial tcp 10.15.240.164:80: i/o timeout"}
{"level":"warn","ts":1575407115.8307242,"logger":"fallback","caller":"http/transport.go:594","msg":"error returned from invokeReceiver","error":"Post http://imc-kne-trigger-kn-channel.default.svc.cluster.local/: dial tcp 10.15.240.164:80: i/o timeout"}
{"level":"warn","ts":1575407115.8413026,"logger":"fallback","caller":"http/transport.go:502","msg":"got an error from receiver fn","error":"Post http://imc-kne-trigger-kn-channel.default.svc.cluster.local/: dial tcp 10.15.240.164:80: i/o timeout"}
{"level":"warn","ts":1575407116.0654814,"logger":"fallback","caller":"http/transport.go:502","msg":"got an error from receiver fn","error":"Post http://imc-kne-trigger-kn-channel.default.svc.cluster.local/: dial tcp 10.15.240.164:80: i/o timeout"}
{"level":"warn","ts":1575407116.0660942,"logger":"fallback","caller":"http/transport.go:594","msg":"error returned from invokeReceiver","error":"Post http://imc-kne-trigger-kn-channel.default.svc.cluster.local/: dial tcp 10.15.240.164:80: i/o timeout"}
{"level":"warn","ts":1575407116.124688,"logger":"fallback","caller":"http/transport.go:502","msg":"got an error from receiver fn","error":"Post http://imc-kne-trigger-kn-channel.default.svc.cluster.local/: dial tcp 10.15.240.164:80: i/o timeout"}
{"level":"warn","ts":1575407116.1256022,"logger":"fallback","caller":"http/transport.go:594","msg":"error returned from invokeReceiver","error":"Post http://imc-kne-trigger-kn-channel.default.svc.cluster.local/: dial tcp 10.15.240.164:80: i/o timeout"}
{"level":"warn","ts":1575407116.146603,"logger":"fallback","caller":"http/transport.go:502","msg":"got an error from receiver fn","error":"Post http://imc-kne-trigger-kn-channel.default.svc.cluster.local/: dial tcp 10.15.240.164:80: i/o timeout"}
{"level":"warn","ts":1575407116.200758,"logger":"fallback","caller":"http/transport.go:594","msg":"error returned from invokeReceiver","error":"Post http://imc-kne-trigger-kn-channel.default.svc.cluster.local/: dial tcp 10.15.240.164:80: i/o timeout"}
{"level":"warn","ts":1575407116.2742956,"logger":"fallback","caller":"http/transport.go:502","msg":"got an error from receiver fn","error":"Post http://imc-kne-trigger-kn-channel.default.svc.cluster.local/: dial tcp 10.15.240.164:80: i/o timeout"}
{"level":"warn","ts":1575407116.2840157,"logger":"fallback","caller":"http/transport.go:594","msg":"error returned from invokeReceiver","error":"Post http://imc-kne-trigger-kn-channel.default.svc.cluster.local/: dial tcp 10.15.240.164:80: i/o timeout"}
{"level":"warn","ts":1575407116.4842794,"logger":"fallback","caller":"http/transport.go:502","msg":"got an error from receiver fn","error":"Post http://imc-kne-trigger-kn-channel.default.svc.cluster.local/: dial tcp 10.15.240.164:80: i/o timeout"}
{"level":"warn","ts":1575407116.4845543,"logger":"fallback","caller":"http/transport.go:502","msg":"got an error from receiver fn","error":"Post http://imc-kne-trigger-kn-channel.default.svc.cluster.local/: dial tcp 10.15.240.164:80: i/o timeout"}
{"level":"warn","ts":1575407116.484659,"logger":"fallback","caller":"http/transport.go:502","msg":"got an error from receiver fn","error":"Post http://imc-kne-trigger-kn-channel.default.svc.cluster.local/: dial tcp 10.15.240.164:80: i/o timeout"}
{"level":"warn","ts":1575407116.4849653,"logger":"fallback","caller":"http/transport.go:502","msg":"got an error from receiver fn","error":"Post http://imc-kne-trigger-kn-channel.default.svc.cluster.local/: dial tcp 10.15.240.164:80: i/o timeout"}
{"level":"warn","ts":1575407116.4967394,"logger":"fallback","caller":"http/transport.go:502","msg":"got an error from receiver fn","error":"Post http://imc-kne-trigger-kn-channel.default.svc.cluster.local/: dial tcp 10.15.240.164:80: i/o timeout"}
{"level":"warn","ts":1575407116.5037773,"logger":"fallback","caller":"http/transport.go:502","msg":"got an error from receiver fn","error":"Post http://imc-kne-trigger-kn-channel.default.svc.cluster.local/: dial tcp 10.15.240.164:80: i/o timeout"}
{"level":"warn","ts":1575407116.5113897,"logger":"fallback","caller":"http/transport.go:502","msg":"got an error from receiver fn","error":"Post http://imc-kne-trigger-kn-channel.default.svc.cluster.local/: dial tcp 10.15.240.164:80: i/o timeout"}
{"level":"warn","ts":1575407116.5120935,"logger":"fallback","caller":"http/transport.go:502","msg":"got an error from receiver fn","error":"Post http://imc-kne-trigger-kn-channel.default.svc.cluster.local/: dial tcp 10.15.240.164:80: i/o timeout"}
{"level":"warn","ts":1575407116.5216632,"logger":"fallback","caller":"http/transport.go:502","msg":"got an error from receiver fn","error":"Post http://imc-kne-trigger-kn-channel.default.svc.cluster.local/: dial tcp 10.15.240.164:80: i/o timeout"}
{"level":"warn","ts":1575407116.5307047,"logger":"fallback","caller":"http/transport.go:502","msg":"got an error from receiver fn","error":"Post http://imc-kne-trigger-kn-channel.default.svc.cluster.local/: dial tcp 10.15.240.164:80: i/o timeout"}
{"level":"warn","ts":1575407116.5310898,"logger":"fallback","caller":"http/transport.go:502","msg":"got an error from receiver fn","error":"Post http://imc-kne-trigger-kn-channel.default.svc.cluster.local/: dial tcp 10.15.240.164:80: i/o timeout"}
{"level":"warn","ts":1575407116.5388565,"logger":"fallback","caller":"http/transport.go:502","msg":"got an error from receiver fn","error":"Post http://imc-kne-trigger-kn-channel.default.svc.cluster.local/: dial tcp 10.15.240.164:80: i/o timeout"}
{"level":"warn","ts":1575407116.5458074,"logger":"fallback","caller":"http/transport.go:502","msg":"got an error from receiver fn","error":"Post http://imc-kne-trigger-kn-channel.default.svc.cluster.local/: dial tcp 10.15.240.164:80: i/o timeout"}
{"level":"warn","ts":1575407116.5536258,"logger":"fallback","caller":"http/transport.go:502","msg":"got an error from receiver fn","error":"Post http://imc-kne-trigger-kn-channel.default.svc.cluster.local/: dial tcp 10.15.240.164:80: i/o timeout"}
{"level":"warn","ts":1575407116.5540967,"logger":"fallback","caller":"http/transport.go:502","msg":"got an error from receiver fn","error":"Post http://imc-kne-trigger-kn-channel.default.svc.cluster.local/: dial tcp 10.15.240.164:80: i/o timeout"}
{"level":"warn","ts":1575407116.5605502,"logger":"fallback","caller":"http/transport.go:502","msg":"got an error from receiver fn","error":"Post http://imc-kne-trigger-kn-channel.default.svc.cluster.local/: dial tcp 10.15.240.164:80: i/o timeout"}
{"level":"warn","ts":1575407116.5610836,"logger":"fallback","caller":"http/transport.go:502","msg":"got an error from receiver fn","error":"Post http://imc-kne-trigger-kn-channel.default.svc.cluster.local/: dial tcp 10.15.240.164:80: i/o timeout"}
{"level":"info","ts":"2019-12-03T21:04:52.095Z","logger":"broker_ingress","caller":"ingress/ingress_handler.go:120","msg":"Error retrieving TTL, defaulting.","commit":"7655d9c","error":"\"knativebrokerttl\" not found"}
{"level":"info","ts":"2019-12-03T21:04:52.095Z","logger":"broker_ingress","caller":"ingress/ingress_handler.go:120","msg":"Error retrieving TTL, defaulting.","commit":"7655d9c","error":"\"knativebrokerttl\" not found"}
{"level":"info","ts":"2019-12-03T21:04:52.095Z","logger":"broker_ingress","caller":"ingress/ingress_handler.go:120","msg":"Error retrieving TTL, defaulting.","commit":"7655d9c","error":"\"knativebrokerttl\" not found"}
{"level":"info","ts":"2019-12-03T21:04:52.095Z","logger":"broker_ingress","caller":"ingress/ingress_handler.go:120","msg":"Error retrieving TTL, defaulting.","commit":"7655d9c","error":"\"knativebrokerttl\" not found"}
{"level":"info","ts":"2019-12-03T21:04:52.096Z","logger":"broker_ingress","caller":"ingress/ingress_handler.go:120","msg":"Error retrieving TTL, defaulting.","commit":"7655d9c","error":"\"knativebrokerttl\" not found"}
{"level":"info","ts":"2019-12-03T21:04:52.112Z","logger":"broker_ingress","caller":"ingress/ingress_handler.go:120","msg":"Error retrieving TTL, defaulting.","commit":"7655d9c","error":"\"knativebrokerttl\" not found"}
{"level":"info","ts":"2019-12-03T21:04:52.113Z","logger":"broker_ingress","caller":"ingress/ingress_handler.go:120","msg":"Error retrieving TTL, defaulting.","commit":"7655d9c","error":"\"knativebrokerttl\" not found"}
{"level":"info","ts":"2019-12-03T21:04:52.119Z","logger":"broker_ingress","caller":"ingress/ingress_handler.go:120","msg":"Error retrieving TTL, defaulting.","commit":"7655d9c","error":"\"knativebrokerttl\" not found"}
{"level":"info","ts":"2019-12-03T21:04:52.119Z","logger":"broker_ingress","caller":"ingress/ingress_handler.go:120","msg":"Error retrieving TTL, defaulting.","commit":"7655d9c","error":"\"knativebrokerttl\" not found"}
{"level":"info","ts":"2019-12-03T21:04:52.119Z","logger":"broker_ingress","caller":"ingress/ingress_handler.go:120","msg":"Error retrieving TTL, defaulting.","commit":"7655d9c","error":"\"knativebrokerttl\" not found"}
{"level":"info","ts":"2019-12-03T21:04:52.119Z","logger":"broker_ingress","caller":"ingress/ingress_handler.go:120","msg":"Error retrieving TTL, defaulting.","commit":"7655d9c","error":"\"knativebrokerttl\" not found"}
{"level":"info","ts":"2019-12-03T21:04:52.119Z","logger":"broker_ingress","caller":"ingress/ingress_handler.go:120","msg":"Error retrieving TTL, defaulting.","commit":"7655d9c","error":"\"knativebrokerttl\" not found"}
{"level":"info","ts":"2019-12-03T21:04:52.120Z","logger":"broker_ingress","caller":"ingress/ingress_handler.go:120","msg":"Error retrieving TTL, defaulting.","commit":"7655d9c","error":"\"knativebrokerttl\" not found"}
{"level":"info","ts":"2019-12-03T21:04:52.120Z","logger":"broker_ingress","caller":"ingress/ingress_handler.go:120","msg":"Error retrieving TTL, defaulting.","commit":"7655d9c","error":"\"knativebrokerttl\" not found"}
{"level":"info","ts":"2019-12-03T21:04:52.120Z","logger":"broker_ingress","caller":"ingress/ingress_handler.go:120","msg":"Error retrieving TTL, defaulting.","commit":"7655d9c","error":"\"knativebrokerttl\" not found"}
{"level":"info","ts":"2019-12-03T21:04:52.120Z","logger":"broker_ingress","caller":"ingress/ingress_handler.go:120","msg":"Error retrieving TTL, defaulting.","commit":"7655d9c","error":"\"knativebrokerttl\" not found"}
{"level":"info","ts":"2019-12-03T21:04:52.120Z","logger":"broker_ingress","caller":"ingress/ingress_handler.go:120","msg":"Error retrieving TTL, defaulting.","commit":"7655d9c","error":"\"knativebrokerttl\" not found"}
{"level":"info","ts":"2019-12-03T21:04:52.120Z","logger":"broker_ingress","caller":"ingress/ingress_handler.go:120","msg":"Error retrieving TTL, defaulting.","commit":"7655d9c","error":"\"knativebrokerttl\" not found"}
{"level":"info","ts":"2019-12-03T21:04:52.120Z","logger":"broker_ingress","caller":"ingress/ingress_handler.go:120","msg":"Error retrieving TTL, defaulting.","commit":"7655d9c","error":"\"knativebrokerttl\" not found"}
{"level":"info","ts":"2019-12-03T21:04:52.126Z","logger":"broker_ingress","caller":"ingress/ingress_handler.go:120","msg":"Error retrieving TTL, defaulting.","commit":"7655d9c","error":"\"knativebrokerttl\" not found"}
{"level":"info","ts":"2019-12-03T21:04:52.127Z","logger":"broker_ingress","caller":"ingress/ingress_handler.go:120","msg":"Error retrieving TTL, defaulting.","commit":"7655d9c","error":"\"knativebrokerttl\" not found"}
{"level":"info","ts":"2019-12-03T21:04:52.127Z","logger":"broker_ingress","caller":"ingress/ingress_handler.go:120","msg":"Error retrieving TTL, defaulting.","commit":"7655d9c","error":"\"knativebrokerttl\" not found"}
{"level":"info","ts":"2019-12-03T21:04:52.127Z","logger":"broker_ingress","caller":"ingress/ingress_handler.go:120","msg":"Error retrieving TTL, defaulting.","commit":"7655d9c","error":"\"knativebrokerttl\" not found"}
{"level":"info","ts":"2019-12-03T21:04:52.127Z","logger":"broker_ingress","caller":"ingress/ingress_handler.go:120","msg":"Error retrieving TTL, defaulting.","commit":"7655d9c","error":"\"knativebrokerttl\" not found"}
{"level":"info","ts":"2019-12-03T21:04:52.127Z","logger":"broker_ingress","caller":"ingress/ingress_handler.go:120","msg":"Error retrieving TTL, defaulting.","commit":"7655d9c","error":"\"knativebrokerttl\" not found"}
{"level":"info","ts":"2019-12-03T21:04:52.127Z","logger":"broker_ingress","caller":"ingress/ingress_handler.go:120","msg":"Error retrieving TTL, defaulting.","commit":"7655d9c","error":"\"knativebrokerttl\" not found"}
{"level":"info","ts":"2019-12-03T21:04:52.127Z","logger":"broker_ingress","caller":"ingress/ingress_handler.go:120","msg":"Error retrieving TTL, defaulting.","commit":"7655d9c","error":"\"knativebrokerttl\" not found"}
{"level":"info","ts":"2019-12-03T21:04:52.127Z","logger":"broker_ingress","caller":"ingress/ingress_handler.go:120","msg":"Error retrieving TTL, defaulting.","commit":"7655d9c","error":"\"knativebrokerttl\" not found"}
{"level":"info","ts":"2019-12-03T21:04:52.128Z","logger":"broker_ingress","caller":"ingress/ingress_handler.go:120","msg":"Error retrieving TTL, defaulting.","commit":"7655d9c","error":"\"knativebrokerttl\" not found"}
{"level":"info","ts":"2019-12-03T21:04:52.139Z","logger":"broker_ingress","caller":"ingress/ingress_handler.go:120","msg":"Error retrieving TTL, defaulting.","commit":"7655d9c","error":"\"knativebrokerttl\" not found"}
{"level":"warn","ts":1575407116.568939,"logger":"fallback","caller":"http/transport.go:502","msg":"got an error from receiver fn","error":"Post http://imc-kne-trigger-kn-channel.default.svc.cluster.local/: dial tcp 10.15.240.164:80: i/o timeout"}
{"level":"warn","ts":1575407116.5766876,"logger":"fallback","caller":"http/transport.go:502","msg":"got an error from receiver fn","error":"Post http://imc-kne-trigger-kn-channel.default.svc.cluster.local/: dial tcp 10.15.240.164:80: i/o timeout"}
{"level":"warn","ts":1575407116.5771148,"logger":"fallback","caller":"http/transport.go:502","msg":"got an error from receiver fn","error":"Post http://imc-kne-trigger-kn-channel.default.svc.cluster.local/: dial tcp 10.15.240.164:80: i/o timeout"}
{"level":"warn","ts":1575407116.5847394,"logger":"fallback","caller":"http/transport.go:502","msg":"got an error from receiver fn","error":"Post http://imc-kne-trigger-kn-channel.default.svc.cluster.local/: dial tcp 10.15.240.164:80: i/o timeout"}
{"level":"warn","ts":1575407116.6133685,"logger":"fallback","caller":"http/transport.go:502","msg":"got an error from receiver fn","error":"Post http://imc-kne-trigger-kn-channel.default.svc.cluster.local/: dial tcp 10.15.240.164:80: i/o timeout"}
{"level":"warn","ts":1575407116.6135519,"logger":"fallback","caller":"http/transport.go:502","msg":"got an error from receiver fn","error":"Post http://imc-kne-trigger-kn-channel.default.svc.cluster.local/: dial tcp 10.15.240.164:80: i/o timeout"}
{"level":"warn","ts":1575407116.6140301,"logger":"fallback","caller":"http/transport.go:502","msg":"got an error from receiver fn","error":"Post http://imc-kne-trigger-kn-channel.default.svc.cluster.local/: dial tcp 10.15.240.164:80: i/o timeout"}
{"level":"warn","ts":1575407116.6147952,"logger":"fallback","caller":"http/transport.go:502","msg":"got an error from receiver fn","error":"Post http://imc-kne-trigger-kn-channel.default.svc.cluster.local/: dial tcp 10.15.240.164:80: i/o timeout"}
{"level":"info","ts":"2019-12-03T21:04:52.150Z","logger":"broker_ingress","caller":"ingress/ingress_handler.go:120","msg":"Error retrieving TTL, defaulting.","commit":"7655d9c","error":"\"knativebrokerttl\" not found"}
{"level":"info","ts":"2019-12-03T21:04:52.150Z","logger":"broker_ingress","caller":"ingress/ingress_handler.go:120","msg":"Error retrieving TTL, defaulting.","commit":"7655d9c","error":"\"knativebrokerttl\" not found"}
{"level":"info","ts":"2019-12-03T21:04:52.150Z","logger":"broker_ingress","caller":"ingress/ingress_handler.go:120","msg":"Error retrieving TTL, defaulting.","commit":"7655d9c","error":"\"knativebrokerttl\" not found"}
{"level":"warn","ts":1575407116.6157124,"logger":"fallback","caller":"http/transport.go:502","msg":"got an error from receiver fn","error":"Post http://imc-kne-trigger-kn-channel.default.svc.cluster.local/: dial tcp 10.15.240.164:80: i/o timeout"}
{"level":"warn","ts":1575407116.6162305,"logger":"fallback","caller":"http/transport.go:502","msg":"got an error from receiver fn","error":"Post http://imc-kne-trigger-kn-channel.default.svc.cluster.local/: dial tcp 10.15.240.164:80: i/o timeout"}
{"level":"warn","ts":1575407116.616672,"logger":"fallback","caller":"http/transport.go:502","msg":"got an error from receiver fn","error":"Post http://imc-kne-trigger-kn-channel.default.svc.cluster.local/: dial tcp 10.15.240.164:80: i/o timeout"}
{"level":"warn","ts":1575407116.6170514,"logger":"fallback","caller":"http/transport.go:502","msg":"got an error from receiver fn","error":"Post http://imc-kne-trigger-kn-channel.default.svc.cluster.local/: dial tcp 10.15.240.164:80: i/o timeout"}
{"level":"warn","ts":1575407116.622562,"logger":"fallback","caller":"http/transport.go:502","msg":"got an error from receiver fn","error":"Post http://imc-kne-trigger-kn-channel.default.svc.cluster.local/: dial tcp 10.15.240.164:80: i/o timeout"}
{"level":"warn","ts":1575407116.6229212,"logger":"fallback","caller":"http/transport.go:502","msg":"got an error from receiver fn","error":"Post http://imc-kne-trigger-kn-channel.default.svc.cluster.local/: dial tcp 10.15.240.164:80: i/o timeout"}
{"level":"warn","ts":1575407116.6232064,"logger":"fallback","caller":"http/transport.go:502","msg":"got an error from receiver fn","error":"Post http://imc-kne-trigger-kn-channel.default.svc.cluster.local/: dial tcp 10.15.240.164:80: i/o timeout"}
{"level":"warn","ts":1575407116.62344,"logger":"fallback","caller":"http/transport.go:502","msg":"got an error from receiver fn","error":"Post http://imc-kne-trigger-kn-channel.default.svc.cluster.local/: dial tcp 10.15.240.164:80: i/o timeout"}
{"level":"warn","ts":1575407116.6238637,"logger":"fallback","caller":"http/transport.go:502","msg":"got an error from receiver fn","error":"Post http://imc-kne-trigger-kn-channel.default.svc.cluster.local/: dial tcp 10.15.240.164:80: i/o timeout"}
{"level":"warn","ts":1575407116.633965,"logger":"fallback","caller":"http/transport.go:502","msg":"got an error from receiver fn","error":"Post http://imc-kne-trigger-kn-channel.default.svc.cluster.local/: dial tcp 10.15.240.164:80: i/o timeout"}
{"level":"warn","ts":1575407116.6346748,"logger":"fallback","caller":"http/transport.go:502","msg":"got an error from receiver fn","error":"Post http://imc-kne-trigger-kn-channel.default.svc.cluster.local/: dial tcp 10.15.240.164:80: i/o timeout"}
{"level":"warn","ts":1575407116.6437297,"logger":"fallback","caller":"http/transport.go:502","msg":"got an error from receiver fn","error":"Post http://imc-kne-trigger-kn-channel.default.svc.cluster.local/: dial tcp 10.15.240.164:80: i/o timeout"}
{"level":"info","ts":"2019-12-03T21:04:52.150Z","logger":"broker_ingress","caller":"ingress/ingress_handler.go:120","msg":"Error retrieving TTL, defaulting.","commit":"7655d9c","error":"\"knativebrokerttl\" not found"}
{"level":"warn","ts":1575407116.6442602,"logger":"fallback","caller":"http/transport.go:502","msg":"got an error from receiver fn","error":"Post http://imc-kne-trigger-kn-channel.default.svc.cluster.local/: dial tcp 10.15.240.164:80: i/o timeout"}
{"level":"warn","ts":1575407116.6447785,"logger":"fallback","caller":"http/transport.go:502","msg":"got an error from receiver fn","error":"Post http://imc-kne-trigger-kn-channel.default.svc.cluster.local/: dial tcp 10.15.240.164:80: i/o timeout"}
{"level":"warn","ts":1575407116.6534631,"logger":"fallback","caller":"http/transport.go:502","msg":"got an error from receiver fn","error":"Post http://imc-kne-trigger-kn-channel.default.svc.cluster.local/: dial tcp 10.15.240.164:80: i/o timeout"}
{"level":"warn","ts":1575407116.654106,"logger":"fallback","caller":"http/transport.go:502","msg":"got an error from receiver fn","error":"Post http://imc-kne-trigger-kn-channel.default.svc.cluster.local/: dial tcp 10.15.240.164:80: i/o timeout"}
{"level":"warn","ts":1575407116.654706,"logger":"fallback","caller":"http/transport.go:502","msg":"got an error from receiver fn","error":"Post http://imc-kne-trigger-kn-channel.default.svc.cluster.local/: dial tcp 10.15.240.164:80: i/o timeout"}
{"level":"warn","ts":1575407116.6639748,"logger":"fallback","caller":"http/transport.go:502","msg":"got an error from receiver fn","error":"Post http://imc-kne-trigger-kn-channel.default.svc.cluster.local/: dial tcp 10.15.240.164:80: i/o timeout"}
{"level":"warn","ts":1575407116.6684155,"logger":"fallback","caller":"http/transport.go:502","msg":"got an error from receiver fn","error":"Post http://imc-kne-trigger-kn-channel.default.svc.cluster.local/: dial tcp 10.15.240.164:80: i/o timeout"}
{"level":"warn","ts":1575407116.669083,"logger":"fallback","caller":"http/transport.go:502","msg":"got an error from receiver fn","error":"Post http://imc-kne-trigger-kn-channel.default.svc.cluster.local/: dial tcp 10.15.240.164:80: i/o timeout"}
{"level":"warn","ts":1575407116.6739461,"logger":"fallback","caller":"http/transport.go:502","msg":"got an error from receiver fn","error":"Post http://imc-kne-trigger-kn-channel.default.svc.cluster.local/: dial tcp 10.15.240.164:80: i/o timeout"}
{"level":"warn","ts":1575407116.679685,"logger":"fallback","caller":"http/transport.go:502","msg":"got an error from receiver fn","error":"Post http://imc-kne-trigger-kn-channel.default.svc.cluster.local/: dial tcp 10.15.240.164:80: i/o timeout"}
{"level":"warn","ts":1575407116.6867175,"logger":"fallback","caller":"http/transport.go:502","msg":"got an error from receiver fn","error":"Post http://imc-kne-trigger-kn-channel.default.svc.cluster.local/: dial tcp 10.15.240.164:80: i/o timeout"}
{"level":"warn","ts":1575407116.6937644,"logger":"fallback","caller":"http/transport.go:502","msg":"got an error from receiver fn","error":"Post http://imc-kne-trigger-kn-channel.default.svc.cluster.local/: dial tcp 10.15.240.164:80: i/o timeout"}
{"level":"warn","ts":1575407116.698512,"logger":"fallback","caller":"http/transport.go:502","msg":"got an error from receiver fn","error":"Post http://imc-kne-trigger-kn-channel.default.svc.cluster.local/: dial tcp 10.15.240.164:80: i/o timeout"}
{"level":"warn","ts":1575407116.6991,"logger":"fallback","caller":"http/transport.go:502","msg":"got an error from receiver fn","error":"Post http://imc-kne-trigger-kn-channel.default.svc.cluster.local/: dial tcp 10.15.240.164:80: i/o timeout"}
{"level":"warn","ts":1575407116.7052937,"logger":"fallback","caller":"http/transport.go:502","msg":"got an error from receiver fn","error":"Post http://imc-kne-trigger-kn-channel.default.svc.cluster.local/: dial tcp 10.15.240.164:80: i/o timeout"}
{"level":"warn","ts":1575407116.7059731,"logger":"fallback","caller":"http/transport.go:502","msg":"got an error from receiver fn","error":"Post http://imc-kne-trigger-kn-channel.default.svc.cluster.local/: dial tcp 10.15.240.164:80: i/o timeout"}
{"level":"warn","ts":1575407116.7115922,"logger":"fallback","caller":"http/transport.go:502","msg":"got an error from receiver fn","error":"Post http://imc-kne-trigger-kn-channel.default.svc.cluster.local/: dial tcp 10.15.240.164:80: i/o timeout"}
{"level":"warn","ts":1575407116.7121212,"logger":"fallback","caller":"http/transport.go:502","msg":"got an error from receiver fn","error":"Post http://imc-kne-trigger-kn-channel.default.svc.cluster.local/: dial tcp 10.15.240.164:80: i/o timeout"}
{"level":"warn","ts":1575407116.7178059,"logger":"fallback","caller":"http/transport.go:502","msg":"got an error from receiver fn","error":"Post http://imc-kne-trigger-kn-channel.default.svc.cluster.local/: dial tcp 10.15.240.164:80: i/o timeout"}
{"level":"info","ts":"2019-12-03T21:04:52.150Z","logger":"broker_ingress","caller":"ingress/ingress_handler.go:120","msg":"Error retrieving TTL, defaulting.","commit":"7655d9c","error":"\"knativebrokerttl\" not found"}
{"level":"warn","ts":1575407116.7227666,"logger":"fallback","caller":"http/transport.go:502","msg":"got an error from receiver fn","error":"Post http://imc-kne-trigger-kn-channel.default.svc.cluster.local/: dial tcp 10.15.240.164:80: i/o timeout"}
{"level":"warn","ts":1575407116.723126,"logger":"fallback","caller":"http/transport.go:502","msg":"got an error from receiver fn","error":"Post http://imc-kne-trigger-kn-channel.default.svc.cluster.local/: dial tcp 10.15.240.164:80: i/o timeout"}
{"level":"warn","ts":1575407116.7287052,"logger":"fallback","caller":"http/transport.go:502","msg":"got an error from receiver fn","error":"Post http://imc-kne-trigger-kn-channel.default.svc.cluster.local/: dial tcp 10.15.240.164:80: i/o timeout"}
{"level":"warn","ts":1575407116.7291887,"logger":"fallback","caller":"http/transport.go:502","msg":"got an error from receiver fn","error":"Post http://imc-kne-trigger-kn-channel.default.svc.cluster.local/: dial tcp 10.15.240.164:80: i/o timeout"}
{"level":"warn","ts":1575407116.7296271,"logger":"fallback","caller":"http/transport.go:502","msg":"got an error from receiver fn","error":"Post http://imc-kne-trigger-kn-channel.default.svc.cluster.local/: dial tcp 10.15.240.164:80: i/o timeout"}
{"level":"warn","ts":1575407116.7300866,"logger":"fallback","caller":"http/transport.go:502","msg":"got an error from receiver fn","error":"Post http://imc-kne-trigger-kn-channel.default.svc.cluster.local/: dial tcp 10.15.240.164:80: i/o timeout"}
{"level":"warn","ts":1575407116.7405686,"logger":"fallback","caller":"http/transport.go:502","msg":"got an error from receiver fn","error":"Post http://imc-kne-trigger-kn-channel.default.svc.cluster.local/: dial tcp 10.15.240.164:80: i/o timeout"}
{"level":"warn","ts":1575407116.7412174,"logger":"fallback","caller":"http/transport.go:502","msg":"got an error from receiver fn","error":"Post http://imc-kne-trigger-kn-channel.default.svc.cluster.local/: dial tcp 10.15.240.164:80: i/o timeout"}
{"level":"warn","ts":1575407116.7416182,"logger":"fallback","caller":"http/transport.go:502","msg":"got an error from receiver fn","error":"Post http://imc-kne-trigger-kn-channel.default.svc.cluster.local/: dial tcp 10.15.240.164:80: i/o timeout"}
{"level":"warn","ts":1575407116.741848,"logger":"fallback","caller":"http/transport.go:502","msg":"got an error from receiver fn","error":"Post http://imc-kne-trigger-kn-channel.default.svc.cluster.local/: dial tcp 10.15.240.164:80: i/o timeout"}
{"level":"warn","ts":1575407116.755466,"logger":"fallback","caller":"http/transport.go:502","msg":"got an error from receiver fn","error":"Post http://imc-kne-trigger-kn-channel.default.svc.cluster.local/: dial tcp 10.15.240.164:80: i/o timeout"}
{"level":"warn","ts":1575407116.772422,"logger":"fallback","caller":"http/transport.go:502","msg":"got an error from receiver fn","error":"Post http://imc-kne-trigger-kn-channel.default.svc.cluster.local/: dial tcp 10.15.240.164:80: i/o timeout"}
{"level":"warn","ts":1575407116.772903,"logger":"fallback","caller":"http/transport.go:502","msg":"got an error from receiver fn","error":"Post http://imc-kne-trigger-kn-channel.default.svc.cluster.local/: dial tcp 10.15.240.164:80: i/o timeout"}
{"level":"warn","ts":1575407116.7736547,"logger":"fallback","caller":"http/transport.go:502","msg":"got an error from receiver fn","error":"Post http://imc-kne-trigger-kn-channel.default.svc.cluster.local/: dial tcp 10.15.240.164:80: i/o timeout"}
{"level":"warn","ts":1575407116.7743683,"logger":"fallback","caller":"http/transport.go:502","msg":"got an error from receiver fn","error":"Post http://imc-kne-trigger-kn-channel.default.svc.cluster.local/: dial tcp 10.15.240.164:80: i/o timeout"}
{"level":"warn","ts":1575407116.7747726,"logger":"fallback","caller":"http/transport.go:502","msg":"got an error from receiver fn","error":"Post http://imc-kne-trigger-kn-channel.default.svc.cluster.local/: dial tcp 10.15.240.164:80: i/o timeout"}
{"level":"warn","ts":1575407116.7762487,"logger":"fallback","caller":"http/transport.go:502","msg":"got an error from receiver fn","error":"Post http://imc-kne-trigger-kn-channel.default.svc.cluster.local/: dial tcp 10.15.240.164:80: i/o timeout"}
{"level":"warn","ts":1575407116.7767677,"logger":"fallback","caller":"http/transport.go:502","msg":"got an error from receiver fn","error":"Post http://imc-kne-trigger-kn-channel.default.svc.cluster.local/: dial tcp 10.15.240.164:80: i/o timeout"}
{"level":"warn","ts":1575407116.7751412,"logger":"fallback","caller":"http/transport.go:502","msg":"got an error from receiver fn","error":"Post http://imc-kne-trigger-kn-channel.default.svc.cluster.local/: dial tcp 10.15.240.164:80: i/o timeout"}
{"level":"warn","ts":1575407116.7827616,"logger":"fallback","caller":"http/transport.go:502","msg":"got an error from receiver fn","error":"Post http://imc-kne-trigger-kn-channel.default.svc.cluster.local/: dial tcp 10.15.240.164:80: i/o timeout"}
{"level":"warn","ts":1575407116.788441,"logger":"fallback","caller":"http/transport.go:502","msg":"got an error from receiver fn","error":"Post http://imc-kne-trigger-kn-channel.default.svc.cluster.local/: dial tcp 10.15.240.164:80: i/o timeout"}
{"level":"warn","ts":1575407116.7888925,"logger":"fallback","caller":"http/transport.go:502","msg":"got an error from receiver fn","error":"Post http://imc-kne-trigger-kn-channel.default.svc.cluster.local/: dial tcp 10.15.240.164:80: i/o timeout"}
{"level":"warn","ts":1575407116.7958431,"logger":"fallback","caller":"http/transport.go:502","msg":"got an error from receiver fn","error":"Post http://imc-kne-trigger-kn-channel.default.svc.cluster.local/: dial tcp 10.15.240.164:80: i/o timeout"}
{"level":"warn","ts":1575407116.8006823,"logger":"fallback","caller":"http/transport.go:502","msg":"got an error from receiver fn","error":"Post http://imc-kne-trigger-kn-channel.default.svc.cluster.local/: dial tcp 10.15.240.164:80: i/o timeout"}
{"level":"warn","ts":1575407116.8044906,"logger":"fallback","caller":"http/transport.go:502","msg":"got an error from receiver fn","error":"Post http://imc-kne-trigger-kn-channel.default.svc.cluster.local/: dial tcp 10.15.240.164:80: i/o timeout"}
{"level":"warn","ts":1575407116.8051512,"logger":"fallback","caller":"http/transport.go:502","msg":"got an error from receiver fn","error":"Post http://imc-kne-trigger-kn-channel.default.svc.cluster.local/: dial tcp 10.15.240.164:80: i/o timeout"}
{"level":"warn","ts":1575407116.8057184,"logger":"fallback","caller":"http/transport.go:502","msg":"got an error from receiver fn","error":"Post http://imc-kne-trigger-kn-channel.default.svc.cluster.local/: dial tcp 10.15.240.164:80: i/o timeout"}
{"level":"warn","ts":1575407116.8188105,"logger":"fallback","caller":"http/transport.go:502","msg":"got an error from receiver fn","error":"Post http://imc-kne-trigger-kn-channel.default.svc.cluster.local/: dial tcp 10.15.240.164:80: i/o timeout"}
{"level":"warn","ts":1575407116.819423,"logger":"fallback","caller":"http/transport.go:502","msg":"got an error from receiver fn","error":"Post http://imc-kne-trigger-kn-channel.default.svc.cluster.local/: dial tcp 10.15.240.164:80: i/o timeout"}
{"level":"warn","ts":1575407116.819736,"logger":"fallback","caller":"http/transport.go:502","msg":"got an error from receiver fn","error":"Post http://imc-kne-trigger-kn-channel.default.svc.cluster.local/: dial tcp 10.15.240.164:80: i/o timeout"}
{"level":"warn","ts":1575407116.8199852,"logger":"fallback","caller":"http/transport.go:502","msg":"got an error from receiver fn","error":"Post http://imc-kne-trigger-kn-channel.default.svc.cluster.local/: dial tcp 10.15.240.164:80: i/o timeout"}
{"level":"warn","ts":1575407116.8265486,"logger":"fallback","caller":"http/transport.go:502","msg":"got an error from receiver fn","error":"Post http://imc-kne-trigger-kn-channel.default.svc.cluster.local/: dial tcp 10.15.240.164:80: i/o timeout"}
{"level":"warn","ts":1575407116.826823,"logger":"fallback","caller":"http/transport.go:502","msg":"got an error from receiver fn","error":"Post http://imc-kne-trigger-kn-channel.default.svc.cluster.local/: dial tcp 10.15.240.164:80: i/o timeout"}
{"level":"warn","ts":1575407116.8270361,"logger":"fallback","caller":"http/transport.go:502","msg":"got an error from receiver fn","error":"Post http://imc-kne-trigger-kn-channel.default.svc.cluster.local/: dial tcp 10.15.240.164:80: i/o timeout"}
{"level":"warn","ts":1575407116.8276083,"logger":"fallback","caller":"http/transport.go:502","msg":"got an error from receiver fn","error":"Post http://imc-kne-trigger-kn-channel.default.svc.cluster.local/: dial tcp 10.15.240.164:80: i/o timeout"}
{"level":"warn","ts":1575407116.8378215,"logger":"fallback","caller":"http/transport.go:502","msg":"got an error from receiver fn","error":"Post http://imc-kne-trigger-kn-channel.default.svc.cluster.local/: dial tcp 10.15.240.164:80: i/o timeout"}
{"level":"warn","ts":1575407116.842541,"logger":"fallback","caller":"http/transport.go:502","msg":"got an error from receiver fn","error":"Post http://imc-kne-trigger-kn-channel.default.svc.cluster.local/: dial tcp 10.15.240.164:80: i/o timeout"}
{"level":"warn","ts":1575407116.8497448,"logger":"fallback","caller":"http/transport.go:502","msg":"got an error from receiver fn","error":"Post http://imc-kne-trigger-kn-channel.default.svc.cluster.local/: dial tcp 10.15.240.164:80: i/o timeout"}
{"level":"warn","ts":1575407116.8503091,"logger":"fallback","caller":"http/transport.go:502","msg":"got an error from receiver fn","error":"Post http://imc-kne-trigger-kn-channel.default.svc.cluster.local/: dial tcp 10.15.240.164:80: i/o timeout"}
{"level":"warn","ts":1575407116.8507636,"logger":"fallback","caller":"http/transport.go:502","msg":"got an error from receiver fn","error":"Post http://imc-kne-trigger-kn-channel.default.svc.cluster.local/: dial tcp 10.15.240.164:80: i/o timeout"}
{"level":"warn","ts":1575407116.8604305,"logger":"fallback","caller":"http/transport.go:594","msg":"error returned from invokeReceiver","error":"Post http://imc-kne-trigger-kn-channel.default.svc.cluster.local/: dial tcp 10.15.240.164:80: i/o timeout"}
{"level":"warn","ts":1575407116.8610735,"logger":"fallback","caller":"http/transport.go:594","msg":"error returned from invokeReceiver","error":"Post http://imc-kne-trigger-kn-channel.default.svc.cluster.local/: dial tcp 10.15.240.164:80: i/o timeout"}
{"level":"warn","ts":1575407116.8678248,"logger":"fallback","caller":"http/transport.go:594","msg":"error returned from invokeReceiver","error":"Post http://imc-kne-trigger-kn-channel.default.svc.cluster.local/: dial tcp 10.15.240.164:80: i/o timeout"}
{"level":"warn","ts":1575407116.8748305,"logger":"fallback","caller":"http/transport.go:594","msg":"error returned from invokeReceiver","error":"Post http://imc-kne-trigger-kn-channel.default.svc.cluster.local/: dial tcp 10.15.240.164:80: i/o timeout"}
{"level":"warn","ts":1575407116.8808143,"logger":"fallback","caller":"http/transport.go:594","msg":"error returned from invokeReceiver","error":"Post http://imc-kne-trigger-kn-channel.default.svc.cluster.local/: dial tcp 10.15.240.164:80: i/o timeout"}
{"level":"warn","ts":1575407116.8813703,"logger":"fallback","caller":"http/transport.go:594","msg":"error returned from invokeReceiver","error":"Post http://imc-kne-trigger-kn-channel.default.svc.cluster.local/: dial tcp 10.15.240.164:80: i/o timeout"}
{"level":"warn","ts":1575407116.881957,"logger":"fallback","caller":"http/transport.go:594","msg":"error returned from invokeReceiver","error":"Post http://imc-kne-trigger-kn-channel.default.svc.cluster.local/: dial tcp 10.15.240.164:80: i/o timeout"}
{"level":"warn","ts":1575407116.892939,"logger":"fallback","caller":"http/transport.go:594","msg":"error returned from invokeReceiver","error":"Post http://imc-kne-trigger-kn-channel.default.svc.cluster.local/: dial tcp 10.15.240.164:80: i/o timeout"}
{"level":"warn","ts":1575407116.9038975,"logger":"fallback","caller":"http/transport.go:594","msg":"error returned from invokeReceiver","error":"Post http://imc-kne-trigger-kn-channel.default.svc.cluster.local/: dial tcp 10.15.240.164:80: i/o timeout"}
{"level":"warn","ts":1575407116.904562,"logger":"fallback","caller":"http/transport.go:594","msg":"error returned from invokeReceiver","error":"Post http://imc-kne-trigger-kn-channel.default.svc.cluster.local/: dial tcp 10.15.240.164:80: i/o timeout"}
{"level":"warn","ts":1575407116.9148414,"logger":"fallback","caller":"http/transport.go:594","msg":"error returned from invokeReceiver","error":"Post http://imc-kne-trigger-kn-channel.default.svc.cluster.local/: dial tcp 10.15.240.164:80: i/o timeout"}
{"level":"warn","ts":1575407116.9278393,"logger":"fallback","caller":"http/transport.go:594","msg":"error returned from invokeReceiver","error":"Post http://imc-kne-trigger-kn-channel.default.svc.cluster.local/: dial tcp 10.15.240.164:80: i/o timeout"}
{"level":"warn","ts":1575407116.9283931,"logger":"fallback","caller":"http/transport.go:594","msg":"error returned from invokeReceiver","error":"Post http://imc-kne-trigger-kn-channel.default.svc.cluster.local/: dial tcp 10.15.240.164:80: i/o timeout"}
{"level":"warn","ts":1575407116.928863,"logger":"fallback","caller":"http/transport.go:594","msg":"error returned from invokeReceiver","error":"Post http://imc-kne-trigger-kn-channel.default.svc.cluster.local/: dial tcp 10.15.240.164:80: i/o timeout"}
{"level":"warn","ts":1575407116.932794,"logger":"fallback","caller":"http/transport.go:594","msg":"error returned from invokeReceiver","error":"Post http://imc-kne-trigger-kn-channel.default.svc.cluster.local/: dial tcp 10.15.240.164:80: i/o timeout"}
{"level":"warn","ts":1575407116.93329,"logger":"fallback","caller":"http/transport.go:594","msg":"error returned from invokeReceiver","error":"Post http://imc-kne-trigger-kn-channel.default.svc.cluster.local/: dial tcp 10.15.240.164:80: i/o timeout"}
{"level":"warn","ts":1575407115.576506,"logger":"fallback","caller":"http/transport.go:594","msg":"error returned from invokeReceiver","error":"Post http://imc-kne-trigger-kn-channel.default.svc.cluster.local/: dial tcp 10.15.240.164:80: i/o timeout"}
{"level":"warn","ts":1575407117.3289728,"logger":"fallback","caller":"http/transport.go:502","msg":"got an error from receiver fn","error":"Post http://imc-kne-trigger-kn-channel.default.svc.cluster.local/: dial tcp 10.15.240.164:80: i/o timeout"}
{"level":"warn","ts":1575407117.338824,"logger":"fallback","caller":"http/transport.go:594","msg":"error returned from invokeReceiver","error":"Post http://imc-kne-trigger-kn-channel.default.svc.cluster.local/: dial tcp 10.15.240.164:80: i/o timeout"}
{"level":"warn","ts":1575407117.338956,"logger":"fallback","caller":"http/transport.go:502","msg":"got an error from receiver fn","error":"Post http://imc-kne-trigger-kn-channel.default.svc.cluster.local/: dial tcp 10.15.240.164:80: i/o timeout"}
{"level":"warn","ts":1575407117.361916,"logger":"fallback","caller":"http/transport.go:594","msg":"error returned from invokeReceiver","error":"Post http://imc-kne-trigger-kn-channel.default.svc.cluster.local/: dial tcp 10.15.240.164:80: i/o timeout"}
{"level":"warn","ts":1575407117.3620427,"logger":"fallback","caller":"http/transport.go:502","msg":"got an error from receiver fn","error":"Post http://imc-kne-trigger-kn-channel.default.svc.cluster.local/: dial tcp 10.15.240.164:80: i/o timeout"}
{"level":"warn","ts":1575407117.411313,"logger":"fallback","caller":"http/transport.go:502","msg":"got an error from receiver fn","error":"Post http://imc-kne-trigger-kn-channel.default.svc.cluster.local/: dial tcp 10.15.240.164:80: i/o timeout"}
{"level":"warn","ts":1575407117.4114459,"logger":"fallback","caller":"http/transport.go:594","msg":"error returned from invokeReceiver","error":"Post http://imc-kne-trigger-kn-channel.default.svc.cluster.local/: dial tcp 10.15.240.164:80: i/o timeout"}
{"level":"warn","ts":1575407117.4249322,"logger":"fallback","caller":"http/transport.go:502","msg":"got an error from receiver fn","error":"Post http://imc-kne-trigger-kn-channel.default.svc.cluster.local/: dial tcp 10.15.240.164:80: i/o timeout"}
{"level":"warn","ts":1575407117.4250772,"logger":"fallback","caller":"http/transport.go:594","msg":"error returned from invokeReceiver","error":"Post http://imc-kne-trigger-kn-channel.default.svc.cluster.local/: dial tcp 10.15.240.164:80: i/o timeout"}
{"level":"warn","ts":1575407117.4445477,"logger":"fallback","caller":"http/transport.go:502","msg":"got an error from receiver fn","error":"Post http://imc-kne-trigger-kn-channel.default.svc.cluster.local/: dial tcp 10.15.240.164:80: i/o timeout"}
{"level":"warn","ts":1575407117.4450483,"logger":"fallback","caller":"http/transport.go:594","msg":"error returned from invokeReceiver","error":"Post http://imc-kne-trigger-kn-channel.default.svc.cluster.local/: dial tcp 10.15.240.164:80: i/o timeout"}
{"level":"warn","ts":1575407117.468958,"logger":"fallback","caller":"http/transport.go:502","msg":"got an error from receiver fn","error":"Post http://imc-kne-trigger-kn-channel.default.svc.cluster.local/: dial tcp 10.15.240.164:80: i/o timeout"}
{"level":"warn","ts":1575407117.470311,"logger":"fallback","caller":"http/transport.go:502","msg":"got an error from receiver fn","error":"Post http://imc-kne-trigger-kn-channel.default.svc.cluster.local/: dial tcp 10.15.240.164:80: i/o timeout"}
{"level":"warn","ts":1575407117.470463,"logger":"fallback","caller":"http/transport.go:502","msg":"got an error from receiver fn","error":"Post http://imc-kne-trigger-kn-channel.default.svc.cluster.local/: dial tcp 10.15.240.164:80: i/o timeout"}
{"level":"warn","ts":1575407117.4705694,"logger":"fallback","caller":"http/transport.go:502","msg":"got an error from receiver fn","error":"Post http://imc-kne-trigger-kn-channel.default.svc.cluster.local/: dial tcp 10.15.240.164:80: i/o timeout"}
{"level":"warn","ts":1575407117.4706864,"logger":"fallback","caller":"http/transport.go:502","msg":"got an error from receiver fn","error":"Post http://imc-kne-trigger-kn-channel.default.svc.cluster.local/: dial tcp 10.15.240.164:80: i/o timeout"}
{"level":"warn","ts":1575407117.4707744,"logger":"fallback","caller":"http/transport.go:502","msg":"got an error from receiver fn","error":"Post http://imc-kne-trigger-kn-channel.default.svc.cluster.local/: dial tcp 10.15.240.164:80: i/o timeout"}
{"level":"warn","ts":1575407117.47088,"logger":"fallback","caller":"http/transport.go:502","msg":"got an error from receiver fn","error":"Post http://imc-kne-trigger-kn-channel.default.svc.cluster.local/: dial tcp 10.15.240.164:80: i/o timeout"}
{"level":"warn","ts":1575407117.4709647,"logger":"fallback","caller":"http/transport.go:502","msg":"got an error from receiver fn","error":"Post http://imc-kne-trigger-kn-channel.default.svc.cluster.local/: dial tcp 10.15.240.164:80: i/o timeout"}
{"level":"warn","ts":1575407117.4710538,"logger":"fallback","caller":"http/transport.go:502","msg":"got an error from receiver fn","error":"Post http://imc-kne-trigger-kn-channel.default.svc.cluster.local/: dial tcp 10.15.240.164:80: i/o timeout"}
{"level":"warn","ts":1575407117.4711292,"logger":"fallback","caller":"http/transport.go:502","msg":"got an error from receiver fn","error":"Post http://imc-kne-trigger-kn-channel.default.svc.cluster.local/: dial tcp 10.15.240.164:80: i/o timeout"}
{"level":"warn","ts":1575407117.4713583,"logger":"fallback","caller":"http/transport.go:502","msg":"got an error from receiver fn","error":"Post http://imc-kne-trigger-kn-channel.default.svc.cluster.local/: dial tcp 10.15.240.164:80: i/o timeout"}
{"level":"warn","ts":1575407117.4714596,"logger":"fallback","caller":"http/transport.go:502","msg":"got an error from receiver fn","error":"Post http://imc-kne-trigger-kn-channel.default.svc.cluster.local/: dial tcp 10.15.240.164:80: i/o timeout"}
{"level":"warn","ts":1575407117.4715579,"logger":"fallback","caller":"http/transport.go:502","msg":"got an error from receiver fn","error":"Post http://imc-kne-trigger-kn-channel.default.svc.cluster.local/: dial tcp 10.15.240.164:80: i/o timeout"}
{"level":"warn","ts":1575407117.4716878,"logger":"fallback","caller":"http/transport.go:502","msg":"got an error from receiver fn","error":"Post http://imc-kne-trigger-kn-channel.default.svc.cluster.local/: dial tcp 10.15.240.164:80: i/o timeout"}
{"level":"warn","ts":1575407117.4717896,"logger":"fallback","caller":"http/transport.go:502","msg":"got an error from receiver fn","error":"Post http://imc-kne-trigger-kn-channel.default.svc.cluster.local/: dial tcp 10.15.240.164:80: i/o timeout"}
{"level":"warn","ts":1575407117.4718814,"logger":"fallback","caller":"http/transport.go:502","msg":"got an error from receiver fn","error":"Post http://imc-kne-trigger-kn-channel.default.svc.cluster.local/: dial tcp 10.15.240.164:80: i/o timeout"}
{"level":"warn","ts":1575407117.471979,"logger":"fallback","caller":"http/transport.go:502","msg":"got an error from receiver fn","error":"Post http://imc-kne-trigger-kn-channel.default.svc.cluster.local/: dial tcp 10.15.240.164:80: i/o timeout"}
{"level":"info","ts":"2019-12-03T21:04:52.140Z","logger":"broker_ingress","caller":"ingress/ingress_handler.go:120","msg":"Error retrieving TTL, defaulting.","commit":"7655d9c","error":"\"knativebrokerttl\" not found"}
{"level":"warn","ts":1575407117.4720783,"logger":"fallback","caller":"http/transport.go:502","msg":"got an error from receiver fn","error":"Post http://imc-kne-trigger-kn-channel.default.svc.cluster.local/: dial tcp 10.15.240.164:80: i/o timeout"}
{"level":"warn","ts":1575407117.4725974,"logger":"fallback","caller":"http/transport.go:502","msg":"got an error from receiver fn","error":"Post http://imc-kne-trigger-kn-channel.default.svc.cluster.local/: dial tcp 10.15.240.164:80: i/o timeout"}
{"level":"warn","ts":1575407117.472682,"logger":"fallback","caller":"http/transport.go:502","msg":"got an error from receiver fn","error":"Post http://imc-kne-trigger-kn-channel.default.svc.cluster.local/: dial tcp 10.15.240.164:80: i/o timeout"}
{"level":"warn","ts":1575407117.4728584,"logger":"fallback","caller":"http/transport.go:502","msg":"got an error from receiver fn","error":"Post http://imc-kne-trigger-kn-channel.default.svc.cluster.local/: dial tcp 10.15.240.164:80: i/o timeout"}
{"level":"warn","ts":1575407117.4729426,"logger":"fallback","caller":"http/transport.go:502","msg":"got an error from receiver fn","error":"Post http://imc-kne-trigger-kn-channel.default.svc.cluster.local/: dial tcp 10.15.240.164:80: i/o timeout"}
{"level":"warn","ts":1575407117.472989,"logger":"fallback","caller":"http/transport.go:502","msg":"got an error from receiver fn","error":"Post http://imc-kne-trigger-kn-channel.default.svc.cluster.local/: dial tcp 10.15.240.164:80: i/o timeout"}
{"level":"warn","ts":1575407117.4730327,"logger":"fallback","caller":"http/transport.go:502","msg":"got an error from receiver fn","error":"Post http://imc-kne-trigger-kn-channel.default.svc.cluster.local/: dial tcp 10.15.240.164:80: i/o timeout"}
{"level":"warn","ts":1575407117.473086,"logger":"fallback","caller":"http/transport.go:502","msg":"got an error from receiver fn","error":"Post http://imc-kne-trigger-kn-channel.default.svc.cluster.local/: dial tcp 10.15.240.164:80: i/o timeout"}
{"level":"warn","ts":1575407117.4731393,"logger":"fallback","caller":"http/transport.go:502","msg":"got an error from receiver fn","error":"Post http://imc-kne-trigger-kn-channel.default.svc.cluster.local/: dial tcp 10.15.240.164:80: i/o timeout"}
{"level":"warn","ts":1575407117.473286,"logger":"fallback","caller":"http/transport.go:502","msg":"got an error from receiver fn","error":"Post http://imc-kne-trigger-kn-channel.default.svc.cluster.local/: dial tcp 10.15.240.164:80: i/o timeout"}
{"level":"warn","ts":1575407117.4733384,"logger":"fallback","caller":"http/transport.go:502","msg":"got an error from receiver fn","error":"Post http://imc-kne-trigger-kn-channel.default.svc.cluster.local/: dial tcp 10.15.240.164:80: i/o timeout"}
{"level":"warn","ts":1575407117.4733808,"logger":"fallback","caller":"http/transport.go:502","msg":"got an error from receiver fn","error":"Post http://imc-kne-trigger-kn-channel.default.svc.cluster.local/: dial tcp 10.15.240.164:80: i/o timeout"}
{"level":"warn","ts":1575407117.4734175,"logger":"fallback","caller":"http/transport.go:502","msg":"got an error from receiver fn","error":"Post http://imc-kne-trigger-kn-channel.default.svc.cluster.local/: dial tcp 10.15.240.164:80: i/o timeout"}
{"level":"info","ts":"2019-12-03T21:04:52.200Z","logger":"broker_ingress","caller":"ingress/ingress_handler.go:120","msg":"Error retrieving TTL, defaulting.","commit":"7655d9c","error":"\"knativebrokerttl\" not found"}
{"level":"info","ts":"2019-12-03T21:04:52.201Z","logger":"broker_ingress","caller":"ingress/ingress_handler.go:120","msg":"Error retrieving TTL, defaulting.","commit":"7655d9c","error":"\"knativebrokerttl\" not found"}
{"level":"info","ts":"2019-12-03T21:04:52.201Z","logger":"broker_ingress","caller":"ingress/ingress_handler.go:120","msg":"Error retrieving TTL, defaulting.","commit":"7655d9c","error":"\"knativebrokerttl\" not found"}
{"level":"info","ts":"2019-12-03T21:04:52.201Z","logger":"broker_ingress","caller":"ingress/ingress_handler.go:120","msg":"Error retrieving TTL, defaulting.","commit":"7655d9c","error":"\"knativebrokerttl\" not found"}
{"level":"warn","ts":1575407117.4736307,"logger":"fallback","caller":"http/transport.go:502","msg":"got an error from receiver fn","error":"Post http://imc-kne-trigger-kn-channel.default.svc.cluster.local/: dial tcp 10.15.240.164:80: i/o timeout"}
{"level":"warn","ts":1575407117.4736626,"logger":"fallback","caller":"http/transport.go:502","msg":"got an error from receiver fn","error":"Post http://imc-kne-trigger-kn-channel.default.svc.cluster.local/: dial tcp 10.15.240.164:80: i/o timeout"}
{"level":"warn","ts":1575407117.4737034,"logger":"fallback","caller":"http/transport.go:502","msg":"got an error from receiver fn","error":"Post http://imc-kne-trigger-kn-channel.default.svc.cluster.local/: dial tcp 10.15.240.164:80: i/o timeout"}
{"level":"warn","ts":1575407117.4737413,"logger":"fallback","caller":"http/transport.go:502","msg":"got an error from receiver fn","error":"Post http://imc-kne-trigger-kn-channel.default.svc.cluster.local/: dial tcp 10.15.240.164:80: i/o timeout"}
{"level":"warn","ts":1575407117.473775,"logger":"fallback","caller":"http/transport.go:502","msg":"got an error from receiver fn","error":"Post http://imc-kne-trigger-kn-channel.default.svc.cluster.local/: dial tcp 10.15.240.164:80: i/o timeout"}
{"level":"warn","ts":1575407117.4738085,"logger":"fallback","caller":"http/transport.go:502","msg":"got an error from receiver fn","error":"Post http://imc-kne-trigger-kn-channel.default.svc.cluster.local/: dial tcp 10.15.240.164:80: i/o timeout"}
{"level":"warn","ts":1575407117.4738376,"logger":"fallback","caller":"http/transport.go:502","msg":"got an error from receiver fn","error":"Post http://imc-kne-trigger-kn-channel.default.svc.cluster.local/: dial tcp 10.15.240.164:80: i/o timeout"}
{"level":"warn","ts":1575407117.473868,"logger":"fallback","caller":"http/transport.go:502","msg":"got an error from receiver fn","error":"Post http://imc-kne-trigger-kn-channel.default.svc.cluster.local/: dial tcp 10.15.240.164:80: i/o timeout"}
{"level":"warn","ts":1575407117.4739022,"logger":"fallback","caller":"http/transport.go:502","msg":"got an error from receiver fn","error":"Post http://imc-kne-trigger-kn-channel.default.svc.cluster.local/: dial tcp 10.15.240.164:80: i/o timeout"}
{"level":"warn","ts":1575407117.4739294,"logger":"fallback","caller":"http/transport.go:502","msg":"got an error from receiver fn","error":"Post http://imc-kne-trigger-kn-channel.default.svc.cluster.local/: dial tcp 10.15.240.164:80: i/o timeout"}
{"level":"warn","ts":1575407117.4739666,"logger":"fallback","caller":"http/transport.go:502","msg":"got an error from receiver fn","error":"Post http://imc-kne-trigger-kn-channel.default.svc.cluster.local/: dial tcp 10.15.240.164:80: i/o timeout"}
{"level":"warn","ts":1575407117.4739985,"logger":"fallback","caller":"http/transport.go:502","msg":"got an error from receiver fn","error":"Post http://imc-kne-trigger-kn-channel.default.svc.cluster.local/: dial tcp 10.15.240.164:80: i/o timeout"}
{"level":"warn","ts":1575407117.4742799,"logger":"fallback","caller":"http/transport.go:502","msg":"got an error from receiver fn","error":"Post http://imc-kne-trigger-kn-channel.default.svc.cluster.local/: dial tcp 10.15.240.164:80: i/o timeout"}
{"level":"warn","ts":1575407117.4743216,"logger":"fallback","caller":"http/transport.go:502","msg":"got an error from receiver fn","error":"Post http://imc-kne-trigger-kn-channel.default.svc.cluster.local/: dial tcp 10.15.240.164:80: i/o timeout"}
{"level":"warn","ts":1575407117.474354,"logger":"fallback","caller":"http/transport.go:502","msg":"got an error from receiver fn","error":"Post http://imc-kne-trigger-kn-channel.default.svc.cluster.local/: dial tcp 10.15.240.164:80: i/o timeout"}
{"level":"warn","ts":1575407117.474393,"logger":"fallback","caller":"http/transport.go:502","msg":"got an error from receiver fn","error":"Post http://imc-kne-trigger-kn-channel.default.svc.cluster.local/: dial tcp 10.15.240.164:80: i/o timeout"}
{"level":"warn","ts":1575407117.474419,"logger":"fallback","caller":"http/transport.go:502","msg":"got an error from receiver fn","error":"Post http://imc-kne-trigger-kn-channel.default.svc.cluster.local/: dial tcp 10.15.240.164:80: i/o timeout"}
{"level":"warn","ts":1575407117.474456,"logger":"fallback","caller":"http/transport.go:502","msg":"got an error from receiver fn","error":"Post http://imc-kne-trigger-kn-channel.default.svc.cluster.local/: dial tcp 10.15.240.164:80: i/o timeout"}
{"level":"warn","ts":1575407117.4745166,"logger":"fallback","caller":"http/transport.go:502","msg":"got an error from receiver fn","error":"Post http://imc-kne-trigger-kn-channel.default.svc.cluster.local/: dial tcp 10.15.240.164:80: i/o timeout"}
{"level":"warn","ts":1575407117.4745524,"logger":"fallback","caller":"http/transport.go:502","msg":"got an error from receiver fn","error":"Post http://imc-kne-trigger-kn-channel.default.svc.cluster.local/: dial tcp 10.15.240.164:80: i/o timeout"}
{"level":"info","ts":"2019-12-03T21:04:52.201Z","logger":"broker_ingress","caller":"ingress/ingress_handler.go:120","msg":"Error retrieving TTL, defaulting.","commit":"7655d9c","error":"\"knativebrokerttl\" not found"}
{"level":"warn","ts":1575407117.4753733,"logger":"fallback","caller":"http/transport.go:594","msg":"error returned from invokeReceiver","error":"Post http://imc-kne-trigger-kn-channel.default.svc.cluster.local/: dial tcp 10.15.240.164:80: i/o timeout"}
{"level":"warn","ts":1575407117.475567,"logger":"fallback","caller":"http/transport.go:502","msg":"got an error from receiver fn","error":"Post http://imc-kne-trigger-kn-channel.default.svc.cluster.local/: dial tcp 10.15.240.164:80: i/o timeout"}
{"level":"warn","ts":1575407117.4756699,"logger":"fallback","caller":"http/transport.go:502","msg":"got an error from receiver fn","error":"Post http://imc-kne-trigger-kn-channel.default.svc.cluster.local/: dial tcp 10.15.240.164:80: i/o timeout"}
{"level":"warn","ts":1575407117.4757614,"logger":"fallback","caller":"http/transport.go:502","msg":"got an error from receiver fn","error":"Post http://imc-kne-trigger-kn-channel.default.svc.cluster.local/: dial tcp 10.15.240.164:80: i/o timeout"}
{"level":"warn","ts":1575407117.4758444,"logger":"fallback","caller":"http/transport.go:502","msg":"got an error from receiver fn","error":"Post http://imc-kne-trigger-kn-channel.default.svc.cluster.local/: dial tcp 10.15.240.164:80: i/o timeout"}
{"level":"warn","ts":1575407117.4759297,"logger":"fallback","caller":"http/transport.go:502","msg":"got an error from receiver fn","error":"Post http://imc-kne-trigger-kn-channel.default.svc.cluster.local/: dial tcp 10.15.240.164:80: i/o timeout"}
{"level":"warn","ts":1575407117.4760094,"logger":"fallback","caller":"http/transport.go:502","msg":"got an error from receiver fn","error":"Post http://imc-kne-trigger-kn-channel.default.svc.cluster.local/: dial tcp 10.15.240.164:80: i/o timeout"}
{"level":"warn","ts":1575407117.4761527,"logger":"fallback","caller":"http/transport.go:502","msg":"got an error from receiver fn","error":"Post http://imc-kne-trigger-kn-channel.default.svc.cluster.local/: dial tcp 10.15.240.164:80: i/o timeout"}
{"level":"warn","ts":1575407117.476373,"logger":"fallback","caller":"http/transport.go:502","msg":"got an error from receiver fn","error":"Post http://imc-kne-trigger-kn-channel.default.svc.cluster.local/: dial tcp 10.15.240.164:80: i/o timeout"}
{"level":"warn","ts":1575407117.4764614,"logger":"fallback","caller":"http/transport.go:502","msg":"got an error from receiver fn","error":"Post http://imc-kne-trigger-kn-channel.default.svc.cluster.local/: dial tcp 10.15.240.164:80: i/o timeout"}
{"level":"warn","ts":1575407117.476553,"logger":"fallback","caller":"http/transport.go:502","msg":"got an error from receiver fn","error":"Post http://imc-kne-trigger-kn-channel.default.svc.cluster.local/: dial tcp 10.15.240.164:80: i/o timeout"}
{"level":"warn","ts":1575407117.4766436,"logger":"fallback","caller":"http/transport.go:502","msg":"got an error from receiver fn","error":"Post http://imc-kne-trigger-kn-channel.default.svc.cluster.local/: dial tcp 10.15.240.164:80: i/o timeout"}
{"level":"info","ts":"2019-12-03T21:04:52.201Z","logger":"broker_ingress","caller":"ingress/ingress_handler.go:120","msg":"Error retrieving TTL, defaulting.","commit":"7655d9c","error":"\"knativebrokerttl\" not found"}
{"level":"warn","ts":1575407117.476738,"logger":"fallback","caller":"http/transport.go:502","msg":"got an error from receiver fn","error":"Post http://imc-kne-trigger-kn-channel.default.svc.cluster.local/: dial tcp 10.15.240.164:80: i/o timeout"}
{"level":"warn","ts":1575407117.4768305,"logger":"fallback","caller":"http/transport.go:502","msg":"got an error from receiver fn","error":"Post http://imc-kne-trigger-kn-channel.default.svc.cluster.local/: dial tcp 10.15.240.164:80: i/o timeout"}
{"level":"warn","ts":1575407117.4769213,"logger":"fallback","caller":"http/transport.go:502","msg":"got an error from receiver fn","error":"Post http://imc-kne-trigger-kn-channel.default.svc.cluster.local/: dial tcp 10.15.240.164:80: i/o timeout"}
{"level":"warn","ts":1575407117.4770067,"logger":"fallback","caller":"http/transport.go:502","msg":"got an error from receiver fn","error":"Post http://imc-kne-trigger-kn-channel.default.svc.cluster.local/: dial tcp 10.15.240.164:80: i/o timeout"}
{"level":"warn","ts":1575407117.4771035,"logger":"fallback","caller":"http/transport.go:502","msg":"got an error from receiver fn","error":"Post http://imc-kne-trigger-kn-channel.default.svc.cluster.local/: dial tcp 10.15.240.164:80: i/o timeout"}
{"level":"warn","ts":1575407117.4773145,"logger":"fallback","caller":"http/transport.go:502","msg":"got an error from receiver fn","error":"Post http://imc-kne-trigger-kn-channel.default.svc.cluster.local/: dial tcp 10.15.240.164:80: i/o timeout"}
{"level":"warn","ts":1575407117.4774165,"logger":"fallback","caller":"http/transport.go:502","msg":"got an error from receiver fn","error":"Post http://imc-kne-trigger-kn-channel.default.svc.cluster.local/: dial tcp 10.15.240.164:80: i/o timeout"}
{"level":"warn","ts":1575407117.4775052,"logger":"fallback","caller":"http/transport.go:502","msg":"got an error from receiver fn","error":"Post http://imc-kne-trigger-kn-channel.default.svc.cluster.local/: dial tcp 10.15.240.164:80: i/o timeout"}
{"level":"warn","ts":1575407117.4776087,"logger":"fallback","caller":"http/transport.go:502","msg":"got an error from receiver fn","error":"Post http://imc-kne-trigger-kn-channel.default.svc.cluster.local/: dial tcp 10.15.240.164:80: i/o timeout"}
{"level":"info","ts":"2019-12-03T21:04:52.201Z","logger":"broker_ingress","caller":"ingress/ingress_handler.go:120","msg":"Error retrieving TTL, defaulting.","commit":"7655d9c","error":"\"knativebrokerttl\" not found"}
{"level":"warn","ts":1575407117.4777088,"logger":"fallback","caller":"http/transport.go:502","msg":"got an error from receiver fn","error":"Post http://imc-kne-trigger-kn-channel.default.svc.cluster.local/: dial tcp 10.15.240.164:80: i/o timeout"}
{"level":"warn","ts":1575407117.4778125,"logger":"fallback","caller":"http/transport.go:502","msg":"got an error from receiver fn","error":"Post http://imc-kne-trigger-kn-channel.default.svc.cluster.local/: dial tcp 10.15.240.164:80: i/o timeout"}
{"level":"warn","ts":1575407117.477909,"logger":"fallback","caller":"http/transport.go:502","msg":"got an error from receiver fn","error":"Post http://imc-kne-trigger-kn-channel.default.svc.cluster.local/: dial tcp 10.15.240.164:80: i/o timeout"}
{"level":"warn","ts":1575407117.477994,"logger":"fallback","caller":"http/transport.go:502","msg":"got an error from receiver fn","error":"Post http://imc-kne-trigger-kn-channel.default.svc.cluster.local/: dial tcp 10.15.240.164:80: i/o timeout"}
{"level":"warn","ts":1575407117.478086,"logger":"fallback","caller":"http/transport.go:502","msg":"got an error from receiver fn","error":"Post http://imc-kne-trigger-kn-channel.default.svc.cluster.local/: dial tcp 10.15.240.164:80: i/o timeout"}
{"level":"warn","ts":1575407117.47859,"logger":"fallback","caller":"http/transport.go:502","msg":"got an error from receiver fn","error":"Post http://imc-kne-trigger-kn-channel.default.svc.cluster.local/: dial tcp 10.15.240.164:80: i/o timeout"}
{"level":"warn","ts":1575407117.4789643,"logger":"fallback","caller":"http/transport.go:502","msg":"got an error from receiver fn","error":"Post http://imc-kne-trigger-kn-channel.default.svc.cluster.local/: dial tcp 10.15.240.164:80: i/o timeout"}
{"level":"warn","ts":1575407117.479504,"logger":"fallback","caller":"http/transport.go:502","msg":"got an error from receiver fn","error":"Post http://imc-kne-trigger-kn-channel.default.svc.cluster.local/: dial tcp 10.15.240.164:80: i/o timeout"}
{"level":"info","ts":"2019-12-03T21:04:52.201Z","logger":"broker_ingress","caller":"ingress/ingress_handler.go:120","msg":"Error retrieving TTL, defaulting.","commit":"7655d9c","error":"\"knativebrokerttl\" not found"}
{"level":"warn","ts":1575407117.4798675,"logger":"fallback","caller":"http/transport.go:502","msg":"got an error from receiver fn","error":"Post http://imc-kne-trigger-kn-channel.default.svc.cluster.local/: dial tcp 10.15.240.164:80: i/o timeout"}
{"level":"warn","ts":1575407117.4816368,"logger":"fallback","caller":"http/transport.go:502","msg":"got an error from receiver fn","error":"Post http://imc-kne-trigger-kn-channel.default.svc.cluster.local/: dial tcp 10.15.240.164:80: i/o timeout"}
{"level":"warn","ts":1575407117.4817677,"logger":"fallback","caller":"http/transport.go:502","msg":"got an error from receiver fn","error":"Post http://imc-kne-trigger-kn-channel.default.svc.cluster.local/: dial tcp 10.15.240.164:80: i/o timeout"}
{"level":"warn","ts":1575407117.4819508,"logger":"fallback","caller":"http/transport.go:502","msg":"got an error from receiver fn","error":"Post http://imc-kne-trigger-kn-channel.default.svc.cluster.local/: dial tcp 10.15.240.164:80: i/o timeout"}
{"level":"warn","ts":1575407117.4823844,"logger":"fallback","caller":"http/transport.go:502","msg":"got an error from receiver fn","error":"Post http://imc-kne-trigger-kn-channel.default.svc.cluster.local/: dial tcp 10.15.240.164:80: i/o timeout"}
{"level":"warn","ts":1575407117.4826941,"logger":"fallback","caller":"http/transport.go:502","msg":"got an error from receiver fn","error":"Post http://imc-kne-trigger-kn-channel.default.svc.cluster.local/: dial tcp 10.15.240.164:80: i/o timeout"}
{"level":"warn","ts":1575407117.4827228,"logger":"fallback","caller":"http/transport.go:502","msg":"got an error from receiver fn","error":"Post http://imc-kne-trigger-kn-channel.default.svc.cluster.local/: dial tcp 10.15.240.164:80: i/o timeout"}
{"level":"info","ts":"2019-12-03T21:04:52.201Z","logger":"broker_ingress","caller":"ingress/ingress_handler.go:120","msg":"Error retrieving TTL, defaulting.","commit":"7655d9c","error":"\"knativebrokerttl\" not found"}
{"level":"warn","ts":1575407117.483013,"logger":"fallback","caller":"http/transport.go:502","msg":"got an error from receiver fn","error":"Post http://imc-kne-trigger-kn-channel.default.svc.cluster.local/: dial tcp 10.15.240.164:80: i/o timeout"}
{"level":"warn","ts":1575407117.483383,"logger":"fallback","caller":"http/transport.go:502","msg":"got an error from receiver fn","error":"Post http://imc-kne-trigger-kn-channel.default.svc.cluster.local/: dial tcp 10.15.240.164:80: i/o timeout"}
{"level":"warn","ts":1575407117.4834983,"logger":"fallback","caller":"http/transport.go:502","msg":"got an error from receiver fn","error":"Post http://imc-kne-trigger-kn-channel.default.svc.cluster.local/: dial tcp 10.15.240.164:80: i/o timeout"}
{"level":"warn","ts":1575407117.4838781,"logger":"fallback","caller":"http/transport.go:502","msg":"got an error from receiver fn","error":"Post http://imc-kne-trigger-kn-channel.default.svc.cluster.local/: dial tcp 10.15.240.164:80: i/o timeout"}
{"level":"warn","ts":1575407117.4845612,"logger":"fallback","caller":"http/transport.go:502","msg":"got an error from receiver fn","error":"Post http://imc-kne-trigger-kn-channel.default.svc.cluster.local/: dial tcp 10.15.240.164:80: i/o timeout"}
{"level":"warn","ts":1575407117.4848888,"logger":"fallback","caller":"http/transport.go:502","msg":"got an error from receiver fn","error":"Post http://imc-kne-trigger-kn-channel.default.svc.cluster.local/: dial tcp 10.15.240.164:80: i/o timeout"}
{"level":"warn","ts":1575407117.4853005,"logger":"fallback","caller":"http/transport.go:502","msg":"got an error from receiver fn","error":"Post http://imc-kne-trigger-kn-channel.default.svc.cluster.local/: dial tcp 10.15.240.164:80: i/o timeout"}
{"level":"warn","ts":1575407117.4856715,"logger":"fallback","caller":"http/transport.go:502","msg":"got an error from receiver fn","error":"Post http://imc-kne-trigger-kn-channel.default.svc.cluster.local/: dial tcp 10.15.240.164:80: i/o timeout"}
{"level":"info","ts":"2019-12-03T21:04:52.202Z","logger":"broker_ingress","caller":"ingress/ingress_handler.go:120","msg":"Error retrieving TTL, defaulting.","commit":"7655d9c","error":"\"knativebrokerttl\" not found"}
{"level":"warn","ts":1575407117.486028,"logger":"fallback","caller":"http/transport.go:502","msg":"got an error from receiver fn","error":"Post http://imc-kne-trigger-kn-channel.default.svc.cluster.local/: dial tcp 10.15.240.164:80: i/o timeout"}
{"level":"warn","ts":1575407117.4872253,"logger":"fallback","caller":"http/transport.go:502","msg":"got an error from receiver fn","error":"Post http://imc-kne-trigger-kn-channel.default.svc.cluster.local/: dial tcp 10.15.240.164:80: i/o timeout"}
{"level":"info","ts":"2019-12-03T21:04:52.202Z","logger":"broker_ingress","caller":"ingress/ingress_handler.go:120","msg":"Error retrieving TTL, defaulting.","commit":"7655d9c","error":"\"knativebrokerttl\" not found"}
{"level":"warn","ts":1575407117.4877052,"logger":"fallback","caller":"http/transport.go:502","msg":"got an error from receiver fn","error":"Post http://imc-kne-trigger-kn-channel.default.svc.cluster.local/: dial tcp 10.15.240.164:80: i/o timeout"}
{"level":"warn","ts":1575407117.4881113,"logger":"fallback","caller":"http/transport.go:502","msg":"got an error from receiver fn","error":"Post http://imc-kne-trigger-kn-channel.default.svc.cluster.local/: dial tcp 10.15.240.164:80: i/o timeout"}
{"level":"warn","ts":1575407117.48837,"logger":"fallback","caller":"http/transport.go:502","msg":"got an error from receiver fn","error":"Post http://imc-kne-trigger-kn-channel.default.svc.cluster.local/: dial tcp 10.15.240.164:80: i/o timeout"}
{"level":"warn","ts":1575407117.4885483,"logger":"fallback","caller":"http/transport.go:502","msg":"got an error from receiver fn","error":"Post http://imc-kne-trigger-kn-channel.default.svc.cluster.local/: dial tcp 10.15.240.164:80: i/o timeout"}
{"level":"warn","ts":1575407117.4887147,"logger":"fallback","caller":"http/transport.go:502","msg":"got an error from receiver fn","error":"Post http://imc-kne-trigger-kn-channel.default.svc.cluster.local/: dial tcp 10.15.240.164:80: i/o timeout"}
{"level":"warn","ts":1575407117.4889133,"logger":"fallback","caller":"http/transport.go:594","msg":"error returned from invokeReceiver","error":"Post http://imc-kne-trigger-kn-channel.default.svc.cluster.local/: dial tcp 10.15.240.164:80: i/o timeout"}
{"level":"warn","ts":1575407117.4890776,"logger":"fallback","caller":"http/transport.go:594","msg":"error returned from invokeReceiver","error":"Post http://imc-kne-trigger-kn-channel.default.svc.cluster.local/: dial tcp 10.15.240.164:80: i/o timeout"}
{"level":"warn","ts":1575407117.489314,"logger":"fallback","caller":"http/transport.go:594","msg":"error returned from invokeReceiver","error":"Post http://imc-kne-trigger-kn-channel.default.svc.cluster.local/: dial tcp 10.15.240.164:80: i/o timeout"}
{"level":"warn","ts":1575407117.4894636,"logger":"fallback","caller":"http/transport.go:594","msg":"error returned from invokeReceiver","error":"Post http://imc-kne-trigger-kn-channel.default.svc.cluster.local/: dial tcp 10.15.240.164:80: i/o timeout"}
{"level":"info","ts":"2019-12-03T21:04:52.202Z","logger":"broker_ingress","caller":"ingress/ingress_handler.go:120","msg":"Error retrieving TTL, defaulting.","commit":"7655d9c","error":"\"knativebrokerttl\" not found"}
{"level":"warn","ts":1575407117.4897633,"logger":"fallback","caller":"http/transport.go:594","msg":"error returned from invokeReceiver","error":"Post http://imc-kne-trigger-kn-channel.default.svc.cluster.local/: dial tcp 10.15.240.164:80: i/o timeout"}
{"level":"warn","ts":1575407117.4898112,"logger":"fallback","caller":"http/transport.go:594","msg":"error returned from invokeReceiver","error":"Post http://imc-kne-trigger-kn-channel.default.svc.cluster.local/: dial tcp 10.15.240.164:80: i/o timeout"}
{"level":"warn","ts":1575407117.490177,"logger":"fallback","caller":"http/transport.go:594","msg":"error returned from invokeReceiver","error":"Post http://imc-kne-trigger-kn-channel.default.svc.cluster.local/: dial tcp 10.15.240.164:80: i/o timeout"}
{"level":"warn","ts":1575407117.4905875,"logger":"fallback","caller":"http/transport.go:594","msg":"error returned from invokeReceiver","error":"Post http://imc-kne-trigger-kn-channel.default.svc.cluster.local/: dial tcp 10.15.240.164:80: i/o timeout"}
{"level":"warn","ts":1575407117.4909868,"logger":"fallback","caller":"http/transport.go:594","msg":"error returned from invokeReceiver","error":"Post http://imc-kne-trigger-kn-channel.default.svc.cluster.local/: dial tcp 10.15.240.164:80: i/o timeout"}
{"level":"warn","ts":1575407117.4914587,"logger":"fallback","caller":"http/transport.go:594","msg":"error returned from invokeReceiver","error":"Post http://imc-kne-trigger-kn-channel.default.svc.cluster.local/: dial tcp 10.15.240.164:80: i/o timeout"}
{"level":"warn","ts":1575407117.4919035,"logger":"fallback","caller":"http/transport.go:594","msg":"error returned from invokeReceiver","error":"Post http://imc-kne-trigger-kn-channel.default.svc.cluster.local/: dial tcp 10.15.240.164:80: i/o timeout"}
{"level":"info","ts":"2019-12-03T21:04:52.202Z","logger":"broker_ingress","caller":"ingress/ingress_handler.go:120","msg":"Error retrieving TTL, defaulting.","commit":"7655d9c","error":"\"knativebrokerttl\" not found"}
{"level":"warn","ts":1575407117.492323,"logger":"fallback","caller":"http/transport.go:594","msg":"error returned from invokeReceiver","error":"Post http://imc-kne-trigger-kn-channel.default.svc.cluster.local/: dial tcp 10.15.240.164:80: i/o timeout"}
{"level":"warn","ts":1575407117.4927728,"logger":"fallback","caller":"http/transport.go:594","msg":"error returned from invokeReceiver","error":"Post http://imc-kne-trigger-kn-channel.default.svc.cluster.local/: dial tcp 10.15.240.164:80: i/o timeout"}
{"level":"warn","ts":1575407117.493192,"logger":"fallback","caller":"http/transport.go:594","msg":"error returned from invokeReceiver","error":"Post http://imc-kne-trigger-kn-channel.default.svc.cluster.local/: dial tcp 10.15.240.164:80: i/o timeout"}
{"level":"warn","ts":1575407117.4935815,"logger":"fallback","caller":"http/transport.go:594","msg":"error returned from invokeReceiver","error":"Post http://imc-kne-trigger-kn-channel.default.svc.cluster.local/: dial tcp 10.15.240.164:80: i/o timeout"}
{"level":"warn","ts":1575407117.494018,"logger":"fallback","caller":"http/transport.go:594","msg":"error returned from invokeReceiver","error":"Post http://imc-kne-trigger-kn-channel.default.svc.cluster.local/: dial tcp 10.15.240.164:80: i/o timeout"}
{"level":"warn","ts":1575407117.494603,"logger":"fallback","caller":"http/transport.go:594","msg":"error returned from invokeReceiver","error":"Post http://imc-kne-trigger-kn-channel.default.svc.cluster.local/: dial tcp 10.15.240.164:80: i/o timeout"}
{"level":"warn","ts":1575407117.4949799,"logger":"fallback","caller":"http/transport.go:594","msg":"error returned from invokeReceiver","error":"Post http://imc-kne-trigger-kn-channel.default.svc.cluster.local/: dial tcp 10.15.240.164:80: i/o timeout"}
{"level":"warn","ts":1575407117.4954398,"logger":"fallback","caller":"http/transport.go:594","msg":"error returned from invokeReceiver","error":"Post http://imc-kne-trigger-kn-channel.default.svc.cluster.local/: dial tcp 10.15.240.164:80: i/o timeout"}
{"level":"warn","ts":1575407117.4902112,"logger":"fallback","caller":"http/transport.go:594","msg":"error returned from invokeReceiver","error":"Post http://imc-kne-trigger-kn-channel.default.svc.cluster.local/: dial tcp 10.15.240.164:80: i/o timeout"}
{"level":"warn","ts":1575407117.4967737,"logger":"fallback","caller":"http/transport.go:594","msg":"error returned from invokeReceiver","error":"Post http://imc-kne-trigger-kn-channel.default.svc.cluster.local/: dial tcp 10.15.240.164:80: i/o timeout"}
{"level":"info","ts":"2019-12-03T21:04:52.202Z","logger":"broker_ingress","caller":"ingress/ingress_handler.go:120","msg":"Error retrieving TTL, defaulting.","commit":"7655d9c","error":"\"knativebrokerttl\" not found"}
{"level":"warn","ts":1575407117.4972634,"logger":"fallback","caller":"http/transport.go:594","msg":"error returned from invokeReceiver","error":"Post http://imc-kne-trigger-kn-channel.default.svc.cluster.local/: dial tcp 10.15.240.164:80: i/o timeout"}
{"level":"info","ts":"2019-12-03T21:04:52.202Z","logger":"broker_ingress","caller":"ingress/ingress_handler.go:120","msg":"Error retrieving TTL, defaulting.","commit":"7655d9c","error":"\"knativebrokerttl\" not found"}
{"level":"warn","ts":1575407117.497658,"logger":"fallback","caller":"http/transport.go:594","msg":"error returned from invokeReceiver","error":"Post http://imc-kne-trigger-kn-channel.default.svc.cluster.local/: dial tcp 10.15.240.164:80: i/o timeout"}
{"level":"info","ts":"2019-12-03T21:04:52.203Z","logger":"broker_ingress","caller":"ingress/ingress_handler.go:120","msg":"Error retrieving TTL, defaulting.","commit":"7655d9c","error":"\"knativebrokerttl\" not found"}
{"level":"info","ts":"2019-12-03T21:04:52.203Z","logger":"broker_ingress","caller":"ingress/ingress_handler.go:120","msg":"Error retrieving TTL, defaulting.","commit":"7655d9c","error":"\"knativebrokerttl\" not found"}
{"level":"warn","ts":1575407117.4980414,"logger":"fallback","caller":"http/transport.go:594","msg":"error returned from invokeReceiver","error":"Post http://imc-kne-trigger-kn-channel.default.svc.cluster.local/: dial tcp 10.15.240.164:80: i/o timeout"}
{"level":"warn","ts":1575407117.4985845,"logger":"fallback","caller":"http/transport.go:594","msg":"error returned from invokeReceiver","error":"Post http://imc-kne-trigger-kn-channel.default.svc.cluster.local/: dial tcp 10.15.240.164:80: i/o timeout"}
{"level":"warn","ts":1575407117.4989715,"logger":"fallback","caller":"http/transport.go:594","msg":"error returned from invokeReceiver","error":"Post http://imc-kne-trigger-kn-channel.default.svc.cluster.local/: dial tcp 10.15.240.164:80: i/o timeout"}
{"level":"warn","ts":1575407117.5004673,"logger":"fallback","caller":"http/transport.go:594","msg":"error returned from invokeReceiver","error":"Post http://imc-kne-trigger-kn-channel.default.svc.cluster.local/: dial tcp 10.15.240.164:80: i/o timeout"}
{"level":"warn","ts":1575407117.5008762,"logger":"fallback","caller":"http/transport.go:594","msg":"error returned from invokeReceiver","error":"Post http://imc-kne-trigger-kn-channel.default.svc.cluster.local/: dial tcp 10.15.240.164:80: i/o timeout"}
{"level":"warn","ts":1575407117.5010037,"logger":"fallback","caller":"http/transport.go:594","msg":"error returned from invokeReceiver","error":"Post http://imc-kne-trigger-kn-channel.default.svc.cluster.local/: dial tcp 10.15.240.164:80: i/o timeout"}
{"level":"warn","ts":1575407117.5012593,"logger":"fallback","caller":"http/transport.go:594","msg":"error returned from invokeReceiver","error":"Post http://imc-kne-trigger-kn-channel.default.svc.cluster.local/: dial tcp 10.15.240.164:80: i/o timeout"}
{"level":"warn","ts":1575407117.5016198,"logger":"fallback","caller":"http/transport.go:594","msg":"error returned from invokeReceiver","error":"Post http://imc-kne-trigger-kn-channel.default.svc.cluster.local/: dial tcp 10.15.240.164:80: i/o timeout"}
{"level":"warn","ts":1575407117.50196,"logger":"fallback","caller":"http/transport.go:594","msg":"error returned from invokeReceiver","error":"Post http://imc-kne-trigger-kn-channel.default.svc.cluster.local/: dial tcp 10.15.240.164:80: i/o timeout"}
{"level":"warn","ts":1575407117.502415,"logger":"fallback","caller":"http/transport.go:594","msg":"error returned from invokeReceiver","error":"Post http://imc-kne-trigger-kn-channel.default.svc.cluster.local/: dial tcp 10.15.240.164:80: i/o timeout"}
{"level":"warn","ts":1575407117.5027723,"logger":"fallback","caller":"http/transport.go:594","msg":"error returned from invokeReceiver","error":"Post http://imc-kne-trigger-kn-channel.default.svc.cluster.local/: dial tcp 10.15.240.164:80: i/o timeout"}
{"level":"warn","ts":1575407117.503135,"logger":"fallback","caller":"http/transport.go:594","msg":"error returned from invokeReceiver","error":"Post http://imc-kne-trigger-kn-channel.default.svc.cluster.local/: dial tcp 10.15.240.164:80: i/o timeout"}
{"level":"warn","ts":1575407117.5035977,"logger":"fallback","caller":"http/transport.go:594","msg":"error returned from invokeReceiver","error":"Post http://imc-kne-trigger-kn-channel.default.svc.cluster.local/: dial tcp 10.15.240.164:80: i/o timeout"}
{"level":"warn","ts":1575407117.5039997,"logger":"fallback","caller":"http/transport.go:594","msg":"error returned from invokeReceiver","error":"Post http://imc-kne-trigger-kn-channel.default.svc.cluster.local/: dial tcp 10.15.240.164:80: i/o timeout"}
{"level":"warn","ts":1575407117.504415,"logger":"fallback","caller":"http/transport.go:594","msg":"error returned from invokeReceiver","error":"Post http://imc-kne-trigger-kn-channel.default.svc.cluster.local/: dial tcp 10.15.240.164:80: i/o timeout"}
{"level":"warn","ts":1575407117.50481,"logger":"fallback","caller":"http/transport.go:594","msg":"error returned from invokeReceiver","error":"Post http://imc-kne-trigger-kn-channel.default.svc.cluster.local/: dial tcp 10.15.240.164:80: i/o timeout"}
{"level":"warn","ts":1575407117.505248,"logger":"fallback","caller":"http/transport.go:594","msg":"error returned from invokeReceiver","error":"Post http://imc-kne-trigger-kn-channel.default.svc.cluster.local/: dial tcp 10.15.240.164:80: i/o timeout"}
{"level":"warn","ts":1575407117.5056536,"logger":"fallback","caller":"http/transport.go:594","msg":"error returned from invokeReceiver","error":"Post http://imc-kne-trigger-kn-channel.default.svc.cluster.local/: dial tcp 10.15.240.164:80: i/o timeout"}
{"level":"warn","ts":1575407117.5060556,"logger":"fallback","caller":"http/transport.go:594","msg":"error returned from invokeReceiver","error":"Post http://imc-kne-trigger-kn-channel.default.svc.cluster.local/: dial tcp 10.15.240.164:80: i/o timeout"}
{"level":"warn","ts":1575407117.5065691,"logger":"fallback","caller":"http/transport.go:594","msg":"error returned from invokeReceiver","error":"Post http://imc-kne-trigger-kn-channel.default.svc.cluster.local/: dial tcp 10.15.240.164:80: i/o timeout"}
{"level":"warn","ts":1575407117.5069933,"logger":"fallback","caller":"http/transport.go:594","msg":"error returned from invokeReceiver","error":"Post http://imc-kne-trigger-kn-channel.default.svc.cluster.local/: dial tcp 10.15.240.164:80: i/o timeout"}
{"level":"warn","ts":1575407117.5079818,"logger":"fallback","caller":"http/transport.go:594","msg":"error returned from invokeReceiver","error":"Post http://imc-kne-trigger-kn-channel.default.svc.cluster.local/: dial tcp 10.15.240.164:80: i/o timeout"}
{"level":"warn","ts":1575407117.508459,"logger":"fallback","caller":"http/transport.go:594","msg":"error returned from invokeReceiver","error":"Post http://imc-kne-trigger-kn-channel.default.svc.cluster.local/: dial tcp 10.15.240.164:80: i/o timeout"}
{"level":"warn","ts":1575407117.508742,"logger":"fallback","caller":"http/transport.go:594","msg":"error returned from invokeReceiver","error":"Post http://imc-kne-trigger-kn-channel.default.svc.cluster.local/: dial tcp 10.15.240.164:80: i/o timeout"}
{"level":"info","ts":"2019-12-03T21:04:52.203Z","logger":"broker_ingress","caller":"ingress/ingress_handler.go:120","msg":"Error retrieving TTL, defaulting.","commit":"7655d9c","error":"\"knativebrokerttl\" not found"}
{"level":"warn","ts":1575407117.508811,"logger":"fallback","caller":"http/transport.go:594","msg":"error returned from invokeReceiver","error":"Post http://imc-kne-trigger-kn-channel.default.svc.cluster.local/: dial tcp 10.15.240.164:80: i/o timeout"}
{"level":"warn","ts":1575407117.5091345,"logger":"fallback","caller":"http/transport.go:594","msg":"error returned from invokeReceiver","error":"Post http://imc-kne-trigger-kn-channel.default.svc.cluster.local/: dial tcp 10.15.240.164:80: i/o timeout"}
{"level":"warn","ts":1575407117.5095632,"logger":"fallback","caller":"http/transport.go:594","msg":"error returned from invokeReceiver","error":"Post http://imc-kne-trigger-kn-channel.default.svc.cluster.local/: dial tcp 10.15.240.164:80: i/o timeout"}
{"level":"warn","ts":1575407117.5106018,"logger":"fallback","caller":"http/transport.go:594","msg":"error returned from invokeReceiver","error":"Post http://imc-kne-trigger-kn-channel.default.svc.cluster.local/: dial tcp 10.15.240.164:80: i/o timeout"}
{"level":"warn","ts":1575407117.5106573,"logger":"fallback","caller":"http/transport.go:594","msg":"error returned from invokeReceiver","error":"Post http://imc-kne-trigger-kn-channel.default.svc.cluster.local/: dial tcp 10.15.240.164:80: i/o timeout"}
{"level":"warn","ts":1575407117.5107057,"logger":"fallback","caller":"http/transport.go:594","msg":"error returned from invokeReceiver","error":"Post http://imc-kne-trigger-kn-channel.default.svc.cluster.local/: dial tcp 10.15.240.164:80: i/o timeout"}
{"level":"warn","ts":1575407117.5107837,"logger":"fallback","caller":"http/transport.go:594","msg":"error returned from invokeReceiver","error":"Post http://imc-kne-trigger-kn-channel.default.svc.cluster.local/: dial tcp 10.15.240.164:80: i/o timeout"}
{"level":"warn","ts":1575407117.5108342,"logger":"fallback","caller":"http/transport.go:594","msg":"error returned from invokeReceiver","error":"Post http://imc-kne-trigger-kn-channel.default.svc.cluster.local/: dial tcp 10.15.240.164:80: i/o timeout"}
{"level":"warn","ts":1575407117.5108788,"logger":"fallback","caller":"http/transport.go:594","msg":"error returned from invokeReceiver","error":"Post http://imc-kne-trigger-kn-channel.default.svc.cluster.local/: dial tcp 10.15.240.164:80: i/o timeout"}
{"level":"warn","ts":1575407117.5109224,"logger":"fallback","caller":"http/transport.go:594","msg":"error returned from invokeReceiver","error":"Post http://imc-kne-trigger-kn-channel.default.svc.cluster.local/: dial tcp 10.15.240.164:80: i/o timeout"}
{"level":"warn","ts":1575407117.5109842,"logger":"fallback","caller":"http/transport.go:594","msg":"error returned from invokeReceiver","error":"Post http://imc-kne-trigger-kn-channel.default.svc.cluster.local/: dial tcp 10.15.240.164:80: i/o timeout"}
{"level":"warn","ts":1575407117.5110376,"logger":"fallback","caller":"http/transport.go:594","msg":"error returned from invokeReceiver","error":"Post http://imc-kne-trigger-kn-channel.default.svc.cluster.local/: dial tcp 10.15.240.164:80: i/o timeout"}
{"level":"info","ts":"2019-12-03T21:04:52.203Z","logger":"broker_ingress","caller":"ingress/ingress_handler.go:120","msg":"Error retrieving TTL, defaulting.","commit":"7655d9c","error":"\"knativebrokerttl\" not found"}
{"level":"warn","ts":1575407117.5110805,"logger":"fallback","caller":"http/transport.go:594","msg":"error returned from invokeReceiver","error":"Post http://imc-kne-trigger-kn-channel.default.svc.cluster.local/: dial tcp 10.15.240.164:80: i/o timeout"}
{"level":"warn","ts":1575407117.5111334,"logger":"fallback","caller":"http/transport.go:594","msg":"error returned from invokeReceiver","error":"Post http://imc-kne-trigger-kn-channel.default.svc.cluster.local/: dial tcp 10.15.240.164:80: i/o timeout"}
{"level":"warn","ts":1575407117.511199,"logger":"fallback","caller":"http/transport.go:594","msg":"error returned from invokeReceiver","error":"Post http://imc-kne-trigger-kn-channel.default.svc.cluster.local/: dial tcp 10.15.240.164:80: i/o timeout"}
{"level":"warn","ts":1575407117.5112429,"logger":"fallback","caller":"http/transport.go:594","msg":"error returned from invokeReceiver","error":"Post http://imc-kne-trigger-kn-channel.default.svc.cluster.local/: dial tcp 10.15.240.164:80: i/o timeout"}
{"level":"warn","ts":1575407117.5112827,"logger":"fallback","caller":"http/transport.go:594","msg":"error returned from invokeReceiver","error":"Post http://imc-kne-trigger-kn-channel.default.svc.cluster.local/: dial tcp 10.15.240.164:80: i/o timeout"}
{"level":"warn","ts":1575407117.5113297,"logger":"fallback","caller":"http/transport.go:594","msg":"error returned from invokeReceiver","error":"Post http://imc-kne-trigger-kn-channel.default.svc.cluster.local/: dial tcp 10.15.240.164:80: i/o timeout"}
{"level":"warn","ts":1575407117.5113754,"logger":"fallback","caller":"http/transport.go:594","msg":"error returned from invokeReceiver","error":"Post http://imc-kne-trigger-kn-channel.default.svc.cluster.local/: dial tcp 10.15.240.164:80: i/o timeout"}
{"level":"warn","ts":1575407117.5114226,"logger":"fallback","caller":"http/transport.go:594","msg":"error returned from invokeReceiver","error":"Post http://imc-kne-trigger-kn-channel.default.svc.cluster.local/: dial tcp 10.15.240.164:80: i/o timeout"}
{"level":"warn","ts":1575407117.5114625,"logger":"fallback","caller":"http/transport.go:594","msg":"error returned from invokeReceiver","error":"Post http://imc-kne-trigger-kn-channel.default.svc.cluster.local/: dial tcp 10.15.240.164:80: i/o timeout"}
{"level":"warn","ts":1575407117.5116618,"logger":"fallback","caller":"http/transport.go:594","msg":"error returned from invokeReceiver","error":"Post http://imc-kne-trigger-kn-channel.default.svc.cluster.local/: dial tcp 10.15.240.164:80: i/o timeout"}
{"level":"info","ts":"2019-12-03T21:04:52.203Z","logger":"broker_ingress","caller":"ingress/ingress_handler.go:120","msg":"Error retrieving TTL, defaulting.","commit":"7655d9c","error":"\"knativebrokerttl\" not found"}
{"level":"warn","ts":1575407117.5121229,"logger":"fallback","caller":"http/transport.go:594","msg":"error returned from invokeReceiver","error":"Post http://imc-kne-trigger-kn-channel.default.svc.cluster.local/: dial tcp 10.15.240.164:80: i/o timeout"}
{"level":"warn","ts":1575407117.5125484,"logger":"fallback","caller":"http/transport.go:594","msg":"error returned from invokeReceiver","error":"Post http://imc-kne-trigger-kn-channel.default.svc.cluster.local/: dial tcp 10.15.240.164:80: i/o timeout"}
{"level":"warn","ts":1575407117.512941,"logger":"fallback","caller":"http/transport.go:594","msg":"error returned from invokeReceiver","error":"Post http://imc-kne-trigger-kn-channel.default.svc.cluster.local/: dial tcp 10.15.240.164:80: i/o timeout"}
{"level":"info","ts":"2019-12-03T21:04:52.203Z","logger":"broker_ingress","caller":"ingress/ingress_handler.go:120","msg":"Error retrieving TTL, defaulting.","commit":"7655d9c","error":"\"knativebrokerttl\" not found"}
{"level":"warn","ts":1575407117.5133526,"logger":"fallback","caller":"http/transport.go:594","msg":"error returned from invokeReceiver","error":"Post http://imc-kne-trigger-kn-channel.default.svc.cluster.local/: dial tcp 10.15.240.164:80: i/o timeout"}
{"level":"warn","ts":1575407117.5137503,"logger":"fallback","caller":"http/transport.go:594","msg":"error returned from invokeReceiver","error":"Post http://imc-kne-trigger-kn-channel.default.svc.cluster.local/: dial tcp 10.15.240.164:80: i/o timeout"}
{"level":"info","ts":"2019-12-03T21:04:52.203Z","logger":"broker_ingress","caller":"ingress/ingress_handler.go:120","msg":"Error retrieving TTL, defaulting.","commit":"7655d9c","error":"\"knativebrokerttl\" not found"}
{"level":"warn","ts":1575407117.5140593,"logger":"fallback","caller":"http/transport.go:594","msg":"error returned from invokeReceiver","error":"Post http://imc-kne-trigger-kn-channel.default.svc.cluster.local/: dial tcp 10.15.240.164:80: i/o timeout"}
{"level":"warn","ts":1575407117.5145469,"logger":"fallback","caller":"http/transport.go:594","msg":"error returned from invokeReceiver","error":"Post http://imc-kne-trigger-kn-channel.default.svc.cluster.local/: dial tcp 10.15.240.164:80: i/o timeout"}
{"level":"warn","ts":1575407117.514927,"logger":"fallback","caller":"http/transport.go:594","msg":"error returned from invokeReceiver","error":"Post http://imc-kne-trigger-kn-channel.default.svc.cluster.local/: dial tcp 10.15.240.164:80: i/o timeout"}
{"level":"warn","ts":1575407117.5155385,"logger":"fallback","caller":"http/transport.go:594","msg":"error returned from invokeReceiver","error":"Post http://imc-kne-trigger-kn-channel.default.svc.cluster.local/: dial tcp 10.15.240.164:80: i/o timeout"}
{"level":"warn","ts":1575407117.5158398,"logger":"fallback","caller":"http/transport.go:594","msg":"error returned from invokeReceiver","error":"Post http://imc-kne-trigger-kn-channel.default.svc.cluster.local/: dial tcp 10.15.240.164:80: i/o timeout"}
{"level":"warn","ts":1575407117.5162754,"logger":"fallback","caller":"http/transport.go:594","msg":"error returned from invokeReceiver","error":"Post http://imc-kne-trigger-kn-channel.default.svc.cluster.local/: dial tcp 10.15.240.164:80: i/o timeout"}
{"level":"warn","ts":1575407117.5166535,"logger":"fallback","caller":"http/transport.go:594","msg":"error returned from invokeReceiver","error":"Post http://imc-kne-trigger-kn-channel.default.svc.cluster.local/: dial tcp 10.15.240.164:80: i/o timeout"}
{"level":"info","ts":"2019-12-03T21:04:52.203Z","logger":"broker_ingress","caller":"ingress/ingress_handler.go:120","msg":"Error retrieving TTL, defaulting.","commit":"7655d9c","error":"\"knativebrokerttl\" not found"}
{"level":"warn","ts":1575407117.5170293,"logger":"fallback","caller":"http/transport.go:594","msg":"error returned from invokeReceiver","error":"Post http://imc-kne-trigger-kn-channel.default.svc.cluster.local/: dial tcp 10.15.240.164:80: i/o timeout"}
{"level":"warn","ts":1575407117.5175433,"logger":"fallback","caller":"http/transport.go:594","msg":"error returned from invokeReceiver","error":"Post http://imc-kne-trigger-kn-channel.default.svc.cluster.local/: dial tcp 10.15.240.164:80: i/o timeout"}
{"level":"warn","ts":1575407117.5179403,"logger":"fallback","caller":"http/transport.go:594","msg":"error returned from invokeReceiver","error":"Post http://imc-kne-trigger-kn-channel.default.svc.cluster.local/: dial tcp 10.15.240.164:80: i/o timeout"}
{"level":"warn","ts":1575407117.5183504,"logger":"fallback","caller":"http/transport.go:594","msg":"error returned from invokeReceiver","error":"Post http://imc-kne-trigger-kn-channel.default.svc.cluster.local/: dial tcp 10.15.240.164:80: i/o timeout"}
{"level":"warn","ts":1575407117.518712,"logger":"fallback","caller":"http/transport.go:594","msg":"error returned from invokeReceiver","error":"Post http://imc-kne-trigger-kn-channel.default.svc.cluster.local/: dial tcp 10.15.240.164:80: i/o timeout"}
{"level":"warn","ts":1575407117.5190787,"logger":"fallback","caller":"http/transport.go:594","msg":"error returned from invokeReceiver","error":"Post http://imc-kne-trigger-kn-channel.default.svc.cluster.local/: dial tcp 10.15.240.164:80: i/o timeout"}
{"level":"warn","ts":1575407117.5195096,"logger":"fallback","caller":"http/transport.go:594","msg":"error returned from invokeReceiver","error":"Post http://imc-kne-trigger-kn-channel.default.svc.cluster.local/: dial tcp 10.15.240.164:80: i/o timeout"}
{"level":"warn","ts":1575407117.5196204,"logger":"fallback","caller":"http/transport.go:594","msg":"error returned from invokeReceiver","error":"Post http://imc-kne-trigger-kn-channel.default.svc.cluster.local/: dial tcp 10.15.240.164:80: i/o timeout"}
{"level":"warn","ts":1575407117.519856,"logger":"fallback","caller":"http/transport.go:594","msg":"error returned from invokeReceiver","error":"Post http://imc-kne-trigger-kn-channel.default.svc.cluster.local/: dial tcp 10.15.240.164:80: i/o timeout"}
{"level":"warn","ts":1575407117.5202212,"logger":"fallback","caller":"http/transport.go:594","msg":"error returned from invokeReceiver","error":"Post http://imc-kne-trigger-kn-channel.default.svc.cluster.local/: dial tcp 10.15.240.164:80: i/o timeout"}
{"level":"warn","ts":1575407117.5205486,"logger":"fallback","caller":"http/transport.go:594","msg":"error returned from invokeReceiver","error":"Post http://imc-kne-trigger-kn-channel.default.svc.cluster.local/: dial tcp 10.15.240.164:80: i/o timeout"}
{"level":"warn","ts":1575407117.5208561,"logger":"fallback","caller":"http/transport.go:594","msg":"error returned from invokeReceiver","error":"Post http://imc-kne-trigger-kn-channel.default.svc.cluster.local/: dial tcp 10.15.240.164:80: i/o timeout"}
{"level":"warn","ts":1575407117.5209935,"logger":"fallback","caller":"http/transport.go:594","msg":"error returned from invokeReceiver","error":"Post http://imc-kne-trigger-kn-channel.default.svc.cluster.local/: dial tcp 10.15.240.164:80: i/o timeout"}
{"level":"warn","ts":1575407117.5212874,"logger":"fallback","caller":"http/transport.go:594","msg":"error returned from invokeReceiver","error":"Post http://imc-kne-trigger-kn-channel.default.svc.cluster.local/: dial tcp 10.15.240.164:80: i/o timeout"}
{"level":"warn","ts":1575407117.5221105,"logger":"fallback","caller":"http/transport.go:594","msg":"error returned from invokeReceiver","error":"Post http://imc-kne-trigger-kn-channel.default.svc.cluster.local/: dial tcp 10.15.240.164:80: i/o timeout"}
{"level":"warn","ts":1575407117.5225646,"logger":"fallback","caller":"http/transport.go:594","msg":"error returned from invokeReceiver","error":"Post http://imc-kne-trigger-kn-channel.default.svc.cluster.local/: dial tcp 10.15.240.164:80: i/o timeout"}
{"level":"warn","ts":1575407117.5229886,"logger":"fallback","caller":"http/transport.go:594","msg":"error returned from invokeReceiver","error":"Post http://imc-kne-trigger-kn-channel.default.svc.cluster.local/: dial tcp 10.15.240.164:80: i/o timeout"}
{"level":"warn","ts":1575407117.5233765,"logger":"fallback","caller":"http/transport.go:594","msg":"error returned from invokeReceiver","error":"Post http://imc-kne-trigger-kn-channel.default.svc.cluster.local/: dial tcp 10.15.240.164:80: i/o timeout"}
{"level":"warn","ts":1575407117.5237923,"logger":"fallback","caller":"http/transport.go:502","msg":"got an error from receiver fn","error":"Post http://imc-kne-trigger-kn-channel.default.svc.cluster.local/: dial tcp 10.15.240.164:80: i/o timeout"}
{"level":"warn","ts":1575407117.5697818,"logger":"fallback","caller":"http/transport.go:594","msg":"error returned from invokeReceiver","error":"Post http://imc-kne-trigger-kn-channel.default.svc.cluster.local/: dial tcp 10.15.240.164:80: i/o timeout"}
{"level":"warn","ts":1575407117.6512935,"logger":"fallback","caller":"http/transport.go:594","msg":"error returned from invokeReceiver","error":"Post http://imc-kne-trigger-kn-channel.default.svc.cluster.local/: dial tcp 10.15.240.164:80: i/o timeout"}
{"level":"warn","ts":1575407117.6756873,"logger":"fallback","caller":"http/transport.go:594","msg":"error returned from invokeReceiver","error":"Post http://imc-kne-trigger-kn-channel.default.svc.cluster.local/: dial tcp 10.15.240.164:80: i/o timeout"}
{"level":"warn","ts":1575407117.7053206,"logger":"fallback","caller":"http/transport.go:502","msg":"got an error from receiver fn","error":"Post http://imc-kne-trigger-kn-channel.default.svc.cluster.local/: dial tcp 10.15.240.164:80: i/o timeout"}
{"level":"info","ts":"2019-12-03T21:04:52.204Z","logger":"broker_ingress","caller":"ingress/ingress_handler.go:120","msg":"Error retrieving TTL, defaulting.","commit":"7655d9c","error":"\"knativebrokerttl\" not found"}
{"level":"info","ts":"2019-12-03T21:04:52.205Z","logger":"broker_ingress","caller":"ingress/ingress_handler.go:120","msg":"Error retrieving TTL, defaulting.","commit":"7655d9c","error":"\"knativebrokerttl\" not found"}
{"level":"info","ts":"2019-12-03T21:04:52.205Z","logger":"broker_ingress","caller":"ingress/ingress_handler.go:120","msg":"Error retrieving TTL, defaulting.","commit":"7655d9c","error":"\"knativebrokerttl\" not found"}
{"level":"info","ts":"2019-12-03T21:04:52.205Z","logger":"broker_ingress","caller":"ingress/ingress_handler.go:120","msg":"Error retrieving TTL, defaulting.","commit":"7655d9c","error":"\"knativebrokerttl\" not found"}
{"level":"info","ts":"2019-12-03T21:04:52.205Z","logger":"broker_ingress","caller":"ingress/ingress_handler.go:120","msg":"Error retrieving TTL, defaulting.","commit":"7655d9c","error":"\"knativebrokerttl\" not found"}
{"level":"info","ts":"2019-12-03T21:04:52.206Z","logger":"broker_ingress","caller":"ingress/ingress_handler.go:120","msg":"Error retrieving TTL, defaulting.","commit":"7655d9c","error":"\"knativebrokerttl\" not found"}
{"level":"info","ts":"2019-12-03T21:04:52.219Z","logger":"broker_ingress","caller":"ingress/ingress_handler.go:120","msg":"Error retrieving TTL, defaulting.","commit":"7655d9c","error":"\"knativebrokerttl\" not found"}
{"level":"info","ts":"2019-12-03T21:04:52.219Z","logger":"broker_ingress","caller":"ingress/ingress_handler.go:120","msg":"Error retrieving TTL, defaulting.","commit":"7655d9c","error":"\"knativebrokerttl\" not found"}
{"level":"info","ts":"2019-12-03T21:04:52.219Z","logger":"broker_ingress","caller":"ingress/ingress_handler.go:120","msg":"Error retrieving TTL, defaulting.","commit":"7655d9c","error":"\"knativebrokerttl\" not found"}
{"level":"info","ts":"2019-12-03T21:04:52.219Z","logger":"broker_ingress","caller":"ingress/ingress_handler.go:120","msg":"Error retrieving TTL, defaulting.","commit":"7655d9c","error":"\"knativebrokerttl\" not found"}
{"level":"info","ts":"2019-12-03T21:04:52.221Z","logger":"broker_ingress","caller":"ingress/ingress_handler.go:120","msg":"Error retrieving TTL, defaulting.","commit":"7655d9c","error":"\"knativebrokerttl\" not found"}
{"level":"info","ts":"2019-12-03T21:04:52.221Z","logger":"broker_ingress","caller":"ingress/ingress_handler.go:120","msg":"Error retrieving TTL, defaulting.","commit":"7655d9c","error":"\"knativebrokerttl\" not found"}
{"level":"info","ts":"2019-12-03T21:04:52.221Z","logger":"broker_ingress","caller":"ingress/ingress_handler.go:120","msg":"Error retrieving TTL, defaulting.","commit":"7655d9c","error":"\"knativebrokerttl\" not found"}
{"level":"info","ts":"2019-12-03T21:04:52.221Z","logger":"broker_ingress","caller":"ingress/ingress_handler.go:120","msg":"Error retrieving TTL, defaulting.","commit":"7655d9c","error":"\"knativebrokerttl\" not found"}
{"level":"info","ts":"2019-12-03T21:04:52.221Z","logger":"broker_ingress","caller":"ingress/ingress_handler.go:120","msg":"Error retrieving TTL, defaulting.","commit":"7655d9c","error":"\"knativebrokerttl\" not found"}
{"level":"info","ts":"2019-12-03T21:04:52.222Z","logger":"broker_ingress","caller":"ingress/ingress_handler.go:120","msg":"Error retrieving TTL, defaulting.","commit":"7655d9c","error":"\"knativebrokerttl\" not found"}
{"level":"info","ts":"2019-12-03T21:04:52.222Z","logger":"broker_ingress","caller":"ingress/ingress_handler.go:120","msg":"Error retrieving TTL, defaulting.","commit":"7655d9c","error":"\"knativebrokerttl\" not found"}
{"level":"info","ts":"2019-12-03T21:04:52.222Z","logger":"broker_ingress","caller":"ingress/ingress_handler.go:120","msg":"Error retrieving TTL, defaulting.","commit":"7655d9c","error":"\"knativebrokerttl\" not found"}
{"level":"info","ts":"2019-12-03T21:04:52.222Z","logger":"broker_ingress","caller":"ingress/ingress_handler.go:120","msg":"Error retrieving TTL, defaulting.","commit":"7655d9c","error":"\"knativebrokerttl\" not found"}
{"level":"info","ts":"2019-12-03T21:04:52.222Z","logger":"broker_ingress","caller":"ingress/ingress_handler.go:120","msg":"Error retrieving TTL, defaulting.","commit":"7655d9c","error":"\"knativebrokerttl\" not found"}
{"level":"info","ts":"2019-12-03T21:04:52.222Z","logger":"broker_ingress","caller":"ingress/ingress_handler.go:120","msg":"Error retrieving TTL, defaulting.","commit":"7655d9c","error":"\"knativebrokerttl\" not found"}
{"level":"info","ts":"2019-12-03T21:04:52.222Z","logger":"broker_ingress","caller":"ingress/ingress_handler.go:120","msg":"Error retrieving TTL, defaulting.","commit":"7655d9c","error":"\"knativebrokerttl\" not found"}
{"level":"info","ts":"2019-12-03T21:04:52.223Z","logger":"broker_ingress","caller":"ingress/ingress_handler.go:120","msg":"Error retrieving TTL, defaulting.","commit":"7655d9c","error":"\"knativebrokerttl\" not found"}
{"level":"info","ts":"2019-12-03T21:04:52.227Z","logger":"broker_ingress","caller":"ingress/ingress_handler.go:120","msg":"Error retrieving TTL, defaulting.","commit":"7655d9c","error":"\"knativebrokerttl\" not found"}
{"level":"info","ts":"2019-12-03T21:04:52.227Z","logger":"broker_ingress","caller":"ingress/ingress_handler.go:120","msg":"Error retrieving TTL, defaulting.","commit":"7655d9c","error":"\"knativebrokerttl\" not found"}
{"level":"info","ts":"2019-12-03T21:04:52.227Z","logger":"broker_ingress","caller":"ingress/ingress_handler.go:120","msg":"Error retrieving TTL, defaulting.","commit":"7655d9c","error":"\"knativebrokerttl\" not found"}
{"level":"info","ts":"2019-12-03T21:04:52.227Z","logger":"broker_ingress","caller":"ingress/ingress_handler.go:120","msg":"Error retrieving TTL, defaulting.","commit":"7655d9c","error":"\"knativebrokerttl\" not found"}
{"level":"info","ts":"2019-12-03T21:04:52.227Z","logger":"broker_ingress","caller":"ingress/ingress_handler.go:120","msg":"Error retrieving TTL, defaulting.","commit":"7655d9c","error":"\"knativebrokerttl\" not found"}
{"level":"info","ts":"2019-12-03T21:04:52.228Z","logger":"broker_ingress","caller":"ingress/ingress_handler.go:120","msg":"Error retrieving TTL, defaulting.","commit":"7655d9c","error":"\"knativebrokerttl\" not found"}
{"level":"info","ts":"2019-12-03T21:04:52.229Z","logger":"broker_ingress","caller":"ingress/ingress_handler.go:120","msg":"Error retrieving TTL, defaulting.","commit":"7655d9c","error":"\"knativebrokerttl\" not found"}
{"level":"info","ts":"2019-12-03T21:04:52.229Z","logger":"broker_ingress","caller":"ingress/ingress_handler.go:120","msg":"Error retrieving TTL, defaulting.","commit":"7655d9c","error":"\"knativebrokerttl\" not found"}
{"level":"info","ts":"2019-12-03T21:04:52.229Z","logger":"broker_ingress","caller":"ingress/ingress_handler.go:120","msg":"Error retrieving TTL, defaulting.","commit":"7655d9c","error":"\"knativebrokerttl\" not found"}
{"level":"info","ts":"2019-12-03T21:04:52.229Z","logger":"broker_ingress","caller":"ingress/ingress_handler.go:120","msg":"Error retrieving TTL, defaulting.","commit":"7655d9c","error":"\"knativebrokerttl\" not found"}
{"level":"info","ts":"2019-12-03T21:04:52.229Z","logger":"broker_ingress","caller":"ingress/ingress_handler.go:120","msg":"Error retrieving TTL, defaulting.","commit":"7655d9c","error":"\"knativebrokerttl\" not found"}
{"level":"info","ts":"2019-12-03T21:04:52.230Z","logger":"broker_ingress","caller":"ingress/ingress_handler.go:120","msg":"Error retrieving TTL, defaulting.","commit":"7655d9c","error":"\"knativebrokerttl\" not found"}
{"level":"info","ts":"2019-12-03T21:04:52.230Z","logger":"broker_ingress","caller":"ingress/ingress_handler.go:120","msg":"Error retrieving TTL, defaulting.","commit":"7655d9c","error":"\"knativebrokerttl\" not found"}
{"level":"info","ts":"2019-12-03T21:04:52.230Z","logger":"broker_ingress","caller":"ingress/ingress_handler.go:120","msg":"Error retrieving TTL, defaulting.","commit":"7655d9c","error":"\"knativebrokerttl\" not found"}
{"level":"info","ts":"2019-12-03T21:04:52.230Z","logger":"broker_ingress","caller":"ingress/ingress_handler.go:120","msg":"Error retrieving TTL, defaulting.","commit":"7655d9c","error":"\"knativebrokerttl\" not found"}
{"level":"info","ts":"2019-12-03T21:04:52.230Z","logger":"broker_ingress","caller":"ingress/ingress_handler.go:120","msg":"Error retrieving TTL, defaulting.","commit":"7655d9c","error":"\"knativebrokerttl\" not found"}
{"level":"info","ts":"2019-12-03T21:04:52.230Z","logger":"broker_ingress","caller":"ingress/ingress_handler.go:120","msg":"Error retrieving TTL, defaulting.","commit":"7655d9c","error":"\"knativebrokerttl\" not found"}
{"level":"info","ts":"2019-12-03T21:04:52.230Z","logger":"broker_ingress","caller":"ingress/ingress_handler.go:120","msg":"Error retrieving TTL, defaulting.","commit":"7655d9c","error":"\"knativebrokerttl\" not found"}
{"level":"info","ts":"2019-12-03T21:04:52.231Z","logger":"broker_ingress","caller":"ingress/ingress_handler.go:120","msg":"Error retrieving TTL, defaulting.","commit":"7655d9c","error":"\"knativebrokerttl\" not found"}
{"level":"info","ts":"2019-12-03T21:04:52.232Z","logger":"broker_ingress","caller":"ingress/ingress_handler.go:120","msg":"Error retrieving TTL, defaulting.","commit":"7655d9c","error":"\"knativebrokerttl\" not found"}
{"level":"info","ts":"2019-12-03T21:04:52.232Z","logger":"broker_ingress","caller":"ingress/ingress_handler.go:120","msg":"Error retrieving TTL, defaulting.","commit":"7655d9c","error":"\"knativebrokerttl\" not found"}
{"level":"info","ts":"2019-12-03T21:04:52.232Z","logger":"broker_ingress","caller":"ingress/ingress_handler.go:120","msg":"Error retrieving TTL, defaulting.","commit":"7655d9c","error":"\"knativebrokerttl\" not found"}
{"level":"info","ts":"2019-12-03T21:04:52.232Z","logger":"broker_ingress","caller":"ingress/ingress_handler.go:120","msg":"Error retrieving TTL, defaulting.","commit":"7655d9c","error":"\"knativebrokerttl\" not found"}
{"level":"info","ts":"2019-12-03T21:04:52.232Z","logger":"broker_ingress","caller":"ingress/ingress_handler.go:120","msg":"Error retrieving TTL, defaulting.","commit":"7655d9c","error":"\"knativebrokerttl\" not found"}
{"level":"info","ts":"2019-12-03T21:04:52.232Z","logger":"broker_ingress","caller":"ingress/ingress_handler.go:120","msg":"Error retrieving TTL, defaulting.","commit":"7655d9c","error":"\"knativebrokerttl\" not found"}
{"level":"info","ts":"2019-12-03T21:04:52.233Z","logger":"broker_ingress","caller":"ingress/ingress_handler.go:120","msg":"Error retrieving TTL, defaulting.","commit":"7655d9c","error":"\"knativebrokerttl\" not found"}
{"level":"info","ts":"2019-12-03T21:04:52.252Z","logger":"broker_ingress","caller":"ingress/ingress_handler.go:120","msg":"Error retrieving TTL, defaulting.","commit":"7655d9c","error":"\"knativebrokerttl\" not found"}
{"level":"info","ts":"2019-12-03T21:04:52.252Z","logger":"broker_ingress","caller":"ingress/ingress_handler.go:120","msg":"Error retrieving TTL, defaulting.","commit":"7655d9c","error":"\"knativebrokerttl\" not found"}
{"level":"info","ts":"2019-12-03T21:04:52.252Z","logger":"broker_ingress","caller":"ingress/ingress_handler.go:120","msg":"Error retrieving TTL, defaulting.","commit":"7655d9c","error":"\"knativebrokerttl\" not found"}
{"level":"info","ts":"2019-12-03T21:04:52.253Z","logger":"broker_ingress","caller":"ingress/ingress_handler.go:120","msg":"Error retrieving TTL, defaulting.","commit":"7655d9c","error":"\"knativebrokerttl\" not found"}
{"level":"info","ts":"2019-12-03T21:04:52.259Z","logger":"broker_ingress","caller":"ingress/ingress_handler.go:120","msg":"Error retrieving TTL, defaulting.","commit":"7655d9c","error":"\"knativebrokerttl\" not found"}
{"level":"info","ts":"2019-12-03T21:04:52.259Z","logger":"broker_ingress","caller":"ingress/ingress_handler.go:120","msg":"Error retrieving TTL, defaulting.","commit":"7655d9c","error":"\"knativebrokerttl\" not found"}
{"level":"info","ts":"2019-12-03T21:04:52.259Z","logger":"broker_ingress","caller":"ingress/ingress_handler.go:120","msg":"Error retrieving TTL, defaulting.","commit":"7655d9c","error":"\"knativebrokerttl\" not found"}
{"level":"info","ts":"2019-12-03T21:04:52.259Z","logger":"broker_ingress","caller":"ingress/ingress_handler.go:120","msg":"Error retrieving TTL, defaulting.","commit":"7655d9c","error":"\"knativebrokerttl\" not found"}
{"level":"info","ts":"2019-12-03T21:04:52.259Z","logger":"broker_ingress","caller":"ingress/ingress_handler.go:120","msg":"Error retrieving TTL, defaulting.","commit":"7655d9c","error":"\"knativebrokerttl\" not found"}
{"level":"info","ts":"2019-12-03T21:04:52.260Z","logger":"broker_ingress","caller":"ingress/ingress_handler.go:120","msg":"Error retrieving TTL, defaulting.","commit":"7655d9c","error":"\"knativebrokerttl\" not found"}
{"level":"info","ts":"2019-12-03T21:04:52.260Z","logger":"broker_ingress","caller":"ingress/ingress_handler.go:120","msg":"Error retrieving TTL, defaulting.","commit":"7655d9c","error":"\"knativebrokerttl\" not found"}
{"level":"info","ts":"2019-12-03T21:04:52.260Z","logger":"broker_ingress","caller":"ingress/ingress_handler.go:120","msg":"Error retrieving TTL, defaulting.","commit":"7655d9c","error":"\"knativebrokerttl\" not found"}
{"level":"info","ts":"2019-12-03T21:04:52.260Z","logger":"broker_ingress","caller":"ingress/ingress_handler.go:120","msg":"Error retrieving TTL, defaulting.","commit":"7655d9c","error":"\"knativebrokerttl\" not found"}
{"level":"info","ts":"2019-12-03T21:04:52.260Z","logger":"broker_ingress","caller":"ingress/ingress_handler.go:120","msg":"Error retrieving TTL, defaulting.","commit":"7655d9c","error":"\"knativebrokerttl\" not found"}
{"level":"info","ts":"2019-12-03T21:04:52.260Z","logger":"broker_ingress","caller":"ingress/ingress_handler.go:120","msg":"Error retrieving TTL, defaulting.","commit":"7655d9c","error":"\"knativebrokerttl\" not found"}
{"level":"info","ts":"2019-12-03T21:04:52.260Z","logger":"broker_ingress","caller":"ingress/ingress_handler.go:120","msg":"Error retrieving TTL, defaulting.","commit":"7655d9c","error":"\"knativebrokerttl\" not found"}
{"level":"info","ts":"2019-12-03T21:04:52.261Z","logger":"broker_ingress","caller":"ingress/ingress_handler.go:120","msg":"Error retrieving TTL, defaulting.","commit":"7655d9c","error":"\"knativebrokerttl\" not found"}
{"level":"info","ts":"2019-12-03T21:04:52.263Z","logger":"broker_ingress","caller":"ingress/ingress_handler.go:120","msg":"Error retrieving TTL, defaulting.","commit":"7655d9c","error":"\"knativebrokerttl\" not found"}
{"level":"info","ts":"2019-12-03T21:04:52.263Z","logger":"broker_ingress","caller":"ingress/ingress_handler.go:120","msg":"Error retrieving TTL, defaulting.","commit":"7655d9c","error":"\"knativebrokerttl\" not found"}
{"level":"info","ts":"2019-12-03T21:04:52.263Z","logger":"broker_ingress","caller":"ingress/ingress_handler.go:120","msg":"Error retrieving TTL, defaulting.","commit":"7655d9c","error":"\"knativebrokerttl\" not found"}
{"level":"info","ts":"2019-12-03T21:04:52.263Z","logger":"broker_ingress","caller":"ingress/ingress_handler.go:120","msg":"Error retrieving TTL, defaulting.","commit":"7655d9c","error":"\"knativebrokerttl\" not found"}
{"level":"info","ts":"2019-12-03T21:04:52.263Z","logger":"broker_ingress","caller":"ingress/ingress_handler.go:120","msg":"Error retrieving TTL, defaulting.","commit":"7655d9c","error":"\"knativebrokerttl\" not found"}
{"level":"info","ts":"2019-12-03T21:04:52.264Z","logger":"broker_ingress","caller":"ingress/ingress_handler.go:120","msg":"Error retrieving TTL, defaulting.","commit":"7655d9c","error":"\"knativebrokerttl\" not found"}
{"level":"info","ts":"2019-12-03T21:04:52.264Z","logger":"broker_ingress","caller":"ingress/ingress_handler.go:120","msg":"Error retrieving TTL, defaulting.","commit":"7655d9c","error":"\"knativebrokerttl\" not found"}
{"level":"info","ts":"2019-12-03T21:04:52.264Z","logger":"broker_ingress","caller":"ingress/ingress_handler.go:120","msg":"Error retrieving TTL, defaulting.","commit":"7655d9c","error":"\"knativebrokerttl\" not found"}
{"level":"info","ts":"2019-12-03T21:04:52.264Z","logger":"broker_ingress","caller":"ingress/ingress_handler.go:120","msg":"Error retrieving TTL, defaulting.","commit":"7655d9c","error":"\"knativebrokerttl\" not found"}
{"level":"info","ts":"2019-12-03T21:04:52.264Z","logger":"broker_ingress","caller":"ingress/ingress_handler.go:120","msg":"Error retrieving TTL, defaulting.","commit":"7655d9c","error":"\"knativebrokerttl\" not found"}
{"level":"info","ts":"2019-12-03T21:04:52.264Z","logger":"broker_ingress","caller":"ingress/ingress_handler.go:120","msg":"Error retrieving TTL, defaulting.","commit":"7655d9c","error":"\"knativebrokerttl\" not found"}
{"level":"info","ts":"2019-12-03T21:04:52.264Z","logger":"broker_ingress","caller":"ingress/ingress_handler.go:120","msg":"Error retrieving TTL, defaulting.","commit":"7655d9c","error":"\"knativebrokerttl\" not found"}
{"level":"info","ts":"2019-12-03T21:04:52.265Z","logger":"broker_ingress","caller":"ingress/ingress_handler.go:120","msg":"Error retrieving TTL, defaulting.","commit":"7655d9c","error":"\"knativebrokerttl\" not found"}
{"level":"info","ts":"2019-12-03T21:04:52.265Z","logger":"broker_ingress","caller":"ingress/ingress_handler.go:120","msg":"Error retrieving TTL, defaulting.","commit":"7655d9c","error":"\"knativebrokerttl\" not found"}
{"level":"info","ts":"2019-12-03T21:04:52.278Z","logger":"broker_ingress","caller":"ingress/ingress_handler.go:120","msg":"Error retrieving TTL, defaulting.","commit":"7655d9c","error":"\"knativebrokerttl\" not found"}
{"level":"info","ts":"2019-12-03T21:04:52.278Z","logger":"broker_ingress","caller":"ingress/ingress_handler.go:120","msg":"Error retrieving TTL, defaulting.","commit":"7655d9c","error":"\"knativebrokerttl\" not found"}
{"level":"info","ts":"2019-12-03T21:04:52.288Z","logger":"broker_ingress","caller":"ingress/ingress_handler.go:120","msg":"Error retrieving TTL, defaulting.","commit":"7655d9c","error":"\"knativebrokerttl\" not found"}
{"level":"info","ts":"2019-12-03T21:04:52.290Z","logger":"broker_ingress","caller":"ingress/ingress_handler.go:120","msg":"Error retrieving TTL, defaulting.","commit":"7655d9c","error":"\"knativebrokerttl\" not found"}
{"level":"info","ts":"2019-12-03T21:04:52.290Z","logger":"broker_ingress","caller":"ingress/ingress_handler.go:120","msg":"Error retrieving TTL, defaulting.","commit":"7655d9c","error":"\"knativebrokerttl\" not found"}
{"level":"info","ts":"2019-12-03T21:04:52.290Z","logger":"broker_ingress","caller":"ingress/ingress_handler.go:120","msg":"Error retrieving TTL, defaulting.","commit":"7655d9c","error":"\"knativebrokerttl\" not found"}
{"level":"info","ts":"2019-12-03T21:04:52.290Z","logger":"broker_ingress","caller":"ingress/ingress_handler.go:120","msg":"Error retrieving TTL, defaulting.","commit":"7655d9c","error":"\"knativebrokerttl\" not found"}
{"level":"info","ts":"2019-12-03T21:04:52.290Z","logger":"broker_ingress","caller":"ingress/ingress_handler.go:120","msg":"Error retrieving TTL, defaulting.","commit":"7655d9c","error":"\"knativebrokerttl\" not found"}
{"level":"info","ts":"2019-12-03T21:04:52.291Z","logger":"broker_ingress","caller":"ingress/ingress_handler.go:120","msg":"Error retrieving TTL, defaulting.","commit":"7655d9c","error":"\"knativebrokerttl\" not found"}
{"level":"info","ts":"2019-12-03T21:04:52.291Z","logger":"broker_ingress","caller":"ingress/ingress_handler.go:120","msg":"Error retrieving TTL, defaulting.","commit":"7655d9c","error":"\"knativebrokerttl\" not found"}
{"level":"info","ts":"2019-12-03T21:04:52.291Z","logger":"broker_ingress","caller":"ingress/ingress_handler.go:120","msg":"Error retrieving TTL, defaulting.","commit":"7655d9c","error":"\"knativebrokerttl\" not found"}
{"level":"info","ts":"2019-12-03T21:04:52.291Z","logger":"broker_ingress","caller":"ingress/ingress_handler.go:120","msg":"Error retrieving TTL, defaulting.","commit":"7655d9c","error":"\"knativebrokerttl\" not found"}
{"level":"info","ts":"2019-12-03T21:04:52.291Z","logger":"broker_ingress","caller":"ingress/ingress_handler.go:120","msg":"Error retrieving TTL, defaulting.","commit":"7655d9c","error":"\"knativebrokerttl\" not found"}
{"level":"info","ts":"2019-12-03T21:04:52.291Z","logger":"broker_ingress","caller":"ingress/ingress_handler.go:120","msg":"Error retrieving TTL, defaulting.","commit":"7655d9c","error":"\"knativebrokerttl\" not found"}
{"level":"info","ts":"2019-12-03T21:04:52.291Z","logger":"broker_ingress","caller":"ingress/ingress_handler.go:120","msg":"Error retrieving TTL, defaulting.","commit":"7655d9c","error":"\"knativebrokerttl\" not found"}
{"level":"info","ts":"2019-12-03T21:04:52.292Z","logger":"broker_ingress","caller":"ingress/ingress_handler.go:120","msg":"Error retrieving TTL, defaulting.","commit":"7655d9c","error":"\"knativebrokerttl\" not found"}
{"level":"info","ts":"2019-12-03T21:04:52.296Z","logger":"broker_ingress","caller":"ingress/ingress_handler.go:120","msg":"Error retrieving TTL, defaulting.","commit":"7655d9c","error":"\"knativebrokerttl\" not found"}
{"level":"info","ts":"2019-12-03T21:04:52.296Z","logger":"broker_ingress","caller":"ingress/ingress_handler.go:120","msg":"Error retrieving TTL, defaulting.","commit":"7655d9c","error":"\"knativebrokerttl\" not found"}
{"level":"info","ts":"2019-12-03T21:04:52.296Z","logger":"broker_ingress","caller":"ingress/ingress_handler.go:120","msg":"Error retrieving TTL, defaulting.","commit":"7655d9c","error":"\"knativebrokerttl\" not found"}
{"level":"info","ts":"2019-12-03T21:04:52.296Z","logger":"broker_ingress","caller":"ingress/ingress_handler.go:120","msg":"Error retrieving TTL, defaulting.","commit":"7655d9c","error":"\"knativebrokerttl\" not found"}
{"level":"info","ts":"2019-12-03T21:04:52.297Z","logger":"broker_ingress","caller":"ingress/ingress_handler.go:120","msg":"Error retrieving TTL, defaulting.","commit":"7655d9c","error":"\"knativebrokerttl\" not found"}
{"level":"info","ts":"2019-12-03T21:04:52.305Z","logger":"broker_ingress","caller":"ingress/ingress_handler.go:120","msg":"Error retrieving TTL, defaulting.","commit":"7655d9c","error":"\"knativebrokerttl\" not found"}
{"level":"info","ts":"2019-12-03T21:04:52.305Z","logger":"broker_ingress","caller":"ingress/ingress_handler.go:120","msg":"Error retrieving TTL, defaulting.","commit":"7655d9c","error":"\"knativebrokerttl\" not found"}
{"level":"info","ts":"2019-12-03T21:04:52.305Z","logger":"broker_ingress","caller":"ingress/ingress_handler.go:120","msg":"Error retrieving TTL, defaulting.","commit":"7655d9c","error":"\"knativebrokerttl\" not found"}
{"level":"info","ts":"2019-12-03T21:04:52.306Z","logger":"broker_ingress","caller":"ingress/ingress_handler.go:120","msg":"Error retrieving TTL, defaulting.","commit":"7655d9c","error":"\"knativebrokerttl\" not found"}
{"level":"info","ts":"2019-12-03T21:04:52.310Z","logger":"broker_ingress","caller":"ingress/ingress_handler.go:120","msg":"Error retrieving TTL, defaulting.","commit":"7655d9c","error":"\"knativebrokerttl\" not found"}
{"level":"info","ts":"2019-12-03T21:04:52.310Z","logger":"broker_ingress","caller":"ingress/ingress_handler.go:120","msg":"Error retrieving TTL, defaulting.","commit":"7655d9c","error":"\"knativebrokerttl\" not found"}
{"level":"info","ts":"2019-12-03T21:04:52.310Z","logger":"broker_ingress","caller":"ingress/ingress_handler.go:120","msg":"Error retrieving TTL, defaulting.","commit":"7655d9c","error":"\"knativebrokerttl\" not found"}
{"level":"info","ts":"2019-12-03T21:04:52.310Z","logger":"broker_ingress","caller":"ingress/ingress_handler.go:120","msg":"Error retrieving TTL, defaulting.","commit":"7655d9c","error":"\"knativebrokerttl\" not found"}
{"level":"info","ts":"2019-12-03T21:04:52.310Z","logger":"broker_ingress","caller":"ingress/ingress_handler.go:120","msg":"Error retrieving TTL, defaulting.","commit":"7655d9c","error":"\"knativebrokerttl\" not found"}
{"level":"info","ts":"2019-12-03T21:04:52.311Z","logger":"broker_ingress","caller":"ingress/ingress_handler.go:120","msg":"Error retrieving TTL, defaulting.","commit":"7655d9c","error":"\"knativebrokerttl\" not found"}
{"level":"info","ts":"2019-12-03T21:04:52.319Z","logger":"broker_ingress","caller":"ingress/ingress_handler.go:120","msg":"Error retrieving TTL, defaulting.","commit":"7655d9c","error":"\"knativebrokerttl\" not found"}
{"level":"info","ts":"2019-12-03T21:04:52.319Z","logger":"broker_ingress","caller":"ingress/ingress_handler.go:120","msg":"Error retrieving TTL, defaulting.","commit":"7655d9c","error":"\"knativebrokerttl\" not found"}
{"level":"info","ts":"2019-12-03T21:04:52.319Z","logger":"broker_ingress","caller":"ingress/ingress_handler.go:120","msg":"Error retrieving TTL, defaulting.","commit":"7655d9c","error":"\"knativebrokerttl\" not found"}
{"level":"info","ts":"2019-12-03T21:04:52.319Z","logger":"broker_ingress","caller":"ingress/ingress_handler.go:120","msg":"Error retrieving TTL, defaulting.","commit":"7655d9c","error":"\"knativebrokerttl\" not found"}
{"level":"info","ts":"2019-12-03T21:04:52.320Z","logger":"broker_ingress","caller":"ingress/ingress_handler.go:120","msg":"Error retrieving TTL, defaulting.","commit":"7655d9c","error":"\"knativebrokerttl\" not found"}
{"level":"info","ts":"2019-12-03T21:04:52.324Z","logger":"broker_ingress","caller":"ingress/ingress_handler.go:120","msg":"Error retrieving TTL, defaulting.","commit":"7655d9c","error":"\"knativebrokerttl\" not found"}
{"level":"info","ts":"2019-12-03T21:04:52.324Z","logger":"broker_ingress","caller":"ingress/ingress_handler.go:120","msg":"Error retrieving TTL, defaulting.","commit":"7655d9c","error":"\"knativebrokerttl\" not found"}
{"level":"info","ts":"2019-12-03T21:04:52.324Z","logger":"broker_ingress","caller":"ingress/ingress_handler.go:120","msg":"Error retrieving TTL, defaulting.","commit":"7655d9c","error":"\"knativebrokerttl\" not found"}
{"level":"info","ts":"2019-12-03T21:04:52.324Z","logger":"broker_ingress","caller":"ingress/ingress_handler.go:120","msg":"Error retrieving TTL, defaulting.","commit":"7655d9c","error":"\"knativebrokerttl\" not found"}
{"level":"info","ts":"2019-12-03T21:04:52.324Z","logger":"broker_ingress","caller":"ingress/ingress_handler.go:120","msg":"Error retrieving TTL, defaulting.","commit":"7655d9c","error":"\"knativebrokerttl\" not found"}
{"level":"info","ts":"2019-12-03T21:04:52.325Z","logger":"broker_ingress","caller":"ingress/ingress_handler.go:120","msg":"Error retrieving TTL, defaulting.","commit":"7655d9c","error":"\"knativebrokerttl\" not found"}
{"level":"info","ts":"2019-12-03T21:04:52.334Z","logger":"broker_ingress","caller":"ingress/ingress_handler.go:120","msg":"Error retrieving TTL, defaulting.","commit":"7655d9c","error":"\"knativebrokerttl\" not found"}
{"level":"info","ts":"2019-12-03T21:04:52.334Z","logger":"broker_ingress","caller":"ingress/ingress_handler.go:120","msg":"Error retrieving TTL, defaulting.","commit":"7655d9c","error":"\"knativebrokerttl\" not found"}
{"level":"info","ts":"2019-12-03T21:04:52.334Z","logger":"broker_ingress","caller":"ingress/ingress_handler.go:120","msg":"Error retrieving TTL, defaulting.","commit":"7655d9c","error":"\"knativebrokerttl\" not found"}
{"level":"info","ts":"2019-12-03T21:04:52.334Z","logger":"broker_ingress","caller":"ingress/ingress_handler.go:120","msg":"Error retrieving TTL, defaulting.","commit":"7655d9c","error":"\"knativebrokerttl\" not found"}
{"level":"info","ts":"2019-12-03T21:04:52.338Z","logger":"broker_ingress","caller":"ingress/ingress_handler.go:120","msg":"Error retrieving TTL, defaulting.","commit":"7655d9c","error":"\"knativebrokerttl\" not found"}
{"level":"info","ts":"2019-12-03T21:04:52.338Z","logger":"broker_ingress","caller":"ingress/ingress_handler.go:120","msg":"Error retrieving TTL, defaulting.","commit":"7655d9c","error":"\"knativebrokerttl\" not found"}
{"level":"info","ts":"2019-12-03T21:04:52.338Z","logger":"broker_ingress","caller":"ingress/ingress_handler.go:120","msg":"Error retrieving TTL, defaulting.","commit":"7655d9c","error":"\"knativebrokerttl\" not found"}
{"level":"info","ts":"2019-12-03T21:04:52.338Z","logger":"broker_ingress","caller":"ingress/ingress_handler.go:120","msg":"Error retrieving TTL, defaulting.","commit":"7655d9c","error":"\"knativebrokerttl\" not found"}
{"level":"info","ts":"2019-12-03T21:04:52.338Z","logger":"broker_ingress","caller":"ingress/ingress_handler.go:120","msg":"Error retrieving TTL, defaulting.","commit":"7655d9c","error":"\"knativebrokerttl\" not found"}
{"level":"info","ts":"2019-12-03T21:04:52.339Z","logger":"broker_ingress","caller":"ingress/ingress_handler.go:120","msg":"Error retrieving TTL, defaulting.","commit":"7655d9c","error":"\"knativebrokerttl\" not found"}
{"level":"info","ts":"2019-12-03T21:04:52.339Z","logger":"broker_ingress","caller":"ingress/ingress_handler.go:120","msg":"Error retrieving TTL, defaulting.","commit":"7655d9c","error":"\"knativebrokerttl\" not found"}
{"level":"info","ts":"2019-12-03T21:04:52.339Z","logger":"broker_ingress","caller":"ingress/ingress_handler.go:120","msg":"Error retrieving TTL, defaulting.","commit":"7655d9c","error":"\"knativebrokerttl\" not found"}
{"level":"info","ts":"2019-12-03T21:04:52.339Z","logger":"broker_ingress","caller":"ingress/ingress_handler.go:120","msg":"Error retrieving TTL, defaulting.","commit":"7655d9c","error":"\"knativebrokerttl\" not found"}
{"level":"info","ts":"2019-12-03T21:04:52.339Z","logger":"broker_ingress","caller":"ingress/ingress_handler.go:120","msg":"Error retrieving TTL, defaulting.","commit":"7655d9c","error":"\"knativebrokerttl\" not found"}
{"level":"info","ts":"2019-12-03T21:04:52.339Z","logger":"broker_ingress","caller":"ingress/ingress_handler.go:120","msg":"Error retrieving TTL, defaulting.","commit":"7655d9c","error":"\"knativebrokerttl\" not found"}
{"level":"info","ts":"2019-12-03T21:04:52.339Z","logger":"broker_ingress","caller":"ingress/ingress_handler.go:120","msg":"Error retrieving TTL, defaulting.","commit":"7655d9c","error":"\"knativebrokerttl\" not found"}
{"level":"info","ts":"2019-12-03T21:04:52.340Z","logger":"broker_ingress","caller":"ingress/ingress_handler.go:120","msg":"Error retrieving TTL, defaulting.","commit":"7655d9c","error":"\"knativebrokerttl\" not found"}
{"level":"info","ts":"2019-12-03T21:04:52.350Z","logger":"broker_ingress","caller":"ingress/ingress_handler.go:120","msg":"Error retrieving TTL, defaulting.","commit":"7655d9c","error":"\"knativebrokerttl\" not found"}
{"level":"info","ts":"2019-12-03T21:04:52.350Z","logger":"broker_ingress","caller":"ingress/ingress_handler.go:120","msg":"Error retrieving TTL, defaulting.","commit":"7655d9c","error":"\"knativebrokerttl\" not found"}
{"level":"info","ts":"2019-12-03T21:04:52.350Z","logger":"broker_ingress","caller":"ingress/ingress_handler.go:120","msg":"Error retrieving TTL, defaulting.","commit":"7655d9c","error":"\"knativebrokerttl\" not found"}
{"level":"info","ts":"2019-12-03T21:04:52.350Z","logger":"broker_ingress","caller":"ingress/ingress_handler.go:120","msg":"Error retrieving TTL, defaulting.","commit":"7655d9c","error":"\"knativebrokerttl\" not found"}
{"level":"info","ts":"2019-12-03T21:04:52.350Z","logger":"broker_ingress","caller":"ingress/ingress_handler.go:120","msg":"Error retrieving TTL, defaulting.","commit":"7655d9c","error":"\"knativebrokerttl\" not found"}
{"level":"info","ts":"2019-12-03T21:04:52.351Z","logger":"broker_ingress","caller":"ingress/ingress_handler.go:120","msg":"Error retrieving TTL, defaulting.","commit":"7655d9c","error":"\"knativebrokerttl\" not found"}
{"level":"info","ts":"2019-12-03T21:04:52.351Z","logger":"broker_ingress","caller":"ingress/ingress_handler.go:120","msg":"Error retrieving TTL, defaulting.","commit":"7655d9c","error":"\"knativebrokerttl\" not found"}
{"level":"info","ts":"2019-12-03T21:04:52.351Z","logger":"broker_ingress","caller":"ingress/ingress_handler.go:120","msg":"Error retrieving TTL, defaulting.","commit":"7655d9c","error":"\"knativebrokerttl\" not found"}
{"level":"info","ts":"2019-12-03T21:04:52.351Z","logger":"broker_ingress","caller":"ingress/ingress_handler.go:120","msg":"Error retrieving TTL, defaulting.","commit":"7655d9c","error":"\"knativebrokerttl\" not found"}
{"level":"info","ts":"2019-12-03T21:04:52.351Z","logger":"broker_ingress","caller":"ingress/ingress_handler.go:120","msg":"Error retrieving TTL, defaulting.","commit":"7655d9c","error":"\"knativebrokerttl\" not found"}
{"level":"info","ts":"2019-12-03T21:04:52.351Z","logger":"broker_ingress","caller":"ingress/ingress_handler.go:120","msg":"Error retrieving TTL, defaulting.","commit":"7655d9c","error":"\"knativebrokerttl\" not found"}
{"level":"info","ts":"2019-12-03T21:04:52.352Z","logger":"broker_ingress","caller":"ingress/ingress_handler.go:120","msg":"Error retrieving TTL, defaulting.","commit":"7655d9c","error":"\"knativebrokerttl\" not found"}
{"level":"info","ts":"2019-12-03T21:04:52.354Z","logger":"broker_ingress","caller":"ingress/ingress_handler.go:120","msg":"Error retrieving TTL, defaulting.","commit":"7655d9c","error":"\"knativebrokerttl\" not found"}
{"level":"info","ts":"2019-12-03T21:04:52.354Z","logger":"broker_ingress","caller":"ingress/ingress_handler.go:120","msg":"Error retrieving TTL, defaulting.","commit":"7655d9c","error":"\"knativebrokerttl\" not found"}
{"level":"warn","ts":1575407118.0882416,"logger":"fallback","caller":"http/transport.go:594","msg":"error returned from invokeReceiver","error":"Post http://imc-kne-trigger-kn-channel.default.svc.cluster.local/: dial tcp 10.15.240.164:80: i/o timeout"}
{"level":"info","ts":"2019-12-03T21:04:52.354Z","logger":"broker_ingress","caller":"ingress/ingress_handler.go:120","msg":"Error retrieving TTL, defaulting.","commit":"7655d9c","error":"\"knativebrokerttl\" not found"}
{"level":"info","ts":"2019-12-03T21:04:52.354Z","logger":"broker_ingress","caller":"ingress/ingress_handler.go:120","msg":"Error retrieving TTL, defaulting.","commit":"7655d9c","error":"\"knativebrokerttl\" not found"}
{"level":"info","ts":"2019-12-03T21:04:52.354Z","logger":"broker_ingress","caller":"ingress/ingress_handler.go:120","msg":"Error retrieving TTL, defaulting.","commit":"7655d9c","error":"\"knativebrokerttl\" not found"}
{"level":"info","ts":"2019-12-03T21:04:52.355Z","logger":"broker_ingress","caller":"ingress/ingress_handler.go:120","msg":"Error retrieving TTL, defaulting.","commit":"7655d9c","error":"\"knativebrokerttl\" not found"}
{"level":"info","ts":"2019-12-03T21:04:52.372Z","logger":"broker_ingress","caller":"ingress/ingress_handler.go:120","msg":"Error retrieving TTL, defaulting.","commit":"7655d9c","error":"\"knativebrokerttl\" not found"}
{"level":"info","ts":"2019-12-03T21:04:52.372Z","logger":"broker_ingress","caller":"ingress/ingress_handler.go:120","msg":"Error retrieving TTL, defaulting.","commit":"7655d9c","error":"\"knativebrokerttl\" not found"}
{"level":"info","ts":"2019-12-03T21:04:52.372Z","logger":"broker_ingress","caller":"ingress/ingress_handler.go:120","msg":"Error retrieving TTL, defaulting.","commit":"7655d9c","error":"\"knativebrokerttl\" not found"}
{"level":"info","ts":"2019-12-03T21:04:52.372Z","logger":"broker_ingress","caller":"ingress/ingress_handler.go:120","msg":"Error retrieving TTL, defaulting.","commit":"7655d9c","error":"\"knativebrokerttl\" not found"}
{"level":"info","ts":"2019-12-03T21:04:52.373Z","logger":"broker_ingress","caller":"ingress/ingress_handler.go:120","msg":"Error retrieving TTL, defaulting.","commit":"7655d9c","error":"\"knativebrokerttl\" not found"}
{"level":"info","ts":"2019-12-03T21:04:52.373Z","logger":"broker_ingress","caller":"ingress/ingress_handler.go:120","msg":"Error retrieving TTL, defaulting.","commit":"7655d9c","error":"\"knativebrokerttl\" not found"}
{"level":"info","ts":"2019-12-03T21:04:52.373Z","logger":"broker_ingress","caller":"ingress/ingress_handler.go:120","msg":"Error retrieving TTL, defaulting.","commit":"7655d9c","error":"\"knativebrokerttl\" not found"}
{"level":"info","ts":"2019-12-03T21:04:52.373Z","logger":"broker_ingress","caller":"ingress/ingress_handler.go:120","msg":"Error retrieving TTL, defaulting.","commit":"7655d9c","error":"\"knativebrokerttl\" not found"}
{"level":"warn","ts":1575407118.0989919,"logger":"fallback","caller":"http/transport.go:502","msg":"got an error from receiver fn","error":"Post http://imc-kne-trigger-kn-channel.default.svc.cluster.local/: dial tcp 10.15.240.164:80: i/o timeout"}
{"level":"info","ts":"2019-12-03T21:04:52.373Z","logger":"broker_ingress","caller":"ingress/ingress_handler.go:120","msg":"Error retrieving TTL, defaulting.","commit":"7655d9c","error":"\"knativebrokerttl\" not found"}
{"level":"info","ts":"2019-12-03T21:04:52.373Z","logger":"broker_ingress","caller":"ingress/ingress_handler.go:120","msg":"Error retrieving TTL, defaulting.","commit":"7655d9c","error":"\"knativebrokerttl\" not found"}
{"level":"info","ts":"2019-12-03T21:04:52.373Z","logger":"broker_ingress","caller":"ingress/ingress_handler.go:120","msg":"Error retrieving TTL, defaulting.","commit":"7655d9c","error":"\"knativebrokerttl\" not found"}
{"level":"info","ts":"2019-12-03T21:04:52.373Z","logger":"broker_ingress","caller":"ingress/ingress_handler.go:120","msg":"Error retrieving TTL, defaulting.","commit":"7655d9c","error":"\"knativebrokerttl\" not found"}
{"level":"info","ts":"2019-12-03T21:04:52.374Z","logger":"broker_ingress","caller":"ingress/ingress_handler.go:120","msg":"Error retrieving TTL, defaulting.","commit":"7655d9c","error":"\"knativebrokerttl\" not found"}
{"level":"info","ts":"2019-12-03T21:04:52.374Z","logger":"broker_ingress","caller":"ingress/ingress_handler.go:120","msg":"Error retrieving TTL, defaulting.","commit":"7655d9c","error":"\"knativebrokerttl\" not found"}
{"level":"info","ts":"2019-12-03T21:04:52.374Z","logger":"broker_ingress","caller":"ingress/ingress_handler.go:120","msg":"Error retrieving TTL, defaulting.","commit":"7655d9c","error":"\"knativebrokerttl\" not found"}
{"level":"info","ts":"2019-12-03T21:04:52.374Z","logger":"broker_ingress","caller":"ingress/ingress_handler.go:120","msg":"Error retrieving TTL, defaulting.","commit":"7655d9c","error":"\"knativebrokerttl\" not found"}
{"level":"info","ts":"2019-12-03T21:04:52.374Z","logger":"broker_ingress","caller":"ingress/ingress_handler.go:120","msg":"Error retrieving TTL, defaulting.","commit":"7655d9c","error":"\"knativebrokerttl\" not found"}
{"level":"info","ts":"2019-12-03T21:04:52.374Z","logger":"broker_ingress","caller":"ingress/ingress_handler.go:120","msg":"Error retrieving TTL, defaulting.","commit":"7655d9c","error":"\"knativebrokerttl\" not found"}
{"level":"info","ts":"2019-12-03T21:04:52.374Z","logger":"broker_ingress","caller":"ingress/ingress_handler.go:120","msg":"Error retrieving TTL, defaulting.","commit":"7655d9c","error":"\"knativebrokerttl\" not found"}
{"level":"info","ts":"2019-12-03T21:04:52.375Z","logger":"broker_ingress","caller":"ingress/ingress_handler.go:120","msg":"Error retrieving TTL, defaulting.","commit":"7655d9c","error":"\"knativebrokerttl\" not found"}
{"level":"info","ts":"2019-12-03T21:04:52.375Z","logger":"broker_ingress","caller":"ingress/ingress_handler.go:120","msg":"Error retrieving TTL, defaulting.","commit":"7655d9c","error":"\"knativebrokerttl\" not found"}
{"level":"info","ts":"2019-12-03T21:04:52.375Z","logger":"broker_ingress","caller":"ingress/ingress_handler.go:120","msg":"Error retrieving TTL, defaulting.","commit":"7655d9c","error":"\"knativebrokerttl\" not found"}
{"level":"info","ts":"2019-12-03T21:04:52.375Z","logger":"broker_ingress","caller":"ingress/ingress_handler.go:120","msg":"Error retrieving TTL, defaulting.","commit":"7655d9c","error":"\"knativebrokerttl\" not found"}
{"level":"info","ts":"2019-12-03T21:04:52.375Z","logger":"broker_ingress","caller":"ingress/ingress_handler.go:120","msg":"Error retrieving TTL, defaulting.","commit":"7655d9c","error":"\"knativebrokerttl\" not found"}
{"level":"info","ts":"2019-12-03T21:04:52.375Z","logger":"broker_ingress","caller":"ingress/ingress_handler.go:120","msg":"Error retrieving TTL, defaulting.","commit":"7655d9c","error":"\"knativebrokerttl\" not found"}
{"level":"info","ts":"2019-12-03T21:04:52.376Z","logger":"broker_ingress","caller":"ingress/ingress_handler.go:120","msg":"Error retrieving TTL, defaulting.","commit":"7655d9c","error":"\"knativebrokerttl\" not found"}
{"level":"info","ts":"2019-12-03T21:04:52.376Z","logger":"broker_ingress","caller":"ingress/ingress_handler.go:120","msg":"Error retrieving TTL, defaulting.","commit":"7655d9c","error":"\"knativebrokerttl\" not found"}
{"level":"info","ts":"2019-12-03T21:04:52.376Z","logger":"broker_ingress","caller":"ingress/ingress_handler.go:120","msg":"Error retrieving TTL, defaulting.","commit":"7655d9c","error":"\"knativebrokerttl\" not found"}
{"level":"info","ts":"2019-12-03T21:04:52.376Z","logger":"broker_ingress","caller":"ingress/ingress_handler.go:120","msg":"Error retrieving TTL, defaulting.","commit":"7655d9c","error":"\"knativebrokerttl\" not found"}
{"level":"info","ts":"2019-12-03T21:04:52.376Z","logger":"broker_ingress","caller":"ingress/ingress_handler.go:120","msg":"Error retrieving TTL, defaulting.","commit":"7655d9c","error":"\"knativebrokerttl\" not found"}
{"level":"info","ts":"2019-12-03T21:04:52.376Z","logger":"broker_ingress","caller":"ingress/ingress_handler.go:120","msg":"Error retrieving TTL, defaulting.","commit":"7655d9c","error":"\"knativebrokerttl\" not found"}
{"level":"info","ts":"2019-12-03T21:04:52.376Z","logger":"broker_ingress","caller":"ingress/ingress_handler.go:120","msg":"Error retrieving TTL, defaulting.","commit":"7655d9c","error":"\"knativebrokerttl\" not found"}
{"level":"info","ts":"2019-12-03T21:04:52.376Z","logger":"broker_ingress","caller":"ingress/ingress_handler.go:120","msg":"Error retrieving TTL, defaulting.","commit":"7655d9c","error":"\"knativebrokerttl\" not found"}
{"level":"info","ts":"2019-12-03T21:04:52.376Z","logger":"broker_ingress","caller":"ingress/ingress_handler.go:120","msg":"Error retrieving TTL, defaulting.","commit":"7655d9c","error":"\"knativebrokerttl\" not found"}
{"level":"info","ts":"2019-12-03T21:04:52.376Z","logger":"broker_ingress","caller":"ingress/ingress_handler.go:120","msg":"Error retrieving TTL, defaulting.","commit":"7655d9c","error":"\"knativebrokerttl\" not found"}
{"level":"info","ts":"2019-12-03T21:04:52.376Z","logger":"broker_ingress","caller":"ingress/ingress_handler.go:120","msg":"Error retrieving TTL, defaulting.","commit":"7655d9c","error":"\"knativebrokerttl\" not found"}
{"level":"info","ts":"2019-12-03T21:04:52.376Z","logger":"broker_ingress","caller":"ingress/ingress_handler.go:120","msg":"Error retrieving TTL, defaulting.","commit":"7655d9c","error":"\"knativebrokerttl\" not found"}
{"level":"info","ts":"2019-12-03T21:04:52.377Z","logger":"broker_ingress","caller":"ingress/ingress_handler.go:120","msg":"Error retrieving TTL, defaulting.","commit":"7655d9c","error":"\"knativebrokerttl\" not found"}
{"level":"info","ts":"2019-12-03T21:04:52.377Z","logger":"broker_ingress","caller":"ingress/ingress_handler.go:120","msg":"Error retrieving TTL, defaulting.","commit":"7655d9c","error":"\"knativebrokerttl\" not found"}
{"level":"info","ts":"2019-12-03T21:04:52.377Z","logger":"broker_ingress","caller":"ingress/ingress_handler.go:120","msg":"Error retrieving TTL, defaulting.","commit":"7655d9c","error":"\"knativebrokerttl\" not found"}
{"level":"info","ts":"2019-12-03T21:04:52.377Z","logger":"broker_ingress","caller":"ingress/ingress_handler.go:120","msg":"Error retrieving TTL, defaulting.","commit":"7655d9c","error":"\"knativebrokerttl\" not found"}
{"level":"info","ts":"2019-12-03T21:04:52.377Z","logger":"broker_ingress","caller":"ingress/ingress_handler.go:120","msg":"Error retrieving TTL, defaulting.","commit":"7655d9c","error":"\"knativebrokerttl\" not found"}
{"level":"info","ts":"2019-12-03T21:04:52.377Z","logger":"broker_ingress","caller":"ingress/ingress_handler.go:120","msg":"Error retrieving TTL, defaulting.","commit":"7655d9c","error":"\"knativebrokerttl\" not found"}
{"level":"info","ts":"2019-12-03T21:04:52.377Z","logger":"broker_ingress","caller":"ingress/ingress_handler.go:120","msg":"Error retrieving TTL, defaulting.","commit":"7655d9c","error":"\"knativebrokerttl\" not found"}
{"level":"info","ts":"2019-12-03T21:04:52.377Z","logger":"broker_ingress","caller":"ingress/ingress_handler.go:120","msg":"Error retrieving TTL, defaulting.","commit":"7655d9c","error":"\"knativebrokerttl\" not found"}
{"level":"info","ts":"2019-12-03T21:04:52.377Z","logger":"broker_ingress","caller":"ingress/ingress_handler.go:120","msg":"Error retrieving TTL, defaulting.","commit":"7655d9c","error":"\"knativebrokerttl\" not found"}
{"level":"info","ts":"2019-12-03T21:04:52.378Z","logger":"broker_ingress","caller":"ingress/ingress_handler.go:120","msg":"Error retrieving TTL, defaulting.","commit":"7655d9c","error":"\"knativebrokerttl\" not found"}
{"level":"info","ts":"2019-12-03T21:04:52.378Z","logger":"broker_ingress","caller":"ingress/ingress_handler.go:120","msg":"Error retrieving TTL, defaulting.","commit":"7655d9c","error":"\"knativebrokerttl\" not found"}
{"level":"info","ts":"2019-12-03T21:04:52.378Z","logger":"broker_ingress","caller":"ingress/ingress_handler.go:120","msg":"Error retrieving TTL, defaulting.","commit":"7655d9c","error":"\"knativebrokerttl\" not found"}
{"level":"info","ts":"2019-12-03T21:04:52.378Z","logger":"broker_ingress","caller":"ingress/ingress_handler.go:120","msg":"Error retrieving TTL, defaulting.","commit":"7655d9c","error":"\"knativebrokerttl\" not found"}
{"level":"info","ts":"2019-12-03T21:04:52.378Z","logger":"broker_ingress","caller":"ingress/ingress_handler.go:120","msg":"Error retrieving TTL, defaulting.","commit":"7655d9c","error":"\"knativebrokerttl\" not found"}
{"level":"info","ts":"2019-12-03T21:04:52.378Z","logger":"broker_ingress","caller":"ingress/ingress_handler.go:120","msg":"Error retrieving TTL, defaulting.","commit":"7655d9c","error":"\"knativebrokerttl\" not found"}
{"level":"info","ts":"2019-12-03T21:04:52.378Z","logger":"broker_ingress","caller":"ingress/ingress_handler.go:120","msg":"Error retrieving TTL, defaulting.","commit":"7655d9c","error":"\"knativebrokerttl\" not found"}
{"level":"info","ts":"2019-12-03T21:04:52.379Z","logger":"broker_ingress","caller":"ingress/ingress_handler.go:120","msg":"Error retrieving TTL, defaulting.","commit":"7655d9c","error":"\"knativebrokerttl\" not found"}
{"level":"info","ts":"2019-12-03T21:04:52.379Z","logger":"broker_ingress","caller":"ingress/ingress_handler.go:120","msg":"Error retrieving TTL, defaulting.","commit":"7655d9c","error":"\"knativebrokerttl\" not found"}
{"level":"info","ts":"2019-12-03T21:04:52.379Z","logger":"broker_ingress","caller":"ingress/ingress_handler.go:120","msg":"Error retrieving TTL, defaulting.","commit":"7655d9c","error":"\"knativebrokerttl\" not found"}
{"level":"info","ts":"2019-12-03T21:04:52.379Z","logger":"broker_ingress","caller":"ingress/ingress_handler.go:120","msg":"Error retrieving TTL, defaulting.","commit":"7655d9c","error":"\"knativebrokerttl\" not found"}
{"level":"info","ts":"2019-12-03T21:04:52.379Z","logger":"broker_ingress","caller":"ingress/ingress_handler.go:120","msg":"Error retrieving TTL, defaulting.","commit":"7655d9c","error":"\"knativebrokerttl\" not found"}
{"level":"info","ts":"2019-12-03T21:04:52.379Z","logger":"broker_ingress","caller":"ingress/ingress_handler.go:120","msg":"Error retrieving TTL, defaulting.","commit":"7655d9c","error":"\"knativebrokerttl\" not found"}
{"level":"info","ts":"2019-12-03T21:04:52.379Z","logger":"broker_ingress","caller":"ingress/ingress_handler.go:120","msg":"Error retrieving TTL, defaulting.","commit":"7655d9c","error":"\"knativebrokerttl\" not found"}
{"level":"info","ts":"2019-12-03T21:04:52.379Z","logger":"broker_ingress","caller":"ingress/ingress_handler.go:120","msg":"Error retrieving TTL, defaulting.","commit":"7655d9c","error":"\"knativebrokerttl\" not found"}
{"level":"info","ts":"2019-12-03T21:04:52.380Z","logger":"broker_ingress","caller":"ingress/ingress_handler.go:120","msg":"Error retrieving TTL, defaulting.","commit":"7655d9c","error":"\"knativebrokerttl\" not found"}
{"level":"info","ts":"2019-12-03T21:04:52.380Z","logger":"broker_ingress","caller":"ingress/ingress_handler.go:120","msg":"Error retrieving TTL, defaulting.","commit":"7655d9c","error":"\"knativebrokerttl\" not found"}
{"level":"info","ts":"2019-12-03T21:04:52.380Z","logger":"broker_ingress","caller":"ingress/ingress_handler.go:120","msg":"Error retrieving TTL, defaulting.","commit":"7655d9c","error":"\"knativebrokerttl\" not found"}
{"level":"info","ts":"2019-12-03T21:04:52.380Z","logger":"broker_ingress","caller":"ingress/ingress_handler.go:120","msg":"Error retrieving TTL, defaulting.","commit":"7655d9c","error":"\"knativebrokerttl\" not found"}
{"level":"info","ts":"2019-12-03T21:04:52.380Z","logger":"broker_ingress","caller":"ingress/ingress_handler.go:120","msg":"Error retrieving TTL, defaulting.","commit":"7655d9c","error":"\"knativebrokerttl\" not found"}
{"level":"info","ts":"2019-12-03T21:04:52.380Z","logger":"broker_ingress","caller":"ingress/ingress_handler.go:120","msg":"Error retrieving TTL, defaulting.","commit":"7655d9c","error":"\"knativebrokerttl\" not found"}
{"level":"info","ts":"2019-12-03T21:04:52.380Z","logger":"broker_ingress","caller":"ingress/ingress_handler.go:120","msg":"Error retrieving TTL, defaulting.","commit":"7655d9c","error":"\"knativebrokerttl\" not found"}
{"level":"info","ts":"2019-12-03T21:04:52.380Z","logger":"broker_ingress","caller":"ingress/ingress_handler.go:120","msg":"Error retrieving TTL, defaulting.","commit":"7655d9c","error":"\"knativebrokerttl\" not found"}
{"level":"info","ts":"2019-12-03T21:04:52.381Z","logger":"broker_ingress","caller":"ingress/ingress_handler.go:120","msg":"Error retrieving TTL, defaulting.","commit":"7655d9c","error":"\"knativebrokerttl\" not found"}
{"level":"info","ts":"2019-12-03T21:04:52.381Z","logger":"broker_ingress","caller":"ingress/ingress_handler.go:120","msg":"Error retrieving TTL, defaulting.","commit":"7655d9c","error":"\"knativebrokerttl\" not found"}
{"level":"info","ts":"2019-12-03T21:04:52.381Z","logger":"broker_ingress","caller":"ingress/ingress_handler.go:120","msg":"Error retrieving TTL, defaulting.","commit":"7655d9c","error":"\"knativebrokerttl\" not found"}
{"level":"info","ts":"2019-12-03T21:04:52.381Z","logger":"broker_ingress","caller":"ingress/ingress_handler.go:120","msg":"Error retrieving TTL, defaulting.","commit":"7655d9c","error":"\"knativebrokerttl\" not found"}
{"level":"info","ts":"2019-12-03T21:04:52.381Z","logger":"broker_ingress","caller":"ingress/ingress_handler.go:120","msg":"Error retrieving TTL, defaulting.","commit":"7655d9c","error":"\"knativebrokerttl\" not found"}
{"level":"info","ts":"2019-12-03T21:04:52.381Z","logger":"broker_ingress","caller":"ingress/ingress_handler.go:120","msg":"Error retrieving TTL, defaulting.","commit":"7655d9c","error":"\"knativebrokerttl\" not found"}
{"level":"info","ts":"2019-12-03T21:04:52.381Z","logger":"broker_ingress","caller":"ingress/ingress_handler.go:120","msg":"Error retrieving TTL, defaulting.","commit":"7655d9c","error":"\"knativebrokerttl\" not found"}
{"level":"info","ts":"2019-12-03T21:04:52.382Z","logger":"broker_ingress","caller":"ingress/ingress_handler.go:120","msg":"Error retrieving TTL, defaulting.","commit":"7655d9c","error":"\"knativebrokerttl\" not found"}
{"level":"info","ts":"2019-12-03T21:04:52.382Z","logger":"broker_ingress","caller":"ingress/ingress_handler.go:120","msg":"Error retrieving TTL, defaulting.","commit":"7655d9c","error":"\"knativebrokerttl\" not found"}
{"level":"info","ts":"2019-12-03T21:04:52.382Z","logger":"broker_ingress","caller":"ingress/ingress_handler.go:120","msg":"Error retrieving TTL, defaulting.","commit":"7655d9c","error":"\"knativebrokerttl\" not found"}
{"level":"info","ts":"2019-12-03T21:04:52.382Z","logger":"broker_ingress","caller":"ingress/ingress_handler.go:120","msg":"Error retrieving TTL, defaulting.","commit":"7655d9c","error":"\"knativebrokerttl\" not found"}
{"level":"info","ts":"2019-12-03T21:04:52.382Z","logger":"broker_ingress","caller":"ingress/ingress_handler.go:120","msg":"Error retrieving TTL, defaulting.","commit":"7655d9c","error":"\"knativebrokerttl\" not found"}
{"level":"info","ts":"2019-12-03T21:04:52.382Z","logger":"broker_ingress","caller":"ingress/ingress_handler.go:120","msg":"Error retrieving TTL, defaulting.","commit":"7655d9c","error":"\"knativebrokerttl\" not found"}
{"level":"info","ts":"2019-12-03T21:04:52.382Z","logger":"broker_ingress","caller":"ingress/ingress_handler.go:120","msg":"Error retrieving TTL, defaulting.","commit":"7655d9c","error":"\"knativebrokerttl\" not found"}
{"level":"info","ts":"2019-12-03T21:04:52.383Z","logger":"broker_ingress","caller":"ingress/ingress_handler.go:120","msg":"Error retrieving TTL, defaulting.","commit":"7655d9c","error":"\"knativebrokerttl\" not found"}
{"level":"info","ts":"2019-12-03T21:04:52.383Z","logger":"broker_ingress","caller":"ingress/ingress_handler.go:120","msg":"Error retrieving TTL, defaulting.","commit":"7655d9c","error":"\"knativebrokerttl\" not found"}
{"level":"info","ts":"2019-12-03T21:04:52.383Z","logger":"broker_ingress","caller":"ingress/ingress_handler.go:120","msg":"Error retrieving TTL, defaulting.","commit":"7655d9c","error":"\"knativebrokerttl\" not found"}
{"level":"info","ts":"2019-12-03T21:04:52.383Z","logger":"broker_ingress","caller":"ingress/ingress_handler.go:120","msg":"Error retrieving TTL, defaulting.","commit":"7655d9c","error":"\"knativebrokerttl\" not found"}
{"level":"info","ts":"2019-12-03T21:04:52.383Z","logger":"broker_ingress","caller":"ingress/ingress_handler.go:120","msg":"Error retrieving TTL, defaulting.","commit":"7655d9c","error":"\"knativebrokerttl\" not found"}
{"level":"info","ts":"2019-12-03T21:04:52.383Z","logger":"broker_ingress","caller":"ingress/ingress_handler.go:120","msg":"Error retrieving TTL, defaulting.","commit":"7655d9c","error":"\"knativebrokerttl\" not found"}
{"level":"info","ts":"2019-12-03T21:04:52.384Z","logger":"broker_ingress","caller":"ingress/ingress_handler.go:120","msg":"Error retrieving TTL, defaulting.","commit":"7655d9c","error":"\"knativebrokerttl\" not found"}
{"level":"info","ts":"2019-12-03T21:04:52.384Z","logger":"broker_ingress","caller":"ingress/ingress_handler.go:120","msg":"Error retrieving TTL, defaulting.","commit":"7655d9c","error":"\"knativebrokerttl\" not found"}
{"level":"info","ts":"2019-12-03T21:04:52.384Z","logger":"broker_ingress","caller":"ingress/ingress_handler.go:120","msg":"Error retrieving TTL, defaulting.","commit":"7655d9c","error":"\"knativebrokerttl\" not found"}
{"level":"info","ts":"2019-12-03T21:04:52.384Z","logger":"broker_ingress","caller":"ingress/ingress_handler.go:120","msg":"Error retrieving TTL, defaulting.","commit":"7655d9c","error":"\"knativebrokerttl\" not found"}
{"level":"info","ts":"2019-12-03T21:04:52.384Z","logger":"broker_ingress","caller":"ingress/ingress_handler.go:120","msg":"Error retrieving TTL, defaulting.","commit":"7655d9c","error":"\"knativebrokerttl\" not found"}
{"level":"info","ts":"2019-12-03T21:04:52.384Z","logger":"broker_ingress","caller":"ingress/ingress_handler.go:120","msg":"Error retrieving TTL, defaulting.","commit":"7655d9c","error":"\"knativebrokerttl\" not found"}
{"level":"warn","ts":1575407118.3383193,"logger":"fallback","caller":"http/transport.go:594","msg":"error returned from invokeReceiver","error":"Post http://imc-kne-trigger-kn-channel.default.svc.cluster.local/: dial tcp 10.15.240.164:80: i/o timeout"}
{"level":"info","ts":"2019-12-03T21:04:52.384Z","logger":"broker_ingress","caller":"ingress/ingress_handler.go:120","msg":"Error retrieving TTL, defaulting.","commit":"7655d9c","error":"\"knativebrokerttl\" not found"}
{"level":"info","ts":"2019-12-03T21:04:52.385Z","logger":"broker_ingress","caller":"ingress/ingress_handler.go:120","msg":"Error retrieving TTL, defaulting.","commit":"7655d9c","error":"\"knativebrokerttl\" not found"}
{"level":"info","ts":"2019-12-03T21:04:52.385Z","logger":"broker_ingress","caller":"ingress/ingress_handler.go:120","msg":"Error retrieving TTL, defaulting.","commit":"7655d9c","error":"\"knativebrokerttl\" not found"}
{"level":"info","ts":"2019-12-03T21:04:52.385Z","logger":"broker_ingress","caller":"ingress/ingress_handler.go:120","msg":"Error retrieving TTL, defaulting.","commit":"7655d9c","error":"\"knativebrokerttl\" not found"}
{"level":"info","ts":"2019-12-03T21:04:52.385Z","logger":"broker_ingress","caller":"ingress/ingress_handler.go:120","msg":"Error retrieving TTL, defaulting.","commit":"7655d9c","error":"\"knativebrokerttl\" not found"}
{"level":"warn","ts":1575407118.349525,"logger":"fallback","caller":"http/transport.go:502","msg":"got an error from receiver fn","error":"Post http://imc-kne-trigger-kn-channel.default.svc.cluster.local/: dial tcp 10.15.240.164:80: i/o timeout"}
{"level":"info","ts":"2019-12-03T21:04:52.385Z","logger":"broker_ingress","caller":"ingress/ingress_handler.go:120","msg":"Error retrieving TTL, defaulting.","commit":"7655d9c","error":"\"knativebrokerttl\" not found"}
{"level":"info","ts":"2019-12-03T21:04:52.385Z","logger":"broker_ingress","caller":"ingress/ingress_handler.go:120","msg":"Error retrieving TTL, defaulting.","commit":"7655d9c","error":"\"knativebrokerttl\" not found"}
{"level":"info","ts":"2019-12-03T21:04:52.385Z","logger":"broker_ingress","caller":"ingress/ingress_handler.go:120","msg":"Error retrieving TTL, defaulting.","commit":"7655d9c","error":"\"knativebrokerttl\" not found"}
{"level":"info","ts":"2019-12-03T21:04:52.385Z","logger":"broker_ingress","caller":"ingress/ingress_handler.go:120","msg":"Error retrieving TTL, defaulting.","commit":"7655d9c","error":"\"knativebrokerttl\" not found"}
{"level":"info","ts":"2019-12-03T21:04:52.386Z","logger":"broker_ingress","caller":"ingress/ingress_handler.go:120","msg":"Error retrieving TTL, defaulting.","commit":"7655d9c","error":"\"knativebrokerttl\" not found"}
{"level":"info","ts":"2019-12-03T21:04:52.386Z","logger":"broker_ingress","caller":"ingress/ingress_handler.go:120","msg":"Error retrieving TTL, defaulting.","commit":"7655d9c","error":"\"knativebrokerttl\" not found"}
{"level":"info","ts":"2019-12-03T21:04:52.386Z","logger":"broker_ingress","caller":"ingress/ingress_handler.go:120","msg":"Error retrieving TTL, defaulting.","commit":"7655d9c","error":"\"knativebrokerttl\" not found"}
{"level":"info","ts":"2019-12-03T21:04:52.386Z","logger":"broker_ingress","caller":"ingress/ingress_handler.go:120","msg":"Error retrieving TTL, defaulting.","commit":"7655d9c","error":"\"knativebrokerttl\" not found"}
{"level":"info","ts":"2019-12-03T21:04:52.386Z","logger":"broker_ingress","caller":"ingress/ingress_handler.go:120","msg":"Error retrieving TTL, defaulting.","commit":"7655d9c","error":"\"knativebrokerttl\" not found"}
{"level":"info","ts":"2019-12-03T21:04:52.386Z","logger":"broker_ingress","caller":"ingress/ingress_handler.go:120","msg":"Error retrieving TTL, defaulting.","commit":"7655d9c","error":"\"knativebrokerttl\" not found"}
{"level":"info","ts":"2019-12-03T21:04:52.386Z","logger":"broker_ingress","caller":"ingress/ingress_handler.go:120","msg":"Error retrieving TTL, defaulting.","commit":"7655d9c","error":"\"knativebrokerttl\" not found"}
{"level":"info","ts":"2019-12-03T21:04:52.387Z","logger":"broker_ingress","caller":"ingress/ingress_handler.go:120","msg":"Error retrieving TTL, defaulting.","commit":"7655d9c","error":"\"knativebrokerttl\" not found"}
{"level":"info","ts":"2019-12-03T21:04:52.387Z","logger":"broker_ingress","caller":"ingress/ingress_handler.go:120","msg":"Error retrieving TTL, defaulting.","commit":"7655d9c","error":"\"knativebrokerttl\" not found"}
{"level":"info","ts":"2019-12-03T21:04:52.387Z","logger":"broker_ingress","caller":"ingress/ingress_handler.go:120","msg":"Error retrieving TTL, defaulting.","commit":"7655d9c","error":"\"knativebrokerttl\" not found"}
{"level":"info","ts":"2019-12-03T21:04:52.387Z","logger":"broker_ingress","caller":"ingress/ingress_handler.go:120","msg":"Error retrieving TTL, defaulting.","commit":"7655d9c","error":"\"knativebrokerttl\" not found"}
{"level":"info","ts":"2019-12-03T21:04:52.387Z","logger":"broker_ingress","caller":"ingress/ingress_handler.go:120","msg":"Error retrieving TTL, defaulting.","commit":"7655d9c","error":"\"knativebrokerttl\" not found"}
{"level":"info","ts":"2019-12-03T21:04:52.387Z","logger":"broker_ingress","caller":"ingress/ingress_handler.go:120","msg":"Error retrieving TTL, defaulting.","commit":"7655d9c","error":"\"knativebrokerttl\" not found"}
{"level":"info","ts":"2019-12-03T21:04:52.387Z","logger":"broker_ingress","caller":"ingress/ingress_handler.go:120","msg":"Error retrieving TTL, defaulting.","commit":"7655d9c","error":"\"knativebrokerttl\" not found"}
{"level":"info","ts":"2019-12-03T21:04:52.388Z","logger":"broker_ingress","caller":"ingress/ingress_handler.go:120","msg":"Error retrieving TTL, defaulting.","commit":"7655d9c","error":"\"knativebrokerttl\" not found"}
{"level":"info","ts":"2019-12-03T21:04:52.388Z","logger":"broker_ingress","caller":"ingress/ingress_handler.go:120","msg":"Error retrieving TTL, defaulting.","commit":"7655d9c","error":"\"knativebrokerttl\" not found"}
{"level":"info","ts":"2019-12-03T21:04:52.388Z","logger":"broker_ingress","caller":"ingress/ingress_handler.go:120","msg":"Error retrieving TTL, defaulting.","commit":"7655d9c","error":"\"knativebrokerttl\" not found"}
{"level":"info","ts":"2019-12-03T21:04:52.388Z","logger":"broker_ingress","caller":"ingress/ingress_handler.go:120","msg":"Error retrieving TTL, defaulting.","commit":"7655d9c","error":"\"knativebrokerttl\" not found"}
{"level":"warn","ts":1575407118.4206088,"logger":"fallback","caller":"http/transport.go:594","msg":"error returned from invokeReceiver","error":"Post http://imc-kne-trigger-kn-channel.default.svc.cluster.local/: dial tcp 10.15.240.164:80: i/o timeout"}
{"level":"info","ts":"2019-12-03T21:04:52.388Z","logger":"broker_ingress","caller":"ingress/ingress_handler.go:120","msg":"Error retrieving TTL, defaulting.","commit":"7655d9c","error":"\"knativebrokerttl\" not found"}
{"level":"info","ts":"2019-12-03T21:04:52.388Z","logger":"broker_ingress","caller":"ingress/ingress_handler.go:120","msg":"Error retrieving TTL, defaulting.","commit":"7655d9c","error":"\"knativebrokerttl\" not found"}
{"level":"info","ts":"2019-12-03T21:04:52.388Z","logger":"broker_ingress","caller":"ingress/ingress_handler.go:120","msg":"Error retrieving TTL, defaulting.","commit":"7655d9c","error":"\"knativebrokerttl\" not found"}
{"level":"info","ts":"2019-12-03T21:04:52.388Z","logger":"broker_ingress","caller":"ingress/ingress_handler.go:120","msg":"Error retrieving TTL, defaulting.","commit":"7655d9c","error":"\"knativebrokerttl\" not found"}
{"level":"info","ts":"2019-12-03T21:04:52.389Z","logger":"broker_ingress","caller":"ingress/ingress_handler.go:120","msg":"Error retrieving TTL, defaulting.","commit":"7655d9c","error":"\"knativebrokerttl\" not found"}
{"level":"info","ts":"2019-12-03T21:04:52.389Z","logger":"broker_ingress","caller":"ingress/ingress_handler.go:120","msg":"Error retrieving TTL, defaulting.","commit":"7655d9c","error":"\"knativebrokerttl\" not found"}
{"level":"info","ts":"2019-12-03T21:04:52.389Z","logger":"broker_ingress","caller":"ingress/ingress_handler.go:120","msg":"Error retrieving TTL, defaulting.","commit":"7655d9c","error":"\"knativebrokerttl\" not found"}
{"level":"info","ts":"2019-12-03T21:04:52.389Z","logger":"broker_ingress","caller":"ingress/ingress_handler.go:120","msg":"Error retrieving TTL, defaulting.","commit":"7655d9c","error":"\"knativebrokerttl\" not found"}
{"level":"info","ts":"2019-12-03T21:04:52.389Z","logger":"broker_ingress","caller":"ingress/ingress_handler.go:120","msg":"Error retrieving TTL, defaulting.","commit":"7655d9c","error":"\"knativebrokerttl\" not found"}
{"level":"info","ts":"2019-12-03T21:04:52.389Z","logger":"broker_ingress","caller":"ingress/ingress_handler.go:120","msg":"Error retrieving TTL, defaulting.","commit":"7655d9c","error":"\"knativebrokerttl\" not found"}
{"level":"info","ts":"2019-12-03T21:04:52.389Z","logger":"broker_ingress","caller":"ingress/ingress_handler.go:120","msg":"Error retrieving TTL, defaulting.","commit":"7655d9c","error":"\"knativebrokerttl\" not found"}
{"level":"info","ts":"2019-12-03T21:04:52.389Z","logger":"broker_ingress","caller":"ingress/ingress_handler.go:120","msg":"Error retrieving TTL, defaulting.","commit":"7655d9c","error":"\"knativebrokerttl\" not found"}
{"level":"info","ts":"2019-12-03T21:04:52.390Z","logger":"broker_ingress","caller":"ingress/ingress_handler.go:120","msg":"Error retrieving TTL, defaulting.","commit":"7655d9c","error":"\"knativebrokerttl\" not found"}
{"level":"info","ts":"2019-12-03T21:04:52.390Z","logger":"broker_ingress","caller":"ingress/ingress_handler.go:120","msg":"Error retrieving TTL, defaulting.","commit":"7655d9c","error":"\"knativebrokerttl\" not found"}
{"level":"info","ts":"2019-12-03T21:04:52.390Z","logger":"broker_ingress","caller":"ingress/ingress_handler.go:120","msg":"Error retrieving TTL, defaulting.","commit":"7655d9c","error":"\"knativebrokerttl\" not found"}
{"level":"info","ts":"2019-12-03T21:04:52.390Z","logger":"broker_ingress","caller":"ingress/ingress_handler.go:120","msg":"Error retrieving TTL, defaulting.","commit":"7655d9c","error":"\"knativebrokerttl\" not found"}
{"level":"info","ts":"2019-12-03T21:04:52.390Z","logger":"broker_ingress","caller":"ingress/ingress_handler.go:120","msg":"Error retrieving TTL, defaulting.","commit":"7655d9c","error":"\"knativebrokerttl\" not found"}
{"level":"info","ts":"2019-12-03T21:04:52.390Z","logger":"broker_ingress","caller":"ingress/ingress_handler.go:120","msg":"Error retrieving TTL, defaulting.","commit":"7655d9c","error":"\"knativebrokerttl\" not found"}
{"level":"info","ts":"2019-12-03T21:04:52.390Z","logger":"broker_ingress","caller":"ingress/ingress_handler.go:120","msg":"Error retrieving TTL, defaulting.","commit":"7655d9c","error":"\"knativebrokerttl\" not found"}
{"level":"info","ts":"2019-12-03T21:04:52.390Z","logger":"broker_ingress","caller":"ingress/ingress_handler.go:120","msg":"Error retrieving TTL, defaulting.","commit":"7655d9c","error":"\"knativebrokerttl\" not found"}
{"level":"info","ts":"2019-12-03T21:04:52.391Z","logger":"broker_ingress","caller":"ingress/ingress_handler.go:120","msg":"Error retrieving TTL, defaulting.","commit":"7655d9c","error":"\"knativebrokerttl\" not found"}
{"level":"info","ts":"2019-12-03T21:04:52.391Z","logger":"broker_ingress","caller":"ingress/ingress_handler.go:120","msg":"Error retrieving TTL, defaulting.","commit":"7655d9c","error":"\"knativebrokerttl\" not found"}
{"level":"info","ts":"2019-12-03T21:04:52.391Z","logger":"broker_ingress","caller":"ingress/ingress_handler.go:120","msg":"Error retrieving TTL, defaulting.","commit":"7655d9c","error":"\"knativebrokerttl\" not found"}
{"level":"info","ts":"2019-12-03T21:04:52.391Z","logger":"broker_ingress","caller":"ingress/ingress_handler.go:120","msg":"Error retrieving TTL, defaulting.","commit":"7655d9c","error":"\"knativebrokerttl\" not found"}
{"level":"info","ts":"2019-12-03T21:04:52.391Z","logger":"broker_ingress","caller":"ingress/ingress_handler.go:120","msg":"Error retrieving TTL, defaulting.","commit":"7655d9c","error":"\"knativebrokerttl\" not found"}
{"level":"info","ts":"2019-12-03T21:04:52.391Z","logger":"broker_ingress","caller":"ingress/ingress_handler.go:120","msg":"Error retrieving TTL, defaulting.","commit":"7655d9c","error":"\"knativebrokerttl\" not found"}
{"level":"info","ts":"2019-12-03T21:04:52.391Z","logger":"broker_ingress","caller":"ingress/ingress_handler.go:120","msg":"Error retrieving TTL, defaulting.","commit":"7655d9c","error":"\"knativebrokerttl\" not found"}
{"level":"info","ts":"2019-12-03T21:04:52.391Z","logger":"broker_ingress","caller":"ingress/ingress_handler.go:120","msg":"Error retrieving TTL, defaulting.","commit":"7655d9c","error":"\"knativebrokerttl\" not found"}
{"level":"info","ts":"2019-12-03T21:04:52.392Z","logger":"broker_ingress","caller":"ingress/ingress_handler.go:120","msg":"Error retrieving TTL, defaulting.","commit":"7655d9c","error":"\"knativebrokerttl\" not found"}
{"level":"info","ts":"2019-12-03T21:04:52.392Z","logger":"broker_ingress","caller":"ingress/ingress_handler.go:120","msg":"Error retrieving TTL, defaulting.","commit":"7655d9c","error":"\"knativebrokerttl\" not found"}
{"level":"info","ts":"2019-12-03T21:04:52.392Z","logger":"broker_ingress","caller":"ingress/ingress_handler.go:120","msg":"Error retrieving TTL, defaulting.","commit":"7655d9c","error":"\"knativebrokerttl\" not found"}
{"level":"info","ts":"2019-12-03T21:04:52.392Z","logger":"broker_ingress","caller":"ingress/ingress_handler.go:120","msg":"Error retrieving TTL, defaulting.","commit":"7655d9c","error":"\"knativebrokerttl\" not found"}
{"level":"info","ts":"2019-12-03T21:04:52.393Z","logger":"broker_ingress","caller":"ingress/ingress_handler.go:120","msg":"Error retrieving TTL, defaulting.","commit":"7655d9c","error":"\"knativebrokerttl\" not found"}
{"level":"info","ts":"2019-12-03T21:04:52.393Z","logger":"broker_ingress","caller":"ingress/ingress_handler.go:120","msg":"Error retrieving TTL, defaulting.","commit":"7655d9c","error":"\"knativebrokerttl\" not found"}
{"level":"info","ts":"2019-12-03T21:04:52.393Z","logger":"broker_ingress","caller":"ingress/ingress_handler.go:120","msg":"Error retrieving TTL, defaulting.","commit":"7655d9c","error":"\"knativebrokerttl\" not found"}
{"level":"info","ts":"2019-12-03T21:04:52.393Z","logger":"broker_ingress","caller":"ingress/ingress_handler.go:120","msg":"Error retrieving TTL, defaulting.","commit":"7655d9c","error":"\"knativebrokerttl\" not found"}
{"level":"info","ts":"2019-12-03T21:04:52.393Z","logger":"broker_ingress","caller":"ingress/ingress_handler.go:120","msg":"Error retrieving TTL, defaulting.","commit":"7655d9c","error":"\"knativebrokerttl\" not found"}
{"level":"info","ts":"2019-12-03T21:04:52.393Z","logger":"broker_ingress","caller":"ingress/ingress_handler.go:120","msg":"Error retrieving TTL, defaulting.","commit":"7655d9c","error":"\"knativebrokerttl\" not found"}
{"level":"info","ts":"2019-12-03T21:04:52.394Z","logger":"broker_ingress","caller":"ingress/ingress_handler.go:120","msg":"Error retrieving TTL, defaulting.","commit":"7655d9c","error":"\"knativebrokerttl\" not found"}
{"level":"info","ts":"2019-12-03T21:04:52.397Z","logger":"broker_ingress","caller":"ingress/ingress_handler.go:120","msg":"Error retrieving TTL, defaulting.","commit":"7655d9c","error":"\"knativebrokerttl\" not found"}
{"level":"info","ts":"2019-12-03T21:04:52.397Z","logger":"broker_ingress","caller":"ingress/ingress_handler.go:120","msg":"Error retrieving TTL, defaulting.","commit":"7655d9c","error":"\"knativebrokerttl\" not found"}
{"level":"info","ts":"2019-12-03T21:04:52.397Z","logger":"broker_ingress","caller":"ingress/ingress_handler.go:120","msg":"Error retrieving TTL, defaulting.","commit":"7655d9c","error":"\"knativebrokerttl\" not found"}
{"level":"info","ts":"2019-12-03T21:04:52.397Z","logger":"broker_ingress","caller":"ingress/ingress_handler.go:120","msg":"Error retrieving TTL, defaulting.","commit":"7655d9c","error":"\"knativebrokerttl\" not found"}
{"level":"info","ts":"2019-12-03T21:04:52.397Z","logger":"broker_ingress","caller":"ingress/ingress_handler.go:120","msg":"Error retrieving TTL, defaulting.","commit":"7655d9c","error":"\"knativebrokerttl\" not found"}
{"level":"info","ts":"2019-12-03T21:04:52.398Z","logger":"broker_ingress","caller":"ingress/ingress_handler.go:120","msg":"Error retrieving TTL, defaulting.","commit":"7655d9c","error":"\"knativebrokerttl\" not found"}
{"level":"info","ts":"2019-12-03T21:04:52.401Z","logger":"broker_ingress","caller":"ingress/ingress_handler.go:120","msg":"Error retrieving TTL, defaulting.","commit":"7655d9c","error":"\"knativebrokerttl\" not found"}
{"level":"info","ts":"2019-12-03T21:04:52.402Z","logger":"broker_ingress","caller":"ingress/ingress_handler.go:120","msg":"Error retrieving TTL, defaulting.","commit":"7655d9c","error":"\"knativebrokerttl\" not found"}
{"level":"info","ts":"2019-12-03T21:04:52.408Z","logger":"broker_ingress","caller":"ingress/ingress_handler.go:120","msg":"Error retrieving TTL, defaulting.","commit":"7655d9c","error":"\"knativebrokerttl\" not found"}
{"level":"info","ts":"2019-12-03T21:04:52.408Z","logger":"broker_ingress","caller":"ingress/ingress_handler.go:120","msg":"Error retrieving TTL, defaulting.","commit":"7655d9c","error":"\"knativebrokerttl\" not found"}
{"level":"info","ts":"2019-12-03T21:04:52.408Z","logger":"broker_ingress","caller":"ingress/ingress_handler.go:120","msg":"Error retrieving TTL, defaulting.","commit":"7655d9c","error":"\"knativebrokerttl\" not found"}
{"level":"info","ts":"2019-12-03T21:04:52.408Z","logger":"broker_ingress","caller":"ingress/ingress_handler.go:120","msg":"Error retrieving TTL, defaulting.","commit":"7655d9c","error":"\"knativebrokerttl\" not found"}
{"level":"info","ts":"2019-12-03T21:04:52.409Z","logger":"broker_ingress","caller":"ingress/ingress_handler.go:120","msg":"Error retrieving TTL, defaulting.","commit":"7655d9c","error":"\"knativebrokerttl\" not found"}
{"level":"info","ts":"2019-12-03T21:04:52.409Z","logger":"broker_ingress","caller":"ingress/ingress_handler.go:120","msg":"Error retrieving TTL, defaulting.","commit":"7655d9c","error":"\"knativebrokerttl\" not found"}
{"level":"info","ts":"2019-12-03T21:04:52.409Z","logger":"broker_ingress","caller":"ingress/ingress_handler.go:120","msg":"Error retrieving TTL, defaulting.","commit":"7655d9c","error":"\"knativebrokerttl\" not found"}
{"level":"info","ts":"2019-12-03T21:04:52.409Z","logger":"broker_ingress","caller":"ingress/ingress_handler.go:120","msg":"Error retrieving TTL, defaulting.","commit":"7655d9c","error":"\"knativebrokerttl\" not found"}
{"level":"info","ts":"2019-12-03T21:04:52.409Z","logger":"broker_ingress","caller":"ingress/ingress_handler.go:120","msg":"Error retrieving TTL, defaulting.","commit":"7655d9c","error":"\"knativebrokerttl\" not found"}
{"level":"info","ts":"2019-12-03T21:04:52.409Z","logger":"broker_ingress","caller":"ingress/ingress_handler.go:120","msg":"Error retrieving TTL, defaulting.","commit":"7655d9c","error":"\"knativebrokerttl\" not found"}
{"level":"info","ts":"2019-12-03T21:04:52.409Z","logger":"broker_ingress","caller":"ingress/ingress_handler.go:120","msg":"Error retrieving TTL, defaulting.","commit":"7655d9c","error":"\"knativebrokerttl\" not found"}
{"level":"info","ts":"2019-12-03T21:04:52.409Z","logger":"broker_ingress","caller":"ingress/ingress_handler.go:120","msg":"Error retrieving TTL, defaulting.","commit":"7655d9c","error":"\"knativebrokerttl\" not found"}
{"level":"info","ts":"2019-12-03T21:04:52.410Z","logger":"broker_ingress","caller":"ingress/ingress_handler.go:120","msg":"Error retrieving TTL, defaulting.","commit":"7655d9c","error":"\"knativebrokerttl\" not found"}
{"level":"info","ts":"2019-12-03T21:04:52.419Z","logger":"broker_ingress","caller":"ingress/ingress_handler.go:120","msg":"Error retrieving TTL, defaulting.","commit":"7655d9c","error":"\"knativebrokerttl\" not found"}
{"level":"info","ts":"2019-12-03T21:04:52.419Z","logger":"broker_ingress","caller":"ingress/ingress_handler.go:120","msg":"Error retrieving TTL, defaulting.","commit":"7655d9c","error":"\"knativebrokerttl\" not found"}
{"level":"info","ts":"2019-12-03T21:04:52.419Z","logger":"broker_ingress","caller":"ingress/ingress_handler.go:120","msg":"Error retrieving TTL, defaulting.","commit":"7655d9c","error":"\"knativebrokerttl\" not found"}
{"level":"info","ts":"2019-12-03T21:04:52.419Z","logger":"broker_ingress","caller":"ingress/ingress_handler.go:120","msg":"Error retrieving TTL, defaulting.","commit":"7655d9c","error":"\"knativebrokerttl\" not found"}
{"level":"info","ts":"2019-12-03T21:04:52.419Z","logger":"broker_ingress","caller":"ingress/ingress_handler.go:120","msg":"Error retrieving TTL, defaulting.","commit":"7655d9c","error":"\"knativebrokerttl\" not found"}
{"level":"info","ts":"2019-12-03T21:04:52.420Z","logger":"broker_ingress","caller":"ingress/ingress_handler.go:120","msg":"Error retrieving TTL, defaulting.","commit":"7655d9c","error":"\"knativebrokerttl\" not found"}
{"level":"info","ts":"2019-12-03T21:04:52.425Z","logger":"broker_ingress","caller":"ingress/ingress_handler.go:120","msg":"Error retrieving TTL, defaulting.","commit":"7655d9c","error":"\"knativebrokerttl\" not found"}
{"level":"info","ts":"2019-12-03T21:04:52.425Z","logger":"broker_ingress","caller":"ingress/ingress_handler.go:120","msg":"Error retrieving TTL, defaulting.","commit":"7655d9c","error":"\"knativebrokerttl\" not found"}
{"level":"info","ts":"2019-12-03T21:04:52.425Z","logger":"broker_ingress","caller":"ingress/ingress_handler.go:120","msg":"Error retrieving TTL, defaulting.","commit":"7655d9c","error":"\"knativebrokerttl\" not found"}
{"level":"info","ts":"2019-12-03T21:04:52.425Z","logger":"broker_ingress","caller":"ingress/ingress_handler.go:120","msg":"Error retrieving TTL, defaulting.","commit":"7655d9c","error":"\"knativebrokerttl\" not found"}
{"level":"info","ts":"2019-12-03T21:04:52.426Z","logger":"broker_ingress","caller":"ingress/ingress_handler.go:120","msg":"Error retrieving TTL, defaulting.","commit":"7655d9c","error":"\"knativebrokerttl\" not found"}
{"level":"info","ts":"2019-12-03T21:04:52.426Z","logger":"broker_ingress","caller":"ingress/ingress_handler.go:120","msg":"Error retrieving TTL, defaulting.","commit":"7655d9c","error":"\"knativebrokerttl\" not found"}
{"level":"info","ts":"2019-12-03T21:04:52.426Z","logger":"broker_ingress","caller":"ingress/ingress_handler.go:120","msg":"Error retrieving TTL, defaulting.","commit":"7655d9c","error":"\"knativebrokerttl\" not found"}
{"level":"info","ts":"2019-12-03T21:04:52.426Z","logger":"broker_ingress","caller":"ingress/ingress_handler.go:120","msg":"Error retrieving TTL, defaulting.","commit":"7655d9c","error":"\"knativebrokerttl\" not found"}
{"level":"info","ts":"2019-12-03T21:04:52.426Z","logger":"broker_ingress","caller":"ingress/ingress_handler.go:120","msg":"Error retrieving TTL, defaulting.","commit":"7655d9c","error":"\"knativebrokerttl\" not found"}
{"level":"info","ts":"2019-12-03T21:04:52.426Z","logger":"broker_ingress","caller":"ingress/ingress_handler.go:120","msg":"Error retrieving TTL, defaulting.","commit":"7655d9c","error":"\"knativebrokerttl\" not found"}
{"level":"info","ts":"2019-12-03T21:04:52.427Z","logger":"broker_ingress","caller":"ingress/ingress_handler.go:120","msg":"Error retrieving TTL, defaulting.","commit":"7655d9c","error":"\"knativebrokerttl\" not found"}
{"level":"info","ts":"2019-12-03T21:04:52.435Z","logger":"broker_ingress","caller":"ingress/ingress_handler.go:120","msg":"Error retrieving TTL, defaulting.","commit":"7655d9c","error":"\"knativebrokerttl\" not found"}
{"level":"info","ts":"2019-12-03T21:04:52.435Z","logger":"broker_ingress","caller":"ingress/ingress_handler.go:120","msg":"Error retrieving TTL, defaulting.","commit":"7655d9c","error":"\"knativebrokerttl\" not found"}
{"level":"info","ts":"2019-12-03T21:04:52.435Z","logger":"broker_ingress","caller":"ingress/ingress_handler.go:120","msg":"Error retrieving TTL, defaulting.","commit":"7655d9c","error":"\"knativebrokerttl\" not found"}
{"level":"info","ts":"2019-12-03T21:04:52.435Z","logger":"broker_ingress","caller":"ingress/ingress_handler.go:120","msg":"Error retrieving TTL, defaulting.","commit":"7655d9c","error":"\"knativebrokerttl\" not found"}
{"level":"info","ts":"2019-12-03T21:04:52.436Z","logger":"broker_ingress","caller":"ingress/ingress_handler.go:120","msg":"Error retrieving TTL, defaulting.","commit":"7655d9c","error":"\"knativebrokerttl\" not found"}
{"level":"info","ts":"2019-12-03T21:04:52.436Z","logger":"broker_ingress","caller":"ingress/ingress_handler.go:120","msg":"Error retrieving TTL, defaulting.","commit":"7655d9c","error":"\"knativebrokerttl\" not found"}
{"level":"info","ts":"2019-12-03T21:04:52.436Z","logger":"broker_ingress","caller":"ingress/ingress_handler.go:120","msg":"Error retrieving TTL, defaulting.","commit":"7655d9c","error":"\"knativebrokerttl\" not found"}
{"level":"info","ts":"2019-12-03T21:04:52.436Z","logger":"broker_ingress","caller":"ingress/ingress_handler.go:120","msg":"Error retrieving TTL, defaulting.","commit":"7655d9c","error":"\"knativebrokerttl\" not found"}
{"level":"info","ts":"2019-12-03T21:04:52.436Z","logger":"broker_ingress","caller":"ingress/ingress_handler.go:120","msg":"Error retrieving TTL, defaulting.","commit":"7655d9c","error":"\"knativebrokerttl\" not found"}
{"level":"info","ts":"2019-12-03T21:04:52.436Z","logger":"broker_ingress","caller":"ingress/ingress_handler.go:120","msg":"Error retrieving TTL, defaulting.","commit":"7655d9c","error":"\"knativebrokerttl\" not found"}
{"level":"info","ts":"2019-12-03T21:04:52.436Z","logger":"broker_ingress","caller":"ingress/ingress_handler.go:120","msg":"Error retrieving TTL, defaulting.","commit":"7655d9c","error":"\"knativebrokerttl\" not found"}
{"level":"info","ts":"2019-12-03T21:04:52.437Z","logger":"broker_ingress","caller":"ingress/ingress_handler.go:120","msg":"Error retrieving TTL, defaulting.","commit":"7655d9c","error":"\"knativebrokerttl\" not found"}
{"level":"info","ts":"2019-12-03T21:04:52.438Z","logger":"broker_ingress","caller":"ingress/ingress_handler.go:120","msg":"Error retrieving TTL, defaulting.","commit":"7655d9c","error":"\"knativebrokerttl\" not found"}
{"level":"info","ts":"2019-12-03T21:04:52.438Z","logger":"broker_ingress","caller":"ingress/ingress_handler.go:120","msg":"Error retrieving TTL, defaulting.","commit":"7655d9c","error":"\"knativebrokerttl\" not found"}
{"level":"info","ts":"2019-12-03T21:04:52.438Z","logger":"broker_ingress","caller":"ingress/ingress_handler.go:120","msg":"Error retrieving TTL, defaulting.","commit":"7655d9c","error":"\"knativebrokerttl\" not found"}
{"level":"info","ts":"2019-12-03T21:04:52.438Z","logger":"broker_ingress","caller":"ingress/ingress_handler.go:120","msg":"Error retrieving TTL, defaulting.","commit":"7655d9c","error":"\"knativebrokerttl\" not found"}
{"level":"info","ts":"2019-12-03T21:04:52.438Z","logger":"broker_ingress","caller":"ingress/ingress_handler.go:120","msg":"Error retrieving TTL, defaulting.","commit":"7655d9c","error":"\"knativebrokerttl\" not found"}
{"level":"info","ts":"2019-12-03T21:04:52.439Z","logger":"broker_ingress","caller":"ingress/ingress_handler.go:120","msg":"Error retrieving TTL, defaulting.","commit":"7655d9c","error":"\"knativebrokerttl\" not found"}
{"level":"info","ts":"2019-12-03T21:04:52.448Z","logger":"broker_ingress","caller":"ingress/ingress_handler.go:120","msg":"Error retrieving TTL, defaulting.","commit":"7655d9c","error":"\"knativebrokerttl\" not found"}
{"level":"info","ts":"2019-12-03T21:04:52.448Z","logger":"broker_ingress","caller":"ingress/ingress_handler.go:120","msg":"Error retrieving TTL, defaulting.","commit":"7655d9c","error":"\"knativebrokerttl\" not found"}
{"level":"info","ts":"2019-12-03T21:04:52.448Z","logger":"broker_ingress","caller":"ingress/ingress_handler.go:120","msg":"Error retrieving TTL, defaulting.","commit":"7655d9c","error":"\"knativebrokerttl\" not found"}
{"level":"info","ts":"2019-12-03T21:04:52.448Z","logger":"broker_ingress","caller":"ingress/ingress_handler.go:120","msg":"Error retrieving TTL, defaulting.","commit":"7655d9c","error":"\"knativebrokerttl\" not found"}
{"level":"info","ts":"2019-12-03T21:04:52.449Z","logger":"broker_ingress","caller":"ingress/ingress_handler.go:120","msg":"Error retrieving TTL, defaulting.","commit":"7655d9c","error":"\"knativebrokerttl\" not found"}
{"level":"info","ts":"2019-12-03T21:04:52.455Z","logger":"broker_ingress","caller":"ingress/ingress_handler.go:120","msg":"Error retrieving TTL, defaulting.","commit":"7655d9c","error":"\"knativebrokerttl\" not found"}
{"level":"info","ts":"2019-12-03T21:04:52.455Z","logger":"broker_ingress","caller":"ingress/ingress_handler.go:120","msg":"Error retrieving TTL, defaulting.","commit":"7655d9c","error":"\"knativebrokerttl\" not found"}
{"level":"info","ts":"2019-12-03T21:04:52.455Z","logger":"broker_ingress","caller":"ingress/ingress_handler.go:120","msg":"Error retrieving TTL, defaulting.","commit":"7655d9c","error":"\"knativebrokerttl\" not found"}
{"level":"info","ts":"2019-12-03T21:04:52.456Z","logger":"broker_ingress","caller":"ingress/ingress_handler.go:120","msg":"Error retrieving TTL, defaulting.","commit":"7655d9c","error":"\"knativebrokerttl\" not found"}
{"level":"info","ts":"2019-12-03T21:04:52.456Z","logger":"broker_ingress","caller":"ingress/ingress_handler.go:120","msg":"Error retrieving TTL, defaulting.","commit":"7655d9c","error":"\"knativebrokerttl\" not found"}
{"level":"info","ts":"2019-12-03T21:04:52.456Z","logger":"broker_ingress","caller":"ingress/ingress_handler.go:120","msg":"Error retrieving TTL, defaulting.","commit":"7655d9c","error":"\"knativebrokerttl\" not found"}
{"level":"info","ts":"2019-12-03T21:04:52.467Z","logger":"broker_ingress","caller":"ingress/ingress_handler.go:120","msg":"Error retrieving TTL, defaulting.","commit":"7655d9c","error":"\"knativebrokerttl\" not found"}
{"level":"info","ts":"2019-12-03T21:04:52.467Z","logger":"broker_ingress","caller":"ingress/ingress_handler.go:120","msg":"Error retrieving TTL, defaulting.","commit":"7655d9c","error":"\"knativebrokerttl\" not found"}
{"level":"info","ts":"2019-12-03T21:04:52.467Z","logger":"broker_ingress","caller":"ingress/ingress_handler.go:120","msg":"Error retrieving TTL, defaulting.","commit":"7655d9c","error":"\"knativebrokerttl\" not found"}
{"level":"info","ts":"2019-12-03T21:04:52.467Z","logger":"broker_ingress","caller":"ingress/ingress_handler.go:120","msg":"Error retrieving TTL, defaulting.","commit":"7655d9c","error":"\"knativebrokerttl\" not found"}
{"level":"info","ts":"2019-12-03T21:04:52.467Z","logger":"broker_ingress","caller":"ingress/ingress_handler.go:120","msg":"Error retrieving TTL, defaulting.","commit":"7655d9c","error":"\"knativebrokerttl\" not found"}
{"level":"info","ts":"2019-12-03T21:04:52.468Z","logger":"broker_ingress","caller":"ingress/ingress_handler.go:120","msg":"Error retrieving TTL, defaulting.","commit":"7655d9c","error":"\"knativebrokerttl\" not found"}
{"level":"info","ts":"2019-12-03T21:04:52.468Z","logger":"broker_ingress","caller":"ingress/ingress_handler.go:120","msg":"Error retrieving TTL, defaulting.","commit":"7655d9c","error":"\"knativebrokerttl\" not found"}
{"level":"info","ts":"2019-12-03T21:04:52.468Z","logger":"broker_ingress","caller":"ingress/ingress_handler.go:120","msg":"Error retrieving TTL, defaulting.","commit":"7655d9c","error":"\"knativebrokerttl\" not found"}
{"level":"info","ts":"2019-12-03T21:04:52.468Z","logger":"broker_ingress","caller":"ingress/ingress_handler.go:120","msg":"Error retrieving TTL, defaulting.","commit":"7655d9c","error":"\"knativebrokerttl\" not found"}
{"level":"info","ts":"2019-12-03T21:04:52.468Z","logger":"broker_ingress","caller":"ingress/ingress_handler.go:120","msg":"Error retrieving TTL, defaulting.","commit":"7655d9c","error":"\"knativebrokerttl\" not found"}
{"level":"info","ts":"2019-12-03T21:04:52.468Z","logger":"broker_ingress","caller":"ingress/ingress_handler.go:120","msg":"Error retrieving TTL, defaulting.","commit":"7655d9c","error":"\"knativebrokerttl\" not found"}
{"level":"info","ts":"2019-12-03T21:04:52.468Z","logger":"broker_ingress","caller":"ingress/ingress_handler.go:120","msg":"Error retrieving TTL, defaulting.","commit":"7655d9c","error":"\"knativebrokerttl\" not found"}
{"level":"info","ts":"2019-12-03T21:04:52.469Z","logger":"broker_ingress","caller":"ingress/ingress_handler.go:120","msg":"Error retrieving TTL, defaulting.","commit":"7655d9c","error":"\"knativebrokerttl\" not found"}
{"level":"info","ts":"2019-12-03T21:04:52.477Z","logger":"broker_ingress","caller":"ingress/ingress_handler.go:120","msg":"Error retrieving TTL, defaulting.","commit":"7655d9c","error":"\"knativebrokerttl\" not found"}
{"level":"info","ts":"2019-12-03T21:04:52.477Z","logger":"broker_ingress","caller":"ingress/ingress_handler.go:120","msg":"Error retrieving TTL, defaulting.","commit":"7655d9c","error":"\"knativebrokerttl\" not found"}
{"level":"info","ts":"2019-12-03T21:04:52.477Z","logger":"broker_ingress","caller":"ingress/ingress_handler.go:120","msg":"Error retrieving TTL, defaulting.","commit":"7655d9c","error":"\"knativebrokerttl\" not found"}
{"level":"info","ts":"2019-12-03T21:04:52.477Z","logger":"broker_ingress","caller":"ingress/ingress_handler.go:120","msg":"Error retrieving TTL, defaulting.","commit":"7655d9c","error":"\"knativebrokerttl\" not found"}
{"level":"info","ts":"2019-12-03T21:04:52.478Z","logger":"broker_ingress","caller":"ingress/ingress_handler.go:120","msg":"Error retrieving TTL, defaulting.","commit":"7655d9c","error":"\"knativebrokerttl\" not found"}
{"level":"info","ts":"2019-12-03T21:04:52.482Z","logger":"broker_ingress","caller":"ingress/ingress_handler.go:120","msg":"Error retrieving TTL, defaulting.","commit":"7655d9c","error":"\"knativebrokerttl\" not found"}
{"level":"info","ts":"2019-12-03T21:04:52.482Z","logger":"broker_ingress","caller":"ingress/ingress_handler.go:120","msg":"Error retrieving TTL, defaulting.","commit":"7655d9c","error":"\"knativebrokerttl\" not found"}
{"level":"info","ts":"2019-12-03T21:04:52.482Z","logger":"broker_ingress","caller":"ingress/ingress_handler.go:120","msg":"Error retrieving TTL, defaulting.","commit":"7655d9c","error":"\"knativebrokerttl\" not found"}
{"level":"info","ts":"2019-12-03T21:04:52.482Z","logger":"broker_ingress","caller":"ingress/ingress_handler.go:120","msg":"Error retrieving TTL, defaulting.","commit":"7655d9c","error":"\"knativebrokerttl\" not found"}
{"level":"info","ts":"2019-12-03T21:04:52.482Z","logger":"broker_ingress","caller":"ingress/ingress_handler.go:120","msg":"Error retrieving TTL, defaulting.","commit":"7655d9c","error":"\"knativebrokerttl\" not found"}
{"level":"info","ts":"2019-12-03T21:04:52.483Z","logger":"broker_ingress","caller":"ingress/ingress_handler.go:120","msg":"Error retrieving TTL, defaulting.","commit":"7655d9c","error":"\"knativebrokerttl\" not found"}
{"level":"info","ts":"2019-12-03T21:04:52.483Z","logger":"broker_ingress","caller":"ingress/ingress_handler.go:120","msg":"Error retrieving TTL, defaulting.","commit":"7655d9c","error":"\"knativebrokerttl\" not found"}
{"level":"info","ts":"2019-12-03T21:04:52.483Z","logger":"broker_ingress","caller":"ingress/ingress_handler.go:120","msg":"Error retrieving TTL, defaulting.","commit":"7655d9c","error":"\"knativebrokerttl\" not found"}
{"level":"info","ts":"2019-12-03T21:04:52.483Z","logger":"broker_ingress","caller":"ingress/ingress_handler.go:120","msg":"Error retrieving TTL, defaulting.","commit":"7655d9c","error":"\"knativebrokerttl\" not found"}
{"level":"info","ts":"2019-12-03T21:04:52.483Z","logger":"broker_ingress","caller":"ingress/ingress_handler.go:120","msg":"Error retrieving TTL, defaulting.","commit":"7655d9c","error":"\"knativebrokerttl\" not found"}
{"level":"info","ts":"2019-12-03T21:04:52.483Z","logger":"broker_ingress","caller":"ingress/ingress_handler.go:120","msg":"Error retrieving TTL, defaulting.","commit":"7655d9c","error":"\"knativebrokerttl\" not found"}
{"level":"info","ts":"2019-12-03T21:04:52.483Z","logger":"broker_ingress","caller":"ingress/ingress_handler.go:120","msg":"Error retrieving TTL, defaulting.","commit":"7655d9c","error":"\"knativebrokerttl\" not found"}
{"level":"info","ts":"2019-12-03T21:04:52.484Z","logger":"broker_ingress","caller":"ingress/ingress_handler.go:120","msg":"Error retrieving TTL, defaulting.","commit":"7655d9c","error":"\"knativebrokerttl\" not found"}
{"level":"info","ts":"2019-12-03T21:04:52.499Z","logger":"broker_ingress","caller":"ingress/ingress_handler.go:120","msg":"Error retrieving TTL, defaulting.","commit":"7655d9c","error":"\"knativebrokerttl\" not found"}
{"level":"info","ts":"2019-12-03T21:04:52.512Z","logger":"broker_ingress","caller":"ingress/ingress_handler.go:120","msg":"Error retrieving TTL, defaulting.","commit":"7655d9c","error":"\"knativebrokerttl\" not found"}
{"level":"info","ts":"2019-12-03T21:04:52.512Z","logger":"broker_ingress","caller":"ingress/ingress_handler.go:120","msg":"Error retrieving TTL, defaulting.","commit":"7655d9c","error":"\"knativebrokerttl\" not found"}
{"level":"info","ts":"2019-12-03T21:04:52.512Z","logger":"broker_ingress","caller":"ingress/ingress_handler.go:120","msg":"Error retrieving TTL, defaulting.","commit":"7655d9c","error":"\"knativebrokerttl\" not found"}
{"level":"info","ts":"2019-12-03T21:04:52.512Z","logger":"broker_ingress","caller":"ingress/ingress_handler.go:120","msg":"Error retrieving TTL, defaulting.","commit":"7655d9c","error":"\"knativebrokerttl\" not found"}
{"level":"info","ts":"2019-12-03T21:04:52.513Z","logger":"broker_ingress","caller":"ingress/ingress_handler.go:120","msg":"Error retrieving TTL, defaulting.","commit":"7655d9c","error":"\"knativebrokerttl\" not found"}
{"level":"info","ts":"2019-12-03T21:04:52.513Z","logger":"broker_ingress","caller":"ingress/ingress_handler.go:120","msg":"Error retrieving TTL, defaulting.","commit":"7655d9c","error":"\"knativebrokerttl\" not found"}
{"level":"info","ts":"2019-12-03T21:04:52.513Z","logger":"broker_ingress","caller":"ingress/ingress_handler.go:120","msg":"Error retrieving TTL, defaulting.","commit":"7655d9c","error":"\"knativebrokerttl\" not found"}
{"level":"info","ts":"2019-12-03T21:04:52.513Z","logger":"broker_ingress","caller":"ingress/ingress_handler.go:120","msg":"Error retrieving TTL, defaulting.","commit":"7655d9c","error":"\"knativebrokerttl\" not found"}
{"level":"info","ts":"2019-12-03T21:04:52.513Z","logger":"broker_ingress","caller":"ingress/ingress_handler.go:120","msg":"Error retrieving TTL, defaulting.","commit":"7655d9c","error":"\"knativebrokerttl\" not found"}
{"level":"info","ts":"2019-12-03T21:04:52.513Z","logger":"broker_ingress","caller":"ingress/ingress_handler.go:120","msg":"Error retrieving TTL, defaulting.","commit":"7655d9c","error":"\"knativebrokerttl\" not found"}
{"level":"info","ts":"2019-12-03T21:04:52.513Z","logger":"broker_ingress","caller":"ingress/ingress_handler.go:120","msg":"Error retrieving TTL, defaulting.","commit":"7655d9c","error":"\"knativebrokerttl\" not found"}
{"level":"info","ts":"2019-12-03T21:04:52.513Z","logger":"broker_ingress","caller":"ingress/ingress_handler.go:120","msg":"Error retrieving TTL, defaulting.","commit":"7655d9c","error":"\"knativebrokerttl\" not found"}
{"level":"info","ts":"2019-12-03T21:04:52.514Z","logger":"broker_ingress","caller":"ingress/ingress_handler.go:120","msg":"Error retrieving TTL, defaulting.","commit":"7655d9c","error":"\"knativebrokerttl\" not found"}
{"level":"info","ts":"2019-12-03T21:04:52.514Z","logger":"broker_ingress","caller":"ingress/ingress_handler.go:120","msg":"Error retrieving TTL, defaulting.","commit":"7655d9c","error":"\"knativebrokerttl\" not found"}
{"level":"info","ts":"2019-12-03T21:04:52.518Z","logger":"broker_ingress","caller":"ingress/ingress_handler.go:120","msg":"Error retrieving TTL, defaulting.","commit":"7655d9c","error":"\"knativebrokerttl\" not found"}
{"level":"info","ts":"2019-12-03T21:04:52.518Z","logger":"broker_ingress","caller":"ingress/ingress_handler.go:120","msg":"Error retrieving TTL, defaulting.","commit":"7655d9c","error":"\"knativebrokerttl\" not found"}
{"level":"info","ts":"2019-12-03T21:04:52.518Z","logger":"broker_ingress","caller":"ingress/ingress_handler.go:120","msg":"Error retrieving TTL, defaulting.","commit":"7655d9c","error":"\"knativebrokerttl\" not found"}
{"level":"info","ts":"2019-12-03T21:04:52.518Z","logger":"broker_ingress","caller":"ingress/ingress_handler.go:120","msg":"Error retrieving TTL, defaulting.","commit":"7655d9c","error":"\"knativebrokerttl\" not found"}
{"level":"info","ts":"2019-12-03T21:04:52.519Z","logger":"broker_ingress","caller":"ingress/ingress_handler.go:120","msg":"Error retrieving TTL, defaulting.","commit":"7655d9c","error":"\"knativebrokerttl\" not found"}
{"level":"info","ts":"2019-12-03T21:04:52.519Z","logger":"broker_ingress","caller":"ingress/ingress_handler.go:120","msg":"Error retrieving TTL, defaulting.","commit":"7655d9c","error":"\"knativebrokerttl\" not found"}
{"level":"info","ts":"2019-12-03T21:04:52.519Z","logger":"broker_ingress","caller":"ingress/ingress_handler.go:120","msg":"Error retrieving TTL, defaulting.","commit":"7655d9c","error":"\"knativebrokerttl\" not found"}
{"level":"info","ts":"2019-12-03T21:04:52.519Z","logger":"broker_ingress","caller":"ingress/ingress_handler.go:120","msg":"Error retrieving TTL, defaulting.","commit":"7655d9c","error":"\"knativebrokerttl\" not found"}
{"level":"info","ts":"2019-12-03T21:04:52.519Z","logger":"broker_ingress","caller":"ingress/ingress_handler.go:120","msg":"Error retrieving TTL, defaulting.","commit":"7655d9c","error":"\"knativebrokerttl\" not found"}
{"level":"info","ts":"2019-12-03T21:04:52.519Z","logger":"broker_ingress","caller":"ingress/ingress_handler.go:120","msg":"Error retrieving TTL, defaulting.","commit":"7655d9c","error":"\"knativebrokerttl\" not found"}
{"level":"info","ts":"2019-12-03T21:04:52.519Z","logger":"broker_ingress","caller":"ingress/ingress_handler.go:120","msg":"Error retrieving TTL, defaulting.","commit":"7655d9c","error":"\"knativebrokerttl\" not found"}
{"level":"info","ts":"2019-12-03T21:04:52.520Z","logger":"broker_ingress","caller":"ingress/ingress_handler.go:120","msg":"Error retrieving TTL, defaulting.","commit":"7655d9c","error":"\"knativebrokerttl\" not found"}
{"level":"info","ts":"2019-12-03T21:04:52.537Z","logger":"broker_ingress","caller":"ingress/ingress_handler.go:120","msg":"Error retrieving TTL, defaulting.","commit":"7655d9c","error":"\"knativebrokerttl\" not found"}
{"level":"info","ts":"2019-12-03T21:04:52.537Z","logger":"broker_ingress","caller":"ingress/ingress_handler.go:120","msg":"Error retrieving TTL, defaulting.","commit":"7655d9c","error":"\"knativebrokerttl\" not found"}
{"level":"info","ts":"2019-12-03T21:04:52.537Z","logger":"broker_ingress","caller":"ingress/ingress_handler.go:120","msg":"Error retrieving TTL, defaulting.","commit":"7655d9c","error":"\"knativebrokerttl\" not found"}
{"level":"info","ts":"2019-12-03T21:04:52.537Z","logger":"broker_ingress","caller":"ingress/ingress_handler.go:120","msg":"Error retrieving TTL, defaulting.","commit":"7655d9c","error":"\"knativebrokerttl\" not found"}
{"level":"info","ts":"2019-12-03T21:04:52.537Z","logger":"broker_ingress","caller":"ingress/ingress_handler.go:120","msg":"Error retrieving TTL, defaulting.","commit":"7655d9c","error":"\"knativebrokerttl\" not found"}
{"level":"info","ts":"2019-12-03T21:04:52.537Z","logger":"broker_ingress","caller":"ingress/ingress_handler.go:120","msg":"Error retrieving TTL, defaulting.","commit":"7655d9c","error":"\"knativebrokerttl\" not found"}
{"level":"info","ts":"2019-12-03T21:04:52.538Z","logger":"broker_ingress","caller":"ingress/ingress_handler.go:120","msg":"Error retrieving TTL, defaulting.","commit":"7655d9c","error":"\"knativebrokerttl\" not found"}
{"level":"info","ts":"2019-12-03T21:04:52.538Z","logger":"broker_ingress","caller":"ingress/ingress_handler.go:120","msg":"Error retrieving TTL, defaulting.","commit":"7655d9c","error":"\"knativebrokerttl\" not found"}
{"level":"info","ts":"2019-12-03T21:04:52.538Z","logger":"broker_ingress","caller":"ingress/ingress_handler.go:120","msg":"Error retrieving TTL, defaulting.","commit":"7655d9c","error":"\"knativebrokerttl\" not found"}
{"level":"info","ts":"2019-12-03T21:04:52.538Z","logger":"broker_ingress","caller":"ingress/ingress_handler.go:120","msg":"Error retrieving TTL, defaulting.","commit":"7655d9c","error":"\"knativebrokerttl\" not found"}
{"level":"info","ts":"2019-12-03T21:04:52.538Z","logger":"broker_ingress","caller":"ingress/ingress_handler.go:120","msg":"Error retrieving TTL, defaulting.","commit":"7655d9c","error":"\"knativebrokerttl\" not found"}
{"level":"info","ts":"2019-12-03T21:04:52.538Z","logger":"broker_ingress","caller":"ingress/ingress_handler.go:120","msg":"Error retrieving TTL, defaulting.","commit":"7655d9c","error":"\"knativebrokerttl\" not found"}
{"level":"info","ts":"2019-12-03T21:04:52.538Z","logger":"broker_ingress","caller":"ingress/ingress_handler.go:120","msg":"Error retrieving TTL, defaulting.","commit":"7655d9c","error":"\"knativebrokerttl\" not found"}
{"level":"info","ts":"2019-12-03T21:04:52.539Z","logger":"broker_ingress","caller":"ingress/ingress_handler.go:120","msg":"Error retrieving TTL, defaulting.","commit":"7655d9c","error":"\"knativebrokerttl\" not found"}
{"level":"info","ts":"2019-12-03T21:04:52.549Z","logger":"broker_ingress","caller":"ingress/ingress_handler.go:120","msg":"Error retrieving TTL, defaulting.","commit":"7655d9c","error":"\"knativebrokerttl\" not found"}
{"level":"info","ts":"2019-12-03T21:04:52.549Z","logger":"broker_ingress","caller":"ingress/ingress_handler.go:120","msg":"Error retrieving TTL, defaulting.","commit":"7655d9c","error":"\"knativebrokerttl\" not found"}
{"level":"info","ts":"2019-12-03T21:04:52.549Z","logger":"broker_ingress","caller":"ingress/ingress_handler.go:120","msg":"Error retrieving TTL, defaulting.","commit":"7655d9c","error":"\"knativebrokerttl\" not found"}
{"level":"info","ts":"2019-12-03T21:04:52.550Z","logger":"broker_ingress","caller":"ingress/ingress_handler.go:120","msg":"Error retrieving TTL, defaulting.","commit":"7655d9c","error":"\"knativebrokerttl\" not found"}
{"level":"info","ts":"2019-12-03T21:04:52.550Z","logger":"broker_ingress","caller":"ingress/ingress_handler.go:120","msg":"Error retrieving TTL, defaulting.","commit":"7655d9c","error":"\"knativebrokerttl\" not found"}
{"level":"info","ts":"2019-12-03T21:04:52.550Z","logger":"broker_ingress","caller":"ingress/ingress_handler.go:120","msg":"Error retrieving TTL, defaulting.","commit":"7655d9c","error":"\"knativebrokerttl\" not found"}
{"level":"info","ts":"2019-12-03T21:04:52.550Z","logger":"broker_ingress","caller":"ingress/ingress_handler.go:120","msg":"Error retrieving TTL, defaulting.","commit":"7655d9c","error":"\"knativebrokerttl\" not found"}
{"level":"info","ts":"2019-12-03T21:04:52.550Z","logger":"broker_ingress","caller":"ingress/ingress_handler.go:120","msg":"Error retrieving TTL, defaulting.","commit":"7655d9c","error":"\"knativebrokerttl\" not found"}
{"level":"info","ts":"2019-12-03T21:04:52.550Z","logger":"broker_ingress","caller":"ingress/ingress_handler.go:120","msg":"Error retrieving TTL, defaulting.","commit":"7655d9c","error":"\"knativebrokerttl\" not found"}
{"level":"info","ts":"2019-12-03T21:04:52.550Z","logger":"broker_ingress","caller":"ingress/ingress_handler.go:120","msg":"Error retrieving TTL, defaulting.","commit":"7655d9c","error":"\"knativebrokerttl\" not found"}
{"level":"info","ts":"2019-12-03T21:04:52.550Z","logger":"broker_ingress","caller":"ingress/ingress_handler.go:120","msg":"Error retrieving TTL, defaulting.","commit":"7655d9c","error":"\"knativebrokerttl\" not found"}
{"level":"info","ts":"2019-12-03T21:04:52.551Z","logger":"broker_ingress","caller":"ingress/ingress_handler.go:120","msg":"Error retrieving TTL, defaulting.","commit":"7655d9c","error":"\"knativebrokerttl\" not found"}
{"level":"info","ts":"2019-12-03T21:04:52.552Z","logger":"broker_ingress","caller":"ingress/ingress_handler.go:120","msg":"Error retrieving TTL, defaulting.","commit":"7655d9c","error":"\"knativebrokerttl\" not found"}
{"level":"info","ts":"2019-12-03T21:04:52.552Z","logger":"broker_ingress","caller":"ingress/ingress_handler.go:120","msg":"Error retrieving TTL, defaulting.","commit":"7655d9c","error":"\"knativebrokerttl\" not found"}
{"level":"info","ts":"2019-12-03T21:04:52.552Z","logger":"broker_ingress","caller":"ingress/ingress_handler.go:120","msg":"Error retrieving TTL, defaulting.","commit":"7655d9c","error":"\"knativebrokerttl\" not found"}
{"level":"info","ts":"2019-12-03T21:04:52.552Z","logger":"broker_ingress","caller":"ingress/ingress_handler.go:120","msg":"Error retrieving TTL, defaulting.","commit":"7655d9c","error":"\"knativebrokerttl\" not found"}
{"level":"info","ts":"2019-12-03T21:04:52.552Z","logger":"broker_ingress","caller":"ingress/ingress_handler.go:120","msg":"Error retrieving TTL, defaulting.","commit":"7655d9c","error":"\"knativebrokerttl\" not found"}
{"level":"info","ts":"2019-12-03T21:04:52.553Z","logger":"broker_ingress","caller":"ingress/ingress_handler.go:120","msg":"Error retrieving TTL, defaulting.","commit":"7655d9c","error":"\"knativebrokerttl\" not found"}
{"level":"info","ts":"2019-12-03T21:04:52.553Z","logger":"broker_ingress","caller":"ingress/ingress_handler.go:120","msg":"Error retrieving TTL, defaulting.","commit":"7655d9c","error":"\"knativebrokerttl\" not found"}
{"level":"info","ts":"2019-12-03T21:04:52.553Z","logger":"broker_ingress","caller":"ingress/ingress_handler.go:120","msg":"Error retrieving TTL, defaulting.","commit":"7655d9c","error":"\"knativebrokerttl\" not found"}
{"level":"info","ts":"2019-12-03T21:04:52.553Z","logger":"broker_ingress","caller":"ingress/ingress_handler.go:120","msg":"Error retrieving TTL, defaulting.","commit":"7655d9c","error":"\"knativebrokerttl\" not found"}
{"level":"info","ts":"2019-12-03T21:04:52.553Z","logger":"broker_ingress","caller":"ingress/ingress_handler.go:120","msg":"Error retrieving TTL, defaulting.","commit":"7655d9c","error":"\"knativebrokerttl\" not found"}
{"level":"info","ts":"2019-12-03T21:04:52.553Z","logger":"broker_ingress","caller":"ingress/ingress_handler.go:120","msg":"Error retrieving TTL, defaulting.","commit":"7655d9c","error":"\"knativebrokerttl\" not found"}
{"level":"info","ts":"2019-12-03T21:04:52.553Z","logger":"broker_ingress","caller":"ingress/ingress_handler.go:120","msg":"Error retrieving TTL, defaulting.","commit":"7655d9c","error":"\"knativebrokerttl\" not found"}
{"level":"info","ts":"2019-12-03T21:04:52.553Z","logger":"broker_ingress","caller":"ingress/ingress_handler.go:120","msg":"Error retrieving TTL, defaulting.","commit":"7655d9c","error":"\"knativebrokerttl\" not found"}
{"level":"info","ts":"2019-12-03T21:04:52.554Z","logger":"broker_ingress","caller":"ingress/ingress_handler.go:120","msg":"Error retrieving TTL, defaulting.","commit":"7655d9c","error":"\"knativebrokerttl\" not found"}
{"level":"info","ts":"2019-12-03T21:04:52.554Z","logger":"broker_ingress","caller":"ingress/ingress_handler.go:120","msg":"Error retrieving TTL, defaulting.","commit":"7655d9c","error":"\"knativebrokerttl\" not found"}
{"level":"info","ts":"2019-12-03T21:04:52.554Z","logger":"broker_ingress","caller":"ingress/ingress_handler.go:120","msg":"Error retrieving TTL, defaulting.","commit":"7655d9c","error":"\"knativebrokerttl\" not found"}
{"level":"info","ts":"2019-12-03T21:04:52.554Z","logger":"broker_ingress","caller":"ingress/ingress_handler.go:120","msg":"Error retrieving TTL, defaulting.","commit":"7655d9c","error":"\"knativebrokerttl\" not found"}
{"level":"info","ts":"2019-12-03T21:04:52.554Z","logger":"broker_ingress","caller":"ingress/ingress_handler.go:120","msg":"Error retrieving TTL, defaulting.","commit":"7655d9c","error":"\"knativebrokerttl\" not found"}
{"level":"info","ts":"2019-12-03T21:04:52.554Z","logger":"broker_ingress","caller":"ingress/ingress_handler.go:120","msg":"Error retrieving TTL, defaulting.","commit":"7655d9c","error":"\"knativebrokerttl\" not found"}
{"level":"info","ts":"2019-12-03T21:04:52.554Z","logger":"broker_ingress","caller":"ingress/ingress_handler.go:120","msg":"Error retrieving TTL, defaulting.","commit":"7655d9c","error":"\"knativebrokerttl\" not found"}
{"level":"info","ts":"2019-12-03T21:04:52.554Z","logger":"broker_ingress","caller":"ingress/ingress_handler.go:120","msg":"Error retrieving TTL, defaulting.","commit":"7655d9c","error":"\"knativebrokerttl\" not found"}
{"level":"info","ts":"2019-12-03T21:04:52.555Z","logger":"broker_ingress","caller":"ingress/ingress_handler.go:120","msg":"Error retrieving TTL, defaulting.","commit":"7655d9c","error":"\"knativebrokerttl\" not found"}
{"level":"info","ts":"2019-12-03T21:04:52.555Z","logger":"broker_ingress","caller":"ingress/ingress_handler.go:120","msg":"Error retrieving TTL, defaulting.","commit":"7655d9c","error":"\"knativebrokerttl\" not found"}
{"level":"info","ts":"2019-12-03T21:04:52.555Z","logger":"broker_ingress","caller":"ingress/ingress_handler.go:120","msg":"Error retrieving TTL, defaulting.","commit":"7655d9c","error":"\"knativebrokerttl\" not found"}
{"level":"info","ts":"2019-12-03T21:04:52.555Z","logger":"broker_ingress","caller":"ingress/ingress_handler.go:120","msg":"Error retrieving TTL, defaulting.","commit":"7655d9c","error":"\"knativebrokerttl\" not found"}
{"level":"info","ts":"2019-12-03T21:04:52.556Z","logger":"broker_ingress","caller":"ingress/ingress_handler.go:120","msg":"Error retrieving TTL, defaulting.","commit":"7655d9c","error":"\"knativebrokerttl\" not found"}
{"level":"info","ts":"2019-12-03T21:04:52.556Z","logger":"broker_ingress","caller":"ingress/ingress_handler.go:120","msg":"Error retrieving TTL, defaulting.","commit":"7655d9c","error":"\"knativebrokerttl\" not found"}
{"level":"info","ts":"2019-12-03T21:04:52.556Z","logger":"broker_ingress","caller":"ingress/ingress_handler.go:120","msg":"Error retrieving TTL, defaulting.","commit":"7655d9c","error":"\"knativebrokerttl\" not found"}
{"level":"info","ts":"2019-12-03T21:04:52.556Z","logger":"broker_ingress","caller":"ingress/ingress_handler.go:120","msg":"Error retrieving TTL, defaulting.","commit":"7655d9c","error":"\"knativebrokerttl\" not found"}
{"level":"info","ts":"2019-12-03T21:04:52.556Z","logger":"broker_ingress","caller":"ingress/ingress_handler.go:120","msg":"Error retrieving TTL, defaulting.","commit":"7655d9c","error":"\"knativebrokerttl\" not found"}
{"level":"info","ts":"2019-12-03T21:04:52.556Z","logger":"broker_ingress","caller":"ingress/ingress_handler.go:120","msg":"Error retrieving TTL, defaulting.","commit":"7655d9c","error":"\"knativebrokerttl\" not found"}
{"level":"info","ts":"2019-12-03T21:04:52.556Z","logger":"broker_ingress","caller":"ingress/ingress_handler.go:120","msg":"Error retrieving TTL, defaulting.","commit":"7655d9c","error":"\"knativebrokerttl\" not found"}
{"level":"info","ts":"2019-12-03T21:04:52.557Z","logger":"broker_ingress","caller":"ingress/ingress_handler.go:120","msg":"Error retrieving TTL, defaulting.","commit":"7655d9c","error":"\"knativebrokerttl\" not found"}
{"level":"info","ts":"2019-12-03T21:04:52.557Z","logger":"broker_ingress","caller":"ingress/ingress_handler.go:120","msg":"Error retrieving TTL, defaulting.","commit":"7655d9c","error":"\"knativebrokerttl\" not found"}
{"level":"info","ts":"2019-12-03T21:04:52.557Z","logger":"broker_ingress","caller":"ingress/ingress_handler.go:120","msg":"Error retrieving TTL, defaulting.","commit":"7655d9c","error":"\"knativebrokerttl\" not found"}
{"level":"info","ts":"2019-12-03T21:04:52.557Z","logger":"broker_ingress","caller":"ingress/ingress_handler.go:120","msg":"Error retrieving TTL, defaulting.","commit":"7655d9c","error":"\"knativebrokerttl\" not found"}
{"level":"info","ts":"2019-12-03T21:04:52.557Z","logger":"broker_ingress","caller":"ingress/ingress_handler.go:120","msg":"Error retrieving TTL, defaulting.","commit":"7655d9c","error":"\"knativebrokerttl\" not found"}
{"level":"info","ts":"2019-12-03T21:04:52.557Z","logger":"broker_ingress","caller":"ingress/ingress_handler.go:120","msg":"Error retrieving TTL, defaulting.","commit":"7655d9c","error":"\"knativebrokerttl\" not found"}
{"level":"info","ts":"2019-12-03T21:04:52.557Z","logger":"broker_ingress","caller":"ingress/ingress_handler.go:120","msg":"Error retrieving TTL, defaulting.","commit":"7655d9c","error":"\"knativebrokerttl\" not found"}
{"level":"info","ts":"2019-12-03T21:04:52.558Z","logger":"broker_ingress","caller":"ingress/ingress_handler.go:120","msg":"Error retrieving TTL, defaulting.","commit":"7655d9c","error":"\"knativebrokerttl\" not found"}
{"level":"info","ts":"2019-12-03T21:04:52.558Z","logger":"broker_ingress","caller":"ingress/ingress_handler.go:120","msg":"Error retrieving TTL, defaulting.","commit":"7655d9c","error":"\"knativebrokerttl\" not found"}
{"level":"info","ts":"2019-12-03T21:04:52.558Z","logger":"broker_ingress","caller":"ingress/ingress_handler.go:120","msg":"Error retrieving TTL, defaulting.","commit":"7655d9c","error":"\"knativebrokerttl\" not found"}
{"level":"info","ts":"2019-12-03T21:04:52.558Z","logger":"broker_ingress","caller":"ingress/ingress_handler.go:120","msg":"Error retrieving TTL, defaulting.","commit":"7655d9c","error":"\"knativebrokerttl\" not found"}
{"level":"info","ts":"2019-12-03T21:04:52.558Z","logger":"broker_ingress","caller":"ingress/ingress_handler.go:120","msg":"Error retrieving TTL, defaulting.","commit":"7655d9c","error":"\"knativebrokerttl\" not found"}
{"level":"info","ts":"2019-12-03T21:04:52.558Z","logger":"broker_ingress","caller":"ingress/ingress_handler.go:120","msg":"Error retrieving TTL, defaulting.","commit":"7655d9c","error":"\"knativebrokerttl\" not found"}
{"level":"info","ts":"2019-12-03T21:04:52.558Z","logger":"broker_ingress","caller":"ingress/ingress_handler.go:120","msg":"Error retrieving TTL, defaulting.","commit":"7655d9c","error":"\"knativebrokerttl\" not found"}
{"level":"info","ts":"2019-12-03T21:04:52.559Z","logger":"broker_ingress","caller":"ingress/ingress_handler.go:120","msg":"Error retrieving TTL, defaulting.","commit":"7655d9c","error":"\"knativebrokerttl\" not found"}
{"level":"info","ts":"2019-12-03T21:04:52.570Z","logger":"broker_ingress","caller":"ingress/ingress_handler.go:120","msg":"Error retrieving TTL, defaulting.","commit":"7655d9c","error":"\"knativebrokerttl\" not found"}
{"level":"info","ts":"2019-12-03T21:04:52.570Z","logger":"broker_ingress","caller":"ingress/ingress_handler.go:120","msg":"Error retrieving TTL, defaulting.","commit":"7655d9c","error":"\"knativebrokerttl\" not found"}
{"level":"info","ts":"2019-12-03T21:04:52.570Z","logger":"broker_ingress","caller":"ingress/ingress_handler.go:120","msg":"Error retrieving TTL, defaulting.","commit":"7655d9c","error":"\"knativebrokerttl\" not found"}
{"level":"info","ts":"2019-12-03T21:04:52.571Z","logger":"broker_ingress","caller":"ingress/ingress_handler.go:120","msg":"Error retrieving TTL, defaulting.","commit":"7655d9c","error":"\"knativebrokerttl\" not found"}
{"level":"info","ts":"2019-12-03T21:04:52.571Z","logger":"broker_ingress","caller":"ingress/ingress_handler.go:120","msg":"Error retrieving TTL, defaulting.","commit":"7655d9c","error":"\"knativebrokerttl\" not found"}
{"level":"info","ts":"2019-12-03T21:04:52.571Z","logger":"broker_ingress","caller":"ingress/ingress_handler.go:120","msg":"Error retrieving TTL, defaulting.","commit":"7655d9c","error":"\"knativebrokerttl\" not found"}
{"level":"info","ts":"2019-12-03T21:04:52.571Z","logger":"broker_ingress","caller":"ingress/ingress_handler.go:120","msg":"Error retrieving TTL, defaulting.","commit":"7655d9c","error":"\"knativebrokerttl\" not found"}
{"level":"info","ts":"2019-12-03T21:04:52.571Z","logger":"broker_ingress","caller":"ingress/ingress_handler.go:120","msg":"Error retrieving TTL, defaulting.","commit":"7655d9c","error":"\"knativebrokerttl\" not found"}
{"level":"info","ts":"2019-12-03T21:04:52.571Z","logger":"broker_ingress","caller":"ingress/ingress_handler.go:120","msg":"Error retrieving TTL, defaulting.","commit":"7655d9c","error":"\"knativebrokerttl\" not found"}
{"level":"info","ts":"2019-12-03T21:04:52.571Z","logger":"broker_ingress","caller":"ingress/ingress_handler.go:120","msg":"Error retrieving TTL, defaulting.","commit":"7655d9c","error":"\"knativebrokerttl\" not found"}
{"level":"info","ts":"2019-12-03T21:04:52.571Z","logger":"broker_ingress","caller":"ingress/ingress_handler.go:120","msg":"Error retrieving TTL, defaulting.","commit":"7655d9c","error":"\"knativebrokerttl\" not found"}
{"level":"info","ts":"2019-12-03T21:04:52.572Z","logger":"broker_ingress","caller":"ingress/ingress_handler.go:120","msg":"Error retrieving TTL, defaulting.","commit":"7655d9c","error":"\"knativebrokerttl\" not found"}
{"level":"info","ts":"2019-12-03T21:04:52.572Z","logger":"broker_ingress","caller":"ingress/ingress_handler.go:120","msg":"Error retrieving TTL, defaulting.","commit":"7655d9c","error":"\"knativebrokerttl\" not found"}
{"level":"info","ts":"2019-12-03T21:04:52.572Z","logger":"broker_ingress","caller":"ingress/ingress_handler.go:120","msg":"Error retrieving TTL, defaulting.","commit":"7655d9c","error":"\"knativebrokerttl\" not found"}
{"level":"info","ts":"2019-12-03T21:04:52.572Z","logger":"broker_ingress","caller":"ingress/ingress_handler.go:120","msg":"Error retrieving TTL, defaulting.","commit":"7655d9c","error":"\"knativebrokerttl\" not found"}
{"level":"info","ts":"2019-12-03T21:04:52.572Z","logger":"broker_ingress","caller":"ingress/ingress_handler.go:120","msg":"Error retrieving TTL, defaulting.","commit":"7655d9c","error":"\"knativebrokerttl\" not found"}
{"level":"info","ts":"2019-12-03T21:04:52.572Z","logger":"broker_ingress","caller":"ingress/ingress_handler.go:120","msg":"Error retrieving TTL, defaulting.","commit":"7655d9c","error":"\"knativebrokerttl\" not found"}
{"level":"info","ts":"2019-12-03T21:04:52.572Z","logger":"broker_ingress","caller":"ingress/ingress_handler.go:120","msg":"Error retrieving TTL, defaulting.","commit":"7655d9c","error":"\"knativebrokerttl\" not found"}
{"level":"info","ts":"2019-12-03T21:04:52.572Z","logger":"broker_ingress","caller":"ingress/ingress_handler.go:120","msg":"Error retrieving TTL, defaulting.","commit":"7655d9c","error":"\"knativebrokerttl\" not found"}
{"level":"info","ts":"2019-12-03T21:04:52.572Z","logger":"broker_ingress","caller":"ingress/ingress_handler.go:120","msg":"Error retrieving TTL, defaulting.","commit":"7655d9c","error":"\"knativebrokerttl\" not found"}
{"level":"info","ts":"2019-12-03T21:04:52.573Z","logger":"broker_ingress","caller":"ingress/ingress_handler.go:120","msg":"Error retrieving TTL, defaulting.","commit":"7655d9c","error":"\"knativebrokerttl\" not found"}
{"level":"info","ts":"2019-12-03T21:04:52.578Z","logger":"broker_ingress","caller":"ingress/ingress_handler.go:120","msg":"Error retrieving TTL, defaulting.","commit":"7655d9c","error":"\"knativebrokerttl\" not found"}
{"level":"info","ts":"2019-12-03T21:04:52.578Z","logger":"broker_ingress","caller":"ingress/ingress_handler.go:120","msg":"Error retrieving TTL, defaulting.","commit":"7655d9c","error":"\"knativebrokerttl\" not found"}
{"level":"info","ts":"2019-12-03T21:04:52.578Z","logger":"broker_ingress","caller":"ingress/ingress_handler.go:120","msg":"Error retrieving TTL, defaulting.","commit":"7655d9c","error":"\"knativebrokerttl\" not found"}
{"level":"info","ts":"2019-12-03T21:04:52.578Z","logger":"broker_ingress","caller":"ingress/ingress_handler.go:120","msg":"Error retrieving TTL, defaulting.","commit":"7655d9c","error":"\"knativebrokerttl\" not found"}
{"level":"info","ts":"2019-12-03T21:04:52.579Z","logger":"broker_ingress","caller":"ingress/ingress_handler.go:120","msg":"Error retrieving TTL, defaulting.","commit":"7655d9c","error":"\"knativebrokerttl\" not found"}
{"level":"info","ts":"2019-12-03T21:04:52.586Z","logger":"broker_ingress","caller":"ingress/ingress_handler.go:120","msg":"Error retrieving TTL, defaulting.","commit":"7655d9c","error":"\"knativebrokerttl\" not found"}
{"level":"info","ts":"2019-12-03T21:04:52.586Z","logger":"broker_ingress","caller":"ingress/ingress_handler.go:120","msg":"Error retrieving TTL, defaulting.","commit":"7655d9c","error":"\"knativebrokerttl\" not found"}
{"level":"info","ts":"2019-12-03T21:04:52.586Z","logger":"broker_ingress","caller":"ingress/ingress_handler.go:120","msg":"Error retrieving TTL, defaulting.","commit":"7655d9c","error":"\"knativebrokerttl\" not found"}
{"level":"info","ts":"2019-12-03T21:04:52.586Z","logger":"broker_ingress","caller":"ingress/ingress_handler.go:120","msg":"Error retrieving TTL, defaulting.","commit":"7655d9c","error":"\"knativebrokerttl\" not found"}
{"level":"info","ts":"2019-12-03T21:04:52.587Z","logger":"broker_ingress","caller":"ingress/ingress_handler.go:120","msg":"Error retrieving TTL, defaulting.","commit":"7655d9c","error":"\"knativebrokerttl\" not found"}
{"level":"info","ts":"2019-12-03T21:04:52.587Z","logger":"broker_ingress","caller":"ingress/ingress_handler.go:120","msg":"Error retrieving TTL, defaulting.","commit":"7655d9c","error":"\"knativebrokerttl\" not found"}
{"level":"info","ts":"2019-12-03T21:04:52.587Z","logger":"broker_ingress","caller":"ingress/ingress_handler.go:120","msg":"Error retrieving TTL, defaulting.","commit":"7655d9c","error":"\"knativebrokerttl\" not found"}
{"level":"info","ts":"2019-12-03T21:04:52.587Z","logger":"broker_ingress","caller":"ingress/ingress_handler.go:120","msg":"Error retrieving TTL, defaulting.","commit":"7655d9c","error":"\"knativebrokerttl\" not found"}
{"level":"info","ts":"2019-12-03T21:04:52.587Z","logger":"broker_ingress","caller":"ingress/ingress_handler.go:120","msg":"Error retrieving TTL, defaulting.","commit":"7655d9c","error":"\"knativebrokerttl\" not found"}
{"level":"info","ts":"2019-12-03T21:04:52.587Z","logger":"broker_ingress","caller":"ingress/ingress_handler.go:120","msg":"Error retrieving TTL, defaulting.","commit":"7655d9c","error":"\"knativebrokerttl\" not found"}
{"level":"info","ts":"2019-12-03T21:04:52.587Z","logger":"broker_ingress","caller":"ingress/ingress_handler.go:120","msg":"Error retrieving TTL, defaulting.","commit":"7655d9c","error":"\"knativebrokerttl\" not found"}
{"level":"info","ts":"2019-12-03T21:04:52.587Z","logger":"broker_ingress","caller":"ingress/ingress_handler.go:120","msg":"Error retrieving TTL, defaulting.","commit":"7655d9c","error":"\"knativebrokerttl\" not found"}
{"level":"info","ts":"2019-12-03T21:04:52.587Z","logger":"broker_ingress","caller":"ingress/ingress_handler.go:120","msg":"Error retrieving TTL, defaulting.","commit":"7655d9c","error":"\"knativebrokerttl\" not found"}
{"level":"info","ts":"2019-12-03T21:04:52.579Z","logger":"broker_ingress","caller":"ingress/ingress_handler.go:120","msg":"Error retrieving TTL, defaulting.","commit":"7655d9c","error":"\"knativebrokerttl\" not found"}
{"level":"info","ts":"2019-12-03T21:04:52.593Z","logger":"broker_ingress","caller":"ingress/ingress_handler.go:120","msg":"Error retrieving TTL, defaulting.","commit":"7655d9c","error":"\"knativebrokerttl\" not found"}
{"level":"info","ts":"2019-12-03T21:04:52.593Z","logger":"broker_ingress","caller":"ingress/ingress_handler.go:120","msg":"Error retrieving TTL, defaulting.","commit":"7655d9c","error":"\"knativebrokerttl\" not found"}
{"level":"info","ts":"2019-12-03T21:04:52.593Z","logger":"broker_ingress","caller":"ingress/ingress_handler.go:120","msg":"Error retrieving TTL, defaulting.","commit":"7655d9c","error":"\"knativebrokerttl\" not found"}
{"level":"info","ts":"2019-12-03T21:04:52.593Z","logger":"broker_ingress","caller":"ingress/ingress_handler.go:120","msg":"Error retrieving TTL, defaulting.","commit":"7655d9c","error":"\"knativebrokerttl\" not found"}
{"level":"info","ts":"2019-12-03T21:04:52.593Z","logger":"broker_ingress","caller":"ingress/ingress_handler.go:120","msg":"Error retrieving TTL, defaulting.","commit":"7655d9c","error":"\"knativebrokerttl\" not found"}
{"level":"info","ts":"2019-12-03T21:04:52.594Z","logger":"broker_ingress","caller":"ingress/ingress_handler.go:120","msg":"Error retrieving TTL, defaulting.","commit":"7655d9c","error":"\"knativebrokerttl\" not found"}
{"level":"info","ts":"2019-12-03T21:04:52.606Z","logger":"broker_ingress","caller":"ingress/ingress_handler.go:120","msg":"Error retrieving TTL, defaulting.","commit":"7655d9c","error":"\"knativebrokerttl\" not found"}
{"level":"info","ts":"2019-12-03T21:04:52.606Z","logger":"broker_ingress","caller":"ingress/ingress_handler.go:120","msg":"Error retrieving TTL, defaulting.","commit":"7655d9c","error":"\"knativebrokerttl\" not found"}
{"level":"info","ts":"2019-12-03T21:04:52.606Z","logger":"broker_ingress","caller":"ingress/ingress_handler.go:120","msg":"Error retrieving TTL, defaulting.","commit":"7655d9c","error":"\"knativebrokerttl\" not found"}
{"level":"info","ts":"2019-12-03T21:04:52.588Z","logger":"broker_ingress","caller":"ingress/ingress_handler.go:120","msg":"Error retrieving TTL, defaulting.","commit":"7655d9c","error":"\"knativebrokerttl\" not found"}
{"level":"info","ts":"2019-12-03T21:04:52.607Z","logger":"broker_ingress","caller":"ingress/ingress_handler.go:120","msg":"Error retrieving TTL, defaulting.","commit":"7655d9c","error":"\"knativebrokerttl\" not found"}
{"level":"info","ts":"2019-12-03T21:04:52.607Z","logger":"broker_ingress","caller":"ingress/ingress_handler.go:120","msg":"Error retrieving TTL, defaulting.","commit":"7655d9c","error":"\"knativebrokerttl\" not found"}
{"level":"info","ts":"2019-12-03T21:04:52.607Z","logger":"broker_ingress","caller":"ingress/ingress_handler.go:120","msg":"Error retrieving TTL, defaulting.","commit":"7655d9c","error":"\"knativebrokerttl\" not found"}
{"level":"info","ts":"2019-12-03T21:04:52.607Z","logger":"broker_ingress","caller":"ingress/ingress_handler.go:120","msg":"Error retrieving TTL, defaulting.","commit":"7655d9c","error":"\"knativebrokerttl\" not found"}
{"level":"info","ts":"2019-12-03T21:04:52.607Z","logger":"broker_ingress","caller":"ingress/ingress_handler.go:120","msg":"Error retrieving TTL, defaulting.","commit":"7655d9c","error":"\"knativebrokerttl\" not found"}
{"level":"info","ts":"2019-12-03T21:04:52.608Z","logger":"broker_ingress","caller":"ingress/ingress_handler.go:120","msg":"Error retrieving TTL, defaulting.","commit":"7655d9c","error":"\"knativebrokerttl\" not found"}
{"level":"info","ts":"2019-12-03T21:04:52.611Z","logger":"broker_ingress","caller":"ingress/ingress_handler.go:120","msg":"Error retrieving TTL, defaulting.","commit":"7655d9c","error":"\"knativebrokerttl\" not found"}
{"level":"info","ts":"2019-12-03T21:04:52.611Z","logger":"broker_ingress","caller":"ingress/ingress_handler.go:120","msg":"Error retrieving TTL, defaulting.","commit":"7655d9c","error":"\"knativebrokerttl\" not found"}
{"level":"info","ts":"2019-12-03T21:04:52.611Z","logger":"broker_ingress","caller":"ingress/ingress_handler.go:120","msg":"Error retrieving TTL, defaulting.","commit":"7655d9c","error":"\"knativebrokerttl\" not found"}
{"level":"info","ts":"2019-12-03T21:04:52.611Z","logger":"broker_ingress","caller":"ingress/ingress_handler.go:120","msg":"Error retrieving TTL, defaulting.","commit":"7655d9c","error":"\"knativebrokerttl\" not found"}
{"level":"info","ts":"2019-12-03T21:04:52.067Z","logger":"broker_ingress","caller":"ingress/ingress_handler.go:120","msg":"Error retrieving TTL, defaulting.","commit":"7655d9c","error":"\"knativebrokerttl\" not found"}
{"level":"info","ts":"2019-12-03T21:04:52.612Z","logger":"broker_ingress","caller":"ingress/ingress_handler.go:120","msg":"Error retrieving TTL, defaulting.","commit":"7655d9c","error":"\"knativebrokerttl\" not found"}
{"level":"info","ts":"2019-12-03T21:04:52.615Z","logger":"broker_ingress","caller":"ingress/ingress_handler.go:120","msg":"Error retrieving TTL, defaulting.","commit":"7655d9c","error":"\"knativebrokerttl\" not found"}
{"level":"info","ts":"2019-12-03T21:04:52.615Z","logger":"broker_ingress","caller":"ingress/ingress_handler.go:120","msg":"Error retrieving TTL, defaulting.","commit":"7655d9c","error":"\"knativebrokerttl\" not found"}
{"level":"info","ts":"2019-12-03T21:04:52.615Z","logger":"broker_ingress","caller":"ingress/ingress_handler.go:120","msg":"Error retrieving TTL, defaulting.","commit":"7655d9c","error":"\"knativebrokerttl\" not found"}
{"level":"info","ts":"2019-12-03T21:04:52.615Z","logger":"broker_ingress","caller":"ingress/ingress_handler.go:120","msg":"Error retrieving TTL, defaulting.","commit":"7655d9c","error":"\"knativebrokerttl\" not found"}
{"level":"info","ts":"2019-12-03T21:04:52.096Z","logger":"broker_ingress","caller":"ingress/ingress_handler.go:120","msg":"Error retrieving TTL, defaulting.","commit":"7655d9c","error":"\"knativebrokerttl\" not found"}
{"level":"info","ts":"2019-12-03T21:04:52.121Z","logger":"broker_ingress","caller":"ingress/ingress_handler.go:120","msg":"Error retrieving TTL, defaulting.","commit":"7655d9c","error":"\"knativebrokerttl\" not found"}
{"level":"info","ts":"2019-12-03T21:04:52.151Z","logger":"broker_ingress","caller":"ingress/ingress_handler.go:120","msg":"Error retrieving TTL, defaulting.","commit":"7655d9c","error":"\"knativebrokerttl\" not found"}
{"level":"info","ts":"2019-12-03T21:04:52.622Z","logger":"broker_ingress","caller":"ingress/ingress_handler.go:120","msg":"Error retrieving TTL, defaulting.","commit":"7655d9c","error":"\"knativebrokerttl\" not found"}
{"level":"info","ts":"2019-12-03T21:04:52.657Z","logger":"broker_ingress","caller":"ingress/ingress_handler.go:120","msg":"Error retrieving TTL, defaulting.","commit":"7655d9c","error":"\"knativebrokerttl\" not found"}
{"level":"info","ts":"2019-12-03T21:04:52.657Z","logger":"broker_ingress","caller":"ingress/ingress_handler.go:120","msg":"Error retrieving TTL, defaulting.","commit":"7655d9c","error":"\"knativebrokerttl\" not found"}
{"level":"info","ts":"2019-12-03T21:04:52.658Z","logger":"broker_ingress","caller":"ingress/ingress_handler.go:120","msg":"Error retrieving TTL, defaulting.","commit":"7655d9c","error":"\"knativebrokerttl\" not found"}
{"level":"info","ts":"2019-12-03T21:04:52.658Z","logger":"broker_ingress","caller":"ingress/ingress_handler.go:120","msg":"Error retrieving TTL, defaulting.","commit":"7655d9c","error":"\"knativebrokerttl\" not found"}
{"level":"info","ts":"2019-12-03T21:04:52.658Z","logger":"broker_ingress","caller":"ingress/ingress_handler.go:120","msg":"Error retrieving TTL, defaulting.","commit":"7655d9c","error":"\"knativebrokerttl\" not found"}
{"level":"info","ts":"2019-12-03T21:04:52.658Z","logger":"broker_ingress","caller":"ingress/ingress_handler.go:120","msg":"Error retrieving TTL, defaulting.","commit":"7655d9c","error":"\"knativebrokerttl\" not found"}
{"level":"info","ts":"2019-12-03T21:04:52.659Z","logger":"broker_ingress","caller":"ingress/ingress_handler.go:120","msg":"Error retrieving TTL, defaulting.","commit":"7655d9c","error":"\"knativebrokerttl\" not found"}
{"level":"info","ts":"2019-12-03T21:04:52.664Z","logger":"broker_ingress","caller":"ingress/ingress_handler.go:120","msg":"Error retrieving TTL, defaulting.","commit":"7655d9c","error":"\"knativebrokerttl\" not found"}
{"level":"info","ts":"2019-12-03T21:04:52.664Z","logger":"broker_ingress","caller":"ingress/ingress_handler.go:120","msg":"Error retrieving TTL, defaulting.","commit":"7655d9c","error":"\"knativebrokerttl\" not found"}
{"level":"info","ts":"2019-12-03T21:04:52.335Z","logger":"broker_ingress","caller":"ingress/ingress_handler.go:120","msg":"Error retrieving TTL, defaulting.","commit":"7655d9c","error":"\"knativebrokerttl\" not found"}
{"level":"info","ts":"2019-12-03T21:04:52.665Z","logger":"broker_ingress","caller":"ingress/ingress_handler.go:120","msg":"Error retrieving TTL, defaulting.","commit":"7655d9c","error":"\"knativebrokerttl\" not found"}
{"level":"info","ts":"2019-12-03T21:04:52.637Z","logger":"broker_ingress","caller":"ingress/ingress_handler.go:120","msg":"Error retrieving TTL, defaulting.","commit":"7655d9c","error":"\"knativebrokerttl\" not found"}
{"level":"info","ts":"2019-12-03T21:04:52.675Z","logger":"broker_ingress","caller":"ingress/ingress_handler.go:120","msg":"Error retrieving TTL, defaulting.","commit":"7655d9c","error":"\"knativebrokerttl\" not found"}
{"level":"info","ts":"2019-12-03T21:04:52.675Z","logger":"broker_ingress","caller":"ingress/ingress_handler.go:120","msg":"Error retrieving TTL, defaulting.","commit":"7655d9c","error":"\"knativebrokerttl\" not found"}
{"level":"info","ts":"2019-12-03T21:04:52.676Z","logger":"broker_ingress","caller":"ingress/ingress_handler.go:120","msg":"Error retrieving TTL, defaulting.","commit":"7655d9c","error":"\"knativebrokerttl\" not found"}
{"level":"info","ts":"2019-12-03T21:04:52.679Z","logger":"broker_ingress","caller":"ingress/ingress_handler.go:120","msg":"Error retrieving TTL, defaulting.","commit":"7655d9c","error":"\"knativebrokerttl\" not found"}
{"level":"info","ts":"2019-12-03T21:04:52.679Z","logger":"broker_ingress","caller":"ingress/ingress_handler.go:120","msg":"Error retrieving TTL, defaulting.","commit":"7655d9c","error":"\"knativebrokerttl\" not found"}
{"level":"info","ts":"2019-12-03T21:04:52.679Z","logger":"broker_ingress","caller":"ingress/ingress_handler.go:120","msg":"Error retrieving TTL, defaulting.","commit":"7655d9c","error":"\"knativebrokerttl\" not found"}
{"level":"info","ts":"2019-12-03T21:04:52.679Z","logger":"broker_ingress","caller":"ingress/ingress_handler.go:120","msg":"Error retrieving TTL, defaulting.","commit":"7655d9c","error":"\"knativebrokerttl\" not found"}
{"level":"info","ts":"2019-12-03T21:04:52.679Z","logger":"broker_ingress","caller":"ingress/ingress_handler.go:120","msg":"Error retrieving TTL, defaulting.","commit":"7655d9c","error":"\"knativebrokerttl\" not found"}
{"level":"info","ts":"2019-12-03T21:04:52.680Z","logger":"broker_ingress","caller":"ingress/ingress_handler.go:120","msg":"Error retrieving TTL, defaulting.","commit":"7655d9c","error":"\"knativebrokerttl\" not found"}
{"level":"info","ts":"2019-12-03T21:04:52.680Z","logger":"broker_ingress","caller":"ingress/ingress_handler.go:120","msg":"Error retrieving TTL, defaulting.","commit":"7655d9c","error":"\"knativebrokerttl\" not found"}
{"level":"info","ts":"2019-12-03T21:04:52.680Z","logger":"broker_ingress","caller":"ingress/ingress_handler.go:120","msg":"Error retrieving TTL, defaulting.","commit":"7655d9c","error":"\"knativebrokerttl\" not found"}
{"level":"info","ts":"2019-12-03T21:04:52.680Z","logger":"broker_ingress","caller":"ingress/ingress_handler.go:120","msg":"Error retrieving TTL, defaulting.","commit":"7655d9c","error":"\"knativebrokerttl\" not found"}
{"level":"info","ts":"2019-12-03T21:04:52.680Z","logger":"broker_ingress","caller":"ingress/ingress_handler.go:120","msg":"Error retrieving TTL, defaulting.","commit":"7655d9c","error":"\"knativebrokerttl\" not found"}
{"level":"info","ts":"2019-12-03T21:04:52.460Z","logger":"broker_ingress","caller":"ingress/ingress_handler.go:120","msg":"Error retrieving TTL, defaulting.","commit":"7655d9c","error":"\"knativebrokerttl\" not found"}
{"level":"info","ts":"2019-12-03T21:04:52.680Z","logger":"broker_ingress","caller":"ingress/ingress_handler.go:120","msg":"Error retrieving TTL, defaulting.","commit":"7655d9c","error":"\"knativebrokerttl\" not found"}
{"level":"info","ts":"2019-12-03T21:04:52.680Z","logger":"broker_ingress","caller":"ingress/ingress_handler.go:120","msg":"Error retrieving TTL, defaulting.","commit":"7655d9c","error":"\"knativebrokerttl\" not found"}
{"level":"info","ts":"2019-12-03T21:04:52.681Z","logger":"broker_ingress","caller":"ingress/ingress_handler.go:120","msg":"Error retrieving TTL, defaulting.","commit":"7655d9c","error":"\"knativebrokerttl\" not found"}
{"level":"info","ts":"2019-12-03T21:04:52.685Z","logger":"broker_ingress","caller":"ingress/ingress_handler.go:120","msg":"Error retrieving TTL, defaulting.","commit":"7655d9c","error":"\"knativebrokerttl\" not found"}
{"level":"info","ts":"2019-12-03T21:04:52.551Z","logger":"broker_ingress","caller":"ingress/ingress_handler.go:120","msg":"Error retrieving TTL, defaulting.","commit":"7655d9c","error":"\"knativebrokerttl\" not found"}
{"level":"info","ts":"2019-12-03T21:04:52.685Z","logger":"broker_ingress","caller":"ingress/ingress_handler.go:120","msg":"Error retrieving TTL, defaulting.","commit":"7655d9c","error":"\"knativebrokerttl\" not found"}
{"level":"info","ts":"2019-12-03T21:04:52.685Z","logger":"broker_ingress","caller":"ingress/ingress_handler.go:120","msg":"Error retrieving TTL, defaulting.","commit":"7655d9c","error":"\"knativebrokerttl\" not found"}
{"level":"info","ts":"2019-12-03T21:04:52.685Z","logger":"broker_ingress","caller":"ingress/ingress_handler.go:120","msg":"Error retrieving TTL, defaulting.","commit":"7655d9c","error":"\"knativebrokerttl\" not found"}
{"level":"info","ts":"2019-12-03T21:04:52.686Z","logger":"broker_ingress","caller":"ingress/ingress_handler.go:120","msg":"Error retrieving TTL, defaulting.","commit":"7655d9c","error":"\"knativebrokerttl\" not found"}
{"level":"info","ts":"2019-12-03T21:04:52.686Z","logger":"broker_ingress","caller":"ingress/ingress_handler.go:120","msg":"Error retrieving TTL, defaulting.","commit":"7655d9c","error":"\"knativebrokerttl\" not found"}
{"level":"info","ts":"2019-12-03T21:04:52.686Z","logger":"broker_ingress","caller":"ingress/ingress_handler.go:120","msg":"Error retrieving TTL, defaulting.","commit":"7655d9c","error":"\"knativebrokerttl\" not found"}
{"level":"info","ts":"2019-12-03T21:04:52.686Z","logger":"broker_ingress","caller":"ingress/ingress_handler.go:120","msg":"Error retrieving TTL, defaulting.","commit":"7655d9c","error":"\"knativebrokerttl\" not found"}
{"level":"info","ts":"2019-12-03T21:04:52.686Z","logger":"broker_ingress","caller":"ingress/ingress_handler.go:120","msg":"Error retrieving TTL, defaulting.","commit":"7655d9c","error":"\"knativebrokerttl\" not found"}
{"level":"info","ts":"2019-12-03T21:04:52.686Z","logger":"broker_ingress","caller":"ingress/ingress_handler.go:120","msg":"Error retrieving TTL, defaulting.","commit":"7655d9c","error":"\"knativebrokerttl\" not found"}
{"level":"info","ts":"2019-12-03T21:04:52.686Z","logger":"broker_ingress","caller":"ingress/ingress_handler.go:120","msg":"Error retrieving TTL, defaulting.","commit":"7655d9c","error":"\"knativebrokerttl\" not found"}
{"level":"info","ts":"2019-12-03T21:04:52.686Z","logger":"broker_ingress","caller":"ingress/ingress_handler.go:120","msg":"Error retrieving TTL, defaulting.","commit":"7655d9c","error":"\"knativebrokerttl\" not found"}
{"level":"info","ts":"2019-12-03T21:04:52.686Z","logger":"broker_ingress","caller":"ingress/ingress_handler.go:120","msg":"Error retrieving TTL, defaulting.","commit":"7655d9c","error":"\"knativebrokerttl\" not found"}
{"level":"info","ts":"2019-12-03T21:04:52.691Z","logger":"broker_ingress","caller":"ingress/ingress_handler.go:120","msg":"Error retrieving TTL, defaulting.","commit":"7655d9c","error":"\"knativebrokerttl\" not found"}
{"level":"info","ts":"2019-12-03T21:04:52.691Z","logger":"broker_ingress","caller":"ingress/ingress_handler.go:120","msg":"Error retrieving TTL, defaulting.","commit":"7655d9c","error":"\"knativebrokerttl\" not found"}
{"level":"info","ts":"2019-12-03T21:04:52.691Z","logger":"broker_ingress","caller":"ingress/ingress_handler.go:120","msg":"Error retrieving TTL, defaulting.","commit":"7655d9c","error":"\"knativebrokerttl\" not found"}
{"level":"info","ts":"2019-12-03T21:04:52.692Z","logger":"broker_ingress","caller":"ingress/ingress_handler.go:120","msg":"Error retrieving TTL, defaulting.","commit":"7655d9c","error":"\"knativebrokerttl\" not found"}
{"level":"info","ts":"2019-12-03T21:04:52.692Z","logger":"broker_ingress","caller":"ingress/ingress_handler.go:120","msg":"Error retrieving TTL, defaulting.","commit":"7655d9c","error":"\"knativebrokerttl\" not found"}
{"level":"info","ts":"2019-12-03T21:04:52.692Z","logger":"broker_ingress","caller":"ingress/ingress_handler.go:120","msg":"Error retrieving TTL, defaulting.","commit":"7655d9c","error":"\"knativebrokerttl\" not found"}
{"level":"info","ts":"2019-12-03T21:04:52.692Z","logger":"broker_ingress","caller":"ingress/ingress_handler.go:120","msg":"Error retrieving TTL, defaulting.","commit":"7655d9c","error":"\"knativebrokerttl\" not found"}
{"level":"info","ts":"2019-12-03T21:04:52.692Z","logger":"broker_ingress","caller":"ingress/ingress_handler.go:120","msg":"Error retrieving TTL, defaulting.","commit":"7655d9c","error":"\"knativebrokerttl\" not found"}
{"level":"info","ts":"2019-12-03T21:04:52.692Z","logger":"broker_ingress","caller":"ingress/ingress_handler.go:120","msg":"Error retrieving TTL, defaulting.","commit":"7655d9c","error":"\"knativebrokerttl\" not found"}
{"level":"info","ts":"2019-12-03T21:04:52.692Z","logger":"broker_ingress","caller":"ingress/ingress_handler.go:120","msg":"Error retrieving TTL, defaulting.","commit":"7655d9c","error":"\"knativebrokerttl\" not found"}
{"level":"info","ts":"2019-12-03T21:04:52.693Z","logger":"broker_ingress","caller":"ingress/ingress_handler.go:120","msg":"Error retrieving TTL, defaulting.","commit":"7655d9c","error":"\"knativebrokerttl\" not found"}
{"level":"info","ts":"2019-12-03T21:04:52.693Z","logger":"broker_ingress","caller":"ingress/ingress_handler.go:120","msg":"Error retrieving TTL, defaulting.","commit":"7655d9c","error":"\"knativebrokerttl\" not found"}
{"level":"info","ts":"2019-12-03T21:04:52.693Z","logger":"broker_ingress","caller":"ingress/ingress_handler.go:120","msg":"Error retrieving TTL, defaulting.","commit":"7655d9c","error":"\"knativebrokerttl\" not found"}
{"level":"info","ts":"2019-12-03T21:04:52.693Z","logger":"broker_ingress","caller":"ingress/ingress_handler.go:120","msg":"Error retrieving TTL, defaulting.","commit":"7655d9c","error":"\"knativebrokerttl\" not found"}
{"level":"info","ts":"2019-12-03T21:04:52.694Z","logger":"broker_ingress","caller":"ingress/ingress_handler.go:120","msg":"Error retrieving TTL, defaulting.","commit":"7655d9c","error":"\"knativebrokerttl\" not found"}
{"level":"info","ts":"2019-12-03T21:04:52.694Z","logger":"broker_ingress","caller":"ingress/ingress_handler.go:120","msg":"Error retrieving TTL, defaulting.","commit":"7655d9c","error":"\"knativebrokerttl\" not found"}
{"level":"info","ts":"2019-12-03T21:04:52.694Z","logger":"broker_ingress","caller":"ingress/ingress_handler.go:120","msg":"Error retrieving TTL, defaulting.","commit":"7655d9c","error":"\"knativebrokerttl\" not found"}
{"level":"info","ts":"2019-12-03T21:04:52.695Z","logger":"broker_ingress","caller":"ingress/ingress_handler.go:120","msg":"Error retrieving TTL, defaulting.","commit":"7655d9c","error":"\"knativebrokerttl\" not found"}
{"level":"info","ts":"2019-12-03T21:04:52.695Z","logger":"broker_ingress","caller":"ingress/ingress_handler.go:120","msg":"Error retrieving TTL, defaulting.","commit":"7655d9c","error":"\"knativebrokerttl\" not found"}
{"level":"info","ts":"2019-12-03T21:04:52.695Z","logger":"broker_ingress","caller":"ingress/ingress_handler.go:120","msg":"Error retrieving TTL, defaulting.","commit":"7655d9c","error":"\"knativebrokerttl\" not found"}
{"level":"info","ts":"2019-12-03T21:04:52.635Z","logger":"broker_ingress","caller":"ingress/ingress_handler.go:120","msg":"Error retrieving TTL, defaulting.","commit":"7655d9c","error":"\"knativebrokerttl\" not found"}
{"level":"info","ts":"2019-12-03T21:04:52.697Z","logger":"broker_ingress","caller":"ingress/ingress_handler.go:120","msg":"Error retrieving TTL, defaulting.","commit":"7655d9c","error":"\"knativebrokerttl\" not found"}
{"level":"info","ts":"2019-12-03T21:04:52.710Z","logger":"broker_ingress","caller":"ingress/ingress_handler.go:120","msg":"Error retrieving TTL, defaulting.","commit":"7655d9c","error":"\"knativebrokerttl\" not found"}
{"level":"info","ts":"2019-12-03T21:04:52.698Z","logger":"broker_ingress","caller":"ingress/ingress_handler.go:120","msg":"Error retrieving TTL, defaulting.","commit":"7655d9c","error":"\"knativebrokerttl\" not found"}
{"level":"info","ts":"2019-12-03T21:04:52.717Z","logger":"broker_ingress","caller":"ingress/ingress_handler.go:120","msg":"Error retrieving TTL, defaulting.","commit":"7655d9c","error":"\"knativebrokerttl\" not found"}
{"level":"info","ts":"2019-12-03T21:04:52.717Z","logger":"broker_ingress","caller":"ingress/ingress_handler.go:120","msg":"Error retrieving TTL, defaulting.","commit":"7655d9c","error":"\"knativebrokerttl\" not found"}
{"level":"info","ts":"2019-12-03T21:04:52.717Z","logger":"broker_ingress","caller":"ingress/ingress_handler.go:120","msg":"Error retrieving TTL, defaulting.","commit":"7655d9c","error":"\"knativebrokerttl\" not found"}
{"level":"info","ts":"2019-12-03T21:04:52.717Z","logger":"broker_ingress","caller":"ingress/ingress_handler.go:120","msg":"Error retrieving TTL, defaulting.","commit":"7655d9c","error":"\"knativebrokerttl\" not found"}
{"level":"info","ts":"2019-12-03T21:04:52.717Z","logger":"broker_ingress","caller":"ingress/ingress_handler.go:120","msg":"Error retrieving TTL, defaulting.","commit":"7655d9c","error":"\"knativebrokerttl\" not found"}
{"level":"info","ts":"2019-12-03T21:04:52.718Z","logger":"broker_ingress","caller":"ingress/ingress_handler.go:120","msg":"Error retrieving TTL, defaulting.","commit":"7655d9c","error":"\"knativebrokerttl\" not found"}
{"level":"info","ts":"2019-12-03T21:04:52.718Z","logger":"broker_ingress","caller":"ingress/ingress_handler.go:120","msg":"Error retrieving TTL, defaulting.","commit":"7655d9c","error":"\"knativebrokerttl\" not found"}
{"level":"info","ts":"2019-12-03T21:04:52.718Z","logger":"broker_ingress","caller":"ingress/ingress_handler.go:120","msg":"Error retrieving TTL, defaulting.","commit":"7655d9c","error":"\"knativebrokerttl\" not found"}
{"level":"info","ts":"2019-12-03T21:04:52.718Z","logger":"broker_ingress","caller":"ingress/ingress_handler.go:120","msg":"Error retrieving TTL, defaulting.","commit":"7655d9c","error":"\"knativebrokerttl\" not found"}
{"level":"info","ts":"2019-12-03T21:04:52.718Z","logger":"broker_ingress","caller":"ingress/ingress_handler.go:120","msg":"Error retrieving TTL, defaulting.","commit":"7655d9c","error":"\"knativebrokerttl\" not found"}
{"level":"info","ts":"2019-12-03T21:04:52.718Z","logger":"broker_ingress","caller":"ingress/ingress_handler.go:120","msg":"Error retrieving TTL, defaulting.","commit":"7655d9c","error":"\"knativebrokerttl\" not found"}
{"level":"info","ts":"2019-12-03T21:04:52.718Z","logger":"broker_ingress","caller":"ingress/ingress_handler.go:120","msg":"Error retrieving TTL, defaulting.","commit":"7655d9c","error":"\"knativebrokerttl\" not found"}
{"level":"info","ts":"2019-12-03T21:04:52.718Z","logger":"broker_ingress","caller":"ingress/ingress_handler.go:120","msg":"Error retrieving TTL, defaulting.","commit":"7655d9c","error":"\"knativebrokerttl\" not found"}
{"level":"info","ts":"2019-12-03T21:04:52.719Z","logger":"broker_ingress","caller":"ingress/ingress_handler.go:120","msg":"Error retrieving TTL, defaulting.","commit":"7655d9c","error":"\"knativebrokerttl\" not found"}
{"level":"info","ts":"2019-12-03T21:04:52.723Z","logger":"broker_ingress","caller":"ingress/ingress_handler.go:120","msg":"Error retrieving TTL, defaulting.","commit":"7655d9c","error":"\"knativebrokerttl\" not found"}
{"level":"info","ts":"2019-12-03T21:04:52.723Z","logger":"broker_ingress","caller":"ingress/ingress_handler.go:120","msg":"Error retrieving TTL, defaulting.","commit":"7655d9c","error":"\"knativebrokerttl\" not found"}
{"level":"info","ts":"2019-12-03T21:04:52.724Z","logger":"broker_ingress","caller":"ingress/ingress_handler.go:120","msg":"Error retrieving TTL, defaulting.","commit":"7655d9c","error":"\"knativebrokerttl\" not found"}
{"level":"info","ts":"2019-12-03T21:04:52.724Z","logger":"broker_ingress","caller":"ingress/ingress_handler.go:120","msg":"Error retrieving TTL, defaulting.","commit":"7655d9c","error":"\"knativebrokerttl\" not found"}
{"level":"info","ts":"2019-12-03T21:04:52.724Z","logger":"broker_ingress","caller":"ingress/ingress_handler.go:120","msg":"Error retrieving TTL, defaulting.","commit":"7655d9c","error":"\"knativebrokerttl\" not found"}
{"level":"info","ts":"2019-12-03T21:04:52.724Z","logger":"broker_ingress","caller":"ingress/ingress_handler.go:120","msg":"Error retrieving TTL, defaulting.","commit":"7655d9c","error":"\"knativebrokerttl\" not found"}
{"level":"info","ts":"2019-12-03T21:04:52.724Z","logger":"broker_ingress","caller":"ingress/ingress_handler.go:120","msg":"Error retrieving TTL, defaulting.","commit":"7655d9c","error":"\"knativebrokerttl\" not found"}
{"level":"info","ts":"2019-12-03T21:04:52.724Z","logger":"broker_ingress","caller":"ingress/ingress_handler.go:120","msg":"Error retrieving TTL, defaulting.","commit":"7655d9c","error":"\"knativebrokerttl\" not found"}
{"level":"info","ts":"2019-12-03T21:04:52.724Z","logger":"broker_ingress","caller":"ingress/ingress_handler.go:120","msg":"Error retrieving TTL, defaulting.","commit":"7655d9c","error":"\"knativebrokerttl\" not found"}
{"level":"info","ts":"2019-12-03T21:04:52.724Z","logger":"broker_ingress","caller":"ingress/ingress_handler.go:120","msg":"Error retrieving TTL, defaulting.","commit":"7655d9c","error":"\"knativebrokerttl\" not found"}
{"level":"info","ts":"2019-12-03T21:04:52.725Z","logger":"broker_ingress","caller":"ingress/ingress_handler.go:120","msg":"Error retrieving TTL, defaulting.","commit":"7655d9c","error":"\"knativebrokerttl\" not found"}
{"level":"info","ts":"2019-12-03T21:04:52.732Z","logger":"broker_ingress","caller":"ingress/ingress_handler.go:120","msg":"Error retrieving TTL, defaulting.","commit":"7655d9c","error":"\"knativebrokerttl\" not found"}
{"level":"info","ts":"2019-12-03T21:04:52.732Z","logger":"broker_ingress","caller":"ingress/ingress_handler.go:120","msg":"Error retrieving TTL, defaulting.","commit":"7655d9c","error":"\"knativebrokerttl\" not found"}
{"level":"info","ts":"2019-12-03T21:04:52.732Z","logger":"broker_ingress","caller":"ingress/ingress_handler.go:120","msg":"Error retrieving TTL, defaulting.","commit":"7655d9c","error":"\"knativebrokerttl\" not found"}
{"level":"info","ts":"2019-12-03T21:04:52.733Z","logger":"broker_ingress","caller":"ingress/ingress_handler.go:120","msg":"Error retrieving TTL, defaulting.","commit":"7655d9c","error":"\"knativebrokerttl\" not found"}
{"level":"info","ts":"2019-12-03T21:04:52.744Z","logger":"broker_ingress","caller":"ingress/ingress_handler.go:120","msg":"Error retrieving TTL, defaulting.","commit":"7655d9c","error":"\"knativebrokerttl\" not found"}
{"level":"info","ts":"2019-12-03T21:04:52.744Z","logger":"broker_ingress","caller":"ingress/ingress_handler.go:120","msg":"Error retrieving TTL, defaulting.","commit":"7655d9c","error":"\"knativebrokerttl\" not found"}
{"level":"info","ts":"2019-12-03T21:04:52.744Z","logger":"broker_ingress","caller":"ingress/ingress_handler.go:120","msg":"Error retrieving TTL, defaulting.","commit":"7655d9c","error":"\"knativebrokerttl\" not found"}
{"level":"info","ts":"2019-12-03T21:04:52.744Z","logger":"broker_ingress","caller":"ingress/ingress_handler.go:120","msg":"Error retrieving TTL, defaulting.","commit":"7655d9c","error":"\"knativebrokerttl\" not found"}
{"level":"info","ts":"2019-12-03T21:04:52.744Z","logger":"broker_ingress","caller":"ingress/ingress_handler.go:120","msg":"Error retrieving TTL, defaulting.","commit":"7655d9c","error":"\"knativebrokerttl\" not found"}
{"level":"info","ts":"2019-12-03T21:04:52.745Z","logger":"broker_ingress","caller":"ingress/ingress_handler.go:120","msg":"Error retrieving TTL, defaulting.","commit":"7655d9c","error":"\"knativebrokerttl\" not found"}
{"level":"info","ts":"2019-12-03T21:04:52.753Z","logger":"broker_ingress","caller":"ingress/ingress_handler.go:120","msg":"Error retrieving TTL, defaulting.","commit":"7655d9c","error":"\"knativebrokerttl\" not found"}
{"level":"info","ts":"2019-12-03T21:04:52.753Z","logger":"broker_ingress","caller":"ingress/ingress_handler.go:120","msg":"Error retrieving TTL, defaulting.","commit":"7655d9c","error":"\"knativebrokerttl\" not found"}
{"level":"info","ts":"2019-12-03T21:04:52.753Z","logger":"broker_ingress","caller":"ingress/ingress_handler.go:120","msg":"Error retrieving TTL, defaulting.","commit":"7655d9c","error":"\"knativebrokerttl\" not found"}
{"level":"info","ts":"2019-12-03T21:04:52.753Z","logger":"broker_ingress","caller":"ingress/ingress_handler.go:120","msg":"Error retrieving TTL, defaulting.","commit":"7655d9c","error":"\"knativebrokerttl\" not found"}
{"level":"info","ts":"2019-12-03T21:04:52.754Z","logger":"broker_ingress","caller":"ingress/ingress_handler.go:120","msg":"Error retrieving TTL, defaulting.","commit":"7655d9c","error":"\"knativebrokerttl\" not found"}
{"level":"info","ts":"2019-12-03T21:04:52.763Z","logger":"broker_ingress","caller":"ingress/ingress_handler.go:120","msg":"Error retrieving TTL, defaulting.","commit":"7655d9c","error":"\"knativebrokerttl\" not found"}
{"level":"info","ts":"2019-12-03T21:04:52.763Z","logger":"broker_ingress","caller":"ingress/ingress_handler.go:120","msg":"Error retrieving TTL, defaulting.","commit":"7655d9c","error":"\"knativebrokerttl\" not found"}
{"level":"info","ts":"2019-12-03T21:04:52.763Z","logger":"broker_ingress","caller":"ingress/ingress_handler.go:120","msg":"Error retrieving TTL, defaulting.","commit":"7655d9c","error":"\"knativebrokerttl\" not found"}
{"level":"info","ts":"2019-12-03T21:04:52.763Z","logger":"broker_ingress","caller":"ingress/ingress_handler.go:120","msg":"Error retrieving TTL, defaulting.","commit":"7655d9c","error":"\"knativebrokerttl\" not found"}
{"level":"info","ts":"2019-12-03T21:04:52.764Z","logger":"broker_ingress","caller":"ingress/ingress_handler.go:120","msg":"Error retrieving TTL, defaulting.","commit":"7655d9c","error":"\"knativebrokerttl\" not found"}
{"level":"info","ts":"2019-12-03T21:04:52.773Z","logger":"broker_ingress","caller":"ingress/ingress_handler.go:120","msg":"Error retrieving TTL, defaulting.","commit":"7655d9c","error":"\"knativebrokerttl\" not found"}
{"level":"info","ts":"2019-12-03T21:04:52.773Z","logger":"broker_ingress","caller":"ingress/ingress_handler.go:120","msg":"Error retrieving TTL, defaulting.","commit":"7655d9c","error":"\"knativebrokerttl\" not found"}
{"level":"info","ts":"2019-12-03T21:04:52.773Z","logger":"broker_ingress","caller":"ingress/ingress_handler.go:120","msg":"Error retrieving TTL, defaulting.","commit":"7655d9c","error":"\"knativebrokerttl\" not found"}
{"level":"info","ts":"2019-12-03T21:04:52.774Z","logger":"broker_ingress","caller":"ingress/ingress_handler.go:120","msg":"Error retrieving TTL, defaulting.","commit":"7655d9c","error":"\"knativebrokerttl\" not found"}
{"level":"info","ts":"2019-12-03T21:04:52.774Z","logger":"broker_ingress","caller":"ingress/ingress_handler.go:120","msg":"Error retrieving TTL, defaulting.","commit":"7655d9c","error":"\"knativebrokerttl\" not found"}
{"level":"info","ts":"2019-12-03T21:04:52.774Z","logger":"broker_ingress","caller":"ingress/ingress_handler.go:120","msg":"Error retrieving TTL, defaulting.","commit":"7655d9c","error":"\"knativebrokerttl\" not found"}
{"level":"info","ts":"2019-12-03T21:04:52.774Z","logger":"broker_ingress","caller":"ingress/ingress_handler.go:120","msg":"Error retrieving TTL, defaulting.","commit":"7655d9c","error":"\"knativebrokerttl\" not found"}
{"level":"info","ts":"2019-12-03T21:04:52.774Z","logger":"broker_ingress","caller":"ingress/ingress_handler.go:120","msg":"Error retrieving TTL, defaulting.","commit":"7655d9c","error":"\"knativebrokerttl\" not found"}
{"level":"info","ts":"2019-12-03T21:04:52.774Z","logger":"broker_ingress","caller":"ingress/ingress_handler.go:120","msg":"Error retrieving TTL, defaulting.","commit":"7655d9c","error":"\"knativebrokerttl\" not found"}
{"level":"info","ts":"2019-12-03T21:04:52.774Z","logger":"broker_ingress","caller":"ingress/ingress_handler.go:120","msg":"Error retrieving TTL, defaulting.","commit":"7655d9c","error":"\"knativebrokerttl\" not found"}
{"level":"info","ts":"2019-12-03T21:04:52.783Z","logger":"broker_ingress","caller":"ingress/ingress_handler.go:120","msg":"Error retrieving TTL, defaulting.","commit":"7655d9c","error":"\"knativebrokerttl\" not found"}
{"level":"info","ts":"2019-12-03T21:04:52.783Z","logger":"broker_ingress","caller":"ingress/ingress_handler.go:120","msg":"Error retrieving TTL, defaulting.","commit":"7655d9c","error":"\"knativebrokerttl\" not found"}
{"level":"info","ts":"2019-12-03T21:04:52.783Z","logger":"broker_ingress","caller":"ingress/ingress_handler.go:120","msg":"Error retrieving TTL, defaulting.","commit":"7655d9c","error":"\"knativebrokerttl\" not found"}
{"level":"info","ts":"2019-12-03T21:04:52.783Z","logger":"broker_ingress","caller":"ingress/ingress_handler.go:120","msg":"Error retrieving TTL, defaulting.","commit":"7655d9c","error":"\"knativebrokerttl\" not found"}
{"level":"info","ts":"2019-12-03T21:04:52.783Z","logger":"broker_ingress","caller":"ingress/ingress_handler.go:120","msg":"Error retrieving TTL, defaulting.","commit":"7655d9c","error":"\"knativebrokerttl\" not found"}
{"level":"info","ts":"2019-12-03T21:04:52.784Z","logger":"broker_ingress","caller":"ingress/ingress_handler.go:120","msg":"Error retrieving TTL, defaulting.","commit":"7655d9c","error":"\"knativebrokerttl\" not found"}
{"level":"info","ts":"2019-12-03T21:04:52.784Z","logger":"broker_ingress","caller":"ingress/ingress_handler.go:120","msg":"Error retrieving TTL, defaulting.","commit":"7655d9c","error":"\"knativebrokerttl\" not found"}
{"level":"info","ts":"2019-12-03T21:04:52.784Z","logger":"broker_ingress","caller":"ingress/ingress_handler.go:120","msg":"Error retrieving TTL, defaulting.","commit":"7655d9c","error":"\"knativebrokerttl\" not found"}
{"level":"info","ts":"2019-12-03T21:04:52.784Z","logger":"broker_ingress","caller":"ingress/ingress_handler.go:120","msg":"Error retrieving TTL, defaulting.","commit":"7655d9c","error":"\"knativebrokerttl\" not found"}
{"level":"info","ts":"2019-12-03T21:04:52.784Z","logger":"broker_ingress","caller":"ingress/ingress_handler.go:120","msg":"Error retrieving TTL, defaulting.","commit":"7655d9c","error":"\"knativebrokerttl\" not found"}
{"level":"info","ts":"2019-12-03T21:04:52.784Z","logger":"broker_ingress","caller":"ingress/ingress_handler.go:120","msg":"Error retrieving TTL, defaulting.","commit":"7655d9c","error":"\"knativebrokerttl\" not found"}
{"level":"info","ts":"2019-12-03T21:04:52.785Z","logger":"broker_ingress","caller":"ingress/ingress_handler.go:120","msg":"Error retrieving TTL, defaulting.","commit":"7655d9c","error":"\"knativebrokerttl\" not found"}
{"level":"info","ts":"2019-12-03T21:04:52.790Z","logger":"broker_ingress","caller":"ingress/ingress_handler.go:120","msg":"Error retrieving TTL, defaulting.","commit":"7655d9c","error":"\"knativebrokerttl\" not found"}
{"level":"info","ts":"2019-12-03T21:04:52.795Z","logger":"broker_ingress","caller":"ingress/ingress_handler.go:120","msg":"Error retrieving TTL, defaulting.","commit":"7655d9c","error":"\"knativebrokerttl\" not found"}
{"level":"info","ts":"2019-12-03T21:04:52.798Z","logger":"broker_ingress","caller":"ingress/ingress_handler.go:120","msg":"Error retrieving TTL, defaulting.","commit":"7655d9c","error":"\"knativebrokerttl\" not found"}
{"level":"info","ts":"2019-12-03T21:04:52.807Z","logger":"broker_ingress","caller":"ingress/ingress_handler.go:120","msg":"Error retrieving TTL, defaulting.","commit":"7655d9c","error":"\"knativebrokerttl\" not found"}
{"level":"info","ts":"2019-12-03T21:04:52.811Z","logger":"broker_ingress","caller":"ingress/ingress_handler.go:120","msg":"Error retrieving TTL, defaulting.","commit":"7655d9c","error":"\"knativebrokerttl\" not found"}
{"level":"info","ts":"2019-12-03T21:04:52.811Z","logger":"broker_ingress","caller":"ingress/ingress_handler.go:120","msg":"Error retrieving TTL, defaulting.","commit":"7655d9c","error":"\"knativebrokerttl\" not found"}
{"level":"info","ts":"2019-12-03T21:04:52.811Z","logger":"broker_ingress","caller":"ingress/ingress_handler.go:120","msg":"Error retrieving TTL, defaulting.","commit":"7655d9c","error":"\"knativebrokerttl\" not found"}
{"level":"info","ts":"2019-12-03T21:04:52.811Z","logger":"broker_ingress","caller":"ingress/ingress_handler.go:120","msg":"Error retrieving TTL, defaulting.","commit":"7655d9c","error":"\"knativebrokerttl\" not found"}
{"level":"info","ts":"2019-12-03T21:04:52.811Z","logger":"broker_ingress","caller":"ingress/ingress_handler.go:120","msg":"Error retrieving TTL, defaulting.","commit":"7655d9c","error":"\"knativebrokerttl\" not found"}
{"level":"info","ts":"2019-12-03T21:04:52.812Z","logger":"broker_ingress","caller":"ingress/ingress_handler.go:120","msg":"Error retrieving TTL, defaulting.","commit":"7655d9c","error":"\"knativebrokerttl\" not found"}
{"level":"info","ts":"2019-12-03T21:04:52.813Z","logger":"broker_ingress","caller":"ingress/ingress_handler.go:120","msg":"Error retrieving TTL, defaulting.","commit":"7655d9c","error":"\"knativebrokerttl\" not found"}
{"level":"info","ts":"2019-12-03T21:04:52.813Z","logger":"broker_ingress","caller":"ingress/ingress_handler.go:120","msg":"Error retrieving TTL, defaulting.","commit":"7655d9c","error":"\"knativebrokerttl\" not found"}
{"level":"info","ts":"2019-12-03T21:04:52.813Z","logger":"broker_ingress","caller":"ingress/ingress_handler.go:120","msg":"Error retrieving TTL, defaulting.","commit":"7655d9c","error":"\"knativebrokerttl\" not found"}
{"level":"info","ts":"2019-12-03T21:04:52.814Z","logger":"broker_ingress","caller":"ingress/ingress_handler.go:120","msg":"Error retrieving TTL, defaulting.","commit":"7655d9c","error":"\"knativebrokerttl\" not found"}
{"level":"info","ts":"2019-12-03T21:04:52.814Z","logger":"broker_ingress","caller":"ingress/ingress_handler.go:120","msg":"Error retrieving TTL, defaulting.","commit":"7655d9c","error":"\"knativebrokerttl\" not found"}
{"level":"info","ts":"2019-12-03T21:04:52.814Z","logger":"broker_ingress","caller":"ingress/ingress_handler.go:120","msg":"Error retrieving TTL, defaulting.","commit":"7655d9c","error":"\"knativebrokerttl\" not found"}
{"level":"info","ts":"2019-12-03T21:04:52.814Z","logger":"broker_ingress","caller":"ingress/ingress_handler.go:120","msg":"Error retrieving TTL, defaulting.","commit":"7655d9c","error":"\"knativebrokerttl\" not found"}
{"level":"info","ts":"2019-12-03T21:04:52.814Z","logger":"broker_ingress","caller":"ingress/ingress_handler.go:120","msg":"Error retrieving TTL, defaulting.","commit":"7655d9c","error":"\"knativebrokerttl\" not found"}
{"level":"info","ts":"2019-12-03T21:04:52.814Z","logger":"broker_ingress","caller":"ingress/ingress_handler.go:120","msg":"Error retrieving TTL, defaulting.","commit":"7655d9c","error":"\"knativebrokerttl\" not found"}
{"level":"info","ts":"2019-12-03T21:04:52.814Z","logger":"broker_ingress","caller":"ingress/ingress_handler.go:120","msg":"Error retrieving TTL, defaulting.","commit":"7655d9c","error":"\"knativebrokerttl\" not found"}
{"level":"info","ts":"2019-12-03T21:04:52.814Z","logger":"broker_ingress","caller":"ingress/ingress_handler.go:120","msg":"Error retrieving TTL, defaulting.","commit":"7655d9c","error":"\"knativebrokerttl\" not found"}
{"level":"info","ts":"2019-12-03T21:04:52.815Z","logger":"broker_ingress","caller":"ingress/ingress_handler.go:120","msg":"Error retrieving TTL, defaulting.","commit":"7655d9c","error":"\"knativebrokerttl\" not found"}
{"level":"info","ts":"2019-12-03T21:04:52.815Z","logger":"broker_ingress","caller":"ingress/ingress_handler.go:120","msg":"Error retrieving TTL, defaulting.","commit":"7655d9c","error":"\"knativebrokerttl\" not found"}
{"level":"info","ts":"2019-12-03T21:04:52.816Z","logger":"broker_ingress","caller":"ingress/ingress_handler.go:120","msg":"Error retrieving TTL, defaulting.","commit":"7655d9c","error":"\"knativebrokerttl\" not found"}
{"level":"info","ts":"2019-12-03T21:04:52.818Z","logger":"broker_ingress","caller":"ingress/ingress_handler.go:120","msg":"Error retrieving TTL, defaulting.","commit":"7655d9c","error":"\"knativebrokerttl\" not found"}
{"level":"info","ts":"2019-12-03T21:04:52.819Z","logger":"broker_ingress","caller":"ingress/ingress_handler.go:120","msg":"Error retrieving TTL, defaulting.","commit":"7655d9c","error":"\"knativebrokerttl\" not found"}
{"level":"info","ts":"2019-12-03T21:04:52.820Z","logger":"broker_ingress","caller":"ingress/ingress_handler.go:120","msg":"Error retrieving TTL, defaulting.","commit":"7655d9c","error":"\"knativebrokerttl\" not found"}
{"level":"info","ts":"2019-12-03T21:04:52.820Z","logger":"broker_ingress","caller":"ingress/ingress_handler.go:120","msg":"Error retrieving TTL, defaulting.","commit":"7655d9c","error":"\"knativebrokerttl\" not found"}
{"level":"info","ts":"2019-12-03T21:04:52.821Z","logger":"broker_ingress","caller":"ingress/ingress_handler.go:120","msg":"Error retrieving TTL, defaulting.","commit":"7655d9c","error":"\"knativebrokerttl\" not found"}
{"level":"info","ts":"2019-12-03T21:04:52.822Z","logger":"broker_ingress","caller":"ingress/ingress_handler.go:120","msg":"Error retrieving TTL, defaulting.","commit":"7655d9c","error":"\"knativebrokerttl\" not found"}
{"level":"info","ts":"2019-12-03T21:04:52.823Z","logger":"broker_ingress","caller":"ingress/ingress_handler.go:120","msg":"Error retrieving TTL, defaulting.","commit":"7655d9c","error":"\"knativebrokerttl\" not found"}
{"level":"info","ts":"2019-12-03T21:04:52.825Z","logger":"broker_ingress","caller":"ingress/ingress_handler.go:120","msg":"Error retrieving TTL, defaulting.","commit":"7655d9c","error":"\"knativebrokerttl\" not found"}
{"level":"info","ts":"2019-12-03T21:04:52.825Z","logger":"broker_ingress","caller":"ingress/ingress_handler.go:120","msg":"Error retrieving TTL, defaulting.","commit":"7655d9c","error":"\"knativebrokerttl\" not found"}
{"level":"info","ts":"2019-12-03T21:04:52.826Z","logger":"broker_ingress","caller":"ingress/ingress_handler.go:120","msg":"Error retrieving TTL, defaulting.","commit":"7655d9c","error":"\"knativebrokerttl\" not found"}
{"level":"info","ts":"2019-12-03T21:04:52.827Z","logger":"broker_ingress","caller":"ingress/ingress_handler.go:120","msg":"Error retrieving TTL, defaulting.","commit":"7655d9c","error":"\"knativebrokerttl\" not found"}
{"level":"info","ts":"2019-12-03T21:04:52.828Z","logger":"broker_ingress","caller":"ingress/ingress_handler.go:120","msg":"Error retrieving TTL, defaulting.","commit":"7655d9c","error":"\"knativebrokerttl\" not found"}
{"level":"info","ts":"2019-12-03T21:04:52.831Z","logger":"broker_ingress","caller":"ingress/ingress_handler.go:120","msg":"Error retrieving TTL, defaulting.","commit":"7655d9c","error":"\"knativebrokerttl\" not found"}
{"level":"info","ts":"2019-12-03T21:04:52.831Z","logger":"broker_ingress","caller":"ingress/ingress_handler.go:120","msg":"Error retrieving TTL, defaulting.","commit":"7655d9c","error":"\"knativebrokerttl\" not found"}
{"level":"info","ts":"2019-12-03T21:04:52.830Z","logger":"broker_ingress","caller":"ingress/ingress_handler.go:120","msg":"Error retrieving TTL, defaulting.","commit":"7655d9c","error":"\"knativebrokerttl\" not found"}
{"level":"info","ts":"2019-12-03T21:04:52.832Z","logger":"broker_ingress","caller":"ingress/ingress_handler.go:120","msg":"Error retrieving TTL, defaulting.","commit":"7655d9c","error":"\"knativebrokerttl\" not found"}
{"level":"info","ts":"2019-12-03T21:04:52.834Z","logger":"broker_ingress","caller":"ingress/ingress_handler.go:120","msg":"Error retrieving TTL, defaulting.","commit":"7655d9c","error":"\"knativebrokerttl\" not found"}
{"level":"info","ts":"2019-12-03T21:04:52.836Z","logger":"broker_ingress","caller":"ingress/ingress_handler.go:120","msg":"Error retrieving TTL, defaulting.","commit":"7655d9c","error":"\"knativebrokerttl\" not found"}
{"level":"info","ts":"2019-12-03T21:04:52.836Z","logger":"broker_ingress","caller":"ingress/ingress_handler.go:120","msg":"Error retrieving TTL, defaulting.","commit":"7655d9c","error":"\"knativebrokerttl\" not found"}
{"level":"info","ts":"2019-12-03T21:04:52.838Z","logger":"broker_ingress","caller":"ingress/ingress_handler.go:120","msg":"Error retrieving TTL, defaulting.","commit":"7655d9c","error":"\"knativebrokerttl\" not found"}
{"level":"info","ts":"2019-12-03T21:04:52.842Z","logger":"broker_ingress","caller":"ingress/ingress_handler.go:120","msg":"Error retrieving TTL, defaulting.","commit":"7655d9c","error":"\"knativebrokerttl\" not found"}
{"level":"info","ts":"2019-12-03T21:04:52.842Z","logger":"broker_ingress","caller":"ingress/ingress_handler.go:120","msg":"Error retrieving TTL, defaulting.","commit":"7655d9c","error":"\"knativebrokerttl\" not found"}
{"level":"info","ts":"2019-12-03T21:04:52.842Z","logger":"broker_ingress","caller":"ingress/ingress_handler.go:120","msg":"Error retrieving TTL, defaulting.","commit":"7655d9c","error":"\"knativebrokerttl\" not found"}
{"level":"info","ts":"2019-12-03T21:04:52.843Z","logger":"broker_ingress","caller":"ingress/ingress_handler.go:120","msg":"Error retrieving TTL, defaulting.","commit":"7655d9c","error":"\"knativebrokerttl\" not found"}
{"level":"info","ts":"2019-12-03T21:04:52.843Z","logger":"broker_ingress","caller":"ingress/ingress_handler.go:120","msg":"Error retrieving TTL, defaulting.","commit":"7655d9c","error":"\"knativebrokerttl\" not found"}
{"level":"info","ts":"2019-12-03T21:04:52.843Z","logger":"broker_ingress","caller":"ingress/ingress_handler.go:120","msg":"Error retrieving TTL, defaulting.","commit":"7655d9c","error":"\"knativebrokerttl\" not found"}
{"level":"info","ts":"2019-12-03T21:04:52.843Z","logger":"broker_ingress","caller":"ingress/ingress_handler.go:120","msg":"Error retrieving TTL, defaulting.","commit":"7655d9c","error":"\"knativebrokerttl\" not found"}
{"level":"info","ts":"2019-12-03T21:04:52.843Z","logger":"broker_ingress","caller":"ingress/ingress_handler.go:120","msg":"Error retrieving TTL, defaulting.","commit":"7655d9c","error":"\"knativebrokerttl\" not found"}
{"level":"info","ts":"2019-12-03T21:04:52.843Z","logger":"broker_ingress","caller":"ingress/ingress_handler.go:120","msg":"Error retrieving TTL, defaulting.","commit":"7655d9c","error":"\"knativebrokerttl\" not found"}
{"level":"info","ts":"2019-12-03T21:04:52.844Z","logger":"broker_ingress","caller":"ingress/ingress_handler.go:120","msg":"Error retrieving TTL, defaulting.","commit":"7655d9c","error":"\"knativebrokerttl\" not found"}
{"level":"info","ts":"2019-12-03T21:04:52.850Z","logger":"broker_ingress","caller":"ingress/ingress_handler.go:120","msg":"Error retrieving TTL, defaulting.","commit":"7655d9c","error":"\"knativebrokerttl\" not found"}
{"level":"info","ts":"2019-12-03T21:04:52.850Z","logger":"broker_ingress","caller":"ingress/ingress_handler.go:120","msg":"Error retrieving TTL, defaulting.","commit":"7655d9c","error":"\"knativebrokerttl\" not found"}
{"level":"info","ts":"2019-12-03T21:04:52.850Z","logger":"broker_ingress","caller":"ingress/ingress_handler.go:120","msg":"Error retrieving TTL, defaulting.","commit":"7655d9c","error":"\"knativebrokerttl\" not found"}
{"level":"info","ts":"2019-12-03T21:04:52.850Z","logger":"broker_ingress","caller":"ingress/ingress_handler.go:120","msg":"Error retrieving TTL, defaulting.","commit":"7655d9c","error":"\"knativebrokerttl\" not found"}
{"level":"info","ts":"2019-12-03T21:04:52.851Z","logger":"broker_ingress","caller":"ingress/ingress_handler.go:120","msg":"Error retrieving TTL, defaulting.","commit":"7655d9c","error":"\"knativebrokerttl\" not found"}
{"level":"info","ts":"2019-12-03T21:04:52.851Z","logger":"broker_ingress","caller":"ingress/ingress_handler.go:120","msg":"Error retrieving TTL, defaulting.","commit":"7655d9c","error":"\"knativebrokerttl\" not found"}
{"level":"info","ts":"2019-12-03T21:04:52.851Z","logger":"broker_ingress","caller":"ingress/ingress_handler.go:120","msg":"Error retrieving TTL, defaulting.","commit":"7655d9c","error":"\"knativebrokerttl\" not found"}
{"level":"info","ts":"2019-12-03T21:04:52.851Z","logger":"broker_ingress","caller":"ingress/ingress_handler.go:120","msg":"Error retrieving TTL, defaulting.","commit":"7655d9c","error":"\"knativebrokerttl\" not found"}
{"level":"info","ts":"2019-12-03T21:04:52.851Z","logger":"broker_ingress","caller":"ingress/ingress_handler.go:120","msg":"Error retrieving TTL, defaulting.","commit":"7655d9c","error":"\"knativebrokerttl\" not found"}
{"level":"info","ts":"2019-12-03T21:04:52.851Z","logger":"broker_ingress","caller":"ingress/ingress_handler.go:120","msg":"Error retrieving TTL, defaulting.","commit":"7655d9c","error":"\"knativebrokerttl\" not found"}
{"level":"info","ts":"2019-12-03T21:04:52.858Z","logger":"broker_ingress","caller":"ingress/ingress_handler.go:120","msg":"Error retrieving TTL, defaulting.","commit":"7655d9c","error":"\"knativebrokerttl\" not found"}
{"level":"info","ts":"2019-12-03T21:04:52.870Z","logger":"broker_ingress","caller":"ingress/ingress_handler.go:120","msg":"Error retrieving TTL, defaulting.","commit":"7655d9c","error":"\"knativebrokerttl\" not found"}
{"level":"info","ts":"2019-12-03T21:04:52.870Z","logger":"broker_ingress","caller":"ingress/ingress_handler.go:120","msg":"Error retrieving TTL, defaulting.","commit":"7655d9c","error":"\"knativebrokerttl\" not found"}
{"level":"info","ts":"2019-12-03T21:04:52.870Z","logger":"broker_ingress","caller":"ingress/ingress_handler.go:120","msg":"Error retrieving TTL, defaulting.","commit":"7655d9c","error":"\"knativebrokerttl\" not found"}
{"level":"info","ts":"2019-12-03T21:04:52.870Z","logger":"broker_ingress","caller":"ingress/ingress_handler.go:120","msg":"Error retrieving TTL, defaulting.","commit":"7655d9c","error":"\"knativebrokerttl\" not found"}
{"level":"info","ts":"2019-12-03T21:04:52.871Z","logger":"broker_ingress","caller":"ingress/ingress_handler.go:120","msg":"Error retrieving TTL, defaulting.","commit":"7655d9c","error":"\"knativebrokerttl\" not found"}
{"level":"info","ts":"2019-12-03T21:04:52.871Z","logger":"broker_ingress","caller":"ingress/ingress_handler.go:120","msg":"Error retrieving TTL, defaulting.","commit":"7655d9c","error":"\"knativebrokerttl\" not found"}
{"level":"info","ts":"2019-12-03T21:04:52.871Z","logger":"broker_ingress","caller":"ingress/ingress_handler.go:120","msg":"Error retrieving TTL, defaulting.","commit":"7655d9c","error":"\"knativebrokerttl\" not found"}
{"level":"info","ts":"2019-12-03T21:04:52.871Z","logger":"broker_ingress","caller":"ingress/ingress_handler.go:120","msg":"Error retrieving TTL, defaulting.","commit":"7655d9c","error":"\"knativebrokerttl\" not found"}
{"level":"info","ts":"2019-12-03T21:04:52.871Z","logger":"broker_ingress","caller":"ingress/ingress_handler.go:120","msg":"Error retrieving TTL, defaulting.","commit":"7655d9c","error":"\"knativebrokerttl\" not found"}
{"level":"info","ts":"2019-12-03T21:04:52.871Z","logger":"broker_ingress","caller":"ingress/ingress_handler.go:120","msg":"Error retrieving TTL, defaulting.","commit":"7655d9c","error":"\"knativebrokerttl\" not found"}
{"level":"info","ts":"2019-12-03T21:04:52.872Z","logger":"broker_ingress","caller":"ingress/ingress_handler.go:120","msg":"Error retrieving TTL, defaulting.","commit":"7655d9c","error":"\"knativebrokerttl\" not found"}
{"level":"info","ts":"2019-12-03T21:04:52.872Z","logger":"broker_ingress","caller":"ingress/ingress_handler.go:120","msg":"Error retrieving TTL, defaulting.","commit":"7655d9c","error":"\"knativebrokerttl\" not found"}
{"level":"info","ts":"2019-12-03T21:04:52.872Z","logger":"broker_ingress","caller":"ingress/ingress_handler.go:120","msg":"Error retrieving TTL, defaulting.","commit":"7655d9c","error":"\"knativebrokerttl\" not found"}
{"level":"info","ts":"2019-12-03T21:04:52.872Z","logger":"broker_ingress","caller":"ingress/ingress_handler.go:120","msg":"Error retrieving TTL, defaulting.","commit":"7655d9c","error":"\"knativebrokerttl\" not found"}
{"level":"info","ts":"2019-12-03T21:04:52.873Z","logger":"broker_ingress","caller":"ingress/ingress_handler.go:120","msg":"Error retrieving TTL, defaulting.","commit":"7655d9c","error":"\"knativebrokerttl\" not found"}
{"level":"info","ts":"2019-12-03T21:04:52.873Z","logger":"broker_ingress","caller":"ingress/ingress_handler.go:120","msg":"Error retrieving TTL, defaulting.","commit":"7655d9c","error":"\"knativebrokerttl\" not found"}
{"level":"info","ts":"2019-12-03T21:04:52.873Z","logger":"broker_ingress","caller":"ingress/ingress_handler.go:120","msg":"Error retrieving TTL, defaulting.","commit":"7655d9c","error":"\"knativebrokerttl\" not found"}
{"level":"info","ts":"2019-12-03T21:04:52.873Z","logger":"broker_ingress","caller":"ingress/ingress_handler.go:120","msg":"Error retrieving TTL, defaulting.","commit":"7655d9c","error":"\"knativebrokerttl\" not found"}
{"level":"info","ts":"2019-12-03T21:04:52.873Z","logger":"broker_ingress","caller":"ingress/ingress_handler.go:120","msg":"Error retrieving TTL, defaulting.","commit":"7655d9c","error":"\"knativebrokerttl\" not found"}
{"level":"info","ts":"2019-12-03T21:04:52.874Z","logger":"broker_ingress","caller":"ingress/ingress_handler.go:120","msg":"Error retrieving TTL, defaulting.","commit":"7655d9c","error":"\"knativebrokerttl\" not found"}
{"level":"info","ts":"2019-12-03T21:04:52.880Z","logger":"broker_ingress","caller":"ingress/ingress_handler.go:120","msg":"Error retrieving TTL, defaulting.","commit":"7655d9c","error":"\"knativebrokerttl\" not found"}
{"level":"info","ts":"2019-12-03T21:04:52.880Z","logger":"broker_ingress","caller":"ingress/ingress_handler.go:120","msg":"Error retrieving TTL, defaulting.","commit":"7655d9c","error":"\"knativebrokerttl\" not found"}
{"level":"info","ts":"2019-12-03T21:04:52.880Z","logger":"broker_ingress","caller":"ingress/ingress_handler.go:120","msg":"Error retrieving TTL, defaulting.","commit":"7655d9c","error":"\"knativebrokerttl\" not found"}
{"level":"info","ts":"2019-12-03T21:04:52.880Z","logger":"broker_ingress","caller":"ingress/ingress_handler.go:120","msg":"Error retrieving TTL, defaulting.","commit":"7655d9c","error":"\"knativebrokerttl\" not found"}
{"level":"info","ts":"2019-12-03T21:04:52.881Z","logger":"broker_ingress","caller":"ingress/ingress_handler.go:120","msg":"Error retrieving TTL, defaulting.","commit":"7655d9c","error":"\"knativebrokerttl\" not found"}
{"level":"info","ts":"2019-12-03T21:04:52.882Z","logger":"broker_ingress","caller":"ingress/ingress_handler.go:120","msg":"Error retrieving TTL, defaulting.","commit":"7655d9c","error":"\"knativebrokerttl\" not found"}
{"level":"info","ts":"2019-12-03T21:04:52.884Z","logger":"broker_ingress","caller":"ingress/ingress_handler.go:120","msg":"Error retrieving TTL, defaulting.","commit":"7655d9c","error":"\"knativebrokerttl\" not found"}
{"level":"info","ts":"2019-12-03T21:04:52.884Z","logger":"broker_ingress","caller":"ingress/ingress_handler.go:120","msg":"Error retrieving TTL, defaulting.","commit":"7655d9c","error":"\"knativebrokerttl\" not found"}
{"level":"info","ts":"2019-12-03T21:04:52.884Z","logger":"broker_ingress","caller":"ingress/ingress_handler.go:120","msg":"Error retrieving TTL, defaulting.","commit":"7655d9c","error":"\"knativebrokerttl\" not found"}
{"level":"info","ts":"2019-12-03T21:04:52.884Z","logger":"broker_ingress","caller":"ingress/ingress_handler.go:120","msg":"Error retrieving TTL, defaulting.","commit":"7655d9c","error":"\"knativebrokerttl\" not found"}
{"level":"info","ts":"2019-12-03T21:04:52.884Z","logger":"broker_ingress","caller":"ingress/ingress_handler.go:120","msg":"Error retrieving TTL, defaulting.","commit":"7655d9c","error":"\"knativebrokerttl\" not found"}
{"level":"info","ts":"2019-12-03T21:04:52.884Z","logger":"broker_ingress","caller":"ingress/ingress_handler.go:120","msg":"Error retrieving TTL, defaulting.","commit":"7655d9c","error":"\"knativebrokerttl\" not found"}
{"level":"info","ts":"2019-12-03T21:04:52.885Z","logger":"broker_ingress","caller":"ingress/ingress_handler.go:120","msg":"Error retrieving TTL, defaulting.","commit":"7655d9c","error":"\"knativebrokerttl\" not found"}
{"level":"info","ts":"2019-12-03T21:04:52.886Z","logger":"broker_ingress","caller":"ingress/ingress_handler.go:120","msg":"Error retrieving TTL, defaulting.","commit":"7655d9c","error":"\"knativebrokerttl\" not found"}
{"level":"info","ts":"2019-12-03T21:04:52.886Z","logger":"broker_ingress","caller":"ingress/ingress_handler.go:120","msg":"Error retrieving TTL, defaulting.","commit":"7655d9c","error":"\"knativebrokerttl\" not found"}
{"level":"info","ts":"2019-12-03T21:04:52.886Z","logger":"broker_ingress","caller":"ingress/ingress_handler.go:120","msg":"Error retrieving TTL, defaulting.","commit":"7655d9c","error":"\"knativebrokerttl\" not found"}
{"level":"info","ts":"2019-12-03T21:04:52.886Z","logger":"broker_ingress","caller":"ingress/ingress_handler.go:120","msg":"Error retrieving TTL, defaulting.","commit":"7655d9c","error":"\"knativebrokerttl\" not found"}
{"level":"info","ts":"2019-12-03T21:04:52.886Z","logger":"broker_ingress","caller":"ingress/ingress_handler.go:120","msg":"Error retrieving TTL, defaulting.","commit":"7655d9c","error":"\"knativebrokerttl\" not found"}
{"level":"info","ts":"2019-12-03T21:04:52.887Z","logger":"broker_ingress","caller":"ingress/ingress_handler.go:120","msg":"Error retrieving TTL, defaulting.","commit":"7655d9c","error":"\"knativebrokerttl\" not found"}
{"level":"info","ts":"2019-12-03T21:04:52.887Z","logger":"broker_ingress","caller":"ingress/ingress_handler.go:120","msg":"Error retrieving TTL, defaulting.","commit":"7655d9c","error":"\"knativebrokerttl\" not found"}
{"level":"info","ts":"2019-12-03T21:04:52.887Z","logger":"broker_ingress","caller":"ingress/ingress_handler.go:120","msg":"Error retrieving TTL, defaulting.","commit":"7655d9c","error":"\"knativebrokerttl\" not found"}
{"level":"info","ts":"2019-12-03T21:04:52.887Z","logger":"broker_ingress","caller":"ingress/ingress_handler.go:120","msg":"Error retrieving TTL, defaulting.","commit":"7655d9c","error":"\"knativebrokerttl\" not found"}
{"level":"info","ts":"2019-12-03T21:04:52.887Z","logger":"broker_ingress","caller":"ingress/ingress_handler.go:120","msg":"Error retrieving TTL, defaulting.","commit":"7655d9c","error":"\"knativebrokerttl\" not found"}
{"level":"info","ts":"2019-12-03T21:04:52.887Z","logger":"broker_ingress","caller":"ingress/ingress_handler.go:120","msg":"Error retrieving TTL, defaulting.","commit":"7655d9c","error":"\"knativebrokerttl\" not found"}
{"level":"info","ts":"2019-12-03T21:04:52.888Z","logger":"broker_ingress","caller":"ingress/ingress_handler.go:120","msg":"Error retrieving TTL, defaulting.","commit":"7655d9c","error":"\"knativebrokerttl\" not found"}
{"level":"info","ts":"2019-12-03T21:04:52.892Z","logger":"broker_ingress","caller":"ingress/ingress_handler.go:120","msg":"Error retrieving TTL, defaulting.","commit":"7655d9c","error":"\"knativebrokerttl\" not found"}
{"level":"info","ts":"2019-12-03T21:04:52.892Z","logger":"broker_ingress","caller":"ingress/ingress_handler.go:120","msg":"Error retrieving TTL, defaulting.","commit":"7655d9c","error":"\"knativebrokerttl\" not found"}
{"level":"info","ts":"2019-12-03T21:04:52.892Z","logger":"broker_ingress","caller":"ingress/ingress_handler.go:120","msg":"Error retrieving TTL, defaulting.","commit":"7655d9c","error":"\"knativebrokerttl\" not found"}
{"level":"info","ts":"2019-12-03T21:04:52.892Z","logger":"broker_ingress","caller":"ingress/ingress_handler.go:120","msg":"Error retrieving TTL, defaulting.","commit":"7655d9c","error":"\"knativebrokerttl\" not found"}
{"level":"info","ts":"2019-12-03T21:04:52.892Z","logger":"broker_ingress","caller":"ingress/ingress_handler.go:120","msg":"Error retrieving TTL, defaulting.","commit":"7655d9c","error":"\"knativebrokerttl\" not found"}
{"level":"info","ts":"2019-12-03T21:04:52.893Z","logger":"broker_ingress","caller":"ingress/ingress_handler.go:120","msg":"Error retrieving TTL, defaulting.","commit":"7655d9c","error":"\"knativebrokerttl\" not found"}
{"level":"info","ts":"2019-12-03T21:04:52.893Z","logger":"broker_ingress","caller":"ingress/ingress_handler.go:120","msg":"Error retrieving TTL, defaulting.","commit":"7655d9c","error":"\"knativebrokerttl\" not found"}
{"level":"info","ts":"2019-12-03T21:04:52.893Z","logger":"broker_ingress","caller":"ingress/ingress_handler.go:120","msg":"Error retrieving TTL, defaulting.","commit":"7655d9c","error":"\"knativebrokerttl\" not found"}
{"level":"info","ts":"2019-12-03T21:04:52.893Z","logger":"broker_ingress","caller":"ingress/ingress_handler.go:120","msg":"Error retrieving TTL, defaulting.","commit":"7655d9c","error":"\"knativebrokerttl\" not found"}
{"level":"info","ts":"2019-12-03T21:04:52.893Z","logger":"broker_ingress","caller":"ingress/ingress_handler.go:120","msg":"Error retrieving TTL, defaulting.","commit":"7655d9c","error":"\"knativebrokerttl\" not found"}
{"level":"info","ts":"2019-12-03T21:04:52.893Z","logger":"broker_ingress","caller":"ingress/ingress_handler.go:120","msg":"Error retrieving TTL, defaulting.","commit":"7655d9c","error":"\"knativebrokerttl\" not found"}
{"level":"info","ts":"2019-12-03T21:04:52.893Z","logger":"broker_ingress","caller":"ingress/ingress_handler.go:120","msg":"Error retrieving TTL, defaulting.","commit":"7655d9c","error":"\"knativebrokerttl\" not found"}
{"level":"info","ts":"2019-12-03T21:04:52.893Z","logger":"broker_ingress","caller":"ingress/ingress_handler.go:120","msg":"Error retrieving TTL, defaulting.","commit":"7655d9c","error":"\"knativebrokerttl\" not found"}
{"level":"info","ts":"2019-12-03T21:04:52.894Z","logger":"broker_ingress","caller":"ingress/ingress_handler.go:120","msg":"Error retrieving TTL, defaulting.","commit":"7655d9c","error":"\"knativebrokerttl\" not found"}
{"level":"info","ts":"2019-12-03T21:04:52.894Z","logger":"broker_ingress","caller":"ingress/ingress_handler.go:120","msg":"Error retrieving TTL, defaulting.","commit":"7655d9c","error":"\"knativebrokerttl\" not found"}
{"level":"info","ts":"2019-12-03T21:04:52.894Z","logger":"broker_ingress","caller":"ingress/ingress_handler.go:120","msg":"Error retrieving TTL, defaulting.","commit":"7655d9c","error":"\"knativebrokerttl\" not found"}
{"level":"info","ts":"2019-12-03T21:04:52.894Z","logger":"broker_ingress","caller":"ingress/ingress_handler.go:120","msg":"Error retrieving TTL, defaulting.","commit":"7655d9c","error":"\"knativebrokerttl\" not found"}
{"level":"info","ts":"2019-12-03T21:04:52.894Z","logger":"broker_ingress","caller":"ingress/ingress_handler.go:120","msg":"Error retrieving TTL, defaulting.","commit":"7655d9c","error":"\"knativebrokerttl\" not found"}
{"level":"info","ts":"2019-12-03T21:04:52.894Z","logger":"broker_ingress","caller":"ingress/ingress_handler.go:120","msg":"Error retrieving TTL, defaulting.","commit":"7655d9c","error":"\"knativebrokerttl\" not found"}
{"level":"info","ts":"2019-12-03T21:04:52.895Z","logger":"broker_ingress","caller":"ingress/ingress_handler.go:120","msg":"Error retrieving TTL, defaulting.","commit":"7655d9c","error":"\"knativebrokerttl\" not found"}
{"level":"info","ts":"2019-12-03T21:04:52.906Z","logger":"broker_ingress","caller":"ingress/ingress_handler.go:120","msg":"Error retrieving TTL, defaulting.","commit":"7655d9c","error":"\"knativebrokerttl\" not found"}
{"level":"info","ts":"2019-12-03T21:04:52.914Z","logger":"broker_ingress","caller":"ingress/ingress_handler.go:120","msg":"Error retrieving TTL, defaulting.","commit":"7655d9c","error":"\"knativebrokerttl\" not found"}
{"level":"info","ts":"2019-12-03T21:04:52.914Z","logger":"broker_ingress","caller":"ingress/ingress_handler.go:120","msg":"Error retrieving TTL, defaulting.","commit":"7655d9c","error":"\"knativebrokerttl\" not found"}
{"level":"info","ts":"2019-12-03T21:04:52.914Z","logger":"broker_ingress","caller":"ingress/ingress_handler.go:120","msg":"Error retrieving TTL, defaulting.","commit":"7655d9c","error":"\"knativebrokerttl\" not found"}
{"level":"info","ts":"2019-12-03T21:04:52.915Z","logger":"broker_ingress","caller":"ingress/ingress_handler.go:120","msg":"Error retrieving TTL, defaulting.","commit":"7655d9c","error":"\"knativebrokerttl\" not found"}
{"level":"info","ts":"2019-12-03T21:04:52.917Z","logger":"broker_ingress","caller":"ingress/ingress_handler.go:120","msg":"Error retrieving TTL, defaulting.","commit":"7655d9c","error":"\"knativebrokerttl\" not found"}
{"level":"info","ts":"2019-12-03T21:04:52.921Z","logger":"broker_ingress","caller":"ingress/ingress_handler.go:120","msg":"Error retrieving TTL, defaulting.","commit":"7655d9c","error":"\"knativebrokerttl\" not found"}
{"level":"info","ts":"2019-12-03T21:04:52.921Z","logger":"broker_ingress","caller":"ingress/ingress_handler.go:120","msg":"Error retrieving TTL, defaulting.","commit":"7655d9c","error":"\"knativebrokerttl\" not found"}
{"level":"info","ts":"2019-12-03T21:04:52.921Z","logger":"broker_ingress","caller":"ingress/ingress_handler.go:120","msg":"Error retrieving TTL, defaulting.","commit":"7655d9c","error":"\"knativebrokerttl\" not found"}
{"level":"info","ts":"2019-12-03T21:04:52.921Z","logger":"broker_ingress","caller":"ingress/ingress_handler.go:120","msg":"Error retrieving TTL, defaulting.","commit":"7655d9c","error":"\"knativebrokerttl\" not found"}
{"level":"info","ts":"2019-12-03T21:04:52.921Z","logger":"broker_ingress","caller":"ingress/ingress_handler.go:120","msg":"Error retrieving TTL, defaulting.","commit":"7655d9c","error":"\"knativebrokerttl\" not found"}
{"level":"info","ts":"2019-12-03T21:04:52.922Z","logger":"broker_ingress","caller":"ingress/ingress_handler.go:120","msg":"Error retrieving TTL, defaulting.","commit":"7655d9c","error":"\"knativebrokerttl\" not found"}
{"level":"info","ts":"2019-12-03T21:04:52.926Z","logger":"broker_ingress","caller":"ingress/ingress_handler.go:120","msg":"Error retrieving TTL, defaulting.","commit":"7655d9c","error":"\"knativebrokerttl\" not found"}
{"level":"info","ts":"2019-12-03T21:04:52.926Z","logger":"broker_ingress","caller":"ingress/ingress_handler.go:120","msg":"Error retrieving TTL, defaulting.","commit":"7655d9c","error":"\"knativebrokerttl\" not found"}
{"level":"info","ts":"2019-12-03T21:04:52.926Z","logger":"broker_ingress","caller":"ingress/ingress_handler.go:120","msg":"Error retrieving TTL, defaulting.","commit":"7655d9c","error":"\"knativebrokerttl\" not found"}
{"level":"info","ts":"2019-12-03T21:04:52.927Z","logger":"broker_ingress","caller":"ingress/ingress_handler.go:120","msg":"Error retrieving TTL, defaulting.","commit":"7655d9c","error":"\"knativebrokerttl\" not found"}
{"level":"info","ts":"2019-12-03T21:04:52.922Z","logger":"broker_ingress","caller":"ingress/ingress_handler.go:120","msg":"Error retrieving TTL, defaulting.","commit":"7655d9c","error":"\"knativebrokerttl\" not found"}
{"level":"info","ts":"2019-12-03T21:04:52.934Z","logger":"broker_ingress","caller":"ingress/ingress_handler.go:120","msg":"Error retrieving TTL, defaulting.","commit":"7655d9c","error":"\"knativebrokerttl\" not found"}
{"level":"info","ts":"2019-12-03T21:04:52.937Z","logger":"broker_ingress","caller":"ingress/ingress_handler.go:120","msg":"Error retrieving TTL, defaulting.","commit":"7655d9c","error":"\"knativebrokerttl\" not found"}
{"level":"info","ts":"2019-12-03T21:04:52.943Z","logger":"broker_ingress","caller":"ingress/ingress_handler.go:120","msg":"Error retrieving TTL, defaulting.","commit":"7655d9c","error":"\"knativebrokerttl\" not found"}
{"level":"info","ts":"2019-12-03T21:04:52.943Z","logger":"broker_ingress","caller":"ingress/ingress_handler.go:120","msg":"Error retrieving TTL, defaulting.","commit":"7655d9c","error":"\"knativebrokerttl\" not found"}
{"level":"info","ts":"2019-12-03T21:04:52.943Z","logger":"broker_ingress","caller":"ingress/ingress_handler.go:120","msg":"Error retrieving TTL, defaulting.","commit":"7655d9c","error":"\"knativebrokerttl\" not found"}
{"level":"info","ts":"2019-12-03T21:04:52.943Z","logger":"broker_ingress","caller":"ingress/ingress_handler.go:120","msg":"Error retrieving TTL, defaulting.","commit":"7655d9c","error":"\"knativebrokerttl\" not found"}
{"level":"info","ts":"2019-12-03T21:04:52.944Z","logger":"broker_ingress","caller":"ingress/ingress_handler.go:120","msg":"Error retrieving TTL, defaulting.","commit":"7655d9c","error":"\"knativebrokerttl\" not found"}
{"level":"info","ts":"2019-12-03T21:04:52.944Z","logger":"broker_ingress","caller":"ingress/ingress_handler.go:120","msg":"Error retrieving TTL, defaulting.","commit":"7655d9c","error":"\"knativebrokerttl\" not found"}
{"level":"info","ts":"2019-12-03T21:04:52.944Z","logger":"broker_ingress","caller":"ingress/ingress_handler.go:120","msg":"Error retrieving TTL, defaulting.","commit":"7655d9c","error":"\"knativebrokerttl\" not found"}
{"level":"info","ts":"2019-12-03T21:04:52.948Z","logger":"broker_ingress","caller":"ingress/ingress_handler.go:120","msg":"Error retrieving TTL, defaulting.","commit":"7655d9c","error":"\"knativebrokerttl\" not found"}
{"level":"info","ts":"2019-12-03T21:04:52.948Z","logger":"broker_ingress","caller":"ingress/ingress_handler.go:120","msg":"Error retrieving TTL, defaulting.","commit":"7655d9c","error":"\"knativebrokerttl\" not found"}
{"level":"info","ts":"2019-12-03T21:04:52.948Z","logger":"broker_ingress","caller":"ingress/ingress_handler.go:120","msg":"Error retrieving TTL, defaulting.","commit":"7655d9c","error":"\"knativebrokerttl\" not found"}
{"level":"info","ts":"2019-12-03T21:04:52.948Z","logger":"broker_ingress","caller":"ingress/ingress_handler.go:120","msg":"Error retrieving TTL, defaulting.","commit":"7655d9c","error":"\"knativebrokerttl\" not found"}
{"level":"info","ts":"2019-12-03T21:04:52.951Z","logger":"broker_ingress","caller":"ingress/ingress_handler.go:120","msg":"Error retrieving TTL, defaulting.","commit":"7655d9c","error":"\"knativebrokerttl\" not found"}
{"level":"info","ts":"2019-12-03T21:04:52.949Z","logger":"broker_ingress","caller":"ingress/ingress_handler.go:120","msg":"Error retrieving TTL, defaulting.","commit":"7655d9c","error":"\"knativebrokerttl\" not found"}
{"level":"info","ts":"2019-12-03T21:04:52.954Z","logger":"broker_ingress","caller":"ingress/ingress_handler.go:120","msg":"Error retrieving TTL, defaulting.","commit":"7655d9c","error":"\"knativebrokerttl\" not found"}
{"level":"info","ts":"2019-12-03T21:04:52.958Z","logger":"broker_ingress","caller":"ingress/ingress_handler.go:120","msg":"Error retrieving TTL, defaulting.","commit":"7655d9c","error":"\"knativebrokerttl\" not found"}
{"level":"info","ts":"2019-12-03T21:04:52.958Z","logger":"broker_ingress","caller":"ingress/ingress_handler.go:120","msg":"Error retrieving TTL, defaulting.","commit":"7655d9c","error":"\"knativebrokerttl\" not found"}
{"level":"info","ts":"2019-12-03T21:04:52.958Z","logger":"broker_ingress","caller":"ingress/ingress_handler.go:120","msg":"Error retrieving TTL, defaulting.","commit":"7655d9c","error":"\"knativebrokerttl\" not found"}
{"level":"info","ts":"2019-12-03T21:04:52.959Z","logger":"broker_ingress","caller":"ingress/ingress_handler.go:120","msg":"Error retrieving TTL, defaulting.","commit":"7655d9c","error":"\"knativebrokerttl\" not found"}
{"level":"info","ts":"2019-12-03T21:04:52.959Z","logger":"broker_ingress","caller":"ingress/ingress_handler.go:120","msg":"Error retrieving TTL, defaulting.","commit":"7655d9c","error":"\"knativebrokerttl\" not found"}
{"level":"info","ts":"2019-12-03T21:04:52.959Z","logger":"broker_ingress","caller":"ingress/ingress_handler.go:120","msg":"Error retrieving TTL, defaulting.","commit":"7655d9c","error":"\"knativebrokerttl\" not found"}
{"level":"info","ts":"2019-12-03T21:04:52.959Z","logger":"broker_ingress","caller":"ingress/ingress_handler.go:120","msg":"Error retrieving TTL, defaulting.","commit":"7655d9c","error":"\"knativebrokerttl\" not found"}
{"level":"info","ts":"2019-12-03T21:04:52.959Z","logger":"broker_ingress","caller":"ingress/ingress_handler.go:120","msg":"Error retrieving TTL, defaulting.","commit":"7655d9c","error":"\"knativebrokerttl\" not found"}
{"level":"info","ts":"2019-12-03T21:04:52.959Z","logger":"broker_ingress","caller":"ingress/ingress_handler.go:120","msg":"Error retrieving TTL, defaulting.","commit":"7655d9c","error":"\"knativebrokerttl\" not found"}
{"level":"info","ts":"2019-12-03T21:04:52.959Z","logger":"broker_ingress","caller":"ingress/ingress_handler.go:120","msg":"Error retrieving TTL, defaulting.","commit":"7655d9c","error":"\"knativebrokerttl\" not found"}
{"level":"info","ts":"2019-12-03T21:04:52.960Z","logger":"broker_ingress","caller":"ingress/ingress_handler.go:120","msg":"Error retrieving TTL, defaulting.","commit":"7655d9c","error":"\"knativebrokerttl\" not found"}
{"level":"info","ts":"2019-12-03T21:04:52.960Z","logger":"broker_ingress","caller":"ingress/ingress_handler.go:120","msg":"Error retrieving TTL, defaulting.","commit":"7655d9c","error":"\"knativebrokerttl\" not found"}
{"level":"info","ts":"2019-12-03T21:04:52.960Z","logger":"broker_ingress","caller":"ingress/ingress_handler.go:120","msg":"Error retrieving TTL, defaulting.","commit":"7655d9c","error":"\"knativebrokerttl\" not found"}
{"level":"info","ts":"2019-12-03T21:04:52.960Z","logger":"broker_ingress","caller":"ingress/ingress_handler.go:120","msg":"Error retrieving TTL, defaulting.","commit":"7655d9c","error":"\"knativebrokerttl\" not found"}
{"level":"info","ts":"2019-12-03T21:04:52.960Z","logger":"broker_ingress","caller":"ingress/ingress_handler.go:120","msg":"Error retrieving TTL, defaulting.","commit":"7655d9c","error":"\"knativebrokerttl\" not found"}
{"level":"info","ts":"2019-12-03T21:04:52.961Z","logger":"broker_ingress","caller":"ingress/ingress_handler.go:120","msg":"Error retrieving TTL, defaulting.","commit":"7655d9c","error":"\"knativebrokerttl\" not found"}
{"level":"info","ts":"2019-12-03T21:04:52.963Z","logger":"broker_ingress","caller":"ingress/ingress_handler.go:120","msg":"Error retrieving TTL, defaulting.","commit":"7655d9c","error":"\"knativebrokerttl\" not found"}
{"level":"info","ts":"2019-12-03T21:04:52.960Z","logger":"broker_ingress","caller":"ingress/ingress_handler.go:120","msg":"Error retrieving TTL, defaulting.","commit":"7655d9c","error":"\"knativebrokerttl\" not found"}
{"level":"info","ts":"2019-12-03T21:04:52.972Z","logger":"broker_ingress","caller":"ingress/ingress_handler.go:120","msg":"Error retrieving TTL, defaulting.","commit":"7655d9c","error":"\"knativebrokerttl\" not found"}
{"level":"info","ts":"2019-12-03T21:04:52.973Z","logger":"broker_ingress","caller":"ingress/ingress_handler.go:120","msg":"Error retrieving TTL, defaulting.","commit":"7655d9c","error":"\"knativebrokerttl\" not found"}
{"level":"info","ts":"2019-12-03T21:04:52.980Z","logger":"broker_ingress","caller":"ingress/ingress_handler.go:120","msg":"Error retrieving TTL, defaulting.","commit":"7655d9c","error":"\"knativebrokerttl\" not found"}
{"level":"info","ts":"2019-12-03T21:04:52.980Z","logger":"broker_ingress","caller":"ingress/ingress_handler.go:120","msg":"Error retrieving TTL, defaulting.","commit":"7655d9c","error":"\"knativebrokerttl\" not found"}
{"level":"info","ts":"2019-12-03T21:04:52.980Z","logger":"broker_ingress","caller":"ingress/ingress_handler.go:120","msg":"Error retrieving TTL, defaulting.","commit":"7655d9c","error":"\"knativebrokerttl\" not found"}
{"level":"info","ts":"2019-12-03T21:04:52.980Z","logger":"broker_ingress","caller":"ingress/ingress_handler.go:120","msg":"Error retrieving TTL, defaulting.","commit":"7655d9c","error":"\"knativebrokerttl\" not found"}
{"level":"info","ts":"2019-12-03T21:04:52.981Z","logger":"broker_ingress","caller":"ingress/ingress_handler.go:120","msg":"Error retrieving TTL, defaulting.","commit":"7655d9c","error":"\"knativebrokerttl\" not found"}
{"level":"info","ts":"2019-12-03T21:04:52.981Z","logger":"broker_ingress","caller":"ingress/ingress_handler.go:120","msg":"Error retrieving TTL, defaulting.","commit":"7655d9c","error":"\"knativebrokerttl\" not found"}
{"level":"info","ts":"2019-12-03T21:04:52.981Z","logger":"broker_ingress","caller":"ingress/ingress_handler.go:120","msg":"Error retrieving TTL, defaulting.","commit":"7655d9c","error":"\"knativebrokerttl\" not found"}
{"level":"info","ts":"2019-12-03T21:04:52.981Z","logger":"broker_ingress","caller":"ingress/ingress_handler.go:120","msg":"Error retrieving TTL, defaulting.","commit":"7655d9c","error":"\"knativebrokerttl\" not found"}
{"level":"info","ts":"2019-12-03T21:04:52.981Z","logger":"broker_ingress","caller":"ingress/ingress_handler.go:120","msg":"Error retrieving TTL, defaulting.","commit":"7655d9c","error":"\"knativebrokerttl\" not found"}
{"level":"info","ts":"2019-12-03T21:04:52.981Z","logger":"broker_ingress","caller":"ingress/ingress_handler.go:120","msg":"Error retrieving TTL, defaulting.","commit":"7655d9c","error":"\"knativebrokerttl\" not found"}
{"level":"info","ts":"2019-12-03T21:04:52.981Z","logger":"broker_ingress","caller":"ingress/ingress_handler.go:120","msg":"Error retrieving TTL, defaulting.","commit":"7655d9c","error":"\"knativebrokerttl\" not found"}
{"level":"info","ts":"2019-12-03T21:04:52.982Z","logger":"broker_ingress","caller":"ingress/ingress_handler.go:120","msg":"Error retrieving TTL, defaulting.","commit":"7655d9c","error":"\"knativebrokerttl\" not found"}
{"level":"info","ts":"2019-12-03T21:04:52.982Z","logger":"broker_ingress","caller":"ingress/ingress_handler.go:120","msg":"Error retrieving TTL, defaulting.","commit":"7655d9c","error":"\"knativebrokerttl\" not found"}
{"level":"info","ts":"2019-12-03T21:04:52.982Z","logger":"broker_ingress","caller":"ingress/ingress_handler.go:120","msg":"Error retrieving TTL, defaulting.","commit":"7655d9c","error":"\"knativebrokerttl\" not found"}
{"level":"info","ts":"2019-12-03T21:04:52.982Z","logger":"broker_ingress","caller":"ingress/ingress_handler.go:120","msg":"Error retrieving TTL, defaulting.","commit":"7655d9c","error":"\"knativebrokerttl\" not found"}
{"level":"info","ts":"2019-12-03T21:04:52.982Z","logger":"broker_ingress","caller":"ingress/ingress_handler.go:120","msg":"Error retrieving TTL, defaulting.","commit":"7655d9c","error":"\"knativebrokerttl\" not found"}
{"level":"info","ts":"2019-12-03T21:04:52.982Z","logger":"broker_ingress","caller":"ingress/ingress_handler.go:120","msg":"Error retrieving TTL, defaulting.","commit":"7655d9c","error":"\"knativebrokerttl\" not found"}
{"level":"info","ts":"2019-12-03T21:04:52.983Z","logger":"broker_ingress","caller":"ingress/ingress_handler.go:120","msg":"Error retrieving TTL, defaulting.","commit":"7655d9c","error":"\"knativebrokerttl\" not found"}
{"level":"info","ts":"2019-12-03T21:04:52.984Z","logger":"broker_ingress","caller":"ingress/ingress_handler.go:120","msg":"Error retrieving TTL, defaulting.","commit":"7655d9c","error":"\"knativebrokerttl\" not found"}
{"level":"info","ts":"2019-12-03T21:04:52.984Z","logger":"broker_ingress","caller":"ingress/ingress_handler.go:120","msg":"Error retrieving TTL, defaulting.","commit":"7655d9c","error":"\"knativebrokerttl\" not found"}
{"level":"info","ts":"2019-12-03T21:04:52.984Z","logger":"broker_ingress","caller":"ingress/ingress_handler.go:120","msg":"Error retrieving TTL, defaulting.","commit":"7655d9c","error":"\"knativebrokerttl\" not found"}
{"level":"info","ts":"2019-12-03T21:04:52.984Z","logger":"broker_ingress","caller":"ingress/ingress_handler.go:120","msg":"Error retrieving TTL, defaulting.","commit":"7655d9c","error":"\"knativebrokerttl\" not found"}
{"level":"info","ts":"2019-12-03T21:04:52.984Z","logger":"broker_ingress","caller":"ingress/ingress_handler.go:120","msg":"Error retrieving TTL, defaulting.","commit":"7655d9c","error":"\"knativebrokerttl\" not found"}
{"level":"info","ts":"2019-12-03T21:04:52.984Z","logger":"broker_ingress","caller":"ingress/ingress_handler.go:120","msg":"Error retrieving TTL, defaulting.","commit":"7655d9c","error":"\"knativebrokerttl\" not found"}
{"level":"info","ts":"2019-12-03T21:04:52.984Z","logger":"broker_ingress","caller":"ingress/ingress_handler.go:120","msg":"Error retrieving TTL, defaulting.","commit":"7655d9c","error":"\"knativebrokerttl\" not found"}
{"level":"info","ts":"2019-12-03T21:04:52.984Z","logger":"broker_ingress","caller":"ingress/ingress_handler.go:120","msg":"Error retrieving TTL, defaulting.","commit":"7655d9c","error":"\"knativebrokerttl\" not found"}
{"level":"info","ts":"2019-12-03T21:04:52.984Z","logger":"broker_ingress","caller":"ingress/ingress_handler.go:120","msg":"Error retrieving TTL, defaulting.","commit":"7655d9c","error":"\"knativebrokerttl\" not found"}
{"level":"info","ts":"2019-12-03T21:04:52.984Z","logger":"broker_ingress","caller":"ingress/ingress_handler.go:120","msg":"Error retrieving TTL, defaulting.","commit":"7655d9c","error":"\"knativebrokerttl\" not found"}
{"level":"info","ts":"2019-12-03T21:04:52.985Z","logger":"broker_ingress","caller":"ingress/ingress_handler.go:120","msg":"Error retrieving TTL, defaulting.","commit":"7655d9c","error":"\"knativebrokerttl\" not found"}
{"level":"info","ts":"2019-12-03T21:04:52.993Z","logger":"broker_ingress","caller":"ingress/ingress_handler.go:120","msg":"Error retrieving TTL, defaulting.","commit":"7655d9c","error":"\"knativebrokerttl\" not found"}
{"level":"info","ts":"2019-12-03T21:04:52.996Z","logger":"broker_ingress","caller":"ingress/ingress_handler.go:120","msg":"Error retrieving TTL, defaulting.","commit":"7655d9c","error":"\"knativebrokerttl\" not found"}
{"level":"info","ts":"2019-12-03T21:04:52.996Z","logger":"broker_ingress","caller":"ingress/ingress_handler.go:120","msg":"Error retrieving TTL, defaulting.","commit":"7655d9c","error":"\"knativebrokerttl\" not found"}
{"level":"info","ts":"2019-12-03T21:04:52.996Z","logger":"broker_ingress","caller":"ingress/ingress_handler.go:120","msg":"Error retrieving TTL, defaulting.","commit":"7655d9c","error":"\"knativebrokerttl\" not found"}
{"level":"info","ts":"2019-12-03T21:04:52.996Z","logger":"broker_ingress","caller":"ingress/ingress_handler.go:120","msg":"Error retrieving TTL, defaulting.","commit":"7655d9c","error":"\"knativebrokerttl\" not found"}
{"level":"info","ts":"2019-12-03T21:04:52.996Z","logger":"broker_ingress","caller":"ingress/ingress_handler.go:120","msg":"Error retrieving TTL, defaulting.","commit":"7655d9c","error":"\"knativebrokerttl\" not found"}
{"level":"info","ts":"2019-12-03T21:04:52.996Z","logger":"broker_ingress","caller":"ingress/ingress_handler.go:120","msg":"Error retrieving TTL, defaulting.","commit":"7655d9c","error":"\"knativebrokerttl\" not found"}
{"level":"info","ts":"2019-12-03T21:04:52.996Z","logger":"broker_ingress","caller":"ingress/ingress_handler.go:120","msg":"Error retrieving TTL, defaulting.","commit":"7655d9c","error":"\"knativebrokerttl\" not found"}
{"level":"info","ts":"2019-12-03T21:04:52.997Z","logger":"broker_ingress","caller":"ingress/ingress_handler.go:120","msg":"Error retrieving TTL, defaulting.","commit":"7655d9c","error":"\"knativebrokerttl\" not found"}
{"level":"info","ts":"2019-12-03T21:04:52.997Z","logger":"broker_ingress","caller":"ingress/ingress_handler.go:120","msg":"Error retrieving TTL, defaulting.","commit":"7655d9c","error":"\"knativebrokerttl\" not found"}
{"level":"info","ts":"2019-12-03T21:04:52.997Z","logger":"broker_ingress","caller":"ingress/ingress_handler.go:120","msg":"Error retrieving TTL, defaulting.","commit":"7655d9c","error":"\"knativebrokerttl\" not found"}
{"level":"info","ts":"2019-12-03T21:04:52.997Z","logger":"broker_ingress","caller":"ingress/ingress_handler.go:120","msg":"Error retrieving TTL, defaulting.","commit":"7655d9c","error":"\"knativebrokerttl\" not found"}
{"level":"info","ts":"2019-12-03T21:04:52.997Z","logger":"broker_ingress","caller":"ingress/ingress_handler.go:120","msg":"Error retrieving TTL, defaulting.","commit":"7655d9c","error":"\"knativebrokerttl\" not found"}
{"level":"info","ts":"2019-12-03T21:04:52.997Z","logger":"broker_ingress","caller":"ingress/ingress_handler.go:120","msg":"Error retrieving TTL, defaulting.","commit":"7655d9c","error":"\"knativebrokerttl\" not found"}
{"level":"info","ts":"2019-12-03T21:04:52.997Z","logger":"broker_ingress","caller":"ingress/ingress_handler.go:120","msg":"Error retrieving TTL, defaulting.","commit":"7655d9c","error":"\"knativebrokerttl\" not found"}
{"level":"info","ts":"2019-12-03T21:04:52.997Z","logger":"broker_ingress","caller":"ingress/ingress_handler.go:120","msg":"Error retrieving TTL, defaulting.","commit":"7655d9c","error":"\"knativebrokerttl\" not found"}
{"level":"info","ts":"2019-12-03T21:04:52.998Z","logger":"broker_ingress","caller":"ingress/ingress_handler.go:120","msg":"Error retrieving TTL, defaulting.","commit":"7655d9c","error":"\"knativebrokerttl\" not found"}
{"level":"info","ts":"2019-12-03T21:04:52.998Z","logger":"broker_ingress","caller":"ingress/ingress_handler.go:120","msg":"Error retrieving TTL, defaulting.","commit":"7655d9c","error":"\"knativebrokerttl\" not found"}
{"level":"info","ts":"2019-12-03T21:04:52.998Z","logger":"broker_ingress","caller":"ingress/ingress_handler.go:120","msg":"Error retrieving TTL, defaulting.","commit":"7655d9c","error":"\"knativebrokerttl\" not found"}
{"level":"info","ts":"2019-12-03T21:04:52.998Z","logger":"broker_ingress","caller":"ingress/ingress_handler.go:120","msg":"Error retrieving TTL, defaulting.","commit":"7655d9c","error":"\"knativebrokerttl\" not found"}
{"level":"info","ts":"2019-12-03T21:04:52.998Z","logger":"broker_ingress","caller":"ingress/ingress_handler.go:120","msg":"Error retrieving TTL, defaulting.","commit":"7655d9c","error":"\"knativebrokerttl\" not found"}
{"level":"info","ts":"2019-12-03T21:04:52.998Z","logger":"broker_ingress","caller":"ingress/ingress_handler.go:120","msg":"Error retrieving TTL, defaulting.","commit":"7655d9c","error":"\"knativebrokerttl\" not found"}
{"level":"info","ts":"2019-12-03T21:04:52.998Z","logger":"broker_ingress","caller":"ingress/ingress_handler.go:120","msg":"Error retrieving TTL, defaulting.","commit":"7655d9c","error":"\"knativebrokerttl\" not found"}
{"level":"info","ts":"2019-12-03T21:04:52.999Z","logger":"broker_ingress","caller":"ingress/ingress_handler.go:120","msg":"Error retrieving TTL, defaulting.","commit":"7655d9c","error":"\"knativebrokerttl\" not found"}
{"level":"info","ts":"2019-12-03T21:04:52.999Z","logger":"broker_ingress","caller":"ingress/ingress_handler.go:120","msg":"Error retrieving TTL, defaulting.","commit":"7655d9c","error":"\"knativebrokerttl\" not found"}
{"level":"info","ts":"2019-12-03T21:04:52.999Z","logger":"broker_ingress","caller":"ingress/ingress_handler.go:120","msg":"Error retrieving TTL, defaulting.","commit":"7655d9c","error":"\"knativebrokerttl\" not found"}
{"level":"info","ts":"2019-12-03T21:04:52.999Z","logger":"broker_ingress","caller":"ingress/ingress_handler.go:120","msg":"Error retrieving TTL, defaulting.","commit":"7655d9c","error":"\"knativebrokerttl\" not found"}
{"level":"info","ts":"2019-12-03T21:04:52.999Z","logger":"broker_ingress","caller":"ingress/ingress_handler.go:120","msg":"Error retrieving TTL, defaulting.","commit":"7655d9c","error":"\"knativebrokerttl\" not found"}
{"level":"info","ts":"2019-12-03T21:04:52.999Z","logger":"broker_ingress","caller":"ingress/ingress_handler.go:120","msg":"Error retrieving TTL, defaulting.","commit":"7655d9c","error":"\"knativebrokerttl\" not found"}
{"level":"info","ts":"2019-12-03T21:04:52.999Z","logger":"broker_ingress","caller":"ingress/ingress_handler.go:120","msg":"Error retrieving TTL, defaulting.","commit":"7655d9c","error":"\"knativebrokerttl\" not found"}
{"level":"info","ts":"2019-12-03T21:04:53.000Z","logger":"broker_ingress","caller":"ingress/ingress_handler.go:120","msg":"Error retrieving TTL, defaulting.","commit":"7655d9c","error":"\"knativebrokerttl\" not found"}
{"level":"info","ts":"2019-12-03T21:04:53.000Z","logger":"broker_ingress","caller":"ingress/ingress_handler.go:120","msg":"Error retrieving TTL, defaulting.","commit":"7655d9c","error":"\"knativebrokerttl\" not found"}
{"level":"info","ts":"2019-12-03T21:04:53.009Z","logger":"broker_ingress","caller":"ingress/ingress_handler.go:120","msg":"Error retrieving TTL, defaulting.","commit":"7655d9c","error":"\"knativebrokerttl\" not found"}
{"level":"info","ts":"2019-12-03T21:04:53.009Z","logger":"broker_ingress","caller":"ingress/ingress_handler.go:120","msg":"Error retrieving TTL, defaulting.","commit":"7655d9c","error":"\"knativebrokerttl\" not found"}
{"level":"info","ts":"2019-12-03T21:04:53.009Z","logger":"broker_ingress","caller":"ingress/ingress_handler.go:120","msg":"Error retrieving TTL, defaulting.","commit":"7655d9c","error":"\"knativebrokerttl\" not found"}
{"level":"info","ts":"2019-12-03T21:04:53.002Z","logger":"broker_ingress","caller":"ingress/ingress_handler.go:120","msg":"Error retrieving TTL, defaulting.","commit":"7655d9c","error":"\"knativebrokerttl\" not found"}
{"level":"info","ts":"2019-12-03T21:04:53.010Z","logger":"broker_ingress","caller":"ingress/ingress_handler.go:120","msg":"Error retrieving TTL, defaulting.","commit":"7655d9c","error":"\"knativebrokerttl\" not found"}
{"level":"info","ts":"2019-12-03T21:04:53.010Z","logger":"broker_ingress","caller":"ingress/ingress_handler.go:120","msg":"Error retrieving TTL, defaulting.","commit":"7655d9c","error":"\"knativebrokerttl\" not found"}
{"level":"info","ts":"2019-12-03T21:04:53.010Z","logger":"broker_ingress","caller":"ingress/ingress_handler.go:120","msg":"Error retrieving TTL, defaulting.","commit":"7655d9c","error":"\"knativebrokerttl\" not found"}
{"level":"info","ts":"2019-12-03T21:04:53.011Z","logger":"broker_ingress","caller":"ingress/ingress_handler.go:120","msg":"Error retrieving TTL, defaulting.","commit":"7655d9c","error":"\"knativebrokerttl\" not found"}
{"level":"info","ts":"2019-12-03T21:04:53.011Z","logger":"broker_ingress","caller":"ingress/ingress_handler.go:120","msg":"Error retrieving TTL, defaulting.","commit":"7655d9c","error":"\"knativebrokerttl\" not found"}
{"level":"info","ts":"2019-12-03T21:04:53.011Z","logger":"broker_ingress","caller":"ingress/ingress_handler.go:120","msg":"Error retrieving TTL, defaulting.","commit":"7655d9c","error":"\"knativebrokerttl\" not found"}
{"level":"info","ts":"2019-12-03T21:04:53.011Z","logger":"broker_ingress","caller":"ingress/ingress_handler.go:120","msg":"Error retrieving TTL, defaulting.","commit":"7655d9c","error":"\"knativebrokerttl\" not found"}
{"level":"info","ts":"2019-12-03T21:04:53.011Z","logger":"broker_ingress","caller":"ingress/ingress_handler.go:120","msg":"Error retrieving TTL, defaulting.","commit":"7655d9c","error":"\"knativebrokerttl\" not found"}
{"level":"info","ts":"2019-12-03T21:04:53.011Z","logger":"broker_ingress","caller":"ingress/ingress_handler.go:120","msg":"Error retrieving TTL, defaulting.","commit":"7655d9c","error":"\"knativebrokerttl\" not found"}
{"level":"info","ts":"2019-12-03T21:04:53.011Z","logger":"broker_ingress","caller":"ingress/ingress_handler.go:120","msg":"Error retrieving TTL, defaulting.","commit":"7655d9c","error":"\"knativebrokerttl\" not found"}
{"level":"info","ts":"2019-12-03T21:04:53.012Z","logger":"broker_ingress","caller":"ingress/ingress_handler.go:120","msg":"Error retrieving TTL, defaulting.","commit":"7655d9c","error":"\"knativebrokerttl\" not found"}
{"level":"info","ts":"2019-12-03T21:04:53.012Z","logger":"broker_ingress","caller":"ingress/ingress_handler.go:120","msg":"Error retrieving TTL, defaulting.","commit":"7655d9c","error":"\"knativebrokerttl\" not found"}
{"level":"info","ts":"2019-12-03T21:04:53.012Z","logger":"broker_ingress","caller":"ingress/ingress_handler.go:120","msg":"Error retrieving TTL, defaulting.","commit":"7655d9c","error":"\"knativebrokerttl\" not found"}
{"level":"info","ts":"2019-12-03T21:04:53.012Z","logger":"broker_ingress","caller":"ingress/ingress_handler.go:120","msg":"Error retrieving TTL, defaulting.","commit":"7655d9c","error":"\"knativebrokerttl\" not found"}
{"level":"info","ts":"2019-12-03T21:04:53.012Z","logger":"broker_ingress","caller":"ingress/ingress_handler.go:120","msg":"Error retrieving TTL, defaulting.","commit":"7655d9c","error":"\"knativebrokerttl\" not found"}
{"level":"info","ts":"2019-12-03T21:04:53.012Z","logger":"broker_ingress","caller":"ingress/ingress_handler.go:120","msg":"Error retrieving TTL, defaulting.","commit":"7655d9c","error":"\"knativebrokerttl\" not found"}
{"level":"info","ts":"2019-12-03T21:04:53.013Z","logger":"broker_ingress","caller":"ingress/ingress_handler.go:120","msg":"Error retrieving TTL, defaulting.","commit":"7655d9c","error":"\"knativebrokerttl\" not found"}
{"level":"info","ts":"2019-12-03T21:04:53.019Z","logger":"broker_ingress","caller":"ingress/ingress_handler.go:120","msg":"Error retrieving TTL, defaulting.","commit":"7655d9c","error":"\"knativebrokerttl\" not found"}
{"level":"info","ts":"2019-12-03T21:04:53.019Z","logger":"broker_ingress","caller":"ingress/ingress_handler.go:120","msg":"Error retrieving TTL, defaulting.","commit":"7655d9c","error":"\"knativebrokerttl\" not found"}
{"level":"info","ts":"2019-12-03T21:04:53.020Z","logger":"broker_ingress","caller":"ingress/ingress_handler.go:120","msg":"Error retrieving TTL, defaulting.","commit":"7655d9c","error":"\"knativebrokerttl\" not found"}
{"level":"info","ts":"2019-12-03T21:04:53.020Z","logger":"broker_ingress","caller":"ingress/ingress_handler.go:120","msg":"Error retrieving TTL, defaulting.","commit":"7655d9c","error":"\"knativebrokerttl\" not found"}
{"level":"info","ts":"2019-12-03T21:04:53.020Z","logger":"broker_ingress","caller":"ingress/ingress_handler.go:120","msg":"Error retrieving TTL, defaulting.","commit":"7655d9c","error":"\"knativebrokerttl\" not found"}
{"level":"info","ts":"2019-12-03T21:04:53.020Z","logger":"broker_ingress","caller":"ingress/ingress_handler.go:120","msg":"Error retrieving TTL, defaulting.","commit":"7655d9c","error":"\"knativebrokerttl\" not found"}
{"level":"info","ts":"2019-12-03T21:04:53.020Z","logger":"broker_ingress","caller":"ingress/ingress_handler.go:120","msg":"Error retrieving TTL, defaulting.","commit":"7655d9c","error":"\"knativebrokerttl\" not found"}
{"level":"info","ts":"2019-12-03T21:04:53.020Z","logger":"broker_ingress","caller":"ingress/ingress_handler.go:120","msg":"Error retrieving TTL, defaulting.","commit":"7655d9c","error":"\"knativebrokerttl\" not found"}
{"level":"info","ts":"2019-12-03T21:04:53.020Z","logger":"broker_ingress","caller":"ingress/ingress_handler.go:120","msg":"Error retrieving TTL, defaulting.","commit":"7655d9c","error":"\"knativebrokerttl\" not found"}
{"level":"info","ts":"2019-12-03T21:04:53.021Z","logger":"broker_ingress","caller":"ingress/ingress_handler.go:120","msg":"Error retrieving TTL, defaulting.","commit":"7655d9c","error":"\"knativebrokerttl\" not found"}
{"level":"info","ts":"2019-12-03T21:04:53.021Z","logger":"broker_ingress","caller":"ingress/ingress_handler.go:120","msg":"Error retrieving TTL, defaulting.","commit":"7655d9c","error":"\"knativebrokerttl\" not found"}
{"level":"info","ts":"2019-12-03T21:04:53.021Z","logger":"broker_ingress","caller":"ingress/ingress_handler.go:120","msg":"Error retrieving TTL, defaulting.","commit":"7655d9c","error":"\"knativebrokerttl\" not found"}
{"level":"info","ts":"2019-12-03T21:04:53.021Z","logger":"broker_ingress","caller":"ingress/ingress_handler.go:120","msg":"Error retrieving TTL, defaulting.","commit":"7655d9c","error":"\"knativebrokerttl\" not found"}
{"level":"info","ts":"2019-12-03T21:04:53.021Z","logger":"broker_ingress","caller":"ingress/ingress_handler.go:120","msg":"Error retrieving TTL, defaulting.","commit":"7655d9c","error":"\"knativebrokerttl\" not found"}
{"level":"info","ts":"2019-12-03T21:04:53.021Z","logger":"broker_ingress","caller":"ingress/ingress_handler.go:120","msg":"Error retrieving TTL, defaulting.","commit":"7655d9c","error":"\"knativebrokerttl\" not found"}
{"level":"info","ts":"2019-12-03T21:04:53.021Z","logger":"broker_ingress","caller":"ingress/ingress_handler.go:120","msg":"Error retrieving TTL, defaulting.","commit":"7655d9c","error":"\"knativebrokerttl\" not found"}
{"level":"info","ts":"2019-12-03T21:04:53.022Z","logger":"broker_ingress","caller":"ingress/ingress_handler.go:120","msg":"Error retrieving TTL, defaulting.","commit":"7655d9c","error":"\"knativebrokerttl\" not found"}
{"level":"info","ts":"2019-12-03T21:04:53.022Z","logger":"broker_ingress","caller":"ingress/ingress_handler.go:120","msg":"Error retrieving TTL, defaulting.","commit":"7655d9c","error":"\"knativebrokerttl\" not found"}
{"level":"info","ts":"2019-12-03T21:04:53.022Z","logger":"broker_ingress","caller":"ingress/ingress_handler.go:120","msg":"Error retrieving TTL, defaulting.","commit":"7655d9c","error":"\"knativebrokerttl\" not found"}
{"level":"info","ts":"2019-12-03T21:04:53.022Z","logger":"broker_ingress","caller":"ingress/ingress_handler.go:120","msg":"Error retrieving TTL, defaulting.","commit":"7655d9c","error":"\"knativebrokerttl\" not found"}
{"level":"info","ts":"2019-12-03T21:04:53.022Z","logger":"broker_ingress","caller":"ingress/ingress_handler.go:120","msg":"Error retrieving TTL, defaulting.","commit":"7655d9c","error":"\"knativebrokerttl\" not found"}
{"level":"info","ts":"2019-12-03T21:04:53.022Z","logger":"broker_ingress","caller":"ingress/ingress_handler.go:120","msg":"Error retrieving TTL, defaulting.","commit":"7655d9c","error":"\"knativebrokerttl\" not found"}
{"level":"info","ts":"2019-12-03T21:04:53.022Z","logger":"broker_ingress","caller":"ingress/ingress_handler.go:120","msg":"Error retrieving TTL, defaulting.","commit":"7655d9c","error":"\"knativebrokerttl\" not found"}
{"level":"info","ts":"2019-12-03T21:04:53.022Z","logger":"broker_ingress","caller":"ingress/ingress_handler.go:120","msg":"Error retrieving TTL, defaulting.","commit":"7655d9c","error":"\"knativebrokerttl\" not found"}
{"level":"info","ts":"2019-12-03T21:04:53.023Z","logger":"broker_ingress","caller":"ingress/ingress_handler.go:120","msg":"Error retrieving TTL, defaulting.","commit":"7655d9c","error":"\"knativebrokerttl\" not found"}
{"level":"info","ts":"2019-12-03T21:04:53.023Z","logger":"broker_ingress","caller":"ingress/ingress_handler.go:120","msg":"Error retrieving TTL, defaulting.","commit":"7655d9c","error":"\"knativebrokerttl\" not found"}
{"level":"info","ts":"2019-12-03T21:04:53.023Z","logger":"broker_ingress","caller":"ingress/ingress_handler.go:120","msg":"Error retrieving TTL, defaulting.","commit":"7655d9c","error":"\"knativebrokerttl\" not found"}
{"level":"info","ts":"2019-12-03T21:04:53.023Z","logger":"broker_ingress","caller":"ingress/ingress_handler.go:120","msg":"Error retrieving TTL, defaulting.","commit":"7655d9c","error":"\"knativebrokerttl\" not found"}
{"level":"info","ts":"2019-12-03T21:04:53.023Z","logger":"broker_ingress","caller":"ingress/ingress_handler.go:120","msg":"Error retrieving TTL, defaulting.","commit":"7655d9c","error":"\"knativebrokerttl\" not found"}
{"level":"info","ts":"2019-12-03T21:04:53.023Z","logger":"broker_ingress","caller":"ingress/ingress_handler.go:120","msg":"Error retrieving TTL, defaulting.","commit":"7655d9c","error":"\"knativebrokerttl\" not found"}
{"level":"info","ts":"2019-12-03T21:04:53.023Z","logger":"broker_ingress","caller":"ingress/ingress_handler.go:120","msg":"Error retrieving TTL, defaulting.","commit":"7655d9c","error":"\"knativebrokerttl\" not found"}
{"level":"info","ts":"2019-12-03T21:04:53.029Z","logger":"broker_ingress","caller":"ingress/ingress_handler.go:120","msg":"Error retrieving TTL, defaulting.","commit":"7655d9c","error":"\"knativebrokerttl\" not found"}
{"level":"info","ts":"2019-12-03T21:04:53.024Z","logger":"broker_ingress","caller":"ingress/ingress_handler.go:120","msg":"Error retrieving TTL, defaulting.","commit":"7655d9c","error":"\"knativebrokerttl\" not found"}
{"level":"info","ts":"2019-12-03T21:04:53.032Z","logger":"broker_ingress","caller":"ingress/ingress_handler.go:120","msg":"Error retrieving TTL, defaulting.","commit":"7655d9c","error":"\"knativebrokerttl\" not found"}
{"level":"info","ts":"2019-12-03T21:04:53.033Z","logger":"broker_ingress","caller":"ingress/ingress_handler.go:120","msg":"Error retrieving TTL, defaulting.","commit":"7655d9c","error":"\"knativebrokerttl\" not found"}
{"level":"info","ts":"2019-12-03T21:04:53.033Z","logger":"broker_ingress","caller":"ingress/ingress_handler.go:120","msg":"Error retrieving TTL, defaulting.","commit":"7655d9c","error":"\"knativebrokerttl\" not found"}
{"level":"info","ts":"2019-12-03T21:04:53.033Z","logger":"broker_ingress","caller":"ingress/ingress_handler.go:120","msg":"Error retrieving TTL, defaulting.","commit":"7655d9c","error":"\"knativebrokerttl\" not found"}
{"level":"info","ts":"2019-12-03T21:04:53.033Z","logger":"broker_ingress","caller":"ingress/ingress_handler.go:120","msg":"Error retrieving TTL, defaulting.","commit":"7655d9c","error":"\"knativebrokerttl\" not found"}
{"level":"info","ts":"2019-12-03T21:04:53.033Z","logger":"broker_ingress","caller":"ingress/ingress_handler.go:120","msg":"Error retrieving TTL, defaulting.","commit":"7655d9c","error":"\"knativebrokerttl\" not found"}
{"level":"info","ts":"2019-12-03T21:04:53.033Z","logger":"broker_ingress","caller":"ingress/ingress_handler.go:120","msg":"Error retrieving TTL, defaulting.","commit":"7655d9c","error":"\"knativebrokerttl\" not found"}
{"level":"info","ts":"2019-12-03T21:04:53.033Z","logger":"broker_ingress","caller":"ingress/ingress_handler.go:120","msg":"Error retrieving TTL, defaulting.","commit":"7655d9c","error":"\"knativebrokerttl\" not found"}
{"level":"info","ts":"2019-12-03T21:04:53.034Z","logger":"broker_ingress","caller":"ingress/ingress_handler.go:120","msg":"Error retrieving TTL, defaulting.","commit":"7655d9c","error":"\"knativebrokerttl\" not found"}
{"level":"info","ts":"2019-12-03T21:04:53.039Z","logger":"broker_ingress","caller":"ingress/ingress_handler.go:120","msg":"Error retrieving TTL, defaulting.","commit":"7655d9c","error":"\"knativebrokerttl\" not found"}
{"level":"info","ts":"2019-12-03T21:04:53.039Z","logger":"broker_ingress","caller":"ingress/ingress_handler.go:120","msg":"Error retrieving TTL, defaulting.","commit":"7655d9c","error":"\"knativebrokerttl\" not found"}
{"level":"info","ts":"2019-12-03T21:04:53.039Z","logger":"broker_ingress","caller":"ingress/ingress_handler.go:120","msg":"Error retrieving TTL, defaulting.","commit":"7655d9c","error":"\"knativebrokerttl\" not found"}
{"level":"info","ts":"2019-12-03T21:04:53.039Z","logger":"broker_ingress","caller":"ingress/ingress_handler.go:120","msg":"Error retrieving TTL, defaulting.","commit":"7655d9c","error":"\"knativebrokerttl\" not found"}
{"level":"info","ts":"2019-12-03T21:04:53.040Z","logger":"broker_ingress","caller":"ingress/ingress_handler.go:120","msg":"Error retrieving TTL, defaulting.","commit":"7655d9c","error":"\"knativebrokerttl\" not found"}
{"level":"info","ts":"2019-12-03T21:04:53.040Z","logger":"broker_ingress","caller":"ingress/ingress_handler.go:120","msg":"Error retrieving TTL, defaulting.","commit":"7655d9c","error":"\"knativebrokerttl\" not found"}
{"level":"info","ts":"2019-12-03T21:04:53.040Z","logger":"broker_ingress","caller":"ingress/ingress_handler.go:120","msg":"Error retrieving TTL, defaulting.","commit":"7655d9c","error":"\"knativebrokerttl\" not found"}
{"level":"info","ts":"2019-12-03T21:04:53.040Z","logger":"broker_ingress","caller":"ingress/ingress_handler.go:120","msg":"Error retrieving TTL, defaulting.","commit":"7655d9c","error":"\"knativebrokerttl\" not found"}
{"level":"info","ts":"2019-12-03T21:04:53.040Z","logger":"broker_ingress","caller":"ingress/ingress_handler.go:120","msg":"Error retrieving TTL, defaulting.","commit":"7655d9c","error":"\"knativebrokerttl\" not found"}
{"level":"info","ts":"2019-12-03T21:04:53.040Z","logger":"broker_ingress","caller":"ingress/ingress_handler.go:120","msg":"Error retrieving TTL, defaulting.","commit":"7655d9c","error":"\"knativebrokerttl\" not found"}
{"level":"info","ts":"2019-12-03T21:04:53.040Z","logger":"broker_ingress","caller":"ingress/ingress_handler.go:120","msg":"Error retrieving TTL, defaulting.","commit":"7655d9c","error":"\"knativebrokerttl\" not found"}
{"level":"info","ts":"2019-12-03T21:04:53.041Z","logger":"broker_ingress","caller":"ingress/ingress_handler.go:120","msg":"Error retrieving TTL, defaulting.","commit":"7655d9c","error":"\"knativebrokerttl\" not found"}
{"level":"info","ts":"2019-12-03T21:04:53.041Z","logger":"broker_ingress","caller":"ingress/ingress_handler.go:120","msg":"Error retrieving TTL, defaulting.","commit":"7655d9c","error":"\"knativebrokerttl\" not found"}
{"level":"info","ts":"2019-12-03T21:04:53.041Z","logger":"broker_ingress","caller":"ingress/ingress_handler.go:120","msg":"Error retrieving TTL, defaulting.","commit":"7655d9c","error":"\"knativebrokerttl\" not found"}
{"level":"info","ts":"2019-12-03T21:04:53.041Z","logger":"broker_ingress","caller":"ingress/ingress_handler.go:120","msg":"Error retrieving TTL, defaulting.","commit":"7655d9c","error":"\"knativebrokerttl\" not found"}
{"level":"info","ts":"2019-12-03T21:04:53.041Z","logger":"broker_ingress","caller":"ingress/ingress_handler.go:120","msg":"Error retrieving TTL, defaulting.","commit":"7655d9c","error":"\"knativebrokerttl\" not found"}
{"level":"info","ts":"2019-12-03T21:04:53.041Z","logger":"broker_ingress","caller":"ingress/ingress_handler.go:120","msg":"Error retrieving TTL, defaulting.","commit":"7655d9c","error":"\"knativebrokerttl\" not found"}
{"level":"info","ts":"2019-12-03T21:04:53.041Z","logger":"broker_ingress","caller":"ingress/ingress_handler.go:120","msg":"Error retrieving TTL, defaulting.","commit":"7655d9c","error":"\"knativebrokerttl\" not found"}
{"level":"info","ts":"2019-12-03T21:04:53.042Z","logger":"broker_ingress","caller":"ingress/ingress_handler.go:120","msg":"Error retrieving TTL, defaulting.","commit":"7655d9c","error":"\"knativebrokerttl\" not found"}
{"level":"info","ts":"2019-12-03T21:04:53.045Z","logger":"broker_ingress","caller":"ingress/ingress_handler.go:120","msg":"Error retrieving TTL, defaulting.","commit":"7655d9c","error":"\"knativebrokerttl\" not found"}
{"level":"info","ts":"2019-12-03T21:04:53.045Z","logger":"broker_ingress","caller":"ingress/ingress_handler.go:120","msg":"Error retrieving TTL, defaulting.","commit":"7655d9c","error":"\"knativebrokerttl\" not found"}
{"level":"info","ts":"2019-12-03T21:04:53.045Z","logger":"broker_ingress","caller":"ingress/ingress_handler.go:120","msg":"Error retrieving TTL, defaulting.","commit":"7655d9c","error":"\"knativebrokerttl\" not found"}
{"level":"info","ts":"2019-12-03T21:04:53.045Z","logger":"broker_ingress","caller":"ingress/ingress_handler.go:120","msg":"Error retrieving TTL, defaulting.","commit":"7655d9c","error":"\"knativebrokerttl\" not found"}
{"level":"info","ts":"2019-12-03T21:04:53.045Z","logger":"broker_ingress","caller":"ingress/ingress_handler.go:120","msg":"Error retrieving TTL, defaulting.","commit":"7655d9c","error":"\"knativebrokerttl\" not found"}
{"level":"info","ts":"2019-12-03T21:04:53.046Z","logger":"broker_ingress","caller":"ingress/ingress_handler.go:120","msg":"Error retrieving TTL, defaulting.","commit":"7655d9c","error":"\"knativebrokerttl\" not found"}
{"level":"info","ts":"2019-12-03T21:04:53.046Z","logger":"broker_ingress","caller":"ingress/ingress_handler.go:120","msg":"Error retrieving TTL, defaulting.","commit":"7655d9c","error":"\"knativebrokerttl\" not found"}
{"level":"info","ts":"2019-12-03T21:04:53.046Z","logger":"broker_ingress","caller":"ingress/ingress_handler.go:120","msg":"Error retrieving TTL, defaulting.","commit":"7655d9c","error":"\"knativebrokerttl\" not found"}
{"level":"info","ts":"2019-12-03T21:04:53.046Z","logger":"broker_ingress","caller":"ingress/ingress_handler.go:120","msg":"Error retrieving TTL, defaulting.","commit":"7655d9c","error":"\"knativebrokerttl\" not found"}
{"level":"info","ts":"2019-12-03T21:04:53.046Z","logger":"broker_ingress","caller":"ingress/ingress_handler.go:120","msg":"Error retrieving TTL, defaulting.","commit":"7655d9c","error":"\"knativebrokerttl\" not found"}
{"level":"info","ts":"2019-12-03T21:04:53.046Z","logger":"broker_ingress","caller":"ingress/ingress_handler.go:120","msg":"Error retrieving TTL, defaulting.","commit":"7655d9c","error":"\"knativebrokerttl\" not found"}
{"level":"info","ts":"2019-12-03T21:04:53.046Z","logger":"broker_ingress","caller":"ingress/ingress_handler.go:120","msg":"Error retrieving TTL, defaulting.","commit":"7655d9c","error":"\"knativebrokerttl\" not found"}
{"level":"info","ts":"2019-12-03T21:04:53.046Z","logger":"broker_ingress","caller":"ingress/ingress_handler.go:120","msg":"Error retrieving TTL, defaulting.","commit":"7655d9c","error":"\"knativebrokerttl\" not found"}
{"level":"info","ts":"2019-12-03T21:04:53.046Z","logger":"broker_ingress","caller":"ingress/ingress_handler.go:120","msg":"Error retrieving TTL, defaulting.","commit":"7655d9c","error":"\"knativebrokerttl\" not found"}
{"level":"info","ts":"2019-12-03T21:04:53.047Z","logger":"broker_ingress","caller":"ingress/ingress_handler.go:120","msg":"Error retrieving TTL, defaulting.","commit":"7655d9c","error":"\"knativebrokerttl\" not found"}
{"level":"info","ts":"2019-12-03T21:04:53.047Z","logger":"broker_ingress","caller":"ingress/ingress_handler.go:120","msg":"Error retrieving TTL, defaulting.","commit":"7655d9c","error":"\"knativebrokerttl\" not found"}
{"level":"info","ts":"2019-12-03T21:04:53.047Z","logger":"broker_ingress","caller":"ingress/ingress_handler.go:120","msg":"Error retrieving TTL, defaulting.","commit":"7655d9c","error":"\"knativebrokerttl\" not found"}
{"level":"info","ts":"2019-12-03T21:04:53.047Z","logger":"broker_ingress","caller":"ingress/ingress_handler.go:120","msg":"Error retrieving TTL, defaulting.","commit":"7655d9c","error":"\"knativebrokerttl\" not found"}
{"level":"info","ts":"2019-12-03T21:04:53.047Z","logger":"broker_ingress","caller":"ingress/ingress_handler.go:120","msg":"Error retrieving TTL, defaulting.","commit":"7655d9c","error":"\"knativebrokerttl\" not found"}
{"level":"info","ts":"2019-12-03T21:04:53.047Z","logger":"broker_ingress","caller":"ingress/ingress_handler.go:120","msg":"Error retrieving TTL, defaulting.","commit":"7655d9c","error":"\"knativebrokerttl\" not found"}
{"level":"info","ts":"2019-12-03T21:04:53.048Z","logger":"broker_ingress","caller":"ingress/ingress_handler.go:120","msg":"Error retrieving TTL, defaulting.","commit":"7655d9c","error":"\"knativebrokerttl\" not found"}
{"level":"info","ts":"2019-12-03T21:04:53.080Z","logger":"broker_ingress","caller":"ingress/ingress_handler.go:120","msg":"Error retrieving TTL, defaulting.","commit":"7655d9c","error":"\"knativebrokerttl\" not found"}
{"level":"info","ts":"2019-12-03T21:04:53.080Z","logger":"broker_ingress","caller":"ingress/ingress_handler.go:120","msg":"Error retrieving TTL, defaulting.","commit":"7655d9c","error":"\"knativebrokerttl\" not found"}
{"level":"info","ts":"2019-12-03T21:04:53.080Z","logger":"broker_ingress","caller":"ingress/ingress_handler.go:120","msg":"Error retrieving TTL, defaulting.","commit":"7655d9c","error":"\"knativebrokerttl\" not found"}
{"level":"info","ts":"2019-12-03T21:04:53.080Z","logger":"broker_ingress","caller":"ingress/ingress_handler.go:120","msg":"Error retrieving TTL, defaulting.","commit":"7655d9c","error":"\"knativebrokerttl\" not found"}
{"level":"info","ts":"2019-12-03T21:04:53.080Z","logger":"broker_ingress","caller":"ingress/ingress_handler.go:120","msg":"Error retrieving TTL, defaulting.","commit":"7655d9c","error":"\"knativebrokerttl\" not found"}
{"level":"info","ts":"2019-12-03T21:04:53.080Z","logger":"broker_ingress","caller":"ingress/ingress_handler.go:120","msg":"Error retrieving TTL, defaulting.","commit":"7655d9c","error":"\"knativebrokerttl\" not found"}
{"level":"info","ts":"2019-12-03T21:04:53.080Z","logger":"broker_ingress","caller":"ingress/ingress_handler.go:120","msg":"Error retrieving TTL, defaulting.","commit":"7655d9c","error":"\"knativebrokerttl\" not found"}
{"level":"info","ts":"2019-12-03T21:04:53.080Z","logger":"broker_ingress","caller":"ingress/ingress_handler.go:120","msg":"Error retrieving TTL, defaulting.","commit":"7655d9c","error":"\"knativebrokerttl\" not found"}
{"level":"info","ts":"2019-12-03T21:04:53.081Z","logger":"broker_ingress","caller":"ingress/ingress_handler.go:120","msg":"Error retrieving TTL, defaulting.","commit":"7655d9c","error":"\"knativebrokerttl\" not found"}
{"level":"info","ts":"2019-12-03T21:04:53.081Z","logger":"broker_ingress","caller":"ingress/ingress_handler.go:120","msg":"Error retrieving TTL, defaulting.","commit":"7655d9c","error":"\"knativebrokerttl\" not found"}
{"level":"info","ts":"2019-12-03T21:04:53.081Z","logger":"broker_ingress","caller":"ingress/ingress_handler.go:120","msg":"Error retrieving TTL, defaulting.","commit":"7655d9c","error":"\"knativebrokerttl\" not found"}
{"level":"info","ts":"2019-12-03T21:04:53.081Z","logger":"broker_ingress","caller":"ingress/ingress_handler.go:120","msg":"Error retrieving TTL, defaulting.","commit":"7655d9c","error":"\"knativebrokerttl\" not found"}
{"level":"info","ts":"2019-12-03T21:04:53.081Z","logger":"broker_ingress","caller":"ingress/ingress_handler.go:120","msg":"Error retrieving TTL, defaulting.","commit":"7655d9c","error":"\"knativebrokerttl\" not found"}
{"level":"info","ts":"2019-12-03T21:04:53.081Z","logger":"broker_ingress","caller":"ingress/ingress_handler.go:120","msg":"Error retrieving TTL, defaulting.","commit":"7655d9c","error":"\"knativebrokerttl\" not found"}
{"level":"info","ts":"2019-12-03T21:04:53.081Z","logger":"broker_ingress","caller":"ingress/ingress_handler.go:120","msg":"Error retrieving TTL, defaulting.","commit":"7655d9c","error":"\"knativebrokerttl\" not found"}
{"level":"info","ts":"2019-12-03T21:04:53.081Z","logger":"broker_ingress","caller":"ingress/ingress_handler.go:120","msg":"Error retrieving TTL, defaulting.","commit":"7655d9c","error":"\"knativebrokerttl\" not found"}
{"level":"info","ts":"2019-12-03T21:04:53.081Z","logger":"broker_ingress","caller":"ingress/ingress_handler.go:120","msg":"Error retrieving TTL, defaulting.","commit":"7655d9c","error":"\"knativebrokerttl\" not found"}
{"level":"info","ts":"2019-12-03T21:04:53.081Z","logger":"broker_ingress","caller":"ingress/ingress_handler.go:120","msg":"Error retrieving TTL, defaulting.","commit":"7655d9c","error":"\"knativebrokerttl\" not found"}
{"level":"info","ts":"2019-12-03T21:04:53.082Z","logger":"broker_ingress","caller":"ingress/ingress_handler.go:120","msg":"Error retrieving TTL, defaulting.","commit":"7655d9c","error":"\"knativebrokerttl\" not found"}
{"level":"info","ts":"2019-12-03T21:04:53.082Z","logger":"broker_ingress","caller":"ingress/ingress_handler.go:120","msg":"Error retrieving TTL, defaulting.","commit":"7655d9c","error":"\"knativebrokerttl\" not found"}
{"level":"info","ts":"2019-12-03T21:04:53.082Z","logger":"broker_ingress","caller":"ingress/ingress_handler.go:120","msg":"Error retrieving TTL, defaulting.","commit":"7655d9c","error":"\"knativebrokerttl\" not found"}
{"level":"info","ts":"2019-12-03T21:04:53.082Z","logger":"broker_ingress","caller":"ingress/ingress_handler.go:120","msg":"Error retrieving TTL, defaulting.","commit":"7655d9c","error":"\"knativebrokerttl\" not found"}
{"level":"info","ts":"2019-12-03T21:04:53.082Z","logger":"broker_ingress","caller":"ingress/ingress_handler.go:120","msg":"Error retrieving TTL, defaulting.","commit":"7655d9c","error":"\"knativebrokerttl\" not found"}
{"level":"info","ts":"2019-12-03T21:04:53.082Z","logger":"broker_ingress","caller":"ingress/ingress_handler.go:120","msg":"Error retrieving TTL, defaulting.","commit":"7655d9c","error":"\"knativebrokerttl\" not found"}
{"level":"info","ts":"2019-12-03T21:04:53.082Z","logger":"broker_ingress","caller":"ingress/ingress_handler.go:120","msg":"Error retrieving TTL, defaulting.","commit":"7655d9c","error":"\"knativebrokerttl\" not found"}
{"level":"info","ts":"2019-12-03T21:04:53.082Z","logger":"broker_ingress","caller":"ingress/ingress_handler.go:120","msg":"Error retrieving TTL, defaulting.","commit":"7655d9c","error":"\"knativebrokerttl\" not found"}
{"level":"info","ts":"2019-12-03T21:04:53.083Z","logger":"broker_ingress","caller":"ingress/ingress_handler.go:120","msg":"Error retrieving TTL, defaulting.","commit":"7655d9c","error":"\"knativebrokerttl\" not found"}
{"level":"info","ts":"2019-12-03T21:04:53.083Z","logger":"broker_ingress","caller":"ingress/ingress_handler.go:120","msg":"Error retrieving TTL, defaulting.","commit":"7655d9c","error":"\"knativebrokerttl\" not found"}
{"level":"info","ts":"2019-12-03T21:04:53.083Z","logger":"broker_ingress","caller":"ingress/ingress_handler.go:120","msg":"Error retrieving TTL, defaulting.","commit":"7655d9c","error":"\"knativebrokerttl\" not found"}
{"level":"info","ts":"2019-12-03T21:04:53.083Z","logger":"broker_ingress","caller":"ingress/ingress_handler.go:120","msg":"Error retrieving TTL, defaulting.","commit":"7655d9c","error":"\"knativebrokerttl\" not found"}
{"level":"info","ts":"2019-12-03T21:04:53.083Z","logger":"broker_ingress","caller":"ingress/ingress_handler.go:120","msg":"Error retrieving TTL, defaulting.","commit":"7655d9c","error":"\"knativebrokerttl\" not found"}
{"level":"info","ts":"2019-12-03T21:04:53.083Z","logger":"broker_ingress","caller":"ingress/ingress_handler.go:120","msg":"Error retrieving TTL, defaulting.","commit":"7655d9c","error":"\"knativebrokerttl\" not found"}
{"level":"info","ts":"2019-12-03T21:04:53.084Z","logger":"broker_ingress","caller":"ingress/ingress_handler.go:120","msg":"Error retrieving TTL, defaulting.","commit":"7655d9c","error":"\"knativebrokerttl\" not found"}
{"level":"info","ts":"2019-12-03T21:04:53.046Z","logger":"broker_ingress","caller":"ingress/ingress_handler.go:120","msg":"Error retrieving TTL, defaulting.","commit":"7655d9c","error":"\"knativebrokerttl\" not found"}
{"level":"info","ts":"2019-12-03T21:04:53.092Z","logger":"broker_ingress","caller":"ingress/ingress_handler.go:120","msg":"Error retrieving TTL, defaulting.","commit":"7655d9c","error":"\"knativebrokerttl\" not found"}
{"level":"info","ts":"2019-12-03T21:04:53.092Z","logger":"broker_ingress","caller":"ingress/ingress_handler.go:120","msg":"Error retrieving TTL, defaulting.","commit":"7655d9c","error":"\"knativebrokerttl\" not found"}
{"level":"info","ts":"2019-12-03T21:04:53.092Z","logger":"broker_ingress","caller":"ingress/ingress_handler.go:120","msg":"Error retrieving TTL, defaulting.","commit":"7655d9c","error":"\"knativebrokerttl\" not found"}
{"level":"info","ts":"2019-12-03T21:04:53.093Z","logger":"broker_ingress","caller":"ingress/ingress_handler.go:120","msg":"Error retrieving TTL, defaulting.","commit":"7655d9c","error":"\"knativebrokerttl\" not found"}
{"level":"info","ts":"2019-12-03T21:04:53.093Z","logger":"broker_ingress","caller":"ingress/ingress_handler.go:120","msg":"Error retrieving TTL, defaulting.","commit":"7655d9c","error":"\"knativebrokerttl\" not found"}
{"level":"info","ts":"2019-12-03T21:04:53.093Z","logger":"broker_ingress","caller":"ingress/ingress_handler.go:120","msg":"Error retrieving TTL, defaulting.","commit":"7655d9c","error":"\"knativebrokerttl\" not found"}
{"level":"info","ts":"2019-12-03T21:04:53.093Z","logger":"broker_ingress","caller":"ingress/ingress_handler.go:120","msg":"Error retrieving TTL, defaulting.","commit":"7655d9c","error":"\"knativebrokerttl\" not found"}
{"level":"info","ts":"2019-12-03T21:04:53.093Z","logger":"broker_ingress","caller":"ingress/ingress_handler.go:120","msg":"Error retrieving TTL, defaulting.","commit":"7655d9c","error":"\"knativebrokerttl\" not found"}
{"level":"info","ts":"2019-12-03T21:04:53.093Z","logger":"broker_ingress","caller":"ingress/ingress_handler.go:120","msg":"Error retrieving TTL, defaulting.","commit":"7655d9c","error":"\"knativebrokerttl\" not found"}
{"level":"info","ts":"2019-12-03T21:04:53.093Z","logger":"broker_ingress","caller":"ingress/ingress_handler.go:120","msg":"Error retrieving TTL, defaulting.","commit":"7655d9c","error":"\"knativebrokerttl\" not found"}
{"level":"info","ts":"2019-12-03T21:04:53.094Z","logger":"broker_ingress","caller":"ingress/ingress_handler.go:120","msg":"Error retrieving TTL, defaulting.","commit":"7655d9c","error":"\"knativebrokerttl\" not found"}
{"level":"info","ts":"2019-12-03T21:04:53.107Z","logger":"broker_ingress","caller":"ingress/ingress_handler.go:120","msg":"Error retrieving TTL, defaulting.","commit":"7655d9c","error":"\"knativebrokerttl\" not found"}
{"level":"info","ts":"2019-12-03T21:04:53.107Z","logger":"broker_ingress","caller":"ingress/ingress_handler.go:120","msg":"Error retrieving TTL, defaulting.","commit":"7655d9c","error":"\"knativebrokerttl\" not found"}
{"level":"info","ts":"2019-12-03T21:04:53.107Z","logger":"broker_ingress","caller":"ingress/ingress_handler.go:120","msg":"Error retrieving TTL, defaulting.","commit":"7655d9c","error":"\"knativebrokerttl\" not found"}
{"level":"info","ts":"2019-12-03T21:04:53.107Z","logger":"broker_ingress","caller":"ingress/ingress_handler.go:120","msg":"Error retrieving TTL, defaulting.","commit":"7655d9c","error":"\"knativebrokerttl\" not found"}
{"level":"info","ts":"2019-12-03T21:04:53.108Z","logger":"broker_ingress","caller":"ingress/ingress_handler.go:120","msg":"Error retrieving TTL, defaulting.","commit":"7655d9c","error":"\"knativebrokerttl\" not found"}
{"level":"info","ts":"2019-12-03T21:04:53.108Z","logger":"broker_ingress","caller":"ingress/ingress_handler.go:120","msg":"Error retrieving TTL, defaulting.","commit":"7655d9c","error":"\"knativebrokerttl\" not found"}
{"level":"info","ts":"2019-12-03T21:04:53.108Z","logger":"broker_ingress","caller":"ingress/ingress_handler.go:120","msg":"Error retrieving TTL, defaulting.","commit":"7655d9c","error":"\"knativebrokerttl\" not found"}
{"level":"info","ts":"2019-12-03T21:04:53.108Z","logger":"broker_ingress","caller":"ingress/ingress_handler.go:120","msg":"Error retrieving TTL, defaulting.","commit":"7655d9c","error":"\"knativebrokerttl\" not found"}
{"level":"info","ts":"2019-12-03T21:04:53.108Z","logger":"broker_ingress","caller":"ingress/ingress_handler.go:120","msg":"Error retrieving TTL, defaulting.","commit":"7655d9c","error":"\"knativebrokerttl\" not found"}
{"level":"info","ts":"2019-12-03T21:04:53.108Z","logger":"broker_ingress","caller":"ingress/ingress_handler.go:120","msg":"Error retrieving TTL, defaulting.","commit":"7655d9c","error":"\"knativebrokerttl\" not found"}
{"level":"info","ts":"2019-12-03T21:04:53.108Z","logger":"broker_ingress","caller":"ingress/ingress_handler.go:120","msg":"Error retrieving TTL, defaulting.","commit":"7655d9c","error":"\"knativebrokerttl\" not found"}
{"level":"info","ts":"2019-12-03T21:04:53.108Z","logger":"broker_ingress","caller":"ingress/ingress_handler.go:120","msg":"Error retrieving TTL, defaulting.","commit":"7655d9c","error":"\"knativebrokerttl\" not found"}
{"level":"info","ts":"2019-12-03T21:04:53.120Z","logger":"broker_ingress","caller":"ingress/ingress_handler.go:120","msg":"Error retrieving TTL, defaulting.","commit":"7655d9c","error":"\"knativebrokerttl\" not found"}
{"level":"info","ts":"2019-12-03T21:04:53.120Z","logger":"broker_ingress","caller":"ingress/ingress_handler.go:120","msg":"Error retrieving TTL, defaulting.","commit":"7655d9c","error":"\"knativebrokerttl\" not found"}
{"level":"info","ts":"2019-12-03T21:04:53.120Z","logger":"broker_ingress","caller":"ingress/ingress_handler.go:120","msg":"Error retrieving TTL, defaulting.","commit":"7655d9c","error":"\"knativebrokerttl\" not found"}
{"level":"info","ts":"2019-12-03T21:04:53.120Z","logger":"broker_ingress","caller":"ingress/ingress_handler.go:120","msg":"Error retrieving TTL, defaulting.","commit":"7655d9c","error":"\"knativebrokerttl\" not found"}
{"level":"info","ts":"2019-12-03T21:04:53.121Z","logger":"broker_ingress","caller":"ingress/ingress_handler.go:120","msg":"Error retrieving TTL, defaulting.","commit":"7655d9c","error":"\"knativebrokerttl\" not found"}
{"level":"info","ts":"2019-12-03T21:04:53.121Z","logger":"broker_ingress","caller":"ingress/ingress_handler.go:120","msg":"Error retrieving TTL, defaulting.","commit":"7655d9c","error":"\"knativebrokerttl\" not found"}
{"level":"info","ts":"2019-12-03T21:04:53.121Z","logger":"broker_ingress","caller":"ingress/ingress_handler.go:120","msg":"Error retrieving TTL, defaulting.","commit":"7655d9c","error":"\"knativebrokerttl\" not found"}
{"level":"info","ts":"2019-12-03T21:04:53.121Z","logger":"broker_ingress","caller":"ingress/ingress_handler.go:120","msg":"Error retrieving TTL, defaulting.","commit":"7655d9c","error":"\"knativebrokerttl\" not found"}
{"level":"info","ts":"2019-12-03T21:04:53.121Z","logger":"broker_ingress","caller":"ingress/ingress_handler.go:120","msg":"Error retrieving TTL, defaulting.","commit":"7655d9c","error":"\"knativebrokerttl\" not found"}
{"level":"info","ts":"2019-12-03T21:04:53.121Z","logger":"broker_ingress","caller":"ingress/ingress_handler.go:120","msg":"Error retrieving TTL, defaulting.","commit":"7655d9c","error":"\"knativebrokerttl\" not found"}
{"level":"info","ts":"2019-12-03T21:04:53.121Z","logger":"broker_ingress","caller":"ingress/ingress_handler.go:120","msg":"Error retrieving TTL, defaulting.","commit":"7655d9c","error":"\"knativebrokerttl\" not found"}
{"level":"info","ts":"2019-12-03T21:04:53.146Z","logger":"broker_ingress","caller":"ingress/ingress_handler.go:120","msg":"Error retrieving TTL, defaulting.","commit":"7655d9c","error":"\"knativebrokerttl\" not found"}
{"level":"info","ts":"2019-12-03T21:04:53.146Z","logger":"broker_ingress","caller":"ingress/ingress_handler.go:120","msg":"Error retrieving TTL, defaulting.","commit":"7655d9c","error":"\"knativebrokerttl\" not found"}
{"level":"info","ts":"2019-12-03T21:04:53.147Z","logger":"broker_ingress","caller":"ingress/ingress_handler.go:120","msg":"Error retrieving TTL, defaulting.","commit":"7655d9c","error":"\"knativebrokerttl\" not found"}
{"level":"info","ts":"2019-12-03T21:04:53.147Z","logger":"broker_ingress","caller":"ingress/ingress_handler.go:120","msg":"Error retrieving TTL, defaulting.","commit":"7655d9c","error":"\"knativebrokerttl\" not found"}
{"level":"info","ts":"2019-12-03T21:04:53.147Z","logger":"broker_ingress","caller":"ingress/ingress_handler.go:120","msg":"Error retrieving TTL, defaulting.","commit":"7655d9c","error":"\"knativebrokerttl\" not found"}
{"level":"info","ts":"2019-12-03T21:04:53.147Z","logger":"broker_ingress","caller":"ingress/ingress_handler.go:120","msg":"Error retrieving TTL, defaulting.","commit":"7655d9c","error":"\"knativebrokerttl\" not found"}
{"level":"info","ts":"2019-12-03T21:04:53.147Z","logger":"broker_ingress","caller":"ingress/ingress_handler.go:120","msg":"Error retrieving TTL, defaulting.","commit":"7655d9c","error":"\"knativebrokerttl\" not found"}
{"level":"info","ts":"2019-12-03T21:04:53.147Z","logger":"broker_ingress","caller":"ingress/ingress_handler.go:120","msg":"Error retrieving TTL, defaulting.","commit":"7655d9c","error":"\"knativebrokerttl\" not found"}
{"level":"info","ts":"2019-12-03T21:04:53.148Z","logger":"broker_ingress","caller":"ingress/ingress_handler.go:120","msg":"Error retrieving TTL, defaulting.","commit":"7655d9c","error":"\"knativebrokerttl\" not found"}
{"level":"info","ts":"2019-12-03T21:04:53.148Z","logger":"broker_ingress","caller":"ingress/ingress_handler.go:120","msg":"Error retrieving TTL, defaulting.","commit":"7655d9c","error":"\"knativebrokerttl\" not found"}
{"level":"info","ts":"2019-12-03T21:04:53.148Z","logger":"broker_ingress","caller":"ingress/ingress_handler.go:120","msg":"Error retrieving TTL, defaulting.","commit":"7655d9c","error":"\"knativebrokerttl\" not found"}
{"level":"info","ts":"2019-12-03T21:04:53.148Z","logger":"broker_ingress","caller":"ingress/ingress_handler.go:120","msg":"Error retrieving TTL, defaulting.","commit":"7655d9c","error":"\"knativebrokerttl\" not found"}
{"level":"info","ts":"2019-12-03T21:04:53.149Z","logger":"broker_ingress","caller":"ingress/ingress_handler.go:120","msg":"Error retrieving TTL, defaulting.","commit":"7655d9c","error":"\"knativebrokerttl\" not found"}
{"level":"info","ts":"2019-12-03T21:04:53.149Z","logger":"broker_ingress","caller":"ingress/ingress_handler.go:120","msg":"Error retrieving TTL, defaulting.","commit":"7655d9c","error":"\"knativebrokerttl\" not found"}
{"level":"info","ts":"2019-12-03T21:04:53.149Z","logger":"broker_ingress","caller":"ingress/ingress_handler.go:120","msg":"Error retrieving TTL, defaulting.","commit":"7655d9c","error":"\"knativebrokerttl\" not found"}
{"level":"info","ts":"2019-12-03T21:04:53.149Z","logger":"broker_ingress","caller":"ingress/ingress_handler.go:120","msg":"Error retrieving TTL, defaulting.","commit":"7655d9c","error":"\"knativebrokerttl\" not found"}
{"level":"info","ts":"2019-12-03T21:04:53.149Z","logger":"broker_ingress","caller":"ingress/ingress_handler.go:120","msg":"Error retrieving TTL, defaulting.","commit":"7655d9c","error":"\"knativebrokerttl\" not found"}
{"level":"info","ts":"2019-12-03T21:04:53.149Z","logger":"broker_ingress","caller":"ingress/ingress_handler.go:120","msg":"Error retrieving TTL, defaulting.","commit":"7655d9c","error":"\"knativebrokerttl\" not found"}
{"level":"info","ts":"2019-12-03T21:04:53.149Z","logger":"broker_ingress","caller":"ingress/ingress_handler.go:120","msg":"Error retrieving TTL, defaulting.","commit":"7655d9c","error":"\"knativebrokerttl\" not found"}
{"level":"info","ts":"2019-12-03T21:04:53.150Z","logger":"broker_ingress","caller":"ingress/ingress_handler.go:120","msg":"Error retrieving TTL, defaulting.","commit":"7655d9c","error":"\"knativebrokerttl\" not found"}
{"level":"info","ts":"2019-12-03T21:04:53.150Z","logger":"broker_ingress","caller":"ingress/ingress_handler.go:120","msg":"Error retrieving TTL, defaulting.","commit":"7655d9c","error":"\"knativebrokerttl\" not found"}
{"level":"info","ts":"2019-12-03T21:04:53.150Z","logger":"broker_ingress","caller":"ingress/ingress_handler.go:120","msg":"Error retrieving TTL, defaulting.","commit":"7655d9c","error":"\"knativebrokerttl\" not found"}
{"level":"info","ts":"2019-12-03T21:04:53.150Z","logger":"broker_ingress","caller":"ingress/ingress_handler.go:120","msg":"Error retrieving TTL, defaulting.","commit":"7655d9c","error":"\"knativebrokerttl\" not found"}
{"level":"info","ts":"2019-12-03T21:04:53.150Z","logger":"broker_ingress","caller":"ingress/ingress_handler.go:120","msg":"Error retrieving TTL, defaulting.","commit":"7655d9c","error":"\"knativebrokerttl\" not found"}
{"level":"info","ts":"2019-12-03T21:04:53.150Z","logger":"broker_ingress","caller":"ingress/ingress_handler.go:120","msg":"Error retrieving TTL, defaulting.","commit":"7655d9c","error":"\"knativebrokerttl\" not found"}
{"level":"info","ts":"2019-12-03T21:04:53.153Z","logger":"broker_ingress","caller":"ingress/ingress_handler.go:120","msg":"Error retrieving TTL, defaulting.","commit":"7655d9c","error":"\"knativebrokerttl\" not found"}
{"level":"info","ts":"2019-12-03T21:04:53.153Z","logger":"broker_ingress","caller":"ingress/ingress_handler.go:120","msg":"Error retrieving TTL, defaulting.","commit":"7655d9c","error":"\"knativebrokerttl\" not found"}
{"level":"info","ts":"2019-12-03T21:04:53.153Z","logger":"broker_ingress","caller":"ingress/ingress_handler.go:120","msg":"Error retrieving TTL, defaulting.","commit":"7655d9c","error":"\"knativebrokerttl\" not found"}
{"level":"info","ts":"2019-12-03T21:04:53.153Z","logger":"broker_ingress","caller":"ingress/ingress_handler.go:120","msg":"Error retrieving TTL, defaulting.","commit":"7655d9c","error":"\"knativebrokerttl\" not found"}
{"level":"info","ts":"2019-12-03T21:04:53.153Z","logger":"broker_ingress","caller":"ingress/ingress_handler.go:120","msg":"Error retrieving TTL, defaulting.","commit":"7655d9c","error":"\"knativebrokerttl\" not found"}
{"level":"info","ts":"2019-12-03T21:04:53.154Z","logger":"broker_ingress","caller":"ingress/ingress_handler.go:120","msg":"Error retrieving TTL, defaulting.","commit":"7655d9c","error":"\"knativebrokerttl\" not found"}
{"level":"info","ts":"2019-12-03T21:04:53.154Z","logger":"broker_ingress","caller":"ingress/ingress_handler.go:120","msg":"Error retrieving TTL, defaulting.","commit":"7655d9c","error":"\"knativebrokerttl\" not found"}
{"level":"info","ts":"2019-12-03T21:04:53.154Z","logger":"broker_ingress","caller":"ingress/ingress_handler.go:120","msg":"Error retrieving TTL, defaulting.","commit":"7655d9c","error":"\"knativebrokerttl\" not found"}
{"level":"info","ts":"2019-12-03T21:04:53.154Z","logger":"broker_ingress","caller":"ingress/ingress_handler.go:120","msg":"Error retrieving TTL, defaulting.","commit":"7655d9c","error":"\"knativebrokerttl\" not found"}
{"level":"info","ts":"2019-12-03T21:04:53.154Z","logger":"broker_ingress","caller":"ingress/ingress_handler.go:120","msg":"Error retrieving TTL, defaulting.","commit":"7655d9c","error":"\"knativebrokerttl\" not found"}
{"level":"info","ts":"2019-12-03T21:04:53.154Z","logger":"broker_ingress","caller":"ingress/ingress_handler.go:120","msg":"Error retrieving TTL, defaulting.","commit":"7655d9c","error":"\"knativebrokerttl\" not found"}
{"level":"info","ts":"2019-12-03T21:04:53.155Z","logger":"broker_ingress","caller":"ingress/ingress_handler.go:120","msg":"Error retrieving TTL, defaulting.","commit":"7655d9c","error":"\"knativebrokerttl\" not found"}
{"level":"info","ts":"2019-12-03T21:04:53.148Z","logger":"broker_ingress","caller":"ingress/ingress_handler.go:120","msg":"Error retrieving TTL, defaulting.","commit":"7655d9c","error":"\"knativebrokerttl\" not found"}
{"level":"info","ts":"2019-12-03T21:04:53.165Z","logger":"broker_ingress","caller":"ingress/ingress_handler.go:120","msg":"Error retrieving TTL, defaulting.","commit":"7655d9c","error":"\"knativebrokerttl\" not found"}
{"level":"info","ts":"2019-12-03T21:04:53.165Z","logger":"broker_ingress","caller":"ingress/ingress_handler.go:120","msg":"Error retrieving TTL, defaulting.","commit":"7655d9c","error":"\"knativebrokerttl\" not found"}
{"level":"info","ts":"2019-12-03T21:04:53.165Z","logger":"broker_ingress","caller":"ingress/ingress_handler.go:120","msg":"Error retrieving TTL, defaulting.","commit":"7655d9c","error":"\"knativebrokerttl\" not found"}
{"level":"info","ts":"2019-12-03T21:04:53.165Z","logger":"broker_ingress","caller":"ingress/ingress_handler.go:120","msg":"Error retrieving TTL, defaulting.","commit":"7655d9c","error":"\"knativebrokerttl\" not found"}
{"level":"info","ts":"2019-12-03T21:04:53.166Z","logger":"broker_ingress","caller":"ingress/ingress_handler.go:120","msg":"Error retrieving TTL, defaulting.","commit":"7655d9c","error":"\"knativebrokerttl\" not found"}
{"level":"info","ts":"2019-12-03T21:04:53.166Z","logger":"broker_ingress","caller":"ingress/ingress_handler.go:120","msg":"Error retrieving TTL, defaulting.","commit":"7655d9c","error":"\"knativebrokerttl\" not found"}
{"level":"info","ts":"2019-12-03T21:04:53.166Z","logger":"broker_ingress","caller":"ingress/ingress_handler.go:120","msg":"Error retrieving TTL, defaulting.","commit":"7655d9c","error":"\"knativebrokerttl\" not found"}
{"level":"info","ts":"2019-12-03T21:04:53.166Z","logger":"broker_ingress","caller":"ingress/ingress_handler.go:120","msg":"Error retrieving TTL, defaulting.","commit":"7655d9c","error":"\"knativebrokerttl\" not found"}
{"level":"info","ts":"2019-12-03T21:04:53.166Z","logger":"broker_ingress","caller":"ingress/ingress_handler.go:120","msg":"Error retrieving TTL, defaulting.","commit":"7655d9c","error":"\"knativebrokerttl\" not found"}
{"level":"info","ts":"2019-12-03T21:04:53.166Z","logger":"broker_ingress","caller":"ingress/ingress_handler.go:120","msg":"Error retrieving TTL, defaulting.","commit":"7655d9c","error":"\"knativebrokerttl\" not found"}
{"level":"info","ts":"2019-12-03T21:04:53.166Z","logger":"broker_ingress","caller":"ingress/ingress_handler.go:120","msg":"Error retrieving TTL, defaulting.","commit":"7655d9c","error":"\"knativebrokerttl\" not found"}
{"level":"info","ts":"2019-12-03T21:04:53.166Z","logger":"broker_ingress","caller":"ingress/ingress_handler.go:120","msg":"Error retrieving TTL, defaulting.","commit":"7655d9c","error":"\"knativebrokerttl\" not found"}
{"level":"info","ts":"2019-12-03T21:04:53.167Z","logger":"broker_ingress","caller":"ingress/ingress_handler.go:120","msg":"Error retrieving TTL, defaulting.","commit":"7655d9c","error":"\"knativebrokerttl\" not found"}
{"level":"info","ts":"2019-12-03T21:04:53.170Z","logger":"broker_ingress","caller":"ingress/ingress_handler.go:120","msg":"Error retrieving TTL, defaulting.","commit":"7655d9c","error":"\"knativebrokerttl\" not found"}
{"level":"info","ts":"2019-12-03T21:04:53.172Z","logger":"broker_ingress","caller":"ingress/ingress_handler.go:120","msg":"Error retrieving TTL, defaulting.","commit":"7655d9c","error":"\"knativebrokerttl\" not found"}
{"level":"info","ts":"2019-12-03T21:04:53.172Z","logger":"broker_ingress","caller":"ingress/ingress_handler.go:120","msg":"Error retrieving TTL, defaulting.","commit":"7655d9c","error":"\"knativebrokerttl\" not found"}
{"level":"info","ts":"2019-12-03T21:04:53.172Z","logger":"broker_ingress","caller":"ingress/ingress_handler.go:120","msg":"Error retrieving TTL, defaulting.","commit":"7655d9c","error":"\"knativebrokerttl\" not found"}
{"level":"info","ts":"2019-12-03T21:04:53.172Z","logger":"broker_ingress","caller":"ingress/ingress_handler.go:120","msg":"Error retrieving TTL, defaulting.","commit":"7655d9c","error":"\"knativebrokerttl\" not found"}
{"level":"info","ts":"2019-12-03T21:04:53.173Z","logger":"broker_ingress","caller":"ingress/ingress_handler.go:120","msg":"Error retrieving TTL, defaulting.","commit":"7655d9c","error":"\"knativebrokerttl\" not found"}
{"level":"info","ts":"2019-12-03T21:04:53.173Z","logger":"broker_ingress","caller":"ingress/ingress_handler.go:120","msg":"Error retrieving TTL, defaulting.","commit":"7655d9c","error":"\"knativebrokerttl\" not found"}
{"level":"info","ts":"2019-12-03T21:04:53.173Z","logger":"broker_ingress","caller":"ingress/ingress_handler.go:120","msg":"Error retrieving TTL, defaulting.","commit":"7655d9c","error":"\"knativebrokerttl\" not found"}
{"level":"info","ts":"2019-12-03T21:04:53.173Z","logger":"broker_ingress","caller":"ingress/ingress_handler.go:120","msg":"Error retrieving TTL, defaulting.","commit":"7655d9c","error":"\"knativebrokerttl\" not found"}
{"level":"info","ts":"2019-12-03T21:04:53.173Z","logger":"broker_ingress","caller":"ingress/ingress_handler.go:120","msg":"Error retrieving TTL, defaulting.","commit":"7655d9c","error":"\"knativebrokerttl\" not found"}
{"level":"info","ts":"2019-12-03T21:04:53.173Z","logger":"broker_ingress","caller":"ingress/ingress_handler.go:120","msg":"Error retrieving TTL, defaulting.","commit":"7655d9c","error":"\"knativebrokerttl\" not found"}
{"level":"info","ts":"2019-12-03T21:04:53.174Z","logger":"broker_ingress","caller":"ingress/ingress_handler.go:120","msg":"Error retrieving TTL, defaulting.","commit":"7655d9c","error":"\"knativebrokerttl\" not found"}
{"level":"info","ts":"2019-12-03T21:04:53.184Z","logger":"broker_ingress","caller":"ingress/ingress_handler.go:120","msg":"Error retrieving TTL, defaulting.","commit":"7655d9c","error":"\"knativebrokerttl\" not found"}
{"level":"info","ts":"2019-12-03T21:04:53.184Z","logger":"broker_ingress","caller":"ingress/ingress_handler.go:120","msg":"Error retrieving TTL, defaulting.","commit":"7655d9c","error":"\"knativebrokerttl\" not found"}
{"level":"info","ts":"2019-12-03T21:04:53.184Z","logger":"broker_ingress","caller":"ingress/ingress_handler.go:120","msg":"Error retrieving TTL, defaulting.","commit":"7655d9c","error":"\"knativebrokerttl\" not found"}
{"level":"info","ts":"2019-12-03T21:04:53.184Z","logger":"broker_ingress","caller":"ingress/ingress_handler.go:120","msg":"Error retrieving TTL, defaulting.","commit":"7655d9c","error":"\"knativebrokerttl\" not found"}
{"level":"info","ts":"2019-12-03T21:04:53.185Z","logger":"broker_ingress","caller":"ingress/ingress_handler.go:120","msg":"Error retrieving TTL, defaulting.","commit":"7655d9c","error":"\"knativebrokerttl\" not found"}
{"level":"info","ts":"2019-12-03T21:04:53.185Z","logger":"broker_ingress","caller":"ingress/ingress_handler.go:120","msg":"Error retrieving TTL, defaulting.","commit":"7655d9c","error":"\"knativebrokerttl\" not found"}
{"level":"info","ts":"2019-12-03T21:04:53.185Z","logger":"broker_ingress","caller":"ingress/ingress_handler.go:120","msg":"Error retrieving TTL, defaulting.","commit":"7655d9c","error":"\"knativebrokerttl\" not found"}
{"level":"info","ts":"2019-12-03T21:04:53.185Z","logger":"broker_ingress","caller":"ingress/ingress_handler.go:120","msg":"Error retrieving TTL, defaulting.","commit":"7655d9c","error":"\"knativebrokerttl\" not found"}
{"level":"info","ts":"2019-12-03T21:04:53.185Z","logger":"broker_ingress","caller":"ingress/ingress_handler.go:120","msg":"Error retrieving TTL, defaulting.","commit":"7655d9c","error":"\"knativebrokerttl\" not found"}
{"level":"info","ts":"2019-12-03T21:04:53.185Z","logger":"broker_ingress","caller":"ingress/ingress_handler.go:120","msg":"Error retrieving TTL, defaulting.","commit":"7655d9c","error":"\"knativebrokerttl\" not found"}
{"level":"info","ts":"2019-12-03T21:04:53.185Z","logger":"broker_ingress","caller":"ingress/ingress_handler.go:120","msg":"Error retrieving TTL, defaulting.","commit":"7655d9c","error":"\"knativebrokerttl\" not found"}
{"level":"info","ts":"2019-12-03T21:04:53.185Z","logger":"broker_ingress","caller":"ingress/ingress_handler.go:120","msg":"Error retrieving TTL, defaulting.","commit":"7655d9c","error":"\"knativebrokerttl\" not found"}
{"level":"info","ts":"2019-12-03T21:04:53.185Z","logger":"broker_ingress","caller":"ingress/ingress_handler.go:120","msg":"Error retrieving TTL, defaulting.","commit":"7655d9c","error":"\"knativebrokerttl\" not found"}
{"level":"info","ts":"2019-12-03T21:04:53.185Z","logger":"broker_ingress","caller":"ingress/ingress_handler.go:120","msg":"Error retrieving TTL, defaulting.","commit":"7655d9c","error":"\"knativebrokerttl\" not found"}
{"level":"info","ts":"2019-12-03T21:04:53.186Z","logger":"broker_ingress","caller":"ingress/ingress_handler.go:120","msg":"Error retrieving TTL, defaulting.","commit":"7655d9c","error":"\"knativebrokerttl\" not found"}
{"level":"info","ts":"2019-12-03T21:04:53.186Z","logger":"broker_ingress","caller":"ingress/ingress_handler.go:120","msg":"Error retrieving TTL, defaulting.","commit":"7655d9c","error":"\"knativebrokerttl\" not found"}
{"level":"info","ts":"2019-12-03T21:04:53.186Z","logger":"broker_ingress","caller":"ingress/ingress_handler.go:120","msg":"Error retrieving TTL, defaulting.","commit":"7655d9c","error":"\"knativebrokerttl\" not found"}
{"level":"info","ts":"2019-12-03T21:04:53.186Z","logger":"broker_ingress","caller":"ingress/ingress_handler.go:120","msg":"Error retrieving TTL, defaulting.","commit":"7655d9c","error":"\"knativebrokerttl\" not found"}
{"level":"info","ts":"2019-12-03T21:04:53.186Z","logger":"broker_ingress","caller":"ingress/ingress_handler.go:120","msg":"Error retrieving TTL, defaulting.","commit":"7655d9c","error":"\"knativebrokerttl\" not found"}
{"level":"info","ts":"2019-12-03T21:04:53.186Z","logger":"broker_ingress","caller":"ingress/ingress_handler.go:120","msg":"Error retrieving TTL, defaulting.","commit":"7655d9c","error":"\"knativebrokerttl\" not found"}
{"level":"info","ts":"2019-12-03T21:04:53.186Z","logger":"broker_ingress","caller":"ingress/ingress_handler.go:120","msg":"Error retrieving TTL, defaulting.","commit":"7655d9c","error":"\"knativebrokerttl\" not found"}
{"level":"info","ts":"2019-12-03T21:04:53.186Z","logger":"broker_ingress","caller":"ingress/ingress_handler.go:120","msg":"Error retrieving TTL, defaulting.","commit":"7655d9c","error":"\"knativebrokerttl\" not found"}
{"level":"info","ts":"2019-12-03T21:04:53.186Z","logger":"broker_ingress","caller":"ingress/ingress_handler.go:120","msg":"Error retrieving TTL, defaulting.","commit":"7655d9c","error":"\"knativebrokerttl\" not found"}
{"level":"info","ts":"2019-12-03T21:04:53.186Z","logger":"broker_ingress","caller":"ingress/ingress_handler.go:120","msg":"Error retrieving TTL, defaulting.","commit":"7655d9c","error":"\"knativebrokerttl\" not found"}
{"level":"info","ts":"2019-12-03T21:04:53.186Z","logger":"broker_ingress","caller":"ingress/ingress_handler.go:120","msg":"Error retrieving TTL, defaulting.","commit":"7655d9c","error":"\"knativebrokerttl\" not found"}
{"level":"info","ts":"2019-12-03T21:04:53.186Z","logger":"broker_ingress","caller":"ingress/ingress_handler.go:120","msg":"Error retrieving TTL, defaulting.","commit":"7655d9c","error":"\"knativebrokerttl\" not found"}
{"level":"info","ts":"2019-12-03T21:04:53.186Z","logger":"broker_ingress","caller":"ingress/ingress_handler.go:120","msg":"Error retrieving TTL, defaulting.","commit":"7655d9c","error":"\"knativebrokerttl\" not found"}
{"level":"info","ts":"2019-12-03T21:04:53.186Z","logger":"broker_ingress","caller":"ingress/ingress_handler.go:120","msg":"Error retrieving TTL, defaulting.","commit":"7655d9c","error":"\"knativebrokerttl\" not found"}
{"level":"info","ts":"2019-12-03T21:04:53.197Z","logger":"broker_ingress","caller":"ingress/ingress_handler.go:120","msg":"Error retrieving TTL, defaulting.","commit":"7655d9c","error":"\"knativebrokerttl\" not found"}
{"level":"info","ts":"2019-12-03T21:04:53.197Z","logger":"broker_ingress","caller":"ingress/ingress_handler.go:120","msg":"Error retrieving TTL, defaulting.","commit":"7655d9c","error":"\"knativebrokerttl\" not found"}
{"level":"info","ts":"2019-12-03T21:04:53.197Z","logger":"broker_ingress","caller":"ingress/ingress_handler.go:120","msg":"Error retrieving TTL, defaulting.","commit":"7655d9c","error":"\"knativebrokerttl\" not found"}
{"level":"info","ts":"2019-12-03T21:04:53.197Z","logger":"broker_ingress","caller":"ingress/ingress_handler.go:120","msg":"Error retrieving TTL, defaulting.","commit":"7655d9c","error":"\"knativebrokerttl\" not found"}
{"level":"info","ts":"2019-12-03T21:04:53.198Z","logger":"broker_ingress","caller":"ingress/ingress_handler.go:120","msg":"Error retrieving TTL, defaulting.","commit":"7655d9c","error":"\"knativebrokerttl\" not found"}
{"level":"info","ts":"2019-12-03T21:04:53.198Z","logger":"broker_ingress","caller":"ingress/ingress_handler.go:120","msg":"Error retrieving TTL, defaulting.","commit":"7655d9c","error":"\"knativebrokerttl\" not found"}
{"level":"info","ts":"2019-12-03T21:04:53.198Z","logger":"broker_ingress","caller":"ingress/ingress_handler.go:120","msg":"Error retrieving TTL, defaulting.","commit":"7655d9c","error":"\"knativebrokerttl\" not found"}
{"level":"info","ts":"2019-12-03T21:04:53.198Z","logger":"broker_ingress","caller":"ingress/ingress_handler.go:120","msg":"Error retrieving TTL, defaulting.","commit":"7655d9c","error":"\"knativebrokerttl\" not found"}
{"level":"info","ts":"2019-12-03T21:04:53.198Z","logger":"broker_ingress","caller":"ingress/ingress_handler.go:120","msg":"Error retrieving TTL, defaulting.","commit":"7655d9c","error":"\"knativebrokerttl\" not found"}
{"level":"info","ts":"2019-12-03T21:04:53.198Z","logger":"broker_ingress","caller":"ingress/ingress_handler.go:120","msg":"Error retrieving TTL, defaulting.","commit":"7655d9c","error":"\"knativebrokerttl\" not found"}
{"level":"info","ts":"2019-12-03T21:04:53.199Z","logger":"broker_ingress","caller":"ingress/ingress_handler.go:120","msg":"Error retrieving TTL, defaulting.","commit":"7655d9c","error":"\"knativebrokerttl\" not found"}
{"level":"info","ts":"2019-12-03T21:04:53.205Z","logger":"broker_ingress","caller":"ingress/ingress_handler.go:120","msg":"Error retrieving TTL, defaulting.","commit":"7655d9c","error":"\"knativebrokerttl\" not found"}
{"level":"info","ts":"2019-12-03T21:04:53.205Z","logger":"broker_ingress","caller":"ingress/ingress_handler.go:120","msg":"Error retrieving TTL, defaulting.","commit":"7655d9c","error":"\"knativebrokerttl\" not found"}
{"level":"info","ts":"2019-12-03T21:04:53.205Z","logger":"broker_ingress","caller":"ingress/ingress_handler.go:120","msg":"Error retrieving TTL, defaulting.","commit":"7655d9c","error":"\"knativebrokerttl\" not found"}
{"level":"info","ts":"2019-12-03T21:04:53.206Z","logger":"broker_ingress","caller":"ingress/ingress_handler.go:120","msg":"Error retrieving TTL, defaulting.","commit":"7655d9c","error":"\"knativebrokerttl\" not found"}
{"level":"info","ts":"2019-12-03T21:04:53.206Z","logger":"broker_ingress","caller":"ingress/ingress_handler.go:120","msg":"Error retrieving TTL, defaulting.","commit":"7655d9c","error":"\"knativebrokerttl\" not found"}
{"level":"info","ts":"2019-12-03T21:04:53.206Z","logger":"broker_ingress","caller":"ingress/ingress_handler.go:120","msg":"Error retrieving TTL, defaulting.","commit":"7655d9c","error":"\"knativebrokerttl\" not found"}
{"level":"info","ts":"2019-12-03T21:04:53.218Z","logger":"broker_ingress","caller":"ingress/ingress_handler.go:120","msg":"Error retrieving TTL, defaulting.","commit":"7655d9c","error":"\"knativebrokerttl\" not found"}
{"level":"info","ts":"2019-12-03T21:04:53.218Z","logger":"broker_ingress","caller":"ingress/ingress_handler.go:120","msg":"Error retrieving TTL, defaulting.","commit":"7655d9c","error":"\"knativebrokerttl\" not found"}
{"level":"info","ts":"2019-12-03T21:04:53.218Z","logger":"broker_ingress","caller":"ingress/ingress_handler.go:120","msg":"Error retrieving TTL, defaulting.","commit":"7655d9c","error":"\"knativebrokerttl\" not found"}
{"level":"info","ts":"2019-12-03T21:04:53.218Z","logger":"broker_ingress","caller":"ingress/ingress_handler.go:120","msg":"Error retrieving TTL, defaulting.","commit":"7655d9c","error":"\"knativebrokerttl\" not found"}
{"level":"info","ts":"2019-12-03T21:04:53.219Z","logger":"broker_ingress","caller":"ingress/ingress_handler.go:120","msg":"Error retrieving TTL, defaulting.","commit":"7655d9c","error":"\"knativebrokerttl\" not found"}
{"level":"info","ts":"2019-12-03T21:04:53.219Z","logger":"broker_ingress","caller":"ingress/ingress_handler.go:120","msg":"Error retrieving TTL, defaulting.","commit":"7655d9c","error":"\"knativebrokerttl\" not found"}
{"level":"info","ts":"2019-12-03T21:04:53.219Z","logger":"broker_ingress","caller":"ingress/ingress_handler.go:120","msg":"Error retrieving TTL, defaulting.","commit":"7655d9c","error":"\"knativebrokerttl\" not found"}
{"level":"info","ts":"2019-12-03T21:04:53.219Z","logger":"broker_ingress","caller":"ingress/ingress_handler.go:120","msg":"Error retrieving TTL, defaulting.","commit":"7655d9c","error":"\"knativebrokerttl\" not found"}
{"level":"info","ts":"2019-12-03T21:04:53.226Z","logger":"broker_ingress","caller":"ingress/ingress_handler.go:120","msg":"Error retrieving TTL, defaulting.","commit":"7655d9c","error":"\"knativebrokerttl\" not found"}
{"level":"info","ts":"2019-12-03T21:04:53.226Z","logger":"broker_ingress","caller":"ingress/ingress_handler.go:120","msg":"Error retrieving TTL, defaulting.","commit":"7655d9c","error":"\"knativebrokerttl\" not found"}
{"level":"info","ts":"2019-12-03T21:04:53.227Z","logger":"broker_ingress","caller":"ingress/ingress_handler.go:120","msg":"Error retrieving TTL, defaulting.","commit":"7655d9c","error":"\"knativebrokerttl\" not found"}
{"level":"info","ts":"2019-12-03T21:04:53.227Z","logger":"broker_ingress","caller":"ingress/ingress_handler.go:120","msg":"Error retrieving TTL, defaulting.","commit":"7655d9c","error":"\"knativebrokerttl\" not found"}
{"level":"info","ts":"2019-12-03T21:04:53.227Z","logger":"broker_ingress","caller":"ingress/ingress_handler.go:120","msg":"Error retrieving TTL, defaulting.","commit":"7655d9c","error":"\"knativebrokerttl\" not found"}
{"level":"info","ts":"2019-12-03T21:04:53.227Z","logger":"broker_ingress","caller":"ingress/ingress_handler.go:120","msg":"Error retrieving TTL, defaulting.","commit":"7655d9c","error":"\"knativebrokerttl\" not found"}
{"level":"info","ts":"2019-12-03T21:04:53.227Z","logger":"broker_ingress","caller":"ingress/ingress_handler.go:120","msg":"Error retrieving TTL, defaulting.","commit":"7655d9c","error":"\"knativebrokerttl\" not found"}
{"level":"info","ts":"2019-12-03T21:04:53.227Z","logger":"broker_ingress","caller":"ingress/ingress_handler.go:120","msg":"Error retrieving TTL, defaulting.","commit":"7655d9c","error":"\"knativebrokerttl\" not found"}
{"level":"info","ts":"2019-12-03T21:04:53.227Z","logger":"broker_ingress","caller":"ingress/ingress_handler.go:120","msg":"Error retrieving TTL, defaulting.","commit":"7655d9c","error":"\"knativebrokerttl\" not found"}
{"level":"info","ts":"2019-12-03T21:04:53.228Z","logger":"broker_ingress","caller":"ingress/ingress_handler.go:120","msg":"Error retrieving TTL, defaulting.","commit":"7655d9c","error":"\"knativebrokerttl\" not found"}
{"level":"info","ts":"2019-12-03T21:04:53.242Z","logger":"broker_ingress","caller":"ingress/ingress_handler.go:120","msg":"Error retrieving TTL, defaulting.","commit":"7655d9c","error":"\"knativebrokerttl\" not found"}
{"level":"info","ts":"2019-12-03T21:04:53.242Z","logger":"broker_ingress","caller":"ingress/ingress_handler.go:120","msg":"Error retrieving TTL, defaulting.","commit":"7655d9c","error":"\"knativebrokerttl\" not found"}
{"level":"info","ts":"2019-12-03T21:04:53.242Z","logger":"broker_ingress","caller":"ingress/ingress_handler.go:120","msg":"Error retrieving TTL, defaulting.","commit":"7655d9c","error":"\"knativebrokerttl\" not found"}
{"level":"info","ts":"2019-12-03T21:04:53.243Z","logger":"broker_ingress","caller":"ingress/ingress_handler.go:120","msg":"Error retrieving TTL, defaulting.","commit":"7655d9c","error":"\"knativebrokerttl\" not found"}
{"level":"info","ts":"2019-12-03T21:04:53.240Z","logger":"broker_ingress","caller":"ingress/ingress_handler.go:120","msg":"Error retrieving TTL, defaulting.","commit":"7655d9c","error":"\"knativebrokerttl\" not found"}
{"level":"info","ts":"2019-12-03T21:04:53.243Z","logger":"broker_ingress","caller":"ingress/ingress_handler.go:120","msg":"Error retrieving TTL, defaulting.","commit":"7655d9c","error":"\"knativebrokerttl\" not found"}
{"level":"info","ts":"2019-12-03T21:04:53.243Z","logger":"broker_ingress","caller":"ingress/ingress_handler.go:120","msg":"Error retrieving TTL, defaulting.","commit":"7655d9c","error":"\"knativebrokerttl\" not found"}
{"level":"info","ts":"2019-12-03T21:04:53.243Z","logger":"broker_ingress","caller":"ingress/ingress_handler.go:120","msg":"Error retrieving TTL, defaulting.","commit":"7655d9c","error":"\"knativebrokerttl\" not found"}
{"level":"info","ts":"2019-12-03T21:04:53.250Z","logger":"broker_ingress","caller":"ingress/ingress_handler.go:120","msg":"Error retrieving TTL, defaulting.","commit":"7655d9c","error":"\"knativebrokerttl\" not found"}
{"level":"info","ts":"2019-12-03T21:04:53.250Z","logger":"broker_ingress","caller":"ingress/ingress_handler.go:120","msg":"Error retrieving TTL, defaulting.","commit":"7655d9c","error":"\"knativebrokerttl\" not found"}
{"level":"info","ts":"2019-12-03T21:04:53.250Z","logger":"broker_ingress","caller":"ingress/ingress_handler.go:120","msg":"Error retrieving TTL, defaulting.","commit":"7655d9c","error":"\"knativebrokerttl\" not found"}
{"level":"info","ts":"2019-12-03T21:04:53.250Z","logger":"broker_ingress","caller":"ingress/ingress_handler.go:120","msg":"Error retrieving TTL, defaulting.","commit":"7655d9c","error":"\"knativebrokerttl\" not found"}
{"level":"info","ts":"2019-12-03T21:04:53.251Z","logger":"broker_ingress","caller":"ingress/ingress_handler.go:120","msg":"Error retrieving TTL, defaulting.","commit":"7655d9c","error":"\"knativebrokerttl\" not found"}
{"level":"info","ts":"2019-12-03T21:04:53.243Z","logger":"broker_ingress","caller":"ingress/ingress_handler.go:120","msg":"Error retrieving TTL, defaulting.","commit":"7655d9c","error":"\"knativebrokerttl\" not found"}
{"level":"info","ts":"2019-12-03T21:04:53.257Z","logger":"broker_ingress","caller":"ingress/ingress_handler.go:120","msg":"Error retrieving TTL, defaulting.","commit":"7655d9c","error":"\"knativebrokerttl\" not found"}
{"level":"info","ts":"2019-12-03T21:04:53.257Z","logger":"broker_ingress","caller":"ingress/ingress_handler.go:120","msg":"Error retrieving TTL, defaulting.","commit":"7655d9c","error":"\"knativebrokerttl\" not found"}
{"level":"info","ts":"2019-12-03T21:04:53.257Z","logger":"broker_ingress","caller":"ingress/ingress_handler.go:120","msg":"Error retrieving TTL, defaulting.","commit":"7655d9c","error":"\"knativebrokerttl\" not found"}
{"level":"info","ts":"2019-12-03T21:04:53.257Z","logger":"broker_ingress","caller":"ingress/ingress_handler.go:120","msg":"Error retrieving TTL, defaulting.","commit":"7655d9c","error":"\"knativebrokerttl\" not found"}
{"level":"info","ts":"2019-12-03T21:04:53.258Z","logger":"broker_ingress","caller":"ingress/ingress_handler.go:120","msg":"Error retrieving TTL, defaulting.","commit":"7655d9c","error":"\"knativebrokerttl\" not found"}
{"level":"info","ts":"2019-12-03T21:04:53.267Z","logger":"broker_ingress","caller":"ingress/ingress_handler.go:120","msg":"Error retrieving TTL, defaulting.","commit":"7655d9c","error":"\"knativebrokerttl\" not found"}
{"level":"info","ts":"2019-12-03T21:04:53.267Z","logger":"broker_ingress","caller":"ingress/ingress_handler.go:120","msg":"Error retrieving TTL, defaulting.","commit":"7655d9c","error":"\"knativebrokerttl\" not found"}
{"level":"info","ts":"2019-12-03T21:04:53.267Z","logger":"broker_ingress","caller":"ingress/ingress_handler.go:120","msg":"Error retrieving TTL, defaulting.","commit":"7655d9c","error":"\"knativebrokerttl\" not found"}
{"level":"info","ts":"2019-12-03T21:04:53.267Z","logger":"broker_ingress","caller":"ingress/ingress_handler.go:120","msg":"Error retrieving TTL, defaulting.","commit":"7655d9c","error":"\"knativebrokerttl\" not found"}
{"level":"info","ts":"2019-12-03T21:04:53.268Z","logger":"broker_ingress","caller":"ingress/ingress_handler.go:120","msg":"Error retrieving TTL, defaulting.","commit":"7655d9c","error":"\"knativebrokerttl\" not found"}
{"level":"info","ts":"2019-12-03T21:04:53.268Z","logger":"broker_ingress","caller":"ingress/ingress_handler.go:120","msg":"Error retrieving TTL, defaulting.","commit":"7655d9c","error":"\"knativebrokerttl\" not found"}
{"level":"info","ts":"2019-12-03T21:04:53.268Z","logger":"broker_ingress","caller":"ingress/ingress_handler.go:120","msg":"Error retrieving TTL, defaulting.","commit":"7655d9c","error":"\"knativebrokerttl\" not found"}
{"level":"info","ts":"2019-12-03T21:04:53.271Z","logger":"broker_ingress","caller":"ingress/ingress_handler.go:120","msg":"Error retrieving TTL, defaulting.","commit":"7655d9c","error":"\"knativebrokerttl\" not found"}
{"level":"info","ts":"2019-12-03T21:04:53.271Z","logger":"broker_ingress","caller":"ingress/ingress_handler.go:120","msg":"Error retrieving TTL, defaulting.","commit":"7655d9c","error":"\"knativebrokerttl\" not found"}
{"level":"info","ts":"2019-12-03T21:04:53.271Z","logger":"broker_ingress","caller":"ingress/ingress_handler.go:120","msg":"Error retrieving TTL, defaulting.","commit":"7655d9c","error":"\"knativebrokerttl\" not found"}
{"level":"info","ts":"2019-12-03T21:04:53.271Z","logger":"broker_ingress","caller":"ingress/ingress_handler.go:120","msg":"Error retrieving TTL, defaulting.","commit":"7655d9c","error":"\"knativebrokerttl\" not found"}
{"level":"info","ts":"2019-12-03T21:04:53.271Z","logger":"broker_ingress","caller":"ingress/ingress_handler.go:120","msg":"Error retrieving TTL, defaulting.","commit":"7655d9c","error":"\"knativebrokerttl\" not found"}
{"level":"info","ts":"2019-12-03T21:04:53.272Z","logger":"broker_ingress","caller":"ingress/ingress_handler.go:120","msg":"Error retrieving TTL, defaulting.","commit":"7655d9c","error":"\"knativebrokerttl\" not found"}
{"level":"info","ts":"2019-12-03T21:04:53.278Z","logger":"broker_ingress","caller":"ingress/ingress_handler.go:120","msg":"Error retrieving TTL, defaulting.","commit":"7655d9c","error":"\"knativebrokerttl\" not found"}
{"level":"info","ts":"2019-12-03T21:04:53.278Z","logger":"broker_ingress","caller":"ingress/ingress_handler.go:120","msg":"Error retrieving TTL, defaulting.","commit":"7655d9c","error":"\"knativebrokerttl\" not found"}
{"level":"info","ts":"2019-12-03T21:04:53.278Z","logger":"broker_ingress","caller":"ingress/ingress_handler.go:120","msg":"Error retrieving TTL, defaulting.","commit":"7655d9c","error":"\"knativebrokerttl\" not found"}
{"level":"info","ts":"2019-12-03T21:04:53.280Z","logger":"broker_ingress","caller":"ingress/ingress_handler.go:120","msg":"Error retrieving TTL, defaulting.","commit":"7655d9c","error":"\"knativebrokerttl\" not found"}
{"level":"info","ts":"2019-12-03T21:04:53.280Z","logger":"broker_ingress","caller":"ingress/ingress_handler.go:120","msg":"Error retrieving TTL, defaulting.","commit":"7655d9c","error":"\"knativebrokerttl\" not found"}
{"level":"info","ts":"2019-12-03T21:04:53.280Z","logger":"broker_ingress","caller":"ingress/ingress_handler.go:120","msg":"Error retrieving TTL, defaulting.","commit":"7655d9c","error":"\"knativebrokerttl\" not found"}
{"level":"info","ts":"2019-12-03T21:04:53.280Z","logger":"broker_ingress","caller":"ingress/ingress_handler.go:120","msg":"Error retrieving TTL, defaulting.","commit":"7655d9c","error":"\"knativebrokerttl\" not found"}
{"level":"info","ts":"2019-12-03T21:04:53.281Z","logger":"broker_ingress","caller":"ingress/ingress_handler.go:120","msg":"Error retrieving TTL, defaulting.","commit":"7655d9c","error":"\"knativebrokerttl\" not found"}
{"level":"info","ts":"2019-12-03T21:04:53.291Z","logger":"broker_ingress","caller":"ingress/ingress_handler.go:120","msg":"Error retrieving TTL, defaulting.","commit":"7655d9c","error":"\"knativebrokerttl\" not found"}
{"level":"info","ts":"2019-12-03T21:04:53.291Z","logger":"broker_ingress","caller":"ingress/ingress_handler.go:120","msg":"Error retrieving TTL, defaulting.","commit":"7655d9c","error":"\"knativebrokerttl\" not found"}
{"level":"info","ts":"2019-12-03T21:04:53.291Z","logger":"broker_ingress","caller":"ingress/ingress_handler.go:120","msg":"Error retrieving TTL, defaulting.","commit":"7655d9c","error":"\"knativebrokerttl\" not found"}
{"level":"info","ts":"2019-12-03T21:04:53.291Z","logger":"broker_ingress","caller":"ingress/ingress_handler.go:120","msg":"Error retrieving TTL, defaulting.","commit":"7655d9c","error":"\"knativebrokerttl\" not found"}
{"level":"info","ts":"2019-12-03T21:04:53.279Z","logger":"broker_ingress","caller":"ingress/ingress_handler.go:120","msg":"Error retrieving TTL, defaulting.","commit":"7655d9c","error":"\"knativebrokerttl\" not found"}
{"level":"info","ts":"2019-12-03T21:04:53.296Z","logger":"broker_ingress","caller":"ingress/ingress_handler.go:120","msg":"Error retrieving TTL, defaulting.","commit":"7655d9c","error":"\"knativebrokerttl\" not found"}
{"level":"info","ts":"2019-12-03T21:04:53.296Z","logger":"broker_ingress","caller":"ingress/ingress_handler.go:120","msg":"Error retrieving TTL, defaulting.","commit":"7655d9c","error":"\"knativebrokerttl\" not found"}
{"level":"info","ts":"2019-12-03T21:04:53.296Z","logger":"broker_ingress","caller":"ingress/ingress_handler.go:120","msg":"Error retrieving TTL, defaulting.","commit":"7655d9c","error":"\"knativebrokerttl\" not found"}
{"level":"info","ts":"2019-12-03T21:04:53.296Z","logger":"broker_ingress","caller":"ingress/ingress_handler.go:120","msg":"Error retrieving TTL, defaulting.","commit":"7655d9c","error":"\"knativebrokerttl\" not found"}
{"level":"info","ts":"2019-12-03T21:04:53.296Z","logger":"broker_ingress","caller":"ingress/ingress_handler.go:120","msg":"Error retrieving TTL, defaulting.","commit":"7655d9c","error":"\"knativebrokerttl\" not found"}
{"level":"info","ts":"2019-12-03T21:04:53.296Z","logger":"broker_ingress","caller":"ingress/ingress_handler.go:120","msg":"Error retrieving TTL, defaulting.","commit":"7655d9c","error":"\"knativebrokerttl\" not found"}
{"level":"info","ts":"2019-12-03T21:04:53.296Z","logger":"broker_ingress","caller":"ingress/ingress_handler.go:120","msg":"Error retrieving TTL, defaulting.","commit":"7655d9c","error":"\"knativebrokerttl\" not found"}
{"level":"info","ts":"2019-12-03T21:04:53.297Z","logger":"broker_ingress","caller":"ingress/ingress_handler.go:120","msg":"Error retrieving TTL, defaulting.","commit":"7655d9c","error":"\"knativebrokerttl\" not found"}
{"level":"info","ts":"2019-12-03T21:04:53.300Z","logger":"broker_ingress","caller":"ingress/ingress_handler.go:120","msg":"Error retrieving TTL, defaulting.","commit":"7655d9c","error":"\"knativebrokerttl\" not found"}
{"level":"info","ts":"2019-12-03T21:04:53.300Z","logger":"broker_ingress","caller":"ingress/ingress_handler.go:120","msg":"Error retrieving TTL, defaulting.","commit":"7655d9c","error":"\"knativebrokerttl\" not found"}
{"level":"info","ts":"2019-12-03T21:04:53.300Z","logger":"broker_ingress","caller":"ingress/ingress_handler.go:120","msg":"Error retrieving TTL, defaulting.","commit":"7655d9c","error":"\"knativebrokerttl\" not found"}
{"level":"info","ts":"2019-12-03T21:04:53.300Z","logger":"broker_ingress","caller":"ingress/ingress_handler.go:120","msg":"Error retrieving TTL, defaulting.","commit":"7655d9c","error":"\"knativebrokerttl\" not found"}
{"level":"info","ts":"2019-12-03T21:04:53.300Z","logger":"broker_ingress","caller":"ingress/ingress_handler.go:120","msg":"Error retrieving TTL, defaulting.","commit":"7655d9c","error":"\"knativebrokerttl\" not found"}
{"level":"info","ts":"2019-12-03T21:04:53.300Z","logger":"broker_ingress","caller":"ingress/ingress_handler.go:120","msg":"Error retrieving TTL, defaulting.","commit":"7655d9c","error":"\"knativebrokerttl\" not found"}
{"level":"info","ts":"2019-12-03T21:04:53.301Z","logger":"broker_ingress","caller":"ingress/ingress_handler.go:120","msg":"Error retrieving TTL, defaulting.","commit":"7655d9c","error":"\"knativebrokerttl\" not found"}
{"level":"info","ts":"2019-12-03T21:04:53.281Z","logger":"broker_ingress","caller":"ingress/ingress_handler.go:120","msg":"Error retrieving TTL, defaulting.","commit":"7655d9c","error":"\"knativebrokerttl\" not found"}
{"level":"info","ts":"2019-12-03T21:04:53.305Z","logger":"broker_ingress","caller":"ingress/ingress_handler.go:120","msg":"Error retrieving TTL, defaulting.","commit":"7655d9c","error":"\"knativebrokerttl\" not found"}
{"level":"info","ts":"2019-12-03T21:04:53.305Z","logger":"broker_ingress","caller":"ingress/ingress_handler.go:120","msg":"Error retrieving TTL, defaulting.","commit":"7655d9c","error":"\"knativebrokerttl\" not found"}
{"level":"info","ts":"2019-12-03T21:04:53.305Z","logger":"broker_ingress","caller":"ingress/ingress_handler.go:120","msg":"Error retrieving TTL, defaulting.","commit":"7655d9c","error":"\"knativebrokerttl\" not found"}
{"level":"info","ts":"2019-12-03T21:04:53.292Z","logger":"broker_ingress","caller":"ingress/ingress_handler.go:120","msg":"Error retrieving TTL, defaulting.","commit":"7655d9c","error":"\"knativebrokerttl\" not found"}
{"level":"info","ts":"2019-12-03T21:04:53.311Z","logger":"broker_ingress","caller":"ingress/ingress_handler.go:120","msg":"Error retrieving TTL, defaulting.","commit":"7655d9c","error":"\"knativebrokerttl\" not found"}
{"level":"info","ts":"2019-12-03T21:04:53.311Z","logger":"broker_ingress","caller":"ingress/ingress_handler.go:120","msg":"Error retrieving TTL, defaulting.","commit":"7655d9c","error":"\"knativebrokerttl\" not found"}
{"level":"info","ts":"2019-12-03T21:04:53.311Z","logger":"broker_ingress","caller":"ingress/ingress_handler.go:120","msg":"Error retrieving TTL, defaulting.","commit":"7655d9c","error":"\"knativebrokerttl\" not found"}
{"level":"info","ts":"2019-12-03T21:04:53.311Z","logger":"broker_ingress","caller":"ingress/ingress_handler.go:120","msg":"Error retrieving TTL, defaulting.","commit":"7655d9c","error":"\"knativebrokerttl\" not found"}
{"level":"info","ts":"2019-12-03T21:04:53.312Z","logger":"broker_ingress","caller":"ingress/ingress_handler.go:120","msg":"Error retrieving TTL, defaulting.","commit":"7655d9c","error":"\"knativebrokerttl\" not found"}
{"level":"info","ts":"2019-12-03T21:04:53.297Z","logger":"broker_ingress","caller":"ingress/ingress_handler.go:120","msg":"Error retrieving TTL, defaulting.","commit":"7655d9c","error":"\"knativebrokerttl\" not found"}
{"level":"info","ts":"2019-12-03T21:04:53.319Z","logger":"broker_ingress","caller":"ingress/ingress_handler.go:120","msg":"Error retrieving TTL, defaulting.","commit":"7655d9c","error":"\"knativebrokerttl\" not found"}
{"level":"info","ts":"2019-12-03T21:04:53.319Z","logger":"broker_ingress","caller":"ingress/ingress_handler.go:120","msg":"Error retrieving TTL, defaulting.","commit":"7655d9c","error":"\"knativebrokerttl\" not found"}
{"level":"info","ts":"2019-12-03T21:04:53.319Z","logger":"broker_ingress","caller":"ingress/ingress_handler.go:120","msg":"Error retrieving TTL, defaulting.","commit":"7655d9c","error":"\"knativebrokerttl\" not found"}
{"level":"info","ts":"2019-12-03T21:04:53.319Z","logger":"broker_ingress","caller":"ingress/ingress_handler.go:120","msg":"Error retrieving TTL, defaulting.","commit":"7655d9c","error":"\"knativebrokerttl\" not found"}
{"level":"info","ts":"2019-12-03T21:04:53.320Z","logger":"broker_ingress","caller":"ingress/ingress_handler.go:120","msg":"Error retrieving TTL, defaulting.","commit":"7655d9c","error":"\"knativebrokerttl\" not found"}
{"level":"info","ts":"2019-12-03T21:04:53.306Z","logger":"broker_ingress","caller":"ingress/ingress_handler.go:120","msg":"Error retrieving TTL, defaulting.","commit":"7655d9c","error":"\"knativebrokerttl\" not found"}
{"level":"info","ts":"2019-12-03T21:04:53.321Z","logger":"broker_ingress","caller":"ingress/ingress_handler.go:120","msg":"Error retrieving TTL, defaulting.","commit":"7655d9c","error":"\"knativebrokerttl\" not found"}
{"level":"info","ts":"2019-12-03T21:04:53.321Z","logger":"broker_ingress","caller":"ingress/ingress_handler.go:120","msg":"Error retrieving TTL, defaulting.","commit":"7655d9c","error":"\"knativebrokerttl\" not found"}
{"level":"info","ts":"2019-12-03T21:04:53.321Z","logger":"broker_ingress","caller":"ingress/ingress_handler.go:120","msg":"Error retrieving TTL, defaulting.","commit":"7655d9c","error":"\"knativebrokerttl\" not found"}
{"level":"info","ts":"2019-12-03T21:04:53.322Z","logger":"broker_ingress","caller":"ingress/ingress_handler.go:120","msg":"Error retrieving TTL, defaulting.","commit":"7655d9c","error":"\"knativebrokerttl\" not found"}
{"level":"info","ts":"2019-12-03T21:04:53.322Z","logger":"broker_ingress","caller":"ingress/ingress_handler.go:120","msg":"Error retrieving TTL, defaulting.","commit":"7655d9c","error":"\"knativebrokerttl\" not found"}
{"level":"info","ts":"2019-12-03T21:04:53.322Z","logger":"broker_ingress","caller":"ingress/ingress_handler.go:120","msg":"Error retrieving TTL, defaulting.","commit":"7655d9c","error":"\"knativebrokerttl\" not found"}
{"level":"info","ts":"2019-12-03T21:04:53.322Z","logger":"broker_ingress","caller":"ingress/ingress_handler.go:120","msg":"Error retrieving TTL, defaulting.","commit":"7655d9c","error":"\"knativebrokerttl\" not found"}
{"level":"info","ts":"2019-12-03T21:04:53.322Z","logger":"broker_ingress","caller":"ingress/ingress_handler.go:120","msg":"Error retrieving TTL, defaulting.","commit":"7655d9c","error":"\"knativebrokerttl\" not found"}
{"level":"info","ts":"2019-12-03T21:04:53.322Z","logger":"broker_ingress","caller":"ingress/ingress_handler.go:120","msg":"Error retrieving TTL, defaulting.","commit":"7655d9c","error":"\"knativebrokerttl\" not found"}
{"level":"info","ts":"2019-12-03T21:04:53.322Z","logger":"broker_ingress","caller":"ingress/ingress_handler.go:120","msg":"Error retrieving TTL, defaulting.","commit":"7655d9c","error":"\"knativebrokerttl\" not found"}
{"level":"info","ts":"2019-12-03T21:04:53.322Z","logger":"broker_ingress","caller":"ingress/ingress_handler.go:120","msg":"Error retrieving TTL, defaulting.","commit":"7655d9c","error":"\"knativebrokerttl\" not found"}
{"level":"info","ts":"2019-12-03T21:04:53.322Z","logger":"broker_ingress","caller":"ingress/ingress_handler.go:120","msg":"Error retrieving TTL, defaulting.","commit":"7655d9c","error":"\"knativebrokerttl\" not found"}
{"level":"info","ts":"2019-12-03T21:04:53.322Z","logger":"broker_ingress","caller":"ingress/ingress_handler.go:120","msg":"Error retrieving TTL, defaulting.","commit":"7655d9c","error":"\"knativebrokerttl\" not found"}
{"level":"info","ts":"2019-12-03T21:04:53.323Z","logger":"broker_ingress","caller":"ingress/ingress_handler.go:120","msg":"Error retrieving TTL, defaulting.","commit":"7655d9c","error":"\"knativebrokerttl\" not found"}
{"level":"info","ts":"2019-12-03T21:04:53.323Z","logger":"broker_ingress","caller":"ingress/ingress_handler.go:120","msg":"Error retrieving TTL, defaulting.","commit":"7655d9c","error":"\"knativebrokerttl\" not found"}
{"level":"info","ts":"2019-12-03T21:04:53.323Z","logger":"broker_ingress","caller":"ingress/ingress_handler.go:120","msg":"Error retrieving TTL, defaulting.","commit":"7655d9c","error":"\"knativebrokerttl\" not found"}
{"level":"info","ts":"2019-12-03T21:04:53.323Z","logger":"broker_ingress","caller":"ingress/ingress_handler.go:120","msg":"Error retrieving TTL, defaulting.","commit":"7655d9c","error":"\"knativebrokerttl\" not found"}
{"level":"info","ts":"2019-12-03T21:04:53.323Z","logger":"broker_ingress","caller":"ingress/ingress_handler.go:120","msg":"Error retrieving TTL, defaulting.","commit":"7655d9c","error":"\"knativebrokerttl\" not found"}
{"level":"info","ts":"2019-12-03T21:04:53.324Z","logger":"broker_ingress","caller":"ingress/ingress_handler.go:120","msg":"Error retrieving TTL, defaulting.","commit":"7655d9c","error":"\"knativebrokerttl\" not found"}
{"level":"info","ts":"2019-12-03T21:04:53.324Z","logger":"broker_ingress","caller":"ingress/ingress_handler.go:120","msg":"Error retrieving TTL, defaulting.","commit":"7655d9c","error":"\"knativebrokerttl\" not found"}
{"level":"info","ts":"2019-12-03T21:04:53.324Z","logger":"broker_ingress","caller":"ingress/ingress_handler.go:120","msg":"Error retrieving TTL, defaulting.","commit":"7655d9c","error":"\"knativebrokerttl\" not found"}
{"level":"info","ts":"2019-12-03T21:04:53.324Z","logger":"broker_ingress","caller":"ingress/ingress_handler.go:120","msg":"Error retrieving TTL, defaulting.","commit":"7655d9c","error":"\"knativebrokerttl\" not found"}
{"level":"info","ts":"2019-12-03T21:04:53.324Z","logger":"broker_ingress","caller":"ingress/ingress_handler.go:120","msg":"Error retrieving TTL, defaulting.","commit":"7655d9c","error":"\"knativebrokerttl\" not found"}
{"level":"info","ts":"2019-12-03T21:04:53.324Z","logger":"broker_ingress","caller":"ingress/ingress_handler.go:120","msg":"Error retrieving TTL, defaulting.","commit":"7655d9c","error":"\"knativebrokerttl\" not found"}
{"level":"info","ts":"2019-12-03T21:04:53.325Z","logger":"broker_ingress","caller":"ingress/ingress_handler.go:120","msg":"Error retrieving TTL, defaulting.","commit":"7655d9c","error":"\"knativebrokerttl\" not found"}
{"level":"info","ts":"2019-12-03T21:04:53.325Z","logger":"broker_ingress","caller":"ingress/ingress_handler.go:120","msg":"Error retrieving TTL, defaulting.","commit":"7655d9c","error":"\"knativebrokerttl\" not found"}
{"level":"info","ts":"2019-12-03T21:04:53.325Z","logger":"broker_ingress","caller":"ingress/ingress_handler.go:120","msg":"Error retrieving TTL, defaulting.","commit":"7655d9c","error":"\"knativebrokerttl\" not found"}
{"level":"info","ts":"2019-12-03T21:04:53.325Z","logger":"broker_ingress","caller":"ingress/ingress_handler.go:120","msg":"Error retrieving TTL, defaulting.","commit":"7655d9c","error":"\"knativebrokerttl\" not found"}
{"level":"info","ts":"2019-12-03T21:04:53.325Z","logger":"broker_ingress","caller":"ingress/ingress_handler.go:120","msg":"Error retrieving TTL, defaulting.","commit":"7655d9c","error":"\"knativebrokerttl\" not found"}
{"level":"info","ts":"2019-12-03T21:04:53.325Z","logger":"broker_ingress","caller":"ingress/ingress_handler.go:120","msg":"Error retrieving TTL, defaulting.","commit":"7655d9c","error":"\"knativebrokerttl\" not found"}
{"level":"info","ts":"2019-12-03T21:04:53.325Z","logger":"broker_ingress","caller":"ingress/ingress_handler.go:120","msg":"Error retrieving TTL, defaulting.","commit":"7655d9c","error":"\"knativebrokerttl\" not found"}
{"level":"info","ts":"2019-12-03T21:04:53.325Z","logger":"broker_ingress","caller":"ingress/ingress_handler.go:120","msg":"Error retrieving TTL, defaulting.","commit":"7655d9c","error":"\"knativebrokerttl\" not found"}
{"level":"info","ts":"2019-12-03T21:04:53.325Z","logger":"broker_ingress","caller":"ingress/ingress_handler.go:120","msg":"Error retrieving TTL, defaulting.","commit":"7655d9c","error":"\"knativebrokerttl\" not found"}
{"level":"info","ts":"2019-12-03T21:04:53.325Z","logger":"broker_ingress","caller":"ingress/ingress_handler.go:120","msg":"Error retrieving TTL, defaulting.","commit":"7655d9c","error":"\"knativebrokerttl\" not found"}
{"level":"info","ts":"2019-12-03T21:04:53.325Z","logger":"broker_ingress","caller":"ingress/ingress_handler.go:120","msg":"Error retrieving TTL, defaulting.","commit":"7655d9c","error":"\"knativebrokerttl\" not found"}
{"level":"info","ts":"2019-12-03T21:04:53.325Z","logger":"broker_ingress","caller":"ingress/ingress_handler.go:120","msg":"Error retrieving TTL, defaulting.","commit":"7655d9c","error":"\"knativebrokerttl\" not found"}
{"level":"info","ts":"2019-12-03T21:04:53.325Z","logger":"broker_ingress","caller":"ingress/ingress_handler.go:120","msg":"Error retrieving TTL, defaulting.","commit":"7655d9c","error":"\"knativebrokerttl\" not found"}
{"level":"info","ts":"2019-12-03T21:04:53.325Z","logger":"broker_ingress","caller":"ingress/ingress_handler.go:120","msg":"Error retrieving TTL, defaulting.","commit":"7655d9c","error":"\"knativebrokerttl\" not found"}
{"level":"info","ts":"2019-12-03T21:04:53.325Z","logger":"broker_ingress","caller":"ingress/ingress_handler.go:120","msg":"Error retrieving TTL, defaulting.","commit":"7655d9c","error":"\"knativebrokerttl\" not found"}
{"level":"info","ts":"2019-12-03T21:04:53.326Z","logger":"broker_ingress","caller":"ingress/ingress_handler.go:120","msg":"Error retrieving TTL, defaulting.","commit":"7655d9c","error":"\"knativebrokerttl\" not found"}
{"level":"info","ts":"2019-12-03T21:04:53.326Z","logger":"broker_ingress","caller":"ingress/ingress_handler.go:120","msg":"Error retrieving TTL, defaulting.","commit":"7655d9c","error":"\"knativebrokerttl\" not found"}
{"level":"info","ts":"2019-12-03T21:04:53.326Z","logger":"broker_ingress","caller":"ingress/ingress_handler.go:120","msg":"Error retrieving TTL, defaulting.","commit":"7655d9c","error":"\"knativebrokerttl\" not found"}
{"level":"info","ts":"2019-12-03T21:04:53.326Z","logger":"broker_ingress","caller":"ingress/ingress_handler.go:120","msg":"Error retrieving TTL, defaulting.","commit":"7655d9c","error":"\"knativebrokerttl\" not found"}
{"level":"info","ts":"2019-12-03T21:04:53.326Z","logger":"broker_ingress","caller":"ingress/ingress_handler.go:120","msg":"Error retrieving TTL, defaulting.","commit":"7655d9c","error":"\"knativebrokerttl\" not found"}
{"level":"info","ts":"2019-12-03T21:04:53.326Z","logger":"broker_ingress","caller":"ingress/ingress_handler.go:120","msg":"Error retrieving TTL, defaulting.","commit":"7655d9c","error":"\"knativebrokerttl\" not found"}
{"level":"info","ts":"2019-12-03T21:04:53.326Z","logger":"broker_ingress","caller":"ingress/ingress_handler.go:120","msg":"Error retrieving TTL, defaulting.","commit":"7655d9c","error":"\"knativebrokerttl\" not found"}
{"level":"info","ts":"2019-12-03T21:04:53.326Z","logger":"broker_ingress","caller":"ingress/ingress_handler.go:120","msg":"Error retrieving TTL, defaulting.","commit":"7655d9c","error":"\"knativebrokerttl\" not found"}
{"level":"info","ts":"2019-12-03T21:04:53.326Z","logger":"broker_ingress","caller":"ingress/ingress_handler.go:120","msg":"Error retrieving TTL, defaulting.","commit":"7655d9c","error":"\"knativebrokerttl\" not found"}
{"level":"info","ts":"2019-12-03T21:04:53.326Z","logger":"broker_ingress","caller":"ingress/ingress_handler.go:120","msg":"Error retrieving TTL, defaulting.","commit":"7655d9c","error":"\"knativebrokerttl\" not found"}
{"level":"info","ts":"2019-12-03T21:04:53.326Z","logger":"broker_ingress","caller":"ingress/ingress_handler.go:120","msg":"Error retrieving TTL, defaulting.","commit":"7655d9c","error":"\"knativebrokerttl\" not found"}
{"level":"info","ts":"2019-12-03T21:04:53.326Z","logger":"broker_ingress","caller":"ingress/ingress_handler.go:120","msg":"Error retrieving TTL, defaulting.","commit":"7655d9c","error":"\"knativebrokerttl\" not found"}
{"level":"info","ts":"2019-12-03T21:04:53.326Z","logger":"broker_ingress","caller":"ingress/ingress_handler.go:120","msg":"Error retrieving TTL, defaulting.","commit":"7655d9c","error":"\"knativebrokerttl\" not found"}
{"level":"info","ts":"2019-12-03T21:04:53.326Z","logger":"broker_ingress","caller":"ingress/ingress_handler.go:120","msg":"Error retrieving TTL, defaulting.","commit":"7655d9c","error":"\"knativebrokerttl\" not found"}
{"level":"info","ts":"2019-12-03T21:04:53.326Z","logger":"broker_ingress","caller":"ingress/ingress_handler.go:120","msg":"Error retrieving TTL, defaulting.","commit":"7655d9c","error":"\"knativebrokerttl\" not found"}
{"level":"info","ts":"2019-12-03T21:04:53.327Z","logger":"broker_ingress","caller":"ingress/ingress_handler.go:120","msg":"Error retrieving TTL, defaulting.","commit":"7655d9c","error":"\"knativebrokerttl\" not found"}
{"level":"info","ts":"2019-12-03T21:04:53.327Z","logger":"broker_ingress","caller":"ingress/ingress_handler.go:120","msg":"Error retrieving TTL, defaulting.","commit":"7655d9c","error":"\"knativebrokerttl\" not found"}
{"level":"info","ts":"2019-12-03T21:04:53.345Z","logger":"broker_ingress","caller":"ingress/ingress_handler.go:120","msg":"Error retrieving TTL, defaulting.","commit":"7655d9c","error":"\"knativebrokerttl\" not found"}
{"level":"info","ts":"2019-12-03T21:04:53.348Z","logger":"broker_ingress","caller":"ingress/ingress_handler.go:120","msg":"Error retrieving TTL, defaulting.","commit":"7655d9c","error":"\"knativebrokerttl\" not found"}
{"level":"info","ts":"2019-12-03T21:04:53.348Z","logger":"broker_ingress","caller":"ingress/ingress_handler.go:120","msg":"Error retrieving TTL, defaulting.","commit":"7655d9c","error":"\"knativebrokerttl\" not found"}
{"level":"info","ts":"2019-12-03T21:04:53.349Z","logger":"broker_ingress","caller":"ingress/ingress_handler.go:120","msg":"Error retrieving TTL, defaulting.","commit":"7655d9c","error":"\"knativebrokerttl\" not found"}
{"level":"info","ts":"2019-12-03T21:04:53.349Z","logger":"broker_ingress","caller":"ingress/ingress_handler.go:120","msg":"Error retrieving TTL, defaulting.","commit":"7655d9c","error":"\"knativebrokerttl\" not found"}
{"level":"info","ts":"2019-12-03T21:04:53.349Z","logger":"broker_ingress","caller":"ingress/ingress_handler.go:120","msg":"Error retrieving TTL, defaulting.","commit":"7655d9c","error":"\"knativebrokerttl\" not found"}
{"level":"info","ts":"2019-12-03T21:04:53.349Z","logger":"broker_ingress","caller":"ingress/ingress_handler.go:120","msg":"Error retrieving TTL, defaulting.","commit":"7655d9c","error":"\"knativebrokerttl\" not found"}
{"level":"info","ts":"2019-12-03T21:04:53.349Z","logger":"broker_ingress","caller":"ingress/ingress_handler.go:120","msg":"Error retrieving TTL, defaulting.","commit":"7655d9c","error":"\"knativebrokerttl\" not found"}
{"level":"info","ts":"2019-12-03T21:04:53.349Z","logger":"broker_ingress","caller":"ingress/ingress_handler.go:120","msg":"Error retrieving TTL, defaulting.","commit":"7655d9c","error":"\"knativebrokerttl\" not found"}
{"level":"info","ts":"2019-12-03T21:04:53.349Z","logger":"broker_ingress","caller":"ingress/ingress_handler.go:120","msg":"Error retrieving TTL, defaulting.","commit":"7655d9c","error":"\"knativebrokerttl\" not found"}
{"level":"info","ts":"2019-12-03T21:04:53.349Z","logger":"broker_ingress","caller":"ingress/ingress_handler.go:120","msg":"Error retrieving TTL, defaulting.","commit":"7655d9c","error":"\"knativebrokerttl\" not found"}
{"level":"info","ts":"2019-12-03T21:04:53.350Z","logger":"broker_ingress","caller":"ingress/ingress_handler.go:120","msg":"Error retrieving TTL, defaulting.","commit":"7655d9c","error":"\"knativebrokerttl\" not found"}
{"level":"info","ts":"2019-12-03T21:04:53.350Z","logger":"broker_ingress","caller":"ingress/ingress_handler.go:120","msg":"Error retrieving TTL, defaulting.","commit":"7655d9c","error":"\"knativebrokerttl\" not found"}
{"level":"info","ts":"2019-12-03T21:04:53.350Z","logger":"broker_ingress","caller":"ingress/ingress_handler.go:120","msg":"Error retrieving TTL, defaulting.","commit":"7655d9c","error":"\"knativebrokerttl\" not found"}
{"level":"info","ts":"2019-12-03T21:04:53.350Z","logger":"broker_ingress","caller":"ingress/ingress_handler.go:120","msg":"Error retrieving TTL, defaulting.","commit":"7655d9c","error":"\"knativebrokerttl\" not found"}
{"level":"info","ts":"2019-12-03T21:04:53.350Z","logger":"broker_ingress","caller":"ingress/ingress_handler.go:120","msg":"Error retrieving TTL, defaulting.","commit":"7655d9c","error":"\"knativebrokerttl\" not found"}
{"level":"info","ts":"2019-12-03T21:04:53.350Z","logger":"broker_ingress","caller":"ingress/ingress_handler.go:120","msg":"Error retrieving TTL, defaulting.","commit":"7655d9c","error":"\"knativebrokerttl\" not found"}
{"level":"info","ts":"2019-12-03T21:04:53.350Z","logger":"broker_ingress","caller":"ingress/ingress_handler.go:120","msg":"Error retrieving TTL, defaulting.","commit":"7655d9c","error":"\"knativebrokerttl\" not found"}
{"level":"info","ts":"2019-12-03T21:04:53.350Z","logger":"broker_ingress","caller":"ingress/ingress_handler.go:120","msg":"Error retrieving TTL, defaulting.","commit":"7655d9c","error":"\"knativebrokerttl\" not found"}
{"level":"info","ts":"2019-12-03T21:04:53.351Z","logger":"broker_ingress","caller":"ingress/ingress_handler.go:120","msg":"Error retrieving TTL, defaulting.","commit":"7655d9c","error":"\"knativebrokerttl\" not found"}
{"level":"info","ts":"2019-12-03T21:04:53.351Z","logger":"broker_ingress","caller":"ingress/ingress_handler.go:120","msg":"Error retrieving TTL, defaulting.","commit":"7655d9c","error":"\"knativebrokerttl\" not found"}
{"level":"info","ts":"2019-12-03T21:04:53.351Z","logger":"broker_ingress","caller":"ingress/ingress_handler.go:120","msg":"Error retrieving TTL, defaulting.","commit":"7655d9c","error":"\"knativebrokerttl\" not found"}
{"level":"info","ts":"2019-12-03T21:04:53.351Z","logger":"broker_ingress","caller":"ingress/ingress_handler.go:120","msg":"Error retrieving TTL, defaulting.","commit":"7655d9c","error":"\"knativebrokerttl\" not found"}
{"level":"info","ts":"2019-12-03T21:04:53.351Z","logger":"broker_ingress","caller":"ingress/ingress_handler.go:120","msg":"Error retrieving TTL, defaulting.","commit":"7655d9c","error":"\"knativebrokerttl\" not found"}
{"level":"info","ts":"2019-12-03T21:04:53.351Z","logger":"broker_ingress","caller":"ingress/ingress_handler.go:120","msg":"Error retrieving TTL, defaulting.","commit":"7655d9c","error":"\"knativebrokerttl\" not found"}
{"level":"info","ts":"2019-12-03T21:04:53.351Z","logger":"broker_ingress","caller":"ingress/ingress_handler.go:120","msg":"Error retrieving TTL, defaulting.","commit":"7655d9c","error":"\"knativebrokerttl\" not found"}
{"level":"info","ts":"2019-12-03T21:04:53.351Z","logger":"broker_ingress","caller":"ingress/ingress_handler.go:120","msg":"Error retrieving TTL, defaulting.","commit":"7655d9c","error":"\"knativebrokerttl\" not found"}
{"level":"info","ts":"2019-12-03T21:04:53.352Z","logger":"broker_ingress","caller":"ingress/ingress_handler.go:120","msg":"Error retrieving TTL, defaulting.","commit":"7655d9c","error":"\"knativebrokerttl\" not found"}
{"level":"info","ts":"2019-12-03T21:04:53.352Z","logger":"broker_ingress","caller":"ingress/ingress_handler.go:120","msg":"Error retrieving TTL, defaulting.","commit":"7655d9c","error":"\"knativebrokerttl\" not found"}
{"level":"info","ts":"2019-12-03T21:04:53.352Z","logger":"broker_ingress","caller":"ingress/ingress_handler.go:120","msg":"Error retrieving TTL, defaulting.","commit":"7655d9c","error":"\"knativebrokerttl\" not found"}
{"level":"info","ts":"2019-12-03T21:04:53.352Z","logger":"broker_ingress","caller":"ingress/ingress_handler.go:120","msg":"Error retrieving TTL, defaulting.","commit":"7655d9c","error":"\"knativebrokerttl\" not found"}
{"level":"info","ts":"2019-12-03T21:04:53.352Z","logger":"broker_ingress","caller":"ingress/ingress_handler.go:120","msg":"Error retrieving TTL, defaulting.","commit":"7655d9c","error":"\"knativebrokerttl\" not found"}
{"level":"info","ts":"2019-12-03T21:04:53.352Z","logger":"broker_ingress","caller":"ingress/ingress_handler.go:120","msg":"Error retrieving TTL, defaulting.","commit":"7655d9c","error":"\"knativebrokerttl\" not found"}
{"level":"info","ts":"2019-12-03T21:04:53.352Z","logger":"broker_ingress","caller":"ingress/ingress_handler.go:120","msg":"Error retrieving TTL, defaulting.","commit":"7655d9c","error":"\"knativebrokerttl\" not found"}
{"level":"info","ts":"2019-12-03T21:04:53.352Z","logger":"broker_ingress","caller":"ingress/ingress_handler.go:120","msg":"Error retrieving TTL, defaulting.","commit":"7655d9c","error":"\"knativebrokerttl\" not found"}
{"level":"info","ts":"2019-12-03T21:04:53.352Z","logger":"broker_ingress","caller":"ingress/ingress_handler.go:120","msg":"Error retrieving TTL, defaulting.","commit":"7655d9c","error":"\"knativebrokerttl\" not found"}
{"level":"info","ts":"2019-12-03T21:04:53.352Z","logger":"broker_ingress","caller":"ingress/ingress_handler.go:120","msg":"Error retrieving TTL, defaulting.","commit":"7655d9c","error":"\"knativebrokerttl\" not found"}
{"level":"info","ts":"2019-12-03T21:04:53.352Z","logger":"broker_ingress","caller":"ingress/ingress_handler.go:120","msg":"Error retrieving TTL, defaulting.","commit":"7655d9c","error":"\"knativebrokerttl\" not found"}
{"level":"info","ts":"2019-12-03T21:04:53.352Z","logger":"broker_ingress","caller":"ingress/ingress_handler.go:120","msg":"Error retrieving TTL, defaulting.","commit":"7655d9c","error":"\"knativebrokerttl\" not found"}
{"level":"info","ts":"2019-12-03T21:04:53.353Z","logger":"broker_ingress","caller":"ingress/ingress_handler.go:120","msg":"Error retrieving TTL, defaulting.","commit":"7655d9c","error":"\"knativebrokerttl\" not found"}
{"level":"info","ts":"2019-12-03T21:04:53.353Z","logger":"broker_ingress","caller":"ingress/ingress_handler.go:120","msg":"Error retrieving TTL, defaulting.","commit":"7655d9c","error":"\"knativebrokerttl\" not found"}
{"level":"info","ts":"2019-12-03T21:04:53.353Z","logger":"broker_ingress","caller":"ingress/ingress_handler.go:120","msg":"Error retrieving TTL, defaulting.","commit":"7655d9c","error":"\"knativebrokerttl\" not found"}
{"level":"info","ts":"2019-12-03T21:04:53.353Z","logger":"broker_ingress","caller":"ingress/ingress_handler.go:120","msg":"Error retrieving TTL, defaulting.","commit":"7655d9c","error":"\"knativebrokerttl\" not found"}
{"level":"info","ts":"2019-12-03T21:04:53.353Z","logger":"broker_ingress","caller":"ingress/ingress_handler.go:120","msg":"Error retrieving TTL, defaulting.","commit":"7655d9c","error":"\"knativebrokerttl\" not found"}
{"level":"info","ts":"2019-12-03T21:04:53.353Z","logger":"broker_ingress","caller":"ingress/ingress_handler.go:120","msg":"Error retrieving TTL, defaulting.","commit":"7655d9c","error":"\"knativebrokerttl\" not found"}
{"level":"info","ts":"2019-12-03T21:04:53.354Z","logger":"broker_ingress","caller":"ingress/ingress_handler.go:120","msg":"Error retrieving TTL, defaulting.","commit":"7655d9c","error":"\"knativebrokerttl\" not found"}
{"level":"info","ts":"2019-12-03T21:04:53.354Z","logger":"broker_ingress","caller":"ingress/ingress_handler.go:120","msg":"Error retrieving TTL, defaulting.","commit":"7655d9c","error":"\"knativebrokerttl\" not found"}
{"level":"info","ts":"2019-12-03T21:04:53.354Z","logger":"broker_ingress","caller":"ingress/ingress_handler.go:120","msg":"Error retrieving TTL, defaulting.","commit":"7655d9c","error":"\"knativebrokerttl\" not found"}
{"level":"info","ts":"2019-12-03T21:04:53.354Z","logger":"broker_ingress","caller":"ingress/ingress_handler.go:120","msg":"Error retrieving TTL, defaulting.","commit":"7655d9c","error":"\"knativebrokerttl\" not found"}
{"level":"info","ts":"2019-12-03T21:04:53.354Z","logger":"broker_ingress","caller":"ingress/ingress_handler.go:120","msg":"Error retrieving TTL, defaulting.","commit":"7655d9c","error":"\"knativebrokerttl\" not found"}
{"level":"info","ts":"2019-12-03T21:04:53.354Z","logger":"broker_ingress","caller":"ingress/ingress_handler.go:120","msg":"Error retrieving TTL, defaulting.","commit":"7655d9c","error":"\"knativebrokerttl\" not found"}
{"level":"info","ts":"2019-12-03T21:04:53.354Z","logger":"broker_ingress","caller":"ingress/ingress_handler.go:120","msg":"Error retrieving TTL, defaulting.","commit":"7655d9c","error":"\"knativebrokerttl\" not found"}
{"level":"info","ts":"2019-12-03T21:04:53.355Z","logger":"broker_ingress","caller":"ingress/ingress_handler.go:120","msg":"Error retrieving TTL, defaulting.","commit":"7655d9c","error":"\"knativebrokerttl\" not found"}
{"level":"info","ts":"2019-12-03T21:04:53.355Z","logger":"broker_ingress","caller":"ingress/ingress_handler.go:120","msg":"Error retrieving TTL, defaulting.","commit":"7655d9c","error":"\"knativebrokerttl\" not found"}
{"level":"info","ts":"2019-12-03T21:04:53.355Z","logger":"broker_ingress","caller":"ingress/ingress_handler.go:120","msg":"Error retrieving TTL, defaulting.","commit":"7655d9c","error":"\"knativebrokerttl\" not found"}
{"level":"info","ts":"2019-12-03T21:04:53.355Z","logger":"broker_ingress","caller":"ingress/ingress_handler.go:120","msg":"Error retrieving TTL, defaulting.","commit":"7655d9c","error":"\"knativebrokerttl\" not found"}
{"level":"info","ts":"2019-12-03T21:04:53.355Z","logger":"broker_ingress","caller":"ingress/ingress_handler.go:120","msg":"Error retrieving TTL, defaulting.","commit":"7655d9c","error":"\"knativebrokerttl\" not found"}
{"level":"info","ts":"2019-12-03T21:04:53.355Z","logger":"broker_ingress","caller":"ingress/ingress_handler.go:120","msg":"Error retrieving TTL, defaulting.","commit":"7655d9c","error":"\"knativebrokerttl\" not found"}
{"level":"info","ts":"2019-12-03T21:04:53.356Z","logger":"broker_ingress","caller":"ingress/ingress_handler.go:120","msg":"Error retrieving TTL, defaulting.","commit":"7655d9c","error":"\"knativebrokerttl\" not found"}
{"level":"info","ts":"2019-12-03T21:04:53.356Z","logger":"broker_ingress","caller":"ingress/ingress_handler.go:120","msg":"Error retrieving TTL, defaulting.","commit":"7655d9c","error":"\"knativebrokerttl\" not found"}
{"level":"info","ts":"2019-12-03T21:04:53.356Z","logger":"broker_ingress","caller":"ingress/ingress_handler.go:120","msg":"Error retrieving TTL, defaulting.","commit":"7655d9c","error":"\"knativebrokerttl\" not found"}
{"level":"info","ts":"2019-12-03T21:04:53.356Z","logger":"broker_ingress","caller":"ingress/ingress_handler.go:120","msg":"Error retrieving TTL, defaulting.","commit":"7655d9c","error":"\"knativebrokerttl\" not found"}
{"level":"info","ts":"2019-12-03T21:04:53.356Z","logger":"broker_ingress","caller":"ingress/ingress_handler.go:120","msg":"Error retrieving TTL, defaulting.","commit":"7655d9c","error":"\"knativebrokerttl\" not found"}
{"level":"info","ts":"2019-12-03T21:04:53.356Z","logger":"broker_ingress","caller":"ingress/ingress_handler.go:120","msg":"Error retrieving TTL, defaulting.","commit":"7655d9c","error":"\"knativebrokerttl\" not found"}
{"level":"info","ts":"2019-12-03T21:04:53.356Z","logger":"broker_ingress","caller":"ingress/ingress_handler.go:120","msg":"Error retrieving TTL, defaulting.","commit":"7655d9c","error":"\"knativebrokerttl\" not found"}
{"level":"info","ts":"2019-12-03T21:04:53.356Z","logger":"broker_ingress","caller":"ingress/ingress_handler.go:120","msg":"Error retrieving TTL, defaulting.","commit":"7655d9c","error":"\"knativebrokerttl\" not found"}
{"level":"info","ts":"2019-12-03T21:04:53.357Z","logger":"broker_ingress","caller":"ingress/ingress_handler.go:120","msg":"Error retrieving TTL, defaulting.","commit":"7655d9c","error":"\"knativebrokerttl\" not found"}
{"level":"info","ts":"2019-12-03T21:04:53.357Z","logger":"broker_ingress","caller":"ingress/ingress_handler.go:120","msg":"Error retrieving TTL, defaulting.","commit":"7655d9c","error":"\"knativebrokerttl\" not found"}
{"level":"info","ts":"2019-12-03T21:04:53.357Z","logger":"broker_ingress","caller":"ingress/ingress_handler.go:120","msg":"Error retrieving TTL, defaulting.","commit":"7655d9c","error":"\"knativebrokerttl\" not found"}
{"level":"info","ts":"2019-12-03T21:04:53.357Z","logger":"broker_ingress","caller":"ingress/ingress_handler.go:120","msg":"Error retrieving TTL, defaulting.","commit":"7655d9c","error":"\"knativebrokerttl\" not found"}
{"level":"info","ts":"2019-12-03T21:04:53.357Z","logger":"broker_ingress","caller":"ingress/ingress_handler.go:120","msg":"Error retrieving TTL, defaulting.","commit":"7655d9c","error":"\"knativebrokerttl\" not found"}
{"level":"info","ts":"2019-12-03T21:04:53.357Z","logger":"broker_ingress","caller":"ingress/ingress_handler.go:120","msg":"Error retrieving TTL, defaulting.","commit":"7655d9c","error":"\"knativebrokerttl\" not found"}
{"level":"info","ts":"2019-12-03T21:04:53.357Z","logger":"broker_ingress","caller":"ingress/ingress_handler.go:120","msg":"Error retrieving TTL, defaulting.","commit":"7655d9c","error":"\"knativebrokerttl\" not found"}
{"level":"info","ts":"2019-12-03T21:04:53.357Z","logger":"broker_ingress","caller":"ingress/ingress_handler.go:120","msg":"Error retrieving TTL, defaulting.","commit":"7655d9c","error":"\"knativebrokerttl\" not found"}
{"level":"info","ts":"2019-12-03T21:04:53.358Z","logger":"broker_ingress","caller":"ingress/ingress_handler.go:120","msg":"Error retrieving TTL, defaulting.","commit":"7655d9c","error":"\"knativebrokerttl\" not found"}
{"level":"info","ts":"2019-12-03T21:04:53.355Z","logger":"broker_ingress","caller":"ingress/ingress_handler.go:120","msg":"Error retrieving TTL, defaulting.","commit":"7655d9c","error":"\"knativebrokerttl\" not found"}
{"level":"info","ts":"2019-12-03T21:04:53.358Z","logger":"broker_ingress","caller":"ingress/ingress_handler.go:120","msg":"Error retrieving TTL, defaulting.","commit":"7655d9c","error":"\"knativebrokerttl\" not found"}
{"level":"info","ts":"2019-12-03T21:04:53.358Z","logger":"broker_ingress","caller":"ingress/ingress_handler.go:120","msg":"Error retrieving TTL, defaulting.","commit":"7655d9c","error":"\"knativebrokerttl\" not found"}
{"level":"info","ts":"2019-12-03T21:04:53.358Z","logger":"broker_ingress","caller":"ingress/ingress_handler.go:120","msg":"Error retrieving TTL, defaulting.","commit":"7655d9c","error":"\"knativebrokerttl\" not found"}
{"level":"info","ts":"2019-12-03T21:04:53.358Z","logger":"broker_ingress","caller":"ingress/ingress_handler.go:120","msg":"Error retrieving TTL, defaulting.","commit":"7655d9c","error":"\"knativebrokerttl\" not found"}
{"level":"info","ts":"2019-12-03T21:04:53.358Z","logger":"broker_ingress","caller":"ingress/ingress_handler.go:120","msg":"Error retrieving TTL, defaulting.","commit":"7655d9c","error":"\"knativebrokerttl\" not found"}
{"level":"info","ts":"2019-12-03T21:04:53.358Z","logger":"broker_ingress","caller":"ingress/ingress_handler.go:120","msg":"Error retrieving TTL, defaulting.","commit":"7655d9c","error":"\"knativebrokerttl\" not found"}
{"level":"info","ts":"2019-12-03T21:04:53.359Z","logger":"broker_ingress","caller":"ingress/ingress_handler.go:120","msg":"Error retrieving TTL, defaulting.","commit":"7655d9c","error":"\"knativebrokerttl\" not found"}
{"level":"info","ts":"2019-12-03T21:04:52.934Z","logger":"broker_ingress","caller":"ingress/ingress_handler.go:120","msg":"Error retrieving TTL, defaulting.","commit":"7655d9c","error":"\"knativebrokerttl\" not found"}
{"level":"info","ts":"2019-12-03T21:04:53.359Z","logger":"broker_ingress","caller":"ingress/ingress_handler.go:120","msg":"Error retrieving TTL, defaulting.","commit":"7655d9c","error":"\"knativebrokerttl\" not found"}
{"level":"info","ts":"2019-12-03T21:04:52.949Z","logger":"broker_ingress","caller":"ingress/ingress_handler.go:120","msg":"Error retrieving TTL, defaulting.","commit":"7655d9c","error":"\"knativebrokerttl\" not found"}
{"level":"info","ts":"2019-12-03T21:04:52.983Z","logger":"broker_ingress","caller":"ingress/ingress_handler.go:120","msg":"Error retrieving TTL, defaulting.","commit":"7655d9c","error":"\"knativebrokerttl\" not found"}
{"level":"info","ts":"2019-12-03T21:04:53.359Z","logger":"broker_ingress","caller":"ingress/ingress_handler.go:120","msg":"Error retrieving TTL, defaulting.","commit":"7655d9c","error":"\"knativebrokerttl\" not found"}
{"level":"info","ts":"2019-12-03T21:04:53.010Z","logger":"broker_ingress","caller":"ingress/ingress_handler.go:120","msg":"Error retrieving TTL, defaulting.","commit":"7655d9c","error":"\"knativebrokerttl\" not found"}
{"level":"info","ts":"2019-12-03T21:04:52.985Z","logger":"broker_ingress","caller":"ingress/ingress_handler.go:120","msg":"Error retrieving TTL, defaulting.","commit":"7655d9c","error":"\"knativebrokerttl\" not found"}
{"level":"info","ts":"2019-12-03T21:04:53.359Z","logger":"broker_ingress","caller":"ingress/ingress_handler.go:120","msg":"Error retrieving TTL, defaulting.","commit":"7655d9c","error":"\"knativebrokerttl\" not found"}
{"level":"info","ts":"2019-12-03T21:04:53.359Z","logger":"broker_ingress","caller":"ingress/ingress_handler.go:120","msg":"Error retrieving TTL, defaulting.","commit":"7655d9c","error":"\"knativebrokerttl\" not found"}
{"level":"info","ts":"2019-12-03T21:04:53.360Z","logger":"broker_ingress","caller":"ingress/ingress_handler.go:120","msg":"Error retrieving TTL, defaulting.","commit":"7655d9c","error":"\"knativebrokerttl\" not found"}
{"level":"info","ts":"2019-12-03T21:04:53.360Z","logger":"broker_ingress","caller":"ingress/ingress_handler.go:120","msg":"Error retrieving TTL, defaulting.","commit":"7655d9c","error":"\"knativebrokerttl\" not found"}
{"level":"info","ts":"2019-12-03T21:04:53.360Z","logger":"broker_ingress","caller":"ingress/ingress_handler.go:120","msg":"Error retrieving TTL, defaulting.","commit":"7655d9c","error":"\"knativebrokerttl\" not found"}
{"level":"info","ts":"2019-12-03T21:04:53.360Z","logger":"broker_ingress","caller":"ingress/ingress_handler.go:120","msg":"Error retrieving TTL, defaulting.","commit":"7655d9c","error":"\"knativebrokerttl\" not found"}
{"level":"info","ts":"2019-12-03T21:04:53.122Z","logger":"broker_ingress","caller":"ingress/ingress_handler.go:120","msg":"Error retrieving TTL, defaulting.","commit":"7655d9c","error":"\"knativebrokerttl\" not found"}
{"level":"info","ts":"2019-12-03T21:04:53.132Z","logger":"broker_ingress","caller":"ingress/ingress_handler.go:120","msg":"Error retrieving TTL, defaulting.","commit":"7655d9c","error":"\"knativebrokerttl\" not found"}
{"level":"info","ts":"2019-12-03T21:04:53.109Z","logger":"broker_ingress","caller":"ingress/ingress_handler.go:120","msg":"Error retrieving TTL, defaulting.","commit":"7655d9c","error":"\"knativebrokerttl\" not found"}
{"level":"info","ts":"2019-12-03T21:04:53.360Z","logger":"broker_ingress","caller":"ingress/ingress_handler.go:120","msg":"Error retrieving TTL, defaulting.","commit":"7655d9c","error":"\"knativebrokerttl\" not found"}
{"level":"info","ts":"2019-12-03T21:04:53.360Z","logger":"broker_ingress","caller":"ingress/ingress_handler.go:120","msg":"Error retrieving TTL, defaulting.","commit":"7655d9c","error":"\"knativebrokerttl\" not found"}
{"level":"info","ts":"2019-12-03T21:04:53.360Z","logger":"broker_ingress","caller":"ingress/ingress_handler.go:120","msg":"Error retrieving TTL, defaulting.","commit":"7655d9c","error":"\"knativebrokerttl\" not found"}
{"level":"info","ts":"2019-12-03T21:04:53.360Z","logger":"broker_ingress","caller":"ingress/ingress_handler.go:120","msg":"Error retrieving TTL, defaulting.","commit":"7655d9c","error":"\"knativebrokerttl\" not found"}
{"level":"info","ts":"2019-12-03T21:04:53.155Z","logger":"broker_ingress","caller":"ingress/ingress_handler.go:120","msg":"Error retrieving TTL, defaulting.","commit":"7655d9c","error":"\"knativebrokerttl\" not found"}
{"level":"info","ts":"2019-12-03T21:04:53.151Z","logger":"broker_ingress","caller":"ingress/ingress_handler.go:120","msg":"Error retrieving TTL, defaulting.","commit":"7655d9c","error":"\"knativebrokerttl\" not found"}
{"level":"info","ts":"2019-12-03T21:04:53.361Z","logger":"broker_ingress","caller":"ingress/ingress_handler.go:120","msg":"Error retrieving TTL, defaulting.","commit":"7655d9c","error":"\"knativebrokerttl\" not found"}
{"level":"info","ts":"2019-12-03T21:04:53.361Z","logger":"broker_ingress","caller":"ingress/ingress_handler.go:120","msg":"Error retrieving TTL, defaulting.","commit":"7655d9c","error":"\"knativebrokerttl\" not found"}
{"level":"info","ts":"2019-12-03T21:04:53.361Z","logger":"broker_ingress","caller":"ingress/ingress_handler.go:120","msg":"Error retrieving TTL, defaulting.","commit":"7655d9c","error":"\"knativebrokerttl\" not found"}
{"level":"info","ts":"2019-12-03T21:04:53.361Z","logger":"broker_ingress","caller":"ingress/ingress_handler.go:120","msg":"Error retrieving TTL, defaulting.","commit":"7655d9c","error":"\"knativebrokerttl\" not found"}
{"level":"info","ts":"2019-12-03T21:04:53.361Z","logger":"broker_ingress","caller":"ingress/ingress_handler.go:120","msg":"Error retrieving TTL, defaulting.","commit":"7655d9c","error":"\"knativebrokerttl\" not found"}
{"level":"info","ts":"2019-12-03T21:04:53.361Z","logger":"broker_ingress","caller":"ingress/ingress_handler.go:120","msg":"Error retrieving TTL, defaulting.","commit":"7655d9c","error":"\"knativebrokerttl\" not found"}
{"level":"info","ts":"2019-12-03T21:04:53.361Z","logger":"broker_ingress","caller":"ingress/ingress_handler.go:120","msg":"Error retrieving TTL, defaulting.","commit":"7655d9c","error":"\"knativebrokerttl\" not found"}
{"level":"info","ts":"2019-12-03T21:04:53.362Z","logger":"broker_ingress","caller":"ingress/ingress_handler.go:120","msg":"Error retrieving TTL, defaulting.","commit":"7655d9c","error":"\"knativebrokerttl\" not found"}
{"level":"info","ts":"2019-12-03T21:04:53.362Z","logger":"broker_ingress","caller":"ingress/ingress_handler.go:120","msg":"Error retrieving TTL, defaulting.","commit":"7655d9c","error":"\"knativebrokerttl\" not found"}
{"level":"info","ts":"2019-12-03T21:04:53.362Z","logger":"broker_ingress","caller":"ingress/ingress_handler.go:120","msg":"Error retrieving TTL, defaulting.","commit":"7655d9c","error":"\"knativebrokerttl\" not found"}
{"level":"info","ts":"2019-12-03T21:04:53.362Z","logger":"broker_ingress","caller":"ingress/ingress_handler.go:120","msg":"Error retrieving TTL, defaulting.","commit":"7655d9c","error":"\"knativebrokerttl\" not found"}
{"level":"info","ts":"2019-12-03T21:04:53.362Z","logger":"broker_ingress","caller":"ingress/ingress_handler.go:120","msg":"Error retrieving TTL, defaulting.","commit":"7655d9c","error":"\"knativebrokerttl\" not found"}
{"level":"info","ts":"2019-12-03T21:04:53.362Z","logger":"broker_ingress","caller":"ingress/ingress_handler.go:120","msg":"Error retrieving TTL, defaulting.","commit":"7655d9c","error":"\"knativebrokerttl\" not found"}
{"level":"info","ts":"2019-12-03T21:04:53.363Z","logger":"broker_ingress","caller":"ingress/ingress_handler.go:120","msg":"Error retrieving TTL, defaulting.","commit":"7655d9c","error":"\"knativebrokerttl\" not found"}
{"level":"info","ts":"2019-12-03T21:04:53.363Z","logger":"broker_ingress","caller":"ingress/ingress_handler.go:120","msg":"Error retrieving TTL, defaulting.","commit":"7655d9c","error":"\"knativebrokerttl\" not found"}
{"level":"info","ts":"2019-12-03T21:04:53.363Z","logger":"broker_ingress","caller":"ingress/ingress_handler.go:120","msg":"Error retrieving TTL, defaulting.","commit":"7655d9c","error":"\"knativebrokerttl\" not found"}
{"level":"info","ts":"2019-12-03T21:04:53.363Z","logger":"broker_ingress","caller":"ingress/ingress_handler.go:120","msg":"Error retrieving TTL, defaulting.","commit":"7655d9c","error":"\"knativebrokerttl\" not found"}
{"level":"info","ts":"2019-12-03T21:04:53.363Z","logger":"broker_ingress","caller":"ingress/ingress_handler.go:120","msg":"Error retrieving TTL, defaulting.","commit":"7655d9c","error":"\"knativebrokerttl\" not found"}
{"level":"info","ts":"2019-12-03T21:04:53.363Z","logger":"broker_ingress","caller":"ingress/ingress_handler.go:120","msg":"Error retrieving TTL, defaulting.","commit":"7655d9c","error":"\"knativebrokerttl\" not found"}
{"level":"info","ts":"2019-12-03T21:04:53.363Z","logger":"broker_ingress","caller":"ingress/ingress_handler.go:120","msg":"Error retrieving TTL, defaulting.","commit":"7655d9c","error":"\"knativebrokerttl\" not found"}
{"level":"info","ts":"2019-12-03T21:04:53.363Z","logger":"broker_ingress","caller":"ingress/ingress_handler.go:120","msg":"Error retrieving TTL, defaulting.","commit":"7655d9c","error":"\"knativebrokerttl\" not found"}
{"level":"info","ts":"2019-12-03T21:04:53.187Z","logger":"broker_ingress","caller":"ingress/ingress_handler.go:120","msg":"Error retrieving TTL, defaulting.","commit":"7655d9c","error":"\"knativebrokerttl\" not found"}
{"level":"info","ts":"2019-12-03T21:04:53.364Z","logger":"broker_ingress","caller":"ingress/ingress_handler.go:120","msg":"Error retrieving TTL, defaulting.","commit":"7655d9c","error":"\"knativebrokerttl\" not found"}
{"level":"info","ts":"2019-12-03T21:04:53.364Z","logger":"broker_ingress","caller":"ingress/ingress_handler.go:120","msg":"Error retrieving TTL, defaulting.","commit":"7655d9c","error":"\"knativebrokerttl\" not found"}
{"level":"info","ts":"2019-12-03T21:04:53.364Z","logger":"broker_ingress","caller":"ingress/ingress_handler.go:120","msg":"Error retrieving TTL, defaulting.","commit":"7655d9c","error":"\"knativebrokerttl\" not found"}
{"level":"info","ts":"2019-12-03T21:04:53.364Z","logger":"broker_ingress","caller":"ingress/ingress_handler.go:120","msg":"Error retrieving TTL, defaulting.","commit":"7655d9c","error":"\"knativebrokerttl\" not found"}
{"level":"info","ts":"2019-12-03T21:04:53.364Z","logger":"broker_ingress","caller":"ingress/ingress_handler.go:120","msg":"Error retrieving TTL, defaulting.","commit":"7655d9c","error":"\"knativebrokerttl\" not found"}
{"level":"info","ts":"2019-12-03T21:04:53.364Z","logger":"broker_ingress","caller":"ingress/ingress_handler.go:120","msg":"Error retrieving TTL, defaulting.","commit":"7655d9c","error":"\"knativebrokerttl\" not found"}
{"level":"info","ts":"2019-12-03T21:04:53.364Z","logger":"broker_ingress","caller":"ingress/ingress_handler.go:120","msg":"Error retrieving TTL, defaulting.","commit":"7655d9c","error":"\"knativebrokerttl\" not found"}
{"level":"info","ts":"2019-12-03T21:04:53.364Z","logger":"broker_ingress","caller":"ingress/ingress_handler.go:120","msg":"Error retrieving TTL, defaulting.","commit":"7655d9c","error":"\"knativebrokerttl\" not found"}
{"level":"info","ts":"2019-12-03T21:04:53.365Z","logger":"broker_ingress","caller":"ingress/ingress_handler.go:120","msg":"Error retrieving TTL, defaulting.","commit":"7655d9c","error":"\"knativebrokerttl\" not found"}
{"level":"info","ts":"2019-12-03T21:04:53.365Z","logger":"broker_ingress","caller":"ingress/ingress_handler.go:120","msg":"Error retrieving TTL, defaulting.","commit":"7655d9c","error":"\"knativebrokerttl\" not found"}
{"level":"info","ts":"2019-12-03T21:04:53.365Z","logger":"broker_ingress","caller":"ingress/ingress_handler.go:120","msg":"Error retrieving TTL, defaulting.","commit":"7655d9c","error":"\"knativebrokerttl\" not found"}
{"level":"info","ts":"2019-12-03T21:04:53.365Z","logger":"broker_ingress","caller":"ingress/ingress_handler.go:120","msg":"Error retrieving TTL, defaulting.","commit":"7655d9c","error":"\"knativebrokerttl\" not found"}
{"level":"info","ts":"2019-12-03T21:04:53.365Z","logger":"broker_ingress","caller":"ingress/ingress_handler.go:120","msg":"Error retrieving TTL, defaulting.","commit":"7655d9c","error":"\"knativebrokerttl\" not found"}
{"level":"info","ts":"2019-12-03T21:04:53.365Z","logger":"broker_ingress","caller":"ingress/ingress_handler.go:120","msg":"Error retrieving TTL, defaulting.","commit":"7655d9c","error":"\"knativebrokerttl\" not found"}
{"level":"info","ts":"2019-12-03T21:04:53.365Z","logger":"broker_ingress","caller":"ingress/ingress_handler.go:120","msg":"Error retrieving TTL, defaulting.","commit":"7655d9c","error":"\"knativebrokerttl\" not found"}
{"level":"info","ts":"2019-12-03T21:04:53.365Z","logger":"broker_ingress","caller":"ingress/ingress_handler.go:120","msg":"Error retrieving TTL, defaulting.","commit":"7655d9c","error":"\"knativebrokerttl\" not found"}
{"level":"info","ts":"2019-12-03T21:04:53.366Z","logger":"broker_ingress","caller":"ingress/ingress_handler.go:120","msg":"Error retrieving TTL, defaulting.","commit":"7655d9c","error":"\"knativebrokerttl\" not found"}
{"level":"info","ts":"2019-12-03T21:04:53.366Z","logger":"broker_ingress","caller":"ingress/ingress_handler.go:120","msg":"Error retrieving TTL, defaulting.","commit":"7655d9c","error":"\"knativebrokerttl\" not found"}
{"level":"info","ts":"2019-12-03T21:04:53.366Z","logger":"broker_ingress","caller":"ingress/ingress_handler.go:120","msg":"Error retrieving TTL, defaulting.","commit":"7655d9c","error":"\"knativebrokerttl\" not found"}
{"level":"info","ts":"2019-12-03T21:04:53.366Z","logger":"broker_ingress","caller":"ingress/ingress_handler.go:120","msg":"Error retrieving TTL, defaulting.","commit":"7655d9c","error":"\"knativebrokerttl\" not found"}
{"level":"info","ts":"2019-12-03T21:04:53.366Z","logger":"broker_ingress","caller":"ingress/ingress_handler.go:120","msg":"Error retrieving TTL, defaulting.","commit":"7655d9c","error":"\"knativebrokerttl\" not found"}
{"level":"info","ts":"2019-12-03T21:04:53.366Z","logger":"broker_ingress","caller":"ingress/ingress_handler.go:120","msg":"Error retrieving TTL, defaulting.","commit":"7655d9c","error":"\"knativebrokerttl\" not found"}
{"level":"info","ts":"2019-12-03T21:04:53.220Z","logger":"broker_ingress","caller":"ingress/ingress_handler.go:120","msg":"Error retrieving TTL, defaulting.","commit":"7655d9c","error":"\"knativebrokerttl\" not found"}
{"level":"info","ts":"2019-12-03T21:04:53.366Z","logger":"broker_ingress","caller":"ingress/ingress_handler.go:120","msg":"Error retrieving TTL, defaulting.","commit":"7655d9c","error":"\"knativebrokerttl\" not found"}
{"level":"info","ts":"2019-12-03T21:04:53.367Z","logger":"broker_ingress","caller":"ingress/ingress_handler.go:120","msg":"Error retrieving TTL, defaulting.","commit":"7655d9c","error":"\"knativebrokerttl\" not found"}
{"level":"info","ts":"2019-12-03T21:04:53.367Z","logger":"broker_ingress","caller":"ingress/ingress_handler.go:120","msg":"Error retrieving TTL, defaulting.","commit":"7655d9c","error":"\"knativebrokerttl\" not found"}
{"level":"info","ts":"2019-12-03T21:04:53.367Z","logger":"broker_ingress","caller":"ingress/ingress_handler.go:120","msg":"Error retrieving TTL, defaulting.","commit":"7655d9c","error":"\"knativebrokerttl\" not found"}
{"level":"info","ts":"2019-12-03T21:04:53.367Z","logger":"broker_ingress","caller":"ingress/ingress_handler.go:120","msg":"Error retrieving TTL, defaulting.","commit":"7655d9c","error":"\"knativebrokerttl\" not found"}
{"level":"info","ts":"2019-12-03T21:04:53.367Z","logger":"broker_ingress","caller":"ingress/ingress_handler.go:120","msg":"Error retrieving TTL, defaulting.","commit":"7655d9c","error":"\"knativebrokerttl\" not found"}
{"level":"info","ts":"2019-12-03T21:04:53.367Z","logger":"broker_ingress","caller":"ingress/ingress_handler.go:120","msg":"Error retrieving TTL, defaulting.","commit":"7655d9c","error":"\"knativebrokerttl\" not found"}
{"level":"info","ts":"2019-12-03T21:04:53.367Z","logger":"broker_ingress","caller":"ingress/ingress_handler.go:120","msg":"Error retrieving TTL, defaulting.","commit":"7655d9c","error":"\"knativebrokerttl\" not found"}
{"level":"info","ts":"2019-12-03T21:04:53.367Z","logger":"broker_ingress","caller":"ingress/ingress_handler.go:120","msg":"Error retrieving TTL, defaulting.","commit":"7655d9c","error":"\"knativebrokerttl\" not found"}
{"level":"info","ts":"2019-12-03T21:04:53.367Z","logger":"broker_ingress","caller":"ingress/ingress_handler.go:120","msg":"Error retrieving TTL, defaulting.","commit":"7655d9c","error":"\"knativebrokerttl\" not found"}
{"level":"info","ts":"2019-12-03T21:04:53.368Z","logger":"broker_ingress","caller":"ingress/ingress_handler.go:120","msg":"Error retrieving TTL, defaulting.","commit":"7655d9c","error":"\"knativebrokerttl\" not found"}
{"level":"info","ts":"2019-12-03T21:04:53.372Z","logger":"broker_ingress","caller":"ingress/ingress_handler.go:120","msg":"Error retrieving TTL, defaulting.","commit":"7655d9c","error":"\"knativebrokerttl\" not found"}
{"level":"info","ts":"2019-12-03T21:04:53.372Z","logger":"broker_ingress","caller":"ingress/ingress_handler.go:120","msg":"Error retrieving TTL, defaulting.","commit":"7655d9c","error":"\"knativebrokerttl\" not found"}
{"level":"info","ts":"2019-12-03T21:04:53.372Z","logger":"broker_ingress","caller":"ingress/ingress_handler.go:120","msg":"Error retrieving TTL, defaulting.","commit":"7655d9c","error":"\"knativebrokerttl\" not found"}
{"level":"info","ts":"2019-12-03T21:04:53.372Z","logger":"broker_ingress","caller":"ingress/ingress_handler.go:120","msg":"Error retrieving TTL, defaulting.","commit":"7655d9c","error":"\"knativebrokerttl\" not found"}
{"level":"info","ts":"2019-12-03T21:04:53.373Z","logger":"broker_ingress","caller":"ingress/ingress_handler.go:120","msg":"Error retrieving TTL, defaulting.","commit":"7655d9c","error":"\"knativebrokerttl\" not found"}
{"level":"info","ts":"2019-12-03T21:04:53.373Z","logger":"broker_ingress","caller":"ingress/ingress_handler.go:120","msg":"Error retrieving TTL, defaulting.","commit":"7655d9c","error":"\"knativebrokerttl\" not found"}
{"level":"info","ts":"2019-12-03T21:04:53.373Z","logger":"broker_ingress","caller":"ingress/ingress_handler.go:120","msg":"Error retrieving TTL, defaulting.","commit":"7655d9c","error":"\"knativebrokerttl\" not found"}
{"level":"info","ts":"2019-12-03T21:04:53.373Z","logger":"broker_ingress","caller":"ingress/ingress_handler.go:120","msg":"Error retrieving TTL, defaulting.","commit":"7655d9c","error":"\"knativebrokerttl\" not found"}
{"level":"info","ts":"2019-12-03T21:04:53.373Z","logger":"broker_ingress","caller":"ingress/ingress_handler.go:120","msg":"Error retrieving TTL, defaulting.","commit":"7655d9c","error":"\"knativebrokerttl\" not found"}
{"level":"info","ts":"2019-12-03T21:04:53.373Z","logger":"broker_ingress","caller":"ingress/ingress_handler.go:120","msg":"Error retrieving TTL, defaulting.","commit":"7655d9c","error":"\"knativebrokerttl\" not found"}
{"level":"info","ts":"2019-12-03T21:04:53.374Z","logger":"broker_ingress","caller":"ingress/ingress_handler.go:120","msg":"Error retrieving TTL, defaulting.","commit":"7655d9c","error":"\"knativebrokerttl\" not found"}
{"level":"info","ts":"2019-12-03T21:04:53.381Z","logger":"broker_ingress","caller":"ingress/ingress_handler.go:120","msg":"Error retrieving TTL, defaulting.","commit":"7655d9c","error":"\"knativebrokerttl\" not found"}
{"level":"info","ts":"2019-12-03T21:04:53.381Z","logger":"broker_ingress","caller":"ingress/ingress_handler.go:120","msg":"Error retrieving TTL, defaulting.","commit":"7655d9c","error":"\"knativebrokerttl\" not found"}
{"level":"info","ts":"2019-12-03T21:04:53.381Z","logger":"broker_ingress","caller":"ingress/ingress_handler.go:120","msg":"Error retrieving TTL, defaulting.","commit":"7655d9c","error":"\"knativebrokerttl\" not found"}
{"level":"info","ts":"2019-12-03T21:04:53.381Z","logger":"broker_ingress","caller":"ingress/ingress_handler.go:120","msg":"Error retrieving TTL, defaulting.","commit":"7655d9c","error":"\"knativebrokerttl\" not found"}
{"level":"info","ts":"2019-12-03T21:04:53.381Z","logger":"broker_ingress","caller":"ingress/ingress_handler.go:120","msg":"Error retrieving TTL, defaulting.","commit":"7655d9c","error":"\"knativebrokerttl\" not found"}
{"level":"info","ts":"2019-12-03T21:04:53.381Z","logger":"broker_ingress","caller":"ingress/ingress_handler.go:120","msg":"Error retrieving TTL, defaulting.","commit":"7655d9c","error":"\"knativebrokerttl\" not found"}
{"level":"info","ts":"2019-12-03T21:04:53.381Z","logger":"broker_ingress","caller":"ingress/ingress_handler.go:120","msg":"Error retrieving TTL, defaulting.","commit":"7655d9c","error":"\"knativebrokerttl\" not found"}
{"level":"info","ts":"2019-12-03T21:04:53.381Z","logger":"broker_ingress","caller":"ingress/ingress_handler.go:120","msg":"Error retrieving TTL, defaulting.","commit":"7655d9c","error":"\"knativebrokerttl\" not found"}
{"level":"info","ts":"2019-12-03T21:04:53.381Z","logger":"broker_ingress","caller":"ingress/ingress_handler.go:120","msg":"Error retrieving TTL, defaulting.","commit":"7655d9c","error":"\"knativebrokerttl\" not found"}
{"level":"info","ts":"2019-12-03T21:04:53.381Z","logger":"broker_ingress","caller":"ingress/ingress_handler.go:120","msg":"Error retrieving TTL, defaulting.","commit":"7655d9c","error":"\"knativebrokerttl\" not found"}
{"level":"info","ts":"2019-12-03T21:04:53.381Z","logger":"broker_ingress","caller":"ingress/ingress_handler.go:120","msg":"Error retrieving TTL, defaulting.","commit":"7655d9c","error":"\"knativebrokerttl\" not found"}
{"level":"info","ts":"2019-12-03T21:04:53.382Z","logger":"broker_ingress","caller":"ingress/ingress_handler.go:120","msg":"Error retrieving TTL, defaulting.","commit":"7655d9c","error":"\"knativebrokerttl\" not found"}
{"level":"info","ts":"2019-12-03T21:04:53.389Z","logger":"broker_ingress","caller":"ingress/ingress_handler.go:120","msg":"Error retrieving TTL, defaulting.","commit":"7655d9c","error":"\"knativebrokerttl\" not found"}
{"level":"info","ts":"2019-12-03T21:04:53.399Z","logger":"broker_ingress","caller":"ingress/ingress_handler.go:120","msg":"Error retrieving TTL, defaulting.","commit":"7655d9c","error":"\"knativebrokerttl\" not found"}
{"level":"info","ts":"2019-12-03T21:04:53.399Z","logger":"broker_ingress","caller":"ingress/ingress_handler.go:120","msg":"Error retrieving TTL, defaulting.","commit":"7655d9c","error":"\"knativebrokerttl\" not found"}
{"level":"info","ts":"2019-12-03T21:04:53.399Z","logger":"broker_ingress","caller":"ingress/ingress_handler.go:120","msg":"Error retrieving TTL, defaulting.","commit":"7655d9c","error":"\"knativebrokerttl\" not found"}
{"level":"info","ts":"2019-12-03T21:04:53.399Z","logger":"broker_ingress","caller":"ingress/ingress_handler.go:120","msg":"Error retrieving TTL, defaulting.","commit":"7655d9c","error":"\"knativebrokerttl\" not found"}
{"level":"info","ts":"2019-12-03T21:04:53.400Z","logger":"broker_ingress","caller":"ingress/ingress_handler.go:120","msg":"Error retrieving TTL, defaulting.","commit":"7655d9c","error":"\"knativebrokerttl\" not found"}
{"level":"info","ts":"2019-12-03T21:04:53.402Z","logger":"broker_ingress","caller":"ingress/ingress_handler.go:120","msg":"Error retrieving TTL, defaulting.","commit":"7655d9c","error":"\"knativebrokerttl\" not found"}
{"level":"info","ts":"2019-12-03T21:04:53.402Z","logger":"broker_ingress","caller":"ingress/ingress_handler.go:120","msg":"Error retrieving TTL, defaulting.","commit":"7655d9c","error":"\"knativebrokerttl\" not found"}
{"level":"info","ts":"2019-12-03T21:04:53.402Z","logger":"broker_ingress","caller":"ingress/ingress_handler.go:120","msg":"Error retrieving TTL, defaulting.","commit":"7655d9c","error":"\"knativebrokerttl\" not found"}
{"level":"info","ts":"2019-12-03T21:04:53.402Z","logger":"broker_ingress","caller":"ingress/ingress_handler.go:120","msg":"Error retrieving TTL, defaulting.","commit":"7655d9c","error":"\"knativebrokerttl\" not found"}
{"level":"info","ts":"2019-12-03T21:04:53.402Z","logger":"broker_ingress","caller":"ingress/ingress_handler.go:120","msg":"Error retrieving TTL, defaulting.","commit":"7655d9c","error":"\"knativebrokerttl\" not found"}
{"level":"info","ts":"2019-12-03T21:04:53.403Z","logger":"broker_ingress","caller":"ingress/ingress_handler.go:120","msg":"Error retrieving TTL, defaulting.","commit":"7655d9c","error":"\"knativebrokerttl\" not found"}
{"level":"info","ts":"2019-12-03T21:04:53.403Z","logger":"broker_ingress","caller":"ingress/ingress_handler.go:120","msg":"Error retrieving TTL, defaulting.","commit":"7655d9c","error":"\"knativebrokerttl\" not found"}
{"level":"info","ts":"2019-12-03T21:04:53.403Z","logger":"broker_ingress","caller":"ingress/ingress_handler.go:120","msg":"Error retrieving TTL, defaulting.","commit":"7655d9c","error":"\"knativebrokerttl\" not found"}
{"level":"info","ts":"2019-12-03T21:04:53.403Z","logger":"broker_ingress","caller":"ingress/ingress_handler.go:120","msg":"Error retrieving TTL, defaulting.","commit":"7655d9c","error":"\"knativebrokerttl\" not found"}
{"level":"info","ts":"2019-12-03T21:04:53.403Z","logger":"broker_ingress","caller":"ingress/ingress_handler.go:120","msg":"Error retrieving TTL, defaulting.","commit":"7655d9c","error":"\"knativebrokerttl\" not found"}
{"level":"info","ts":"2019-12-03T21:04:53.403Z","logger":"broker_ingress","caller":"ingress/ingress_handler.go:120","msg":"Error retrieving TTL, defaulting.","commit":"7655d9c","error":"\"knativebrokerttl\" not found"}
{"level":"info","ts":"2019-12-03T21:04:53.403Z","logger":"broker_ingress","caller":"ingress/ingress_handler.go:120","msg":"Error retrieving TTL, defaulting.","commit":"7655d9c","error":"\"knativebrokerttl\" not found"}
{"level":"info","ts":"2019-12-03T21:04:53.404Z","logger":"broker_ingress","caller":"ingress/ingress_handler.go:120","msg":"Error retrieving TTL, defaulting.","commit":"7655d9c","error":"\"knativebrokerttl\" not found"}
{"level":"info","ts":"2019-12-03T21:04:53.404Z","logger":"broker_ingress","caller":"ingress/ingress_handler.go:120","msg":"Error retrieving TTL, defaulting.","commit":"7655d9c","error":"\"knativebrokerttl\" not found"}
{"level":"info","ts":"2019-12-03T21:04:53.404Z","logger":"broker_ingress","caller":"ingress/ingress_handler.go:120","msg":"Error retrieving TTL, defaulting.","commit":"7655d9c","error":"\"knativebrokerttl\" not found"}
{"level":"info","ts":"2019-12-03T21:04:53.404Z","logger":"broker_ingress","caller":"ingress/ingress_handler.go:120","msg":"Error retrieving TTL, defaulting.","commit":"7655d9c","error":"\"knativebrokerttl\" not found"}
{"level":"info","ts":"2019-12-03T21:04:53.404Z","logger":"broker_ingress","caller":"ingress/ingress_handler.go:120","msg":"Error retrieving TTL, defaulting.","commit":"7655d9c","error":"\"knativebrokerttl\" not found"}
{"level":"info","ts":"2019-12-03T21:04:53.404Z","logger":"broker_ingress","caller":"ingress/ingress_handler.go:120","msg":"Error retrieving TTL, defaulting.","commit":"7655d9c","error":"\"knativebrokerttl\" not found"}
{"level":"info","ts":"2019-12-03T21:04:53.404Z","logger":"broker_ingress","caller":"ingress/ingress_handler.go:120","msg":"Error retrieving TTL, defaulting.","commit":"7655d9c","error":"\"knativebrokerttl\" not found"}
{"level":"info","ts":"2019-12-03T21:04:53.405Z","logger":"broker_ingress","caller":"ingress/ingress_handler.go:120","msg":"Error retrieving TTL, defaulting.","commit":"7655d9c","error":"\"knativebrokerttl\" not found"}
{"level":"info","ts":"2019-12-03T21:04:53.405Z","logger":"broker_ingress","caller":"ingress/ingress_handler.go:120","msg":"Error retrieving TTL, defaulting.","commit":"7655d9c","error":"\"knativebrokerttl\" not found"}
{"level":"info","ts":"2019-12-03T21:04:53.405Z","logger":"broker_ingress","caller":"ingress/ingress_handler.go:120","msg":"Error retrieving TTL, defaulting.","commit":"7655d9c","error":"\"knativebrokerttl\" not found"}
{"level":"info","ts":"2019-12-03T21:04:53.405Z","logger":"broker_ingress","caller":"ingress/ingress_handler.go:120","msg":"Error retrieving TTL, defaulting.","commit":"7655d9c","error":"\"knativebrokerttl\" not found"}
{"level":"info","ts":"2019-12-03T21:04:53.405Z","logger":"broker_ingress","caller":"ingress/ingress_handler.go:120","msg":"Error retrieving TTL, defaulting.","commit":"7655d9c","error":"\"knativebrokerttl\" not found"}
{"level":"info","ts":"2019-12-03T21:04:53.405Z","logger":"broker_ingress","caller":"ingress/ingress_handler.go:120","msg":"Error retrieving TTL, defaulting.","commit":"7655d9c","error":"\"knativebrokerttl\" not found"}
{"level":"info","ts":"2019-12-03T21:04:53.405Z","logger":"broker_ingress","caller":"ingress/ingress_handler.go:120","msg":"Error retrieving TTL, defaulting.","commit":"7655d9c","error":"\"knativebrokerttl\" not found"}
{"level":"info","ts":"2019-12-03T21:04:53.406Z","logger":"broker_ingress","caller":"ingress/ingress_handler.go:120","msg":"Error retrieving TTL, defaulting.","commit":"7655d9c","error":"\"knativebrokerttl\" not found"}
{"level":"info","ts":"2019-12-03T21:04:53.412Z","logger":"broker_ingress","caller":"ingress/ingress_handler.go:120","msg":"Error retrieving TTL, defaulting.","commit":"7655d9c","error":"\"knativebrokerttl\" not found"}
{"level":"info","ts":"2019-12-03T21:04:53.412Z","logger":"broker_ingress","caller":"ingress/ingress_handler.go:120","msg":"Error retrieving TTL, defaulting.","commit":"7655d9c","error":"\"knativebrokerttl\" not found"}
{"level":"info","ts":"2019-12-03T21:04:53.412Z","logger":"broker_ingress","caller":"ingress/ingress_handler.go:120","msg":"Error retrieving TTL, defaulting.","commit":"7655d9c","error":"\"knativebrokerttl\" not found"}
{"level":"info","ts":"2019-12-03T21:04:53.412Z","logger":"broker_ingress","caller":"ingress/ingress_handler.go:120","msg":"Error retrieving TTL, defaulting.","commit":"7655d9c","error":"\"knativebrokerttl\" not found"}
{"level":"info","ts":"2019-12-03T21:04:53.412Z","logger":"broker_ingress","caller":"ingress/ingress_handler.go:120","msg":"Error retrieving TTL, defaulting.","commit":"7655d9c","error":"\"knativebrokerttl\" not found"}
{"level":"info","ts":"2019-12-03T21:04:53.412Z","logger":"broker_ingress","caller":"ingress/ingress_handler.go:120","msg":"Error retrieving TTL, defaulting.","commit":"7655d9c","error":"\"knativebrokerttl\" not found"}
{"level":"info","ts":"2019-12-03T21:04:53.413Z","logger":"broker_ingress","caller":"ingress/ingress_handler.go:120","msg":"Error retrieving TTL, defaulting.","commit":"7655d9c","error":"\"knativebrokerttl\" not found"}
{"level":"info","ts":"2019-12-03T21:04:53.418Z","logger":"broker_ingress","caller":"ingress/ingress_handler.go:120","msg":"Error retrieving TTL, defaulting.","commit":"7655d9c","error":"\"knativebrokerttl\" not found"}
{"level":"info","ts":"2019-12-03T21:04:53.418Z","logger":"broker_ingress","caller":"ingress/ingress_handler.go:120","msg":"Error retrieving TTL, defaulting.","commit":"7655d9c","error":"\"knativebrokerttl\" not found"}
{"level":"info","ts":"2019-12-03T21:04:53.353Z","logger":"broker_ingress","caller":"ingress/ingress_handler.go:120","msg":"Error retrieving TTL, defaulting.","commit":"7655d9c","error":"\"knativebrokerttl\" not found"}
{"level":"info","ts":"2019-12-03T21:04:53.418Z","logger":"broker_ingress","caller":"ingress/ingress_handler.go:120","msg":"Error retrieving TTL, defaulting.","commit":"7655d9c","error":"\"knativebrokerttl\" not found"}
{"level":"info","ts":"2019-12-03T21:04:53.420Z","logger":"broker_ingress","caller":"ingress/ingress_handler.go:120","msg":"Error retrieving TTL, defaulting.","commit":"7655d9c","error":"\"knativebrokerttl\" not found"}
{"level":"info","ts":"2019-12-03T21:04:52.799Z","logger":"broker_ingress","caller":"ingress/ingress_handler.go:120","msg":"Error retrieving TTL, defaulting.","commit":"7655d9c","error":"\"knativebrokerttl\" not found"}
{"level":"info","ts":"2019-12-03T21:04:52.340Z","logger":"broker_ingress","caller":"ingress/ingress_handler.go:120","msg":"Error retrieving TTL, defaulting.","commit":"7655d9c","error":"\"knativebrokerttl\" not found"}
{"level":"info","ts":"2019-12-03T21:04:53.420Z","logger":"broker_ingress","caller":"ingress/ingress_handler.go:120","msg":"Error retrieving TTL, defaulting.","commit":"7655d9c","error":"\"knativebrokerttl\" not found"}
{"level":"info","ts":"2019-12-03T21:04:53.420Z","logger":"broker_ingress","caller":"ingress/ingress_handler.go:120","msg":"Error retrieving TTL, defaulting.","commit":"7655d9c","error":"\"knativebrokerttl\" not found"}
{"level":"info","ts":"2019-12-03T21:04:53.418Z","logger":"broker_ingress","caller":"ingress/ingress_handler.go:120","msg":"Error retrieving TTL, defaulting.","commit":"7655d9c","error":"\"knativebrokerttl\" not found"}
{"level":"info","ts":"2019-12-03T21:04:53.421Z","logger":"broker_ingress","caller":"ingress/ingress_handler.go:120","msg":"Error retrieving TTL, defaulting.","commit":"7655d9c","error":"\"knativebrokerttl\" not found"}
{"level":"info","ts":"2019-12-03T21:04:53.421Z","logger":"broker_ingress","caller":"ingress/ingress_handler.go:120","msg":"Error retrieving TTL, defaulting.","commit":"7655d9c","error":"\"knativebrokerttl\" not found"}
{"level":"info","ts":"2019-12-03T21:04:53.421Z","logger":"broker_ingress","caller":"ingress/ingress_handler.go:120","msg":"Error retrieving TTL, defaulting.","commit":"7655d9c","error":"\"knativebrokerttl\" not found"}
{"level":"info","ts":"2019-12-03T21:04:53.421Z","logger":"broker_ingress","caller":"ingress/ingress_handler.go:120","msg":"Error retrieving TTL, defaulting.","commit":"7655d9c","error":"\"knativebrokerttl\" not found"}
{"level":"info","ts":"2019-12-03T21:04:53.421Z","logger":"broker_ingress","caller":"ingress/ingress_handler.go:120","msg":"Error retrieving TTL, defaulting.","commit":"7655d9c","error":"\"knativebrokerttl\" not found"}
{"level":"info","ts":"2019-12-03T21:04:53.498Z","logger":"broker_ingress","caller":"ingress/ingress_handler.go:120","msg":"Error retrieving TTL, defaulting.","commit":"7655d9c","error":"\"knativebrokerttl\" not found"}
{"level":"info","ts":"2019-12-03T21:04:53.498Z","logger":"broker_ingress","caller":"ingress/ingress_handler.go:120","msg":"Error retrieving TTL, defaulting.","commit":"7655d9c","error":"\"knativebrokerttl\" not found"}
{"level":"info","ts":"2019-12-03T21:04:53.498Z","logger":"broker_ingress","caller":"ingress/ingress_handler.go:120","msg":"Error retrieving TTL, defaulting.","commit":"7655d9c","error":"\"knativebrokerttl\" not found"}
{"level":"info","ts":"2019-12-03T21:04:53.498Z","logger":"broker_ingress","caller":"ingress/ingress_handler.go:120","msg":"Error retrieving TTL, defaulting.","commit":"7655d9c","error":"\"knativebrokerttl\" not found"}
{"level":"info","ts":"2019-12-03T21:04:53.498Z","logger":"broker_ingress","caller":"ingress/ingress_handler.go:120","msg":"Error retrieving TTL, defaulting.","commit":"7655d9c","error":"\"knativebrokerttl\" not found"}
{"level":"info","ts":"2019-12-03T21:04:52.858Z","logger":"broker_ingress","caller":"ingress/ingress_handler.go:120","msg":"Error retrieving TTL, defaulting.","commit":"7655d9c","error":"\"knativebrokerttl\" not found"}
{"level":"info","ts":"2019-12-03T21:04:52.882Z","logger":"broker_ingress","caller":"ingress/ingress_handler.go:120","msg":"Error retrieving TTL, defaulting.","commit":"7655d9c","error":"\"knativebrokerttl\" not found"}
{"level":"info","ts":"2019-12-03T21:04:53.498Z","logger":"broker_ingress","caller":"ingress/ingress_handler.go:120","msg":"Error retrieving TTL, defaulting.","commit":"7655d9c","error":"\"knativebrokerttl\" not found"}
{"level":"info","ts":"2019-12-03T21:04:53.505Z","logger":"broker_ingress","caller":"ingress/ingress_handler.go:120","msg":"Error retrieving TTL, defaulting.","commit":"7655d9c","error":"\"knativebrokerttl\" not found"}
{"level":"info","ts":"2019-12-03T21:04:53.519Z","logger":"broker_ingress","caller":"ingress/ingress_handler.go:120","msg":"Error retrieving TTL, defaulting.","commit":"7655d9c","error":"\"knativebrokerttl\" not found"}
{"level":"info","ts":"2019-12-03T21:04:53.519Z","logger":"broker_ingress","caller":"ingress/ingress_handler.go:120","msg":"Error retrieving TTL, defaulting.","commit":"7655d9c","error":"\"knativebrokerttl\" not found"}
{"level":"info","ts":"2019-12-03T21:04:53.520Z","logger":"broker_ingress","caller":"ingress/ingress_handler.go:120","msg":"Error retrieving TTL, defaulting.","commit":"7655d9c","error":"\"knativebrokerttl\" not found"}
{"level":"info","ts":"2019-12-03T21:05:15.467Z","logger":"broker_ingress","caller":"ingress/ingress_handler.go:120","msg":"Error retrieving TTL, defaulting.","commit":"7655d9c","error":"\"knativebrokerttl\" not found"}
{"level":"info","ts":"2019-12-03T21:05:15.484Z","logger":"broker_ingress","caller":"ingress/ingress_handler.go:120","msg":"Error retrieving TTL, defaulting.","commit":"7655d9c","error":"\"knativebrokerttl\" not found"}
{"level":"info","ts":"2019-12-03T21:05:15.484Z","logger":"broker_ingress","caller":"ingress/ingress_handler.go:120","msg":"Error retrieving TTL, defaulting.","commit":"7655d9c","error":"\"knativebrokerttl\" not found"}
{"level":"info","ts":"2019-12-03T21:05:15.484Z","logger":"broker_ingress","caller":"ingress/ingress_handler.go:120","msg":"Error retrieving TTL, defaulting.","commit":"7655d9c","error":"\"knativebrokerttl\" not found"}
{"level":"info","ts":"2019-12-03T21:05:15.592Z","logger":"broker_ingress","caller":"ingress/ingress_handler.go:120","msg":"Error retrieving TTL, defaulting.","commit":"7655d9c","error":"\"knativebrokerttl\" not found"}
{"level":"info","ts":"2019-12-03T21:05:15.592Z","logger":"broker_ingress","caller":"ingress/ingress_handler.go:120","msg":"Error retrieving TTL, defaulting.","commit":"7655d9c","error":"\"knativebrokerttl\" not found"}
{"level":"info","ts":"2019-12-03T21:05:15.593Z","logger":"broker_ingress","caller":"ingress/ingress_handler.go:120","msg":"Error retrieving TTL, defaulting.","commit":"7655d9c","error":"\"knativebrokerttl\" not found"}
{"level":"info","ts":"2019-12-03T21:05:15.534Z","logger":"broker_ingress","caller":"ingress/ingress_handler.go:120","msg":"Error retrieving TTL, defaulting.","commit":"7655d9c","error":"\"knativebrokerttl\" not found"}
{"level":"info","ts":"2019-12-03T21:05:15.716Z","logger":"broker_ingress","caller":"ingress/ingress_handler.go:120","msg":"Error retrieving TTL, defaulting.","commit":"7655d9c","error":"\"knativebrokerttl\" not found"}
{"level":"info","ts":"2019-12-03T21:05:15.716Z","logger":"broker_ingress","caller":"ingress/ingress_handler.go:120","msg":"Error retrieving TTL, defaulting.","commit":"7655d9c","error":"\"knativebrokerttl\" not found"}
{"level":"info","ts":"2019-12-03T21:05:15.717Z","logger":"broker_ingress","caller":"ingress/ingress_handler.go:120","msg":"Error retrieving TTL, defaulting.","commit":"7655d9c","error":"\"knativebrokerttl\" not found"}
{"level":"info","ts":"2019-12-03T21:05:15.735Z","logger":"broker_ingress","caller":"ingress/ingress_handler.go:120","msg":"Error retrieving TTL, defaulting.","commit":"7655d9c","error":"\"knativebrokerttl\" not found"}
{"level":"info","ts":"2019-12-03T21:05:15.735Z","logger":"broker_ingress","caller":"ingress/ingress_handler.go:120","msg":"Error retrieving TTL, defaulting.","commit":"7655d9c","error":"\"knativebrokerttl\" not found"}
{"level":"info","ts":"2019-12-03T21:05:15.748Z","logger":"broker_ingress","caller":"ingress/ingress_handler.go:120","msg":"Error retrieving TTL, defaulting.","commit":"7655d9c","error":"\"knativebrokerttl\" not found"}
{"level":"info","ts":"2019-12-03T21:05:15.748Z","logger":"broker_ingress","caller":"ingress/ingress_handler.go:120","msg":"Error retrieving TTL, defaulting.","commit":"7655d9c","error":"\"knativebrokerttl\" not found"}
{"level":"info","ts":"2019-12-03T21:05:15.748Z","logger":"broker_ingress","caller":"ingress/ingress_handler.go:120","msg":"Error retrieving TTL, defaulting.","commit":"7655d9c","error":"\"knativebrokerttl\" not found"}
{"level":"info","ts":"2019-12-03T21:05:15.749Z","logger":"broker_ingress","caller":"ingress/ingress_handler.go:120","msg":"Error retrieving TTL, defaulting.","commit":"7655d9c","error":"\"knativebrokerttl\" not found"}
{"level":"info","ts":"2019-12-03T21:05:15.749Z","logger":"broker_ingress","caller":"ingress/ingress_handler.go:120","msg":"Error retrieving TTL, defaulting.","commit":"7655d9c","error":"\"knativebrokerttl\" not found"}
{"level":"info","ts":"2019-12-03T21:05:15.752Z","logger":"broker_ingress","caller":"ingress/ingress_handler.go:120","msg":"Error retrieving TTL, defaulting.","commit":"7655d9c","error":"\"knativebrokerttl\" not found"}
{"level":"info","ts":"2019-12-03T21:05:15.752Z","logger":"broker_ingress","caller":"ingress/ingress_handler.go:120","msg":"Error retrieving TTL, defaulting.","commit":"7655d9c","error":"\"knativebrokerttl\" not found"}
{"level":"info","ts":"2019-12-03T21:05:15.752Z","logger":"broker_ingress","caller":"ingress/ingress_handler.go:120","msg":"Error retrieving TTL, defaulting.","commit":"7655d9c","error":"\"knativebrokerttl\" not found"}
{"level":"info","ts":"2019-12-03T21:05:15.752Z","logger":"broker_ingress","caller":"ingress/ingress_handler.go:120","msg":"Error retrieving TTL, defaulting.","commit":"7655d9c","error":"\"knativebrokerttl\" not found"}
{"level":"info","ts":"2019-12-03T21:05:15.752Z","logger":"broker_ingress","caller":"ingress/ingress_handler.go:120","msg":"Error retrieving TTL, defaulting.","commit":"7655d9c","error":"\"knativebrokerttl\" not found"}
{"level":"info","ts":"2019-12-03T21:05:15.752Z","logger":"broker_ingress","caller":"ingress/ingress_handler.go:120","msg":"Error retrieving TTL, defaulting.","commit":"7655d9c","error":"\"knativebrokerttl\" not found"}
{"level":"info","ts":"2019-12-03T21:05:15.843Z","logger":"broker_ingress","caller":"ingress/ingress_handler.go:120","msg":"Error retrieving TTL, defaulting.","commit":"7655d9c","error":"\"knativebrokerttl\" not found"}
{"level":"info","ts":"2019-12-03T21:05:15.843Z","logger":"broker_ingress","caller":"ingress/ingress_handler.go:120","msg":"Error retrieving TTL, defaulting.","commit":"7655d9c","error":"\"knativebrokerttl\" not found"}
{"level":"info","ts":"2019-12-03T21:05:15.848Z","logger":"broker_ingress","caller":"ingress/ingress_handler.go:120","msg":"Error retrieving TTL, defaulting.","commit":"7655d9c","error":"\"knativebrokerttl\" not found"}
{"level":"info","ts":"2019-12-03T21:05:15.848Z","logger":"broker_ingress","caller":"ingress/ingress_handler.go:120","msg":"Error retrieving TTL, defaulting.","commit":"7655d9c","error":"\"knativebrokerttl\" not found"}
{"level":"info","ts":"2019-12-03T21:05:15.848Z","logger":"broker_ingress","caller":"ingress/ingress_handler.go:120","msg":"Error retrieving TTL, defaulting.","commit":"7655d9c","error":"\"knativebrokerttl\" not found"}
{"level":"info","ts":"2019-12-03T21:05:15.848Z","logger":"broker_ingress","caller":"ingress/ingress_handler.go:120","msg":"Error retrieving TTL, defaulting.","commit":"7655d9c","error":"\"knativebrokerttl\" not found"}
{"level":"info","ts":"2019-12-03T21:05:15.848Z","logger":"broker_ingress","caller":"ingress/ingress_handler.go:120","msg":"Error retrieving TTL, defaulting.","commit":"7655d9c","error":"\"knativebrokerttl\" not found"}
{"level":"info","ts":"2019-12-03T21:05:15.849Z","logger":"broker_ingress","caller":"ingress/ingress_handler.go:120","msg":"Error retrieving TTL, defaulting.","commit":"7655d9c","error":"\"knativebrokerttl\" not found"}
{"level":"info","ts":"2019-12-03T21:05:15.849Z","logger":"broker_ingress","caller":"ingress/ingress_handler.go:120","msg":"Error retrieving TTL, defaulting.","commit":"7655d9c","error":"\"knativebrokerttl\" not found"}
{"level":"info","ts":"2019-12-03T21:05:15.849Z","logger":"broker_ingress","caller":"ingress/ingress_handler.go:120","msg":"Error retrieving TTL, defaulting.","commit":"7655d9c","error":"\"knativebrokerttl\" not found"}
{"level":"info","ts":"2019-12-03T21:05:15.850Z","logger":"broker_ingress","caller":"ingress/ingress_handler.go:120","msg":"Error retrieving TTL, defaulting.","commit":"7655d9c","error":"\"knativebrokerttl\" not found"}
{"level":"info","ts":"2019-12-03T21:05:15.874Z","logger":"broker_ingress","caller":"ingress/ingress_handler.go:120","msg":"Error retrieving TTL, defaulting.","commit":"7655d9c","error":"\"knativebrokerttl\" not found"}
{"level":"info","ts":"2019-12-03T21:05:15.886Z","logger":"broker_ingress","caller":"ingress/ingress_handler.go:120","msg":"Error retrieving TTL, defaulting.","commit":"7655d9c","error":"\"knativebrokerttl\" not found"}
{"level":"info","ts":"2019-12-03T21:05:15.887Z","logger":"broker_ingress","caller":"ingress/ingress_handler.go:120","msg":"Error retrieving TTL, defaulting.","commit":"7655d9c","error":"\"knativebrokerttl\" not found"}
{"level":"info","ts":"2019-12-03T21:05:15.888Z","logger":"broker_ingress","caller":"ingress/ingress_handler.go:120","msg":"Error retrieving TTL, defaulting.","commit":"7655d9c","error":"\"knativebrokerttl\" not found"}
{"level":"info","ts":"2019-12-03T21:05:15.889Z","logger":"broker_ingress","caller":"ingress/ingress_handler.go:120","msg":"Error retrieving TTL, defaulting.","commit":"7655d9c","error":"\"knativebrokerttl\" not found"}
{"level":"info","ts":"2019-12-03T21:05:15.894Z","logger":"broker_ingress","caller":"ingress/ingress_handler.go:120","msg":"Error retrieving TTL, defaulting.","commit":"7655d9c","error":"\"knativebrokerttl\" not found"}
{"level":"info","ts":"2019-12-03T21:05:15.904Z","logger":"broker_ingress","caller":"ingress/ingress_handler.go:120","msg":"Error retrieving TTL, defaulting.","commit":"7655d9c","error":"\"knativebrokerttl\" not found"}
{"level":"info","ts":"2019-12-03T21:05:15.910Z","logger":"broker_ingress","caller":"ingress/ingress_handler.go:120","msg":"Error retrieving TTL, defaulting.","commit":"7655d9c","error":"\"knativebrokerttl\" not found"}
{"level":"info","ts":"2019-12-03T21:05:15.935Z","logger":"broker_ingress","caller":"ingress/ingress_handler.go:120","msg":"Error retrieving TTL, defaulting.","commit":"7655d9c","error":"\"knativebrokerttl\" not found"}
{"level":"info","ts":"2019-12-03T21:05:15.935Z","logger":"broker_ingress","caller":"ingress/ingress_handler.go:120","msg":"Error retrieving TTL, defaulting.","commit":"7655d9c","error":"\"knativebrokerttl\" not found"}
{"level":"info","ts":"2019-12-03T21:05:15.935Z","logger":"broker_ingress","caller":"ingress/ingress_handler.go:120","msg":"Error retrieving TTL, defaulting.","commit":"7655d9c","error":"\"knativebrokerttl\" not found"}
{"level":"info","ts":"2019-12-03T21:05:15.935Z","logger":"broker_ingress","caller":"ingress/ingress_handler.go:120","msg":"Error retrieving TTL, defaulting.","commit":"7655d9c","error":"\"knativebrokerttl\" not found"}
{"level":"info","ts":"2019-12-03T21:05:15.935Z","logger":"broker_ingress","caller":"ingress/ingress_handler.go:120","msg":"Error retrieving TTL, defaulting.","commit":"7655d9c","error":"\"knativebrokerttl\" not found"}
{"level":"info","ts":"2019-12-03T21:05:15.935Z","logger":"broker_ingress","caller":"ingress/ingress_handler.go:120","msg":"Error retrieving TTL, defaulting.","commit":"7655d9c","error":"\"knativebrokerttl\" not found"}
{"level":"info","ts":"2019-12-03T21:05:15.936Z","logger":"broker_ingress","caller":"ingress/ingress_handler.go:120","msg":"Error retrieving TTL, defaulting.","commit":"7655d9c","error":"\"knativebrokerttl\" not found"}
{"level":"info","ts":"2019-12-03T21:05:15.952Z","logger":"broker_ingress","caller":"ingress/ingress_handler.go:120","msg":"Error retrieving TTL, defaulting.","commit":"7655d9c","error":"\"knativebrokerttl\" not found"}
{"level":"info","ts":"2019-12-03T21:05:15.952Z","logger":"broker_ingress","caller":"ingress/ingress_handler.go:120","msg":"Error retrieving TTL, defaulting.","commit":"7655d9c","error":"\"knativebrokerttl\" not found"}
{"level":"info","ts":"2019-12-03T21:05:15.952Z","logger":"broker_ingress","caller":"ingress/ingress_handler.go:120","msg":"Error retrieving TTL, defaulting.","commit":"7655d9c","error":"\"knativebrokerttl\" not found"}
{"level":"info","ts":"2019-12-03T21:05:15.952Z","logger":"broker_ingress","caller":"ingress/ingress_handler.go:120","msg":"Error retrieving TTL, defaulting.","commit":"7655d9c","error":"\"knativebrokerttl\" not found"}
{"level":"info","ts":"2019-12-03T21:05:15.953Z","logger":"broker_ingress","caller":"ingress/ingress_handler.go:120","msg":"Error retrieving TTL, defaulting.","commit":"7655d9c","error":"\"knativebrokerttl\" not found"}
{"level":"info","ts":"2019-12-03T21:05:15.975Z","logger":"broker_ingress","caller":"ingress/ingress_handler.go:120","msg":"Error retrieving TTL, defaulting.","commit":"7655d9c","error":"\"knativebrokerttl\" not found"}
{"level":"info","ts":"2019-12-03T21:05:15.975Z","logger":"broker_ingress","caller":"ingress/ingress_handler.go:120","msg":"Error retrieving TTL, defaulting.","commit":"7655d9c","error":"\"knativebrokerttl\" not found"}
{"level":"info","ts":"2019-12-03T21:05:15.975Z","logger":"broker_ingress","caller":"ingress/ingress_handler.go:120","msg":"Error retrieving TTL, defaulting.","commit":"7655d9c","error":"\"knativebrokerttl\" not found"}
{"level":"info","ts":"2019-12-03T21:05:15.975Z","logger":"broker_ingress","caller":"ingress/ingress_handler.go:120","msg":"Error retrieving TTL, defaulting.","commit":"7655d9c","error":"\"knativebrokerttl\" not found"}
{"level":"info","ts":"2019-12-03T21:05:15.975Z","logger":"broker_ingress","caller":"ingress/ingress_handler.go:120","msg":"Error retrieving TTL, defaulting.","commit":"7655d9c","error":"\"knativebrokerttl\" not found"}
{"level":"info","ts":"2019-12-03T21:05:15.975Z","logger":"broker_ingress","caller":"ingress/ingress_handler.go:120","msg":"Error retrieving TTL, defaulting.","commit":"7655d9c","error":"\"knativebrokerttl\" not found"}
{"level":"info","ts":"2019-12-03T21:05:15.975Z","logger":"broker_ingress","caller":"ingress/ingress_handler.go:120","msg":"Error retrieving TTL, defaulting.","commit":"7655d9c","error":"\"knativebrokerttl\" not found"}
{"level":"info","ts":"2019-12-03T21:05:15.976Z","logger":"broker_ingress","caller":"ingress/ingress_handler.go:120","msg":"Error retrieving TTL, defaulting.","commit":"7655d9c","error":"\"knativebrokerttl\" not found"}
{"level":"info","ts":"2019-12-03T21:05:15.976Z","logger":"broker_ingress","caller":"ingress/ingress_handler.go:120","msg":"Error retrieving TTL, defaulting.","commit":"7655d9c","error":"\"knativebrokerttl\" not found"}
{"level":"info","ts":"2019-12-03T21:05:15.976Z","logger":"broker_ingress","caller":"ingress/ingress_handler.go:120","msg":"Error retrieving TTL, defaulting.","commit":"7655d9c","error":"\"knativebrokerttl\" not found"}
{"level":"info","ts":"2019-12-03T21:05:15.980Z","logger":"broker_ingress","caller":"ingress/ingress_handler.go:120","msg":"Error retrieving TTL, defaulting.","commit":"7655d9c","error":"\"knativebrokerttl\" not found"}
{"level":"info","ts":"2019-12-03T21:05:15.980Z","logger":"broker_ingress","caller":"ingress/ingress_handler.go:120","msg":"Error retrieving TTL, defaulting.","commit":"7655d9c","error":"\"knativebrokerttl\" not found"}
{"level":"info","ts":"2019-12-03T21:05:15.980Z","logger":"broker_ingress","caller":"ingress/ingress_handler.go:120","msg":"Error retrieving TTL, defaulting.","commit":"7655d9c","error":"\"knativebrokerttl\" not found"}
{"level":"info","ts":"2019-12-03T21:05:15.980Z","logger":"broker_ingress","caller":"ingress/ingress_handler.go:120","msg":"Error retrieving TTL, defaulting.","commit":"7655d9c","error":"\"knativebrokerttl\" not found"}
{"level":"info","ts":"2019-12-03T21:05:15.980Z","logger":"broker_ingress","caller":"ingress/ingress_handler.go:120","msg":"Error retrieving TTL, defaulting.","commit":"7655d9c","error":"\"knativebrokerttl\" not found"}
{"level":"info","ts":"2019-12-03T21:05:15.980Z","logger":"broker_ingress","caller":"ingress/ingress_handler.go:120","msg":"Error retrieving TTL, defaulting.","commit":"7655d9c","error":"\"knativebrokerttl\" not found"}
{"level":"info","ts":"2019-12-03T21:05:15.980Z","logger":"broker_ingress","caller":"ingress/ingress_handler.go:120","msg":"Error retrieving TTL, defaulting.","commit":"7655d9c","error":"\"knativebrokerttl\" not found"}
{"level":"info","ts":"2019-12-03T21:05:15.980Z","logger":"broker_ingress","caller":"ingress/ingress_handler.go:120","msg":"Error retrieving TTL, defaulting.","commit":"7655d9c","error":"\"knativebrokerttl\" not found"}
{"level":"info","ts":"2019-12-03T21:05:15.980Z","logger":"broker_ingress","caller":"ingress/ingress_handler.go:120","msg":"Error retrieving TTL, defaulting.","commit":"7655d9c","error":"\"knativebrokerttl\" not found"}
{"level":"info","ts":"2019-12-03T21:05:15.980Z","logger":"broker_ingress","caller":"ingress/ingress_handler.go:120","msg":"Error retrieving TTL, defaulting.","commit":"7655d9c","error":"\"knativebrokerttl\" not found"}
{"level":"info","ts":"2019-12-03T21:05:15.980Z","logger":"broker_ingress","caller":"ingress/ingress_handler.go:120","msg":"Error retrieving TTL, defaulting.","commit":"7655d9c","error":"\"knativebrokerttl\" not found"}
{"level":"info","ts":"2019-12-03T21:05:15.981Z","logger":"broker_ingress","caller":"ingress/ingress_handler.go:120","msg":"Error retrieving TTL, defaulting.","commit":"7655d9c","error":"\"knativebrokerttl\" not found"}
{"level":"info","ts":"2019-12-03T21:05:15.981Z","logger":"broker_ingress","caller":"ingress/ingress_handler.go:120","msg":"Error retrieving TTL, defaulting.","commit":"7655d9c","error":"\"knativebrokerttl\" not found"}
{"level":"info","ts":"2019-12-03T21:05:15.981Z","logger":"broker_ingress","caller":"ingress/ingress_handler.go:120","msg":"Error retrieving TTL, defaulting.","commit":"7655d9c","error":"\"knativebrokerttl\" not found"}
{"level":"info","ts":"2019-12-03T21:05:15.981Z","logger":"broker_ingress","caller":"ingress/ingress_handler.go:120","msg":"Error retrieving TTL, defaulting.","commit":"7655d9c","error":"\"knativebrokerttl\" not found"}
{"level":"info","ts":"2019-12-03T21:05:15.981Z","logger":"broker_ingress","caller":"ingress/ingress_handler.go:120","msg":"Error retrieving TTL, defaulting.","commit":"7655d9c","error":"\"knativebrokerttl\" not found"}
{"level":"info","ts":"2019-12-03T21:05:15.981Z","logger":"broker_ingress","caller":"ingress/ingress_handler.go:120","msg":"Error retrieving TTL, defaulting.","commit":"7655d9c","error":"\"knativebrokerttl\" not found"}
{"level":"info","ts":"2019-12-03T21:05:15.981Z","logger":"broker_ingress","caller":"ingress/ingress_handler.go:120","msg":"Error retrieving TTL, defaulting.","commit":"7655d9c","error":"\"knativebrokerttl\" not found"}
{"level":"info","ts":"2019-12-03T21:05:15.981Z","logger":"broker_ingress","caller":"ingress/ingress_handler.go:120","msg":"Error retrieving TTL, defaulting.","commit":"7655d9c","error":"\"knativebrokerttl\" not found"}
{"level":"info","ts":"2019-12-03T21:05:15.981Z","logger":"broker_ingress","caller":"ingress/ingress_handler.go:120","msg":"Error retrieving TTL, defaulting.","commit":"7655d9c","error":"\"knativebrokerttl\" not found"}
{"level":"info","ts":"2019-12-03T21:05:15.981Z","logger":"broker_ingress","caller":"ingress/ingress_handler.go:120","msg":"Error retrieving TTL, defaulting.","commit":"7655d9c","error":"\"knativebrokerttl\" not found"}
{"level":"info","ts":"2019-12-03T21:05:15.981Z","logger":"broker_ingress","caller":"ingress/ingress_handler.go:120","msg":"Error retrieving TTL, defaulting.","commit":"7655d9c","error":"\"knativebrokerttl\" not found"}
{"level":"info","ts":"2019-12-03T21:05:15.982Z","logger":"broker_ingress","caller":"ingress/ingress_handler.go:120","msg":"Error retrieving TTL, defaulting.","commit":"7655d9c","error":"\"knativebrokerttl\" not found"}
{"level":"info","ts":"2019-12-03T21:05:15.982Z","logger":"broker_ingress","caller":"ingress/ingress_handler.go:120","msg":"Error retrieving TTL, defaulting.","commit":"7655d9c","error":"\"knativebrokerttl\" not found"}
{"level":"info","ts":"2019-12-03T21:05:15.982Z","logger":"broker_ingress","caller":"ingress/ingress_handler.go:120","msg":"Error retrieving TTL, defaulting.","commit":"7655d9c","error":"\"knativebrokerttl\" not found"}
{"level":"info","ts":"2019-12-03T21:05:15.982Z","logger":"broker_ingress","caller":"ingress/ingress_handler.go:120","msg":"Error retrieving TTL, defaulting.","commit":"7655d9c","error":"\"knativebrokerttl\" not found"}
{"level":"info","ts":"2019-12-03T21:05:15.982Z","logger":"broker_ingress","caller":"ingress/ingress_handler.go:120","msg":"Error retrieving TTL, defaulting.","commit":"7655d9c","error":"\"knativebrokerttl\" not found"}
{"level":"info","ts":"2019-12-03T21:05:15.982Z","logger":"broker_ingress","caller":"ingress/ingress_handler.go:120","msg":"Error retrieving TTL, defaulting.","commit":"7655d9c","error":"\"knativebrokerttl\" not found"}
{"level":"info","ts":"2019-12-03T21:05:15.982Z","logger":"broker_ingress","caller":"ingress/ingress_handler.go:120","msg":"Error retrieving TTL, defaulting.","commit":"7655d9c","error":"\"knativebrokerttl\" not found"}
{"level":"info","ts":"2019-12-03T21:05:15.982Z","logger":"broker_ingress","caller":"ingress/ingress_handler.go:120","msg":"Error retrieving TTL, defaulting.","commit":"7655d9c","error":"\"knativebrokerttl\" not found"}
{"level":"info","ts":"2019-12-03T21:05:15.985Z","logger":"broker_ingress","caller":"ingress/ingress_handler.go:120","msg":"Error retrieving TTL, defaulting.","commit":"7655d9c","error":"\"knativebrokerttl\" not found"}
{"level":"info","ts":"2019-12-03T21:05:15.987Z","logger":"broker_ingress","caller":"ingress/ingress_handler.go:120","msg":"Error retrieving TTL, defaulting.","commit":"7655d9c","error":"\"knativebrokerttl\" not found"}
{"level":"info","ts":"2019-12-03T21:05:16.003Z","logger":"broker_ingress","caller":"ingress/ingress_handler.go:120","msg":"Error retrieving TTL, defaulting.","commit":"7655d9c","error":"\"knativebrokerttl\" not found"}
{"level":"info","ts":"2019-12-03T21:05:16.004Z","logger":"broker_ingress","caller":"ingress/ingress_handler.go:120","msg":"Error retrieving TTL, defaulting.","commit":"7655d9c","error":"\"knativebrokerttl\" not found"}
{"level":"info","ts":"2019-12-03T21:05:16.016Z","logger":"broker_ingress","caller":"ingress/ingress_handler.go:120","msg":"Error retrieving TTL, defaulting.","commit":"7655d9c","error":"\"knativebrokerttl\" not found"}
{"level":"warn","ts":1575407118.4985235,"logger":"fallback","caller":"http/transport.go:502","msg":"got an error from receiver fn","error":"Post http://imc-kne-trigger-kn-channel.default.svc.cluster.local/: dial tcp 10.15.240.164:80: i/o timeout"}
{"level":"warn","ts":1575407118.498579,"logger":"fallback","caller":"http/transport.go:594","msg":"error returned from invokeReceiver","error":"Post http://imc-kne-trigger-kn-channel.default.svc.cluster.local/: dial tcp 10.15.240.164:80: i/o timeout"}
{"level":"warn","ts":1575407118.4988062,"logger":"fallback","caller":"http/transport.go:502","msg":"got an error from receiver fn","error":"Post http://imc-kne-trigger-kn-channel.default.svc.cluster.local/: dial tcp 10.15.240.164:80: i/o timeout"}
{"level":"warn","ts":1575407118.498838,"logger":"fallback","caller":"http/transport.go:594","msg":"error returned from invokeReceiver","error":"Post http://imc-kne-trigger-kn-channel.default.svc.cluster.local/: dial tcp 10.15.240.164:80: i/o timeout"}
{"level":"warn","ts":1575407118.499124,"logger":"fallback","caller":"http/transport.go:502","msg":"got an error from receiver fn","error":"Post http://imc-kne-trigger-kn-channel.default.svc.cluster.local/: dial tcp 10.15.240.164:80: i/o timeout"}
{"level":"warn","ts":1575407118.499183,"logger":"fallback","caller":"http/transport.go:594","msg":"error returned from invokeReceiver","error":"Post http://imc-kne-trigger-kn-channel.default.svc.cluster.local/: dial tcp 10.15.240.164:80: i/o timeout"}
{"level":"warn","ts":1575407118.5266173,"logger":"fallback","caller":"http/transport.go:502","msg":"got an error from receiver fn","error":"Post http://imc-kne-trigger-kn-channel.default.svc.cluster.local/: dial tcp 10.15.240.164:80: i/o timeout"}
{"level":"warn","ts":1575407118.5266821,"logger":"fallback","caller":"http/transport.go:594","msg":"error returned from invokeReceiver","error":"Post http://imc-kne-trigger-kn-channel.default.svc.cluster.local/: dial tcp 10.15.240.164:80: i/o timeout"}
{"level":"warn","ts":1575407118.5273356,"logger":"fallback","caller":"http/transport.go:502","msg":"got an error from receiver fn","error":"Post http://imc-kne-trigger-kn-channel.default.svc.cluster.local/: dial tcp 10.15.240.164:80: i/o timeout"}
{"level":"warn","ts":1575407118.5273755,"logger":"fallback","caller":"http/transport.go:594","msg":"error returned from invokeReceiver","error":"Post http://imc-kne-trigger-kn-channel.default.svc.cluster.local/: dial tcp 10.15.240.164:80: i/o timeout"}
{"level":"warn","ts":1575407118.5276072,"logger":"fallback","caller":"http/transport.go:502","msg":"got an error from receiver fn","error":"Post http://imc-kne-trigger-kn-channel.default.svc.cluster.local/: dial tcp 10.15.240.164:80: i/o timeout"}
{"level":"warn","ts":1575407118.527646,"logger":"fallback","caller":"http/transport.go:594","msg":"error returned from invokeReceiver","error":"Post http://imc-kne-trigger-kn-channel.default.svc.cluster.local/: dial tcp 10.15.240.164:80: i/o timeout"}
{"level":"warn","ts":1575407118.527939,"logger":"fallback","caller":"http/transport.go:502","msg":"got an error from receiver fn","error":"Post http://imc-kne-trigger-kn-channel.default.svc.cluster.local/: dial tcp 10.15.240.164:80: i/o timeout"}
{"level":"warn","ts":1575407118.5279703,"logger":"fallback","caller":"http/transport.go:594","msg":"error returned from invokeReceiver","error":"Post http://imc-kne-trigger-kn-channel.default.svc.cluster.local/: dial tcp 10.15.240.164:80: i/o timeout"}
{"level":"warn","ts":1575407118.5282176,"logger":"fallback","caller":"http/transport.go:502","msg":"got an error from receiver fn","error":"Post http://imc-kne-trigger-kn-channel.default.svc.cluster.local/: dial tcp 10.15.240.164:80: i/o timeout"}
{"level":"warn","ts":1575407118.5282483,"logger":"fallback","caller":"http/transport.go:594","msg":"error returned from invokeReceiver","error":"Post http://imc-kne-trigger-kn-channel.default.svc.cluster.local/: dial tcp 10.15.240.164:80: i/o timeout"}
{"level":"warn","ts":1575407118.5284605,"logger":"fallback","caller":"http/transport.go:502","msg":"got an error from receiver fn","error":"Post http://imc-kne-trigger-kn-channel.default.svc.cluster.local/: dial tcp 10.15.240.164:80: i/o timeout"}
{"level":"warn","ts":1575407118.5284927,"logger":"fallback","caller":"http/transport.go:594","msg":"error returned from invokeReceiver","error":"Post http://imc-kne-trigger-kn-channel.default.svc.cluster.local/: dial tcp 10.15.240.164:80: i/o timeout"}
{"level":"warn","ts":1575407118.5924325,"logger":"fallback","caller":"http/transport.go:502","msg":"got an error from receiver fn","error":"Post http://imc-kne-trigger-kn-channel.default.svc.cluster.local/: dial tcp 10.15.240.164:80: i/o timeout"}
{"level":"warn","ts":1575407118.592492,"logger":"fallback","caller":"http/transport.go:594","msg":"error returned from invokeReceiver","error":"Post http://imc-kne-trigger-kn-channel.default.svc.cluster.local/: dial tcp 10.15.240.164:80: i/o timeout"}
{"level":"warn","ts":1575407118.5929265,"logger":"fallback","caller":"http/transport.go:502","msg":"got an error from receiver fn","error":"Post http://imc-kne-trigger-kn-channel.default.svc.cluster.local/: dial tcp 10.15.240.164:80: i/o timeout"}
{"level":"warn","ts":1575407118.5929618,"logger":"fallback","caller":"http/transport.go:594","msg":"error returned from invokeReceiver","error":"Post http://imc-kne-trigger-kn-channel.default.svc.cluster.local/: dial tcp 10.15.240.164:80: i/o timeout"}
{"level":"warn","ts":1575407118.5932398,"logger":"fallback","caller":"http/transport.go:502","msg":"got an error from receiver fn","error":"Post http://imc-kne-trigger-kn-channel.default.svc.cluster.local/: dial tcp 10.15.240.164:80: i/o timeout"}
{"level":"warn","ts":1575407118.5932705,"logger":"fallback","caller":"http/transport.go:594","msg":"error returned from invokeReceiver","error":"Post http://imc-kne-trigger-kn-channel.default.svc.cluster.local/: dial tcp 10.15.240.164:80: i/o timeout"}
{"level":"warn","ts":1575407118.595214,"logger":"fallback","caller":"http/transport.go:502","msg":"got an error from receiver fn","error":"Post http://imc-kne-trigger-kn-channel.default.svc.cluster.local/: dial tcp 10.15.240.164:80: i/o timeout"}
{"level":"warn","ts":1575407118.5952678,"logger":"fallback","caller":"http/transport.go:594","msg":"error returned from invokeReceiver","error":"Post http://imc-kne-trigger-kn-channel.default.svc.cluster.local/: dial tcp 10.15.240.164:80: i/o timeout"}
{"level":"warn","ts":1575407118.5954933,"logger":"fallback","caller":"http/transport.go:502","msg":"got an error from receiver fn","error":"Post http://imc-kne-trigger-kn-channel.default.svc.cluster.local/: dial tcp 10.15.240.164:80: i/o timeout"}
{"level":"warn","ts":1575407118.59553,"logger":"fallback","caller":"http/transport.go:594","msg":"error returned from invokeReceiver","error":"Post http://imc-kne-trigger-kn-channel.default.svc.cluster.local/: dial tcp 10.15.240.164:80: i/o timeout"}
{"level":"warn","ts":1575407118.6004524,"logger":"fallback","caller":"http/transport.go:502","msg":"got an error from receiver fn","error":"Post http://imc-kne-trigger-kn-channel.default.svc.cluster.local/: dial tcp 10.15.240.164:80: i/o timeout"}
{"level":"warn","ts":1575407118.6004965,"logger":"fallback","caller":"http/transport.go:594","msg":"error returned from invokeReceiver","error":"Post http://imc-kne-trigger-kn-channel.default.svc.cluster.local/: dial tcp 10.15.240.164:80: i/o timeout"}
{"level":"warn","ts":1575407118.6020753,"logger":"fallback","caller":"http/transport.go:502","msg":"got an error from receiver fn","error":"Post http://imc-kne-trigger-kn-channel.default.svc.cluster.local/: dial tcp 10.15.240.164:80: i/o timeout"}
{"level":"warn","ts":1575407118.6021178,"logger":"fallback","caller":"http/transport.go:594","msg":"error returned from invokeReceiver","error":"Post http://imc-kne-trigger-kn-channel.default.svc.cluster.local/: dial tcp 10.15.240.164:80: i/o timeout"}
{"level":"warn","ts":1575407118.602346,"logger":"fallback","caller":"http/transport.go:502","msg":"got an error from receiver fn","error":"Post http://imc-kne-trigger-kn-channel.default.svc.cluster.local/: dial tcp 10.15.240.164:80: i/o timeout"}
{"level":"warn","ts":1575407118.6024797,"logger":"fallback","caller":"http/transport.go:502","msg":"got an error from receiver fn","error":"Post http://imc-kne-trigger-kn-channel.default.svc.cluster.local/: dial tcp 10.15.240.164:80: i/o timeout"}
{"level":"warn","ts":1575407118.6025085,"logger":"fallback","caller":"http/transport.go:594","msg":"error returned from invokeReceiver","error":"Post http://imc-kne-trigger-kn-channel.default.svc.cluster.local/: dial tcp 10.15.240.164:80: i/o timeout"}
{"level":"warn","ts":1575407118.6024861,"logger":"fallback","caller":"http/transport.go:594","msg":"error returned from invokeReceiver","error":"Post http://imc-kne-trigger-kn-channel.default.svc.cluster.local/: dial tcp 10.15.240.164:80: i/o timeout"}
{"level":"warn","ts":1575407118.602895,"logger":"fallback","caller":"http/transport.go:502","msg":"got an error from receiver fn","error":"Post http://imc-kne-trigger-kn-channel.default.svc.cluster.local/: dial tcp 10.15.240.164:80: i/o timeout"}
{"level":"warn","ts":1575407118.6029382,"logger":"fallback","caller":"http/transport.go:594","msg":"error returned from invokeReceiver","error":"Post http://imc-kne-trigger-kn-channel.default.svc.cluster.local/: dial tcp 10.15.240.164:80: i/o timeout"}
{"level":"warn","ts":1575407118.614452,"logger":"fallback","caller":"http/transport.go:502","msg":"got an error from receiver fn","error":"Post http://imc-kne-trigger-kn-channel.default.svc.cluster.local/: dial tcp 10.15.240.164:80: i/o timeout"}
{"level":"warn","ts":1575407118.6222155,"logger":"fallback","caller":"http/transport.go:594","msg":"error returned from invokeReceiver","error":"Post http://imc-kne-trigger-kn-channel.default.svc.cluster.local/: dial tcp 10.15.240.164:80: i/o timeout"}
{"level":"warn","ts":1575407118.6226516,"logger":"fallback","caller":"http/transport.go:502","msg":"got an error from receiver fn","error":"Post http://imc-kne-trigger-kn-channel.default.svc.cluster.local/: dial tcp 10.15.240.164:80: i/o timeout"}
{"level":"warn","ts":1575407118.6260467,"logger":"fallback","caller":"http/transport.go:594","msg":"error returned from invokeReceiver","error":"Post http://imc-kne-trigger-kn-channel.default.svc.cluster.local/: dial tcp 10.15.240.164:80: i/o timeout"}
{"level":"warn","ts":1575407118.6264448,"logger":"fallback","caller":"http/transport.go:502","msg":"got an error from receiver fn","error":"Post http://imc-kne-trigger-kn-channel.default.svc.cluster.local/: dial tcp 10.15.240.164:80: i/o timeout"}
{"level":"warn","ts":1575407118.63233,"logger":"fallback","caller":"http/transport.go:594","msg":"error returned from invokeReceiver","error":"Post http://imc-kne-trigger-kn-channel.default.svc.cluster.local/: dial tcp 10.15.240.164:80: i/o timeout"}
{"level":"warn","ts":1575407118.6029124,"logger":"fallback","caller":"http/transport.go:502","msg":"got an error from receiver fn","error":"Post http://imc-kne-trigger-kn-channel.default.svc.cluster.local/: dial tcp 10.15.240.164:80: i/o timeout"}
{"level":"warn","ts":1575407118.6324782,"logger":"fallback","caller":"http/transport.go:594","msg":"error returned from invokeReceiver","error":"Post http://imc-kne-trigger-kn-channel.default.svc.cluster.local/: dial tcp 10.15.240.164:80: i/o timeout"}
{"level":"warn","ts":1575407118.632741,"logger":"fallback","caller":"http/transport.go:502","msg":"got an error from receiver fn","error":"Post http://imc-kne-trigger-kn-channel.default.svc.cluster.local/: dial tcp 10.15.240.164:80: i/o timeout"}
{"level":"warn","ts":1575407118.6332755,"logger":"fallback","caller":"http/transport.go:594","msg":"error returned from invokeReceiver","error":"Post http://imc-kne-trigger-kn-channel.default.svc.cluster.local/: dial tcp 10.15.240.164:80: i/o timeout"}
{"level":"warn","ts":1575407118.6336465,"logger":"fallback","caller":"http/transport.go:502","msg":"got an error from receiver fn","error":"Post http://imc-kne-trigger-kn-channel.default.svc.cluster.local/: dial tcp 10.15.240.164:80: i/o timeout"}
{"level":"warn","ts":1575407118.64064,"logger":"fallback","caller":"http/transport.go:594","msg":"error returned from invokeReceiver","error":"Post http://imc-kne-trigger-kn-channel.default.svc.cluster.local/: dial tcp 10.15.240.164:80: i/o timeout"}
{"level":"warn","ts":1575407118.6410408,"logger":"fallback","caller":"http/transport.go:502","msg":"got an error from receiver fn","error":"Post http://imc-kne-trigger-kn-channel.default.svc.cluster.local/: dial tcp 10.15.240.164:80: i/o timeout"}
{"level":"warn","ts":1575407118.641075,"logger":"fallback","caller":"http/transport.go:594","msg":"error returned from invokeReceiver","error":"Post http://imc-kne-trigger-kn-channel.default.svc.cluster.local/: dial tcp 10.15.240.164:80: i/o timeout"}
{"level":"warn","ts":1575407118.6484077,"logger":"fallback","caller":"http/transport.go:502","msg":"got an error from receiver fn","error":"Post http://imc-kne-trigger-kn-channel.default.svc.cluster.local/: dial tcp 10.15.240.164:80: i/o timeout"}
{"level":"warn","ts":1575407118.6484668,"logger":"fallback","caller":"http/transport.go:594","msg":"error returned from invokeReceiver","error":"Post http://imc-kne-trigger-kn-channel.default.svc.cluster.local/: dial tcp 10.15.240.164:80: i/o timeout"}
{"level":"warn","ts":1575407118.6513247,"logger":"fallback","caller":"http/transport.go:502","msg":"got an error from receiver fn","error":"Post http://imc-kne-trigger-kn-channel.default.svc.cluster.local/: dial tcp 10.15.240.164:80: i/o timeout"}
{"level":"warn","ts":1575407118.651453,"logger":"fallback","caller":"http/transport.go:594","msg":"error returned from invokeReceiver","error":"Post http://imc-kne-trigger-kn-channel.default.svc.cluster.local/: dial tcp 10.15.240.164:80: i/o timeout"}
{"level":"warn","ts":1575407118.651822,"logger":"fallback","caller":"http/transport.go:502","msg":"got an error from receiver fn","error":"Post http://imc-kne-trigger-kn-channel.default.svc.cluster.local/: dial tcp 10.15.240.164:80: i/o timeout"}
{"level":"warn","ts":1575407118.6519206,"logger":"fallback","caller":"http/transport.go:594","msg":"error returned from invokeReceiver","error":"Post http://imc-kne-trigger-kn-channel.default.svc.cluster.local/: dial tcp 10.15.240.164:80: i/o timeout"}
{"level":"warn","ts":1575407118.653417,"logger":"fallback","caller":"http/transport.go:502","msg":"got an error from receiver fn","error":"Post http://imc-kne-trigger-kn-channel.default.svc.cluster.local/: dial tcp 10.15.240.164:80: i/o timeout"}
{"level":"warn","ts":1575407118.6535184,"logger":"fallback","caller":"http/transport.go:594","msg":"error returned from invokeReceiver","error":"Post http://imc-kne-trigger-kn-channel.default.svc.cluster.local/: dial tcp 10.15.240.164:80: i/o timeout"}
{"level":"warn","ts":1575407118.6548057,"logger":"fallback","caller":"http/transport.go:502","msg":"got an error from receiver fn","error":"Post http://imc-kne-trigger-kn-channel.default.svc.cluster.local/: dial tcp 10.15.240.164:80: i/o timeout"}
{"level":"warn","ts":1575407118.6603477,"logger":"fallback","caller":"http/transport.go:594","msg":"error returned from invokeReceiver","error":"Post http://imc-kne-trigger-kn-channel.default.svc.cluster.local/: dial tcp 10.15.240.164:80: i/o timeout"}
{"level":"warn","ts":1575407118.6633952,"logger":"fallback","caller":"http/transport.go:502","msg":"got an error from receiver fn","error":"Post http://imc-kne-trigger-kn-channel.default.svc.cluster.local/: dial tcp 10.15.240.164:80: i/o timeout"}
{"level":"warn","ts":1575407118.6635754,"logger":"fallback","caller":"http/transport.go:594","msg":"error returned from invokeReceiver","error":"Post http://imc-kne-trigger-kn-channel.default.svc.cluster.local/: dial tcp 10.15.240.164:80: i/o timeout"}
{"level":"warn","ts":1575407118.663815,"logger":"fallback","caller":"http/transport.go:502","msg":"got an error from receiver fn","error":"Post http://imc-kne-trigger-kn-channel.default.svc.cluster.local/: dial tcp 10.15.240.164:80: i/o timeout"}
{"level":"warn","ts":1575407118.6641896,"logger":"fallback","caller":"http/transport.go:594","msg":"error returned from invokeReceiver","error":"Post http://imc-kne-trigger-kn-channel.default.svc.cluster.local/: dial tcp 10.15.240.164:80: i/o timeout"}
{"level":"warn","ts":1575407118.6645916,"logger":"fallback","caller":"http/transport.go:502","msg":"got an error from receiver fn","error":"Post http://imc-kne-trigger-kn-channel.default.svc.cluster.local/: dial tcp 10.15.240.164:80: i/o timeout"}
{"level":"warn","ts":1575407118.6647398,"logger":"fallback","caller":"http/transport.go:594","msg":"error returned from invokeReceiver","error":"Post http://imc-kne-trigger-kn-channel.default.svc.cluster.local/: dial tcp 10.15.240.164:80: i/o timeout"}
{"level":"warn","ts":1575407118.665094,"logger":"fallback","caller":"http/transport.go:502","msg":"got an error from receiver fn","error":"Post http://imc-kne-trigger-kn-channel.default.svc.cluster.local/: dial tcp 10.15.240.164:80: i/o timeout"}
{"level":"warn","ts":1575407118.665248,"logger":"fallback","caller":"http/transport.go:594","msg":"error returned from invokeReceiver","error":"Post http://imc-kne-trigger-kn-channel.default.svc.cluster.local/: dial tcp 10.15.240.164:80: i/o timeout"}
{"level":"warn","ts":1575407118.665569,"logger":"fallback","caller":"http/transport.go:502","msg":"got an error from receiver fn","error":"Post http://imc-kne-trigger-kn-channel.default.svc.cluster.local/: dial tcp 10.15.240.164:80: i/o timeout"}
{"level":"warn","ts":1575407118.665727,"logger":"fallback","caller":"http/transport.go:594","msg":"error returned from invokeReceiver","error":"Post http://imc-kne-trigger-kn-channel.default.svc.cluster.local/: dial tcp 10.15.240.164:80: i/o timeout"}
{"level":"warn","ts":1575407118.6660614,"logger":"fallback","caller":"http/transport.go:502","msg":"got an error from receiver fn","error":"Post http://imc-kne-trigger-kn-channel.default.svc.cluster.local/: dial tcp 10.15.240.164:80: i/o timeout"}
{"level":"warn","ts":1575407118.6662362,"logger":"fallback","caller":"http/transport.go:594","msg":"error returned from invokeReceiver","error":"Post http://imc-kne-trigger-kn-channel.default.svc.cluster.local/: dial tcp 10.15.240.164:80: i/o timeout"}
{"level":"warn","ts":1575407118.6664875,"logger":"fallback","caller":"http/transport.go:502","msg":"got an error from receiver fn","error":"Post http://imc-kne-trigger-kn-channel.default.svc.cluster.local/: dial tcp 10.15.240.164:80: i/o timeout"}
{"level":"warn","ts":1575407118.666522,"logger":"fallback","caller":"http/transport.go:594","msg":"error returned from invokeReceiver","error":"Post http://imc-kne-trigger-kn-channel.default.svc.cluster.local/: dial tcp 10.15.240.164:80: i/o timeout"}
{"level":"warn","ts":1575407118.6667027,"logger":"fallback","caller":"http/transport.go:502","msg":"got an error from receiver fn","error":"Post http://imc-kne-trigger-kn-channel.default.svc.cluster.local/: dial tcp 10.15.240.164:80: i/o timeout"}
{"level":"warn","ts":1575407118.6668065,"logger":"fallback","caller":"http/transport.go:594","msg":"error returned from invokeReceiver","error":"Post http://imc-kne-trigger-kn-channel.default.svc.cluster.local/: dial tcp 10.15.240.164:80: i/o timeout"}
{"level":"warn","ts":1575407118.6671271,"logger":"fallback","caller":"http/transport.go:502","msg":"got an error from receiver fn","error":"Post http://imc-kne-trigger-kn-channel.default.svc.cluster.local/: dial tcp 10.15.240.164:80: i/o timeout"}
{"level":"warn","ts":1575407118.6680038,"logger":"fallback","caller":"http/transport.go:594","msg":"error returned from invokeReceiver","error":"Post http://imc-kne-trigger-kn-channel.default.svc.cluster.local/: dial tcp 10.15.240.164:80: i/o timeout"}
{"level":"warn","ts":1575407118.6683528,"logger":"fallback","caller":"http/transport.go:502","msg":"got an error from receiver fn","error":"Post http://imc-kne-trigger-kn-channel.default.svc.cluster.local/: dial tcp 10.15.240.164:80: i/o timeout"}
{"level":"warn","ts":1575407118.668466,"logger":"fallback","caller":"http/transport.go:594","msg":"error returned from invokeReceiver","error":"Post http://imc-kne-trigger-kn-channel.default.svc.cluster.local/: dial tcp 10.15.240.164:80: i/o timeout"}
{"level":"warn","ts":1575407118.6687794,"logger":"fallback","caller":"http/transport.go:502","msg":"got an error from receiver fn","error":"Post http://imc-kne-trigger-kn-channel.default.svc.cluster.local/: dial tcp 10.15.240.164:80: i/o timeout"}
{"level":"warn","ts":1575407118.6702282,"logger":"fallback","caller":"http/transport.go:594","msg":"error returned from invokeReceiver","error":"Post http://imc-kne-trigger-kn-channel.default.svc.cluster.local/: dial tcp 10.15.240.164:80: i/o timeout"}
{"level":"warn","ts":1575407118.6705792,"logger":"fallback","caller":"http/transport.go:594","msg":"error returned from invokeReceiver","error":"Post http://imc-kne-trigger-kn-channel.default.svc.cluster.local/: dial tcp 10.15.240.164:80: i/o timeout"}
{"level":"warn","ts":1575407118.670893,"logger":"fallback","caller":"http/transport.go:594","msg":"error returned from invokeReceiver","error":"Post http://imc-kne-trigger-kn-channel.default.svc.cluster.local/: dial tcp 10.15.240.164:80: i/o timeout"}
{"level":"warn","ts":1575407118.671218,"logger":"fallback","caller":"http/transport.go:594","msg":"error returned from invokeReceiver","error":"Post http://imc-kne-trigger-kn-channel.default.svc.cluster.local/: dial tcp 10.15.240.164:80: i/o timeout"}
{"level":"warn","ts":1575407118.6715248,"logger":"fallback","caller":"http/transport.go:594","msg":"error returned from invokeReceiver","error":"Post http://imc-kne-trigger-kn-channel.default.svc.cluster.local/: dial tcp 10.15.240.164:80: i/o timeout"}
{"level":"warn","ts":1575407118.6718183,"logger":"fallback","caller":"http/transport.go:594","msg":"error returned from invokeReceiver","error":"Post http://imc-kne-trigger-kn-channel.default.svc.cluster.local/: dial tcp 10.15.240.164:80: i/o timeout"}
{"level":"warn","ts":1575407118.675355,"logger":"fallback","caller":"http/transport.go:594","msg":"error returned from invokeReceiver","error":"Post http://imc-kne-trigger-kn-channel.default.svc.cluster.local/: dial tcp 10.15.240.164:80: i/o timeout"}
{"level":"warn","ts":1575407118.6721447,"logger":"fallback","caller":"http/transport.go:594","msg":"error returned from invokeReceiver","error":"Post http://imc-kne-trigger-kn-channel.default.svc.cluster.local/: dial tcp 10.15.240.164:80: i/o timeout"}
{"level":"warn","ts":1575407118.676062,"logger":"fallback","caller":"http/transport.go:594","msg":"error returned from invokeReceiver","error":"Post http://imc-kne-trigger-kn-channel.default.svc.cluster.local/: dial tcp 10.15.240.164:80: i/o timeout"}
{"level":"warn","ts":1575407118.6763914,"logger":"fallback","caller":"http/transport.go:594","msg":"error returned from invokeReceiver","error":"Post http://imc-kne-trigger-kn-channel.default.svc.cluster.local/: dial tcp 10.15.240.164:80: i/o timeout"}
{"level":"warn","ts":1575407118.6765802,"logger":"fallback","caller":"http/transport.go:594","msg":"error returned from invokeReceiver","error":"Post http://imc-kne-trigger-kn-channel.default.svc.cluster.local/: dial tcp 10.15.240.164:80: i/o timeout"}
{"level":"warn","ts":1575407118.6769412,"logger":"fallback","caller":"http/transport.go:594","msg":"error returned from invokeReceiver","error":"Post http://imc-kne-trigger-kn-channel.default.svc.cluster.local/: dial tcp 10.15.240.164:80: i/o timeout"}
{"level":"warn","ts":1575407118.6688898,"logger":"fallback","caller":"http/transport.go:502","msg":"got an error from receiver fn","error":"Post http://imc-kne-trigger-kn-channel.default.svc.cluster.local/: dial tcp 10.15.240.164:80: i/o timeout"}
{"level":"warn","ts":1575407118.6657126,"logger":"fallback","caller":"http/transport.go:502","msg":"got an error from receiver fn","error":"Post http://imc-kne-trigger-kn-channel.default.svc.cluster.local/: dial tcp 10.15.240.164:80: i/o timeout"}
{"level":"warn","ts":1575407118.665585,"logger":"fallback","caller":"http/transport.go:502","msg":"got an error from receiver fn","error":"Post http://imc-kne-trigger-kn-channel.default.svc.cluster.local/: dial tcp 10.15.240.164:80: i/o timeout"}
{"level":"warn","ts":1575407118.6223059,"logger":"fallback","caller":"http/transport.go:502","msg":"got an error from receiver fn","error":"Post http://imc-kne-trigger-kn-channel.default.svc.cluster.local/: dial tcp 10.15.240.164:80: i/o timeout"}
{"level":"warn","ts":1575407118.6771972,"logger":"fallback","caller":"http/transport.go:594","msg":"error returned from invokeReceiver","error":"Post http://imc-kne-trigger-kn-channel.default.svc.cluster.local/: dial tcp 10.15.240.164:80: i/o timeout"}
{"level":"warn","ts":1575407118.6151984,"logger":"fallback","caller":"http/transport.go:502","msg":"got an error from receiver fn","error":"Post http://imc-kne-trigger-kn-channel.default.svc.cluster.local/: dial tcp 10.15.240.164:80: i/o timeout"}
{"level":"warn","ts":1575407118.6154864,"logger":"fallback","caller":"http/transport.go:502","msg":"got an error from receiver fn","error":"Post http://imc-kne-trigger-kn-channel.default.svc.cluster.local/: dial tcp 10.15.240.164:80: i/o timeout"}
{"level":"warn","ts":1575407118.6155787,"logger":"fallback","caller":"http/transport.go:502","msg":"got an error from receiver fn","error":"Post http://imc-kne-trigger-kn-channel.default.svc.cluster.local/: dial tcp 10.15.240.164:80: i/o timeout"}
{"level":"warn","ts":1575407118.6156597,"logger":"fallback","caller":"http/transport.go:502","msg":"got an error from receiver fn","error":"Post http://imc-kne-trigger-kn-channel.default.svc.cluster.local/: dial tcp 10.15.240.164:80: i/o timeout"}
{"level":"warn","ts":1575407118.6157384,"logger":"fallback","caller":"http/transport.go:502","msg":"got an error from receiver fn","error":"Post http://imc-kne-trigger-kn-channel.default.svc.cluster.local/: dial tcp 10.15.240.164:80: i/o timeout"}
{"level":"warn","ts":1575407118.6158185,"logger":"fallback","caller":"http/transport.go:502","msg":"got an error from receiver fn","error":"Post http://imc-kne-trigger-kn-channel.default.svc.cluster.local/: dial tcp 10.15.240.164:80: i/o timeout"}
{"level":"warn","ts":1575407118.615885,"logger":"fallback","caller":"http/transport.go:502","msg":"got an error from receiver fn","error":"Post http://imc-kne-trigger-kn-channel.default.svc.cluster.local/: dial tcp 10.15.240.164:80: i/o timeout"}
{"level":"warn","ts":1575407118.6229045,"logger":"fallback","caller":"http/transport.go:502","msg":"got an error from receiver fn","error":"Post http://imc-kne-trigger-kn-channel.default.svc.cluster.local/: dial tcp 10.15.240.164:80: i/o timeout"}
{"level":"warn","ts":1575407118.622979,"logger":"fallback","caller":"http/transport.go:502","msg":"got an error from receiver fn","error":"Post http://imc-kne-trigger-kn-channel.default.svc.cluster.local/: dial tcp 10.15.240.164:80: i/o timeout"}
{"level":"warn","ts":1575407118.6230514,"logger":"fallback","caller":"http/transport.go:502","msg":"got an error from receiver fn","error":"Post http://imc-kne-trigger-kn-channel.default.svc.cluster.local/: dial tcp 10.15.240.164:80: i/o timeout"}
{"level":"warn","ts":1575407118.6231213,"logger":"fallback","caller":"http/transport.go:502","msg":"got an error from receiver fn","error":"Post http://imc-kne-trigger-kn-channel.default.svc.cluster.local/: dial tcp 10.15.240.164:80: i/o timeout"}
{"level":"warn","ts":1575407118.6236334,"logger":"fallback","caller":"http/transport.go:502","msg":"got an error from receiver fn","error":"Post http://imc-kne-trigger-kn-channel.default.svc.cluster.local/: dial tcp 10.15.240.164:80: i/o timeout"}
{"level":"warn","ts":1575407118.6237202,"logger":"fallback","caller":"http/transport.go:502","msg":"got an error from receiver fn","error":"Post http://imc-kne-trigger-kn-channel.default.svc.cluster.local/: dial tcp 10.15.240.164:80: i/o timeout"}
{"level":"warn","ts":1575407118.6237931,"logger":"fallback","caller":"http/transport.go:502","msg":"got an error from receiver fn","error":"Post http://imc-kne-trigger-kn-channel.default.svc.cluster.local/: dial tcp 10.15.240.164:80: i/o timeout"}
{"level":"warn","ts":1575407118.6238713,"logger":"fallback","caller":"http/transport.go:502","msg":"got an error from receiver fn","error":"Post http://imc-kne-trigger-kn-channel.default.svc.cluster.local/: dial tcp 10.15.240.164:80: i/o timeout"}
{"level":"warn","ts":1575407118.6239426,"logger":"fallback","caller":"http/transport.go:502","msg":"got an error from receiver fn","error":"Post http://imc-kne-trigger-kn-channel.default.svc.cluster.local/: dial tcp 10.15.240.164:80: i/o timeout"}
{"level":"warn","ts":1575407118.6240199,"logger":"fallback","caller":"http/transport.go:502","msg":"got an error from receiver fn","error":"Post http://imc-kne-trigger-kn-channel.default.svc.cluster.local/: dial tcp 10.15.240.164:80: i/o timeout"}
{"level":"warn","ts":1575407118.6240904,"logger":"fallback","caller":"http/transport.go:502","msg":"got an error from receiver fn","error":"Post http://imc-kne-trigger-kn-channel.default.svc.cluster.local/: dial tcp 10.15.240.164:80: i/o timeout"}
{"level":"warn","ts":1575407118.6241915,"logger":"fallback","caller":"http/transport.go:502","msg":"got an error from receiver fn","error":"Post http://imc-kne-trigger-kn-channel.default.svc.cluster.local/: dial tcp 10.15.240.164:80: i/o timeout"}
{"level":"warn","ts":1575407118.624275,"logger":"fallback","caller":"http/transport.go:502","msg":"got an error from receiver fn","error":"Post http://imc-kne-trigger-kn-channel.default.svc.cluster.local/: dial tcp 10.15.240.164:80: i/o timeout"}
{"level":"warn","ts":1575407118.6243474,"logger":"fallback","caller":"http/transport.go:502","msg":"got an error from receiver fn","error":"Post http://imc-kne-trigger-kn-channel.default.svc.cluster.local/: dial tcp 10.15.240.164:80: i/o timeout"}
{"level":"warn","ts":1575407118.6244128,"logger":"fallback","caller":"http/transport.go:502","msg":"got an error from receiver fn","error":"Post http://imc-kne-trigger-kn-channel.default.svc.cluster.local/: dial tcp 10.15.240.164:80: i/o timeout"}
{"level":"warn","ts":1575407118.6244895,"logger":"fallback","caller":"http/transport.go:502","msg":"got an error from receiver fn","error":"Post http://imc-kne-trigger-kn-channel.default.svc.cluster.local/: dial tcp 10.15.240.164:80: i/o timeout"}
{"level":"warn","ts":1575407118.624562,"logger":"fallback","caller":"http/transport.go:502","msg":"got an error from receiver fn","error":"Post http://imc-kne-trigger-kn-channel.default.svc.cluster.local/: dial tcp 10.15.240.164:80: i/o timeout"}
{"level":"warn","ts":1575407118.6246233,"logger":"fallback","caller":"http/transport.go:502","msg":"got an error from receiver fn","error":"Post http://imc-kne-trigger-kn-channel.default.svc.cluster.local/: dial tcp 10.15.240.164:80: i/o timeout"}
{"level":"warn","ts":1575407118.6247091,"logger":"fallback","caller":"http/transport.go:502","msg":"got an error from receiver fn","error":"Post http://imc-kne-trigger-kn-channel.default.svc.cluster.local/: dial tcp 10.15.240.164:80: i/o timeout"}
{"level":"warn","ts":1575407118.6247845,"logger":"fallback","caller":"http/transport.go:502","msg":"got an error from receiver fn","error":"Post http://imc-kne-trigger-kn-channel.default.svc.cluster.local/: dial tcp 10.15.240.164:80: i/o timeout"}
{"level":"warn","ts":1575407118.6248546,"logger":"fallback","caller":"http/transport.go:502","msg":"got an error from receiver fn","error":"Post http://imc-kne-trigger-kn-channel.default.svc.cluster.local/: dial tcp 10.15.240.164:80: i/o timeout"}
{"level":"warn","ts":1575407118.6249323,"logger":"fallback","caller":"http/transport.go:502","msg":"got an error from receiver fn","error":"Post http://imc-kne-trigger-kn-channel.default.svc.cluster.local/: dial tcp 10.15.240.164:80: i/o timeout"}
{"level":"warn","ts":1575407118.6249964,"logger":"fallback","caller":"http/transport.go:502","msg":"got an error from receiver fn","error":"Post http://imc-kne-trigger-kn-channel.default.svc.cluster.local/: dial tcp 10.15.240.164:80: i/o timeout"}
{"level":"warn","ts":1575407118.625076,"logger":"fallback","caller":"http/transport.go:502","msg":"got an error from receiver fn","error":"Post http://imc-kne-trigger-kn-channel.default.svc.cluster.local/: dial tcp 10.15.240.164:80: i/o timeout"}
{"level":"warn","ts":1575407118.6251514,"logger":"fallback","caller":"http/transport.go:502","msg":"got an error from receiver fn","error":"Post http://imc-kne-trigger-kn-channel.default.svc.cluster.local/: dial tcp 10.15.240.164:80: i/o timeout"}
{"level":"warn","ts":1575407118.6252484,"logger":"fallback","caller":"http/transport.go:502","msg":"got an error from receiver fn","error":"Post http://imc-kne-trigger-kn-channel.default.svc.cluster.local/: dial tcp 10.15.240.164:80: i/o timeout"}
{"level":"warn","ts":1575407118.62531,"logger":"fallback","caller":"http/transport.go:502","msg":"got an error from receiver fn","error":"Post http://imc-kne-trigger-kn-channel.default.svc.cluster.local/: dial tcp 10.15.240.164:80: i/o timeout"}
{"level":"warn","ts":1575407118.6253808,"logger":"fallback","caller":"http/transport.go:502","msg":"got an error from receiver fn","error":"Post http://imc-kne-trigger-kn-channel.default.svc.cluster.local/: dial tcp 10.15.240.164:80: i/o timeout"}
{"level":"warn","ts":1575407118.625451,"logger":"fallback","caller":"http/transport.go:502","msg":"got an error from receiver fn","error":"Post http://imc-kne-trigger-kn-channel.default.svc.cluster.local/: dial tcp 10.15.240.164:80: i/o timeout"}
{"level":"warn","ts":1575407118.6255207,"logger":"fallback","caller":"http/transport.go:502","msg":"got an error from receiver fn","error":"Post http://imc-kne-trigger-kn-channel.default.svc.cluster.local/: dial tcp 10.15.240.164:80: i/o timeout"}
{"level":"warn","ts":1575407118.625587,"logger":"fallback","caller":"http/transport.go:502","msg":"got an error from receiver fn","error":"Post http://imc-kne-trigger-kn-channel.default.svc.cluster.local/: dial tcp 10.15.240.164:80: i/o timeout"}
{"level":"warn","ts":1575407118.6256557,"logger":"fallback","caller":"http/transport.go:502","msg":"got an error from receiver fn","error":"Post http://imc-kne-trigger-kn-channel.default.svc.cluster.local/: dial tcp 10.15.240.164:80: i/o timeout"}
{"level":"warn","ts":1575407118.6257217,"logger":"fallback","caller":"http/transport.go:502","msg":"got an error from receiver fn","error":"Post http://imc-kne-trigger-kn-channel.default.svc.cluster.local/: dial tcp 10.15.240.164:80: i/o timeout"}
{"level":"warn","ts":1575407118.6257937,"logger":"fallback","caller":"http/transport.go:502","msg":"got an error from receiver fn","error":"Post http://imc-kne-trigger-kn-channel.default.svc.cluster.local/: dial tcp 10.15.240.164:80: i/o timeout"}
{"level":"warn","ts":1575407118.6258652,"logger":"fallback","caller":"http/transport.go:502","msg":"got an error from receiver fn","error":"Post http://imc-kne-trigger-kn-channel.default.svc.cluster.local/: dial tcp 10.15.240.164:80: i/o timeout"}
{"level":"warn","ts":1575407118.6259346,"logger":"fallback","caller":"http/transport.go:502","msg":"got an error from receiver fn","error":"Post http://imc-kne-trigger-kn-channel.default.svc.cluster.local/: dial tcp 10.15.240.164:80: i/o timeout"}
{"level":"warn","ts":1575407118.6689932,"logger":"fallback","caller":"http/transport.go:502","msg":"got an error from receiver fn","error":"Post http://imc-kne-trigger-kn-channel.default.svc.cluster.local/: dial tcp 10.15.240.164:80: i/o timeout"}
{"level":"warn","ts":1575407118.6690676,"logger":"fallback","caller":"http/transport.go:502","msg":"got an error from receiver fn","error":"Post http://imc-kne-trigger-kn-channel.default.svc.cluster.local/: dial tcp 10.15.240.164:80: i/o timeout"}
{"level":"warn","ts":1575407118.6691322,"logger":"fallback","caller":"http/transport.go:502","msg":"got an error from receiver fn","error":"Post http://imc-kne-trigger-kn-channel.default.svc.cluster.local/: dial tcp 10.15.240.164:80: i/o timeout"}
{"level":"warn","ts":1575407118.6692164,"logger":"fallback","caller":"http/transport.go:502","msg":"got an error from receiver fn","error":"Post http://imc-kne-trigger-kn-channel.default.svc.cluster.local/: dial tcp 10.15.240.164:80: i/o timeout"}
{"level":"warn","ts":1575407118.6692817,"logger":"fallback","caller":"http/transport.go:502","msg":"got an error from receiver fn","error":"Post http://imc-kne-trigger-kn-channel.default.svc.cluster.local/: dial tcp 10.15.240.164:80: i/o timeout"}
{"level":"warn","ts":1575407118.6693506,"logger":"fallback","caller":"http/transport.go:502","msg":"got an error from receiver fn","error":"Post http://imc-kne-trigger-kn-channel.default.svc.cluster.local/: dial tcp 10.15.240.164:80: i/o timeout"}
{"level":"warn","ts":1575407118.6694136,"logger":"fallback","caller":"http/transport.go:502","msg":"got an error from receiver fn","error":"Post http://imc-kne-trigger-kn-channel.default.svc.cluster.local/: dial tcp 10.15.240.164:80: i/o timeout"}
{"level":"warn","ts":1575407118.6694763,"logger":"fallback","caller":"http/transport.go:502","msg":"got an error from receiver fn","error":"Post http://imc-kne-trigger-kn-channel.default.svc.cluster.local/: dial tcp 10.15.240.164:80: i/o timeout"}
{"level":"warn","ts":1575407118.6695404,"logger":"fallback","caller":"http/transport.go:502","msg":"got an error from receiver fn","error":"Post http://imc-kne-trigger-kn-channel.default.svc.cluster.local/: dial tcp 10.15.240.164:80: i/o timeout"}
{"level":"warn","ts":1575407118.6696074,"logger":"fallback","caller":"http/transport.go:594","msg":"error returned from invokeReceiver","error":"Post http://imc-kne-trigger-kn-channel.default.svc.cluster.local/: dial tcp 10.15.240.164:80: i/o timeout"}
{"level":"warn","ts":1575407118.669685,"logger":"fallback","caller":"http/transport.go:594","msg":"error returned from invokeReceiver","error":"Post http://imc-kne-trigger-kn-channel.default.svc.cluster.local/: dial tcp 10.15.240.164:80: i/o timeout"}
{"level":"warn","ts":1575407118.6699276,"logger":"fallback","caller":"http/transport.go:594","msg":"error returned from invokeReceiver","error":"Post http://imc-kne-trigger-kn-channel.default.svc.cluster.local/: dial tcp 10.15.240.164:80: i/o timeout"}
{"level":"warn","ts":1575407118.677278,"logger":"fallback","caller":"http/transport.go:594","msg":"error returned from invokeReceiver","error":"Post http://imc-kne-trigger-kn-channel.default.svc.cluster.local/: dial tcp 10.15.240.164:80: i/o timeout"}
{"level":"warn","ts":1575407118.6772714,"logger":"fallback","caller":"http/transport.go:594","msg":"error returned from invokeReceiver","error":"Post http://imc-kne-trigger-kn-channel.default.svc.cluster.local/: dial tcp 10.15.240.164:80: i/o timeout"}
{"level":"warn","ts":1575407118.6773531,"logger":"fallback","caller":"http/transport.go:594","msg":"error returned from invokeReceiver","error":"Post http://imc-kne-trigger-kn-channel.default.svc.cluster.local/: dial tcp 10.15.240.164:80: i/o timeout"}
{"level":"warn","ts":1575407118.677417,"logger":"fallback","caller":"http/transport.go:594","msg":"error returned from invokeReceiver","error":"Post http://imc-kne-trigger-kn-channel.default.svc.cluster.local/: dial tcp 10.15.240.164:80: i/o timeout"}
{"level":"warn","ts":1575407118.6774256,"logger":"fallback","caller":"http/transport.go:594","msg":"error returned from invokeReceiver","error":"Post http://imc-kne-trigger-kn-channel.default.svc.cluster.local/: dial tcp 10.15.240.164:80: i/o timeout"}
{"level":"warn","ts":1575407118.6774971,"logger":"fallback","caller":"http/transport.go:594","msg":"error returned from invokeReceiver","error":"Post http://imc-kne-trigger-kn-channel.default.svc.cluster.local/: dial tcp 10.15.240.164:80: i/o timeout"}
{"level":"warn","ts":1575407118.6775696,"logger":"fallback","caller":"http/transport.go:594","msg":"error returned from invokeReceiver","error":"Post http://imc-kne-trigger-kn-channel.default.svc.cluster.local/: dial tcp 10.15.240.164:80: i/o timeout"}
{"level":"warn","ts":1575407118.6776419,"logger":"fallback","caller":"http/transport.go:594","msg":"error returned from invokeReceiver","error":"Post http://imc-kne-trigger-kn-channel.default.svc.cluster.local/: dial tcp 10.15.240.164:80: i/o timeout"}
{"level":"warn","ts":1575407118.6777108,"logger":"fallback","caller":"http/transport.go:594","msg":"error returned from invokeReceiver","error":"Post http://imc-kne-trigger-kn-channel.default.svc.cluster.local/: dial tcp 10.15.240.164:80: i/o timeout"}
{"level":"warn","ts":1575407118.6777787,"logger":"fallback","caller":"http/transport.go:594","msg":"error returned from invokeReceiver","error":"Post http://imc-kne-trigger-kn-channel.default.svc.cluster.local/: dial tcp 10.15.240.164:80: i/o timeout"}
{"level":"warn","ts":1575407118.6778448,"logger":"fallback","caller":"http/transport.go:594","msg":"error returned from invokeReceiver","error":"Post http://imc-kne-trigger-kn-channel.default.svc.cluster.local/: dial tcp 10.15.240.164:80: i/o timeout"}
{"level":"warn","ts":1575407118.6779144,"logger":"fallback","caller":"http/transport.go:594","msg":"error returned from invokeReceiver","error":"Post http://imc-kne-trigger-kn-channel.default.svc.cluster.local/: dial tcp 10.15.240.164:80: i/o timeout"}
{"level":"warn","ts":1575407118.6779838,"logger":"fallback","caller":"http/transport.go:594","msg":"error returned from invokeReceiver","error":"Post http://imc-kne-trigger-kn-channel.default.svc.cluster.local/: dial tcp 10.15.240.164:80: i/o timeout"}
{"level":"warn","ts":1575407118.678063,"logger":"fallback","caller":"http/transport.go:594","msg":"error returned from invokeReceiver","error":"Post http://imc-kne-trigger-kn-channel.default.svc.cluster.local/: dial tcp 10.15.240.164:80: i/o timeout"}
{"level":"warn","ts":1575407118.6781313,"logger":"fallback","caller":"http/transport.go:594","msg":"error returned from invokeReceiver","error":"Post http://imc-kne-trigger-kn-channel.default.svc.cluster.local/: dial tcp 10.15.240.164:80: i/o timeout"}
{"level":"warn","ts":1575407118.6782265,"logger":"fallback","caller":"http/transport.go:594","msg":"error returned from invokeReceiver","error":"Post http://imc-kne-trigger-kn-channel.default.svc.cluster.local/: dial tcp 10.15.240.164:80: i/o timeout"}
{"level":"warn","ts":1575407118.6783006,"logger":"fallback","caller":"http/transport.go:594","msg":"error returned from invokeReceiver","error":"Post http://imc-kne-trigger-kn-channel.default.svc.cluster.local/: dial tcp 10.15.240.164:80: i/o timeout"}
{"level":"warn","ts":1575407118.6783729,"logger":"fallback","caller":"http/transport.go:594","msg":"error returned from invokeReceiver","error":"Post http://imc-kne-trigger-kn-channel.default.svc.cluster.local/: dial tcp 10.15.240.164:80: i/o timeout"}
{"level":"warn","ts":1575407118.678448,"logger":"fallback","caller":"http/transport.go:594","msg":"error returned from invokeReceiver","error":"Post http://imc-kne-trigger-kn-channel.default.svc.cluster.local/: dial tcp 10.15.240.164:80: i/o timeout"}
{"level":"warn","ts":1575407118.6785192,"logger":"fallback","caller":"http/transport.go:594","msg":"error returned from invokeReceiver","error":"Post http://imc-kne-trigger-kn-channel.default.svc.cluster.local/: dial tcp 10.15.240.164:80: i/o timeout"}
{"level":"warn","ts":1575407118.67859,"logger":"fallback","caller":"http/transport.go:594","msg":"error returned from invokeReceiver","error":"Post http://imc-kne-trigger-kn-channel.default.svc.cluster.local/: dial tcp 10.15.240.164:80: i/o timeout"}
{"level":"warn","ts":1575407118.678659,"logger":"fallback","caller":"http/transport.go:594","msg":"error returned from invokeReceiver","error":"Post http://imc-kne-trigger-kn-channel.default.svc.cluster.local/: dial tcp 10.15.240.164:80: i/o timeout"}
{"level":"warn","ts":1575407118.6787384,"logger":"fallback","caller":"http/transport.go:594","msg":"error returned from invokeReceiver","error":"Post http://imc-kne-trigger-kn-channel.default.svc.cluster.local/: dial tcp 10.15.240.164:80: i/o timeout"}
{"level":"warn","ts":1575407118.6788127,"logger":"fallback","caller":"http/transport.go:594","msg":"error returned from invokeReceiver","error":"Post http://imc-kne-trigger-kn-channel.default.svc.cluster.local/: dial tcp 10.15.240.164:80: i/o timeout"}
{"level":"warn","ts":1575407118.678886,"logger":"fallback","caller":"http/transport.go:594","msg":"error returned from invokeReceiver","error":"Post http://imc-kne-trigger-kn-channel.default.svc.cluster.local/: dial tcp 10.15.240.164:80: i/o timeout"}
{"level":"warn","ts":1575407118.6789625,"logger":"fallback","caller":"http/transport.go:594","msg":"error returned from invokeReceiver","error":"Post http://imc-kne-trigger-kn-channel.default.svc.cluster.local/: dial tcp 10.15.240.164:80: i/o timeout"}
{"level":"warn","ts":1575407118.6144896,"logger":"fallback","caller":"http/transport.go:502","msg":"got an error from receiver fn","error":"Post http://imc-kne-trigger-kn-channel.default.svc.cluster.local/: dial tcp 10.15.240.164:80: i/o timeout"}
{"level":"warn","ts":1575407118.6799383,"logger":"fallback","caller":"http/transport.go:594","msg":"error returned from invokeReceiver","error":"Post http://imc-kne-trigger-kn-channel.default.svc.cluster.local/: dial tcp 10.15.240.164:80: i/o timeout"}
{"level":"warn","ts":1575407118.6801054,"logger":"fallback","caller":"http/transport.go:594","msg":"error returned from invokeReceiver","error":"Post http://imc-kne-trigger-kn-channel.default.svc.cluster.local/: dial tcp 10.15.240.164:80: i/o timeout"}
{"level":"warn","ts":1575407118.6802578,"logger":"fallback","caller":"http/transport.go:594","msg":"error returned from invokeReceiver","error":"Post http://imc-kne-trigger-kn-channel.default.svc.cluster.local/: dial tcp 10.15.240.164:80: i/o timeout"}
{"level":"warn","ts":1575407118.6803484,"logger":"fallback","caller":"http/transport.go:594","msg":"error returned from invokeReceiver","error":"Post http://imc-kne-trigger-kn-channel.default.svc.cluster.local/: dial tcp 10.15.240.164:80: i/o timeout"}
{"level":"warn","ts":1575407118.6804278,"logger":"fallback","caller":"http/transport.go:594","msg":"error returned from invokeReceiver","error":"Post http://imc-kne-trigger-kn-channel.default.svc.cluster.local/: dial tcp 10.15.240.164:80: i/o timeout"}
{"level":"warn","ts":1575407118.6805115,"logger":"fallback","caller":"http/transport.go:594","msg":"error returned from invokeReceiver","error":"Post http://imc-kne-trigger-kn-channel.default.svc.cluster.local/: dial tcp 10.15.240.164:80: i/o timeout"}
{"level":"warn","ts":1575407118.680592,"logger":"fallback","caller":"http/transport.go:594","msg":"error returned from invokeReceiver","error":"Post http://imc-kne-trigger-kn-channel.default.svc.cluster.local/: dial tcp 10.15.240.164:80: i/o timeout"}
{"level":"warn","ts":1575407118.6806746,"logger":"fallback","caller":"http/transport.go:594","msg":"error returned from invokeReceiver","error":"Post http://imc-kne-trigger-kn-channel.default.svc.cluster.local/: dial tcp 10.15.240.164:80: i/o timeout"}
{"level":"warn","ts":1575407118.6807542,"logger":"fallback","caller":"http/transport.go:594","msg":"error returned from invokeReceiver","error":"Post http://imc-kne-trigger-kn-channel.default.svc.cluster.local/: dial tcp 10.15.240.164:80: i/o timeout"}
{"level":"warn","ts":1575407118.6808376,"logger":"fallback","caller":"http/transport.go:594","msg":"error returned from invokeReceiver","error":"Post http://imc-kne-trigger-kn-channel.default.svc.cluster.local/: dial tcp 10.15.240.164:80: i/o timeout"}
{"level":"warn","ts":1575407118.6809196,"logger":"fallback","caller":"http/transport.go:594","msg":"error returned from invokeReceiver","error":"Post http://imc-kne-trigger-kn-channel.default.svc.cluster.local/: dial tcp 10.15.240.164:80: i/o timeout"}
{"level":"warn","ts":1575407118.6810036,"logger":"fallback","caller":"http/transport.go:594","msg":"error returned from invokeReceiver","error":"Post http://imc-kne-trigger-kn-channel.default.svc.cluster.local/: dial tcp 10.15.240.164:80: i/o timeout"}
{"level":"warn","ts":1575407118.6810956,"logger":"fallback","caller":"http/transport.go:594","msg":"error returned from invokeReceiver","error":"Post http://imc-kne-trigger-kn-channel.default.svc.cluster.local/: dial tcp 10.15.240.164:80: i/o timeout"}
{"level":"warn","ts":1575407118.6812062,"logger":"fallback","caller":"http/transport.go:594","msg":"error returned from invokeReceiver","error":"Post http://imc-kne-trigger-kn-channel.default.svc.cluster.local/: dial tcp 10.15.240.164:80: i/o timeout"}
{"level":"warn","ts":1575407118.6812959,"logger":"fallback","caller":"http/transport.go:594","msg":"error returned from invokeReceiver","error":"Post http://imc-kne-trigger-kn-channel.default.svc.cluster.local/: dial tcp 10.15.240.164:80: i/o timeout"}
{"level":"warn","ts":1575407118.6813765,"logger":"fallback","caller":"http/transport.go:594","msg":"error returned from invokeReceiver","error":"Post http://imc-kne-trigger-kn-channel.default.svc.cluster.local/: dial tcp 10.15.240.164:80: i/o timeout"}
{"level":"warn","ts":1575407118.6815026,"logger":"fallback","caller":"http/transport.go:594","msg":"error returned from invokeReceiver","error":"Post http://imc-kne-trigger-kn-channel.default.svc.cluster.local/: dial tcp 10.15.240.164:80: i/o timeout"}
{"level":"warn","ts":1575407118.4963412,"logger":"fallback","caller":"http/transport.go:502","msg":"got an error from receiver fn","error":"Post http://imc-kne-trigger-kn-channel.default.svc.cluster.local/: dial tcp 10.15.240.164:80: i/o timeout"}
{"level":"warn","ts":1575407119.0992548,"logger":"fallback","caller":"http/transport.go:502","msg":"got an error from receiver fn","error":"Post http://imc-kne-trigger-kn-channel.default.svc.cluster.local/: dial tcp 10.15.240.164:80: i/o timeout"}
{"level":"warn","ts":1575407119.0993085,"logger":"fallback","caller":"http/transport.go:594","msg":"error returned from invokeReceiver","error":"Post http://imc-kne-trigger-kn-channel.default.svc.cluster.local/: dial tcp 10.15.240.164:80: i/o timeout"}
